[2026-04-02T05:38:02.954+0530] {processor.py:161} INFO - Started process (PID=21118) to work on /Users/aswin/Documents/data-engineering-practice/ETL_Airflow_DBT/airflow/airflow_env/lib/python3.11/site-packages/airflow/example_dags/example_xcom.py
[2026-04-02T05:38:02.954+0530] {processor.py:830} INFO - Processing file /Users/aswin/Documents/data-engineering-practice/ETL_Airflow_DBT/airflow/airflow_env/lib/python3.11/site-packages/airflow/example_dags/example_xcom.py for tasks to queue
[2026-04-02T05:38:02.954+0530] {logging_mixin.py:188} INFO - [2026-04-02T05:38:02.954+0530] {dagbag.py:540} INFO - Filling up the DagBag from /Users/aswin/Documents/data-engineering-practice/ETL_Airflow_DBT/airflow/airflow_env/lib/python3.11/site-packages/airflow/example_dags/example_xcom.py
[2026-04-02T05:38:02.970+0530] {processor.py:840} INFO - DAG(s) 'example_xcom' retrieved from /Users/aswin/Documents/data-engineering-practice/ETL_Airflow_DBT/airflow/airflow_env/lib/python3.11/site-packages/airflow/example_dags/example_xcom.py
[2026-04-02T05:38:03.022+0530] {logging_mixin.py:188} INFO - [2026-04-02T05:38:03.021+0530] {dag.py:3096} INFO - Sync 1 DAGs
[2026-04-02T05:38:03.035+0530] {logging_mixin.py:188} INFO - [2026-04-02T05:38:03.035+0530] {dag.py:3954} INFO - Setting next_dagrun for example_xcom to 2021-01-01 00:00:00+00:00, run_after=2021-01-01 00:00:00+00:00
[2026-04-02T05:38:03.046+0530] {processor.py:183} INFO - Processing /Users/aswin/Documents/data-engineering-practice/ETL_Airflow_DBT/airflow/airflow_env/lib/python3.11/site-packages/airflow/example_dags/example_xcom.py took 0.093 seconds
[2026-04-02T05:38:34.284+0530] {processor.py:161} INFO - Started process (PID=21246) to work on /Users/aswin/Documents/data-engineering-practice/ETL_Airflow_DBT/airflow/airflow_env/lib/python3.11/site-packages/airflow/example_dags/example_xcom.py
[2026-04-02T05:38:34.285+0530] {processor.py:830} INFO - Processing file /Users/aswin/Documents/data-engineering-practice/ETL_Airflow_DBT/airflow/airflow_env/lib/python3.11/site-packages/airflow/example_dags/example_xcom.py for tasks to queue
[2026-04-02T05:38:34.285+0530] {logging_mixin.py:188} INFO - [2026-04-02T05:38:34.285+0530] {dagbag.py:540} INFO - Filling up the DagBag from /Users/aswin/Documents/data-engineering-practice/ETL_Airflow_DBT/airflow/airflow_env/lib/python3.11/site-packages/airflow/example_dags/example_xcom.py
[2026-04-02T05:38:34.303+0530] {processor.py:840} INFO - DAG(s) 'example_xcom' retrieved from /Users/aswin/Documents/data-engineering-practice/ETL_Airflow_DBT/airflow/airflow_env/lib/python3.11/site-packages/airflow/example_dags/example_xcom.py
[2026-04-02T05:38:34.355+0530] {logging_mixin.py:188} INFO - [2026-04-02T05:38:34.355+0530] {dag.py:3096} INFO - Sync 1 DAGs
[2026-04-02T05:38:34.365+0530] {logging_mixin.py:188} INFO - [2026-04-02T05:38:34.364+0530] {dag.py:3954} INFO - Setting next_dagrun for example_xcom to 2021-01-01 00:00:00+00:00, run_after=2021-01-01 00:00:00+00:00
[2026-04-02T05:38:34.373+0530] {processor.py:183} INFO - Processing /Users/aswin/Documents/data-engineering-practice/ETL_Airflow_DBT/airflow/airflow_env/lib/python3.11/site-packages/airflow/example_dags/example_xcom.py took 0.090 seconds
[2026-04-02T05:39:05.519+0530] {processor.py:161} INFO - Started process (PID=21380) to work on /Users/aswin/Documents/data-engineering-practice/ETL_Airflow_DBT/airflow/airflow_env/lib/python3.11/site-packages/airflow/example_dags/example_xcom.py
[2026-04-02T05:39:05.520+0530] {processor.py:830} INFO - Processing file /Users/aswin/Documents/data-engineering-practice/ETL_Airflow_DBT/airflow/airflow_env/lib/python3.11/site-packages/airflow/example_dags/example_xcom.py for tasks to queue
[2026-04-02T05:39:05.520+0530] {logging_mixin.py:188} INFO - [2026-04-02T05:39:05.520+0530] {dagbag.py:540} INFO - Filling up the DagBag from /Users/aswin/Documents/data-engineering-practice/ETL_Airflow_DBT/airflow/airflow_env/lib/python3.11/site-packages/airflow/example_dags/example_xcom.py
[2026-04-02T05:39:05.538+0530] {processor.py:840} INFO - DAG(s) 'example_xcom' retrieved from /Users/aswin/Documents/data-engineering-practice/ETL_Airflow_DBT/airflow/airflow_env/lib/python3.11/site-packages/airflow/example_dags/example_xcom.py
[2026-04-02T05:39:05.596+0530] {logging_mixin.py:188} INFO - [2026-04-02T05:39:05.596+0530] {dag.py:3096} INFO - Sync 1 DAGs
[2026-04-02T05:39:05.606+0530] {logging_mixin.py:188} INFO - [2026-04-02T05:39:05.605+0530] {dag.py:3954} INFO - Setting next_dagrun for example_xcom to 2021-01-01 00:00:00+00:00, run_after=2021-01-01 00:00:00+00:00
[2026-04-02T05:39:05.615+0530] {processor.py:183} INFO - Processing /Users/aswin/Documents/data-engineering-practice/ETL_Airflow_DBT/airflow/airflow_env/lib/python3.11/site-packages/airflow/example_dags/example_xcom.py took 0.098 seconds
[2026-04-02T05:39:36.693+0530] {processor.py:161} INFO - Started process (PID=21506) to work on /Users/aswin/Documents/data-engineering-practice/ETL_Airflow_DBT/airflow/airflow_env/lib/python3.11/site-packages/airflow/example_dags/example_xcom.py
[2026-04-02T05:39:36.694+0530] {processor.py:830} INFO - Processing file /Users/aswin/Documents/data-engineering-practice/ETL_Airflow_DBT/airflow/airflow_env/lib/python3.11/site-packages/airflow/example_dags/example_xcom.py for tasks to queue
[2026-04-02T05:39:36.695+0530] {logging_mixin.py:188} INFO - [2026-04-02T05:39:36.695+0530] {dagbag.py:540} INFO - Filling up the DagBag from /Users/aswin/Documents/data-engineering-practice/ETL_Airflow_DBT/airflow/airflow_env/lib/python3.11/site-packages/airflow/example_dags/example_xcom.py
[2026-04-02T05:39:36.711+0530] {processor.py:840} INFO - DAG(s) 'example_xcom' retrieved from /Users/aswin/Documents/data-engineering-practice/ETL_Airflow_DBT/airflow/airflow_env/lib/python3.11/site-packages/airflow/example_dags/example_xcom.py
[2026-04-02T05:39:36.762+0530] {logging_mixin.py:188} INFO - [2026-04-02T05:39:36.762+0530] {dag.py:3096} INFO - Sync 1 DAGs
[2026-04-02T05:39:36.772+0530] {logging_mixin.py:188} INFO - [2026-04-02T05:39:36.772+0530] {dag.py:3954} INFO - Setting next_dagrun for example_xcom to 2021-01-01 00:00:00+00:00, run_after=2021-01-01 00:00:00+00:00
[2026-04-02T05:39:36.780+0530] {processor.py:183} INFO - Processing /Users/aswin/Documents/data-engineering-practice/ETL_Airflow_DBT/airflow/airflow_env/lib/python3.11/site-packages/airflow/example_dags/example_xcom.py took 0.087 seconds
[2026-04-02T05:40:07.981+0530] {processor.py:161} INFO - Started process (PID=21631) to work on /Users/aswin/Documents/data-engineering-practice/ETL_Airflow_DBT/airflow/airflow_env/lib/python3.11/site-packages/airflow/example_dags/example_xcom.py
[2026-04-02T05:40:07.982+0530] {processor.py:830} INFO - Processing file /Users/aswin/Documents/data-engineering-practice/ETL_Airflow_DBT/airflow/airflow_env/lib/python3.11/site-packages/airflow/example_dags/example_xcom.py for tasks to queue
[2026-04-02T05:40:07.983+0530] {logging_mixin.py:188} INFO - [2026-04-02T05:40:07.983+0530] {dagbag.py:540} INFO - Filling up the DagBag from /Users/aswin/Documents/data-engineering-practice/ETL_Airflow_DBT/airflow/airflow_env/lib/python3.11/site-packages/airflow/example_dags/example_xcom.py
[2026-04-02T05:40:07.998+0530] {processor.py:840} INFO - DAG(s) 'example_xcom' retrieved from /Users/aswin/Documents/data-engineering-practice/ETL_Airflow_DBT/airflow/airflow_env/lib/python3.11/site-packages/airflow/example_dags/example_xcom.py
[2026-04-02T05:40:08.051+0530] {logging_mixin.py:188} INFO - [2026-04-02T05:40:08.051+0530] {dag.py:3096} INFO - Sync 1 DAGs
[2026-04-02T05:40:08.061+0530] {logging_mixin.py:188} INFO - [2026-04-02T05:40:08.061+0530] {dag.py:3954} INFO - Setting next_dagrun for example_xcom to 2021-01-01 00:00:00+00:00, run_after=2021-01-01 00:00:00+00:00
[2026-04-02T05:40:08.070+0530] {processor.py:183} INFO - Processing /Users/aswin/Documents/data-engineering-practice/ETL_Airflow_DBT/airflow/airflow_env/lib/python3.11/site-packages/airflow/example_dags/example_xcom.py took 0.089 seconds
[2026-04-02T05:40:38.941+0530] {processor.py:161} INFO - Started process (PID=21760) to work on /Users/aswin/Documents/data-engineering-practice/ETL_Airflow_DBT/airflow/airflow_env/lib/python3.11/site-packages/airflow/example_dags/example_xcom.py
[2026-04-02T05:40:38.942+0530] {processor.py:830} INFO - Processing file /Users/aswin/Documents/data-engineering-practice/ETL_Airflow_DBT/airflow/airflow_env/lib/python3.11/site-packages/airflow/example_dags/example_xcom.py for tasks to queue
[2026-04-02T05:40:38.942+0530] {logging_mixin.py:188} INFO - [2026-04-02T05:40:38.942+0530] {dagbag.py:540} INFO - Filling up the DagBag from /Users/aswin/Documents/data-engineering-practice/ETL_Airflow_DBT/airflow/airflow_env/lib/python3.11/site-packages/airflow/example_dags/example_xcom.py
[2026-04-02T05:40:38.958+0530] {processor.py:840} INFO - DAG(s) 'example_xcom' retrieved from /Users/aswin/Documents/data-engineering-practice/ETL_Airflow_DBT/airflow/airflow_env/lib/python3.11/site-packages/airflow/example_dags/example_xcom.py
[2026-04-02T05:40:39.009+0530] {logging_mixin.py:188} INFO - [2026-04-02T05:40:39.009+0530] {dag.py:3096} INFO - Sync 1 DAGs
[2026-04-02T05:40:39.019+0530] {logging_mixin.py:188} INFO - [2026-04-02T05:40:39.019+0530] {dag.py:3954} INFO - Setting next_dagrun for example_xcom to 2021-01-01 00:00:00+00:00, run_after=2021-01-01 00:00:00+00:00
[2026-04-02T05:40:39.028+0530] {processor.py:183} INFO - Processing /Users/aswin/Documents/data-engineering-practice/ETL_Airflow_DBT/airflow/airflow_env/lib/python3.11/site-packages/airflow/example_dags/example_xcom.py took 0.088 seconds
[2026-04-02T05:41:10.093+0530] {processor.py:161} INFO - Started process (PID=21893) to work on /Users/aswin/Documents/data-engineering-practice/ETL_Airflow_DBT/airflow/airflow_env/lib/python3.11/site-packages/airflow/example_dags/example_xcom.py
[2026-04-02T05:41:10.094+0530] {processor.py:830} INFO - Processing file /Users/aswin/Documents/data-engineering-practice/ETL_Airflow_DBT/airflow/airflow_env/lib/python3.11/site-packages/airflow/example_dags/example_xcom.py for tasks to queue
[2026-04-02T05:41:10.094+0530] {logging_mixin.py:188} INFO - [2026-04-02T05:41:10.094+0530] {dagbag.py:540} INFO - Filling up the DagBag from /Users/aswin/Documents/data-engineering-practice/ETL_Airflow_DBT/airflow/airflow_env/lib/python3.11/site-packages/airflow/example_dags/example_xcom.py
[2026-04-02T05:41:10.110+0530] {processor.py:840} INFO - DAG(s) 'example_xcom' retrieved from /Users/aswin/Documents/data-engineering-practice/ETL_Airflow_DBT/airflow/airflow_env/lib/python3.11/site-packages/airflow/example_dags/example_xcom.py
[2026-04-02T05:41:10.163+0530] {logging_mixin.py:188} INFO - [2026-04-02T05:41:10.163+0530] {dag.py:3096} INFO - Sync 1 DAGs
[2026-04-02T05:41:10.171+0530] {logging_mixin.py:188} INFO - [2026-04-02T05:41:10.171+0530] {dag.py:3954} INFO - Setting next_dagrun for example_xcom to 2021-01-01 00:00:00+00:00, run_after=2021-01-01 00:00:00+00:00
[2026-04-02T05:41:10.181+0530] {processor.py:183} INFO - Processing /Users/aswin/Documents/data-engineering-practice/ETL_Airflow_DBT/airflow/airflow_env/lib/python3.11/site-packages/airflow/example_dags/example_xcom.py took 0.089 seconds
[2026-04-02T05:41:41.515+0530] {processor.py:161} INFO - Started process (PID=22020) to work on /Users/aswin/Documents/data-engineering-practice/ETL_Airflow_DBT/airflow/airflow_env/lib/python3.11/site-packages/airflow/example_dags/example_xcom.py
[2026-04-02T05:41:41.516+0530] {processor.py:830} INFO - Processing file /Users/aswin/Documents/data-engineering-practice/ETL_Airflow_DBT/airflow/airflow_env/lib/python3.11/site-packages/airflow/example_dags/example_xcom.py for tasks to queue
[2026-04-02T05:41:41.516+0530] {logging_mixin.py:188} INFO - [2026-04-02T05:41:41.516+0530] {dagbag.py:540} INFO - Filling up the DagBag from /Users/aswin/Documents/data-engineering-practice/ETL_Airflow_DBT/airflow/airflow_env/lib/python3.11/site-packages/airflow/example_dags/example_xcom.py
[2026-04-02T05:41:41.533+0530] {processor.py:840} INFO - DAG(s) 'example_xcom' retrieved from /Users/aswin/Documents/data-engineering-practice/ETL_Airflow_DBT/airflow/airflow_env/lib/python3.11/site-packages/airflow/example_dags/example_xcom.py
[2026-04-02T05:41:41.585+0530] {logging_mixin.py:188} INFO - [2026-04-02T05:41:41.585+0530] {dag.py:3096} INFO - Sync 1 DAGs
[2026-04-02T05:41:41.595+0530] {logging_mixin.py:188} INFO - [2026-04-02T05:41:41.595+0530] {dag.py:3954} INFO - Setting next_dagrun for example_xcom to 2021-01-01 00:00:00+00:00, run_after=2021-01-01 00:00:00+00:00
[2026-04-02T05:41:41.603+0530] {processor.py:183} INFO - Processing /Users/aswin/Documents/data-engineering-practice/ETL_Airflow_DBT/airflow/airflow_env/lib/python3.11/site-packages/airflow/example_dags/example_xcom.py took 0.089 seconds
[2026-04-02T05:42:12.590+0530] {processor.py:161} INFO - Started process (PID=22146) to work on /Users/aswin/Documents/data-engineering-practice/ETL_Airflow_DBT/airflow/airflow_env/lib/python3.11/site-packages/airflow/example_dags/example_xcom.py
[2026-04-02T05:42:12.591+0530] {processor.py:830} INFO - Processing file /Users/aswin/Documents/data-engineering-practice/ETL_Airflow_DBT/airflow/airflow_env/lib/python3.11/site-packages/airflow/example_dags/example_xcom.py for tasks to queue
[2026-04-02T05:42:12.591+0530] {logging_mixin.py:188} INFO - [2026-04-02T05:42:12.591+0530] {dagbag.py:540} INFO - Filling up the DagBag from /Users/aswin/Documents/data-engineering-practice/ETL_Airflow_DBT/airflow/airflow_env/lib/python3.11/site-packages/airflow/example_dags/example_xcom.py
[2026-04-02T05:42:12.609+0530] {processor.py:840} INFO - DAG(s) 'example_xcom' retrieved from /Users/aswin/Documents/data-engineering-practice/ETL_Airflow_DBT/airflow/airflow_env/lib/python3.11/site-packages/airflow/example_dags/example_xcom.py
[2026-04-02T05:42:12.677+0530] {logging_mixin.py:188} INFO - [2026-04-02T05:42:12.676+0530] {dag.py:3096} INFO - Sync 1 DAGs
[2026-04-02T05:42:12.689+0530] {logging_mixin.py:188} INFO - [2026-04-02T05:42:12.688+0530] {dag.py:3954} INFO - Setting next_dagrun for example_xcom to 2021-01-01 00:00:00+00:00, run_after=2021-01-01 00:00:00+00:00
[2026-04-02T05:42:12.699+0530] {processor.py:183} INFO - Processing /Users/aswin/Documents/data-engineering-practice/ETL_Airflow_DBT/airflow/airflow_env/lib/python3.11/site-packages/airflow/example_dags/example_xcom.py took 0.110 seconds
[2026-04-02T05:42:43.380+0530] {processor.py:161} INFO - Started process (PID=22276) to work on /Users/aswin/Documents/data-engineering-practice/ETL_Airflow_DBT/airflow/airflow_env/lib/python3.11/site-packages/airflow/example_dags/example_xcom.py
[2026-04-02T05:42:43.381+0530] {processor.py:830} INFO - Processing file /Users/aswin/Documents/data-engineering-practice/ETL_Airflow_DBT/airflow/airflow_env/lib/python3.11/site-packages/airflow/example_dags/example_xcom.py for tasks to queue
[2026-04-02T05:42:43.381+0530] {logging_mixin.py:188} INFO - [2026-04-02T05:42:43.381+0530] {dagbag.py:540} INFO - Filling up the DagBag from /Users/aswin/Documents/data-engineering-practice/ETL_Airflow_DBT/airflow/airflow_env/lib/python3.11/site-packages/airflow/example_dags/example_xcom.py
[2026-04-02T05:42:43.397+0530] {processor.py:840} INFO - DAG(s) 'example_xcom' retrieved from /Users/aswin/Documents/data-engineering-practice/ETL_Airflow_DBT/airflow/airflow_env/lib/python3.11/site-packages/airflow/example_dags/example_xcom.py
[2026-04-02T05:42:43.448+0530] {logging_mixin.py:188} INFO - [2026-04-02T05:42:43.448+0530] {dag.py:3096} INFO - Sync 1 DAGs
[2026-04-02T05:42:43.457+0530] {logging_mixin.py:188} INFO - [2026-04-02T05:42:43.457+0530] {dag.py:3954} INFO - Setting next_dagrun for example_xcom to 2021-01-01 00:00:00+00:00, run_after=2021-01-01 00:00:00+00:00
[2026-04-02T05:42:43.466+0530] {processor.py:183} INFO - Processing /Users/aswin/Documents/data-engineering-practice/ETL_Airflow_DBT/airflow/airflow_env/lib/python3.11/site-packages/airflow/example_dags/example_xcom.py took 0.086 seconds
[2026-04-02T05:43:15.030+0530] {processor.py:161} INFO - Started process (PID=22406) to work on /Users/aswin/Documents/data-engineering-practice/ETL_Airflow_DBT/airflow/airflow_env/lib/python3.11/site-packages/airflow/example_dags/example_xcom.py
[2026-04-02T05:43:15.031+0530] {processor.py:830} INFO - Processing file /Users/aswin/Documents/data-engineering-practice/ETL_Airflow_DBT/airflow/airflow_env/lib/python3.11/site-packages/airflow/example_dags/example_xcom.py for tasks to queue
[2026-04-02T05:43:15.031+0530] {logging_mixin.py:188} INFO - [2026-04-02T05:43:15.031+0530] {dagbag.py:540} INFO - Filling up the DagBag from /Users/aswin/Documents/data-engineering-practice/ETL_Airflow_DBT/airflow/airflow_env/lib/python3.11/site-packages/airflow/example_dags/example_xcom.py
[2026-04-02T05:43:15.047+0530] {processor.py:840} INFO - DAG(s) 'example_xcom' retrieved from /Users/aswin/Documents/data-engineering-practice/ETL_Airflow_DBT/airflow/airflow_env/lib/python3.11/site-packages/airflow/example_dags/example_xcom.py
[2026-04-02T05:43:15.106+0530] {logging_mixin.py:188} INFO - [2026-04-02T05:43:15.106+0530] {dag.py:3096} INFO - Sync 1 DAGs
[2026-04-02T05:43:15.116+0530] {logging_mixin.py:188} INFO - [2026-04-02T05:43:15.116+0530] {dag.py:3954} INFO - Setting next_dagrun for example_xcom to 2021-01-01 00:00:00+00:00, run_after=2021-01-01 00:00:00+00:00
[2026-04-02T05:43:15.125+0530] {processor.py:183} INFO - Processing /Users/aswin/Documents/data-engineering-practice/ETL_Airflow_DBT/airflow/airflow_env/lib/python3.11/site-packages/airflow/example_dags/example_xcom.py took 0.096 seconds
[2026-04-02T05:43:46.001+0530] {processor.py:161} INFO - Started process (PID=22543) to work on /Users/aswin/Documents/data-engineering-practice/ETL_Airflow_DBT/airflow/airflow_env/lib/python3.11/site-packages/airflow/example_dags/example_xcom.py
[2026-04-02T05:43:46.002+0530] {processor.py:830} INFO - Processing file /Users/aswin/Documents/data-engineering-practice/ETL_Airflow_DBT/airflow/airflow_env/lib/python3.11/site-packages/airflow/example_dags/example_xcom.py for tasks to queue
[2026-04-02T05:43:46.002+0530] {logging_mixin.py:188} INFO - [2026-04-02T05:43:46.002+0530] {dagbag.py:540} INFO - Filling up the DagBag from /Users/aswin/Documents/data-engineering-practice/ETL_Airflow_DBT/airflow/airflow_env/lib/python3.11/site-packages/airflow/example_dags/example_xcom.py
[2026-04-02T05:43:46.017+0530] {processor.py:840} INFO - DAG(s) 'example_xcom' retrieved from /Users/aswin/Documents/data-engineering-practice/ETL_Airflow_DBT/airflow/airflow_env/lib/python3.11/site-packages/airflow/example_dags/example_xcom.py
[2026-04-02T05:43:46.069+0530] {logging_mixin.py:188} INFO - [2026-04-02T05:43:46.069+0530] {dag.py:3096} INFO - Sync 1 DAGs
[2026-04-02T05:43:46.080+0530] {logging_mixin.py:188} INFO - [2026-04-02T05:43:46.079+0530] {dag.py:3954} INFO - Setting next_dagrun for example_xcom to 2021-01-01 00:00:00+00:00, run_after=2021-01-01 00:00:00+00:00
[2026-04-02T05:43:46.087+0530] {processor.py:183} INFO - Processing /Users/aswin/Documents/data-engineering-practice/ETL_Airflow_DBT/airflow/airflow_env/lib/python3.11/site-packages/airflow/example_dags/example_xcom.py took 0.087 seconds
[2026-04-02T05:44:17.059+0530] {processor.py:161} INFO - Started process (PID=22673) to work on /Users/aswin/Documents/data-engineering-practice/ETL_Airflow_DBT/airflow/airflow_env/lib/python3.11/site-packages/airflow/example_dags/example_xcom.py
[2026-04-02T05:44:17.060+0530] {processor.py:830} INFO - Processing file /Users/aswin/Documents/data-engineering-practice/ETL_Airflow_DBT/airflow/airflow_env/lib/python3.11/site-packages/airflow/example_dags/example_xcom.py for tasks to queue
[2026-04-02T05:44:17.060+0530] {logging_mixin.py:188} INFO - [2026-04-02T05:44:17.060+0530] {dagbag.py:540} INFO - Filling up the DagBag from /Users/aswin/Documents/data-engineering-practice/ETL_Airflow_DBT/airflow/airflow_env/lib/python3.11/site-packages/airflow/example_dags/example_xcom.py
[2026-04-02T05:44:17.082+0530] {processor.py:840} INFO - DAG(s) 'example_xcom' retrieved from /Users/aswin/Documents/data-engineering-practice/ETL_Airflow_DBT/airflow/airflow_env/lib/python3.11/site-packages/airflow/example_dags/example_xcom.py
[2026-04-02T05:44:17.143+0530] {logging_mixin.py:188} INFO - [2026-04-02T05:44:17.143+0530] {dag.py:3096} INFO - Sync 1 DAGs
[2026-04-02T05:44:17.154+0530] {logging_mixin.py:188} INFO - [2026-04-02T05:44:17.154+0530] {dag.py:3954} INFO - Setting next_dagrun for example_xcom to 2021-01-01 00:00:00+00:00, run_after=2021-01-01 00:00:00+00:00
[2026-04-02T05:44:17.162+0530] {processor.py:183} INFO - Processing /Users/aswin/Documents/data-engineering-practice/ETL_Airflow_DBT/airflow/airflow_env/lib/python3.11/site-packages/airflow/example_dags/example_xcom.py took 0.104 seconds
[2026-04-02T05:44:48.416+0530] {processor.py:161} INFO - Started process (PID=22801) to work on /Users/aswin/Documents/data-engineering-practice/ETL_Airflow_DBT/airflow/airflow_env/lib/python3.11/site-packages/airflow/example_dags/example_xcom.py
[2026-04-02T05:44:48.417+0530] {processor.py:830} INFO - Processing file /Users/aswin/Documents/data-engineering-practice/ETL_Airflow_DBT/airflow/airflow_env/lib/python3.11/site-packages/airflow/example_dags/example_xcom.py for tasks to queue
[2026-04-02T05:44:48.417+0530] {logging_mixin.py:188} INFO - [2026-04-02T05:44:48.417+0530] {dagbag.py:540} INFO - Filling up the DagBag from /Users/aswin/Documents/data-engineering-practice/ETL_Airflow_DBT/airflow/airflow_env/lib/python3.11/site-packages/airflow/example_dags/example_xcom.py
[2026-04-02T05:44:48.433+0530] {processor.py:840} INFO - DAG(s) 'example_xcom' retrieved from /Users/aswin/Documents/data-engineering-practice/ETL_Airflow_DBT/airflow/airflow_env/lib/python3.11/site-packages/airflow/example_dags/example_xcom.py
[2026-04-02T05:44:48.485+0530] {logging_mixin.py:188} INFO - [2026-04-02T05:44:48.485+0530] {dag.py:3096} INFO - Sync 1 DAGs
[2026-04-02T05:44:48.495+0530] {logging_mixin.py:188} INFO - [2026-04-02T05:44:48.495+0530] {dag.py:3954} INFO - Setting next_dagrun for example_xcom to 2021-01-01 00:00:00+00:00, run_after=2021-01-01 00:00:00+00:00
[2026-04-02T05:44:48.503+0530] {processor.py:183} INFO - Processing /Users/aswin/Documents/data-engineering-practice/ETL_Airflow_DBT/airflow/airflow_env/lib/python3.11/site-packages/airflow/example_dags/example_xcom.py took 0.088 seconds
[2026-04-02T05:45:20.166+0530] {processor.py:161} INFO - Started process (PID=22924) to work on /Users/aswin/Documents/data-engineering-practice/ETL_Airflow_DBT/airflow/airflow_env/lib/python3.11/site-packages/airflow/example_dags/example_xcom.py
[2026-04-02T05:45:20.167+0530] {processor.py:830} INFO - Processing file /Users/aswin/Documents/data-engineering-practice/ETL_Airflow_DBT/airflow/airflow_env/lib/python3.11/site-packages/airflow/example_dags/example_xcom.py for tasks to queue
[2026-04-02T05:45:20.167+0530] {logging_mixin.py:188} INFO - [2026-04-02T05:45:20.167+0530] {dagbag.py:540} INFO - Filling up the DagBag from /Users/aswin/Documents/data-engineering-practice/ETL_Airflow_DBT/airflow/airflow_env/lib/python3.11/site-packages/airflow/example_dags/example_xcom.py
[2026-04-02T05:45:20.183+0530] {processor.py:840} INFO - DAG(s) 'example_xcom' retrieved from /Users/aswin/Documents/data-engineering-practice/ETL_Airflow_DBT/airflow/airflow_env/lib/python3.11/site-packages/airflow/example_dags/example_xcom.py
[2026-04-02T05:45:20.238+0530] {logging_mixin.py:188} INFO - [2026-04-02T05:45:20.238+0530] {dag.py:3096} INFO - Sync 1 DAGs
[2026-04-02T05:45:20.247+0530] {logging_mixin.py:188} INFO - [2026-04-02T05:45:20.247+0530] {dag.py:3954} INFO - Setting next_dagrun for example_xcom to 2021-01-01 00:00:00+00:00, run_after=2021-01-01 00:00:00+00:00
[2026-04-02T05:45:20.256+0530] {processor.py:183} INFO - Processing /Users/aswin/Documents/data-engineering-practice/ETL_Airflow_DBT/airflow/airflow_env/lib/python3.11/site-packages/airflow/example_dags/example_xcom.py took 0.092 seconds
[2026-04-02T05:45:51.552+0530] {processor.py:161} INFO - Started process (PID=23038) to work on /Users/aswin/Documents/data-engineering-practice/ETL_Airflow_DBT/airflow/airflow_env/lib/python3.11/site-packages/airflow/example_dags/example_xcom.py
[2026-04-02T05:45:51.553+0530] {processor.py:830} INFO - Processing file /Users/aswin/Documents/data-engineering-practice/ETL_Airflow_DBT/airflow/airflow_env/lib/python3.11/site-packages/airflow/example_dags/example_xcom.py for tasks to queue
[2026-04-02T05:45:51.553+0530] {logging_mixin.py:188} INFO - [2026-04-02T05:45:51.553+0530] {dagbag.py:540} INFO - Filling up the DagBag from /Users/aswin/Documents/data-engineering-practice/ETL_Airflow_DBT/airflow/airflow_env/lib/python3.11/site-packages/airflow/example_dags/example_xcom.py
[2026-04-02T05:45:51.572+0530] {processor.py:840} INFO - DAG(s) 'example_xcom' retrieved from /Users/aswin/Documents/data-engineering-practice/ETL_Airflow_DBT/airflow/airflow_env/lib/python3.11/site-packages/airflow/example_dags/example_xcom.py
[2026-04-02T05:45:51.630+0530] {logging_mixin.py:188} INFO - [2026-04-02T05:45:51.630+0530] {dag.py:3096} INFO - Sync 1 DAGs
[2026-04-02T05:45:51.639+0530] {logging_mixin.py:188} INFO - [2026-04-02T05:45:51.639+0530] {dag.py:3954} INFO - Setting next_dagrun for example_xcom to 2021-01-01 00:00:00+00:00, run_after=2021-01-01 00:00:00+00:00
[2026-04-02T05:45:51.647+0530] {processor.py:183} INFO - Processing /Users/aswin/Documents/data-engineering-practice/ETL_Airflow_DBT/airflow/airflow_env/lib/python3.11/site-packages/airflow/example_dags/example_xcom.py took 0.096 seconds
[2026-04-02T05:46:22.376+0530] {processor.py:161} INFO - Started process (PID=23155) to work on /Users/aswin/Documents/data-engineering-practice/ETL_Airflow_DBT/airflow/airflow_env/lib/python3.11/site-packages/airflow/example_dags/example_xcom.py
[2026-04-02T05:46:22.377+0530] {processor.py:830} INFO - Processing file /Users/aswin/Documents/data-engineering-practice/ETL_Airflow_DBT/airflow/airflow_env/lib/python3.11/site-packages/airflow/example_dags/example_xcom.py for tasks to queue
[2026-04-02T05:46:22.377+0530] {logging_mixin.py:188} INFO - [2026-04-02T05:46:22.377+0530] {dagbag.py:540} INFO - Filling up the DagBag from /Users/aswin/Documents/data-engineering-practice/ETL_Airflow_DBT/airflow/airflow_env/lib/python3.11/site-packages/airflow/example_dags/example_xcom.py
[2026-04-02T05:46:22.392+0530] {processor.py:840} INFO - DAG(s) 'example_xcom' retrieved from /Users/aswin/Documents/data-engineering-practice/ETL_Airflow_DBT/airflow/airflow_env/lib/python3.11/site-packages/airflow/example_dags/example_xcom.py
[2026-04-02T05:46:22.445+0530] {logging_mixin.py:188} INFO - [2026-04-02T05:46:22.444+0530] {dag.py:3096} INFO - Sync 1 DAGs
[2026-04-02T05:46:22.455+0530] {logging_mixin.py:188} INFO - [2026-04-02T05:46:22.455+0530] {dag.py:3954} INFO - Setting next_dagrun for example_xcom to 2021-01-01 00:00:00+00:00, run_after=2021-01-01 00:00:00+00:00
[2026-04-02T05:46:22.463+0530] {processor.py:183} INFO - Processing /Users/aswin/Documents/data-engineering-practice/ETL_Airflow_DBT/airflow/airflow_env/lib/python3.11/site-packages/airflow/example_dags/example_xcom.py took 0.087 seconds
[2026-04-02T05:46:53.783+0530] {processor.py:161} INFO - Started process (PID=23268) to work on /Users/aswin/Documents/data-engineering-practice/ETL_Airflow_DBT/airflow/airflow_env/lib/python3.11/site-packages/airflow/example_dags/example_xcom.py
[2026-04-02T05:46:53.784+0530] {processor.py:830} INFO - Processing file /Users/aswin/Documents/data-engineering-practice/ETL_Airflow_DBT/airflow/airflow_env/lib/python3.11/site-packages/airflow/example_dags/example_xcom.py for tasks to queue
[2026-04-02T05:46:53.784+0530] {logging_mixin.py:188} INFO - [2026-04-02T05:46:53.784+0530] {dagbag.py:540} INFO - Filling up the DagBag from /Users/aswin/Documents/data-engineering-practice/ETL_Airflow_DBT/airflow/airflow_env/lib/python3.11/site-packages/airflow/example_dags/example_xcom.py
[2026-04-02T05:46:53.801+0530] {processor.py:840} INFO - DAG(s) 'example_xcom' retrieved from /Users/aswin/Documents/data-engineering-practice/ETL_Airflow_DBT/airflow/airflow_env/lib/python3.11/site-packages/airflow/example_dags/example_xcom.py
[2026-04-02T05:46:53.855+0530] {logging_mixin.py:188} INFO - [2026-04-02T05:46:53.855+0530] {dag.py:3096} INFO - Sync 1 DAGs
[2026-04-02T05:46:53.865+0530] {logging_mixin.py:188} INFO - [2026-04-02T05:46:53.865+0530] {dag.py:3954} INFO - Setting next_dagrun for example_xcom to 2021-01-01 00:00:00+00:00, run_after=2021-01-01 00:00:00+00:00
[2026-04-02T05:46:53.874+0530] {processor.py:183} INFO - Processing /Users/aswin/Documents/data-engineering-practice/ETL_Airflow_DBT/airflow/airflow_env/lib/python3.11/site-packages/airflow/example_dags/example_xcom.py took 0.092 seconds
[2026-04-02T05:47:24.860+0530] {processor.py:161} INFO - Started process (PID=23382) to work on /Users/aswin/Documents/data-engineering-practice/ETL_Airflow_DBT/airflow/airflow_env/lib/python3.11/site-packages/airflow/example_dags/example_xcom.py
[2026-04-02T05:47:24.861+0530] {processor.py:830} INFO - Processing file /Users/aswin/Documents/data-engineering-practice/ETL_Airflow_DBT/airflow/airflow_env/lib/python3.11/site-packages/airflow/example_dags/example_xcom.py for tasks to queue
[2026-04-02T05:47:24.861+0530] {logging_mixin.py:188} INFO - [2026-04-02T05:47:24.861+0530] {dagbag.py:540} INFO - Filling up the DagBag from /Users/aswin/Documents/data-engineering-practice/ETL_Airflow_DBT/airflow/airflow_env/lib/python3.11/site-packages/airflow/example_dags/example_xcom.py
[2026-04-02T05:47:24.878+0530] {processor.py:840} INFO - DAG(s) 'example_xcom' retrieved from /Users/aswin/Documents/data-engineering-practice/ETL_Airflow_DBT/airflow/airflow_env/lib/python3.11/site-packages/airflow/example_dags/example_xcom.py
[2026-04-02T05:47:24.931+0530] {logging_mixin.py:188} INFO - [2026-04-02T05:47:24.931+0530] {dag.py:3096} INFO - Sync 1 DAGs
[2026-04-02T05:47:24.940+0530] {logging_mixin.py:188} INFO - [2026-04-02T05:47:24.940+0530] {dag.py:3954} INFO - Setting next_dagrun for example_xcom to 2021-01-01 00:00:00+00:00, run_after=2021-01-01 00:00:00+00:00
[2026-04-02T05:47:24.947+0530] {processor.py:183} INFO - Processing /Users/aswin/Documents/data-engineering-practice/ETL_Airflow_DBT/airflow/airflow_env/lib/python3.11/site-packages/airflow/example_dags/example_xcom.py took 0.088 seconds
[2026-04-02T05:47:56.068+0530] {processor.py:161} INFO - Started process (PID=23498) to work on /Users/aswin/Documents/data-engineering-practice/ETL_Airflow_DBT/airflow/airflow_env/lib/python3.11/site-packages/airflow/example_dags/example_xcom.py
[2026-04-02T05:47:56.069+0530] {processor.py:830} INFO - Processing file /Users/aswin/Documents/data-engineering-practice/ETL_Airflow_DBT/airflow/airflow_env/lib/python3.11/site-packages/airflow/example_dags/example_xcom.py for tasks to queue
[2026-04-02T05:47:56.069+0530] {logging_mixin.py:188} INFO - [2026-04-02T05:47:56.069+0530] {dagbag.py:540} INFO - Filling up the DagBag from /Users/aswin/Documents/data-engineering-practice/ETL_Airflow_DBT/airflow/airflow_env/lib/python3.11/site-packages/airflow/example_dags/example_xcom.py
[2026-04-02T05:47:56.086+0530] {processor.py:840} INFO - DAG(s) 'example_xcom' retrieved from /Users/aswin/Documents/data-engineering-practice/ETL_Airflow_DBT/airflow/airflow_env/lib/python3.11/site-packages/airflow/example_dags/example_xcom.py
[2026-04-02T05:47:56.145+0530] {logging_mixin.py:188} INFO - [2026-04-02T05:47:56.145+0530] {dag.py:3096} INFO - Sync 1 DAGs
[2026-04-02T05:47:56.155+0530] {logging_mixin.py:188} INFO - [2026-04-02T05:47:56.154+0530] {dag.py:3954} INFO - Setting next_dagrun for example_xcom to 2021-01-01 00:00:00+00:00, run_after=2021-01-01 00:00:00+00:00
[2026-04-02T05:47:56.163+0530] {processor.py:183} INFO - Processing /Users/aswin/Documents/data-engineering-practice/ETL_Airflow_DBT/airflow/airflow_env/lib/python3.11/site-packages/airflow/example_dags/example_xcom.py took 0.096 seconds
[2026-04-02T05:48:27.441+0530] {processor.py:161} INFO - Started process (PID=23610) to work on /Users/aswin/Documents/data-engineering-practice/ETL_Airflow_DBT/airflow/airflow_env/lib/python3.11/site-packages/airflow/example_dags/example_xcom.py
[2026-04-02T05:48:27.442+0530] {processor.py:830} INFO - Processing file /Users/aswin/Documents/data-engineering-practice/ETL_Airflow_DBT/airflow/airflow_env/lib/python3.11/site-packages/airflow/example_dags/example_xcom.py for tasks to queue
[2026-04-02T05:48:27.443+0530] {logging_mixin.py:188} INFO - [2026-04-02T05:48:27.443+0530] {dagbag.py:540} INFO - Filling up the DagBag from /Users/aswin/Documents/data-engineering-practice/ETL_Airflow_DBT/airflow/airflow_env/lib/python3.11/site-packages/airflow/example_dags/example_xcom.py
[2026-04-02T05:48:27.459+0530] {processor.py:840} INFO - DAG(s) 'example_xcom' retrieved from /Users/aswin/Documents/data-engineering-practice/ETL_Airflow_DBT/airflow/airflow_env/lib/python3.11/site-packages/airflow/example_dags/example_xcom.py
[2026-04-02T05:48:27.516+0530] {logging_mixin.py:188} INFO - [2026-04-02T05:48:27.516+0530] {dag.py:3096} INFO - Sync 1 DAGs
[2026-04-02T05:48:27.529+0530] {logging_mixin.py:188} INFO - [2026-04-02T05:48:27.529+0530] {dag.py:3954} INFO - Setting next_dagrun for example_xcom to 2021-01-01 00:00:00+00:00, run_after=2021-01-01 00:00:00+00:00
[2026-04-02T05:48:27.538+0530] {processor.py:183} INFO - Processing /Users/aswin/Documents/data-engineering-practice/ETL_Airflow_DBT/airflow/airflow_env/lib/python3.11/site-packages/airflow/example_dags/example_xcom.py took 0.098 seconds
[2026-04-02T05:48:58.658+0530] {processor.py:161} INFO - Started process (PID=23725) to work on /Users/aswin/Documents/data-engineering-practice/ETL_Airflow_DBT/airflow/airflow_env/lib/python3.11/site-packages/airflow/example_dags/example_xcom.py
[2026-04-02T05:48:58.659+0530] {processor.py:830} INFO - Processing file /Users/aswin/Documents/data-engineering-practice/ETL_Airflow_DBT/airflow/airflow_env/lib/python3.11/site-packages/airflow/example_dags/example_xcom.py for tasks to queue
[2026-04-02T05:48:58.659+0530] {logging_mixin.py:188} INFO - [2026-04-02T05:48:58.659+0530] {dagbag.py:540} INFO - Filling up the DagBag from /Users/aswin/Documents/data-engineering-practice/ETL_Airflow_DBT/airflow/airflow_env/lib/python3.11/site-packages/airflow/example_dags/example_xcom.py
[2026-04-02T05:48:58.675+0530] {processor.py:840} INFO - DAG(s) 'example_xcom' retrieved from /Users/aswin/Documents/data-engineering-practice/ETL_Airflow_DBT/airflow/airflow_env/lib/python3.11/site-packages/airflow/example_dags/example_xcom.py
[2026-04-02T05:48:58.730+0530] {logging_mixin.py:188} INFO - [2026-04-02T05:48:58.730+0530] {dag.py:3096} INFO - Sync 1 DAGs
[2026-04-02T05:48:58.740+0530] {logging_mixin.py:188} INFO - [2026-04-02T05:48:58.740+0530] {dag.py:3954} INFO - Setting next_dagrun for example_xcom to 2021-01-01 00:00:00+00:00, run_after=2021-01-01 00:00:00+00:00
[2026-04-02T05:48:58.749+0530] {processor.py:183} INFO - Processing /Users/aswin/Documents/data-engineering-practice/ETL_Airflow_DBT/airflow/airflow_env/lib/python3.11/site-packages/airflow/example_dags/example_xcom.py took 0.092 seconds
[2026-04-02T05:49:29.606+0530] {processor.py:161} INFO - Started process (PID=23852) to work on /Users/aswin/Documents/data-engineering-practice/ETL_Airflow_DBT/airflow/airflow_env/lib/python3.11/site-packages/airflow/example_dags/example_xcom.py
[2026-04-02T05:49:29.607+0530] {processor.py:830} INFO - Processing file /Users/aswin/Documents/data-engineering-practice/ETL_Airflow_DBT/airflow/airflow_env/lib/python3.11/site-packages/airflow/example_dags/example_xcom.py for tasks to queue
[2026-04-02T05:49:29.608+0530] {logging_mixin.py:188} INFO - [2026-04-02T05:49:29.607+0530] {dagbag.py:540} INFO - Filling up the DagBag from /Users/aswin/Documents/data-engineering-practice/ETL_Airflow_DBT/airflow/airflow_env/lib/python3.11/site-packages/airflow/example_dags/example_xcom.py
[2026-04-02T05:49:29.623+0530] {processor.py:840} INFO - DAG(s) 'example_xcom' retrieved from /Users/aswin/Documents/data-engineering-practice/ETL_Airflow_DBT/airflow/airflow_env/lib/python3.11/site-packages/airflow/example_dags/example_xcom.py
[2026-04-02T05:49:29.676+0530] {logging_mixin.py:188} INFO - [2026-04-02T05:49:29.676+0530] {dag.py:3096} INFO - Sync 1 DAGs
[2026-04-02T05:49:29.688+0530] {logging_mixin.py:188} INFO - [2026-04-02T05:49:29.688+0530] {dag.py:3954} INFO - Setting next_dagrun for example_xcom to 2021-01-01 00:00:00+00:00, run_after=2021-01-01 00:00:00+00:00
[2026-04-02T05:49:29.698+0530] {processor.py:183} INFO - Processing /Users/aswin/Documents/data-engineering-practice/ETL_Airflow_DBT/airflow/airflow_env/lib/python3.11/site-packages/airflow/example_dags/example_xcom.py took 0.093 seconds
[2026-04-02T05:50:00.717+0530] {processor.py:161} INFO - Started process (PID=23992) to work on /Users/aswin/Documents/data-engineering-practice/ETL_Airflow_DBT/airflow/airflow_env/lib/python3.11/site-packages/airflow/example_dags/example_xcom.py
[2026-04-02T05:50:00.718+0530] {processor.py:830} INFO - Processing file /Users/aswin/Documents/data-engineering-practice/ETL_Airflow_DBT/airflow/airflow_env/lib/python3.11/site-packages/airflow/example_dags/example_xcom.py for tasks to queue
[2026-04-02T05:50:00.719+0530] {logging_mixin.py:188} INFO - [2026-04-02T05:50:00.718+0530] {dagbag.py:540} INFO - Filling up the DagBag from /Users/aswin/Documents/data-engineering-practice/ETL_Airflow_DBT/airflow/airflow_env/lib/python3.11/site-packages/airflow/example_dags/example_xcom.py
[2026-04-02T05:50:00.734+0530] {processor.py:840} INFO - DAG(s) 'example_xcom' retrieved from /Users/aswin/Documents/data-engineering-practice/ETL_Airflow_DBT/airflow/airflow_env/lib/python3.11/site-packages/airflow/example_dags/example_xcom.py
[2026-04-02T05:50:00.786+0530] {logging_mixin.py:188} INFO - [2026-04-02T05:50:00.785+0530] {dag.py:3096} INFO - Sync 1 DAGs
[2026-04-02T05:50:00.795+0530] {logging_mixin.py:188} INFO - [2026-04-02T05:50:00.795+0530] {dag.py:3954} INFO - Setting next_dagrun for example_xcom to 2021-01-01 00:00:00+00:00, run_after=2021-01-01 00:00:00+00:00
[2026-04-02T05:50:00.802+0530] {processor.py:183} INFO - Processing /Users/aswin/Documents/data-engineering-practice/ETL_Airflow_DBT/airflow/airflow_env/lib/python3.11/site-packages/airflow/example_dags/example_xcom.py took 0.086 seconds
[2026-04-02T05:50:31.776+0530] {processor.py:161} INFO - Started process (PID=24122) to work on /Users/aswin/Documents/data-engineering-practice/ETL_Airflow_DBT/airflow/airflow_env/lib/python3.11/site-packages/airflow/example_dags/example_xcom.py
[2026-04-02T05:50:31.776+0530] {processor.py:830} INFO - Processing file /Users/aswin/Documents/data-engineering-practice/ETL_Airflow_DBT/airflow/airflow_env/lib/python3.11/site-packages/airflow/example_dags/example_xcom.py for tasks to queue
[2026-04-02T05:50:31.776+0530] {logging_mixin.py:188} INFO - [2026-04-02T05:50:31.776+0530] {dagbag.py:540} INFO - Filling up the DagBag from /Users/aswin/Documents/data-engineering-practice/ETL_Airflow_DBT/airflow/airflow_env/lib/python3.11/site-packages/airflow/example_dags/example_xcom.py
[2026-04-02T05:50:31.793+0530] {processor.py:840} INFO - DAG(s) 'example_xcom' retrieved from /Users/aswin/Documents/data-engineering-practice/ETL_Airflow_DBT/airflow/airflow_env/lib/python3.11/site-packages/airflow/example_dags/example_xcom.py
[2026-04-02T05:50:31.845+0530] {logging_mixin.py:188} INFO - [2026-04-02T05:50:31.845+0530] {dag.py:3096} INFO - Sync 1 DAGs
[2026-04-02T05:50:31.856+0530] {logging_mixin.py:188} INFO - [2026-04-02T05:50:31.856+0530] {dag.py:3954} INFO - Setting next_dagrun for example_xcom to 2021-01-01 00:00:00+00:00, run_after=2021-01-01 00:00:00+00:00
[2026-04-02T05:50:31.866+0530] {processor.py:183} INFO - Processing /Users/aswin/Documents/data-engineering-practice/ETL_Airflow_DBT/airflow/airflow_env/lib/python3.11/site-packages/airflow/example_dags/example_xcom.py took 0.092 seconds
[2026-04-02T05:51:02.606+0530] {processor.py:161} INFO - Started process (PID=24256) to work on /Users/aswin/Documents/data-engineering-practice/ETL_Airflow_DBT/airflow/airflow_env/lib/python3.11/site-packages/airflow/example_dags/example_xcom.py
[2026-04-02T05:51:02.606+0530] {processor.py:830} INFO - Processing file /Users/aswin/Documents/data-engineering-practice/ETL_Airflow_DBT/airflow/airflow_env/lib/python3.11/site-packages/airflow/example_dags/example_xcom.py for tasks to queue
[2026-04-02T05:51:02.607+0530] {logging_mixin.py:188} INFO - [2026-04-02T05:51:02.606+0530] {dagbag.py:540} INFO - Filling up the DagBag from /Users/aswin/Documents/data-engineering-practice/ETL_Airflow_DBT/airflow/airflow_env/lib/python3.11/site-packages/airflow/example_dags/example_xcom.py
[2026-04-02T05:51:02.624+0530] {processor.py:840} INFO - DAG(s) 'example_xcom' retrieved from /Users/aswin/Documents/data-engineering-practice/ETL_Airflow_DBT/airflow/airflow_env/lib/python3.11/site-packages/airflow/example_dags/example_xcom.py
[2026-04-02T05:51:02.678+0530] {logging_mixin.py:188} INFO - [2026-04-02T05:51:02.678+0530] {dag.py:3096} INFO - Sync 1 DAGs
[2026-04-02T05:51:02.687+0530] {logging_mixin.py:188} INFO - [2026-04-02T05:51:02.687+0530] {dag.py:3954} INFO - Setting next_dagrun for example_xcom to 2021-01-01 00:00:00+00:00, run_after=2021-01-01 00:00:00+00:00
[2026-04-02T05:51:02.696+0530] {processor.py:183} INFO - Processing /Users/aswin/Documents/data-engineering-practice/ETL_Airflow_DBT/airflow/airflow_env/lib/python3.11/site-packages/airflow/example_dags/example_xcom.py took 0.091 seconds
[2026-04-02T05:51:34.026+0530] {processor.py:161} INFO - Started process (PID=24382) to work on /Users/aswin/Documents/data-engineering-practice/ETL_Airflow_DBT/airflow/airflow_env/lib/python3.11/site-packages/airflow/example_dags/example_xcom.py
[2026-04-02T05:51:34.026+0530] {processor.py:830} INFO - Processing file /Users/aswin/Documents/data-engineering-practice/ETL_Airflow_DBT/airflow/airflow_env/lib/python3.11/site-packages/airflow/example_dags/example_xcom.py for tasks to queue
[2026-04-02T05:51:34.026+0530] {logging_mixin.py:188} INFO - [2026-04-02T05:51:34.026+0530] {dagbag.py:540} INFO - Filling up the DagBag from /Users/aswin/Documents/data-engineering-practice/ETL_Airflow_DBT/airflow/airflow_env/lib/python3.11/site-packages/airflow/example_dags/example_xcom.py
[2026-04-02T05:51:34.042+0530] {processor.py:840} INFO - DAG(s) 'example_xcom' retrieved from /Users/aswin/Documents/data-engineering-practice/ETL_Airflow_DBT/airflow/airflow_env/lib/python3.11/site-packages/airflow/example_dags/example_xcom.py
[2026-04-02T05:51:34.096+0530] {logging_mixin.py:188} INFO - [2026-04-02T05:51:34.095+0530] {dag.py:3096} INFO - Sync 1 DAGs
[2026-04-02T05:51:34.105+0530] {logging_mixin.py:188} INFO - [2026-04-02T05:51:34.105+0530] {dag.py:3954} INFO - Setting next_dagrun for example_xcom to 2021-01-01 00:00:00+00:00, run_after=2021-01-01 00:00:00+00:00
[2026-04-02T05:51:34.114+0530] {processor.py:183} INFO - Processing /Users/aswin/Documents/data-engineering-practice/ETL_Airflow_DBT/airflow/airflow_env/lib/python3.11/site-packages/airflow/example_dags/example_xcom.py took 0.089 seconds
[2026-04-02T05:52:04.845+0530] {processor.py:161} INFO - Started process (PID=24507) to work on /Users/aswin/Documents/data-engineering-practice/ETL_Airflow_DBT/airflow/airflow_env/lib/python3.11/site-packages/airflow/example_dags/example_xcom.py
[2026-04-02T05:52:04.847+0530] {processor.py:830} INFO - Processing file /Users/aswin/Documents/data-engineering-practice/ETL_Airflow_DBT/airflow/airflow_env/lib/python3.11/site-packages/airflow/example_dags/example_xcom.py for tasks to queue
[2026-04-02T05:52:04.847+0530] {logging_mixin.py:188} INFO - [2026-04-02T05:52:04.847+0530] {dagbag.py:540} INFO - Filling up the DagBag from /Users/aswin/Documents/data-engineering-practice/ETL_Airflow_DBT/airflow/airflow_env/lib/python3.11/site-packages/airflow/example_dags/example_xcom.py
[2026-04-02T05:52:04.863+0530] {processor.py:840} INFO - DAG(s) 'example_xcom' retrieved from /Users/aswin/Documents/data-engineering-practice/ETL_Airflow_DBT/airflow/airflow_env/lib/python3.11/site-packages/airflow/example_dags/example_xcom.py
[2026-04-02T05:52:04.918+0530] {logging_mixin.py:188} INFO - [2026-04-02T05:52:04.918+0530] {dag.py:3096} INFO - Sync 1 DAGs
[2026-04-02T05:52:04.927+0530] {logging_mixin.py:188} INFO - [2026-04-02T05:52:04.927+0530] {dag.py:3954} INFO - Setting next_dagrun for example_xcom to 2021-01-01 00:00:00+00:00, run_after=2021-01-01 00:00:00+00:00
[2026-04-02T05:52:04.935+0530] {processor.py:183} INFO - Processing /Users/aswin/Documents/data-engineering-practice/ETL_Airflow_DBT/airflow/airflow_env/lib/python3.11/site-packages/airflow/example_dags/example_xcom.py took 0.091 seconds
[2026-04-02T05:52:35.962+0530] {processor.py:161} INFO - Started process (PID=24632) to work on /Users/aswin/Documents/data-engineering-practice/ETL_Airflow_DBT/airflow/airflow_env/lib/python3.11/site-packages/airflow/example_dags/example_xcom.py
[2026-04-02T05:52:35.964+0530] {processor.py:830} INFO - Processing file /Users/aswin/Documents/data-engineering-practice/ETL_Airflow_DBT/airflow/airflow_env/lib/python3.11/site-packages/airflow/example_dags/example_xcom.py for tasks to queue
[2026-04-02T05:52:35.964+0530] {logging_mixin.py:188} INFO - [2026-04-02T05:52:35.964+0530] {dagbag.py:540} INFO - Filling up the DagBag from /Users/aswin/Documents/data-engineering-practice/ETL_Airflow_DBT/airflow/airflow_env/lib/python3.11/site-packages/airflow/example_dags/example_xcom.py
[2026-04-02T05:52:35.979+0530] {processor.py:840} INFO - DAG(s) 'example_xcom' retrieved from /Users/aswin/Documents/data-engineering-practice/ETL_Airflow_DBT/airflow/airflow_env/lib/python3.11/site-packages/airflow/example_dags/example_xcom.py
[2026-04-02T05:52:36.030+0530] {logging_mixin.py:188} INFO - [2026-04-02T05:52:36.030+0530] {dag.py:3096} INFO - Sync 1 DAGs
[2026-04-02T05:52:36.039+0530] {logging_mixin.py:188} INFO - [2026-04-02T05:52:36.039+0530] {dag.py:3954} INFO - Setting next_dagrun for example_xcom to 2021-01-01 00:00:00+00:00, run_after=2021-01-01 00:00:00+00:00
[2026-04-02T05:52:36.047+0530] {processor.py:183} INFO - Processing /Users/aswin/Documents/data-engineering-practice/ETL_Airflow_DBT/airflow/airflow_env/lib/python3.11/site-packages/airflow/example_dags/example_xcom.py took 0.086 seconds
[2026-04-02T05:53:06.904+0530] {processor.py:161} INFO - Started process (PID=24757) to work on /Users/aswin/Documents/data-engineering-practice/ETL_Airflow_DBT/airflow/airflow_env/lib/python3.11/site-packages/airflow/example_dags/example_xcom.py
[2026-04-02T05:53:06.906+0530] {processor.py:830} INFO - Processing file /Users/aswin/Documents/data-engineering-practice/ETL_Airflow_DBT/airflow/airflow_env/lib/python3.11/site-packages/airflow/example_dags/example_xcom.py for tasks to queue
[2026-04-02T05:53:06.906+0530] {logging_mixin.py:188} INFO - [2026-04-02T05:53:06.906+0530] {dagbag.py:540} INFO - Filling up the DagBag from /Users/aswin/Documents/data-engineering-practice/ETL_Airflow_DBT/airflow/airflow_env/lib/python3.11/site-packages/airflow/example_dags/example_xcom.py
[2026-04-02T05:53:06.921+0530] {processor.py:840} INFO - DAG(s) 'example_xcom' retrieved from /Users/aswin/Documents/data-engineering-practice/ETL_Airflow_DBT/airflow/airflow_env/lib/python3.11/site-packages/airflow/example_dags/example_xcom.py
[2026-04-02T05:53:06.974+0530] {logging_mixin.py:188} INFO - [2026-04-02T05:53:06.974+0530] {dag.py:3096} INFO - Sync 1 DAGs
[2026-04-02T05:53:06.983+0530] {logging_mixin.py:188} INFO - [2026-04-02T05:53:06.983+0530] {dag.py:3954} INFO - Setting next_dagrun for example_xcom to 2021-01-01 00:00:00+00:00, run_after=2021-01-01 00:00:00+00:00
[2026-04-02T05:53:06.991+0530] {processor.py:183} INFO - Processing /Users/aswin/Documents/data-engineering-practice/ETL_Airflow_DBT/airflow/airflow_env/lib/python3.11/site-packages/airflow/example_dags/example_xcom.py took 0.088 seconds
[2026-04-02T05:53:37.701+0530] {processor.py:161} INFO - Started process (PID=24883) to work on /Users/aswin/Documents/data-engineering-practice/ETL_Airflow_DBT/airflow/airflow_env/lib/python3.11/site-packages/airflow/example_dags/example_xcom.py
[2026-04-02T05:53:37.701+0530] {processor.py:830} INFO - Processing file /Users/aswin/Documents/data-engineering-practice/ETL_Airflow_DBT/airflow/airflow_env/lib/python3.11/site-packages/airflow/example_dags/example_xcom.py for tasks to queue
[2026-04-02T05:53:37.702+0530] {logging_mixin.py:188} INFO - [2026-04-02T05:53:37.702+0530] {dagbag.py:540} INFO - Filling up the DagBag from /Users/aswin/Documents/data-engineering-practice/ETL_Airflow_DBT/airflow/airflow_env/lib/python3.11/site-packages/airflow/example_dags/example_xcom.py
[2026-04-02T05:53:37.717+0530] {processor.py:840} INFO - DAG(s) 'example_xcom' retrieved from /Users/aswin/Documents/data-engineering-practice/ETL_Airflow_DBT/airflow/airflow_env/lib/python3.11/site-packages/airflow/example_dags/example_xcom.py
[2026-04-02T05:53:37.770+0530] {logging_mixin.py:188} INFO - [2026-04-02T05:53:37.770+0530] {dag.py:3096} INFO - Sync 1 DAGs
[2026-04-02T05:53:37.780+0530] {logging_mixin.py:188} INFO - [2026-04-02T05:53:37.780+0530] {dag.py:3954} INFO - Setting next_dagrun for example_xcom to 2021-01-01 00:00:00+00:00, run_after=2021-01-01 00:00:00+00:00
[2026-04-02T05:53:37.790+0530] {processor.py:183} INFO - Processing /Users/aswin/Documents/data-engineering-practice/ETL_Airflow_DBT/airflow/airflow_env/lib/python3.11/site-packages/airflow/example_dags/example_xcom.py took 0.090 seconds
[2026-04-02T05:54:08.533+0530] {processor.py:161} INFO - Started process (PID=25018) to work on /Users/aswin/Documents/data-engineering-practice/ETL_Airflow_DBT/airflow/airflow_env/lib/python3.11/site-packages/airflow/example_dags/example_xcom.py
[2026-04-02T05:54:08.533+0530] {processor.py:830} INFO - Processing file /Users/aswin/Documents/data-engineering-practice/ETL_Airflow_DBT/airflow/airflow_env/lib/python3.11/site-packages/airflow/example_dags/example_xcom.py for tasks to queue
[2026-04-02T05:54:08.534+0530] {logging_mixin.py:188} INFO - [2026-04-02T05:54:08.533+0530] {dagbag.py:540} INFO - Filling up the DagBag from /Users/aswin/Documents/data-engineering-practice/ETL_Airflow_DBT/airflow/airflow_env/lib/python3.11/site-packages/airflow/example_dags/example_xcom.py
[2026-04-02T05:54:08.550+0530] {processor.py:840} INFO - DAG(s) 'example_xcom' retrieved from /Users/aswin/Documents/data-engineering-practice/ETL_Airflow_DBT/airflow/airflow_env/lib/python3.11/site-packages/airflow/example_dags/example_xcom.py
[2026-04-02T05:54:08.601+0530] {logging_mixin.py:188} INFO - [2026-04-02T05:54:08.601+0530] {dag.py:3096} INFO - Sync 1 DAGs
[2026-04-02T05:54:08.611+0530] {logging_mixin.py:188} INFO - [2026-04-02T05:54:08.611+0530] {dag.py:3954} INFO - Setting next_dagrun for example_xcom to 2021-01-01 00:00:00+00:00, run_after=2021-01-01 00:00:00+00:00
[2026-04-02T05:54:08.619+0530] {processor.py:183} INFO - Processing /Users/aswin/Documents/data-engineering-practice/ETL_Airflow_DBT/airflow/airflow_env/lib/python3.11/site-packages/airflow/example_dags/example_xcom.py took 0.087 seconds
[2026-04-02T05:54:39.584+0530] {processor.py:161} INFO - Started process (PID=25152) to work on /Users/aswin/Documents/data-engineering-practice/ETL_Airflow_DBT/airflow/airflow_env/lib/python3.11/site-packages/airflow/example_dags/example_xcom.py
[2026-04-02T05:54:39.584+0530] {processor.py:830} INFO - Processing file /Users/aswin/Documents/data-engineering-practice/ETL_Airflow_DBT/airflow/airflow_env/lib/python3.11/site-packages/airflow/example_dags/example_xcom.py for tasks to queue
[2026-04-02T05:54:39.585+0530] {logging_mixin.py:188} INFO - [2026-04-02T05:54:39.585+0530] {dagbag.py:540} INFO - Filling up the DagBag from /Users/aswin/Documents/data-engineering-practice/ETL_Airflow_DBT/airflow/airflow_env/lib/python3.11/site-packages/airflow/example_dags/example_xcom.py
[2026-04-02T05:54:39.602+0530] {processor.py:840} INFO - DAG(s) 'example_xcom' retrieved from /Users/aswin/Documents/data-engineering-practice/ETL_Airflow_DBT/airflow/airflow_env/lib/python3.11/site-packages/airflow/example_dags/example_xcom.py
[2026-04-02T05:54:39.663+0530] {logging_mixin.py:188} INFO - [2026-04-02T05:54:39.663+0530] {dag.py:3096} INFO - Sync 1 DAGs
[2026-04-02T05:54:39.674+0530] {logging_mixin.py:188} INFO - [2026-04-02T05:54:39.674+0530] {dag.py:3954} INFO - Setting next_dagrun for example_xcom to 2021-01-01 00:00:00+00:00, run_after=2021-01-01 00:00:00+00:00
[2026-04-02T05:54:39.684+0530] {processor.py:183} INFO - Processing /Users/aswin/Documents/data-engineering-practice/ETL_Airflow_DBT/airflow/airflow_env/lib/python3.11/site-packages/airflow/example_dags/example_xcom.py took 0.102 seconds
[2026-04-02T05:55:10.659+0530] {processor.py:161} INFO - Started process (PID=25278) to work on /Users/aswin/Documents/data-engineering-practice/ETL_Airflow_DBT/airflow/airflow_env/lib/python3.11/site-packages/airflow/example_dags/example_xcom.py
[2026-04-02T05:55:10.660+0530] {processor.py:830} INFO - Processing file /Users/aswin/Documents/data-engineering-practice/ETL_Airflow_DBT/airflow/airflow_env/lib/python3.11/site-packages/airflow/example_dags/example_xcom.py for tasks to queue
[2026-04-02T05:55:10.660+0530] {logging_mixin.py:188} INFO - [2026-04-02T05:55:10.660+0530] {dagbag.py:540} INFO - Filling up the DagBag from /Users/aswin/Documents/data-engineering-practice/ETL_Airflow_DBT/airflow/airflow_env/lib/python3.11/site-packages/airflow/example_dags/example_xcom.py
[2026-04-02T05:55:10.676+0530] {processor.py:840} INFO - DAG(s) 'example_xcom' retrieved from /Users/aswin/Documents/data-engineering-practice/ETL_Airflow_DBT/airflow/airflow_env/lib/python3.11/site-packages/airflow/example_dags/example_xcom.py
[2026-04-02T05:55:10.729+0530] {logging_mixin.py:188} INFO - [2026-04-02T05:55:10.729+0530] {dag.py:3096} INFO - Sync 1 DAGs
[2026-04-02T05:55:10.741+0530] {logging_mixin.py:188} INFO - [2026-04-02T05:55:10.741+0530] {dag.py:3954} INFO - Setting next_dagrun for example_xcom to 2021-01-01 00:00:00+00:00, run_after=2021-01-01 00:00:00+00:00
[2026-04-02T05:55:10.750+0530] {processor.py:183} INFO - Processing /Users/aswin/Documents/data-engineering-practice/ETL_Airflow_DBT/airflow/airflow_env/lib/python3.11/site-packages/airflow/example_dags/example_xcom.py took 0.092 seconds
[2026-04-02T05:55:41.610+0530] {processor.py:161} INFO - Started process (PID=25451) to work on /Users/aswin/Documents/data-engineering-practice/ETL_Airflow_DBT/airflow/airflow_env/lib/python3.11/site-packages/airflow/example_dags/example_xcom.py
[2026-04-02T05:55:41.611+0530] {processor.py:830} INFO - Processing file /Users/aswin/Documents/data-engineering-practice/ETL_Airflow_DBT/airflow/airflow_env/lib/python3.11/site-packages/airflow/example_dags/example_xcom.py for tasks to queue
[2026-04-02T05:55:41.611+0530] {logging_mixin.py:188} INFO - [2026-04-02T05:55:41.611+0530] {dagbag.py:540} INFO - Filling up the DagBag from /Users/aswin/Documents/data-engineering-practice/ETL_Airflow_DBT/airflow/airflow_env/lib/python3.11/site-packages/airflow/example_dags/example_xcom.py
[2026-04-02T05:55:41.629+0530] {processor.py:840} INFO - DAG(s) 'example_xcom' retrieved from /Users/aswin/Documents/data-engineering-practice/ETL_Airflow_DBT/airflow/airflow_env/lib/python3.11/site-packages/airflow/example_dags/example_xcom.py
[2026-04-02T05:55:41.682+0530] {logging_mixin.py:188} INFO - [2026-04-02T05:55:41.682+0530] {dag.py:3096} INFO - Sync 1 DAGs
[2026-04-02T05:55:41.691+0530] {logging_mixin.py:188} INFO - [2026-04-02T05:55:41.691+0530] {dag.py:3954} INFO - Setting next_dagrun for example_xcom to 2021-01-01 00:00:00+00:00, run_after=2021-01-01 00:00:00+00:00
[2026-04-02T05:55:41.699+0530] {processor.py:183} INFO - Processing /Users/aswin/Documents/data-engineering-practice/ETL_Airflow_DBT/airflow/airflow_env/lib/python3.11/site-packages/airflow/example_dags/example_xcom.py took 0.090 seconds
[2026-04-02T05:56:12.338+0530] {processor.py:161} INFO - Started process (PID=25583) to work on /Users/aswin/Documents/data-engineering-practice/ETL_Airflow_DBT/airflow/airflow_env/lib/python3.11/site-packages/airflow/example_dags/example_xcom.py
[2026-04-02T05:56:12.339+0530] {processor.py:830} INFO - Processing file /Users/aswin/Documents/data-engineering-practice/ETL_Airflow_DBT/airflow/airflow_env/lib/python3.11/site-packages/airflow/example_dags/example_xcom.py for tasks to queue
[2026-04-02T05:56:12.340+0530] {logging_mixin.py:188} INFO - [2026-04-02T05:56:12.340+0530] {dagbag.py:540} INFO - Filling up the DagBag from /Users/aswin/Documents/data-engineering-practice/ETL_Airflow_DBT/airflow/airflow_env/lib/python3.11/site-packages/airflow/example_dags/example_xcom.py
[2026-04-02T05:56:12.355+0530] {processor.py:840} INFO - DAG(s) 'example_xcom' retrieved from /Users/aswin/Documents/data-engineering-practice/ETL_Airflow_DBT/airflow/airflow_env/lib/python3.11/site-packages/airflow/example_dags/example_xcom.py
[2026-04-02T05:56:12.406+0530] {logging_mixin.py:188} INFO - [2026-04-02T05:56:12.405+0530] {dag.py:3096} INFO - Sync 1 DAGs
[2026-04-02T05:56:12.416+0530] {logging_mixin.py:188} INFO - [2026-04-02T05:56:12.416+0530] {dag.py:3954} INFO - Setting next_dagrun for example_xcom to 2021-01-01 00:00:00+00:00, run_after=2021-01-01 00:00:00+00:00
[2026-04-02T05:56:12.424+0530] {processor.py:183} INFO - Processing /Users/aswin/Documents/data-engineering-practice/ETL_Airflow_DBT/airflow/airflow_env/lib/python3.11/site-packages/airflow/example_dags/example_xcom.py took 0.086 seconds
[2026-04-02T05:56:43.272+0530] {processor.py:161} INFO - Started process (PID=25707) to work on /Users/aswin/Documents/data-engineering-practice/ETL_Airflow_DBT/airflow/airflow_env/lib/python3.11/site-packages/airflow/example_dags/example_xcom.py
[2026-04-02T05:56:43.273+0530] {processor.py:830} INFO - Processing file /Users/aswin/Documents/data-engineering-practice/ETL_Airflow_DBT/airflow/airflow_env/lib/python3.11/site-packages/airflow/example_dags/example_xcom.py for tasks to queue
[2026-04-02T05:56:43.273+0530] {logging_mixin.py:188} INFO - [2026-04-02T05:56:43.273+0530] {dagbag.py:540} INFO - Filling up the DagBag from /Users/aswin/Documents/data-engineering-practice/ETL_Airflow_DBT/airflow/airflow_env/lib/python3.11/site-packages/airflow/example_dags/example_xcom.py
[2026-04-02T05:56:43.289+0530] {processor.py:840} INFO - DAG(s) 'example_xcom' retrieved from /Users/aswin/Documents/data-engineering-practice/ETL_Airflow_DBT/airflow/airflow_env/lib/python3.11/site-packages/airflow/example_dags/example_xcom.py
[2026-04-02T05:56:43.339+0530] {logging_mixin.py:188} INFO - [2026-04-02T05:56:43.339+0530] {dag.py:3096} INFO - Sync 1 DAGs
[2026-04-02T05:56:43.350+0530] {logging_mixin.py:188} INFO - [2026-04-02T05:56:43.349+0530] {dag.py:3954} INFO - Setting next_dagrun for example_xcom to 2021-01-01 00:00:00+00:00, run_after=2021-01-01 00:00:00+00:00
[2026-04-02T05:56:43.357+0530] {processor.py:183} INFO - Processing /Users/aswin/Documents/data-engineering-practice/ETL_Airflow_DBT/airflow/airflow_env/lib/python3.11/site-packages/airflow/example_dags/example_xcom.py took 0.086 seconds
[2026-04-02T05:57:14.447+0530] {processor.py:161} INFO - Started process (PID=25832) to work on /Users/aswin/Documents/data-engineering-practice/ETL_Airflow_DBT/airflow/airflow_env/lib/python3.11/site-packages/airflow/example_dags/example_xcom.py
[2026-04-02T05:57:14.447+0530] {processor.py:830} INFO - Processing file /Users/aswin/Documents/data-engineering-practice/ETL_Airflow_DBT/airflow/airflow_env/lib/python3.11/site-packages/airflow/example_dags/example_xcom.py for tasks to queue
[2026-04-02T05:57:14.447+0530] {logging_mixin.py:188} INFO - [2026-04-02T05:57:14.447+0530] {dagbag.py:540} INFO - Filling up the DagBag from /Users/aswin/Documents/data-engineering-practice/ETL_Airflow_DBT/airflow/airflow_env/lib/python3.11/site-packages/airflow/example_dags/example_xcom.py
[2026-04-02T05:57:14.463+0530] {processor.py:840} INFO - DAG(s) 'example_xcom' retrieved from /Users/aswin/Documents/data-engineering-practice/ETL_Airflow_DBT/airflow/airflow_env/lib/python3.11/site-packages/airflow/example_dags/example_xcom.py
[2026-04-02T05:57:14.515+0530] {logging_mixin.py:188} INFO - [2026-04-02T05:57:14.515+0530] {dag.py:3096} INFO - Sync 1 DAGs
[2026-04-02T05:57:14.524+0530] {logging_mixin.py:188} INFO - [2026-04-02T05:57:14.524+0530] {dag.py:3954} INFO - Setting next_dagrun for example_xcom to 2021-01-01 00:00:00+00:00, run_after=2021-01-01 00:00:00+00:00
[2026-04-02T05:57:14.532+0530] {processor.py:183} INFO - Processing /Users/aswin/Documents/data-engineering-practice/ETL_Airflow_DBT/airflow/airflow_env/lib/python3.11/site-packages/airflow/example_dags/example_xcom.py took 0.086 seconds
[2026-04-02T05:57:45.357+0530] {processor.py:161} INFO - Started process (PID=25965) to work on /Users/aswin/Documents/data-engineering-practice/ETL_Airflow_DBT/airflow/airflow_env/lib/python3.11/site-packages/airflow/example_dags/example_xcom.py
[2026-04-02T05:57:45.358+0530] {processor.py:830} INFO - Processing file /Users/aswin/Documents/data-engineering-practice/ETL_Airflow_DBT/airflow/airflow_env/lib/python3.11/site-packages/airflow/example_dags/example_xcom.py for tasks to queue
[2026-04-02T05:57:45.358+0530] {logging_mixin.py:188} INFO - [2026-04-02T05:57:45.358+0530] {dagbag.py:540} INFO - Filling up the DagBag from /Users/aswin/Documents/data-engineering-practice/ETL_Airflow_DBT/airflow/airflow_env/lib/python3.11/site-packages/airflow/example_dags/example_xcom.py
[2026-04-02T05:57:45.373+0530] {processor.py:840} INFO - DAG(s) 'example_xcom' retrieved from /Users/aswin/Documents/data-engineering-practice/ETL_Airflow_DBT/airflow/airflow_env/lib/python3.11/site-packages/airflow/example_dags/example_xcom.py
[2026-04-02T05:57:45.425+0530] {logging_mixin.py:188} INFO - [2026-04-02T05:57:45.425+0530] {dag.py:3096} INFO - Sync 1 DAGs
[2026-04-02T05:57:45.436+0530] {logging_mixin.py:188} INFO - [2026-04-02T05:57:45.436+0530] {dag.py:3954} INFO - Setting next_dagrun for example_xcom to 2021-01-01 00:00:00+00:00, run_after=2021-01-01 00:00:00+00:00
[2026-04-02T05:57:45.443+0530] {processor.py:183} INFO - Processing /Users/aswin/Documents/data-engineering-practice/ETL_Airflow_DBT/airflow/airflow_env/lib/python3.11/site-packages/airflow/example_dags/example_xcom.py took 0.087 seconds
[2026-04-02T05:58:16.251+0530] {processor.py:161} INFO - Started process (PID=26089) to work on /Users/aswin/Documents/data-engineering-practice/ETL_Airflow_DBT/airflow/airflow_env/lib/python3.11/site-packages/airflow/example_dags/example_xcom.py
[2026-04-02T05:58:16.251+0530] {processor.py:830} INFO - Processing file /Users/aswin/Documents/data-engineering-practice/ETL_Airflow_DBT/airflow/airflow_env/lib/python3.11/site-packages/airflow/example_dags/example_xcom.py for tasks to queue
[2026-04-02T05:58:16.251+0530] {logging_mixin.py:188} INFO - [2026-04-02T05:58:16.251+0530] {dagbag.py:540} INFO - Filling up the DagBag from /Users/aswin/Documents/data-engineering-practice/ETL_Airflow_DBT/airflow/airflow_env/lib/python3.11/site-packages/airflow/example_dags/example_xcom.py
[2026-04-02T05:58:16.267+0530] {processor.py:840} INFO - DAG(s) 'example_xcom' retrieved from /Users/aswin/Documents/data-engineering-practice/ETL_Airflow_DBT/airflow/airflow_env/lib/python3.11/site-packages/airflow/example_dags/example_xcom.py
[2026-04-02T05:58:16.327+0530] {logging_mixin.py:188} INFO - [2026-04-02T05:58:16.327+0530] {dag.py:3096} INFO - Sync 1 DAGs
[2026-04-02T05:58:16.336+0530] {logging_mixin.py:188} INFO - [2026-04-02T05:58:16.336+0530] {dag.py:3954} INFO - Setting next_dagrun for example_xcom to 2021-01-01 00:00:00+00:00, run_after=2021-01-01 00:00:00+00:00
[2026-04-02T05:58:16.345+0530] {processor.py:183} INFO - Processing /Users/aswin/Documents/data-engineering-practice/ETL_Airflow_DBT/airflow/airflow_env/lib/python3.11/site-packages/airflow/example_dags/example_xcom.py took 0.096 seconds
[2026-04-02T05:58:47.239+0530] {processor.py:161} INFO - Started process (PID=26218) to work on /Users/aswin/Documents/data-engineering-practice/ETL_Airflow_DBT/airflow/airflow_env/lib/python3.11/site-packages/airflow/example_dags/example_xcom.py
[2026-04-02T05:58:47.239+0530] {processor.py:830} INFO - Processing file /Users/aswin/Documents/data-engineering-practice/ETL_Airflow_DBT/airflow/airflow_env/lib/python3.11/site-packages/airflow/example_dags/example_xcom.py for tasks to queue
[2026-04-02T05:58:47.240+0530] {logging_mixin.py:188} INFO - [2026-04-02T05:58:47.240+0530] {dagbag.py:540} INFO - Filling up the DagBag from /Users/aswin/Documents/data-engineering-practice/ETL_Airflow_DBT/airflow/airflow_env/lib/python3.11/site-packages/airflow/example_dags/example_xcom.py
[2026-04-02T05:58:47.255+0530] {processor.py:840} INFO - DAG(s) 'example_xcom' retrieved from /Users/aswin/Documents/data-engineering-practice/ETL_Airflow_DBT/airflow/airflow_env/lib/python3.11/site-packages/airflow/example_dags/example_xcom.py
[2026-04-02T05:58:47.306+0530] {logging_mixin.py:188} INFO - [2026-04-02T05:58:47.306+0530] {dag.py:3096} INFO - Sync 1 DAGs
[2026-04-02T05:58:47.316+0530] {logging_mixin.py:188} INFO - [2026-04-02T05:58:47.316+0530] {dag.py:3954} INFO - Setting next_dagrun for example_xcom to 2021-01-01 00:00:00+00:00, run_after=2021-01-01 00:00:00+00:00
[2026-04-02T05:58:47.325+0530] {processor.py:183} INFO - Processing /Users/aswin/Documents/data-engineering-practice/ETL_Airflow_DBT/airflow/airflow_env/lib/python3.11/site-packages/airflow/example_dags/example_xcom.py took 0.087 seconds
[2026-04-02T05:59:18.508+0530] {processor.py:161} INFO - Started process (PID=26346) to work on /Users/aswin/Documents/data-engineering-practice/ETL_Airflow_DBT/airflow/airflow_env/lib/python3.11/site-packages/airflow/example_dags/example_xcom.py
[2026-04-02T05:59:18.510+0530] {processor.py:830} INFO - Processing file /Users/aswin/Documents/data-engineering-practice/ETL_Airflow_DBT/airflow/airflow_env/lib/python3.11/site-packages/airflow/example_dags/example_xcom.py for tasks to queue
[2026-04-02T05:59:18.510+0530] {logging_mixin.py:188} INFO - [2026-04-02T05:59:18.510+0530] {dagbag.py:540} INFO - Filling up the DagBag from /Users/aswin/Documents/data-engineering-practice/ETL_Airflow_DBT/airflow/airflow_env/lib/python3.11/site-packages/airflow/example_dags/example_xcom.py
[2026-04-02T05:59:18.526+0530] {processor.py:840} INFO - DAG(s) 'example_xcom' retrieved from /Users/aswin/Documents/data-engineering-practice/ETL_Airflow_DBT/airflow/airflow_env/lib/python3.11/site-packages/airflow/example_dags/example_xcom.py
[2026-04-02T05:59:18.582+0530] {logging_mixin.py:188} INFO - [2026-04-02T05:59:18.582+0530] {dag.py:3096} INFO - Sync 1 DAGs
[2026-04-02T05:59:18.591+0530] {logging_mixin.py:188} INFO - [2026-04-02T05:59:18.591+0530] {dag.py:3954} INFO - Setting next_dagrun for example_xcom to 2021-01-01 00:00:00+00:00, run_after=2021-01-01 00:00:00+00:00
[2026-04-02T05:59:18.599+0530] {processor.py:183} INFO - Processing /Users/aswin/Documents/data-engineering-practice/ETL_Airflow_DBT/airflow/airflow_env/lib/python3.11/site-packages/airflow/example_dags/example_xcom.py took 0.092 seconds
[2026-04-02T05:59:49.329+0530] {processor.py:161} INFO - Started process (PID=26480) to work on /Users/aswin/Documents/data-engineering-practice/ETL_Airflow_DBT/airflow/airflow_env/lib/python3.11/site-packages/airflow/example_dags/example_xcom.py
[2026-04-02T05:59:49.330+0530] {processor.py:830} INFO - Processing file /Users/aswin/Documents/data-engineering-practice/ETL_Airflow_DBT/airflow/airflow_env/lib/python3.11/site-packages/airflow/example_dags/example_xcom.py for tasks to queue
[2026-04-02T05:59:49.330+0530] {logging_mixin.py:188} INFO - [2026-04-02T05:59:49.330+0530] {dagbag.py:540} INFO - Filling up the DagBag from /Users/aswin/Documents/data-engineering-practice/ETL_Airflow_DBT/airflow/airflow_env/lib/python3.11/site-packages/airflow/example_dags/example_xcom.py
[2026-04-02T05:59:49.346+0530] {processor.py:840} INFO - DAG(s) 'example_xcom' retrieved from /Users/aswin/Documents/data-engineering-practice/ETL_Airflow_DBT/airflow/airflow_env/lib/python3.11/site-packages/airflow/example_dags/example_xcom.py
[2026-04-02T05:59:49.396+0530] {logging_mixin.py:188} INFO - [2026-04-02T05:59:49.396+0530] {dag.py:3096} INFO - Sync 1 DAGs
[2026-04-02T05:59:49.405+0530] {logging_mixin.py:188} INFO - [2026-04-02T05:59:49.405+0530] {dag.py:3954} INFO - Setting next_dagrun for example_xcom to 2021-01-01 00:00:00+00:00, run_after=2021-01-01 00:00:00+00:00
[2026-04-02T05:59:49.413+0530] {processor.py:183} INFO - Processing /Users/aswin/Documents/data-engineering-practice/ETL_Airflow_DBT/airflow/airflow_env/lib/python3.11/site-packages/airflow/example_dags/example_xcom.py took 0.086 seconds
[2026-04-02T06:00:20.862+0530] {processor.py:161} INFO - Started process (PID=26606) to work on /Users/aswin/Documents/data-engineering-practice/ETL_Airflow_DBT/airflow/airflow_env/lib/python3.11/site-packages/airflow/example_dags/example_xcom.py
[2026-04-02T06:00:20.863+0530] {processor.py:830} INFO - Processing file /Users/aswin/Documents/data-engineering-practice/ETL_Airflow_DBT/airflow/airflow_env/lib/python3.11/site-packages/airflow/example_dags/example_xcom.py for tasks to queue
[2026-04-02T06:00:20.863+0530] {logging_mixin.py:188} INFO - [2026-04-02T06:00:20.863+0530] {dagbag.py:540} INFO - Filling up the DagBag from /Users/aswin/Documents/data-engineering-practice/ETL_Airflow_DBT/airflow/airflow_env/lib/python3.11/site-packages/airflow/example_dags/example_xcom.py
[2026-04-02T06:00:20.880+0530] {processor.py:840} INFO - DAG(s) 'example_xcom' retrieved from /Users/aswin/Documents/data-engineering-practice/ETL_Airflow_DBT/airflow/airflow_env/lib/python3.11/site-packages/airflow/example_dags/example_xcom.py
[2026-04-02T06:00:20.932+0530] {logging_mixin.py:188} INFO - [2026-04-02T06:00:20.931+0530] {dag.py:3096} INFO - Sync 1 DAGs
[2026-04-02T06:00:20.941+0530] {logging_mixin.py:188} INFO - [2026-04-02T06:00:20.941+0530] {dag.py:3954} INFO - Setting next_dagrun for example_xcom to 2021-01-01 00:00:00+00:00, run_after=2021-01-01 00:00:00+00:00
[2026-04-02T06:00:20.949+0530] {processor.py:183} INFO - Processing /Users/aswin/Documents/data-engineering-practice/ETL_Airflow_DBT/airflow/airflow_env/lib/python3.11/site-packages/airflow/example_dags/example_xcom.py took 0.088 seconds
[2026-04-02T06:00:51.720+0530] {processor.py:161} INFO - Started process (PID=26732) to work on /Users/aswin/Documents/data-engineering-practice/ETL_Airflow_DBT/airflow/airflow_env/lib/python3.11/site-packages/airflow/example_dags/example_xcom.py
[2026-04-02T06:00:51.721+0530] {processor.py:830} INFO - Processing file /Users/aswin/Documents/data-engineering-practice/ETL_Airflow_DBT/airflow/airflow_env/lib/python3.11/site-packages/airflow/example_dags/example_xcom.py for tasks to queue
[2026-04-02T06:00:51.721+0530] {logging_mixin.py:188} INFO - [2026-04-02T06:00:51.721+0530] {dagbag.py:540} INFO - Filling up the DagBag from /Users/aswin/Documents/data-engineering-practice/ETL_Airflow_DBT/airflow/airflow_env/lib/python3.11/site-packages/airflow/example_dags/example_xcom.py
[2026-04-02T06:00:51.739+0530] {processor.py:840} INFO - DAG(s) 'example_xcom' retrieved from /Users/aswin/Documents/data-engineering-practice/ETL_Airflow_DBT/airflow/airflow_env/lib/python3.11/site-packages/airflow/example_dags/example_xcom.py
[2026-04-02T06:00:51.796+0530] {logging_mixin.py:188} INFO - [2026-04-02T06:00:51.796+0530] {dag.py:3096} INFO - Sync 1 DAGs
[2026-04-02T06:00:51.805+0530] {logging_mixin.py:188} INFO - [2026-04-02T06:00:51.805+0530] {dag.py:3954} INFO - Setting next_dagrun for example_xcom to 2021-01-01 00:00:00+00:00, run_after=2021-01-01 00:00:00+00:00
[2026-04-02T06:00:51.815+0530] {processor.py:183} INFO - Processing /Users/aswin/Documents/data-engineering-practice/ETL_Airflow_DBT/airflow/airflow_env/lib/python3.11/site-packages/airflow/example_dags/example_xcom.py took 0.096 seconds
[2026-04-02T06:01:22.647+0530] {processor.py:161} INFO - Started process (PID=26863) to work on /Users/aswin/Documents/data-engineering-practice/ETL_Airflow_DBT/airflow/airflow_env/lib/python3.11/site-packages/airflow/example_dags/example_xcom.py
[2026-04-02T06:01:22.648+0530] {processor.py:830} INFO - Processing file /Users/aswin/Documents/data-engineering-practice/ETL_Airflow_DBT/airflow/airflow_env/lib/python3.11/site-packages/airflow/example_dags/example_xcom.py for tasks to queue
[2026-04-02T06:01:22.648+0530] {logging_mixin.py:188} INFO - [2026-04-02T06:01:22.648+0530] {dagbag.py:540} INFO - Filling up the DagBag from /Users/aswin/Documents/data-engineering-practice/ETL_Airflow_DBT/airflow/airflow_env/lib/python3.11/site-packages/airflow/example_dags/example_xcom.py
[2026-04-02T06:01:22.666+0530] {processor.py:840} INFO - DAG(s) 'example_xcom' retrieved from /Users/aswin/Documents/data-engineering-practice/ETL_Airflow_DBT/airflow/airflow_env/lib/python3.11/site-packages/airflow/example_dags/example_xcom.py
[2026-04-02T06:01:22.719+0530] {logging_mixin.py:188} INFO - [2026-04-02T06:01:22.719+0530] {dag.py:3096} INFO - Sync 1 DAGs
[2026-04-02T06:01:22.728+0530] {logging_mixin.py:188} INFO - [2026-04-02T06:01:22.727+0530] {dag.py:3954} INFO - Setting next_dagrun for example_xcom to 2021-01-01 00:00:00+00:00, run_after=2021-01-01 00:00:00+00:00
[2026-04-02T06:01:22.736+0530] {processor.py:183} INFO - Processing /Users/aswin/Documents/data-engineering-practice/ETL_Airflow_DBT/airflow/airflow_env/lib/python3.11/site-packages/airflow/example_dags/example_xcom.py took 0.091 seconds
[2026-04-02T06:01:53.477+0530] {processor.py:161} INFO - Started process (PID=26996) to work on /Users/aswin/Documents/data-engineering-practice/ETL_Airflow_DBT/airflow/airflow_env/lib/python3.11/site-packages/airflow/example_dags/example_xcom.py
[2026-04-02T06:01:53.477+0530] {processor.py:830} INFO - Processing file /Users/aswin/Documents/data-engineering-practice/ETL_Airflow_DBT/airflow/airflow_env/lib/python3.11/site-packages/airflow/example_dags/example_xcom.py for tasks to queue
[2026-04-02T06:01:53.478+0530] {logging_mixin.py:188} INFO - [2026-04-02T06:01:53.478+0530] {dagbag.py:540} INFO - Filling up the DagBag from /Users/aswin/Documents/data-engineering-practice/ETL_Airflow_DBT/airflow/airflow_env/lib/python3.11/site-packages/airflow/example_dags/example_xcom.py
[2026-04-02T06:01:53.497+0530] {processor.py:840} INFO - DAG(s) 'example_xcom' retrieved from /Users/aswin/Documents/data-engineering-practice/ETL_Airflow_DBT/airflow/airflow_env/lib/python3.11/site-packages/airflow/example_dags/example_xcom.py
[2026-04-02T06:01:53.551+0530] {logging_mixin.py:188} INFO - [2026-04-02T06:01:53.551+0530] {dag.py:3096} INFO - Sync 1 DAGs
[2026-04-02T06:01:53.561+0530] {logging_mixin.py:188} INFO - [2026-04-02T06:01:53.561+0530] {dag.py:3954} INFO - Setting next_dagrun for example_xcom to 2021-01-01 00:00:00+00:00, run_after=2021-01-01 00:00:00+00:00
[2026-04-02T06:01:53.568+0530] {processor.py:183} INFO - Processing /Users/aswin/Documents/data-engineering-practice/ETL_Airflow_DBT/airflow/airflow_env/lib/python3.11/site-packages/airflow/example_dags/example_xcom.py took 0.093 seconds
[2026-04-02T06:02:24.433+0530] {processor.py:161} INFO - Started process (PID=27132) to work on /Users/aswin/Documents/data-engineering-practice/ETL_Airflow_DBT/airflow/airflow_env/lib/python3.11/site-packages/airflow/example_dags/example_xcom.py
[2026-04-02T06:02:24.434+0530] {processor.py:830} INFO - Processing file /Users/aswin/Documents/data-engineering-practice/ETL_Airflow_DBT/airflow/airflow_env/lib/python3.11/site-packages/airflow/example_dags/example_xcom.py for tasks to queue
[2026-04-02T06:02:24.434+0530] {logging_mixin.py:188} INFO - [2026-04-02T06:02:24.434+0530] {dagbag.py:540} INFO - Filling up the DagBag from /Users/aswin/Documents/data-engineering-practice/ETL_Airflow_DBT/airflow/airflow_env/lib/python3.11/site-packages/airflow/example_dags/example_xcom.py
[2026-04-02T06:02:24.451+0530] {processor.py:840} INFO - DAG(s) 'example_xcom' retrieved from /Users/aswin/Documents/data-engineering-practice/ETL_Airflow_DBT/airflow/airflow_env/lib/python3.11/site-packages/airflow/example_dags/example_xcom.py
[2026-04-02T06:02:24.503+0530] {logging_mixin.py:188} INFO - [2026-04-02T06:02:24.503+0530] {dag.py:3096} INFO - Sync 1 DAGs
[2026-04-02T06:02:24.512+0530] {logging_mixin.py:188} INFO - [2026-04-02T06:02:24.512+0530] {dag.py:3954} INFO - Setting next_dagrun for example_xcom to 2021-01-01 00:00:00+00:00, run_after=2021-01-01 00:00:00+00:00
[2026-04-02T06:02:24.520+0530] {processor.py:183} INFO - Processing /Users/aswin/Documents/data-engineering-practice/ETL_Airflow_DBT/airflow/airflow_env/lib/python3.11/site-packages/airflow/example_dags/example_xcom.py took 0.088 seconds
[2026-04-02T06:02:55.302+0530] {processor.py:161} INFO - Started process (PID=27258) to work on /Users/aswin/Documents/data-engineering-practice/ETL_Airflow_DBT/airflow/airflow_env/lib/python3.11/site-packages/airflow/example_dags/example_xcom.py
[2026-04-02T06:02:55.302+0530] {processor.py:830} INFO - Processing file /Users/aswin/Documents/data-engineering-practice/ETL_Airflow_DBT/airflow/airflow_env/lib/python3.11/site-packages/airflow/example_dags/example_xcom.py for tasks to queue
[2026-04-02T06:02:55.303+0530] {logging_mixin.py:188} INFO - [2026-04-02T06:02:55.303+0530] {dagbag.py:540} INFO - Filling up the DagBag from /Users/aswin/Documents/data-engineering-practice/ETL_Airflow_DBT/airflow/airflow_env/lib/python3.11/site-packages/airflow/example_dags/example_xcom.py
[2026-04-02T06:02:55.320+0530] {processor.py:840} INFO - DAG(s) 'example_xcom' retrieved from /Users/aswin/Documents/data-engineering-practice/ETL_Airflow_DBT/airflow/airflow_env/lib/python3.11/site-packages/airflow/example_dags/example_xcom.py
[2026-04-02T06:02:55.373+0530] {logging_mixin.py:188} INFO - [2026-04-02T06:02:55.373+0530] {dag.py:3096} INFO - Sync 1 DAGs
[2026-04-02T06:02:55.388+0530] {logging_mixin.py:188} INFO - [2026-04-02T06:02:55.387+0530] {dag.py:3954} INFO - Setting next_dagrun for example_xcom to 2021-01-01 00:00:00+00:00, run_after=2021-01-01 00:00:00+00:00
[2026-04-02T06:02:55.397+0530] {processor.py:183} INFO - Processing /Users/aswin/Documents/data-engineering-practice/ETL_Airflow_DBT/airflow/airflow_env/lib/python3.11/site-packages/airflow/example_dags/example_xcom.py took 0.097 seconds
[2026-04-02T06:03:26.427+0530] {processor.py:161} INFO - Started process (PID=27382) to work on /Users/aswin/Documents/data-engineering-practice/ETL_Airflow_DBT/airflow/airflow_env/lib/python3.11/site-packages/airflow/example_dags/example_xcom.py
[2026-04-02T06:03:26.428+0530] {processor.py:830} INFO - Processing file /Users/aswin/Documents/data-engineering-practice/ETL_Airflow_DBT/airflow/airflow_env/lib/python3.11/site-packages/airflow/example_dags/example_xcom.py for tasks to queue
[2026-04-02T06:03:26.428+0530] {logging_mixin.py:188} INFO - [2026-04-02T06:03:26.428+0530] {dagbag.py:540} INFO - Filling up the DagBag from /Users/aswin/Documents/data-engineering-practice/ETL_Airflow_DBT/airflow/airflow_env/lib/python3.11/site-packages/airflow/example_dags/example_xcom.py
[2026-04-02T06:03:26.445+0530] {processor.py:840} INFO - DAG(s) 'example_xcom' retrieved from /Users/aswin/Documents/data-engineering-practice/ETL_Airflow_DBT/airflow/airflow_env/lib/python3.11/site-packages/airflow/example_dags/example_xcom.py
[2026-04-02T06:03:26.499+0530] {logging_mixin.py:188} INFO - [2026-04-02T06:03:26.499+0530] {dag.py:3096} INFO - Sync 1 DAGs
[2026-04-02T06:03:26.510+0530] {logging_mixin.py:188} INFO - [2026-04-02T06:03:26.510+0530] {dag.py:3954} INFO - Setting next_dagrun for example_xcom to 2021-01-01 00:00:00+00:00, run_after=2021-01-01 00:00:00+00:00
[2026-04-02T06:03:26.519+0530] {processor.py:183} INFO - Processing /Users/aswin/Documents/data-engineering-practice/ETL_Airflow_DBT/airflow/airflow_env/lib/python3.11/site-packages/airflow/example_dags/example_xcom.py took 0.093 seconds
[2026-04-02T06:03:57.777+0530] {processor.py:161} INFO - Started process (PID=27508) to work on /Users/aswin/Documents/data-engineering-practice/ETL_Airflow_DBT/airflow/airflow_env/lib/python3.11/site-packages/airflow/example_dags/example_xcom.py
[2026-04-02T06:03:57.778+0530] {processor.py:830} INFO - Processing file /Users/aswin/Documents/data-engineering-practice/ETL_Airflow_DBT/airflow/airflow_env/lib/python3.11/site-packages/airflow/example_dags/example_xcom.py for tasks to queue
[2026-04-02T06:03:57.779+0530] {logging_mixin.py:188} INFO - [2026-04-02T06:03:57.779+0530] {dagbag.py:540} INFO - Filling up the DagBag from /Users/aswin/Documents/data-engineering-practice/ETL_Airflow_DBT/airflow/airflow_env/lib/python3.11/site-packages/airflow/example_dags/example_xcom.py
[2026-04-02T06:03:57.796+0530] {processor.py:840} INFO - DAG(s) 'example_xcom' retrieved from /Users/aswin/Documents/data-engineering-practice/ETL_Airflow_DBT/airflow/airflow_env/lib/python3.11/site-packages/airflow/example_dags/example_xcom.py
[2026-04-02T06:03:57.849+0530] {logging_mixin.py:188} INFO - [2026-04-02T06:03:57.848+0530] {dag.py:3096} INFO - Sync 1 DAGs
[2026-04-02T06:03:57.857+0530] {logging_mixin.py:188} INFO - [2026-04-02T06:03:57.857+0530] {dag.py:3954} INFO - Setting next_dagrun for example_xcom to 2021-01-01 00:00:00+00:00, run_after=2021-01-01 00:00:00+00:00
[2026-04-02T06:03:57.866+0530] {processor.py:183} INFO - Processing /Users/aswin/Documents/data-engineering-practice/ETL_Airflow_DBT/airflow/airflow_env/lib/python3.11/site-packages/airflow/example_dags/example_xcom.py took 0.090 seconds
[2026-04-02T06:04:29.150+0530] {processor.py:161} INFO - Started process (PID=27649) to work on /Users/aswin/Documents/data-engineering-practice/ETL_Airflow_DBT/airflow/airflow_env/lib/python3.11/site-packages/airflow/example_dags/example_xcom.py
[2026-04-02T06:04:29.151+0530] {processor.py:830} INFO - Processing file /Users/aswin/Documents/data-engineering-practice/ETL_Airflow_DBT/airflow/airflow_env/lib/python3.11/site-packages/airflow/example_dags/example_xcom.py for tasks to queue
[2026-04-02T06:04:29.151+0530] {logging_mixin.py:188} INFO - [2026-04-02T06:04:29.151+0530] {dagbag.py:540} INFO - Filling up the DagBag from /Users/aswin/Documents/data-engineering-practice/ETL_Airflow_DBT/airflow/airflow_env/lib/python3.11/site-packages/airflow/example_dags/example_xcom.py
[2026-04-02T06:04:29.182+0530] {processor.py:840} INFO - DAG(s) 'example_xcom' retrieved from /Users/aswin/Documents/data-engineering-practice/ETL_Airflow_DBT/airflow/airflow_env/lib/python3.11/site-packages/airflow/example_dags/example_xcom.py
[2026-04-02T06:04:29.248+0530] {logging_mixin.py:188} INFO - [2026-04-02T06:04:29.248+0530] {dag.py:3096} INFO - Sync 1 DAGs
[2026-04-02T06:04:29.260+0530] {logging_mixin.py:188} INFO - [2026-04-02T06:04:29.260+0530] {dag.py:3954} INFO - Setting next_dagrun for example_xcom to 2021-01-01 00:00:00+00:00, run_after=2021-01-01 00:00:00+00:00
[2026-04-02T06:04:29.271+0530] {processor.py:183} INFO - Processing /Users/aswin/Documents/data-engineering-practice/ETL_Airflow_DBT/airflow/airflow_env/lib/python3.11/site-packages/airflow/example_dags/example_xcom.py took 0.122 seconds
[2026-04-02T06:05:00.107+0530] {processor.py:161} INFO - Started process (PID=27787) to work on /Users/aswin/Documents/data-engineering-practice/ETL_Airflow_DBT/airflow/airflow_env/lib/python3.11/site-packages/airflow/example_dags/example_xcom.py
[2026-04-02T06:05:00.108+0530] {processor.py:830} INFO - Processing file /Users/aswin/Documents/data-engineering-practice/ETL_Airflow_DBT/airflow/airflow_env/lib/python3.11/site-packages/airflow/example_dags/example_xcom.py for tasks to queue
[2026-04-02T06:05:00.108+0530] {logging_mixin.py:188} INFO - [2026-04-02T06:05:00.108+0530] {dagbag.py:540} INFO - Filling up the DagBag from /Users/aswin/Documents/data-engineering-practice/ETL_Airflow_DBT/airflow/airflow_env/lib/python3.11/site-packages/airflow/example_dags/example_xcom.py
[2026-04-02T06:05:00.125+0530] {processor.py:840} INFO - DAG(s) 'example_xcom' retrieved from /Users/aswin/Documents/data-engineering-practice/ETL_Airflow_DBT/airflow/airflow_env/lib/python3.11/site-packages/airflow/example_dags/example_xcom.py
[2026-04-02T06:05:00.182+0530] {logging_mixin.py:188} INFO - [2026-04-02T06:05:00.182+0530] {dag.py:3096} INFO - Sync 1 DAGs
[2026-04-02T06:05:00.190+0530] {logging_mixin.py:188} INFO - [2026-04-02T06:05:00.190+0530] {dag.py:3954} INFO - Setting next_dagrun for example_xcom to 2021-01-01 00:00:00+00:00, run_after=2021-01-01 00:00:00+00:00
[2026-04-02T06:05:00.198+0530] {processor.py:183} INFO - Processing /Users/aswin/Documents/data-engineering-practice/ETL_Airflow_DBT/airflow/airflow_env/lib/python3.11/site-packages/airflow/example_dags/example_xcom.py took 0.093 seconds
[2026-04-02T06:05:31.166+0530] {processor.py:161} INFO - Started process (PID=27922) to work on /Users/aswin/Documents/data-engineering-practice/ETL_Airflow_DBT/airflow/airflow_env/lib/python3.11/site-packages/airflow/example_dags/example_xcom.py
[2026-04-02T06:05:31.166+0530] {processor.py:830} INFO - Processing file /Users/aswin/Documents/data-engineering-practice/ETL_Airflow_DBT/airflow/airflow_env/lib/python3.11/site-packages/airflow/example_dags/example_xcom.py for tasks to queue
[2026-04-02T06:05:31.166+0530] {logging_mixin.py:188} INFO - [2026-04-02T06:05:31.166+0530] {dagbag.py:540} INFO - Filling up the DagBag from /Users/aswin/Documents/data-engineering-practice/ETL_Airflow_DBT/airflow/airflow_env/lib/python3.11/site-packages/airflow/example_dags/example_xcom.py
[2026-04-02T06:05:31.183+0530] {processor.py:840} INFO - DAG(s) 'example_xcom' retrieved from /Users/aswin/Documents/data-engineering-practice/ETL_Airflow_DBT/airflow/airflow_env/lib/python3.11/site-packages/airflow/example_dags/example_xcom.py
[2026-04-02T06:05:31.234+0530] {logging_mixin.py:188} INFO - [2026-04-02T06:05:31.234+0530] {dag.py:3096} INFO - Sync 1 DAGs
[2026-04-02T06:05:31.242+0530] {logging_mixin.py:188} INFO - [2026-04-02T06:05:31.242+0530] {dag.py:3954} INFO - Setting next_dagrun for example_xcom to 2021-01-01 00:00:00+00:00, run_after=2021-01-01 00:00:00+00:00
[2026-04-02T06:05:31.251+0530] {processor.py:183} INFO - Processing /Users/aswin/Documents/data-engineering-practice/ETL_Airflow_DBT/airflow/airflow_env/lib/python3.11/site-packages/airflow/example_dags/example_xcom.py took 0.086 seconds
[2026-04-02T06:06:02.463+0530] {processor.py:161} INFO - Started process (PID=28073) to work on /Users/aswin/Documents/data-engineering-practice/ETL_Airflow_DBT/airflow/airflow_env/lib/python3.11/site-packages/airflow/example_dags/example_xcom.py
[2026-04-02T06:06:02.463+0530] {processor.py:830} INFO - Processing file /Users/aswin/Documents/data-engineering-practice/ETL_Airflow_DBT/airflow/airflow_env/lib/python3.11/site-packages/airflow/example_dags/example_xcom.py for tasks to queue
[2026-04-02T06:06:02.464+0530] {logging_mixin.py:188} INFO - [2026-04-02T06:06:02.464+0530] {dagbag.py:540} INFO - Filling up the DagBag from /Users/aswin/Documents/data-engineering-practice/ETL_Airflow_DBT/airflow/airflow_env/lib/python3.11/site-packages/airflow/example_dags/example_xcom.py
[2026-04-02T06:06:02.481+0530] {processor.py:840} INFO - DAG(s) 'example_xcom' retrieved from /Users/aswin/Documents/data-engineering-practice/ETL_Airflow_DBT/airflow/airflow_env/lib/python3.11/site-packages/airflow/example_dags/example_xcom.py
[2026-04-02T06:06:02.532+0530] {logging_mixin.py:188} INFO - [2026-04-02T06:06:02.532+0530] {dag.py:3096} INFO - Sync 1 DAGs
[2026-04-02T06:06:02.540+0530] {logging_mixin.py:188} INFO - [2026-04-02T06:06:02.540+0530] {dag.py:3954} INFO - Setting next_dagrun for example_xcom to 2021-01-01 00:00:00+00:00, run_after=2021-01-01 00:00:00+00:00
[2026-04-02T06:06:02.547+0530] {processor.py:183} INFO - Processing /Users/aswin/Documents/data-engineering-practice/ETL_Airflow_DBT/airflow/airflow_env/lib/python3.11/site-packages/airflow/example_dags/example_xcom.py took 0.086 seconds
[2026-04-02T06:06:33.735+0530] {processor.py:161} INFO - Started process (PID=28200) to work on /Users/aswin/Documents/data-engineering-practice/ETL_Airflow_DBT/airflow/airflow_env/lib/python3.11/site-packages/airflow/example_dags/example_xcom.py
[2026-04-02T06:06:33.736+0530] {processor.py:830} INFO - Processing file /Users/aswin/Documents/data-engineering-practice/ETL_Airflow_DBT/airflow/airflow_env/lib/python3.11/site-packages/airflow/example_dags/example_xcom.py for tasks to queue
[2026-04-02T06:06:33.736+0530] {logging_mixin.py:188} INFO - [2026-04-02T06:06:33.736+0530] {dagbag.py:540} INFO - Filling up the DagBag from /Users/aswin/Documents/data-engineering-practice/ETL_Airflow_DBT/airflow/airflow_env/lib/python3.11/site-packages/airflow/example_dags/example_xcom.py
[2026-04-02T06:06:33.753+0530] {processor.py:840} INFO - DAG(s) 'example_xcom' retrieved from /Users/aswin/Documents/data-engineering-practice/ETL_Airflow_DBT/airflow/airflow_env/lib/python3.11/site-packages/airflow/example_dags/example_xcom.py
[2026-04-02T06:06:33.807+0530] {logging_mixin.py:188} INFO - [2026-04-02T06:06:33.806+0530] {dag.py:3096} INFO - Sync 1 DAGs
[2026-04-02T06:06:33.816+0530] {logging_mixin.py:188} INFO - [2026-04-02T06:06:33.816+0530] {dag.py:3954} INFO - Setting next_dagrun for example_xcom to 2021-01-01 00:00:00+00:00, run_after=2021-01-01 00:00:00+00:00
[2026-04-02T06:06:33.823+0530] {processor.py:183} INFO - Processing /Users/aswin/Documents/data-engineering-practice/ETL_Airflow_DBT/airflow/airflow_env/lib/python3.11/site-packages/airflow/example_dags/example_xcom.py took 0.089 seconds
[2026-04-02T06:07:04.751+0530] {processor.py:161} INFO - Started process (PID=28319) to work on /Users/aswin/Documents/data-engineering-practice/ETL_Airflow_DBT/airflow/airflow_env/lib/python3.11/site-packages/airflow/example_dags/example_xcom.py
[2026-04-02T06:07:04.752+0530] {processor.py:830} INFO - Processing file /Users/aswin/Documents/data-engineering-practice/ETL_Airflow_DBT/airflow/airflow_env/lib/python3.11/site-packages/airflow/example_dags/example_xcom.py for tasks to queue
[2026-04-02T06:07:04.752+0530] {logging_mixin.py:188} INFO - [2026-04-02T06:07:04.752+0530] {dagbag.py:540} INFO - Filling up the DagBag from /Users/aswin/Documents/data-engineering-practice/ETL_Airflow_DBT/airflow/airflow_env/lib/python3.11/site-packages/airflow/example_dags/example_xcom.py
[2026-04-02T06:07:04.769+0530] {processor.py:840} INFO - DAG(s) 'example_xcom' retrieved from /Users/aswin/Documents/data-engineering-practice/ETL_Airflow_DBT/airflow/airflow_env/lib/python3.11/site-packages/airflow/example_dags/example_xcom.py
[2026-04-02T06:07:04.820+0530] {logging_mixin.py:188} INFO - [2026-04-02T06:07:04.820+0530] {dag.py:3096} INFO - Sync 1 DAGs
[2026-04-02T06:07:04.834+0530] {logging_mixin.py:188} INFO - [2026-04-02T06:07:04.833+0530] {dag.py:3954} INFO - Setting next_dagrun for example_xcom to 2021-01-01 00:00:00+00:00, run_after=2021-01-01 00:00:00+00:00
[2026-04-02T06:07:04.846+0530] {processor.py:183} INFO - Processing /Users/aswin/Documents/data-engineering-practice/ETL_Airflow_DBT/airflow/airflow_env/lib/python3.11/site-packages/airflow/example_dags/example_xcom.py took 0.096 seconds
