[2026-04-02T05:38:03.288+0530] {processor.py:161} INFO - Started process (PID=21120) to work on /Users/aswin/Documents/data-engineering-practice/ETL_Airflow_DBT/airflow/airflow_env/lib/python3.11/site-packages/airflow/example_dags/example_trigger_target_dag.py
[2026-04-02T05:38:03.289+0530] {processor.py:830} INFO - Processing file /Users/aswin/Documents/data-engineering-practice/ETL_Airflow_DBT/airflow/airflow_env/lib/python3.11/site-packages/airflow/example_dags/example_trigger_target_dag.py for tasks to queue
[2026-04-02T05:38:03.289+0530] {logging_mixin.py:188} INFO - [2026-04-02T05:38:03.289+0530] {dagbag.py:540} INFO - Filling up the DagBag from /Users/aswin/Documents/data-engineering-practice/ETL_Airflow_DBT/airflow/airflow_env/lib/python3.11/site-packages/airflow/example_dags/example_trigger_target_dag.py
[2026-04-02T05:38:03.305+0530] {processor.py:840} INFO - DAG(s) 'example_trigger_target_dag' retrieved from /Users/aswin/Documents/data-engineering-practice/ETL_Airflow_DBT/airflow/airflow_env/lib/python3.11/site-packages/airflow/example_dags/example_trigger_target_dag.py
[2026-04-02T05:38:03.362+0530] {logging_mixin.py:188} INFO - [2026-04-02T05:38:03.362+0530] {dag.py:3096} INFO - Sync 1 DAGs
[2026-04-02T05:38:03.368+0530] {logging_mixin.py:188} INFO - [2026-04-02T05:38:03.368+0530] {dag.py:3954} INFO - Setting next_dagrun for example_trigger_target_dag to None, run_after=None
[2026-04-02T05:38:03.379+0530] {processor.py:183} INFO - Processing /Users/aswin/Documents/data-engineering-practice/ETL_Airflow_DBT/airflow/airflow_env/lib/python3.11/site-packages/airflow/example_dags/example_trigger_target_dag.py took 0.092 seconds
[2026-04-02T05:38:34.642+0530] {processor.py:161} INFO - Started process (PID=21248) to work on /Users/aswin/Documents/data-engineering-practice/ETL_Airflow_DBT/airflow/airflow_env/lib/python3.11/site-packages/airflow/example_dags/example_trigger_target_dag.py
[2026-04-02T05:38:34.644+0530] {processor.py:830} INFO - Processing file /Users/aswin/Documents/data-engineering-practice/ETL_Airflow_DBT/airflow/airflow_env/lib/python3.11/site-packages/airflow/example_dags/example_trigger_target_dag.py for tasks to queue
[2026-04-02T05:38:34.644+0530] {logging_mixin.py:188} INFO - [2026-04-02T05:38:34.644+0530] {dagbag.py:540} INFO - Filling up the DagBag from /Users/aswin/Documents/data-engineering-practice/ETL_Airflow_DBT/airflow/airflow_env/lib/python3.11/site-packages/airflow/example_dags/example_trigger_target_dag.py
[2026-04-02T05:38:34.660+0530] {processor.py:840} INFO - DAG(s) 'example_trigger_target_dag' retrieved from /Users/aswin/Documents/data-engineering-practice/ETL_Airflow_DBT/airflow/airflow_env/lib/python3.11/site-packages/airflow/example_dags/example_trigger_target_dag.py
[2026-04-02T05:38:34.710+0530] {logging_mixin.py:188} INFO - [2026-04-02T05:38:34.710+0530] {dag.py:3096} INFO - Sync 1 DAGs
[2026-04-02T05:38:34.715+0530] {logging_mixin.py:188} INFO - [2026-04-02T05:38:34.715+0530] {dag.py:3954} INFO - Setting next_dagrun for example_trigger_target_dag to None, run_after=None
[2026-04-02T05:38:34.724+0530] {processor.py:183} INFO - Processing /Users/aswin/Documents/data-engineering-practice/ETL_Airflow_DBT/airflow/airflow_env/lib/python3.11/site-packages/airflow/example_dags/example_trigger_target_dag.py took 0.082 seconds
[2026-04-02T05:39:05.828+0530] {processor.py:161} INFO - Started process (PID=21382) to work on /Users/aswin/Documents/data-engineering-practice/ETL_Airflow_DBT/airflow/airflow_env/lib/python3.11/site-packages/airflow/example_dags/example_trigger_target_dag.py
[2026-04-02T05:39:05.829+0530] {processor.py:830} INFO - Processing file /Users/aswin/Documents/data-engineering-practice/ETL_Airflow_DBT/airflow/airflow_env/lib/python3.11/site-packages/airflow/example_dags/example_trigger_target_dag.py for tasks to queue
[2026-04-02T05:39:05.830+0530] {logging_mixin.py:188} INFO - [2026-04-02T05:39:05.830+0530] {dagbag.py:540} INFO - Filling up the DagBag from /Users/aswin/Documents/data-engineering-practice/ETL_Airflow_DBT/airflow/airflow_env/lib/python3.11/site-packages/airflow/example_dags/example_trigger_target_dag.py
[2026-04-02T05:39:05.845+0530] {processor.py:840} INFO - DAG(s) 'example_trigger_target_dag' retrieved from /Users/aswin/Documents/data-engineering-practice/ETL_Airflow_DBT/airflow/airflow_env/lib/python3.11/site-packages/airflow/example_dags/example_trigger_target_dag.py
[2026-04-02T05:39:05.898+0530] {logging_mixin.py:188} INFO - [2026-04-02T05:39:05.898+0530] {dag.py:3096} INFO - Sync 1 DAGs
[2026-04-02T05:39:05.903+0530] {logging_mixin.py:188} INFO - [2026-04-02T05:39:05.903+0530] {dag.py:3954} INFO - Setting next_dagrun for example_trigger_target_dag to None, run_after=None
[2026-04-02T05:39:05.913+0530] {processor.py:183} INFO - Processing /Users/aswin/Documents/data-engineering-practice/ETL_Airflow_DBT/airflow/airflow_env/lib/python3.11/site-packages/airflow/example_dags/example_trigger_target_dag.py took 0.086 seconds
[2026-04-02T05:39:36.988+0530] {processor.py:161} INFO - Started process (PID=21508) to work on /Users/aswin/Documents/data-engineering-practice/ETL_Airflow_DBT/airflow/airflow_env/lib/python3.11/site-packages/airflow/example_dags/example_trigger_target_dag.py
[2026-04-02T05:39:36.990+0530] {processor.py:830} INFO - Processing file /Users/aswin/Documents/data-engineering-practice/ETL_Airflow_DBT/airflow/airflow_env/lib/python3.11/site-packages/airflow/example_dags/example_trigger_target_dag.py for tasks to queue
[2026-04-02T05:39:36.990+0530] {logging_mixin.py:188} INFO - [2026-04-02T05:39:36.990+0530] {dagbag.py:540} INFO - Filling up the DagBag from /Users/aswin/Documents/data-engineering-practice/ETL_Airflow_DBT/airflow/airflow_env/lib/python3.11/site-packages/airflow/example_dags/example_trigger_target_dag.py
[2026-04-02T05:39:37.006+0530] {processor.py:840} INFO - DAG(s) 'example_trigger_target_dag' retrieved from /Users/aswin/Documents/data-engineering-practice/ETL_Airflow_DBT/airflow/airflow_env/lib/python3.11/site-packages/airflow/example_dags/example_trigger_target_dag.py
[2026-04-02T05:39:37.057+0530] {logging_mixin.py:188} INFO - [2026-04-02T05:39:37.057+0530] {dag.py:3096} INFO - Sync 1 DAGs
[2026-04-02T05:39:37.065+0530] {logging_mixin.py:188} INFO - [2026-04-02T05:39:37.065+0530] {dag.py:3954} INFO - Setting next_dagrun for example_trigger_target_dag to None, run_after=None
[2026-04-02T05:39:37.074+0530] {processor.py:183} INFO - Processing /Users/aswin/Documents/data-engineering-practice/ETL_Airflow_DBT/airflow/airflow_env/lib/python3.11/site-packages/airflow/example_dags/example_trigger_target_dag.py took 0.087 seconds
[2026-04-02T05:40:08.243+0530] {processor.py:161} INFO - Started process (PID=21634) to work on /Users/aswin/Documents/data-engineering-practice/ETL_Airflow_DBT/airflow/airflow_env/lib/python3.11/site-packages/airflow/example_dags/example_trigger_target_dag.py
[2026-04-02T05:40:08.245+0530] {processor.py:830} INFO - Processing file /Users/aswin/Documents/data-engineering-practice/ETL_Airflow_DBT/airflow/airflow_env/lib/python3.11/site-packages/airflow/example_dags/example_trigger_target_dag.py for tasks to queue
[2026-04-02T05:40:08.245+0530] {logging_mixin.py:188} INFO - [2026-04-02T05:40:08.245+0530] {dagbag.py:540} INFO - Filling up the DagBag from /Users/aswin/Documents/data-engineering-practice/ETL_Airflow_DBT/airflow/airflow_env/lib/python3.11/site-packages/airflow/example_dags/example_trigger_target_dag.py
[2026-04-02T05:40:08.260+0530] {processor.py:840} INFO - DAG(s) 'example_trigger_target_dag' retrieved from /Users/aswin/Documents/data-engineering-practice/ETL_Airflow_DBT/airflow/airflow_env/lib/python3.11/site-packages/airflow/example_dags/example_trigger_target_dag.py
[2026-04-02T05:40:08.311+0530] {logging_mixin.py:188} INFO - [2026-04-02T05:40:08.311+0530] {dag.py:3096} INFO - Sync 1 DAGs
[2026-04-02T05:40:08.317+0530] {logging_mixin.py:188} INFO - [2026-04-02T05:40:08.317+0530] {dag.py:3954} INFO - Setting next_dagrun for example_trigger_target_dag to None, run_after=None
[2026-04-02T05:40:08.326+0530] {processor.py:183} INFO - Processing /Users/aswin/Documents/data-engineering-practice/ETL_Airflow_DBT/airflow/airflow_env/lib/python3.11/site-packages/airflow/example_dags/example_trigger_target_dag.py took 0.083 seconds
[2026-04-02T05:40:39.275+0530] {processor.py:161} INFO - Started process (PID=21762) to work on /Users/aswin/Documents/data-engineering-practice/ETL_Airflow_DBT/airflow/airflow_env/lib/python3.11/site-packages/airflow/example_dags/example_trigger_target_dag.py
[2026-04-02T05:40:39.276+0530] {processor.py:830} INFO - Processing file /Users/aswin/Documents/data-engineering-practice/ETL_Airflow_DBT/airflow/airflow_env/lib/python3.11/site-packages/airflow/example_dags/example_trigger_target_dag.py for tasks to queue
[2026-04-02T05:40:39.276+0530] {logging_mixin.py:188} INFO - [2026-04-02T05:40:39.276+0530] {dagbag.py:540} INFO - Filling up the DagBag from /Users/aswin/Documents/data-engineering-practice/ETL_Airflow_DBT/airflow/airflow_env/lib/python3.11/site-packages/airflow/example_dags/example_trigger_target_dag.py
[2026-04-02T05:40:39.292+0530] {processor.py:840} INFO - DAG(s) 'example_trigger_target_dag' retrieved from /Users/aswin/Documents/data-engineering-practice/ETL_Airflow_DBT/airflow/airflow_env/lib/python3.11/site-packages/airflow/example_dags/example_trigger_target_dag.py
[2026-04-02T05:40:39.343+0530] {logging_mixin.py:188} INFO - [2026-04-02T05:40:39.343+0530] {dag.py:3096} INFO - Sync 1 DAGs
[2026-04-02T05:40:39.349+0530] {logging_mixin.py:188} INFO - [2026-04-02T05:40:39.349+0530] {dag.py:3954} INFO - Setting next_dagrun for example_trigger_target_dag to None, run_after=None
[2026-04-02T05:40:39.357+0530] {processor.py:183} INFO - Processing /Users/aswin/Documents/data-engineering-practice/ETL_Airflow_DBT/airflow/airflow_env/lib/python3.11/site-packages/airflow/example_dags/example_trigger_target_dag.py took 0.083 seconds
[2026-04-02T05:41:10.467+0530] {processor.py:161} INFO - Started process (PID=21895) to work on /Users/aswin/Documents/data-engineering-practice/ETL_Airflow_DBT/airflow/airflow_env/lib/python3.11/site-packages/airflow/example_dags/example_trigger_target_dag.py
[2026-04-02T05:41:10.468+0530] {processor.py:830} INFO - Processing file /Users/aswin/Documents/data-engineering-practice/ETL_Airflow_DBT/airflow/airflow_env/lib/python3.11/site-packages/airflow/example_dags/example_trigger_target_dag.py for tasks to queue
[2026-04-02T05:41:10.468+0530] {logging_mixin.py:188} INFO - [2026-04-02T05:41:10.468+0530] {dagbag.py:540} INFO - Filling up the DagBag from /Users/aswin/Documents/data-engineering-practice/ETL_Airflow_DBT/airflow/airflow_env/lib/python3.11/site-packages/airflow/example_dags/example_trigger_target_dag.py
[2026-04-02T05:41:10.484+0530] {processor.py:840} INFO - DAG(s) 'example_trigger_target_dag' retrieved from /Users/aswin/Documents/data-engineering-practice/ETL_Airflow_DBT/airflow/airflow_env/lib/python3.11/site-packages/airflow/example_dags/example_trigger_target_dag.py
[2026-04-02T05:41:10.538+0530] {logging_mixin.py:188} INFO - [2026-04-02T05:41:10.538+0530] {dag.py:3096} INFO - Sync 1 DAGs
[2026-04-02T05:41:10.544+0530] {logging_mixin.py:188} INFO - [2026-04-02T05:41:10.544+0530] {dag.py:3954} INFO - Setting next_dagrun for example_trigger_target_dag to None, run_after=None
[2026-04-02T05:41:10.552+0530] {processor.py:183} INFO - Processing /Users/aswin/Documents/data-engineering-practice/ETL_Airflow_DBT/airflow/airflow_env/lib/python3.11/site-packages/airflow/example_dags/example_trigger_target_dag.py took 0.087 seconds
[2026-04-02T05:41:41.523+0530] {processor.py:161} INFO - Started process (PID=22021) to work on /Users/aswin/Documents/data-engineering-practice/ETL_Airflow_DBT/airflow/airflow_env/lib/python3.11/site-packages/airflow/example_dags/example_trigger_target_dag.py
[2026-04-02T05:41:41.523+0530] {processor.py:830} INFO - Processing file /Users/aswin/Documents/data-engineering-practice/ETL_Airflow_DBT/airflow/airflow_env/lib/python3.11/site-packages/airflow/example_dags/example_trigger_target_dag.py for tasks to queue
[2026-04-02T05:41:41.523+0530] {logging_mixin.py:188} INFO - [2026-04-02T05:41:41.523+0530] {dagbag.py:540} INFO - Filling up the DagBag from /Users/aswin/Documents/data-engineering-practice/ETL_Airflow_DBT/airflow/airflow_env/lib/python3.11/site-packages/airflow/example_dags/example_trigger_target_dag.py
[2026-04-02T05:41:41.539+0530] {processor.py:840} INFO - DAG(s) 'example_trigger_target_dag' retrieved from /Users/aswin/Documents/data-engineering-practice/ETL_Airflow_DBT/airflow/airflow_env/lib/python3.11/site-packages/airflow/example_dags/example_trigger_target_dag.py
[2026-04-02T05:41:41.588+0530] {logging_mixin.py:188} INFO - [2026-04-02T05:41:41.588+0530] {dag.py:3096} INFO - Sync 1 DAGs
[2026-04-02T05:41:41.594+0530] {logging_mixin.py:188} INFO - [2026-04-02T05:41:41.594+0530] {dag.py:3954} INFO - Setting next_dagrun for example_trigger_target_dag to None, run_after=None
[2026-04-02T05:41:41.603+0530] {processor.py:183} INFO - Processing /Users/aswin/Documents/data-engineering-practice/ETL_Airflow_DBT/airflow/airflow_env/lib/python3.11/site-packages/airflow/example_dags/example_trigger_target_dag.py took 0.081 seconds
[2026-04-02T05:42:12.639+0530] {processor.py:161} INFO - Started process (PID=22147) to work on /Users/aswin/Documents/data-engineering-practice/ETL_Airflow_DBT/airflow/airflow_env/lib/python3.11/site-packages/airflow/example_dags/example_trigger_target_dag.py
[2026-04-02T05:42:12.640+0530] {processor.py:830} INFO - Processing file /Users/aswin/Documents/data-engineering-practice/ETL_Airflow_DBT/airflow/airflow_env/lib/python3.11/site-packages/airflow/example_dags/example_trigger_target_dag.py for tasks to queue
[2026-04-02T05:42:12.640+0530] {logging_mixin.py:188} INFO - [2026-04-02T05:42:12.640+0530] {dagbag.py:540} INFO - Filling up the DagBag from /Users/aswin/Documents/data-engineering-practice/ETL_Airflow_DBT/airflow/airflow_env/lib/python3.11/site-packages/airflow/example_dags/example_trigger_target_dag.py
[2026-04-02T05:42:12.656+0530] {processor.py:840} INFO - DAG(s) 'example_trigger_target_dag' retrieved from /Users/aswin/Documents/data-engineering-practice/ETL_Airflow_DBT/airflow/airflow_env/lib/python3.11/site-packages/airflow/example_dags/example_trigger_target_dag.py
[2026-04-02T05:42:12.709+0530] {logging_mixin.py:188} INFO - [2026-04-02T05:42:12.708+0530] {dag.py:3096} INFO - Sync 1 DAGs
[2026-04-02T05:42:12.714+0530] {logging_mixin.py:188} INFO - [2026-04-02T05:42:12.714+0530] {dag.py:3954} INFO - Setting next_dagrun for example_trigger_target_dag to None, run_after=None
[2026-04-02T05:42:12.723+0530] {processor.py:183} INFO - Processing /Users/aswin/Documents/data-engineering-practice/ETL_Airflow_DBT/airflow/airflow_env/lib/python3.11/site-packages/airflow/example_dags/example_trigger_target_dag.py took 0.085 seconds
[2026-04-02T05:42:43.884+0530] {processor.py:161} INFO - Started process (PID=22278) to work on /Users/aswin/Documents/data-engineering-practice/ETL_Airflow_DBT/airflow/airflow_env/lib/python3.11/site-packages/airflow/example_dags/example_trigger_target_dag.py
[2026-04-02T05:42:43.885+0530] {processor.py:830} INFO - Processing file /Users/aswin/Documents/data-engineering-practice/ETL_Airflow_DBT/airflow/airflow_env/lib/python3.11/site-packages/airflow/example_dags/example_trigger_target_dag.py for tasks to queue
[2026-04-02T05:42:43.885+0530] {logging_mixin.py:188} INFO - [2026-04-02T05:42:43.885+0530] {dagbag.py:540} INFO - Filling up the DagBag from /Users/aswin/Documents/data-engineering-practice/ETL_Airflow_DBT/airflow/airflow_env/lib/python3.11/site-packages/airflow/example_dags/example_trigger_target_dag.py
[2026-04-02T05:42:43.902+0530] {processor.py:840} INFO - DAG(s) 'example_trigger_target_dag' retrieved from /Users/aswin/Documents/data-engineering-practice/ETL_Airflow_DBT/airflow/airflow_env/lib/python3.11/site-packages/airflow/example_dags/example_trigger_target_dag.py
[2026-04-02T05:42:43.951+0530] {logging_mixin.py:188} INFO - [2026-04-02T05:42:43.951+0530] {dag.py:3096} INFO - Sync 1 DAGs
[2026-04-02T05:42:43.957+0530] {logging_mixin.py:188} INFO - [2026-04-02T05:42:43.957+0530] {dag.py:3954} INFO - Setting next_dagrun for example_trigger_target_dag to None, run_after=None
[2026-04-02T05:42:43.965+0530] {processor.py:183} INFO - Processing /Users/aswin/Documents/data-engineering-practice/ETL_Airflow_DBT/airflow/airflow_env/lib/python3.11/site-packages/airflow/example_dags/example_trigger_target_dag.py took 0.082 seconds
[2026-04-02T05:43:15.096+0530] {processor.py:161} INFO - Started process (PID=22407) to work on /Users/aswin/Documents/data-engineering-practice/ETL_Airflow_DBT/airflow/airflow_env/lib/python3.11/site-packages/airflow/example_dags/example_trigger_target_dag.py
[2026-04-02T05:43:15.098+0530] {processor.py:830} INFO - Processing file /Users/aswin/Documents/data-engineering-practice/ETL_Airflow_DBT/airflow/airflow_env/lib/python3.11/site-packages/airflow/example_dags/example_trigger_target_dag.py for tasks to queue
[2026-04-02T05:43:15.098+0530] {logging_mixin.py:188} INFO - [2026-04-02T05:43:15.098+0530] {dagbag.py:540} INFO - Filling up the DagBag from /Users/aswin/Documents/data-engineering-practice/ETL_Airflow_DBT/airflow/airflow_env/lib/python3.11/site-packages/airflow/example_dags/example_trigger_target_dag.py
[2026-04-02T05:43:15.113+0530] {processor.py:840} INFO - DAG(s) 'example_trigger_target_dag' retrieved from /Users/aswin/Documents/data-engineering-practice/ETL_Airflow_DBT/airflow/airflow_env/lib/python3.11/site-packages/airflow/example_dags/example_trigger_target_dag.py
[2026-04-02T05:43:15.168+0530] {logging_mixin.py:188} INFO - [2026-04-02T05:43:15.168+0530] {dag.py:3096} INFO - Sync 1 DAGs
[2026-04-02T05:43:15.174+0530] {logging_mixin.py:188} INFO - [2026-04-02T05:43:15.174+0530] {dag.py:3954} INFO - Setting next_dagrun for example_trigger_target_dag to None, run_after=None
[2026-04-02T05:43:15.183+0530] {processor.py:183} INFO - Processing /Users/aswin/Documents/data-engineering-practice/ETL_Airflow_DBT/airflow/airflow_env/lib/python3.11/site-packages/airflow/example_dags/example_trigger_target_dag.py took 0.087 seconds
[2026-04-02T05:43:46.268+0530] {processor.py:161} INFO - Started process (PID=22545) to work on /Users/aswin/Documents/data-engineering-practice/ETL_Airflow_DBT/airflow/airflow_env/lib/python3.11/site-packages/airflow/example_dags/example_trigger_target_dag.py
[2026-04-02T05:43:46.269+0530] {processor.py:830} INFO - Processing file /Users/aswin/Documents/data-engineering-practice/ETL_Airflow_DBT/airflow/airflow_env/lib/python3.11/site-packages/airflow/example_dags/example_trigger_target_dag.py for tasks to queue
[2026-04-02T05:43:46.269+0530] {logging_mixin.py:188} INFO - [2026-04-02T05:43:46.269+0530] {dagbag.py:540} INFO - Filling up the DagBag from /Users/aswin/Documents/data-engineering-practice/ETL_Airflow_DBT/airflow/airflow_env/lib/python3.11/site-packages/airflow/example_dags/example_trigger_target_dag.py
[2026-04-02T05:43:46.284+0530] {processor.py:840} INFO - DAG(s) 'example_trigger_target_dag' retrieved from /Users/aswin/Documents/data-engineering-practice/ETL_Airflow_DBT/airflow/airflow_env/lib/python3.11/site-packages/airflow/example_dags/example_trigger_target_dag.py
[2026-04-02T05:43:46.335+0530] {logging_mixin.py:188} INFO - [2026-04-02T05:43:46.335+0530] {dag.py:3096} INFO - Sync 1 DAGs
[2026-04-02T05:43:46.340+0530] {logging_mixin.py:188} INFO - [2026-04-02T05:43:46.340+0530] {dag.py:3954} INFO - Setting next_dagrun for example_trigger_target_dag to None, run_after=None
[2026-04-02T05:43:46.348+0530] {processor.py:183} INFO - Processing /Users/aswin/Documents/data-engineering-practice/ETL_Airflow_DBT/airflow/airflow_env/lib/python3.11/site-packages/airflow/example_dags/example_trigger_target_dag.py took 0.081 seconds
[2026-04-02T05:44:17.800+0530] {processor.py:161} INFO - Started process (PID=22676) to work on /Users/aswin/Documents/data-engineering-practice/ETL_Airflow_DBT/airflow/airflow_env/lib/python3.11/site-packages/airflow/example_dags/example_trigger_target_dag.py
[2026-04-02T05:44:17.800+0530] {processor.py:830} INFO - Processing file /Users/aswin/Documents/data-engineering-practice/ETL_Airflow_DBT/airflow/airflow_env/lib/python3.11/site-packages/airflow/example_dags/example_trigger_target_dag.py for tasks to queue
[2026-04-02T05:44:17.800+0530] {logging_mixin.py:188} INFO - [2026-04-02T05:44:17.800+0530] {dagbag.py:540} INFO - Filling up the DagBag from /Users/aswin/Documents/data-engineering-practice/ETL_Airflow_DBT/airflow/airflow_env/lib/python3.11/site-packages/airflow/example_dags/example_trigger_target_dag.py
[2026-04-02T05:44:17.817+0530] {processor.py:840} INFO - DAG(s) 'example_trigger_target_dag' retrieved from /Users/aswin/Documents/data-engineering-practice/ETL_Airflow_DBT/airflow/airflow_env/lib/python3.11/site-packages/airflow/example_dags/example_trigger_target_dag.py
[2026-04-02T05:44:17.870+0530] {logging_mixin.py:188} INFO - [2026-04-02T05:44:17.870+0530] {dag.py:3096} INFO - Sync 1 DAGs
[2026-04-02T05:44:17.875+0530] {logging_mixin.py:188} INFO - [2026-04-02T05:44:17.875+0530] {dag.py:3954} INFO - Setting next_dagrun for example_trigger_target_dag to None, run_after=None
[2026-04-02T05:44:17.882+0530] {processor.py:183} INFO - Processing /Users/aswin/Documents/data-engineering-practice/ETL_Airflow_DBT/airflow/airflow_env/lib/python3.11/site-packages/airflow/example_dags/example_trigger_target_dag.py took 0.084 seconds
[2026-04-02T05:44:48.904+0530] {processor.py:161} INFO - Started process (PID=22803) to work on /Users/aswin/Documents/data-engineering-practice/ETL_Airflow_DBT/airflow/airflow_env/lib/python3.11/site-packages/airflow/example_dags/example_trigger_target_dag.py
[2026-04-02T05:44:48.905+0530] {processor.py:830} INFO - Processing file /Users/aswin/Documents/data-engineering-practice/ETL_Airflow_DBT/airflow/airflow_env/lib/python3.11/site-packages/airflow/example_dags/example_trigger_target_dag.py for tasks to queue
[2026-04-02T05:44:48.905+0530] {logging_mixin.py:188} INFO - [2026-04-02T05:44:48.905+0530] {dagbag.py:540} INFO - Filling up the DagBag from /Users/aswin/Documents/data-engineering-practice/ETL_Airflow_DBT/airflow/airflow_env/lib/python3.11/site-packages/airflow/example_dags/example_trigger_target_dag.py
[2026-04-02T05:44:48.920+0530] {processor.py:840} INFO - DAG(s) 'example_trigger_target_dag' retrieved from /Users/aswin/Documents/data-engineering-practice/ETL_Airflow_DBT/airflow/airflow_env/lib/python3.11/site-packages/airflow/example_dags/example_trigger_target_dag.py
[2026-04-02T05:44:48.973+0530] {logging_mixin.py:188} INFO - [2026-04-02T05:44:48.973+0530] {dag.py:3096} INFO - Sync 1 DAGs
[2026-04-02T05:44:48.979+0530] {logging_mixin.py:188} INFO - [2026-04-02T05:44:48.979+0530] {dag.py:3954} INFO - Setting next_dagrun for example_trigger_target_dag to None, run_after=None
[2026-04-02T05:44:48.987+0530] {processor.py:183} INFO - Processing /Users/aswin/Documents/data-engineering-practice/ETL_Airflow_DBT/airflow/airflow_env/lib/python3.11/site-packages/airflow/example_dags/example_trigger_target_dag.py took 0.085 seconds
[2026-04-02T05:45:20.604+0530] {processor.py:161} INFO - Started process (PID=22926) to work on /Users/aswin/Documents/data-engineering-practice/ETL_Airflow_DBT/airflow/airflow_env/lib/python3.11/site-packages/airflow/example_dags/example_trigger_target_dag.py
[2026-04-02T05:45:20.606+0530] {processor.py:830} INFO - Processing file /Users/aswin/Documents/data-engineering-practice/ETL_Airflow_DBT/airflow/airflow_env/lib/python3.11/site-packages/airflow/example_dags/example_trigger_target_dag.py for tasks to queue
[2026-04-02T05:45:20.606+0530] {logging_mixin.py:188} INFO - [2026-04-02T05:45:20.606+0530] {dagbag.py:540} INFO - Filling up the DagBag from /Users/aswin/Documents/data-engineering-practice/ETL_Airflow_DBT/airflow/airflow_env/lib/python3.11/site-packages/airflow/example_dags/example_trigger_target_dag.py
[2026-04-02T05:45:20.622+0530] {processor.py:840} INFO - DAG(s) 'example_trigger_target_dag' retrieved from /Users/aswin/Documents/data-engineering-practice/ETL_Airflow_DBT/airflow/airflow_env/lib/python3.11/site-packages/airflow/example_dags/example_trigger_target_dag.py
[2026-04-02T05:45:20.674+0530] {logging_mixin.py:188} INFO - [2026-04-02T05:45:20.674+0530] {dag.py:3096} INFO - Sync 1 DAGs
[2026-04-02T05:45:20.680+0530] {logging_mixin.py:188} INFO - [2026-04-02T05:45:20.680+0530] {dag.py:3954} INFO - Setting next_dagrun for example_trigger_target_dag to None, run_after=None
[2026-04-02T05:45:20.689+0530] {processor.py:183} INFO - Processing /Users/aswin/Documents/data-engineering-practice/ETL_Airflow_DBT/airflow/airflow_env/lib/python3.11/site-packages/airflow/example_dags/example_trigger_target_dag.py took 0.086 seconds
[2026-04-02T05:45:51.766+0530] {processor.py:161} INFO - Started process (PID=23040) to work on /Users/aswin/Documents/data-engineering-practice/ETL_Airflow_DBT/airflow/airflow_env/lib/python3.11/site-packages/airflow/example_dags/example_trigger_target_dag.py
[2026-04-02T05:45:51.766+0530] {processor.py:830} INFO - Processing file /Users/aswin/Documents/data-engineering-practice/ETL_Airflow_DBT/airflow/airflow_env/lib/python3.11/site-packages/airflow/example_dags/example_trigger_target_dag.py for tasks to queue
[2026-04-02T05:45:51.766+0530] {logging_mixin.py:188} INFO - [2026-04-02T05:45:51.766+0530] {dagbag.py:540} INFO - Filling up the DagBag from /Users/aswin/Documents/data-engineering-practice/ETL_Airflow_DBT/airflow/airflow_env/lib/python3.11/site-packages/airflow/example_dags/example_trigger_target_dag.py
[2026-04-02T05:45:51.783+0530] {processor.py:840} INFO - DAG(s) 'example_trigger_target_dag' retrieved from /Users/aswin/Documents/data-engineering-practice/ETL_Airflow_DBT/airflow/airflow_env/lib/python3.11/site-packages/airflow/example_dags/example_trigger_target_dag.py
[2026-04-02T05:45:51.835+0530] {logging_mixin.py:188} INFO - [2026-04-02T05:45:51.835+0530] {dag.py:3096} INFO - Sync 1 DAGs
[2026-04-02T05:45:51.840+0530] {logging_mixin.py:188} INFO - [2026-04-02T05:45:51.840+0530] {dag.py:3954} INFO - Setting next_dagrun for example_trigger_target_dag to None, run_after=None
[2026-04-02T05:45:51.848+0530] {processor.py:183} INFO - Processing /Users/aswin/Documents/data-engineering-practice/ETL_Airflow_DBT/airflow/airflow_env/lib/python3.11/site-packages/airflow/example_dags/example_trigger_target_dag.py took 0.084 seconds
[2026-04-02T05:46:22.765+0530] {processor.py:161} INFO - Started process (PID=23157) to work on /Users/aswin/Documents/data-engineering-practice/ETL_Airflow_DBT/airflow/airflow_env/lib/python3.11/site-packages/airflow/example_dags/example_trigger_target_dag.py
[2026-04-02T05:46:22.765+0530] {processor.py:830} INFO - Processing file /Users/aswin/Documents/data-engineering-practice/ETL_Airflow_DBT/airflow/airflow_env/lib/python3.11/site-packages/airflow/example_dags/example_trigger_target_dag.py for tasks to queue
[2026-04-02T05:46:22.765+0530] {logging_mixin.py:188} INFO - [2026-04-02T05:46:22.765+0530] {dagbag.py:540} INFO - Filling up the DagBag from /Users/aswin/Documents/data-engineering-practice/ETL_Airflow_DBT/airflow/airflow_env/lib/python3.11/site-packages/airflow/example_dags/example_trigger_target_dag.py
[2026-04-02T05:46:22.780+0530] {processor.py:840} INFO - DAG(s) 'example_trigger_target_dag' retrieved from /Users/aswin/Documents/data-engineering-practice/ETL_Airflow_DBT/airflow/airflow_env/lib/python3.11/site-packages/airflow/example_dags/example_trigger_target_dag.py
[2026-04-02T05:46:22.830+0530] {logging_mixin.py:188} INFO - [2026-04-02T05:46:22.830+0530] {dag.py:3096} INFO - Sync 1 DAGs
[2026-04-02T05:46:22.837+0530] {logging_mixin.py:188} INFO - [2026-04-02T05:46:22.837+0530] {dag.py:3954} INFO - Setting next_dagrun for example_trigger_target_dag to None, run_after=None
[2026-04-02T05:46:22.846+0530] {processor.py:183} INFO - Processing /Users/aswin/Documents/data-engineering-practice/ETL_Airflow_DBT/airflow/airflow_env/lib/python3.11/site-packages/airflow/example_dags/example_trigger_target_dag.py took 0.083 seconds
[2026-04-02T05:46:54.017+0530] {processor.py:161} INFO - Started process (PID=23270) to work on /Users/aswin/Documents/data-engineering-practice/ETL_Airflow_DBT/airflow/airflow_env/lib/python3.11/site-packages/airflow/example_dags/example_trigger_target_dag.py
[2026-04-02T05:46:54.018+0530] {processor.py:830} INFO - Processing file /Users/aswin/Documents/data-engineering-practice/ETL_Airflow_DBT/airflow/airflow_env/lib/python3.11/site-packages/airflow/example_dags/example_trigger_target_dag.py for tasks to queue
[2026-04-02T05:46:54.018+0530] {logging_mixin.py:188} INFO - [2026-04-02T05:46:54.018+0530] {dagbag.py:540} INFO - Filling up the DagBag from /Users/aswin/Documents/data-engineering-practice/ETL_Airflow_DBT/airflow/airflow_env/lib/python3.11/site-packages/airflow/example_dags/example_trigger_target_dag.py
[2026-04-02T05:46:54.033+0530] {processor.py:840} INFO - DAG(s) 'example_trigger_target_dag' retrieved from /Users/aswin/Documents/data-engineering-practice/ETL_Airflow_DBT/airflow/airflow_env/lib/python3.11/site-packages/airflow/example_dags/example_trigger_target_dag.py
[2026-04-02T05:46:54.084+0530] {logging_mixin.py:188} INFO - [2026-04-02T05:46:54.084+0530] {dag.py:3096} INFO - Sync 1 DAGs
[2026-04-02T05:46:54.090+0530] {logging_mixin.py:188} INFO - [2026-04-02T05:46:54.090+0530] {dag.py:3954} INFO - Setting next_dagrun for example_trigger_target_dag to None, run_after=None
[2026-04-02T05:46:54.098+0530] {processor.py:183} INFO - Processing /Users/aswin/Documents/data-engineering-practice/ETL_Airflow_DBT/airflow/airflow_env/lib/python3.11/site-packages/airflow/example_dags/example_trigger_target_dag.py took 0.082 seconds
[2026-04-02T05:47:25.379+0530] {processor.py:161} INFO - Started process (PID=23384) to work on /Users/aswin/Documents/data-engineering-practice/ETL_Airflow_DBT/airflow/airflow_env/lib/python3.11/site-packages/airflow/example_dags/example_trigger_target_dag.py
[2026-04-02T05:47:25.379+0530] {processor.py:830} INFO - Processing file /Users/aswin/Documents/data-engineering-practice/ETL_Airflow_DBT/airflow/airflow_env/lib/python3.11/site-packages/airflow/example_dags/example_trigger_target_dag.py for tasks to queue
[2026-04-02T05:47:25.379+0530] {logging_mixin.py:188} INFO - [2026-04-02T05:47:25.379+0530] {dagbag.py:540} INFO - Filling up the DagBag from /Users/aswin/Documents/data-engineering-practice/ETL_Airflow_DBT/airflow/airflow_env/lib/python3.11/site-packages/airflow/example_dags/example_trigger_target_dag.py
[2026-04-02T05:47:25.395+0530] {processor.py:840} INFO - DAG(s) 'example_trigger_target_dag' retrieved from /Users/aswin/Documents/data-engineering-practice/ETL_Airflow_DBT/airflow/airflow_env/lib/python3.11/site-packages/airflow/example_dags/example_trigger_target_dag.py
[2026-04-02T05:47:25.447+0530] {logging_mixin.py:188} INFO - [2026-04-02T05:47:25.447+0530] {dag.py:3096} INFO - Sync 1 DAGs
[2026-04-02T05:47:25.452+0530] {logging_mixin.py:188} INFO - [2026-04-02T05:47:25.452+0530] {dag.py:3954} INFO - Setting next_dagrun for example_trigger_target_dag to None, run_after=None
[2026-04-02T05:47:25.460+0530] {processor.py:183} INFO - Processing /Users/aswin/Documents/data-engineering-practice/ETL_Airflow_DBT/airflow/airflow_env/lib/python3.11/site-packages/airflow/example_dags/example_trigger_target_dag.py took 0.082 seconds
[2026-04-02T05:47:56.600+0530] {processor.py:161} INFO - Started process (PID=23500) to work on /Users/aswin/Documents/data-engineering-practice/ETL_Airflow_DBT/airflow/airflow_env/lib/python3.11/site-packages/airflow/example_dags/example_trigger_target_dag.py
[2026-04-02T05:47:56.600+0530] {processor.py:830} INFO - Processing file /Users/aswin/Documents/data-engineering-practice/ETL_Airflow_DBT/airflow/airflow_env/lib/python3.11/site-packages/airflow/example_dags/example_trigger_target_dag.py for tasks to queue
[2026-04-02T05:47:56.601+0530] {logging_mixin.py:188} INFO - [2026-04-02T05:47:56.601+0530] {dagbag.py:540} INFO - Filling up the DagBag from /Users/aswin/Documents/data-engineering-practice/ETL_Airflow_DBT/airflow/airflow_env/lib/python3.11/site-packages/airflow/example_dags/example_trigger_target_dag.py
[2026-04-02T05:47:56.617+0530] {processor.py:840} INFO - DAG(s) 'example_trigger_target_dag' retrieved from /Users/aswin/Documents/data-engineering-practice/ETL_Airflow_DBT/airflow/airflow_env/lib/python3.11/site-packages/airflow/example_dags/example_trigger_target_dag.py
[2026-04-02T05:47:56.668+0530] {logging_mixin.py:188} INFO - [2026-04-02T05:47:56.668+0530] {dag.py:3096} INFO - Sync 1 DAGs
[2026-04-02T05:47:56.674+0530] {logging_mixin.py:188} INFO - [2026-04-02T05:47:56.674+0530] {dag.py:3954} INFO - Setting next_dagrun for example_trigger_target_dag to None, run_after=None
[2026-04-02T05:47:56.682+0530] {processor.py:183} INFO - Processing /Users/aswin/Documents/data-engineering-practice/ETL_Airflow_DBT/airflow/airflow_env/lib/python3.11/site-packages/airflow/example_dags/example_trigger_target_dag.py took 0.083 seconds
[2026-04-02T05:48:28.041+0530] {processor.py:161} INFO - Started process (PID=23612) to work on /Users/aswin/Documents/data-engineering-practice/ETL_Airflow_DBT/airflow/airflow_env/lib/python3.11/site-packages/airflow/example_dags/example_trigger_target_dag.py
[2026-04-02T05:48:28.042+0530] {processor.py:830} INFO - Processing file /Users/aswin/Documents/data-engineering-practice/ETL_Airflow_DBT/airflow/airflow_env/lib/python3.11/site-packages/airflow/example_dags/example_trigger_target_dag.py for tasks to queue
[2026-04-02T05:48:28.043+0530] {logging_mixin.py:188} INFO - [2026-04-02T05:48:28.043+0530] {dagbag.py:540} INFO - Filling up the DagBag from /Users/aswin/Documents/data-engineering-practice/ETL_Airflow_DBT/airflow/airflow_env/lib/python3.11/site-packages/airflow/example_dags/example_trigger_target_dag.py
[2026-04-02T05:48:28.058+0530] {processor.py:840} INFO - DAG(s) 'example_trigger_target_dag' retrieved from /Users/aswin/Documents/data-engineering-practice/ETL_Airflow_DBT/airflow/airflow_env/lib/python3.11/site-packages/airflow/example_dags/example_trigger_target_dag.py
[2026-04-02T05:48:28.109+0530] {logging_mixin.py:188} INFO - [2026-04-02T05:48:28.109+0530] {dag.py:3096} INFO - Sync 1 DAGs
[2026-04-02T05:48:28.116+0530] {logging_mixin.py:188} INFO - [2026-04-02T05:48:28.116+0530] {dag.py:3954} INFO - Setting next_dagrun for example_trigger_target_dag to None, run_after=None
[2026-04-02T05:48:28.126+0530] {processor.py:183} INFO - Processing /Users/aswin/Documents/data-engineering-practice/ETL_Airflow_DBT/airflow/airflow_env/lib/python3.11/site-packages/airflow/example_dags/example_trigger_target_dag.py took 0.086 seconds
[2026-04-02T05:48:58.830+0530] {processor.py:161} INFO - Started process (PID=23726) to work on /Users/aswin/Documents/data-engineering-practice/ETL_Airflow_DBT/airflow/airflow_env/lib/python3.11/site-packages/airflow/example_dags/example_trigger_target_dag.py
[2026-04-02T05:48:58.831+0530] {processor.py:830} INFO - Processing file /Users/aswin/Documents/data-engineering-practice/ETL_Airflow_DBT/airflow/airflow_env/lib/python3.11/site-packages/airflow/example_dags/example_trigger_target_dag.py for tasks to queue
[2026-04-02T05:48:58.831+0530] {logging_mixin.py:188} INFO - [2026-04-02T05:48:58.831+0530] {dagbag.py:540} INFO - Filling up the DagBag from /Users/aswin/Documents/data-engineering-practice/ETL_Airflow_DBT/airflow/airflow_env/lib/python3.11/site-packages/airflow/example_dags/example_trigger_target_dag.py
[2026-04-02T05:48:58.847+0530] {processor.py:840} INFO - DAG(s) 'example_trigger_target_dag' retrieved from /Users/aswin/Documents/data-engineering-practice/ETL_Airflow_DBT/airflow/airflow_env/lib/python3.11/site-packages/airflow/example_dags/example_trigger_target_dag.py
[2026-04-02T05:48:58.899+0530] {logging_mixin.py:188} INFO - [2026-04-02T05:48:58.899+0530] {dag.py:3096} INFO - Sync 1 DAGs
[2026-04-02T05:48:58.904+0530] {logging_mixin.py:188} INFO - [2026-04-02T05:48:58.904+0530] {dag.py:3954} INFO - Setting next_dagrun for example_trigger_target_dag to None, run_after=None
[2026-04-02T05:48:58.913+0530] {processor.py:183} INFO - Processing /Users/aswin/Documents/data-engineering-practice/ETL_Airflow_DBT/airflow/airflow_env/lib/python3.11/site-packages/airflow/example_dags/example_trigger_target_dag.py took 0.084 seconds
[2026-04-02T05:49:29.721+0530] {processor.py:161} INFO - Started process (PID=23853) to work on /Users/aswin/Documents/data-engineering-practice/ETL_Airflow_DBT/airflow/airflow_env/lib/python3.11/site-packages/airflow/example_dags/example_trigger_target_dag.py
[2026-04-02T05:49:29.721+0530] {processor.py:830} INFO - Processing file /Users/aswin/Documents/data-engineering-practice/ETL_Airflow_DBT/airflow/airflow_env/lib/python3.11/site-packages/airflow/example_dags/example_trigger_target_dag.py for tasks to queue
[2026-04-02T05:49:29.722+0530] {logging_mixin.py:188} INFO - [2026-04-02T05:49:29.722+0530] {dagbag.py:540} INFO - Filling up the DagBag from /Users/aswin/Documents/data-engineering-practice/ETL_Airflow_DBT/airflow/airflow_env/lib/python3.11/site-packages/airflow/example_dags/example_trigger_target_dag.py
[2026-04-02T05:49:29.738+0530] {processor.py:840} INFO - DAG(s) 'example_trigger_target_dag' retrieved from /Users/aswin/Documents/data-engineering-practice/ETL_Airflow_DBT/airflow/airflow_env/lib/python3.11/site-packages/airflow/example_dags/example_trigger_target_dag.py
[2026-04-02T05:49:29.793+0530] {logging_mixin.py:188} INFO - [2026-04-02T05:49:29.793+0530] {dag.py:3096} INFO - Sync 1 DAGs
[2026-04-02T05:49:29.798+0530] {logging_mixin.py:188} INFO - [2026-04-02T05:49:29.798+0530] {dag.py:3954} INFO - Setting next_dagrun for example_trigger_target_dag to None, run_after=None
[2026-04-02T05:49:29.813+0530] {processor.py:183} INFO - Processing /Users/aswin/Documents/data-engineering-practice/ETL_Airflow_DBT/airflow/airflow_env/lib/python3.11/site-packages/airflow/example_dags/example_trigger_target_dag.py took 0.093 seconds
[2026-04-02T05:50:00.990+0530] {processor.py:161} INFO - Started process (PID=23994) to work on /Users/aswin/Documents/data-engineering-practice/ETL_Airflow_DBT/airflow/airflow_env/lib/python3.11/site-packages/airflow/example_dags/example_trigger_target_dag.py
[2026-04-02T05:50:00.992+0530] {processor.py:830} INFO - Processing file /Users/aswin/Documents/data-engineering-practice/ETL_Airflow_DBT/airflow/airflow_env/lib/python3.11/site-packages/airflow/example_dags/example_trigger_target_dag.py for tasks to queue
[2026-04-02T05:50:00.992+0530] {logging_mixin.py:188} INFO - [2026-04-02T05:50:00.992+0530] {dagbag.py:540} INFO - Filling up the DagBag from /Users/aswin/Documents/data-engineering-practice/ETL_Airflow_DBT/airflow/airflow_env/lib/python3.11/site-packages/airflow/example_dags/example_trigger_target_dag.py
[2026-04-02T05:50:01.007+0530] {processor.py:840} INFO - DAG(s) 'example_trigger_target_dag' retrieved from /Users/aswin/Documents/data-engineering-practice/ETL_Airflow_DBT/airflow/airflow_env/lib/python3.11/site-packages/airflow/example_dags/example_trigger_target_dag.py
[2026-04-02T05:50:01.058+0530] {logging_mixin.py:188} INFO - [2026-04-02T05:50:01.058+0530] {dag.py:3096} INFO - Sync 1 DAGs
[2026-04-02T05:50:01.064+0530] {logging_mixin.py:188} INFO - [2026-04-02T05:50:01.064+0530] {dag.py:3954} INFO - Setting next_dagrun for example_trigger_target_dag to None, run_after=None
[2026-04-02T05:50:01.072+0530] {processor.py:183} INFO - Processing /Users/aswin/Documents/data-engineering-practice/ETL_Airflow_DBT/airflow/airflow_env/lib/python3.11/site-packages/airflow/example_dags/example_trigger_target_dag.py took 0.083 seconds
[2026-04-02T05:50:31.986+0530] {processor.py:161} INFO - Started process (PID=24124) to work on /Users/aswin/Documents/data-engineering-practice/ETL_Airflow_DBT/airflow/airflow_env/lib/python3.11/site-packages/airflow/example_dags/example_trigger_target_dag.py
[2026-04-02T05:50:31.987+0530] {processor.py:830} INFO - Processing file /Users/aswin/Documents/data-engineering-practice/ETL_Airflow_DBT/airflow/airflow_env/lib/python3.11/site-packages/airflow/example_dags/example_trigger_target_dag.py for tasks to queue
[2026-04-02T05:50:31.987+0530] {logging_mixin.py:188} INFO - [2026-04-02T05:50:31.987+0530] {dagbag.py:540} INFO - Filling up the DagBag from /Users/aswin/Documents/data-engineering-practice/ETL_Airflow_DBT/airflow/airflow_env/lib/python3.11/site-packages/airflow/example_dags/example_trigger_target_dag.py
[2026-04-02T05:50:32.003+0530] {processor.py:840} INFO - DAG(s) 'example_trigger_target_dag' retrieved from /Users/aswin/Documents/data-engineering-practice/ETL_Airflow_DBT/airflow/airflow_env/lib/python3.11/site-packages/airflow/example_dags/example_trigger_target_dag.py
[2026-04-02T05:50:32.056+0530] {logging_mixin.py:188} INFO - [2026-04-02T05:50:32.056+0530] {dag.py:3096} INFO - Sync 1 DAGs
[2026-04-02T05:50:32.061+0530] {logging_mixin.py:188} INFO - [2026-04-02T05:50:32.061+0530] {dag.py:3954} INFO - Setting next_dagrun for example_trigger_target_dag to None, run_after=None
[2026-04-02T05:50:32.069+0530] {processor.py:183} INFO - Processing /Users/aswin/Documents/data-engineering-practice/ETL_Airflow_DBT/airflow/airflow_env/lib/python3.11/site-packages/airflow/example_dags/example_trigger_target_dag.py took 0.084 seconds
[2026-04-02T05:51:03.377+0530] {processor.py:161} INFO - Started process (PID=24258) to work on /Users/aswin/Documents/data-engineering-practice/ETL_Airflow_DBT/airflow/airflow_env/lib/python3.11/site-packages/airflow/example_dags/example_trigger_target_dag.py
[2026-04-02T05:51:03.378+0530] {processor.py:830} INFO - Processing file /Users/aswin/Documents/data-engineering-practice/ETL_Airflow_DBT/airflow/airflow_env/lib/python3.11/site-packages/airflow/example_dags/example_trigger_target_dag.py for tasks to queue
[2026-04-02T05:51:03.378+0530] {logging_mixin.py:188} INFO - [2026-04-02T05:51:03.378+0530] {dagbag.py:540} INFO - Filling up the DagBag from /Users/aswin/Documents/data-engineering-practice/ETL_Airflow_DBT/airflow/airflow_env/lib/python3.11/site-packages/airflow/example_dags/example_trigger_target_dag.py
[2026-04-02T05:51:03.393+0530] {processor.py:840} INFO - DAG(s) 'example_trigger_target_dag' retrieved from /Users/aswin/Documents/data-engineering-practice/ETL_Airflow_DBT/airflow/airflow_env/lib/python3.11/site-packages/airflow/example_dags/example_trigger_target_dag.py
[2026-04-02T05:51:03.448+0530] {logging_mixin.py:188} INFO - [2026-04-02T05:51:03.447+0530] {dag.py:3096} INFO - Sync 1 DAGs
[2026-04-02T05:51:03.453+0530] {logging_mixin.py:188} INFO - [2026-04-02T05:51:03.453+0530] {dag.py:3954} INFO - Setting next_dagrun for example_trigger_target_dag to None, run_after=None
[2026-04-02T05:51:03.461+0530] {processor.py:183} INFO - Processing /Users/aswin/Documents/data-engineering-practice/ETL_Airflow_DBT/airflow/airflow_env/lib/python3.11/site-packages/airflow/example_dags/example_trigger_target_dag.py took 0.085 seconds
[2026-04-02T05:51:34.769+0530] {processor.py:161} INFO - Started process (PID=24384) to work on /Users/aswin/Documents/data-engineering-practice/ETL_Airflow_DBT/airflow/airflow_env/lib/python3.11/site-packages/airflow/example_dags/example_trigger_target_dag.py
[2026-04-02T05:51:34.769+0530] {processor.py:830} INFO - Processing file /Users/aswin/Documents/data-engineering-practice/ETL_Airflow_DBT/airflow/airflow_env/lib/python3.11/site-packages/airflow/example_dags/example_trigger_target_dag.py for tasks to queue
[2026-04-02T05:51:34.769+0530] {logging_mixin.py:188} INFO - [2026-04-02T05:51:34.769+0530] {dagbag.py:540} INFO - Filling up the DagBag from /Users/aswin/Documents/data-engineering-practice/ETL_Airflow_DBT/airflow/airflow_env/lib/python3.11/site-packages/airflow/example_dags/example_trigger_target_dag.py
[2026-04-02T05:51:34.784+0530] {processor.py:840} INFO - DAG(s) 'example_trigger_target_dag' retrieved from /Users/aswin/Documents/data-engineering-practice/ETL_Airflow_DBT/airflow/airflow_env/lib/python3.11/site-packages/airflow/example_dags/example_trigger_target_dag.py
[2026-04-02T05:51:34.835+0530] {logging_mixin.py:188} INFO - [2026-04-02T05:51:34.835+0530] {dag.py:3096} INFO - Sync 1 DAGs
[2026-04-02T05:51:34.842+0530] {logging_mixin.py:188} INFO - [2026-04-02T05:51:34.842+0530] {dag.py:3954} INFO - Setting next_dagrun for example_trigger_target_dag to None, run_after=None
[2026-04-02T05:51:34.852+0530] {processor.py:183} INFO - Processing /Users/aswin/Documents/data-engineering-practice/ETL_Airflow_DBT/airflow/airflow_env/lib/python3.11/site-packages/airflow/example_dags/example_trigger_target_dag.py took 0.084 seconds
[2026-04-02T05:52:05.600+0530] {processor.py:161} INFO - Started process (PID=24510) to work on /Users/aswin/Documents/data-engineering-practice/ETL_Airflow_DBT/airflow/airflow_env/lib/python3.11/site-packages/airflow/example_dags/example_trigger_target_dag.py
[2026-04-02T05:52:05.601+0530] {processor.py:830} INFO - Processing file /Users/aswin/Documents/data-engineering-practice/ETL_Airflow_DBT/airflow/airflow_env/lib/python3.11/site-packages/airflow/example_dags/example_trigger_target_dag.py for tasks to queue
[2026-04-02T05:52:05.601+0530] {logging_mixin.py:188} INFO - [2026-04-02T05:52:05.601+0530] {dagbag.py:540} INFO - Filling up the DagBag from /Users/aswin/Documents/data-engineering-practice/ETL_Airflow_DBT/airflow/airflow_env/lib/python3.11/site-packages/airflow/example_dags/example_trigger_target_dag.py
[2026-04-02T05:52:05.617+0530] {processor.py:840} INFO - DAG(s) 'example_trigger_target_dag' retrieved from /Users/aswin/Documents/data-engineering-practice/ETL_Airflow_DBT/airflow/airflow_env/lib/python3.11/site-packages/airflow/example_dags/example_trigger_target_dag.py
[2026-04-02T05:52:05.669+0530] {logging_mixin.py:188} INFO - [2026-04-02T05:52:05.669+0530] {dag.py:3096} INFO - Sync 1 DAGs
[2026-04-02T05:52:05.675+0530] {logging_mixin.py:188} INFO - [2026-04-02T05:52:05.675+0530] {dag.py:3954} INFO - Setting next_dagrun for example_trigger_target_dag to None, run_after=None
[2026-04-02T05:52:05.684+0530] {processor.py:183} INFO - Processing /Users/aswin/Documents/data-engineering-practice/ETL_Airflow_DBT/airflow/airflow_env/lib/python3.11/site-packages/airflow/example_dags/example_trigger_target_dag.py took 0.086 seconds
[2026-04-02T05:52:36.692+0530] {processor.py:161} INFO - Started process (PID=24635) to work on /Users/aswin/Documents/data-engineering-practice/ETL_Airflow_DBT/airflow/airflow_env/lib/python3.11/site-packages/airflow/example_dags/example_trigger_target_dag.py
[2026-04-02T05:52:36.692+0530] {processor.py:830} INFO - Processing file /Users/aswin/Documents/data-engineering-practice/ETL_Airflow_DBT/airflow/airflow_env/lib/python3.11/site-packages/airflow/example_dags/example_trigger_target_dag.py for tasks to queue
[2026-04-02T05:52:36.693+0530] {logging_mixin.py:188} INFO - [2026-04-02T05:52:36.693+0530] {dagbag.py:540} INFO - Filling up the DagBag from /Users/aswin/Documents/data-engineering-practice/ETL_Airflow_DBT/airflow/airflow_env/lib/python3.11/site-packages/airflow/example_dags/example_trigger_target_dag.py
[2026-04-02T05:52:36.711+0530] {processor.py:840} INFO - DAG(s) 'example_trigger_target_dag' retrieved from /Users/aswin/Documents/data-engineering-practice/ETL_Airflow_DBT/airflow/airflow_env/lib/python3.11/site-packages/airflow/example_dags/example_trigger_target_dag.py
[2026-04-02T05:52:36.763+0530] {logging_mixin.py:188} INFO - [2026-04-02T05:52:36.763+0530] {dag.py:3096} INFO - Sync 1 DAGs
[2026-04-02T05:52:36.768+0530] {logging_mixin.py:188} INFO - [2026-04-02T05:52:36.768+0530] {dag.py:3954} INFO - Setting next_dagrun for example_trigger_target_dag to None, run_after=None
[2026-04-02T05:52:36.776+0530] {processor.py:183} INFO - Processing /Users/aswin/Documents/data-engineering-practice/ETL_Airflow_DBT/airflow/airflow_env/lib/python3.11/site-packages/airflow/example_dags/example_trigger_target_dag.py took 0.086 seconds
[2026-04-02T05:53:07.469+0530] {processor.py:161} INFO - Started process (PID=24759) to work on /Users/aswin/Documents/data-engineering-practice/ETL_Airflow_DBT/airflow/airflow_env/lib/python3.11/site-packages/airflow/example_dags/example_trigger_target_dag.py
[2026-04-02T05:53:07.470+0530] {processor.py:830} INFO - Processing file /Users/aswin/Documents/data-engineering-practice/ETL_Airflow_DBT/airflow/airflow_env/lib/python3.11/site-packages/airflow/example_dags/example_trigger_target_dag.py for tasks to queue
[2026-04-02T05:53:07.470+0530] {logging_mixin.py:188} INFO - [2026-04-02T05:53:07.470+0530] {dagbag.py:540} INFO - Filling up the DagBag from /Users/aswin/Documents/data-engineering-practice/ETL_Airflow_DBT/airflow/airflow_env/lib/python3.11/site-packages/airflow/example_dags/example_trigger_target_dag.py
[2026-04-02T05:53:07.485+0530] {processor.py:840} INFO - DAG(s) 'example_trigger_target_dag' retrieved from /Users/aswin/Documents/data-engineering-practice/ETL_Airflow_DBT/airflow/airflow_env/lib/python3.11/site-packages/airflow/example_dags/example_trigger_target_dag.py
[2026-04-02T05:53:07.534+0530] {logging_mixin.py:188} INFO - [2026-04-02T05:53:07.534+0530] {dag.py:3096} INFO - Sync 1 DAGs
[2026-04-02T05:53:07.540+0530] {logging_mixin.py:188} INFO - [2026-04-02T05:53:07.540+0530] {dag.py:3954} INFO - Setting next_dagrun for example_trigger_target_dag to None, run_after=None
[2026-04-02T05:53:07.548+0530] {processor.py:183} INFO - Processing /Users/aswin/Documents/data-engineering-practice/ETL_Airflow_DBT/airflow/airflow_env/lib/python3.11/site-packages/airflow/example_dags/example_trigger_target_dag.py took 0.080 seconds
[2026-04-02T05:53:38.387+0530] {processor.py:161} INFO - Started process (PID=24885) to work on /Users/aswin/Documents/data-engineering-practice/ETL_Airflow_DBT/airflow/airflow_env/lib/python3.11/site-packages/airflow/example_dags/example_trigger_target_dag.py
[2026-04-02T05:53:38.387+0530] {processor.py:830} INFO - Processing file /Users/aswin/Documents/data-engineering-practice/ETL_Airflow_DBT/airflow/airflow_env/lib/python3.11/site-packages/airflow/example_dags/example_trigger_target_dag.py for tasks to queue
[2026-04-02T05:53:38.387+0530] {logging_mixin.py:188} INFO - [2026-04-02T05:53:38.387+0530] {dagbag.py:540} INFO - Filling up the DagBag from /Users/aswin/Documents/data-engineering-practice/ETL_Airflow_DBT/airflow/airflow_env/lib/python3.11/site-packages/airflow/example_dags/example_trigger_target_dag.py
[2026-04-02T05:53:38.402+0530] {processor.py:840} INFO - DAG(s) 'example_trigger_target_dag' retrieved from /Users/aswin/Documents/data-engineering-practice/ETL_Airflow_DBT/airflow/airflow_env/lib/python3.11/site-packages/airflow/example_dags/example_trigger_target_dag.py
[2026-04-02T05:53:38.454+0530] {logging_mixin.py:188} INFO - [2026-04-02T05:53:38.454+0530] {dag.py:3096} INFO - Sync 1 DAGs
[2026-04-02T05:53:38.460+0530] {logging_mixin.py:188} INFO - [2026-04-02T05:53:38.460+0530] {dag.py:3954} INFO - Setting next_dagrun for example_trigger_target_dag to None, run_after=None
[2026-04-02T05:53:38.469+0530] {processor.py:183} INFO - Processing /Users/aswin/Documents/data-engineering-practice/ETL_Airflow_DBT/airflow/airflow_env/lib/python3.11/site-packages/airflow/example_dags/example_trigger_target_dag.py took 0.083 seconds
[2026-04-02T05:54:09.208+0530] {processor.py:161} INFO - Started process (PID=25020) to work on /Users/aswin/Documents/data-engineering-practice/ETL_Airflow_DBT/airflow/airflow_env/lib/python3.11/site-packages/airflow/example_dags/example_trigger_target_dag.py
[2026-04-02T05:54:09.209+0530] {processor.py:830} INFO - Processing file /Users/aswin/Documents/data-engineering-practice/ETL_Airflow_DBT/airflow/airflow_env/lib/python3.11/site-packages/airflow/example_dags/example_trigger_target_dag.py for tasks to queue
[2026-04-02T05:54:09.209+0530] {logging_mixin.py:188} INFO - [2026-04-02T05:54:09.209+0530] {dagbag.py:540} INFO - Filling up the DagBag from /Users/aswin/Documents/data-engineering-practice/ETL_Airflow_DBT/airflow/airflow_env/lib/python3.11/site-packages/airflow/example_dags/example_trigger_target_dag.py
[2026-04-02T05:54:09.224+0530] {processor.py:840} INFO - DAG(s) 'example_trigger_target_dag' retrieved from /Users/aswin/Documents/data-engineering-practice/ETL_Airflow_DBT/airflow/airflow_env/lib/python3.11/site-packages/airflow/example_dags/example_trigger_target_dag.py
[2026-04-02T05:54:09.277+0530] {logging_mixin.py:188} INFO - [2026-04-02T05:54:09.276+0530] {dag.py:3096} INFO - Sync 1 DAGs
[2026-04-02T05:54:09.282+0530] {logging_mixin.py:188} INFO - [2026-04-02T05:54:09.282+0530] {dag.py:3954} INFO - Setting next_dagrun for example_trigger_target_dag to None, run_after=None
[2026-04-02T05:54:09.290+0530] {processor.py:183} INFO - Processing /Users/aswin/Documents/data-engineering-practice/ETL_Airflow_DBT/airflow/airflow_env/lib/python3.11/site-packages/airflow/example_dags/example_trigger_target_dag.py took 0.084 seconds
[2026-04-02T05:54:40.278+0530] {processor.py:161} INFO - Started process (PID=25154) to work on /Users/aswin/Documents/data-engineering-practice/ETL_Airflow_DBT/airflow/airflow_env/lib/python3.11/site-packages/airflow/example_dags/example_trigger_target_dag.py
[2026-04-02T05:54:40.279+0530] {processor.py:830} INFO - Processing file /Users/aswin/Documents/data-engineering-practice/ETL_Airflow_DBT/airflow/airflow_env/lib/python3.11/site-packages/airflow/example_dags/example_trigger_target_dag.py for tasks to queue
[2026-04-02T05:54:40.279+0530] {logging_mixin.py:188} INFO - [2026-04-02T05:54:40.279+0530] {dagbag.py:540} INFO - Filling up the DagBag from /Users/aswin/Documents/data-engineering-practice/ETL_Airflow_DBT/airflow/airflow_env/lib/python3.11/site-packages/airflow/example_dags/example_trigger_target_dag.py
[2026-04-02T05:54:40.296+0530] {processor.py:840} INFO - DAG(s) 'example_trigger_target_dag' retrieved from /Users/aswin/Documents/data-engineering-practice/ETL_Airflow_DBT/airflow/airflow_env/lib/python3.11/site-packages/airflow/example_dags/example_trigger_target_dag.py
[2026-04-02T05:54:40.359+0530] {logging_mixin.py:188} INFO - [2026-04-02T05:54:40.359+0530] {dag.py:3096} INFO - Sync 1 DAGs
[2026-04-02T05:54:40.364+0530] {logging_mixin.py:188} INFO - [2026-04-02T05:54:40.364+0530] {dag.py:3954} INFO - Setting next_dagrun for example_trigger_target_dag to None, run_after=None
[2026-04-02T05:54:40.373+0530] {processor.py:183} INFO - Processing /Users/aswin/Documents/data-engineering-practice/ETL_Airflow_DBT/airflow/airflow_env/lib/python3.11/site-packages/airflow/example_dags/example_trigger_target_dag.py took 0.096 seconds
[2026-04-02T05:55:11.253+0530] {processor.py:161} INFO - Started process (PID=25280) to work on /Users/aswin/Documents/data-engineering-practice/ETL_Airflow_DBT/airflow/airflow_env/lib/python3.11/site-packages/airflow/example_dags/example_trigger_target_dag.py
[2026-04-02T05:55:11.253+0530] {processor.py:830} INFO - Processing file /Users/aswin/Documents/data-engineering-practice/ETL_Airflow_DBT/airflow/airflow_env/lib/python3.11/site-packages/airflow/example_dags/example_trigger_target_dag.py for tasks to queue
[2026-04-02T05:55:11.253+0530] {logging_mixin.py:188} INFO - [2026-04-02T05:55:11.253+0530] {dagbag.py:540} INFO - Filling up the DagBag from /Users/aswin/Documents/data-engineering-practice/ETL_Airflow_DBT/airflow/airflow_env/lib/python3.11/site-packages/airflow/example_dags/example_trigger_target_dag.py
[2026-04-02T05:55:11.269+0530] {processor.py:840} INFO - DAG(s) 'example_trigger_target_dag' retrieved from /Users/aswin/Documents/data-engineering-practice/ETL_Airflow_DBT/airflow/airflow_env/lib/python3.11/site-packages/airflow/example_dags/example_trigger_target_dag.py
[2026-04-02T05:55:11.319+0530] {logging_mixin.py:188} INFO - [2026-04-02T05:55:11.319+0530] {dag.py:3096} INFO - Sync 1 DAGs
[2026-04-02T05:55:11.324+0530] {logging_mixin.py:188} INFO - [2026-04-02T05:55:11.324+0530] {dag.py:3954} INFO - Setting next_dagrun for example_trigger_target_dag to None, run_after=None
[2026-04-02T05:55:11.333+0530] {processor.py:183} INFO - Processing /Users/aswin/Documents/data-engineering-practice/ETL_Airflow_DBT/airflow/airflow_env/lib/python3.11/site-packages/airflow/example_dags/example_trigger_target_dag.py took 0.082 seconds
[2026-04-02T05:55:42.142+0530] {processor.py:161} INFO - Started process (PID=25452) to work on /Users/aswin/Documents/data-engineering-practice/ETL_Airflow_DBT/airflow/airflow_env/lib/python3.11/site-packages/airflow/example_dags/example_trigger_target_dag.py
[2026-04-02T05:55:42.142+0530] {processor.py:830} INFO - Processing file /Users/aswin/Documents/data-engineering-practice/ETL_Airflow_DBT/airflow/airflow_env/lib/python3.11/site-packages/airflow/example_dags/example_trigger_target_dag.py for tasks to queue
[2026-04-02T05:55:42.143+0530] {logging_mixin.py:188} INFO - [2026-04-02T05:55:42.142+0530] {dagbag.py:540} INFO - Filling up the DagBag from /Users/aswin/Documents/data-engineering-practice/ETL_Airflow_DBT/airflow/airflow_env/lib/python3.11/site-packages/airflow/example_dags/example_trigger_target_dag.py
[2026-04-02T05:55:42.157+0530] {processor.py:840} INFO - DAG(s) 'example_trigger_target_dag' retrieved from /Users/aswin/Documents/data-engineering-practice/ETL_Airflow_DBT/airflow/airflow_env/lib/python3.11/site-packages/airflow/example_dags/example_trigger_target_dag.py
[2026-04-02T05:55:42.209+0530] {logging_mixin.py:188} INFO - [2026-04-02T05:55:42.209+0530] {dag.py:3096} INFO - Sync 1 DAGs
[2026-04-02T05:55:42.216+0530] {logging_mixin.py:188} INFO - [2026-04-02T05:55:42.216+0530] {dag.py:3954} INFO - Setting next_dagrun for example_trigger_target_dag to None, run_after=None
[2026-04-02T05:55:42.223+0530] {processor.py:183} INFO - Processing /Users/aswin/Documents/data-engineering-practice/ETL_Airflow_DBT/airflow/airflow_env/lib/python3.11/site-packages/airflow/example_dags/example_trigger_target_dag.py took 0.083 seconds
[2026-04-02T05:56:13.009+0530] {processor.py:161} INFO - Started process (PID=25585) to work on /Users/aswin/Documents/data-engineering-practice/ETL_Airflow_DBT/airflow/airflow_env/lib/python3.11/site-packages/airflow/example_dags/example_trigger_target_dag.py
[2026-04-02T05:56:13.011+0530] {processor.py:830} INFO - Processing file /Users/aswin/Documents/data-engineering-practice/ETL_Airflow_DBT/airflow/airflow_env/lib/python3.11/site-packages/airflow/example_dags/example_trigger_target_dag.py for tasks to queue
[2026-04-02T05:56:13.011+0530] {logging_mixin.py:188} INFO - [2026-04-02T05:56:13.011+0530] {dagbag.py:540} INFO - Filling up the DagBag from /Users/aswin/Documents/data-engineering-practice/ETL_Airflow_DBT/airflow/airflow_env/lib/python3.11/site-packages/airflow/example_dags/example_trigger_target_dag.py
[2026-04-02T05:56:13.026+0530] {processor.py:840} INFO - DAG(s) 'example_trigger_target_dag' retrieved from /Users/aswin/Documents/data-engineering-practice/ETL_Airflow_DBT/airflow/airflow_env/lib/python3.11/site-packages/airflow/example_dags/example_trigger_target_dag.py
[2026-04-02T05:56:13.078+0530] {logging_mixin.py:188} INFO - [2026-04-02T05:56:13.078+0530] {dag.py:3096} INFO - Sync 1 DAGs
[2026-04-02T05:56:13.085+0530] {logging_mixin.py:188} INFO - [2026-04-02T05:56:13.085+0530] {dag.py:3954} INFO - Setting next_dagrun for example_trigger_target_dag to None, run_after=None
[2026-04-02T05:56:13.094+0530] {processor.py:183} INFO - Processing /Users/aswin/Documents/data-engineering-practice/ETL_Airflow_DBT/airflow/airflow_env/lib/python3.11/site-packages/airflow/example_dags/example_trigger_target_dag.py took 0.085 seconds
[2026-04-02T05:56:43.950+0530] {processor.py:161} INFO - Started process (PID=25709) to work on /Users/aswin/Documents/data-engineering-practice/ETL_Airflow_DBT/airflow/airflow_env/lib/python3.11/site-packages/airflow/example_dags/example_trigger_target_dag.py
[2026-04-02T05:56:43.952+0530] {processor.py:830} INFO - Processing file /Users/aswin/Documents/data-engineering-practice/ETL_Airflow_DBT/airflow/airflow_env/lib/python3.11/site-packages/airflow/example_dags/example_trigger_target_dag.py for tasks to queue
[2026-04-02T05:56:43.952+0530] {logging_mixin.py:188} INFO - [2026-04-02T05:56:43.952+0530] {dagbag.py:540} INFO - Filling up the DagBag from /Users/aswin/Documents/data-engineering-practice/ETL_Airflow_DBT/airflow/airflow_env/lib/python3.11/site-packages/airflow/example_dags/example_trigger_target_dag.py
[2026-04-02T05:56:43.967+0530] {processor.py:840} INFO - DAG(s) 'example_trigger_target_dag' retrieved from /Users/aswin/Documents/data-engineering-practice/ETL_Airflow_DBT/airflow/airflow_env/lib/python3.11/site-packages/airflow/example_dags/example_trigger_target_dag.py
[2026-04-02T05:56:44.021+0530] {logging_mixin.py:188} INFO - [2026-04-02T05:56:44.021+0530] {dag.py:3096} INFO - Sync 1 DAGs
[2026-04-02T05:56:44.026+0530] {logging_mixin.py:188} INFO - [2026-04-02T05:56:44.026+0530] {dag.py:3954} INFO - Setting next_dagrun for example_trigger_target_dag to None, run_after=None
[2026-04-02T05:56:44.037+0530] {processor.py:183} INFO - Processing /Users/aswin/Documents/data-engineering-practice/ETL_Airflow_DBT/airflow/airflow_env/lib/python3.11/site-packages/airflow/example_dags/example_trigger_target_dag.py took 0.088 seconds
[2026-04-02T05:57:14.711+0530] {processor.py:161} INFO - Started process (PID=25833) to work on /Users/aswin/Documents/data-engineering-practice/ETL_Airflow_DBT/airflow/airflow_env/lib/python3.11/site-packages/airflow/example_dags/example_trigger_target_dag.py
[2026-04-02T05:57:14.712+0530] {processor.py:830} INFO - Processing file /Users/aswin/Documents/data-engineering-practice/ETL_Airflow_DBT/airflow/airflow_env/lib/python3.11/site-packages/airflow/example_dags/example_trigger_target_dag.py for tasks to queue
[2026-04-02T05:57:14.713+0530] {logging_mixin.py:188} INFO - [2026-04-02T05:57:14.713+0530] {dagbag.py:540} INFO - Filling up the DagBag from /Users/aswin/Documents/data-engineering-practice/ETL_Airflow_DBT/airflow/airflow_env/lib/python3.11/site-packages/airflow/example_dags/example_trigger_target_dag.py
[2026-04-02T05:57:14.727+0530] {processor.py:840} INFO - DAG(s) 'example_trigger_target_dag' retrieved from /Users/aswin/Documents/data-engineering-practice/ETL_Airflow_DBT/airflow/airflow_env/lib/python3.11/site-packages/airflow/example_dags/example_trigger_target_dag.py
[2026-04-02T05:57:14.781+0530] {logging_mixin.py:188} INFO - [2026-04-02T05:57:14.781+0530] {dag.py:3096} INFO - Sync 1 DAGs
[2026-04-02T05:57:14.787+0530] {logging_mixin.py:188} INFO - [2026-04-02T05:57:14.787+0530] {dag.py:3954} INFO - Setting next_dagrun for example_trigger_target_dag to None, run_after=None
[2026-04-02T05:57:14.795+0530] {processor.py:183} INFO - Processing /Users/aswin/Documents/data-engineering-practice/ETL_Airflow_DBT/airflow/airflow_env/lib/python3.11/site-packages/airflow/example_dags/example_trigger_target_dag.py took 0.085 seconds
[2026-04-02T05:57:46.032+0530] {processor.py:161} INFO - Started process (PID=25967) to work on /Users/aswin/Documents/data-engineering-practice/ETL_Airflow_DBT/airflow/airflow_env/lib/python3.11/site-packages/airflow/example_dags/example_trigger_target_dag.py
[2026-04-02T05:57:46.033+0530] {processor.py:830} INFO - Processing file /Users/aswin/Documents/data-engineering-practice/ETL_Airflow_DBT/airflow/airflow_env/lib/python3.11/site-packages/airflow/example_dags/example_trigger_target_dag.py for tasks to queue
[2026-04-02T05:57:46.033+0530] {logging_mixin.py:188} INFO - [2026-04-02T05:57:46.033+0530] {dagbag.py:540} INFO - Filling up the DagBag from /Users/aswin/Documents/data-engineering-practice/ETL_Airflow_DBT/airflow/airflow_env/lib/python3.11/site-packages/airflow/example_dags/example_trigger_target_dag.py
[2026-04-02T05:57:46.049+0530] {processor.py:840} INFO - DAG(s) 'example_trigger_target_dag' retrieved from /Users/aswin/Documents/data-engineering-practice/ETL_Airflow_DBT/airflow/airflow_env/lib/python3.11/site-packages/airflow/example_dags/example_trigger_target_dag.py
[2026-04-02T05:57:46.103+0530] {logging_mixin.py:188} INFO - [2026-04-02T05:57:46.103+0530] {dag.py:3096} INFO - Sync 1 DAGs
[2026-04-02T05:57:46.109+0530] {logging_mixin.py:188} INFO - [2026-04-02T05:57:46.109+0530] {dag.py:3954} INFO - Setting next_dagrun for example_trigger_target_dag to None, run_after=None
[2026-04-02T05:57:46.117+0530] {processor.py:183} INFO - Processing /Users/aswin/Documents/data-engineering-practice/ETL_Airflow_DBT/airflow/airflow_env/lib/python3.11/site-packages/airflow/example_dags/example_trigger_target_dag.py took 0.086 seconds
[2026-04-02T05:58:16.948+0530] {processor.py:161} INFO - Started process (PID=26094) to work on /Users/aswin/Documents/data-engineering-practice/ETL_Airflow_DBT/airflow/airflow_env/lib/python3.11/site-packages/airflow/example_dags/example_trigger_target_dag.py
[2026-04-02T05:58:16.948+0530] {processor.py:830} INFO - Processing file /Users/aswin/Documents/data-engineering-practice/ETL_Airflow_DBT/airflow/airflow_env/lib/python3.11/site-packages/airflow/example_dags/example_trigger_target_dag.py for tasks to queue
[2026-04-02T05:58:16.948+0530] {logging_mixin.py:188} INFO - [2026-04-02T05:58:16.948+0530] {dagbag.py:540} INFO - Filling up the DagBag from /Users/aswin/Documents/data-engineering-practice/ETL_Airflow_DBT/airflow/airflow_env/lib/python3.11/site-packages/airflow/example_dags/example_trigger_target_dag.py
[2026-04-02T05:58:16.963+0530] {processor.py:840} INFO - DAG(s) 'example_trigger_target_dag' retrieved from /Users/aswin/Documents/data-engineering-practice/ETL_Airflow_DBT/airflow/airflow_env/lib/python3.11/site-packages/airflow/example_dags/example_trigger_target_dag.py
[2026-04-02T05:58:17.013+0530] {logging_mixin.py:188} INFO - [2026-04-02T05:58:17.013+0530] {dag.py:3096} INFO - Sync 1 DAGs
[2026-04-02T05:58:17.020+0530] {logging_mixin.py:188} INFO - [2026-04-02T05:58:17.020+0530] {dag.py:3954} INFO - Setting next_dagrun for example_trigger_target_dag to None, run_after=None
[2026-04-02T05:58:17.029+0530] {processor.py:183} INFO - Processing /Users/aswin/Documents/data-engineering-practice/ETL_Airflow_DBT/airflow/airflow_env/lib/python3.11/site-packages/airflow/example_dags/example_trigger_target_dag.py took 0.083 seconds
[2026-04-02T05:58:47.910+0530] {processor.py:161} INFO - Started process (PID=26220) to work on /Users/aswin/Documents/data-engineering-practice/ETL_Airflow_DBT/airflow/airflow_env/lib/python3.11/site-packages/airflow/example_dags/example_trigger_target_dag.py
[2026-04-02T05:58:47.910+0530] {processor.py:830} INFO - Processing file /Users/aswin/Documents/data-engineering-practice/ETL_Airflow_DBT/airflow/airflow_env/lib/python3.11/site-packages/airflow/example_dags/example_trigger_target_dag.py for tasks to queue
[2026-04-02T05:58:47.911+0530] {logging_mixin.py:188} INFO - [2026-04-02T05:58:47.911+0530] {dagbag.py:540} INFO - Filling up the DagBag from /Users/aswin/Documents/data-engineering-practice/ETL_Airflow_DBT/airflow/airflow_env/lib/python3.11/site-packages/airflow/example_dags/example_trigger_target_dag.py
[2026-04-02T05:58:47.926+0530] {processor.py:840} INFO - DAG(s) 'example_trigger_target_dag' retrieved from /Users/aswin/Documents/data-engineering-practice/ETL_Airflow_DBT/airflow/airflow_env/lib/python3.11/site-packages/airflow/example_dags/example_trigger_target_dag.py
[2026-04-02T05:58:47.977+0530] {logging_mixin.py:188} INFO - [2026-04-02T05:58:47.976+0530] {dag.py:3096} INFO - Sync 1 DAGs
[2026-04-02T05:58:47.983+0530] {logging_mixin.py:188} INFO - [2026-04-02T05:58:47.983+0530] {dag.py:3954} INFO - Setting next_dagrun for example_trigger_target_dag to None, run_after=None
[2026-04-02T05:58:47.992+0530] {processor.py:183} INFO - Processing /Users/aswin/Documents/data-engineering-practice/ETL_Airflow_DBT/airflow/airflow_env/lib/python3.11/site-packages/airflow/example_dags/example_trigger_target_dag.py took 0.083 seconds
[2026-04-02T05:59:19.293+0530] {processor.py:161} INFO - Started process (PID=26348) to work on /Users/aswin/Documents/data-engineering-practice/ETL_Airflow_DBT/airflow/airflow_env/lib/python3.11/site-packages/airflow/example_dags/example_trigger_target_dag.py
[2026-04-02T05:59:19.294+0530] {processor.py:830} INFO - Processing file /Users/aswin/Documents/data-engineering-practice/ETL_Airflow_DBT/airflow/airflow_env/lib/python3.11/site-packages/airflow/example_dags/example_trigger_target_dag.py for tasks to queue
[2026-04-02T05:59:19.295+0530] {logging_mixin.py:188} INFO - [2026-04-02T05:59:19.295+0530] {dagbag.py:540} INFO - Filling up the DagBag from /Users/aswin/Documents/data-engineering-practice/ETL_Airflow_DBT/airflow/airflow_env/lib/python3.11/site-packages/airflow/example_dags/example_trigger_target_dag.py
[2026-04-02T05:59:19.311+0530] {processor.py:840} INFO - DAG(s) 'example_trigger_target_dag' retrieved from /Users/aswin/Documents/data-engineering-practice/ETL_Airflow_DBT/airflow/airflow_env/lib/python3.11/site-packages/airflow/example_dags/example_trigger_target_dag.py
[2026-04-02T05:59:19.367+0530] {logging_mixin.py:188} INFO - [2026-04-02T05:59:19.366+0530] {dag.py:3096} INFO - Sync 1 DAGs
[2026-04-02T05:59:19.372+0530] {logging_mixin.py:188} INFO - [2026-04-02T05:59:19.372+0530] {dag.py:3954} INFO - Setting next_dagrun for example_trigger_target_dag to None, run_after=None
[2026-04-02T05:59:19.382+0530] {processor.py:183} INFO - Processing /Users/aswin/Documents/data-engineering-practice/ETL_Airflow_DBT/airflow/airflow_env/lib/python3.11/site-packages/airflow/example_dags/example_trigger_target_dag.py took 0.090 seconds
[2026-04-02T05:59:50.035+0530] {processor.py:161} INFO - Started process (PID=26482) to work on /Users/aswin/Documents/data-engineering-practice/ETL_Airflow_DBT/airflow/airflow_env/lib/python3.11/site-packages/airflow/example_dags/example_trigger_target_dag.py
[2026-04-02T05:59:50.036+0530] {processor.py:830} INFO - Processing file /Users/aswin/Documents/data-engineering-practice/ETL_Airflow_DBT/airflow/airflow_env/lib/python3.11/site-packages/airflow/example_dags/example_trigger_target_dag.py for tasks to queue
[2026-04-02T05:59:50.037+0530] {logging_mixin.py:188} INFO - [2026-04-02T05:59:50.037+0530] {dagbag.py:540} INFO - Filling up the DagBag from /Users/aswin/Documents/data-engineering-practice/ETL_Airflow_DBT/airflow/airflow_env/lib/python3.11/site-packages/airflow/example_dags/example_trigger_target_dag.py
[2026-04-02T05:59:50.052+0530] {processor.py:840} INFO - DAG(s) 'example_trigger_target_dag' retrieved from /Users/aswin/Documents/data-engineering-practice/ETL_Airflow_DBT/airflow/airflow_env/lib/python3.11/site-packages/airflow/example_dags/example_trigger_target_dag.py
[2026-04-02T05:59:50.103+0530] {logging_mixin.py:188} INFO - [2026-04-02T05:59:50.103+0530] {dag.py:3096} INFO - Sync 1 DAGs
[2026-04-02T05:59:50.108+0530] {logging_mixin.py:188} INFO - [2026-04-02T05:59:50.108+0530] {dag.py:3954} INFO - Setting next_dagrun for example_trigger_target_dag to None, run_after=None
[2026-04-02T05:59:50.116+0530] {processor.py:183} INFO - Processing /Users/aswin/Documents/data-engineering-practice/ETL_Airflow_DBT/airflow/airflow_env/lib/python3.11/site-packages/airflow/example_dags/example_trigger_target_dag.py took 0.082 seconds
[2026-04-02T06:00:20.861+0530] {processor.py:161} INFO - Started process (PID=26607) to work on /Users/aswin/Documents/data-engineering-practice/ETL_Airflow_DBT/airflow/airflow_env/lib/python3.11/site-packages/airflow/example_dags/example_trigger_target_dag.py
[2026-04-02T06:00:20.863+0530] {processor.py:830} INFO - Processing file /Users/aswin/Documents/data-engineering-practice/ETL_Airflow_DBT/airflow/airflow_env/lib/python3.11/site-packages/airflow/example_dags/example_trigger_target_dag.py for tasks to queue
[2026-04-02T06:00:20.863+0530] {logging_mixin.py:188} INFO - [2026-04-02T06:00:20.863+0530] {dagbag.py:540} INFO - Filling up the DagBag from /Users/aswin/Documents/data-engineering-practice/ETL_Airflow_DBT/airflow/airflow_env/lib/python3.11/site-packages/airflow/example_dags/example_trigger_target_dag.py
[2026-04-02T06:00:20.880+0530] {processor.py:840} INFO - DAG(s) 'example_trigger_target_dag' retrieved from /Users/aswin/Documents/data-engineering-practice/ETL_Airflow_DBT/airflow/airflow_env/lib/python3.11/site-packages/airflow/example_dags/example_trigger_target_dag.py
[2026-04-02T06:00:20.932+0530] {logging_mixin.py:188} INFO - [2026-04-02T06:00:20.931+0530] {dag.py:3096} INFO - Sync 1 DAGs
[2026-04-02T06:00:20.937+0530] {logging_mixin.py:188} INFO - [2026-04-02T06:00:20.937+0530] {dag.py:3954} INFO - Setting next_dagrun for example_trigger_target_dag to None, run_after=None
[2026-04-02T06:00:20.945+0530] {processor.py:183} INFO - Processing /Users/aswin/Documents/data-engineering-practice/ETL_Airflow_DBT/airflow/airflow_env/lib/python3.11/site-packages/airflow/example_dags/example_trigger_target_dag.py took 0.085 seconds
[2026-04-02T06:00:51.719+0530] {processor.py:161} INFO - Started process (PID=26733) to work on /Users/aswin/Documents/data-engineering-practice/ETL_Airflow_DBT/airflow/airflow_env/lib/python3.11/site-packages/airflow/example_dags/example_trigger_target_dag.py
[2026-04-02T06:00:51.720+0530] {processor.py:830} INFO - Processing file /Users/aswin/Documents/data-engineering-practice/ETL_Airflow_DBT/airflow/airflow_env/lib/python3.11/site-packages/airflow/example_dags/example_trigger_target_dag.py for tasks to queue
[2026-04-02T06:00:51.720+0530] {logging_mixin.py:188} INFO - [2026-04-02T06:00:51.720+0530] {dagbag.py:540} INFO - Filling up the DagBag from /Users/aswin/Documents/data-engineering-practice/ETL_Airflow_DBT/airflow/airflow_env/lib/python3.11/site-packages/airflow/example_dags/example_trigger_target_dag.py
[2026-04-02T06:00:51.738+0530] {processor.py:840} INFO - DAG(s) 'example_trigger_target_dag' retrieved from /Users/aswin/Documents/data-engineering-practice/ETL_Airflow_DBT/airflow/airflow_env/lib/python3.11/site-packages/airflow/example_dags/example_trigger_target_dag.py
[2026-04-02T06:00:51.795+0530] {logging_mixin.py:188} INFO - [2026-04-02T06:00:51.795+0530] {dag.py:3096} INFO - Sync 1 DAGs
[2026-04-02T06:00:51.800+0530] {logging_mixin.py:188} INFO - [2026-04-02T06:00:51.800+0530] {dag.py:3954} INFO - Setting next_dagrun for example_trigger_target_dag to None, run_after=None
[2026-04-02T06:00:51.810+0530] {processor.py:183} INFO - Processing /Users/aswin/Documents/data-engineering-practice/ETL_Airflow_DBT/airflow/airflow_env/lib/python3.11/site-packages/airflow/example_dags/example_trigger_target_dag.py took 0.092 seconds
[2026-04-02T06:01:22.648+0530] {processor.py:161} INFO - Started process (PID=26864) to work on /Users/aswin/Documents/data-engineering-practice/ETL_Airflow_DBT/airflow/airflow_env/lib/python3.11/site-packages/airflow/example_dags/example_trigger_target_dag.py
[2026-04-02T06:01:22.648+0530] {processor.py:830} INFO - Processing file /Users/aswin/Documents/data-engineering-practice/ETL_Airflow_DBT/airflow/airflow_env/lib/python3.11/site-packages/airflow/example_dags/example_trigger_target_dag.py for tasks to queue
[2026-04-02T06:01:22.649+0530] {logging_mixin.py:188} INFO - [2026-04-02T06:01:22.648+0530] {dagbag.py:540} INFO - Filling up the DagBag from /Users/aswin/Documents/data-engineering-practice/ETL_Airflow_DBT/airflow/airflow_env/lib/python3.11/site-packages/airflow/example_dags/example_trigger_target_dag.py
[2026-04-02T06:01:22.666+0530] {processor.py:840} INFO - DAG(s) 'example_trigger_target_dag' retrieved from /Users/aswin/Documents/data-engineering-practice/ETL_Airflow_DBT/airflow/airflow_env/lib/python3.11/site-packages/airflow/example_dags/example_trigger_target_dag.py
[2026-04-02T06:01:22.719+0530] {logging_mixin.py:188} INFO - [2026-04-02T06:01:22.719+0530] {dag.py:3096} INFO - Sync 1 DAGs
[2026-04-02T06:01:22.724+0530] {logging_mixin.py:188} INFO - [2026-04-02T06:01:22.724+0530] {dag.py:3954} INFO - Setting next_dagrun for example_trigger_target_dag to None, run_after=None
[2026-04-02T06:01:22.733+0530] {processor.py:183} INFO - Processing /Users/aswin/Documents/data-engineering-practice/ETL_Airflow_DBT/airflow/airflow_env/lib/python3.11/site-packages/airflow/example_dags/example_trigger_target_dag.py took 0.086 seconds
[2026-04-02T06:01:53.487+0530] {processor.py:161} INFO - Started process (PID=26997) to work on /Users/aswin/Documents/data-engineering-practice/ETL_Airflow_DBT/airflow/airflow_env/lib/python3.11/site-packages/airflow/example_dags/example_trigger_target_dag.py
[2026-04-02T06:01:53.488+0530] {processor.py:830} INFO - Processing file /Users/aswin/Documents/data-engineering-practice/ETL_Airflow_DBT/airflow/airflow_env/lib/python3.11/site-packages/airflow/example_dags/example_trigger_target_dag.py for tasks to queue
[2026-04-02T06:01:53.489+0530] {logging_mixin.py:188} INFO - [2026-04-02T06:01:53.489+0530] {dagbag.py:540} INFO - Filling up the DagBag from /Users/aswin/Documents/data-engineering-practice/ETL_Airflow_DBT/airflow/airflow_env/lib/python3.11/site-packages/airflow/example_dags/example_trigger_target_dag.py
[2026-04-02T06:01:53.505+0530] {processor.py:840} INFO - DAG(s) 'example_trigger_target_dag' retrieved from /Users/aswin/Documents/data-engineering-practice/ETL_Airflow_DBT/airflow/airflow_env/lib/python3.11/site-packages/airflow/example_dags/example_trigger_target_dag.py
[2026-04-02T06:01:53.556+0530] {logging_mixin.py:188} INFO - [2026-04-02T06:01:53.555+0530] {dag.py:3096} INFO - Sync 1 DAGs
[2026-04-02T06:01:53.561+0530] {logging_mixin.py:188} INFO - [2026-04-02T06:01:53.561+0530] {dag.py:3954} INFO - Setting next_dagrun for example_trigger_target_dag to None, run_after=None
[2026-04-02T06:01:53.568+0530] {processor.py:183} INFO - Processing /Users/aswin/Documents/data-engineering-practice/ETL_Airflow_DBT/airflow/airflow_env/lib/python3.11/site-packages/airflow/example_dags/example_trigger_target_dag.py took 0.082 seconds
[2026-04-02T06:02:24.433+0530] {processor.py:161} INFO - Started process (PID=27133) to work on /Users/aswin/Documents/data-engineering-practice/ETL_Airflow_DBT/airflow/airflow_env/lib/python3.11/site-packages/airflow/example_dags/example_trigger_target_dag.py
[2026-04-02T06:02:24.434+0530] {processor.py:830} INFO - Processing file /Users/aswin/Documents/data-engineering-practice/ETL_Airflow_DBT/airflow/airflow_env/lib/python3.11/site-packages/airflow/example_dags/example_trigger_target_dag.py for tasks to queue
[2026-04-02T06:02:24.434+0530] {logging_mixin.py:188} INFO - [2026-04-02T06:02:24.434+0530] {dagbag.py:540} INFO - Filling up the DagBag from /Users/aswin/Documents/data-engineering-practice/ETL_Airflow_DBT/airflow/airflow_env/lib/python3.11/site-packages/airflow/example_dags/example_trigger_target_dag.py
[2026-04-02T06:02:24.451+0530] {processor.py:840} INFO - DAG(s) 'example_trigger_target_dag' retrieved from /Users/aswin/Documents/data-engineering-practice/ETL_Airflow_DBT/airflow/airflow_env/lib/python3.11/site-packages/airflow/example_dags/example_trigger_target_dag.py
[2026-04-02T06:02:24.503+0530] {logging_mixin.py:188} INFO - [2026-04-02T06:02:24.503+0530] {dag.py:3096} INFO - Sync 1 DAGs
[2026-04-02T06:02:24.508+0530] {logging_mixin.py:188} INFO - [2026-04-02T06:02:24.508+0530] {dag.py:3954} INFO - Setting next_dagrun for example_trigger_target_dag to None, run_after=None
[2026-04-02T06:02:24.517+0530] {processor.py:183} INFO - Processing /Users/aswin/Documents/data-engineering-practice/ETL_Airflow_DBT/airflow/airflow_env/lib/python3.11/site-packages/airflow/example_dags/example_trigger_target_dag.py took 0.085 seconds
[2026-04-02T06:02:55.301+0530] {processor.py:161} INFO - Started process (PID=27259) to work on /Users/aswin/Documents/data-engineering-practice/ETL_Airflow_DBT/airflow/airflow_env/lib/python3.11/site-packages/airflow/example_dags/example_trigger_target_dag.py
[2026-04-02T06:02:55.302+0530] {processor.py:830} INFO - Processing file /Users/aswin/Documents/data-engineering-practice/ETL_Airflow_DBT/airflow/airflow_env/lib/python3.11/site-packages/airflow/example_dags/example_trigger_target_dag.py for tasks to queue
[2026-04-02T06:02:55.302+0530] {logging_mixin.py:188} INFO - [2026-04-02T06:02:55.302+0530] {dagbag.py:540} INFO - Filling up the DagBag from /Users/aswin/Documents/data-engineering-practice/ETL_Airflow_DBT/airflow/airflow_env/lib/python3.11/site-packages/airflow/example_dags/example_trigger_target_dag.py
[2026-04-02T06:02:55.320+0530] {processor.py:840} INFO - DAG(s) 'example_trigger_target_dag' retrieved from /Users/aswin/Documents/data-engineering-practice/ETL_Airflow_DBT/airflow/airflow_env/lib/python3.11/site-packages/airflow/example_dags/example_trigger_target_dag.py
[2026-04-02T06:02:55.373+0530] {logging_mixin.py:188} INFO - [2026-04-02T06:02:55.373+0530] {dag.py:3096} INFO - Sync 1 DAGs
[2026-04-02T06:02:55.381+0530] {logging_mixin.py:188} INFO - [2026-04-02T06:02:55.381+0530] {dag.py:3954} INFO - Setting next_dagrun for example_trigger_target_dag to None, run_after=None
[2026-04-02T06:02:55.393+0530] {processor.py:183} INFO - Processing /Users/aswin/Documents/data-engineering-practice/ETL_Airflow_DBT/airflow/airflow_env/lib/python3.11/site-packages/airflow/example_dags/example_trigger_target_dag.py took 0.094 seconds
[2026-04-02T06:03:26.428+0530] {processor.py:161} INFO - Started process (PID=27383) to work on /Users/aswin/Documents/data-engineering-practice/ETL_Airflow_DBT/airflow/airflow_env/lib/python3.11/site-packages/airflow/example_dags/example_trigger_target_dag.py
[2026-04-02T06:03:26.428+0530] {processor.py:830} INFO - Processing file /Users/aswin/Documents/data-engineering-practice/ETL_Airflow_DBT/airflow/airflow_env/lib/python3.11/site-packages/airflow/example_dags/example_trigger_target_dag.py for tasks to queue
[2026-04-02T06:03:26.429+0530] {logging_mixin.py:188} INFO - [2026-04-02T06:03:26.429+0530] {dagbag.py:540} INFO - Filling up the DagBag from /Users/aswin/Documents/data-engineering-practice/ETL_Airflow_DBT/airflow/airflow_env/lib/python3.11/site-packages/airflow/example_dags/example_trigger_target_dag.py
[2026-04-02T06:03:26.445+0530] {processor.py:840} INFO - DAG(s) 'example_trigger_target_dag' retrieved from /Users/aswin/Documents/data-engineering-practice/ETL_Airflow_DBT/airflow/airflow_env/lib/python3.11/site-packages/airflow/example_dags/example_trigger_target_dag.py
[2026-04-02T06:03:26.498+0530] {logging_mixin.py:188} INFO - [2026-04-02T06:03:26.498+0530] {dag.py:3096} INFO - Sync 1 DAGs
[2026-04-02T06:03:26.504+0530] {logging_mixin.py:188} INFO - [2026-04-02T06:03:26.504+0530] {dag.py:3954} INFO - Setting next_dagrun for example_trigger_target_dag to None, run_after=None
[2026-04-02T06:03:26.514+0530] {processor.py:183} INFO - Processing /Users/aswin/Documents/data-engineering-practice/ETL_Airflow_DBT/airflow/airflow_env/lib/python3.11/site-packages/airflow/example_dags/example_trigger_target_dag.py took 0.087 seconds
[2026-04-02T06:03:57.778+0530] {processor.py:161} INFO - Started process (PID=27509) to work on /Users/aswin/Documents/data-engineering-practice/ETL_Airflow_DBT/airflow/airflow_env/lib/python3.11/site-packages/airflow/example_dags/example_trigger_target_dag.py
[2026-04-02T06:03:57.779+0530] {processor.py:830} INFO - Processing file /Users/aswin/Documents/data-engineering-practice/ETL_Airflow_DBT/airflow/airflow_env/lib/python3.11/site-packages/airflow/example_dags/example_trigger_target_dag.py for tasks to queue
[2026-04-02T06:03:57.779+0530] {logging_mixin.py:188} INFO - [2026-04-02T06:03:57.779+0530] {dagbag.py:540} INFO - Filling up the DagBag from /Users/aswin/Documents/data-engineering-practice/ETL_Airflow_DBT/airflow/airflow_env/lib/python3.11/site-packages/airflow/example_dags/example_trigger_target_dag.py
[2026-04-02T06:03:57.796+0530] {processor.py:840} INFO - DAG(s) 'example_trigger_target_dag' retrieved from /Users/aswin/Documents/data-engineering-practice/ETL_Airflow_DBT/airflow/airflow_env/lib/python3.11/site-packages/airflow/example_dags/example_trigger_target_dag.py
[2026-04-02T06:03:57.849+0530] {logging_mixin.py:188} INFO - [2026-04-02T06:03:57.848+0530] {dag.py:3096} INFO - Sync 1 DAGs
[2026-04-02T06:03:57.854+0530] {logging_mixin.py:188} INFO - [2026-04-02T06:03:57.854+0530] {dag.py:3954} INFO - Setting next_dagrun for example_trigger_target_dag to None, run_after=None
[2026-04-02T06:03:57.862+0530] {processor.py:183} INFO - Processing /Users/aswin/Documents/data-engineering-practice/ETL_Airflow_DBT/airflow/airflow_env/lib/python3.11/site-packages/airflow/example_dags/example_trigger_target_dag.py took 0.084 seconds
[2026-04-02T06:04:29.150+0530] {processor.py:161} INFO - Started process (PID=27650) to work on /Users/aswin/Documents/data-engineering-practice/ETL_Airflow_DBT/airflow/airflow_env/lib/python3.11/site-packages/airflow/example_dags/example_trigger_target_dag.py
[2026-04-02T06:04:29.151+0530] {processor.py:830} INFO - Processing file /Users/aswin/Documents/data-engineering-practice/ETL_Airflow_DBT/airflow/airflow_env/lib/python3.11/site-packages/airflow/example_dags/example_trigger_target_dag.py for tasks to queue
[2026-04-02T06:04:29.152+0530] {logging_mixin.py:188} INFO - [2026-04-02T06:04:29.151+0530] {dagbag.py:540} INFO - Filling up the DagBag from /Users/aswin/Documents/data-engineering-practice/ETL_Airflow_DBT/airflow/airflow_env/lib/python3.11/site-packages/airflow/example_dags/example_trigger_target_dag.py
[2026-04-02T06:04:29.176+0530] {processor.py:840} INFO - DAG(s) 'example_trigger_target_dag' retrieved from /Users/aswin/Documents/data-engineering-practice/ETL_Airflow_DBT/airflow/airflow_env/lib/python3.11/site-packages/airflow/example_dags/example_trigger_target_dag.py
[2026-04-02T06:04:29.240+0530] {logging_mixin.py:188} INFO - [2026-04-02T06:04:29.240+0530] {dag.py:3096} INFO - Sync 1 DAGs
[2026-04-02T06:04:29.250+0530] {logging_mixin.py:188} INFO - [2026-04-02T06:04:29.250+0530] {dag.py:3954} INFO - Setting next_dagrun for example_trigger_target_dag to None, run_after=None
[2026-04-02T06:04:29.263+0530] {processor.py:183} INFO - Processing /Users/aswin/Documents/data-engineering-practice/ETL_Airflow_DBT/airflow/airflow_env/lib/python3.11/site-packages/airflow/example_dags/example_trigger_target_dag.py took 0.115 seconds
[2026-04-02T06:05:00.107+0530] {processor.py:161} INFO - Started process (PID=27788) to work on /Users/aswin/Documents/data-engineering-practice/ETL_Airflow_DBT/airflow/airflow_env/lib/python3.11/site-packages/airflow/example_dags/example_trigger_target_dag.py
[2026-04-02T06:05:00.107+0530] {processor.py:830} INFO - Processing file /Users/aswin/Documents/data-engineering-practice/ETL_Airflow_DBT/airflow/airflow_env/lib/python3.11/site-packages/airflow/example_dags/example_trigger_target_dag.py for tasks to queue
[2026-04-02T06:05:00.108+0530] {logging_mixin.py:188} INFO - [2026-04-02T06:05:00.107+0530] {dagbag.py:540} INFO - Filling up the DagBag from /Users/aswin/Documents/data-engineering-practice/ETL_Airflow_DBT/airflow/airflow_env/lib/python3.11/site-packages/airflow/example_dags/example_trigger_target_dag.py
[2026-04-02T06:05:00.125+0530] {processor.py:840} INFO - DAG(s) 'example_trigger_target_dag' retrieved from /Users/aswin/Documents/data-engineering-practice/ETL_Airflow_DBT/airflow/airflow_env/lib/python3.11/site-packages/airflow/example_dags/example_trigger_target_dag.py
[2026-04-02T06:05:00.179+0530] {logging_mixin.py:188} INFO - [2026-04-02T06:05:00.179+0530] {dag.py:3096} INFO - Sync 1 DAGs
[2026-04-02T06:05:00.184+0530] {logging_mixin.py:188} INFO - [2026-04-02T06:05:00.184+0530] {dag.py:3954} INFO - Setting next_dagrun for example_trigger_target_dag to None, run_after=None
[2026-04-02T06:05:00.192+0530] {processor.py:183} INFO - Processing /Users/aswin/Documents/data-engineering-practice/ETL_Airflow_DBT/airflow/airflow_env/lib/python3.11/site-packages/airflow/example_dags/example_trigger_target_dag.py took 0.087 seconds
[2026-04-02T06:05:31.160+0530] {processor.py:161} INFO - Started process (PID=27923) to work on /Users/aswin/Documents/data-engineering-practice/ETL_Airflow_DBT/airflow/airflow_env/lib/python3.11/site-packages/airflow/example_dags/example_trigger_target_dag.py
[2026-04-02T06:05:31.161+0530] {processor.py:830} INFO - Processing file /Users/aswin/Documents/data-engineering-practice/ETL_Airflow_DBT/airflow/airflow_env/lib/python3.11/site-packages/airflow/example_dags/example_trigger_target_dag.py for tasks to queue
[2026-04-02T06:05:31.161+0530] {logging_mixin.py:188} INFO - [2026-04-02T06:05:31.161+0530] {dagbag.py:540} INFO - Filling up the DagBag from /Users/aswin/Documents/data-engineering-practice/ETL_Airflow_DBT/airflow/airflow_env/lib/python3.11/site-packages/airflow/example_dags/example_trigger_target_dag.py
[2026-04-02T06:05:31.178+0530] {processor.py:840} INFO - DAG(s) 'example_trigger_target_dag' retrieved from /Users/aswin/Documents/data-engineering-practice/ETL_Airflow_DBT/airflow/airflow_env/lib/python3.11/site-packages/airflow/example_dags/example_trigger_target_dag.py
[2026-04-02T06:05:31.230+0530] {logging_mixin.py:188} INFO - [2026-04-02T06:05:31.230+0530] {dag.py:3096} INFO - Sync 1 DAGs
[2026-04-02T06:05:31.235+0530] {logging_mixin.py:188} INFO - [2026-04-02T06:05:31.235+0530] {dag.py:3954} INFO - Setting next_dagrun for example_trigger_target_dag to None, run_after=None
[2026-04-02T06:05:31.243+0530] {processor.py:183} INFO - Processing /Users/aswin/Documents/data-engineering-practice/ETL_Airflow_DBT/airflow/airflow_env/lib/python3.11/site-packages/airflow/example_dags/example_trigger_target_dag.py took 0.084 seconds
[2026-04-02T06:06:02.462+0530] {processor.py:161} INFO - Started process (PID=28074) to work on /Users/aswin/Documents/data-engineering-practice/ETL_Airflow_DBT/airflow/airflow_env/lib/python3.11/site-packages/airflow/example_dags/example_trigger_target_dag.py
[2026-04-02T06:06:02.463+0530] {processor.py:830} INFO - Processing file /Users/aswin/Documents/data-engineering-practice/ETL_Airflow_DBT/airflow/airflow_env/lib/python3.11/site-packages/airflow/example_dags/example_trigger_target_dag.py for tasks to queue
[2026-04-02T06:06:02.463+0530] {logging_mixin.py:188} INFO - [2026-04-02T06:06:02.463+0530] {dagbag.py:540} INFO - Filling up the DagBag from /Users/aswin/Documents/data-engineering-practice/ETL_Airflow_DBT/airflow/airflow_env/lib/python3.11/site-packages/airflow/example_dags/example_trigger_target_dag.py
[2026-04-02T06:06:02.479+0530] {processor.py:840} INFO - DAG(s) 'example_trigger_target_dag' retrieved from /Users/aswin/Documents/data-engineering-practice/ETL_Airflow_DBT/airflow/airflow_env/lib/python3.11/site-packages/airflow/example_dags/example_trigger_target_dag.py
[2026-04-02T06:06:02.531+0530] {logging_mixin.py:188} INFO - [2026-04-02T06:06:02.531+0530] {dag.py:3096} INFO - Sync 1 DAGs
[2026-04-02T06:06:02.537+0530] {logging_mixin.py:188} INFO - [2026-04-02T06:06:02.536+0530] {dag.py:3954} INFO - Setting next_dagrun for example_trigger_target_dag to None, run_after=None
[2026-04-02T06:06:02.544+0530] {processor.py:183} INFO - Processing /Users/aswin/Documents/data-engineering-practice/ETL_Airflow_DBT/airflow/airflow_env/lib/python3.11/site-packages/airflow/example_dags/example_trigger_target_dag.py took 0.084 seconds
[2026-04-02T06:06:33.736+0530] {processor.py:161} INFO - Started process (PID=28201) to work on /Users/aswin/Documents/data-engineering-practice/ETL_Airflow_DBT/airflow/airflow_env/lib/python3.11/site-packages/airflow/example_dags/example_trigger_target_dag.py
[2026-04-02T06:06:33.737+0530] {processor.py:830} INFO - Processing file /Users/aswin/Documents/data-engineering-practice/ETL_Airflow_DBT/airflow/airflow_env/lib/python3.11/site-packages/airflow/example_dags/example_trigger_target_dag.py for tasks to queue
[2026-04-02T06:06:33.737+0530] {logging_mixin.py:188} INFO - [2026-04-02T06:06:33.737+0530] {dagbag.py:540} INFO - Filling up the DagBag from /Users/aswin/Documents/data-engineering-practice/ETL_Airflow_DBT/airflow/airflow_env/lib/python3.11/site-packages/airflow/example_dags/example_trigger_target_dag.py
[2026-04-02T06:06:33.753+0530] {processor.py:840} INFO - DAG(s) 'example_trigger_target_dag' retrieved from /Users/aswin/Documents/data-engineering-practice/ETL_Airflow_DBT/airflow/airflow_env/lib/python3.11/site-packages/airflow/example_dags/example_trigger_target_dag.py
[2026-04-02T06:06:33.807+0530] {logging_mixin.py:188} INFO - [2026-04-02T06:06:33.806+0530] {dag.py:3096} INFO - Sync 1 DAGs
[2026-04-02T06:06:33.812+0530] {logging_mixin.py:188} INFO - [2026-04-02T06:06:33.812+0530] {dag.py:3954} INFO - Setting next_dagrun for example_trigger_target_dag to None, run_after=None
[2026-04-02T06:06:33.820+0530] {processor.py:183} INFO - Processing /Users/aswin/Documents/data-engineering-practice/ETL_Airflow_DBT/airflow/airflow_env/lib/python3.11/site-packages/airflow/example_dags/example_trigger_target_dag.py took 0.085 seconds
[2026-04-02T06:07:04.749+0530] {processor.py:161} INFO - Started process (PID=28320) to work on /Users/aswin/Documents/data-engineering-practice/ETL_Airflow_DBT/airflow/airflow_env/lib/python3.11/site-packages/airflow/example_dags/example_trigger_target_dag.py
[2026-04-02T06:07:04.750+0530] {processor.py:830} INFO - Processing file /Users/aswin/Documents/data-engineering-practice/ETL_Airflow_DBT/airflow/airflow_env/lib/python3.11/site-packages/airflow/example_dags/example_trigger_target_dag.py for tasks to queue
[2026-04-02T06:07:04.750+0530] {logging_mixin.py:188} INFO - [2026-04-02T06:07:04.750+0530] {dagbag.py:540} INFO - Filling up the DagBag from /Users/aswin/Documents/data-engineering-practice/ETL_Airflow_DBT/airflow/airflow_env/lib/python3.11/site-packages/airflow/example_dags/example_trigger_target_dag.py
[2026-04-02T06:07:04.766+0530] {processor.py:840} INFO - DAG(s) 'example_trigger_target_dag' retrieved from /Users/aswin/Documents/data-engineering-practice/ETL_Airflow_DBT/airflow/airflow_env/lib/python3.11/site-packages/airflow/example_dags/example_trigger_target_dag.py
[2026-04-02T06:07:04.820+0530] {logging_mixin.py:188} INFO - [2026-04-02T06:07:04.820+0530] {dag.py:3096} INFO - Sync 1 DAGs
[2026-04-02T06:07:04.827+0530] {logging_mixin.py:188} INFO - [2026-04-02T06:07:04.827+0530] {dag.py:3954} INFO - Setting next_dagrun for example_trigger_target_dag to None, run_after=None
[2026-04-02T06:07:04.840+0530] {processor.py:183} INFO - Processing /Users/aswin/Documents/data-engineering-practice/ETL_Airflow_DBT/airflow/airflow_env/lib/python3.11/site-packages/airflow/example_dags/example_trigger_target_dag.py took 0.092 seconds
