[2026-04-02T05:38:12.944+0530] {processor.py:161} INFO - Started process (PID=21185) to work on /Users/aswin/Documents/data-engineering-practice/ETL_Airflow_DBT/airflow/airflow_env/lib/python3.11/site-packages/airflow/example_dags/example_dynamic_task_mapping.py
[2026-04-02T05:38:12.944+0530] {processor.py:830} INFO - Processing file /Users/aswin/Documents/data-engineering-practice/ETL_Airflow_DBT/airflow/airflow_env/lib/python3.11/site-packages/airflow/example_dags/example_dynamic_task_mapping.py for tasks to queue
[2026-04-02T05:38:12.945+0530] {logging_mixin.py:188} INFO - [2026-04-02T05:38:12.944+0530] {dagbag.py:540} INFO - Filling up the DagBag from /Users/aswin/Documents/data-engineering-practice/ETL_Airflow_DBT/airflow/airflow_env/lib/python3.11/site-packages/airflow/example_dags/example_dynamic_task_mapping.py
[2026-04-02T05:38:12.961+0530] {processor.py:840} INFO - DAG(s) 'example_dynamic_task_mapping' retrieved from /Users/aswin/Documents/data-engineering-practice/ETL_Airflow_DBT/airflow/airflow_env/lib/python3.11/site-packages/airflow/example_dags/example_dynamic_task_mapping.py
[2026-04-02T05:38:13.012+0530] {logging_mixin.py:188} INFO - [2026-04-02T05:38:13.012+0530] {dag.py:3096} INFO - Sync 1 DAGs
[2026-04-02T05:38:13.022+0530] {logging_mixin.py:188} INFO - [2026-04-02T05:38:13.022+0530] {dag.py:3954} INFO - Setting next_dagrun for example_dynamic_task_mapping to 2022-03-04 00:00:00+00:00, run_after=2022-03-05 00:00:00+00:00
[2026-04-02T05:38:13.032+0530] {processor.py:183} INFO - Processing /Users/aswin/Documents/data-engineering-practice/ETL_Airflow_DBT/airflow/airflow_env/lib/python3.11/site-packages/airflow/example_dags/example_dynamic_task_mapping.py took 0.089 seconds
[2026-04-02T05:38:44.308+0530] {processor.py:161} INFO - Started process (PID=21313) to work on /Users/aswin/Documents/data-engineering-practice/ETL_Airflow_DBT/airflow/airflow_env/lib/python3.11/site-packages/airflow/example_dags/example_dynamic_task_mapping.py
[2026-04-02T05:38:44.309+0530] {processor.py:830} INFO - Processing file /Users/aswin/Documents/data-engineering-practice/ETL_Airflow_DBT/airflow/airflow_env/lib/python3.11/site-packages/airflow/example_dags/example_dynamic_task_mapping.py for tasks to queue
[2026-04-02T05:38:44.309+0530] {logging_mixin.py:188} INFO - [2026-04-02T05:38:44.309+0530] {dagbag.py:540} INFO - Filling up the DagBag from /Users/aswin/Documents/data-engineering-practice/ETL_Airflow_DBT/airflow/airflow_env/lib/python3.11/site-packages/airflow/example_dags/example_dynamic_task_mapping.py
[2026-04-02T05:38:44.326+0530] {processor.py:840} INFO - DAG(s) 'example_dynamic_task_mapping' retrieved from /Users/aswin/Documents/data-engineering-practice/ETL_Airflow_DBT/airflow/airflow_env/lib/python3.11/site-packages/airflow/example_dags/example_dynamic_task_mapping.py
[2026-04-02T05:38:44.378+0530] {logging_mixin.py:188} INFO - [2026-04-02T05:38:44.378+0530] {dag.py:3096} INFO - Sync 1 DAGs
[2026-04-02T05:38:44.388+0530] {logging_mixin.py:188} INFO - [2026-04-02T05:38:44.388+0530] {dag.py:3954} INFO - Setting next_dagrun for example_dynamic_task_mapping to 2022-03-04 00:00:00+00:00, run_after=2022-03-05 00:00:00+00:00
[2026-04-02T05:38:44.396+0530] {processor.py:183} INFO - Processing /Users/aswin/Documents/data-engineering-practice/ETL_Airflow_DBT/airflow/airflow_env/lib/python3.11/site-packages/airflow/example_dags/example_dynamic_task_mapping.py took 0.089 seconds
[2026-04-02T05:39:15.487+0530] {processor.py:161} INFO - Started process (PID=21438) to work on /Users/aswin/Documents/data-engineering-practice/ETL_Airflow_DBT/airflow/airflow_env/lib/python3.11/site-packages/airflow/example_dags/example_dynamic_task_mapping.py
[2026-04-02T05:39:15.488+0530] {processor.py:830} INFO - Processing file /Users/aswin/Documents/data-engineering-practice/ETL_Airflow_DBT/airflow/airflow_env/lib/python3.11/site-packages/airflow/example_dags/example_dynamic_task_mapping.py for tasks to queue
[2026-04-02T05:39:15.488+0530] {logging_mixin.py:188} INFO - [2026-04-02T05:39:15.488+0530] {dagbag.py:540} INFO - Filling up the DagBag from /Users/aswin/Documents/data-engineering-practice/ETL_Airflow_DBT/airflow/airflow_env/lib/python3.11/site-packages/airflow/example_dags/example_dynamic_task_mapping.py
[2026-04-02T05:39:15.503+0530] {processor.py:840} INFO - DAG(s) 'example_dynamic_task_mapping' retrieved from /Users/aswin/Documents/data-engineering-practice/ETL_Airflow_DBT/airflow/airflow_env/lib/python3.11/site-packages/airflow/example_dags/example_dynamic_task_mapping.py
[2026-04-02T05:39:15.555+0530] {logging_mixin.py:188} INFO - [2026-04-02T05:39:15.555+0530] {dag.py:3096} INFO - Sync 1 DAGs
[2026-04-02T05:39:15.565+0530] {logging_mixin.py:188} INFO - [2026-04-02T05:39:15.565+0530] {dag.py:3954} INFO - Setting next_dagrun for example_dynamic_task_mapping to 2022-03-04 00:00:00+00:00, run_after=2022-03-05 00:00:00+00:00
[2026-04-02T05:39:15.574+0530] {processor.py:183} INFO - Processing /Users/aswin/Documents/data-engineering-practice/ETL_Airflow_DBT/airflow/airflow_env/lib/python3.11/site-packages/airflow/example_dags/example_dynamic_task_mapping.py took 0.088 seconds
[2026-04-02T05:39:46.722+0530] {processor.py:161} INFO - Started process (PID=21565) to work on /Users/aswin/Documents/data-engineering-practice/ETL_Airflow_DBT/airflow/airflow_env/lib/python3.11/site-packages/airflow/example_dags/example_dynamic_task_mapping.py
[2026-04-02T05:39:46.723+0530] {processor.py:830} INFO - Processing file /Users/aswin/Documents/data-engineering-practice/ETL_Airflow_DBT/airflow/airflow_env/lib/python3.11/site-packages/airflow/example_dags/example_dynamic_task_mapping.py for tasks to queue
[2026-04-02T05:39:46.723+0530] {logging_mixin.py:188} INFO - [2026-04-02T05:39:46.723+0530] {dagbag.py:540} INFO - Filling up the DagBag from /Users/aswin/Documents/data-engineering-practice/ETL_Airflow_DBT/airflow/airflow_env/lib/python3.11/site-packages/airflow/example_dags/example_dynamic_task_mapping.py
[2026-04-02T05:39:46.739+0530] {processor.py:840} INFO - DAG(s) 'example_dynamic_task_mapping' retrieved from /Users/aswin/Documents/data-engineering-practice/ETL_Airflow_DBT/airflow/airflow_env/lib/python3.11/site-packages/airflow/example_dags/example_dynamic_task_mapping.py
[2026-04-02T05:39:46.794+0530] {logging_mixin.py:188} INFO - [2026-04-02T05:39:46.793+0530] {dag.py:3096} INFO - Sync 1 DAGs
[2026-04-02T05:39:46.803+0530] {logging_mixin.py:188} INFO - [2026-04-02T05:39:46.803+0530] {dag.py:3954} INFO - Setting next_dagrun for example_dynamic_task_mapping to 2022-03-04 00:00:00+00:00, run_after=2022-03-05 00:00:00+00:00
[2026-04-02T05:39:46.810+0530] {processor.py:183} INFO - Processing /Users/aswin/Documents/data-engineering-practice/ETL_Airflow_DBT/airflow/airflow_env/lib/python3.11/site-packages/airflow/example_dags/example_dynamic_task_mapping.py took 0.089 seconds
[2026-04-02T05:40:17.833+0530] {processor.py:161} INFO - Started process (PID=21690) to work on /Users/aswin/Documents/data-engineering-practice/ETL_Airflow_DBT/airflow/airflow_env/lib/python3.11/site-packages/airflow/example_dags/example_dynamic_task_mapping.py
[2026-04-02T05:40:17.834+0530] {processor.py:830} INFO - Processing file /Users/aswin/Documents/data-engineering-practice/ETL_Airflow_DBT/airflow/airflow_env/lib/python3.11/site-packages/airflow/example_dags/example_dynamic_task_mapping.py for tasks to queue
[2026-04-02T05:40:17.834+0530] {logging_mixin.py:188} INFO - [2026-04-02T05:40:17.834+0530] {dagbag.py:540} INFO - Filling up the DagBag from /Users/aswin/Documents/data-engineering-practice/ETL_Airflow_DBT/airflow/airflow_env/lib/python3.11/site-packages/airflow/example_dags/example_dynamic_task_mapping.py
[2026-04-02T05:40:17.850+0530] {processor.py:840} INFO - DAG(s) 'example_dynamic_task_mapping' retrieved from /Users/aswin/Documents/data-engineering-practice/ETL_Airflow_DBT/airflow/airflow_env/lib/python3.11/site-packages/airflow/example_dags/example_dynamic_task_mapping.py
[2026-04-02T05:40:17.903+0530] {logging_mixin.py:188} INFO - [2026-04-02T05:40:17.903+0530] {dag.py:3096} INFO - Sync 1 DAGs
[2026-04-02T05:40:17.916+0530] {logging_mixin.py:188} INFO - [2026-04-02T05:40:17.916+0530] {dag.py:3954} INFO - Setting next_dagrun for example_dynamic_task_mapping to 2022-03-04 00:00:00+00:00, run_after=2022-03-05 00:00:00+00:00
[2026-04-02T05:40:17.927+0530] {processor.py:183} INFO - Processing /Users/aswin/Documents/data-engineering-practice/ETL_Airflow_DBT/airflow/airflow_env/lib/python3.11/site-packages/airflow/example_dags/example_dynamic_task_mapping.py took 0.095 seconds
[2026-04-02T05:40:48.879+0530] {processor.py:161} INFO - Started process (PID=21827) to work on /Users/aswin/Documents/data-engineering-practice/ETL_Airflow_DBT/airflow/airflow_env/lib/python3.11/site-packages/airflow/example_dags/example_dynamic_task_mapping.py
[2026-04-02T05:40:48.880+0530] {processor.py:830} INFO - Processing file /Users/aswin/Documents/data-engineering-practice/ETL_Airflow_DBT/airflow/airflow_env/lib/python3.11/site-packages/airflow/example_dags/example_dynamic_task_mapping.py for tasks to queue
[2026-04-02T05:40:48.880+0530] {logging_mixin.py:188} INFO - [2026-04-02T05:40:48.880+0530] {dagbag.py:540} INFO - Filling up the DagBag from /Users/aswin/Documents/data-engineering-practice/ETL_Airflow_DBT/airflow/airflow_env/lib/python3.11/site-packages/airflow/example_dags/example_dynamic_task_mapping.py
[2026-04-02T05:40:48.896+0530] {processor.py:840} INFO - DAG(s) 'example_dynamic_task_mapping' retrieved from /Users/aswin/Documents/data-engineering-practice/ETL_Airflow_DBT/airflow/airflow_env/lib/python3.11/site-packages/airflow/example_dags/example_dynamic_task_mapping.py
[2026-04-02T05:40:48.950+0530] {logging_mixin.py:188} INFO - [2026-04-02T05:40:48.949+0530] {dag.py:3096} INFO - Sync 1 DAGs
[2026-04-02T05:40:48.959+0530] {logging_mixin.py:188} INFO - [2026-04-02T05:40:48.959+0530] {dag.py:3954} INFO - Setting next_dagrun for example_dynamic_task_mapping to 2022-03-04 00:00:00+00:00, run_after=2022-03-05 00:00:00+00:00
[2026-04-02T05:40:48.968+0530] {processor.py:183} INFO - Processing /Users/aswin/Documents/data-engineering-practice/ETL_Airflow_DBT/airflow/airflow_env/lib/python3.11/site-packages/airflow/example_dags/example_dynamic_task_mapping.py took 0.090 seconds
[2026-04-02T05:41:20.055+0530] {processor.py:161} INFO - Started process (PID=21952) to work on /Users/aswin/Documents/data-engineering-practice/ETL_Airflow_DBT/airflow/airflow_env/lib/python3.11/site-packages/airflow/example_dags/example_dynamic_task_mapping.py
[2026-04-02T05:41:20.056+0530] {processor.py:830} INFO - Processing file /Users/aswin/Documents/data-engineering-practice/ETL_Airflow_DBT/airflow/airflow_env/lib/python3.11/site-packages/airflow/example_dags/example_dynamic_task_mapping.py for tasks to queue
[2026-04-02T05:41:20.056+0530] {logging_mixin.py:188} INFO - [2026-04-02T05:41:20.056+0530] {dagbag.py:540} INFO - Filling up the DagBag from /Users/aswin/Documents/data-engineering-practice/ETL_Airflow_DBT/airflow/airflow_env/lib/python3.11/site-packages/airflow/example_dags/example_dynamic_task_mapping.py
[2026-04-02T05:41:20.071+0530] {processor.py:840} INFO - DAG(s) 'example_dynamic_task_mapping' retrieved from /Users/aswin/Documents/data-engineering-practice/ETL_Airflow_DBT/airflow/airflow_env/lib/python3.11/site-packages/airflow/example_dags/example_dynamic_task_mapping.py
[2026-04-02T05:41:20.123+0530] {logging_mixin.py:188} INFO - [2026-04-02T05:41:20.123+0530] {dag.py:3096} INFO - Sync 1 DAGs
[2026-04-02T05:41:20.133+0530] {logging_mixin.py:188} INFO - [2026-04-02T05:41:20.133+0530] {dag.py:3954} INFO - Setting next_dagrun for example_dynamic_task_mapping to 2022-03-04 00:00:00+00:00, run_after=2022-03-05 00:00:00+00:00
[2026-04-02T05:41:20.141+0530] {processor.py:183} INFO - Processing /Users/aswin/Documents/data-engineering-practice/ETL_Airflow_DBT/airflow/airflow_env/lib/python3.11/site-packages/airflow/example_dags/example_dynamic_task_mapping.py took 0.088 seconds
[2026-04-02T05:41:51.413+0530] {processor.py:161} INFO - Started process (PID=22078) to work on /Users/aswin/Documents/data-engineering-practice/ETL_Airflow_DBT/airflow/airflow_env/lib/python3.11/site-packages/airflow/example_dags/example_dynamic_task_mapping.py
[2026-04-02T05:41:51.413+0530] {processor.py:830} INFO - Processing file /Users/aswin/Documents/data-engineering-practice/ETL_Airflow_DBT/airflow/airflow_env/lib/python3.11/site-packages/airflow/example_dags/example_dynamic_task_mapping.py for tasks to queue
[2026-04-02T05:41:51.414+0530] {logging_mixin.py:188} INFO - [2026-04-02T05:41:51.414+0530] {dagbag.py:540} INFO - Filling up the DagBag from /Users/aswin/Documents/data-engineering-practice/ETL_Airflow_DBT/airflow/airflow_env/lib/python3.11/site-packages/airflow/example_dags/example_dynamic_task_mapping.py
[2026-04-02T05:41:51.429+0530] {processor.py:840} INFO - DAG(s) 'example_dynamic_task_mapping' retrieved from /Users/aswin/Documents/data-engineering-practice/ETL_Airflow_DBT/airflow/airflow_env/lib/python3.11/site-packages/airflow/example_dags/example_dynamic_task_mapping.py
[2026-04-02T05:41:51.482+0530] {logging_mixin.py:188} INFO - [2026-04-02T05:41:51.482+0530] {dag.py:3096} INFO - Sync 1 DAGs
[2026-04-02T05:41:51.494+0530] {logging_mixin.py:188} INFO - [2026-04-02T05:41:51.494+0530] {dag.py:3954} INFO - Setting next_dagrun for example_dynamic_task_mapping to 2022-03-04 00:00:00+00:00, run_after=2022-03-05 00:00:00+00:00
[2026-04-02T05:41:51.505+0530] {processor.py:183} INFO - Processing /Users/aswin/Documents/data-engineering-practice/ETL_Airflow_DBT/airflow/airflow_env/lib/python3.11/site-packages/airflow/example_dags/example_dynamic_task_mapping.py took 0.093 seconds
[2026-04-02T05:42:22.648+0530] {processor.py:161} INFO - Started process (PID=22209) to work on /Users/aswin/Documents/data-engineering-practice/ETL_Airflow_DBT/airflow/airflow_env/lib/python3.11/site-packages/airflow/example_dags/example_dynamic_task_mapping.py
[2026-04-02T05:42:22.649+0530] {processor.py:830} INFO - Processing file /Users/aswin/Documents/data-engineering-practice/ETL_Airflow_DBT/airflow/airflow_env/lib/python3.11/site-packages/airflow/example_dags/example_dynamic_task_mapping.py for tasks to queue
[2026-04-02T05:42:22.649+0530] {logging_mixin.py:188} INFO - [2026-04-02T05:42:22.649+0530] {dagbag.py:540} INFO - Filling up the DagBag from /Users/aswin/Documents/data-engineering-practice/ETL_Airflow_DBT/airflow/airflow_env/lib/python3.11/site-packages/airflow/example_dags/example_dynamic_task_mapping.py
[2026-04-02T05:42:22.665+0530] {processor.py:840} INFO - DAG(s) 'example_dynamic_task_mapping' retrieved from /Users/aswin/Documents/data-engineering-practice/ETL_Airflow_DBT/airflow/airflow_env/lib/python3.11/site-packages/airflow/example_dags/example_dynamic_task_mapping.py
[2026-04-02T05:42:22.718+0530] {logging_mixin.py:188} INFO - [2026-04-02T05:42:22.718+0530] {dag.py:3096} INFO - Sync 1 DAGs
[2026-04-02T05:42:22.728+0530] {logging_mixin.py:188} INFO - [2026-04-02T05:42:22.728+0530] {dag.py:3954} INFO - Setting next_dagrun for example_dynamic_task_mapping to 2022-03-04 00:00:00+00:00, run_after=2022-03-05 00:00:00+00:00
[2026-04-02T05:42:22.736+0530] {processor.py:183} INFO - Processing /Users/aswin/Documents/data-engineering-practice/ETL_Airflow_DBT/airflow/airflow_env/lib/python3.11/site-packages/airflow/example_dags/example_dynamic_task_mapping.py took 0.089 seconds
[2026-04-02T05:42:54.208+0530] {processor.py:161} INFO - Started process (PID=22337) to work on /Users/aswin/Documents/data-engineering-practice/ETL_Airflow_DBT/airflow/airflow_env/lib/python3.11/site-packages/airflow/example_dags/example_dynamic_task_mapping.py
[2026-04-02T05:42:54.209+0530] {processor.py:830} INFO - Processing file /Users/aswin/Documents/data-engineering-practice/ETL_Airflow_DBT/airflow/airflow_env/lib/python3.11/site-packages/airflow/example_dags/example_dynamic_task_mapping.py for tasks to queue
[2026-04-02T05:42:54.210+0530] {logging_mixin.py:188} INFO - [2026-04-02T05:42:54.210+0530] {dagbag.py:540} INFO - Filling up the DagBag from /Users/aswin/Documents/data-engineering-practice/ETL_Airflow_DBT/airflow/airflow_env/lib/python3.11/site-packages/airflow/example_dags/example_dynamic_task_mapping.py
[2026-04-02T05:42:54.225+0530] {processor.py:840} INFO - DAG(s) 'example_dynamic_task_mapping' retrieved from /Users/aswin/Documents/data-engineering-practice/ETL_Airflow_DBT/airflow/airflow_env/lib/python3.11/site-packages/airflow/example_dags/example_dynamic_task_mapping.py
[2026-04-02T05:42:54.277+0530] {logging_mixin.py:188} INFO - [2026-04-02T05:42:54.277+0530] {dag.py:3096} INFO - Sync 1 DAGs
[2026-04-02T05:42:54.287+0530] {logging_mixin.py:188} INFO - [2026-04-02T05:42:54.287+0530] {dag.py:3954} INFO - Setting next_dagrun for example_dynamic_task_mapping to 2022-03-04 00:00:00+00:00, run_after=2022-03-05 00:00:00+00:00
[2026-04-02T05:42:54.295+0530] {processor.py:183} INFO - Processing /Users/aswin/Documents/data-engineering-practice/ETL_Airflow_DBT/airflow/airflow_env/lib/python3.11/site-packages/airflow/example_dags/example_dynamic_task_mapping.py took 0.088 seconds
[2026-04-02T05:43:25.866+0530] {processor.py:161} INFO - Started process (PID=22465) to work on /Users/aswin/Documents/data-engineering-practice/ETL_Airflow_DBT/airflow/airflow_env/lib/python3.11/site-packages/airflow/example_dags/example_dynamic_task_mapping.py
[2026-04-02T05:43:25.867+0530] {processor.py:830} INFO - Processing file /Users/aswin/Documents/data-engineering-practice/ETL_Airflow_DBT/airflow/airflow_env/lib/python3.11/site-packages/airflow/example_dags/example_dynamic_task_mapping.py for tasks to queue
[2026-04-02T05:43:25.867+0530] {logging_mixin.py:188} INFO - [2026-04-02T05:43:25.867+0530] {dagbag.py:540} INFO - Filling up the DagBag from /Users/aswin/Documents/data-engineering-practice/ETL_Airflow_DBT/airflow/airflow_env/lib/python3.11/site-packages/airflow/example_dags/example_dynamic_task_mapping.py
[2026-04-02T05:43:25.883+0530] {processor.py:840} INFO - DAG(s) 'example_dynamic_task_mapping' retrieved from /Users/aswin/Documents/data-engineering-practice/ETL_Airflow_DBT/airflow/airflow_env/lib/python3.11/site-packages/airflow/example_dags/example_dynamic_task_mapping.py
[2026-04-02T05:43:25.934+0530] {logging_mixin.py:188} INFO - [2026-04-02T05:43:25.934+0530] {dag.py:3096} INFO - Sync 1 DAGs
[2026-04-02T05:43:25.945+0530] {logging_mixin.py:188} INFO - [2026-04-02T05:43:25.945+0530] {dag.py:3954} INFO - Setting next_dagrun for example_dynamic_task_mapping to 2022-03-04 00:00:00+00:00, run_after=2022-03-05 00:00:00+00:00
[2026-04-02T05:43:25.952+0530] {processor.py:183} INFO - Processing /Users/aswin/Documents/data-engineering-practice/ETL_Airflow_DBT/airflow/airflow_env/lib/python3.11/site-packages/airflow/example_dags/example_dynamic_task_mapping.py took 0.087 seconds
[2026-04-02T05:43:56.786+0530] {processor.py:161} INFO - Started process (PID=22604) to work on /Users/aswin/Documents/data-engineering-practice/ETL_Airflow_DBT/airflow/airflow_env/lib/python3.11/site-packages/airflow/example_dags/example_dynamic_task_mapping.py
[2026-04-02T05:43:56.787+0530] {processor.py:830} INFO - Processing file /Users/aswin/Documents/data-engineering-practice/ETL_Airflow_DBT/airflow/airflow_env/lib/python3.11/site-packages/airflow/example_dags/example_dynamic_task_mapping.py for tasks to queue
[2026-04-02T05:43:56.787+0530] {logging_mixin.py:188} INFO - [2026-04-02T05:43:56.787+0530] {dagbag.py:540} INFO - Filling up the DagBag from /Users/aswin/Documents/data-engineering-practice/ETL_Airflow_DBT/airflow/airflow_env/lib/python3.11/site-packages/airflow/example_dags/example_dynamic_task_mapping.py
[2026-04-02T05:43:56.802+0530] {processor.py:840} INFO - DAG(s) 'example_dynamic_task_mapping' retrieved from /Users/aswin/Documents/data-engineering-practice/ETL_Airflow_DBT/airflow/airflow_env/lib/python3.11/site-packages/airflow/example_dags/example_dynamic_task_mapping.py
[2026-04-02T05:43:56.856+0530] {logging_mixin.py:188} INFO - [2026-04-02T05:43:56.856+0530] {dag.py:3096} INFO - Sync 1 DAGs
[2026-04-02T05:43:56.866+0530] {logging_mixin.py:188} INFO - [2026-04-02T05:43:56.865+0530] {dag.py:3954} INFO - Setting next_dagrun for example_dynamic_task_mapping to 2022-03-04 00:00:00+00:00, run_after=2022-03-05 00:00:00+00:00
[2026-04-02T05:43:56.876+0530] {processor.py:183} INFO - Processing /Users/aswin/Documents/data-engineering-practice/ETL_Airflow_DBT/airflow/airflow_env/lib/python3.11/site-packages/airflow/example_dags/example_dynamic_task_mapping.py took 0.091 seconds
[2026-04-02T05:44:27.718+0530] {processor.py:161} INFO - Started process (PID=22731) to work on /Users/aswin/Documents/data-engineering-practice/ETL_Airflow_DBT/airflow/airflow_env/lib/python3.11/site-packages/airflow/example_dags/example_dynamic_task_mapping.py
[2026-04-02T05:44:27.719+0530] {processor.py:830} INFO - Processing file /Users/aswin/Documents/data-engineering-practice/ETL_Airflow_DBT/airflow/airflow_env/lib/python3.11/site-packages/airflow/example_dags/example_dynamic_task_mapping.py for tasks to queue
[2026-04-02T05:44:27.719+0530] {logging_mixin.py:188} INFO - [2026-04-02T05:44:27.719+0530] {dagbag.py:540} INFO - Filling up the DagBag from /Users/aswin/Documents/data-engineering-practice/ETL_Airflow_DBT/airflow/airflow_env/lib/python3.11/site-packages/airflow/example_dags/example_dynamic_task_mapping.py
[2026-04-02T05:44:27.735+0530] {processor.py:840} INFO - DAG(s) 'example_dynamic_task_mapping' retrieved from /Users/aswin/Documents/data-engineering-practice/ETL_Airflow_DBT/airflow/airflow_env/lib/python3.11/site-packages/airflow/example_dags/example_dynamic_task_mapping.py
[2026-04-02T05:44:27.787+0530] {logging_mixin.py:188} INFO - [2026-04-02T05:44:27.787+0530] {dag.py:3096} INFO - Sync 1 DAGs
[2026-04-02T05:44:27.795+0530] {logging_mixin.py:188} INFO - [2026-04-02T05:44:27.795+0530] {dag.py:3954} INFO - Setting next_dagrun for example_dynamic_task_mapping to 2022-03-04 00:00:00+00:00, run_after=2022-03-05 00:00:00+00:00
[2026-04-02T05:44:27.803+0530] {processor.py:183} INFO - Processing /Users/aswin/Documents/data-engineering-practice/ETL_Airflow_DBT/airflow/airflow_env/lib/python3.11/site-packages/airflow/example_dags/example_dynamic_task_mapping.py took 0.086 seconds
[2026-04-02T05:44:58.689+0530] {processor.py:161} INFO - Started process (PID=22859) to work on /Users/aswin/Documents/data-engineering-practice/ETL_Airflow_DBT/airflow/airflow_env/lib/python3.11/site-packages/airflow/example_dags/example_dynamic_task_mapping.py
[2026-04-02T05:44:58.689+0530] {processor.py:830} INFO - Processing file /Users/aswin/Documents/data-engineering-practice/ETL_Airflow_DBT/airflow/airflow_env/lib/python3.11/site-packages/airflow/example_dags/example_dynamic_task_mapping.py for tasks to queue
[2026-04-02T05:44:58.690+0530] {logging_mixin.py:188} INFO - [2026-04-02T05:44:58.690+0530] {dagbag.py:540} INFO - Filling up the DagBag from /Users/aswin/Documents/data-engineering-practice/ETL_Airflow_DBT/airflow/airflow_env/lib/python3.11/site-packages/airflow/example_dags/example_dynamic_task_mapping.py
[2026-04-02T05:44:58.707+0530] {processor.py:840} INFO - DAG(s) 'example_dynamic_task_mapping' retrieved from /Users/aswin/Documents/data-engineering-practice/ETL_Airflow_DBT/airflow/airflow_env/lib/python3.11/site-packages/airflow/example_dags/example_dynamic_task_mapping.py
[2026-04-02T05:44:58.756+0530] {logging_mixin.py:188} INFO - [2026-04-02T05:44:58.756+0530] {dag.py:3096} INFO - Sync 1 DAGs
[2026-04-02T05:44:58.765+0530] {logging_mixin.py:188} INFO - [2026-04-02T05:44:58.765+0530] {dag.py:3954} INFO - Setting next_dagrun for example_dynamic_task_mapping to 2022-03-04 00:00:00+00:00, run_after=2022-03-05 00:00:00+00:00
[2026-04-02T05:44:58.773+0530] {processor.py:183} INFO - Processing /Users/aswin/Documents/data-engineering-practice/ETL_Airflow_DBT/airflow/airflow_env/lib/python3.11/site-packages/airflow/example_dags/example_dynamic_task_mapping.py took 0.085 seconds
[2026-04-02T05:45:30.377+0530] {processor.py:161} INFO - Started process (PID=22980) to work on /Users/aswin/Documents/data-engineering-practice/ETL_Airflow_DBT/airflow/airflow_env/lib/python3.11/site-packages/airflow/example_dags/example_dynamic_task_mapping.py
[2026-04-02T05:45:30.378+0530] {processor.py:830} INFO - Processing file /Users/aswin/Documents/data-engineering-practice/ETL_Airflow_DBT/airflow/airflow_env/lib/python3.11/site-packages/airflow/example_dags/example_dynamic_task_mapping.py for tasks to queue
[2026-04-02T05:45:30.378+0530] {logging_mixin.py:188} INFO - [2026-04-02T05:45:30.378+0530] {dagbag.py:540} INFO - Filling up the DagBag from /Users/aswin/Documents/data-engineering-practice/ETL_Airflow_DBT/airflow/airflow_env/lib/python3.11/site-packages/airflow/example_dags/example_dynamic_task_mapping.py
[2026-04-02T05:45:30.394+0530] {processor.py:840} INFO - DAG(s) 'example_dynamic_task_mapping' retrieved from /Users/aswin/Documents/data-engineering-practice/ETL_Airflow_DBT/airflow/airflow_env/lib/python3.11/site-packages/airflow/example_dags/example_dynamic_task_mapping.py
[2026-04-02T05:45:30.445+0530] {logging_mixin.py:188} INFO - [2026-04-02T05:45:30.445+0530] {dag.py:3096} INFO - Sync 1 DAGs
[2026-04-02T05:45:30.455+0530] {logging_mixin.py:188} INFO - [2026-04-02T05:45:30.455+0530] {dag.py:3954} INFO - Setting next_dagrun for example_dynamic_task_mapping to 2022-03-04 00:00:00+00:00, run_after=2022-03-05 00:00:00+00:00
[2026-04-02T05:45:30.462+0530] {processor.py:183} INFO - Processing /Users/aswin/Documents/data-engineering-practice/ETL_Airflow_DBT/airflow/airflow_env/lib/python3.11/site-packages/airflow/example_dags/example_dynamic_task_mapping.py took 0.087 seconds
[2026-04-02T05:46:01.397+0530] {processor.py:161} INFO - Started process (PID=23095) to work on /Users/aswin/Documents/data-engineering-practice/ETL_Airflow_DBT/airflow/airflow_env/lib/python3.11/site-packages/airflow/example_dags/example_dynamic_task_mapping.py
[2026-04-02T05:46:01.398+0530] {processor.py:830} INFO - Processing file /Users/aswin/Documents/data-engineering-practice/ETL_Airflow_DBT/airflow/airflow_env/lib/python3.11/site-packages/airflow/example_dags/example_dynamic_task_mapping.py for tasks to queue
[2026-04-02T05:46:01.398+0530] {logging_mixin.py:188} INFO - [2026-04-02T05:46:01.398+0530] {dagbag.py:540} INFO - Filling up the DagBag from /Users/aswin/Documents/data-engineering-practice/ETL_Airflow_DBT/airflow/airflow_env/lib/python3.11/site-packages/airflow/example_dags/example_dynamic_task_mapping.py
[2026-04-02T05:46:01.415+0530] {processor.py:840} INFO - DAG(s) 'example_dynamic_task_mapping' retrieved from /Users/aswin/Documents/data-engineering-practice/ETL_Airflow_DBT/airflow/airflow_env/lib/python3.11/site-packages/airflow/example_dags/example_dynamic_task_mapping.py
[2026-04-02T05:46:01.472+0530] {logging_mixin.py:188} INFO - [2026-04-02T05:46:01.472+0530] {dag.py:3096} INFO - Sync 1 DAGs
[2026-04-02T05:46:01.483+0530] {logging_mixin.py:188} INFO - [2026-04-02T05:46:01.483+0530] {dag.py:3954} INFO - Setting next_dagrun for example_dynamic_task_mapping to 2022-03-04 00:00:00+00:00, run_after=2022-03-05 00:00:00+00:00
[2026-04-02T05:46:01.493+0530] {processor.py:183} INFO - Processing /Users/aswin/Documents/data-engineering-practice/ETL_Airflow_DBT/airflow/airflow_env/lib/python3.11/site-packages/airflow/example_dags/example_dynamic_task_mapping.py took 0.097 seconds
[2026-04-02T05:46:32.767+0530] {processor.py:161} INFO - Started process (PID=23210) to work on /Users/aswin/Documents/data-engineering-practice/ETL_Airflow_DBT/airflow/airflow_env/lib/python3.11/site-packages/airflow/example_dags/example_dynamic_task_mapping.py
[2026-04-02T05:46:32.767+0530] {processor.py:830} INFO - Processing file /Users/aswin/Documents/data-engineering-practice/ETL_Airflow_DBT/airflow/airflow_env/lib/python3.11/site-packages/airflow/example_dags/example_dynamic_task_mapping.py for tasks to queue
[2026-04-02T05:46:32.768+0530] {logging_mixin.py:188} INFO - [2026-04-02T05:46:32.768+0530] {dagbag.py:540} INFO - Filling up the DagBag from /Users/aswin/Documents/data-engineering-practice/ETL_Airflow_DBT/airflow/airflow_env/lib/python3.11/site-packages/airflow/example_dags/example_dynamic_task_mapping.py
[2026-04-02T05:46:32.784+0530] {processor.py:840} INFO - DAG(s) 'example_dynamic_task_mapping' retrieved from /Users/aswin/Documents/data-engineering-practice/ETL_Airflow_DBT/airflow/airflow_env/lib/python3.11/site-packages/airflow/example_dags/example_dynamic_task_mapping.py
[2026-04-02T05:46:32.838+0530] {logging_mixin.py:188} INFO - [2026-04-02T05:46:32.837+0530] {dag.py:3096} INFO - Sync 1 DAGs
[2026-04-02T05:46:32.847+0530] {logging_mixin.py:188} INFO - [2026-04-02T05:46:32.847+0530] {dag.py:3954} INFO - Setting next_dagrun for example_dynamic_task_mapping to 2022-03-04 00:00:00+00:00, run_after=2022-03-05 00:00:00+00:00
[2026-04-02T05:46:32.855+0530] {processor.py:183} INFO - Processing /Users/aswin/Documents/data-engineering-practice/ETL_Airflow_DBT/airflow/airflow_env/lib/python3.11/site-packages/airflow/example_dags/example_dynamic_task_mapping.py took 0.090 seconds
[2026-04-02T05:47:04.047+0530] {processor.py:161} INFO - Started process (PID=23323) to work on /Users/aswin/Documents/data-engineering-practice/ETL_Airflow_DBT/airflow/airflow_env/lib/python3.11/site-packages/airflow/example_dags/example_dynamic_task_mapping.py
[2026-04-02T05:47:04.048+0530] {processor.py:830} INFO - Processing file /Users/aswin/Documents/data-engineering-practice/ETL_Airflow_DBT/airflow/airflow_env/lib/python3.11/site-packages/airflow/example_dags/example_dynamic_task_mapping.py for tasks to queue
[2026-04-02T05:47:04.048+0530] {logging_mixin.py:188} INFO - [2026-04-02T05:47:04.048+0530] {dagbag.py:540} INFO - Filling up the DagBag from /Users/aswin/Documents/data-engineering-practice/ETL_Airflow_DBT/airflow/airflow_env/lib/python3.11/site-packages/airflow/example_dags/example_dynamic_task_mapping.py
[2026-04-02T05:47:04.065+0530] {processor.py:840} INFO - DAG(s) 'example_dynamic_task_mapping' retrieved from /Users/aswin/Documents/data-engineering-practice/ETL_Airflow_DBT/airflow/airflow_env/lib/python3.11/site-packages/airflow/example_dags/example_dynamic_task_mapping.py
[2026-04-02T05:47:04.120+0530] {logging_mixin.py:188} INFO - [2026-04-02T05:47:04.120+0530] {dag.py:3096} INFO - Sync 1 DAGs
[2026-04-02T05:47:04.129+0530] {logging_mixin.py:188} INFO - [2026-04-02T05:47:04.129+0530] {dag.py:3954} INFO - Setting next_dagrun for example_dynamic_task_mapping to 2022-03-04 00:00:00+00:00, run_after=2022-03-05 00:00:00+00:00
[2026-04-02T05:47:04.138+0530] {processor.py:183} INFO - Processing /Users/aswin/Documents/data-engineering-practice/ETL_Airflow_DBT/airflow/airflow_env/lib/python3.11/site-packages/airflow/example_dags/example_dynamic_task_mapping.py took 0.092 seconds
[2026-04-02T05:47:35.755+0530] {processor.py:161} INFO - Started process (PID=23438) to work on /Users/aswin/Documents/data-engineering-practice/ETL_Airflow_DBT/airflow/airflow_env/lib/python3.11/site-packages/airflow/example_dags/example_dynamic_task_mapping.py
[2026-04-02T05:47:35.755+0530] {processor.py:830} INFO - Processing file /Users/aswin/Documents/data-engineering-practice/ETL_Airflow_DBT/airflow/airflow_env/lib/python3.11/site-packages/airflow/example_dags/example_dynamic_task_mapping.py for tasks to queue
[2026-04-02T05:47:35.755+0530] {logging_mixin.py:188} INFO - [2026-04-02T05:47:35.755+0530] {dagbag.py:540} INFO - Filling up the DagBag from /Users/aswin/Documents/data-engineering-practice/ETL_Airflow_DBT/airflow/airflow_env/lib/python3.11/site-packages/airflow/example_dags/example_dynamic_task_mapping.py
[2026-04-02T05:47:35.771+0530] {processor.py:840} INFO - DAG(s) 'example_dynamic_task_mapping' retrieved from /Users/aswin/Documents/data-engineering-practice/ETL_Airflow_DBT/airflow/airflow_env/lib/python3.11/site-packages/airflow/example_dags/example_dynamic_task_mapping.py
[2026-04-02T05:47:35.822+0530] {logging_mixin.py:188} INFO - [2026-04-02T05:47:35.822+0530] {dag.py:3096} INFO - Sync 1 DAGs
[2026-04-02T05:47:35.832+0530] {logging_mixin.py:188} INFO - [2026-04-02T05:47:35.832+0530] {dag.py:3954} INFO - Setting next_dagrun for example_dynamic_task_mapping to 2022-03-04 00:00:00+00:00, run_after=2022-03-05 00:00:00+00:00
[2026-04-02T05:47:35.840+0530] {processor.py:183} INFO - Processing /Users/aswin/Documents/data-engineering-practice/ETL_Airflow_DBT/airflow/airflow_env/lib/python3.11/site-packages/airflow/example_dags/example_dynamic_task_mapping.py took 0.086 seconds
[2026-04-02T05:48:06.676+0530] {processor.py:161} INFO - Started process (PID=23553) to work on /Users/aswin/Documents/data-engineering-practice/ETL_Airflow_DBT/airflow/airflow_env/lib/python3.11/site-packages/airflow/example_dags/example_dynamic_task_mapping.py
[2026-04-02T05:48:06.676+0530] {processor.py:830} INFO - Processing file /Users/aswin/Documents/data-engineering-practice/ETL_Airflow_DBT/airflow/airflow_env/lib/python3.11/site-packages/airflow/example_dags/example_dynamic_task_mapping.py for tasks to queue
[2026-04-02T05:48:06.676+0530] {logging_mixin.py:188} INFO - [2026-04-02T05:48:06.676+0530] {dagbag.py:540} INFO - Filling up the DagBag from /Users/aswin/Documents/data-engineering-practice/ETL_Airflow_DBT/airflow/airflow_env/lib/python3.11/site-packages/airflow/example_dags/example_dynamic_task_mapping.py
[2026-04-02T05:48:06.693+0530] {processor.py:840} INFO - DAG(s) 'example_dynamic_task_mapping' retrieved from /Users/aswin/Documents/data-engineering-practice/ETL_Airflow_DBT/airflow/airflow_env/lib/python3.11/site-packages/airflow/example_dags/example_dynamic_task_mapping.py
[2026-04-02T05:48:06.750+0530] {logging_mixin.py:188} INFO - [2026-04-02T05:48:06.750+0530] {dag.py:3096} INFO - Sync 1 DAGs
[2026-04-02T05:48:06.764+0530] {logging_mixin.py:188} INFO - [2026-04-02T05:48:06.764+0530] {dag.py:3954} INFO - Setting next_dagrun for example_dynamic_task_mapping to 2022-03-04 00:00:00+00:00, run_after=2022-03-05 00:00:00+00:00
[2026-04-02T05:48:06.775+0530] {processor.py:183} INFO - Processing /Users/aswin/Documents/data-engineering-practice/ETL_Airflow_DBT/airflow/airflow_env/lib/python3.11/site-packages/airflow/example_dags/example_dynamic_task_mapping.py took 0.100 seconds
[2026-04-02T05:48:37.630+0530] {processor.py:161} INFO - Started process (PID=23665) to work on /Users/aswin/Documents/data-engineering-practice/ETL_Airflow_DBT/airflow/airflow_env/lib/python3.11/site-packages/airflow/example_dags/example_dynamic_task_mapping.py
[2026-04-02T05:48:37.631+0530] {processor.py:830} INFO - Processing file /Users/aswin/Documents/data-engineering-practice/ETL_Airflow_DBT/airflow/airflow_env/lib/python3.11/site-packages/airflow/example_dags/example_dynamic_task_mapping.py for tasks to queue
[2026-04-02T05:48:37.631+0530] {logging_mixin.py:188} INFO - [2026-04-02T05:48:37.631+0530] {dagbag.py:540} INFO - Filling up the DagBag from /Users/aswin/Documents/data-engineering-practice/ETL_Airflow_DBT/airflow/airflow_env/lib/python3.11/site-packages/airflow/example_dags/example_dynamic_task_mapping.py
[2026-04-02T05:48:37.648+0530] {processor.py:840} INFO - DAG(s) 'example_dynamic_task_mapping' retrieved from /Users/aswin/Documents/data-engineering-practice/ETL_Airflow_DBT/airflow/airflow_env/lib/python3.11/site-packages/airflow/example_dags/example_dynamic_task_mapping.py
[2026-04-02T05:48:37.698+0530] {logging_mixin.py:188} INFO - [2026-04-02T05:48:37.698+0530] {dag.py:3096} INFO - Sync 1 DAGs
[2026-04-02T05:48:37.707+0530] {logging_mixin.py:188} INFO - [2026-04-02T05:48:37.707+0530] {dag.py:3954} INFO - Setting next_dagrun for example_dynamic_task_mapping to 2022-03-04 00:00:00+00:00, run_after=2022-03-05 00:00:00+00:00
[2026-04-02T05:48:37.714+0530] {processor.py:183} INFO - Processing /Users/aswin/Documents/data-engineering-practice/ETL_Airflow_DBT/airflow/airflow_env/lib/python3.11/site-packages/airflow/example_dags/example_dynamic_task_mapping.py took 0.085 seconds
[2026-04-02T05:49:08.946+0530] {processor.py:161} INFO - Started process (PID=23781) to work on /Users/aswin/Documents/data-engineering-practice/ETL_Airflow_DBT/airflow/airflow_env/lib/python3.11/site-packages/airflow/example_dags/example_dynamic_task_mapping.py
[2026-04-02T05:49:08.947+0530] {processor.py:830} INFO - Processing file /Users/aswin/Documents/data-engineering-practice/ETL_Airflow_DBT/airflow/airflow_env/lib/python3.11/site-packages/airflow/example_dags/example_dynamic_task_mapping.py for tasks to queue
[2026-04-02T05:49:08.947+0530] {logging_mixin.py:188} INFO - [2026-04-02T05:49:08.947+0530] {dagbag.py:540} INFO - Filling up the DagBag from /Users/aswin/Documents/data-engineering-practice/ETL_Airflow_DBT/airflow/airflow_env/lib/python3.11/site-packages/airflow/example_dags/example_dynamic_task_mapping.py
[2026-04-02T05:49:08.963+0530] {processor.py:840} INFO - DAG(s) 'example_dynamic_task_mapping' retrieved from /Users/aswin/Documents/data-engineering-practice/ETL_Airflow_DBT/airflow/airflow_env/lib/python3.11/site-packages/airflow/example_dags/example_dynamic_task_mapping.py
[2026-04-02T05:49:09.015+0530] {logging_mixin.py:188} INFO - [2026-04-02T05:49:09.015+0530] {dag.py:3096} INFO - Sync 1 DAGs
[2026-04-02T05:49:09.024+0530] {logging_mixin.py:188} INFO - [2026-04-02T05:49:09.024+0530] {dag.py:3954} INFO - Setting next_dagrun for example_dynamic_task_mapping to 2022-03-04 00:00:00+00:00, run_after=2022-03-05 00:00:00+00:00
[2026-04-02T05:49:09.032+0530] {processor.py:183} INFO - Processing /Users/aswin/Documents/data-engineering-practice/ETL_Airflow_DBT/airflow/airflow_env/lib/python3.11/site-packages/airflow/example_dags/example_dynamic_task_mapping.py took 0.087 seconds
[2026-04-02T05:49:40.404+0530] {processor.py:161} INFO - Started process (PID=23916) to work on /Users/aswin/Documents/data-engineering-practice/ETL_Airflow_DBT/airflow/airflow_env/lib/python3.11/site-packages/airflow/example_dags/example_dynamic_task_mapping.py
[2026-04-02T05:49:40.405+0530] {processor.py:830} INFO - Processing file /Users/aswin/Documents/data-engineering-practice/ETL_Airflow_DBT/airflow/airflow_env/lib/python3.11/site-packages/airflow/example_dags/example_dynamic_task_mapping.py for tasks to queue
[2026-04-02T05:49:40.405+0530] {logging_mixin.py:188} INFO - [2026-04-02T05:49:40.405+0530] {dagbag.py:540} INFO - Filling up the DagBag from /Users/aswin/Documents/data-engineering-practice/ETL_Airflow_DBT/airflow/airflow_env/lib/python3.11/site-packages/airflow/example_dags/example_dynamic_task_mapping.py
[2026-04-02T05:49:40.421+0530] {processor.py:840} INFO - DAG(s) 'example_dynamic_task_mapping' retrieved from /Users/aswin/Documents/data-engineering-practice/ETL_Airflow_DBT/airflow/airflow_env/lib/python3.11/site-packages/airflow/example_dags/example_dynamic_task_mapping.py
[2026-04-02T05:49:40.476+0530] {logging_mixin.py:188} INFO - [2026-04-02T05:49:40.476+0530] {dag.py:3096} INFO - Sync 1 DAGs
[2026-04-02T05:49:40.486+0530] {logging_mixin.py:188} INFO - [2026-04-02T05:49:40.486+0530] {dag.py:3954} INFO - Setting next_dagrun for example_dynamic_task_mapping to 2022-03-04 00:00:00+00:00, run_after=2022-03-05 00:00:00+00:00
[2026-04-02T05:49:40.494+0530] {processor.py:183} INFO - Processing /Users/aswin/Documents/data-engineering-practice/ETL_Airflow_DBT/airflow/airflow_env/lib/python3.11/site-packages/airflow/example_dags/example_dynamic_task_mapping.py took 0.091 seconds
[2026-04-02T05:50:11.818+0530] {processor.py:161} INFO - Started process (PID=24050) to work on /Users/aswin/Documents/data-engineering-practice/ETL_Airflow_DBT/airflow/airflow_env/lib/python3.11/site-packages/airflow/example_dags/example_dynamic_task_mapping.py
[2026-04-02T05:50:11.818+0530] {processor.py:830} INFO - Processing file /Users/aswin/Documents/data-engineering-practice/ETL_Airflow_DBT/airflow/airflow_env/lib/python3.11/site-packages/airflow/example_dags/example_dynamic_task_mapping.py for tasks to queue
[2026-04-02T05:50:11.819+0530] {logging_mixin.py:188} INFO - [2026-04-02T05:50:11.818+0530] {dagbag.py:540} INFO - Filling up the DagBag from /Users/aswin/Documents/data-engineering-practice/ETL_Airflow_DBT/airflow/airflow_env/lib/python3.11/site-packages/airflow/example_dags/example_dynamic_task_mapping.py
[2026-04-02T05:50:11.835+0530] {processor.py:840} INFO - DAG(s) 'example_dynamic_task_mapping' retrieved from /Users/aswin/Documents/data-engineering-practice/ETL_Airflow_DBT/airflow/airflow_env/lib/python3.11/site-packages/airflow/example_dags/example_dynamic_task_mapping.py
[2026-04-02T05:50:11.890+0530] {logging_mixin.py:188} INFO - [2026-04-02T05:50:11.890+0530] {dag.py:3096} INFO - Sync 1 DAGs
[2026-04-02T05:50:11.900+0530] {logging_mixin.py:188} INFO - [2026-04-02T05:50:11.900+0530] {dag.py:3954} INFO - Setting next_dagrun for example_dynamic_task_mapping to 2022-03-04 00:00:00+00:00, run_after=2022-03-05 00:00:00+00:00
[2026-04-02T05:50:11.908+0530] {processor.py:183} INFO - Processing /Users/aswin/Documents/data-engineering-practice/ETL_Airflow_DBT/airflow/airflow_env/lib/python3.11/site-packages/airflow/example_dags/example_dynamic_task_mapping.py took 0.092 seconds
[2026-04-02T05:50:42.680+0530] {processor.py:161} INFO - Started process (PID=24180) to work on /Users/aswin/Documents/data-engineering-practice/ETL_Airflow_DBT/airflow/airflow_env/lib/python3.11/site-packages/airflow/example_dags/example_dynamic_task_mapping.py
[2026-04-02T05:50:42.681+0530] {processor.py:830} INFO - Processing file /Users/aswin/Documents/data-engineering-practice/ETL_Airflow_DBT/airflow/airflow_env/lib/python3.11/site-packages/airflow/example_dags/example_dynamic_task_mapping.py for tasks to queue
[2026-04-02T05:50:42.681+0530] {logging_mixin.py:188} INFO - [2026-04-02T05:50:42.681+0530] {dagbag.py:540} INFO - Filling up the DagBag from /Users/aswin/Documents/data-engineering-practice/ETL_Airflow_DBT/airflow/airflow_env/lib/python3.11/site-packages/airflow/example_dags/example_dynamic_task_mapping.py
[2026-04-02T05:50:42.697+0530] {processor.py:840} INFO - DAG(s) 'example_dynamic_task_mapping' retrieved from /Users/aswin/Documents/data-engineering-practice/ETL_Airflow_DBT/airflow/airflow_env/lib/python3.11/site-packages/airflow/example_dags/example_dynamic_task_mapping.py
[2026-04-02T05:50:42.749+0530] {logging_mixin.py:188} INFO - [2026-04-02T05:50:42.749+0530] {dag.py:3096} INFO - Sync 1 DAGs
[2026-04-02T05:50:42.759+0530] {logging_mixin.py:188} INFO - [2026-04-02T05:50:42.759+0530] {dag.py:3954} INFO - Setting next_dagrun for example_dynamic_task_mapping to 2022-03-04 00:00:00+00:00, run_after=2022-03-05 00:00:00+00:00
[2026-04-02T05:50:42.768+0530] {processor.py:183} INFO - Processing /Users/aswin/Documents/data-engineering-practice/ETL_Airflow_DBT/airflow/airflow_env/lib/python3.11/site-packages/airflow/example_dags/example_dynamic_task_mapping.py took 0.089 seconds
[2026-04-02T05:51:13.627+0530] {processor.py:161} INFO - Started process (PID=24314) to work on /Users/aswin/Documents/data-engineering-practice/ETL_Airflow_DBT/airflow/airflow_env/lib/python3.11/site-packages/airflow/example_dags/example_dynamic_task_mapping.py
[2026-04-02T05:51:13.628+0530] {processor.py:830} INFO - Processing file /Users/aswin/Documents/data-engineering-practice/ETL_Airflow_DBT/airflow/airflow_env/lib/python3.11/site-packages/airflow/example_dags/example_dynamic_task_mapping.py for tasks to queue
[2026-04-02T05:51:13.628+0530] {logging_mixin.py:188} INFO - [2026-04-02T05:51:13.628+0530] {dagbag.py:540} INFO - Filling up the DagBag from /Users/aswin/Documents/data-engineering-practice/ETL_Airflow_DBT/airflow/airflow_env/lib/python3.11/site-packages/airflow/example_dags/example_dynamic_task_mapping.py
[2026-04-02T05:51:13.643+0530] {processor.py:840} INFO - DAG(s) 'example_dynamic_task_mapping' retrieved from /Users/aswin/Documents/data-engineering-practice/ETL_Airflow_DBT/airflow/airflow_env/lib/python3.11/site-packages/airflow/example_dags/example_dynamic_task_mapping.py
[2026-04-02T05:51:13.698+0530] {logging_mixin.py:188} INFO - [2026-04-02T05:51:13.697+0530] {dag.py:3096} INFO - Sync 1 DAGs
[2026-04-02T05:51:13.706+0530] {logging_mixin.py:188} INFO - [2026-04-02T05:51:13.706+0530] {dag.py:3954} INFO - Setting next_dagrun for example_dynamic_task_mapping to 2022-03-04 00:00:00+00:00, run_after=2022-03-05 00:00:00+00:00
[2026-04-02T05:51:13.716+0530] {processor.py:183} INFO - Processing /Users/aswin/Documents/data-engineering-practice/ETL_Airflow_DBT/airflow/airflow_env/lib/python3.11/site-packages/airflow/example_dags/example_dynamic_task_mapping.py took 0.090 seconds
[2026-04-02T05:51:45.159+0530] {processor.py:161} INFO - Started process (PID=24441) to work on /Users/aswin/Documents/data-engineering-practice/ETL_Airflow_DBT/airflow/airflow_env/lib/python3.11/site-packages/airflow/example_dags/example_dynamic_task_mapping.py
[2026-04-02T05:51:45.160+0530] {processor.py:830} INFO - Processing file /Users/aswin/Documents/data-engineering-practice/ETL_Airflow_DBT/airflow/airflow_env/lib/python3.11/site-packages/airflow/example_dags/example_dynamic_task_mapping.py for tasks to queue
[2026-04-02T05:51:45.160+0530] {logging_mixin.py:188} INFO - [2026-04-02T05:51:45.160+0530] {dagbag.py:540} INFO - Filling up the DagBag from /Users/aswin/Documents/data-engineering-practice/ETL_Airflow_DBT/airflow/airflow_env/lib/python3.11/site-packages/airflow/example_dags/example_dynamic_task_mapping.py
[2026-04-02T05:51:45.176+0530] {processor.py:840} INFO - DAG(s) 'example_dynamic_task_mapping' retrieved from /Users/aswin/Documents/data-engineering-practice/ETL_Airflow_DBT/airflow/airflow_env/lib/python3.11/site-packages/airflow/example_dags/example_dynamic_task_mapping.py
[2026-04-02T05:51:45.235+0530] {logging_mixin.py:188} INFO - [2026-04-02T05:51:45.235+0530] {dag.py:3096} INFO - Sync 1 DAGs
[2026-04-02T05:51:45.253+0530] {logging_mixin.py:188} INFO - [2026-04-02T05:51:45.253+0530] {dag.py:3954} INFO - Setting next_dagrun for example_dynamic_task_mapping to 2022-03-04 00:00:00+00:00, run_after=2022-03-05 00:00:00+00:00
[2026-04-02T05:51:45.262+0530] {processor.py:183} INFO - Processing /Users/aswin/Documents/data-engineering-practice/ETL_Airflow_DBT/airflow/airflow_env/lib/python3.11/site-packages/airflow/example_dags/example_dynamic_task_mapping.py took 0.104 seconds
[2026-04-02T05:52:16.517+0530] {processor.py:161} INFO - Started process (PID=24567) to work on /Users/aswin/Documents/data-engineering-practice/ETL_Airflow_DBT/airflow/airflow_env/lib/python3.11/site-packages/airflow/example_dags/example_dynamic_task_mapping.py
[2026-04-02T05:52:16.518+0530] {processor.py:830} INFO - Processing file /Users/aswin/Documents/data-engineering-practice/ETL_Airflow_DBT/airflow/airflow_env/lib/python3.11/site-packages/airflow/example_dags/example_dynamic_task_mapping.py for tasks to queue
[2026-04-02T05:52:16.518+0530] {logging_mixin.py:188} INFO - [2026-04-02T05:52:16.518+0530] {dagbag.py:540} INFO - Filling up the DagBag from /Users/aswin/Documents/data-engineering-practice/ETL_Airflow_DBT/airflow/airflow_env/lib/python3.11/site-packages/airflow/example_dags/example_dynamic_task_mapping.py
[2026-04-02T05:52:16.534+0530] {processor.py:840} INFO - DAG(s) 'example_dynamic_task_mapping' retrieved from /Users/aswin/Documents/data-engineering-practice/ETL_Airflow_DBT/airflow/airflow_env/lib/python3.11/site-packages/airflow/example_dags/example_dynamic_task_mapping.py
[2026-04-02T05:52:16.588+0530] {logging_mixin.py:188} INFO - [2026-04-02T05:52:16.587+0530] {dag.py:3096} INFO - Sync 1 DAGs
[2026-04-02T05:52:16.597+0530] {logging_mixin.py:188} INFO - [2026-04-02T05:52:16.597+0530] {dag.py:3954} INFO - Setting next_dagrun for example_dynamic_task_mapping to 2022-03-04 00:00:00+00:00, run_after=2022-03-05 00:00:00+00:00
[2026-04-02T05:52:16.605+0530] {processor.py:183} INFO - Processing /Users/aswin/Documents/data-engineering-practice/ETL_Airflow_DBT/airflow/airflow_env/lib/python3.11/site-packages/airflow/example_dags/example_dynamic_task_mapping.py took 0.089 seconds
[2026-04-02T05:52:47.364+0530] {processor.py:161} INFO - Started process (PID=24692) to work on /Users/aswin/Documents/data-engineering-practice/ETL_Airflow_DBT/airflow/airflow_env/lib/python3.11/site-packages/airflow/example_dags/example_dynamic_task_mapping.py
[2026-04-02T05:52:47.365+0530] {processor.py:830} INFO - Processing file /Users/aswin/Documents/data-engineering-practice/ETL_Airflow_DBT/airflow/airflow_env/lib/python3.11/site-packages/airflow/example_dags/example_dynamic_task_mapping.py for tasks to queue
[2026-04-02T05:52:47.365+0530] {logging_mixin.py:188} INFO - [2026-04-02T05:52:47.365+0530] {dagbag.py:540} INFO - Filling up the DagBag from /Users/aswin/Documents/data-engineering-practice/ETL_Airflow_DBT/airflow/airflow_env/lib/python3.11/site-packages/airflow/example_dags/example_dynamic_task_mapping.py
[2026-04-02T05:52:47.382+0530] {processor.py:840} INFO - DAG(s) 'example_dynamic_task_mapping' retrieved from /Users/aswin/Documents/data-engineering-practice/ETL_Airflow_DBT/airflow/airflow_env/lib/python3.11/site-packages/airflow/example_dags/example_dynamic_task_mapping.py
[2026-04-02T05:52:47.438+0530] {logging_mixin.py:188} INFO - [2026-04-02T05:52:47.437+0530] {dag.py:3096} INFO - Sync 1 DAGs
[2026-04-02T05:52:47.447+0530] {logging_mixin.py:188} INFO - [2026-04-02T05:52:47.447+0530] {dag.py:3954} INFO - Setting next_dagrun for example_dynamic_task_mapping to 2022-03-04 00:00:00+00:00, run_after=2022-03-05 00:00:00+00:00
[2026-04-02T05:52:47.456+0530] {processor.py:183} INFO - Processing /Users/aswin/Documents/data-engineering-practice/ETL_Airflow_DBT/airflow/airflow_env/lib/python3.11/site-packages/airflow/example_dags/example_dynamic_task_mapping.py took 0.093 seconds
[2026-04-02T05:53:18.541+0530] {processor.py:161} INFO - Started process (PID=24819) to work on /Users/aswin/Documents/data-engineering-practice/ETL_Airflow_DBT/airflow/airflow_env/lib/python3.11/site-packages/airflow/example_dags/example_dynamic_task_mapping.py
[2026-04-02T05:53:18.542+0530] {processor.py:830} INFO - Processing file /Users/aswin/Documents/data-engineering-practice/ETL_Airflow_DBT/airflow/airflow_env/lib/python3.11/site-packages/airflow/example_dags/example_dynamic_task_mapping.py for tasks to queue
[2026-04-02T05:53:18.542+0530] {logging_mixin.py:188} INFO - [2026-04-02T05:53:18.542+0530] {dagbag.py:540} INFO - Filling up the DagBag from /Users/aswin/Documents/data-engineering-practice/ETL_Airflow_DBT/airflow/airflow_env/lib/python3.11/site-packages/airflow/example_dags/example_dynamic_task_mapping.py
[2026-04-02T05:53:18.558+0530] {processor.py:840} INFO - DAG(s) 'example_dynamic_task_mapping' retrieved from /Users/aswin/Documents/data-engineering-practice/ETL_Airflow_DBT/airflow/airflow_env/lib/python3.11/site-packages/airflow/example_dags/example_dynamic_task_mapping.py
[2026-04-02T05:53:18.610+0530] {logging_mixin.py:188} INFO - [2026-04-02T05:53:18.610+0530] {dag.py:3096} INFO - Sync 1 DAGs
[2026-04-02T05:53:18.620+0530] {logging_mixin.py:188} INFO - [2026-04-02T05:53:18.620+0530] {dag.py:3954} INFO - Setting next_dagrun for example_dynamic_task_mapping to 2022-03-04 00:00:00+00:00, run_after=2022-03-05 00:00:00+00:00
[2026-04-02T05:53:18.628+0530] {processor.py:183} INFO - Processing /Users/aswin/Documents/data-engineering-practice/ETL_Airflow_DBT/airflow/airflow_env/lib/python3.11/site-packages/airflow/example_dags/example_dynamic_task_mapping.py took 0.087 seconds
[2026-04-02T05:53:49.456+0530] {processor.py:161} INFO - Started process (PID=24952) to work on /Users/aswin/Documents/data-engineering-practice/ETL_Airflow_DBT/airflow/airflow_env/lib/python3.11/site-packages/airflow/example_dags/example_dynamic_task_mapping.py
[2026-04-02T05:53:49.457+0530] {processor.py:830} INFO - Processing file /Users/aswin/Documents/data-engineering-practice/ETL_Airflow_DBT/airflow/airflow_env/lib/python3.11/site-packages/airflow/example_dags/example_dynamic_task_mapping.py for tasks to queue
[2026-04-02T05:53:49.457+0530] {logging_mixin.py:188} INFO - [2026-04-02T05:53:49.457+0530] {dagbag.py:540} INFO - Filling up the DagBag from /Users/aswin/Documents/data-engineering-practice/ETL_Airflow_DBT/airflow/airflow_env/lib/python3.11/site-packages/airflow/example_dags/example_dynamic_task_mapping.py
[2026-04-02T05:53:49.473+0530] {processor.py:840} INFO - DAG(s) 'example_dynamic_task_mapping' retrieved from /Users/aswin/Documents/data-engineering-practice/ETL_Airflow_DBT/airflow/airflow_env/lib/python3.11/site-packages/airflow/example_dags/example_dynamic_task_mapping.py
[2026-04-02T05:53:49.528+0530] {logging_mixin.py:188} INFO - [2026-04-02T05:53:49.528+0530] {dag.py:3096} INFO - Sync 1 DAGs
[2026-04-02T05:53:49.538+0530] {logging_mixin.py:188} INFO - [2026-04-02T05:53:49.538+0530] {dag.py:3954} INFO - Setting next_dagrun for example_dynamic_task_mapping to 2022-03-04 00:00:00+00:00, run_after=2022-03-05 00:00:00+00:00
[2026-04-02T05:53:49.546+0530] {processor.py:183} INFO - Processing /Users/aswin/Documents/data-engineering-practice/ETL_Airflow_DBT/airflow/airflow_env/lib/python3.11/site-packages/airflow/example_dags/example_dynamic_task_mapping.py took 0.091 seconds
[2026-04-02T05:54:21.030+0530] {processor.py:161} INFO - Started process (PID=25080) to work on /Users/aswin/Documents/data-engineering-practice/ETL_Airflow_DBT/airflow/airflow_env/lib/python3.11/site-packages/airflow/example_dags/example_dynamic_task_mapping.py
[2026-04-02T05:54:21.031+0530] {processor.py:830} INFO - Processing file /Users/aswin/Documents/data-engineering-practice/ETL_Airflow_DBT/airflow/airflow_env/lib/python3.11/site-packages/airflow/example_dags/example_dynamic_task_mapping.py for tasks to queue
[2026-04-02T05:54:21.031+0530] {logging_mixin.py:188} INFO - [2026-04-02T05:54:21.031+0530] {dagbag.py:540} INFO - Filling up the DagBag from /Users/aswin/Documents/data-engineering-practice/ETL_Airflow_DBT/airflow/airflow_env/lib/python3.11/site-packages/airflow/example_dags/example_dynamic_task_mapping.py
[2026-04-02T05:54:21.047+0530] {processor.py:840} INFO - DAG(s) 'example_dynamic_task_mapping' retrieved from /Users/aswin/Documents/data-engineering-practice/ETL_Airflow_DBT/airflow/airflow_env/lib/python3.11/site-packages/airflow/example_dags/example_dynamic_task_mapping.py
[2026-04-02T05:54:21.108+0530] {logging_mixin.py:188} INFO - [2026-04-02T05:54:21.108+0530] {dag.py:3096} INFO - Sync 1 DAGs
[2026-04-02T05:54:21.117+0530] {logging_mixin.py:188} INFO - [2026-04-02T05:54:21.117+0530] {dag.py:3954} INFO - Setting next_dagrun for example_dynamic_task_mapping to 2022-03-04 00:00:00+00:00, run_after=2022-03-05 00:00:00+00:00
[2026-04-02T05:54:21.125+0530] {processor.py:183} INFO - Processing /Users/aswin/Documents/data-engineering-practice/ETL_Airflow_DBT/airflow/airflow_env/lib/python3.11/site-packages/airflow/example_dags/example_dynamic_task_mapping.py took 0.096 seconds
[2026-04-02T05:54:51.937+0530] {processor.py:161} INFO - Started process (PID=25214) to work on /Users/aswin/Documents/data-engineering-practice/ETL_Airflow_DBT/airflow/airflow_env/lib/python3.11/site-packages/airflow/example_dags/example_dynamic_task_mapping.py
[2026-04-02T05:54:51.937+0530] {processor.py:830} INFO - Processing file /Users/aswin/Documents/data-engineering-practice/ETL_Airflow_DBT/airflow/airflow_env/lib/python3.11/site-packages/airflow/example_dags/example_dynamic_task_mapping.py for tasks to queue
[2026-04-02T05:54:51.937+0530] {logging_mixin.py:188} INFO - [2026-04-02T05:54:51.937+0530] {dagbag.py:540} INFO - Filling up the DagBag from /Users/aswin/Documents/data-engineering-practice/ETL_Airflow_DBT/airflow/airflow_env/lib/python3.11/site-packages/airflow/example_dags/example_dynamic_task_mapping.py
[2026-04-02T05:54:51.953+0530] {processor.py:840} INFO - DAG(s) 'example_dynamic_task_mapping' retrieved from /Users/aswin/Documents/data-engineering-practice/ETL_Airflow_DBT/airflow/airflow_env/lib/python3.11/site-packages/airflow/example_dags/example_dynamic_task_mapping.py
[2026-04-02T05:54:52.005+0530] {logging_mixin.py:188} INFO - [2026-04-02T05:54:52.004+0530] {dag.py:3096} INFO - Sync 1 DAGs
[2026-04-02T05:54:52.016+0530] {logging_mixin.py:188} INFO - [2026-04-02T05:54:52.016+0530] {dag.py:3954} INFO - Setting next_dagrun for example_dynamic_task_mapping to 2022-03-04 00:00:00+00:00, run_after=2022-03-05 00:00:00+00:00
[2026-04-02T05:54:52.024+0530] {processor.py:183} INFO - Processing /Users/aswin/Documents/data-engineering-practice/ETL_Airflow_DBT/airflow/airflow_env/lib/python3.11/site-packages/airflow/example_dags/example_dynamic_task_mapping.py took 0.089 seconds
[2026-04-02T05:55:23.245+0530] {processor.py:161} INFO - Started process (PID=25358) to work on /Users/aswin/Documents/data-engineering-practice/ETL_Airflow_DBT/airflow/airflow_env/lib/python3.11/site-packages/airflow/example_dags/example_dynamic_task_mapping.py
[2026-04-02T05:55:23.246+0530] {processor.py:830} INFO - Processing file /Users/aswin/Documents/data-engineering-practice/ETL_Airflow_DBT/airflow/airflow_env/lib/python3.11/site-packages/airflow/example_dags/example_dynamic_task_mapping.py for tasks to queue
[2026-04-02T05:55:23.247+0530] {logging_mixin.py:188} INFO - [2026-04-02T05:55:23.247+0530] {dagbag.py:540} INFO - Filling up the DagBag from /Users/aswin/Documents/data-engineering-practice/ETL_Airflow_DBT/airflow/airflow_env/lib/python3.11/site-packages/airflow/example_dags/example_dynamic_task_mapping.py
[2026-04-02T05:55:23.263+0530] {processor.py:840} INFO - DAG(s) 'example_dynamic_task_mapping' retrieved from /Users/aswin/Documents/data-engineering-practice/ETL_Airflow_DBT/airflow/airflow_env/lib/python3.11/site-packages/airflow/example_dags/example_dynamic_task_mapping.py
[2026-04-02T05:55:23.319+0530] {logging_mixin.py:188} INFO - [2026-04-02T05:55:23.319+0530] {dag.py:3096} INFO - Sync 1 DAGs
[2026-04-02T05:55:23.330+0530] {logging_mixin.py:188} INFO - [2026-04-02T05:55:23.330+0530] {dag.py:3954} INFO - Setting next_dagrun for example_dynamic_task_mapping to 2022-03-04 00:00:00+00:00, run_after=2022-03-05 00:00:00+00:00
[2026-04-02T05:55:23.340+0530] {processor.py:183} INFO - Processing /Users/aswin/Documents/data-engineering-practice/ETL_Airflow_DBT/airflow/airflow_env/lib/python3.11/site-packages/airflow/example_dags/example_dynamic_task_mapping.py took 0.095 seconds
[2026-04-02T05:55:54.561+0530] {processor.py:161} INFO - Started process (PID=25517) to work on /Users/aswin/Documents/data-engineering-practice/ETL_Airflow_DBT/airflow/airflow_env/lib/python3.11/site-packages/airflow/example_dags/example_dynamic_task_mapping.py
[2026-04-02T05:55:54.562+0530] {processor.py:830} INFO - Processing file /Users/aswin/Documents/data-engineering-practice/ETL_Airflow_DBT/airflow/airflow_env/lib/python3.11/site-packages/airflow/example_dags/example_dynamic_task_mapping.py for tasks to queue
[2026-04-02T05:55:54.562+0530] {logging_mixin.py:188} INFO - [2026-04-02T05:55:54.562+0530] {dagbag.py:540} INFO - Filling up the DagBag from /Users/aswin/Documents/data-engineering-practice/ETL_Airflow_DBT/airflow/airflow_env/lib/python3.11/site-packages/airflow/example_dags/example_dynamic_task_mapping.py
[2026-04-02T05:55:54.578+0530] {processor.py:840} INFO - DAG(s) 'example_dynamic_task_mapping' retrieved from /Users/aswin/Documents/data-engineering-practice/ETL_Airflow_DBT/airflow/airflow_env/lib/python3.11/site-packages/airflow/example_dags/example_dynamic_task_mapping.py
[2026-04-02T05:55:54.631+0530] {logging_mixin.py:188} INFO - [2026-04-02T05:55:54.630+0530] {dag.py:3096} INFO - Sync 1 DAGs
[2026-04-02T05:55:54.640+0530] {logging_mixin.py:188} INFO - [2026-04-02T05:55:54.640+0530] {dag.py:3954} INFO - Setting next_dagrun for example_dynamic_task_mapping to 2022-03-04 00:00:00+00:00, run_after=2022-03-05 00:00:00+00:00
[2026-04-02T05:55:54.650+0530] {processor.py:183} INFO - Processing /Users/aswin/Documents/data-engineering-practice/ETL_Airflow_DBT/airflow/airflow_env/lib/python3.11/site-packages/airflow/example_dags/example_dynamic_task_mapping.py took 0.090 seconds
[2026-04-02T05:56:25.604+0530] {processor.py:161} INFO - Started process (PID=25643) to work on /Users/aswin/Documents/data-engineering-practice/ETL_Airflow_DBT/airflow/airflow_env/lib/python3.11/site-packages/airflow/example_dags/example_dynamic_task_mapping.py
[2026-04-02T05:56:25.605+0530] {processor.py:830} INFO - Processing file /Users/aswin/Documents/data-engineering-practice/ETL_Airflow_DBT/airflow/airflow_env/lib/python3.11/site-packages/airflow/example_dags/example_dynamic_task_mapping.py for tasks to queue
[2026-04-02T05:56:25.605+0530] {logging_mixin.py:188} INFO - [2026-04-02T05:56:25.605+0530] {dagbag.py:540} INFO - Filling up the DagBag from /Users/aswin/Documents/data-engineering-practice/ETL_Airflow_DBT/airflow/airflow_env/lib/python3.11/site-packages/airflow/example_dags/example_dynamic_task_mapping.py
[2026-04-02T05:56:25.621+0530] {processor.py:840} INFO - DAG(s) 'example_dynamic_task_mapping' retrieved from /Users/aswin/Documents/data-engineering-practice/ETL_Airflow_DBT/airflow/airflow_env/lib/python3.11/site-packages/airflow/example_dags/example_dynamic_task_mapping.py
[2026-04-02T05:56:25.674+0530] {logging_mixin.py:188} INFO - [2026-04-02T05:56:25.673+0530] {dag.py:3096} INFO - Sync 1 DAGs
[2026-04-02T05:56:25.684+0530] {logging_mixin.py:188} INFO - [2026-04-02T05:56:25.684+0530] {dag.py:3954} INFO - Setting next_dagrun for example_dynamic_task_mapping to 2022-03-04 00:00:00+00:00, run_after=2022-03-05 00:00:00+00:00
[2026-04-02T05:56:25.693+0530] {processor.py:183} INFO - Processing /Users/aswin/Documents/data-engineering-practice/ETL_Airflow_DBT/airflow/airflow_env/lib/python3.11/site-packages/airflow/example_dags/example_dynamic_task_mapping.py took 0.090 seconds
[2026-04-02T05:56:56.934+0530] {processor.py:161} INFO - Started process (PID=25770) to work on /Users/aswin/Documents/data-engineering-practice/ETL_Airflow_DBT/airflow/airflow_env/lib/python3.11/site-packages/airflow/example_dags/example_dynamic_task_mapping.py
[2026-04-02T05:56:56.935+0530] {processor.py:830} INFO - Processing file /Users/aswin/Documents/data-engineering-practice/ETL_Airflow_DBT/airflow/airflow_env/lib/python3.11/site-packages/airflow/example_dags/example_dynamic_task_mapping.py for tasks to queue
[2026-04-02T05:56:56.935+0530] {logging_mixin.py:188} INFO - [2026-04-02T05:56:56.935+0530] {dagbag.py:540} INFO - Filling up the DagBag from /Users/aswin/Documents/data-engineering-practice/ETL_Airflow_DBT/airflow/airflow_env/lib/python3.11/site-packages/airflow/example_dags/example_dynamic_task_mapping.py
[2026-04-02T05:56:56.950+0530] {processor.py:840} INFO - DAG(s) 'example_dynamic_task_mapping' retrieved from /Users/aswin/Documents/data-engineering-practice/ETL_Airflow_DBT/airflow/airflow_env/lib/python3.11/site-packages/airflow/example_dags/example_dynamic_task_mapping.py
[2026-04-02T05:56:57.002+0530] {logging_mixin.py:188} INFO - [2026-04-02T05:56:57.002+0530] {dag.py:3096} INFO - Sync 1 DAGs
[2026-04-02T05:56:57.011+0530] {logging_mixin.py:188} INFO - [2026-04-02T05:56:57.011+0530] {dag.py:3954} INFO - Setting next_dagrun for example_dynamic_task_mapping to 2022-03-04 00:00:00+00:00, run_after=2022-03-05 00:00:00+00:00
[2026-04-02T05:56:57.019+0530] {processor.py:183} INFO - Processing /Users/aswin/Documents/data-engineering-practice/ETL_Airflow_DBT/airflow/airflow_env/lib/python3.11/site-packages/airflow/example_dags/example_dynamic_task_mapping.py took 0.086 seconds
[2026-04-02T05:57:27.714+0530] {processor.py:161} INFO - Started process (PID=25902) to work on /Users/aswin/Documents/data-engineering-practice/ETL_Airflow_DBT/airflow/airflow_env/lib/python3.11/site-packages/airflow/example_dags/example_dynamic_task_mapping.py
[2026-04-02T05:57:27.715+0530] {processor.py:830} INFO - Processing file /Users/aswin/Documents/data-engineering-practice/ETL_Airflow_DBT/airflow/airflow_env/lib/python3.11/site-packages/airflow/example_dags/example_dynamic_task_mapping.py for tasks to queue
[2026-04-02T05:57:27.715+0530] {logging_mixin.py:188} INFO - [2026-04-02T05:57:27.715+0530] {dagbag.py:540} INFO - Filling up the DagBag from /Users/aswin/Documents/data-engineering-practice/ETL_Airflow_DBT/airflow/airflow_env/lib/python3.11/site-packages/airflow/example_dags/example_dynamic_task_mapping.py
[2026-04-02T05:57:27.731+0530] {processor.py:840} INFO - DAG(s) 'example_dynamic_task_mapping' retrieved from /Users/aswin/Documents/data-engineering-practice/ETL_Airflow_DBT/airflow/airflow_env/lib/python3.11/site-packages/airflow/example_dags/example_dynamic_task_mapping.py
[2026-04-02T05:57:27.783+0530] {logging_mixin.py:188} INFO - [2026-04-02T05:57:27.783+0530] {dag.py:3096} INFO - Sync 1 DAGs
[2026-04-02T05:57:27.794+0530] {logging_mixin.py:188} INFO - [2026-04-02T05:57:27.794+0530] {dag.py:3954} INFO - Setting next_dagrun for example_dynamic_task_mapping to 2022-03-04 00:00:00+00:00, run_after=2022-03-05 00:00:00+00:00
[2026-04-02T05:57:27.804+0530] {processor.py:183} INFO - Processing /Users/aswin/Documents/data-engineering-practice/ETL_Airflow_DBT/airflow/airflow_env/lib/python3.11/site-packages/airflow/example_dags/example_dynamic_task_mapping.py took 0.091 seconds
[2026-04-02T05:57:58.938+0530] {processor.py:161} INFO - Started process (PID=26027) to work on /Users/aswin/Documents/data-engineering-practice/ETL_Airflow_DBT/airflow/airflow_env/lib/python3.11/site-packages/airflow/example_dags/example_dynamic_task_mapping.py
[2026-04-02T05:57:58.939+0530] {processor.py:830} INFO - Processing file /Users/aswin/Documents/data-engineering-practice/ETL_Airflow_DBT/airflow/airflow_env/lib/python3.11/site-packages/airflow/example_dags/example_dynamic_task_mapping.py for tasks to queue
[2026-04-02T05:57:58.939+0530] {logging_mixin.py:188} INFO - [2026-04-02T05:57:58.939+0530] {dagbag.py:540} INFO - Filling up the DagBag from /Users/aswin/Documents/data-engineering-practice/ETL_Airflow_DBT/airflow/airflow_env/lib/python3.11/site-packages/airflow/example_dags/example_dynamic_task_mapping.py
[2026-04-02T05:57:58.954+0530] {processor.py:840} INFO - DAG(s) 'example_dynamic_task_mapping' retrieved from /Users/aswin/Documents/data-engineering-practice/ETL_Airflow_DBT/airflow/airflow_env/lib/python3.11/site-packages/airflow/example_dags/example_dynamic_task_mapping.py
[2026-04-02T05:57:59.011+0530] {logging_mixin.py:188} INFO - [2026-04-02T05:57:59.011+0530] {dag.py:3096} INFO - Sync 1 DAGs
[2026-04-02T05:57:59.021+0530] {logging_mixin.py:188} INFO - [2026-04-02T05:57:59.021+0530] {dag.py:3954} INFO - Setting next_dagrun for example_dynamic_task_mapping to 2022-03-04 00:00:00+00:00, run_after=2022-03-05 00:00:00+00:00
[2026-04-02T05:57:59.032+0530] {processor.py:183} INFO - Processing /Users/aswin/Documents/data-engineering-practice/ETL_Airflow_DBT/airflow/airflow_env/lib/python3.11/site-packages/airflow/example_dags/example_dynamic_task_mapping.py took 0.095 seconds
[2026-04-02T05:58:30.063+0530] {processor.py:161} INFO - Started process (PID=26152) to work on /Users/aswin/Documents/data-engineering-practice/ETL_Airflow_DBT/airflow/airflow_env/lib/python3.11/site-packages/airflow/example_dags/example_dynamic_task_mapping.py
[2026-04-02T05:58:30.064+0530] {processor.py:830} INFO - Processing file /Users/aswin/Documents/data-engineering-practice/ETL_Airflow_DBT/airflow/airflow_env/lib/python3.11/site-packages/airflow/example_dags/example_dynamic_task_mapping.py for tasks to queue
[2026-04-02T05:58:30.064+0530] {logging_mixin.py:188} INFO - [2026-04-02T05:58:30.064+0530] {dagbag.py:540} INFO - Filling up the DagBag from /Users/aswin/Documents/data-engineering-practice/ETL_Airflow_DBT/airflow/airflow_env/lib/python3.11/site-packages/airflow/example_dags/example_dynamic_task_mapping.py
[2026-04-02T05:58:30.080+0530] {processor.py:840} INFO - DAG(s) 'example_dynamic_task_mapping' retrieved from /Users/aswin/Documents/data-engineering-practice/ETL_Airflow_DBT/airflow/airflow_env/lib/python3.11/site-packages/airflow/example_dags/example_dynamic_task_mapping.py
[2026-04-02T05:58:30.132+0530] {logging_mixin.py:188} INFO - [2026-04-02T05:58:30.132+0530] {dag.py:3096} INFO - Sync 1 DAGs
[2026-04-02T05:58:30.143+0530] {logging_mixin.py:188} INFO - [2026-04-02T05:58:30.142+0530] {dag.py:3954} INFO - Setting next_dagrun for example_dynamic_task_mapping to 2022-03-04 00:00:00+00:00, run_after=2022-03-05 00:00:00+00:00
[2026-04-02T05:58:30.152+0530] {processor.py:183} INFO - Processing /Users/aswin/Documents/data-engineering-practice/ETL_Airflow_DBT/airflow/airflow_env/lib/python3.11/site-packages/airflow/example_dags/example_dynamic_task_mapping.py took 0.089 seconds
[2026-04-02T05:59:01.128+0530] {processor.py:161} INFO - Started process (PID=26277) to work on /Users/aswin/Documents/data-engineering-practice/ETL_Airflow_DBT/airflow/airflow_env/lib/python3.11/site-packages/airflow/example_dags/example_dynamic_task_mapping.py
[2026-04-02T05:59:01.129+0530] {processor.py:830} INFO - Processing file /Users/aswin/Documents/data-engineering-practice/ETL_Airflow_DBT/airflow/airflow_env/lib/python3.11/site-packages/airflow/example_dags/example_dynamic_task_mapping.py for tasks to queue
[2026-04-02T05:59:01.129+0530] {logging_mixin.py:188} INFO - [2026-04-02T05:59:01.129+0530] {dagbag.py:540} INFO - Filling up the DagBag from /Users/aswin/Documents/data-engineering-practice/ETL_Airflow_DBT/airflow/airflow_env/lib/python3.11/site-packages/airflow/example_dags/example_dynamic_task_mapping.py
[2026-04-02T05:59:01.145+0530] {processor.py:840} INFO - DAG(s) 'example_dynamic_task_mapping' retrieved from /Users/aswin/Documents/data-engineering-practice/ETL_Airflow_DBT/airflow/airflow_env/lib/python3.11/site-packages/airflow/example_dags/example_dynamic_task_mapping.py
[2026-04-02T05:59:01.197+0530] {logging_mixin.py:188} INFO - [2026-04-02T05:59:01.197+0530] {dag.py:3096} INFO - Sync 1 DAGs
[2026-04-02T05:59:01.208+0530] {logging_mixin.py:188} INFO - [2026-04-02T05:59:01.208+0530] {dag.py:3954} INFO - Setting next_dagrun for example_dynamic_task_mapping to 2022-03-04 00:00:00+00:00, run_after=2022-03-05 00:00:00+00:00
[2026-04-02T05:59:01.216+0530] {processor.py:183} INFO - Processing /Users/aswin/Documents/data-engineering-practice/ETL_Airflow_DBT/airflow/airflow_env/lib/python3.11/site-packages/airflow/example_dags/example_dynamic_task_mapping.py took 0.089 seconds
[2026-04-02T05:59:32.415+0530] {processor.py:161} INFO - Started process (PID=26414) to work on /Users/aswin/Documents/data-engineering-practice/ETL_Airflow_DBT/airflow/airflow_env/lib/python3.11/site-packages/airflow/example_dags/example_dynamic_task_mapping.py
[2026-04-02T05:59:32.417+0530] {processor.py:830} INFO - Processing file /Users/aswin/Documents/data-engineering-practice/ETL_Airflow_DBT/airflow/airflow_env/lib/python3.11/site-packages/airflow/example_dags/example_dynamic_task_mapping.py for tasks to queue
[2026-04-02T05:59:32.417+0530] {logging_mixin.py:188} INFO - [2026-04-02T05:59:32.417+0530] {dagbag.py:540} INFO - Filling up the DagBag from /Users/aswin/Documents/data-engineering-practice/ETL_Airflow_DBT/airflow/airflow_env/lib/python3.11/site-packages/airflow/example_dags/example_dynamic_task_mapping.py
[2026-04-02T05:59:32.432+0530] {processor.py:840} INFO - DAG(s) 'example_dynamic_task_mapping' retrieved from /Users/aswin/Documents/data-engineering-practice/ETL_Airflow_DBT/airflow/airflow_env/lib/python3.11/site-packages/airflow/example_dags/example_dynamic_task_mapping.py
[2026-04-02T05:59:32.484+0530] {logging_mixin.py:188} INFO - [2026-04-02T05:59:32.483+0530] {dag.py:3096} INFO - Sync 1 DAGs
[2026-04-02T05:59:32.494+0530] {logging_mixin.py:188} INFO - [2026-04-02T05:59:32.494+0530] {dag.py:3954} INFO - Setting next_dagrun for example_dynamic_task_mapping to 2022-03-04 00:00:00+00:00, run_after=2022-03-05 00:00:00+00:00
[2026-04-02T05:59:32.503+0530] {processor.py:183} INFO - Processing /Users/aswin/Documents/data-engineering-practice/ETL_Airflow_DBT/airflow/airflow_env/lib/python3.11/site-packages/airflow/example_dags/example_dynamic_task_mapping.py took 0.088 seconds
[2026-04-02T06:00:03.640+0530] {processor.py:161} INFO - Started process (PID=26542) to work on /Users/aswin/Documents/data-engineering-practice/ETL_Airflow_DBT/airflow/airflow_env/lib/python3.11/site-packages/airflow/example_dags/example_dynamic_task_mapping.py
[2026-04-02T06:00:03.641+0530] {processor.py:830} INFO - Processing file /Users/aswin/Documents/data-engineering-practice/ETL_Airflow_DBT/airflow/airflow_env/lib/python3.11/site-packages/airflow/example_dags/example_dynamic_task_mapping.py for tasks to queue
[2026-04-02T06:00:03.641+0530] {logging_mixin.py:188} INFO - [2026-04-02T06:00:03.641+0530] {dagbag.py:540} INFO - Filling up the DagBag from /Users/aswin/Documents/data-engineering-practice/ETL_Airflow_DBT/airflow/airflow_env/lib/python3.11/site-packages/airflow/example_dags/example_dynamic_task_mapping.py
[2026-04-02T06:00:03.656+0530] {processor.py:840} INFO - DAG(s) 'example_dynamic_task_mapping' retrieved from /Users/aswin/Documents/data-engineering-practice/ETL_Airflow_DBT/airflow/airflow_env/lib/python3.11/site-packages/airflow/example_dags/example_dynamic_task_mapping.py
[2026-04-02T06:00:03.710+0530] {logging_mixin.py:188} INFO - [2026-04-02T06:00:03.710+0530] {dag.py:3096} INFO - Sync 1 DAGs
[2026-04-02T06:00:03.720+0530] {logging_mixin.py:188} INFO - [2026-04-02T06:00:03.719+0530] {dag.py:3954} INFO - Setting next_dagrun for example_dynamic_task_mapping to 2022-03-04 00:00:00+00:00, run_after=2022-03-05 00:00:00+00:00
[2026-04-02T06:00:03.728+0530] {processor.py:183} INFO - Processing /Users/aswin/Documents/data-engineering-practice/ETL_Airflow_DBT/airflow/airflow_env/lib/python3.11/site-packages/airflow/example_dags/example_dynamic_task_mapping.py took 0.089 seconds
[2026-04-02T06:00:35.814+0530] {processor.py:161} INFO - Started process (PID=26671) to work on /Users/aswin/Documents/data-engineering-practice/ETL_Airflow_DBT/airflow/airflow_env/lib/python3.11/site-packages/airflow/example_dags/example_dynamic_task_mapping.py
[2026-04-02T06:00:35.815+0530] {processor.py:830} INFO - Processing file /Users/aswin/Documents/data-engineering-practice/ETL_Airflow_DBT/airflow/airflow_env/lib/python3.11/site-packages/airflow/example_dags/example_dynamic_task_mapping.py for tasks to queue
[2026-04-02T06:00:35.816+0530] {logging_mixin.py:188} INFO - [2026-04-02T06:00:35.815+0530] {dagbag.py:540} INFO - Filling up the DagBag from /Users/aswin/Documents/data-engineering-practice/ETL_Airflow_DBT/airflow/airflow_env/lib/python3.11/site-packages/airflow/example_dags/example_dynamic_task_mapping.py
[2026-04-02T06:00:35.831+0530] {processor.py:840} INFO - DAG(s) 'example_dynamic_task_mapping' retrieved from /Users/aswin/Documents/data-engineering-practice/ETL_Airflow_DBT/airflow/airflow_env/lib/python3.11/site-packages/airflow/example_dags/example_dynamic_task_mapping.py
[2026-04-02T06:00:35.885+0530] {logging_mixin.py:188} INFO - [2026-04-02T06:00:35.884+0530] {dag.py:3096} INFO - Sync 1 DAGs
[2026-04-02T06:00:35.894+0530] {logging_mixin.py:188} INFO - [2026-04-02T06:00:35.894+0530] {dag.py:3954} INFO - Setting next_dagrun for example_dynamic_task_mapping to 2022-03-04 00:00:00+00:00, run_after=2022-03-05 00:00:00+00:00
[2026-04-02T06:00:35.902+0530] {processor.py:183} INFO - Processing /Users/aswin/Documents/data-engineering-practice/ETL_Airflow_DBT/airflow/airflow_env/lib/python3.11/site-packages/airflow/example_dags/example_dynamic_task_mapping.py took 0.089 seconds
[2026-04-02T06:01:06.909+0530] {processor.py:161} INFO - Started process (PID=26801) to work on /Users/aswin/Documents/data-engineering-practice/ETL_Airflow_DBT/airflow/airflow_env/lib/python3.11/site-packages/airflow/example_dags/example_dynamic_task_mapping.py
[2026-04-02T06:01:06.910+0530] {processor.py:830} INFO - Processing file /Users/aswin/Documents/data-engineering-practice/ETL_Airflow_DBT/airflow/airflow_env/lib/python3.11/site-packages/airflow/example_dags/example_dynamic_task_mapping.py for tasks to queue
[2026-04-02T06:01:06.910+0530] {logging_mixin.py:188} INFO - [2026-04-02T06:01:06.910+0530] {dagbag.py:540} INFO - Filling up the DagBag from /Users/aswin/Documents/data-engineering-practice/ETL_Airflow_DBT/airflow/airflow_env/lib/python3.11/site-packages/airflow/example_dags/example_dynamic_task_mapping.py
[2026-04-02T06:01:06.925+0530] {processor.py:840} INFO - DAG(s) 'example_dynamic_task_mapping' retrieved from /Users/aswin/Documents/data-engineering-practice/ETL_Airflow_DBT/airflow/airflow_env/lib/python3.11/site-packages/airflow/example_dags/example_dynamic_task_mapping.py
[2026-04-02T06:01:06.978+0530] {logging_mixin.py:188} INFO - [2026-04-02T06:01:06.978+0530] {dag.py:3096} INFO - Sync 1 DAGs
[2026-04-02T06:01:06.988+0530] {logging_mixin.py:188} INFO - [2026-04-02T06:01:06.988+0530] {dag.py:3954} INFO - Setting next_dagrun for example_dynamic_task_mapping to 2022-03-04 00:00:00+00:00, run_after=2022-03-05 00:00:00+00:00
[2026-04-02T06:01:06.996+0530] {processor.py:183} INFO - Processing /Users/aswin/Documents/data-engineering-practice/ETL_Airflow_DBT/airflow/airflow_env/lib/python3.11/site-packages/airflow/example_dags/example_dynamic_task_mapping.py took 0.089 seconds
[2026-04-02T06:01:38.170+0530] {processor.py:161} INFO - Started process (PID=26928) to work on /Users/aswin/Documents/data-engineering-practice/ETL_Airflow_DBT/airflow/airflow_env/lib/python3.11/site-packages/airflow/example_dags/example_dynamic_task_mapping.py
[2026-04-02T06:01:38.170+0530] {processor.py:830} INFO - Processing file /Users/aswin/Documents/data-engineering-practice/ETL_Airflow_DBT/airflow/airflow_env/lib/python3.11/site-packages/airflow/example_dags/example_dynamic_task_mapping.py for tasks to queue
[2026-04-02T06:01:38.170+0530] {logging_mixin.py:188} INFO - [2026-04-02T06:01:38.170+0530] {dagbag.py:540} INFO - Filling up the DagBag from /Users/aswin/Documents/data-engineering-practice/ETL_Airflow_DBT/airflow/airflow_env/lib/python3.11/site-packages/airflow/example_dags/example_dynamic_task_mapping.py
[2026-04-02T06:01:38.185+0530] {processor.py:840} INFO - DAG(s) 'example_dynamic_task_mapping' retrieved from /Users/aswin/Documents/data-engineering-practice/ETL_Airflow_DBT/airflow/airflow_env/lib/python3.11/site-packages/airflow/example_dags/example_dynamic_task_mapping.py
[2026-04-02T06:01:38.238+0530] {logging_mixin.py:188} INFO - [2026-04-02T06:01:38.238+0530] {dag.py:3096} INFO - Sync 1 DAGs
[2026-04-02T06:01:38.248+0530] {logging_mixin.py:188} INFO - [2026-04-02T06:01:38.248+0530] {dag.py:3954} INFO - Setting next_dagrun for example_dynamic_task_mapping to 2022-03-04 00:00:00+00:00, run_after=2022-03-05 00:00:00+00:00
[2026-04-02T06:01:38.256+0530] {processor.py:183} INFO - Processing /Users/aswin/Documents/data-engineering-practice/ETL_Airflow_DBT/airflow/airflow_env/lib/python3.11/site-packages/airflow/example_dags/example_dynamic_task_mapping.py took 0.087 seconds
[2026-04-02T06:02:09.615+0530] {processor.py:161} INFO - Started process (PID=27072) to work on /Users/aswin/Documents/data-engineering-practice/ETL_Airflow_DBT/airflow/airflow_env/lib/python3.11/site-packages/airflow/example_dags/example_dynamic_task_mapping.py
[2026-04-02T06:02:09.615+0530] {processor.py:830} INFO - Processing file /Users/aswin/Documents/data-engineering-practice/ETL_Airflow_DBT/airflow/airflow_env/lib/python3.11/site-packages/airflow/example_dags/example_dynamic_task_mapping.py for tasks to queue
[2026-04-02T06:02:09.616+0530] {logging_mixin.py:188} INFO - [2026-04-02T06:02:09.616+0530] {dagbag.py:540} INFO - Filling up the DagBag from /Users/aswin/Documents/data-engineering-practice/ETL_Airflow_DBT/airflow/airflow_env/lib/python3.11/site-packages/airflow/example_dags/example_dynamic_task_mapping.py
[2026-04-02T06:02:09.631+0530] {processor.py:840} INFO - DAG(s) 'example_dynamic_task_mapping' retrieved from /Users/aswin/Documents/data-engineering-practice/ETL_Airflow_DBT/airflow/airflow_env/lib/python3.11/site-packages/airflow/example_dags/example_dynamic_task_mapping.py
[2026-04-02T06:02:09.694+0530] {logging_mixin.py:188} INFO - [2026-04-02T06:02:09.694+0530] {dag.py:3096} INFO - Sync 1 DAGs
[2026-04-02T06:02:09.705+0530] {logging_mixin.py:188} INFO - [2026-04-02T06:02:09.705+0530] {dag.py:3954} INFO - Setting next_dagrun for example_dynamic_task_mapping to 2022-03-04 00:00:00+00:00, run_after=2022-03-05 00:00:00+00:00
[2026-04-02T06:02:09.713+0530] {processor.py:183} INFO - Processing /Users/aswin/Documents/data-engineering-practice/ETL_Airflow_DBT/airflow/airflow_env/lib/python3.11/site-packages/airflow/example_dags/example_dynamic_task_mapping.py took 0.099 seconds
[2026-04-02T06:02:40.526+0530] {processor.py:161} INFO - Started process (PID=27198) to work on /Users/aswin/Documents/data-engineering-practice/ETL_Airflow_DBT/airflow/airflow_env/lib/python3.11/site-packages/airflow/example_dags/example_dynamic_task_mapping.py
[2026-04-02T06:02:40.526+0530] {processor.py:830} INFO - Processing file /Users/aswin/Documents/data-engineering-practice/ETL_Airflow_DBT/airflow/airflow_env/lib/python3.11/site-packages/airflow/example_dags/example_dynamic_task_mapping.py for tasks to queue
[2026-04-02T06:02:40.527+0530] {logging_mixin.py:188} INFO - [2026-04-02T06:02:40.526+0530] {dagbag.py:540} INFO - Filling up the DagBag from /Users/aswin/Documents/data-engineering-practice/ETL_Airflow_DBT/airflow/airflow_env/lib/python3.11/site-packages/airflow/example_dags/example_dynamic_task_mapping.py
[2026-04-02T06:02:40.542+0530] {processor.py:840} INFO - DAG(s) 'example_dynamic_task_mapping' retrieved from /Users/aswin/Documents/data-engineering-practice/ETL_Airflow_DBT/airflow/airflow_env/lib/python3.11/site-packages/airflow/example_dags/example_dynamic_task_mapping.py
[2026-04-02T06:02:40.595+0530] {logging_mixin.py:188} INFO - [2026-04-02T06:02:40.595+0530] {dag.py:3096} INFO - Sync 1 DAGs
[2026-04-02T06:02:40.604+0530] {logging_mixin.py:188} INFO - [2026-04-02T06:02:40.604+0530] {dag.py:3954} INFO - Setting next_dagrun for example_dynamic_task_mapping to 2022-03-04 00:00:00+00:00, run_after=2022-03-05 00:00:00+00:00
[2026-04-02T06:02:40.614+0530] {processor.py:183} INFO - Processing /Users/aswin/Documents/data-engineering-practice/ETL_Airflow_DBT/airflow/airflow_env/lib/python3.11/site-packages/airflow/example_dags/example_dynamic_task_mapping.py took 0.089 seconds
[2026-04-02T06:03:11.558+0530] {processor.py:161} INFO - Started process (PID=27322) to work on /Users/aswin/Documents/data-engineering-practice/ETL_Airflow_DBT/airflow/airflow_env/lib/python3.11/site-packages/airflow/example_dags/example_dynamic_task_mapping.py
[2026-04-02T06:03:11.560+0530] {processor.py:830} INFO - Processing file /Users/aswin/Documents/data-engineering-practice/ETL_Airflow_DBT/airflow/airflow_env/lib/python3.11/site-packages/airflow/example_dags/example_dynamic_task_mapping.py for tasks to queue
[2026-04-02T06:03:11.560+0530] {logging_mixin.py:188} INFO - [2026-04-02T06:03:11.560+0530] {dagbag.py:540} INFO - Filling up the DagBag from /Users/aswin/Documents/data-engineering-practice/ETL_Airflow_DBT/airflow/airflow_env/lib/python3.11/site-packages/airflow/example_dags/example_dynamic_task_mapping.py
[2026-04-02T06:03:11.575+0530] {processor.py:840} INFO - DAG(s) 'example_dynamic_task_mapping' retrieved from /Users/aswin/Documents/data-engineering-practice/ETL_Airflow_DBT/airflow/airflow_env/lib/python3.11/site-packages/airflow/example_dags/example_dynamic_task_mapping.py
[2026-04-02T06:03:11.627+0530] {logging_mixin.py:188} INFO - [2026-04-02T06:03:11.627+0530] {dag.py:3096} INFO - Sync 1 DAGs
[2026-04-02T06:03:11.637+0530] {logging_mixin.py:188} INFO - [2026-04-02T06:03:11.637+0530] {dag.py:3954} INFO - Setting next_dagrun for example_dynamic_task_mapping to 2022-03-04 00:00:00+00:00, run_after=2022-03-05 00:00:00+00:00
[2026-04-02T06:03:11.647+0530] {processor.py:183} INFO - Processing /Users/aswin/Documents/data-engineering-practice/ETL_Airflow_DBT/airflow/airflow_env/lib/python3.11/site-packages/airflow/example_dags/example_dynamic_task_mapping.py took 0.089 seconds
[2026-04-02T06:03:42.540+0530] {processor.py:161} INFO - Started process (PID=27448) to work on /Users/aswin/Documents/data-engineering-practice/ETL_Airflow_DBT/airflow/airflow_env/lib/python3.11/site-packages/airflow/example_dags/example_dynamic_task_mapping.py
[2026-04-02T06:03:42.541+0530] {processor.py:830} INFO - Processing file /Users/aswin/Documents/data-engineering-practice/ETL_Airflow_DBT/airflow/airflow_env/lib/python3.11/site-packages/airflow/example_dags/example_dynamic_task_mapping.py for tasks to queue
[2026-04-02T06:03:42.541+0530] {logging_mixin.py:188} INFO - [2026-04-02T06:03:42.541+0530] {dagbag.py:540} INFO - Filling up the DagBag from /Users/aswin/Documents/data-engineering-practice/ETL_Airflow_DBT/airflow/airflow_env/lib/python3.11/site-packages/airflow/example_dags/example_dynamic_task_mapping.py
[2026-04-02T06:03:42.557+0530] {processor.py:840} INFO - DAG(s) 'example_dynamic_task_mapping' retrieved from /Users/aswin/Documents/data-engineering-practice/ETL_Airflow_DBT/airflow/airflow_env/lib/python3.11/site-packages/airflow/example_dags/example_dynamic_task_mapping.py
[2026-04-02T06:03:42.609+0530] {logging_mixin.py:188} INFO - [2026-04-02T06:03:42.609+0530] {dag.py:3096} INFO - Sync 1 DAGs
[2026-04-02T06:03:42.618+0530] {logging_mixin.py:188} INFO - [2026-04-02T06:03:42.618+0530] {dag.py:3954} INFO - Setting next_dagrun for example_dynamic_task_mapping to 2022-03-04 00:00:00+00:00, run_after=2022-03-05 00:00:00+00:00
[2026-04-02T06:03:42.628+0530] {processor.py:183} INFO - Processing /Users/aswin/Documents/data-engineering-practice/ETL_Airflow_DBT/airflow/airflow_env/lib/python3.11/site-packages/airflow/example_dags/example_dynamic_task_mapping.py took 0.089 seconds
[2026-04-02T06:04:13.660+0530] {processor.py:161} INFO - Started process (PID=27572) to work on /Users/aswin/Documents/data-engineering-practice/ETL_Airflow_DBT/airflow/airflow_env/lib/python3.11/site-packages/airflow/example_dags/example_dynamic_task_mapping.py
[2026-04-02T06:04:13.661+0530] {processor.py:830} INFO - Processing file /Users/aswin/Documents/data-engineering-practice/ETL_Airflow_DBT/airflow/airflow_env/lib/python3.11/site-packages/airflow/example_dags/example_dynamic_task_mapping.py for tasks to queue
[2026-04-02T06:04:13.661+0530] {logging_mixin.py:188} INFO - [2026-04-02T06:04:13.661+0530] {dagbag.py:540} INFO - Filling up the DagBag from /Users/aswin/Documents/data-engineering-practice/ETL_Airflow_DBT/airflow/airflow_env/lib/python3.11/site-packages/airflow/example_dags/example_dynamic_task_mapping.py
[2026-04-02T06:04:13.677+0530] {processor.py:840} INFO - DAG(s) 'example_dynamic_task_mapping' retrieved from /Users/aswin/Documents/data-engineering-practice/ETL_Airflow_DBT/airflow/airflow_env/lib/python3.11/site-packages/airflow/example_dags/example_dynamic_task_mapping.py
[2026-04-02T06:04:13.730+0530] {logging_mixin.py:188} INFO - [2026-04-02T06:04:13.729+0530] {dag.py:3096} INFO - Sync 1 DAGs
[2026-04-02T06:04:13.740+0530] {logging_mixin.py:188} INFO - [2026-04-02T06:04:13.740+0530] {dag.py:3954} INFO - Setting next_dagrun for example_dynamic_task_mapping to 2022-03-04 00:00:00+00:00, run_after=2022-03-05 00:00:00+00:00
[2026-04-02T06:04:13.749+0530] {processor.py:183} INFO - Processing /Users/aswin/Documents/data-engineering-practice/ETL_Airflow_DBT/airflow/airflow_env/lib/python3.11/site-packages/airflow/example_dags/example_dynamic_task_mapping.py took 0.090 seconds
[2026-04-02T06:04:45.209+0530] {processor.py:161} INFO - Started process (PID=27727) to work on /Users/aswin/Documents/data-engineering-practice/ETL_Airflow_DBT/airflow/airflow_env/lib/python3.11/site-packages/airflow/example_dags/example_dynamic_task_mapping.py
[2026-04-02T06:04:45.210+0530] {processor.py:830} INFO - Processing file /Users/aswin/Documents/data-engineering-practice/ETL_Airflow_DBT/airflow/airflow_env/lib/python3.11/site-packages/airflow/example_dags/example_dynamic_task_mapping.py for tasks to queue
[2026-04-02T06:04:45.211+0530] {logging_mixin.py:188} INFO - [2026-04-02T06:04:45.211+0530] {dagbag.py:540} INFO - Filling up the DagBag from /Users/aswin/Documents/data-engineering-practice/ETL_Airflow_DBT/airflow/airflow_env/lib/python3.11/site-packages/airflow/example_dags/example_dynamic_task_mapping.py
[2026-04-02T06:04:45.227+0530] {processor.py:840} INFO - DAG(s) 'example_dynamic_task_mapping' retrieved from /Users/aswin/Documents/data-engineering-practice/ETL_Airflow_DBT/airflow/airflow_env/lib/python3.11/site-packages/airflow/example_dags/example_dynamic_task_mapping.py
[2026-04-02T06:04:45.279+0530] {logging_mixin.py:188} INFO - [2026-04-02T06:04:45.279+0530] {dag.py:3096} INFO - Sync 1 DAGs
[2026-04-02T06:04:45.288+0530] {logging_mixin.py:188} INFO - [2026-04-02T06:04:45.288+0530] {dag.py:3954} INFO - Setting next_dagrun for example_dynamic_task_mapping to 2022-03-04 00:00:00+00:00, run_after=2022-03-05 00:00:00+00:00
[2026-04-02T06:04:45.297+0530] {processor.py:183} INFO - Processing /Users/aswin/Documents/data-engineering-practice/ETL_Airflow_DBT/airflow/airflow_env/lib/python3.11/site-packages/airflow/example_dags/example_dynamic_task_mapping.py took 0.089 seconds
[2026-04-02T06:05:16.061+0530] {processor.py:161} INFO - Started process (PID=27861) to work on /Users/aswin/Documents/data-engineering-practice/ETL_Airflow_DBT/airflow/airflow_env/lib/python3.11/site-packages/airflow/example_dags/example_dynamic_task_mapping.py
[2026-04-02T06:05:16.061+0530] {processor.py:830} INFO - Processing file /Users/aswin/Documents/data-engineering-practice/ETL_Airflow_DBT/airflow/airflow_env/lib/python3.11/site-packages/airflow/example_dags/example_dynamic_task_mapping.py for tasks to queue
[2026-04-02T06:05:16.061+0530] {logging_mixin.py:188} INFO - [2026-04-02T06:05:16.061+0530] {dagbag.py:540} INFO - Filling up the DagBag from /Users/aswin/Documents/data-engineering-practice/ETL_Airflow_DBT/airflow/airflow_env/lib/python3.11/site-packages/airflow/example_dags/example_dynamic_task_mapping.py
[2026-04-02T06:05:16.076+0530] {processor.py:840} INFO - DAG(s) 'example_dynamic_task_mapping' retrieved from /Users/aswin/Documents/data-engineering-practice/ETL_Airflow_DBT/airflow/airflow_env/lib/python3.11/site-packages/airflow/example_dags/example_dynamic_task_mapping.py
[2026-04-02T06:05:16.129+0530] {logging_mixin.py:188} INFO - [2026-04-02T06:05:16.129+0530] {dag.py:3096} INFO - Sync 1 DAGs
[2026-04-02T06:05:16.140+0530] {logging_mixin.py:188} INFO - [2026-04-02T06:05:16.140+0530] {dag.py:3954} INFO - Setting next_dagrun for example_dynamic_task_mapping to 2022-03-04 00:00:00+00:00, run_after=2022-03-05 00:00:00+00:00
[2026-04-02T06:05:16.148+0530] {processor.py:183} INFO - Processing /Users/aswin/Documents/data-engineering-practice/ETL_Airflow_DBT/airflow/airflow_env/lib/python3.11/site-packages/airflow/example_dags/example_dynamic_task_mapping.py took 0.088 seconds
[2026-04-02T06:05:47.437+0530] {processor.py:161} INFO - Started process (PID=28000) to work on /Users/aswin/Documents/data-engineering-practice/ETL_Airflow_DBT/airflow/airflow_env/lib/python3.11/site-packages/airflow/example_dags/example_dynamic_task_mapping.py
[2026-04-02T06:05:47.437+0530] {processor.py:830} INFO - Processing file /Users/aswin/Documents/data-engineering-practice/ETL_Airflow_DBT/airflow/airflow_env/lib/python3.11/site-packages/airflow/example_dags/example_dynamic_task_mapping.py for tasks to queue
[2026-04-02T06:05:47.438+0530] {logging_mixin.py:188} INFO - [2026-04-02T06:05:47.438+0530] {dagbag.py:540} INFO - Filling up the DagBag from /Users/aswin/Documents/data-engineering-practice/ETL_Airflow_DBT/airflow/airflow_env/lib/python3.11/site-packages/airflow/example_dags/example_dynamic_task_mapping.py
[2026-04-02T06:05:47.453+0530] {processor.py:840} INFO - DAG(s) 'example_dynamic_task_mapping' retrieved from /Users/aswin/Documents/data-engineering-practice/ETL_Airflow_DBT/airflow/airflow_env/lib/python3.11/site-packages/airflow/example_dags/example_dynamic_task_mapping.py
[2026-04-02T06:05:47.503+0530] {logging_mixin.py:188} INFO - [2026-04-02T06:05:47.503+0530] {dag.py:3096} INFO - Sync 1 DAGs
[2026-04-02T06:05:47.514+0530] {logging_mixin.py:188} INFO - [2026-04-02T06:05:47.514+0530] {dag.py:3954} INFO - Setting next_dagrun for example_dynamic_task_mapping to 2022-03-04 00:00:00+00:00, run_after=2022-03-05 00:00:00+00:00
[2026-04-02T06:05:47.522+0530] {processor.py:183} INFO - Processing /Users/aswin/Documents/data-engineering-practice/ETL_Airflow_DBT/airflow/airflow_env/lib/python3.11/site-packages/airflow/example_dags/example_dynamic_task_mapping.py took 0.086 seconds
[2026-04-02T06:06:18.254+0530] {processor.py:161} INFO - Started process (PID=28140) to work on /Users/aswin/Documents/data-engineering-practice/ETL_Airflow_DBT/airflow/airflow_env/lib/python3.11/site-packages/airflow/example_dags/example_dynamic_task_mapping.py
[2026-04-02T06:06:18.256+0530] {processor.py:830} INFO - Processing file /Users/aswin/Documents/data-engineering-practice/ETL_Airflow_DBT/airflow/airflow_env/lib/python3.11/site-packages/airflow/example_dags/example_dynamic_task_mapping.py for tasks to queue
[2026-04-02T06:06:18.256+0530] {logging_mixin.py:188} INFO - [2026-04-02T06:06:18.256+0530] {dagbag.py:540} INFO - Filling up the DagBag from /Users/aswin/Documents/data-engineering-practice/ETL_Airflow_DBT/airflow/airflow_env/lib/python3.11/site-packages/airflow/example_dags/example_dynamic_task_mapping.py
[2026-04-02T06:06:18.270+0530] {processor.py:840} INFO - DAG(s) 'example_dynamic_task_mapping' retrieved from /Users/aswin/Documents/data-engineering-practice/ETL_Airflow_DBT/airflow/airflow_env/lib/python3.11/site-packages/airflow/example_dags/example_dynamic_task_mapping.py
[2026-04-02T06:06:18.322+0530] {logging_mixin.py:188} INFO - [2026-04-02T06:06:18.322+0530] {dag.py:3096} INFO - Sync 1 DAGs
[2026-04-02T06:06:18.332+0530] {logging_mixin.py:188} INFO - [2026-04-02T06:06:18.332+0530] {dag.py:3954} INFO - Setting next_dagrun for example_dynamic_task_mapping to 2022-03-04 00:00:00+00:00, run_after=2022-03-05 00:00:00+00:00
[2026-04-02T06:06:18.339+0530] {processor.py:183} INFO - Processing /Users/aswin/Documents/data-engineering-practice/ETL_Airflow_DBT/airflow/airflow_env/lib/python3.11/site-packages/airflow/example_dags/example_dynamic_task_mapping.py took 0.086 seconds
[2026-04-02T06:06:49.472+0530] {processor.py:161} INFO - Started process (PID=28262) to work on /Users/aswin/Documents/data-engineering-practice/ETL_Airflow_DBT/airflow/airflow_env/lib/python3.11/site-packages/airflow/example_dags/example_dynamic_task_mapping.py
[2026-04-02T06:06:49.473+0530] {processor.py:830} INFO - Processing file /Users/aswin/Documents/data-engineering-practice/ETL_Airflow_DBT/airflow/airflow_env/lib/python3.11/site-packages/airflow/example_dags/example_dynamic_task_mapping.py for tasks to queue
[2026-04-02T06:06:49.473+0530] {logging_mixin.py:188} INFO - [2026-04-02T06:06:49.473+0530] {dagbag.py:540} INFO - Filling up the DagBag from /Users/aswin/Documents/data-engineering-practice/ETL_Airflow_DBT/airflow/airflow_env/lib/python3.11/site-packages/airflow/example_dags/example_dynamic_task_mapping.py
[2026-04-02T06:06:49.488+0530] {processor.py:840} INFO - DAG(s) 'example_dynamic_task_mapping' retrieved from /Users/aswin/Documents/data-engineering-practice/ETL_Airflow_DBT/airflow/airflow_env/lib/python3.11/site-packages/airflow/example_dags/example_dynamic_task_mapping.py
[2026-04-02T06:06:49.538+0530] {logging_mixin.py:188} INFO - [2026-04-02T06:06:49.538+0530] {dag.py:3096} INFO - Sync 1 DAGs
[2026-04-02T06:06:49.548+0530] {logging_mixin.py:188} INFO - [2026-04-02T06:06:49.548+0530] {dag.py:3954} INFO - Setting next_dagrun for example_dynamic_task_mapping to 2022-03-04 00:00:00+00:00, run_after=2022-03-05 00:00:00+00:00
[2026-04-02T06:06:49.557+0530] {processor.py:183} INFO - Processing /Users/aswin/Documents/data-engineering-practice/ETL_Airflow_DBT/airflow/airflow_env/lib/python3.11/site-packages/airflow/example_dags/example_dynamic_task_mapping.py took 0.086 seconds
