[2026-04-02T05:38:15.103+0530] {processor.py:161} INFO - Started process (PID=21196) to work on /Users/aswin/Documents/data-engineering-practice/ETL_Airflow_DBT/airflow/airflow_env/lib/python3.11/site-packages/airflow/example_dags/example_branch_python_dop_operator_3.py
[2026-04-02T05:38:15.104+0530] {processor.py:830} INFO - Processing file /Users/aswin/Documents/data-engineering-practice/ETL_Airflow_DBT/airflow/airflow_env/lib/python3.11/site-packages/airflow/example_dags/example_branch_python_dop_operator_3.py for tasks to queue
[2026-04-02T05:38:15.104+0530] {logging_mixin.py:188} INFO - [2026-04-02T05:38:15.104+0530] {dagbag.py:540} INFO - Filling up the DagBag from /Users/aswin/Documents/data-engineering-practice/ETL_Airflow_DBT/airflow/airflow_env/lib/python3.11/site-packages/airflow/example_dags/example_branch_python_dop_operator_3.py
[2026-04-02T05:38:15.123+0530] {processor.py:840} INFO - DAG(s) 'example_branch_dop_operator_v3' retrieved from /Users/aswin/Documents/data-engineering-practice/ETL_Airflow_DBT/airflow/airflow_env/lib/python3.11/site-packages/airflow/example_dags/example_branch_python_dop_operator_3.py
[2026-04-02T05:38:15.172+0530] {logging_mixin.py:188} INFO - [2026-04-02T05:38:15.172+0530] {dag.py:3096} INFO - Sync 1 DAGs
[2026-04-02T05:38:15.183+0530] {logging_mixin.py:188} INFO - [2026-04-02T05:38:15.182+0530] {dag.py:3954} INFO - Setting next_dagrun for example_branch_dop_operator_v3 to 2026-04-02 00:07:00+00:00, run_after=2026-04-02 00:08:00+00:00
[2026-04-02T05:38:15.190+0530] {processor.py:183} INFO - Processing /Users/aswin/Documents/data-engineering-practice/ETL_Airflow_DBT/airflow/airflow_env/lib/python3.11/site-packages/airflow/example_dags/example_branch_python_dop_operator_3.py took 0.088 seconds
[2026-04-02T05:38:46.303+0530] {processor.py:161} INFO - Started process (PID=21323) to work on /Users/aswin/Documents/data-engineering-practice/ETL_Airflow_DBT/airflow/airflow_env/lib/python3.11/site-packages/airflow/example_dags/example_branch_python_dop_operator_3.py
[2026-04-02T05:38:46.304+0530] {processor.py:830} INFO - Processing file /Users/aswin/Documents/data-engineering-practice/ETL_Airflow_DBT/airflow/airflow_env/lib/python3.11/site-packages/airflow/example_dags/example_branch_python_dop_operator_3.py for tasks to queue
[2026-04-02T05:38:46.304+0530] {logging_mixin.py:188} INFO - [2026-04-02T05:38:46.304+0530] {dagbag.py:540} INFO - Filling up the DagBag from /Users/aswin/Documents/data-engineering-practice/ETL_Airflow_DBT/airflow/airflow_env/lib/python3.11/site-packages/airflow/example_dags/example_branch_python_dop_operator_3.py
[2026-04-02T05:38:46.320+0530] {processor.py:840} INFO - DAG(s) 'example_branch_dop_operator_v3' retrieved from /Users/aswin/Documents/data-engineering-practice/ETL_Airflow_DBT/airflow/airflow_env/lib/python3.11/site-packages/airflow/example_dags/example_branch_python_dop_operator_3.py
[2026-04-02T05:38:46.371+0530] {logging_mixin.py:188} INFO - [2026-04-02T05:38:46.371+0530] {dag.py:3096} INFO - Sync 1 DAGs
[2026-04-02T05:38:46.381+0530] {logging_mixin.py:188} INFO - [2026-04-02T05:38:46.381+0530] {dag.py:3954} INFO - Setting next_dagrun for example_branch_dop_operator_v3 to 2026-04-02 00:07:00+00:00, run_after=2026-04-02 00:08:00+00:00
[2026-04-02T05:38:46.390+0530] {processor.py:183} INFO - Processing /Users/aswin/Documents/data-engineering-practice/ETL_Airflow_DBT/airflow/airflow_env/lib/python3.11/site-packages/airflow/example_dags/example_branch_python_dop_operator_3.py took 0.088 seconds
[2026-04-02T05:39:17.649+0530] {processor.py:161} INFO - Started process (PID=21450) to work on /Users/aswin/Documents/data-engineering-practice/ETL_Airflow_DBT/airflow/airflow_env/lib/python3.11/site-packages/airflow/example_dags/example_branch_python_dop_operator_3.py
[2026-04-02T05:39:17.650+0530] {processor.py:830} INFO - Processing file /Users/aswin/Documents/data-engineering-practice/ETL_Airflow_DBT/airflow/airflow_env/lib/python3.11/site-packages/airflow/example_dags/example_branch_python_dop_operator_3.py for tasks to queue
[2026-04-02T05:39:17.650+0530] {logging_mixin.py:188} INFO - [2026-04-02T05:39:17.650+0530] {dagbag.py:540} INFO - Filling up the DagBag from /Users/aswin/Documents/data-engineering-practice/ETL_Airflow_DBT/airflow/airflow_env/lib/python3.11/site-packages/airflow/example_dags/example_branch_python_dop_operator_3.py
[2026-04-02T05:39:17.668+0530] {processor.py:840} INFO - DAG(s) 'example_branch_dop_operator_v3' retrieved from /Users/aswin/Documents/data-engineering-practice/ETL_Airflow_DBT/airflow/airflow_env/lib/python3.11/site-packages/airflow/example_dags/example_branch_python_dop_operator_3.py
[2026-04-02T05:39:17.719+0530] {logging_mixin.py:188} INFO - [2026-04-02T05:39:17.719+0530] {dag.py:3096} INFO - Sync 1 DAGs
[2026-04-02T05:39:17.730+0530] {logging_mixin.py:188} INFO - [2026-04-02T05:39:17.729+0530] {dag.py:3954} INFO - Setting next_dagrun for example_branch_dop_operator_v3 to 2026-04-02 00:08:00+00:00, run_after=2026-04-02 00:09:00+00:00
[2026-04-02T05:39:17.740+0530] {processor.py:183} INFO - Processing /Users/aswin/Documents/data-engineering-practice/ETL_Airflow_DBT/airflow/airflow_env/lib/python3.11/site-packages/airflow/example_dags/example_branch_python_dop_operator_3.py took 0.092 seconds
[2026-04-02T05:39:48.886+0530] {processor.py:161} INFO - Started process (PID=21577) to work on /Users/aswin/Documents/data-engineering-practice/ETL_Airflow_DBT/airflow/airflow_env/lib/python3.11/site-packages/airflow/example_dags/example_branch_python_dop_operator_3.py
[2026-04-02T05:39:48.887+0530] {processor.py:830} INFO - Processing file /Users/aswin/Documents/data-engineering-practice/ETL_Airflow_DBT/airflow/airflow_env/lib/python3.11/site-packages/airflow/example_dags/example_branch_python_dop_operator_3.py for tasks to queue
[2026-04-02T05:39:48.887+0530] {logging_mixin.py:188} INFO - [2026-04-02T05:39:48.887+0530] {dagbag.py:540} INFO - Filling up the DagBag from /Users/aswin/Documents/data-engineering-practice/ETL_Airflow_DBT/airflow/airflow_env/lib/python3.11/site-packages/airflow/example_dags/example_branch_python_dop_operator_3.py
[2026-04-02T05:39:48.904+0530] {processor.py:840} INFO - DAG(s) 'example_branch_dop_operator_v3' retrieved from /Users/aswin/Documents/data-engineering-practice/ETL_Airflow_DBT/airflow/airflow_env/lib/python3.11/site-packages/airflow/example_dags/example_branch_python_dop_operator_3.py
[2026-04-02T05:39:48.959+0530] {logging_mixin.py:188} INFO - [2026-04-02T05:39:48.959+0530] {dag.py:3096} INFO - Sync 1 DAGs
[2026-04-02T05:39:48.970+0530] {logging_mixin.py:188} INFO - [2026-04-02T05:39:48.970+0530] {dag.py:3954} INFO - Setting next_dagrun for example_branch_dop_operator_v3 to 2026-04-02 00:08:00+00:00, run_after=2026-04-02 00:09:00+00:00
[2026-04-02T05:39:48.979+0530] {processor.py:183} INFO - Processing /Users/aswin/Documents/data-engineering-practice/ETL_Airflow_DBT/airflow/airflow_env/lib/python3.11/site-packages/airflow/example_dags/example_branch_python_dop_operator_3.py took 0.095 seconds
[2026-04-02T05:40:19.940+0530] {processor.py:161} INFO - Started process (PID=21703) to work on /Users/aswin/Documents/data-engineering-practice/ETL_Airflow_DBT/airflow/airflow_env/lib/python3.11/site-packages/airflow/example_dags/example_branch_python_dop_operator_3.py
[2026-04-02T05:40:19.940+0530] {processor.py:830} INFO - Processing file /Users/aswin/Documents/data-engineering-practice/ETL_Airflow_DBT/airflow/airflow_env/lib/python3.11/site-packages/airflow/example_dags/example_branch_python_dop_operator_3.py for tasks to queue
[2026-04-02T05:40:19.940+0530] {logging_mixin.py:188} INFO - [2026-04-02T05:40:19.940+0530] {dagbag.py:540} INFO - Filling up the DagBag from /Users/aswin/Documents/data-engineering-practice/ETL_Airflow_DBT/airflow/airflow_env/lib/python3.11/site-packages/airflow/example_dags/example_branch_python_dop_operator_3.py
[2026-04-02T05:40:19.957+0530] {processor.py:840} INFO - DAG(s) 'example_branch_dop_operator_v3' retrieved from /Users/aswin/Documents/data-engineering-practice/ETL_Airflow_DBT/airflow/airflow_env/lib/python3.11/site-packages/airflow/example_dags/example_branch_python_dop_operator_3.py
[2026-04-02T05:40:20.012+0530] {logging_mixin.py:188} INFO - [2026-04-02T05:40:20.012+0530] {dag.py:3096} INFO - Sync 1 DAGs
[2026-04-02T05:40:20.022+0530] {logging_mixin.py:188} INFO - [2026-04-02T05:40:20.022+0530] {dag.py:3954} INFO - Setting next_dagrun for example_branch_dop_operator_v3 to 2026-04-02 00:09:00+00:00, run_after=2026-04-02 00:10:00+00:00
[2026-04-02T05:40:20.032+0530] {processor.py:183} INFO - Processing /Users/aswin/Documents/data-engineering-practice/ETL_Airflow_DBT/airflow/airflow_env/lib/python3.11/site-packages/airflow/example_dags/example_branch_python_dop_operator_3.py took 0.094 seconds
[2026-04-02T05:40:50.990+0530] {processor.py:161} INFO - Started process (PID=21839) to work on /Users/aswin/Documents/data-engineering-practice/ETL_Airflow_DBT/airflow/airflow_env/lib/python3.11/site-packages/airflow/example_dags/example_branch_python_dop_operator_3.py
[2026-04-02T05:40:50.991+0530] {processor.py:830} INFO - Processing file /Users/aswin/Documents/data-engineering-practice/ETL_Airflow_DBT/airflow/airflow_env/lib/python3.11/site-packages/airflow/example_dags/example_branch_python_dop_operator_3.py for tasks to queue
[2026-04-02T05:40:50.991+0530] {logging_mixin.py:188} INFO - [2026-04-02T05:40:50.991+0530] {dagbag.py:540} INFO - Filling up the DagBag from /Users/aswin/Documents/data-engineering-practice/ETL_Airflow_DBT/airflow/airflow_env/lib/python3.11/site-packages/airflow/example_dags/example_branch_python_dop_operator_3.py
[2026-04-02T05:40:51.008+0530] {processor.py:840} INFO - DAG(s) 'example_branch_dop_operator_v3' retrieved from /Users/aswin/Documents/data-engineering-practice/ETL_Airflow_DBT/airflow/airflow_env/lib/python3.11/site-packages/airflow/example_dags/example_branch_python_dop_operator_3.py
[2026-04-02T05:40:51.061+0530] {logging_mixin.py:188} INFO - [2026-04-02T05:40:51.061+0530] {dag.py:3096} INFO - Sync 1 DAGs
[2026-04-02T05:40:51.071+0530] {logging_mixin.py:188} INFO - [2026-04-02T05:40:51.071+0530] {dag.py:3954} INFO - Setting next_dagrun for example_branch_dop_operator_v3 to 2026-04-02 00:09:00+00:00, run_after=2026-04-02 00:10:00+00:00
[2026-04-02T05:40:51.081+0530] {processor.py:183} INFO - Processing /Users/aswin/Documents/data-engineering-practice/ETL_Airflow_DBT/airflow/airflow_env/lib/python3.11/site-packages/airflow/example_dags/example_branch_python_dop_operator_3.py took 0.092 seconds
[2026-04-02T05:41:22.151+0530] {processor.py:161} INFO - Started process (PID=21963) to work on /Users/aswin/Documents/data-engineering-practice/ETL_Airflow_DBT/airflow/airflow_env/lib/python3.11/site-packages/airflow/example_dags/example_branch_python_dop_operator_3.py
[2026-04-02T05:41:22.152+0530] {processor.py:830} INFO - Processing file /Users/aswin/Documents/data-engineering-practice/ETL_Airflow_DBT/airflow/airflow_env/lib/python3.11/site-packages/airflow/example_dags/example_branch_python_dop_operator_3.py for tasks to queue
[2026-04-02T05:41:22.152+0530] {logging_mixin.py:188} INFO - [2026-04-02T05:41:22.152+0530] {dagbag.py:540} INFO - Filling up the DagBag from /Users/aswin/Documents/data-engineering-practice/ETL_Airflow_DBT/airflow/airflow_env/lib/python3.11/site-packages/airflow/example_dags/example_branch_python_dop_operator_3.py
[2026-04-02T05:41:22.169+0530] {processor.py:840} INFO - DAG(s) 'example_branch_dop_operator_v3' retrieved from /Users/aswin/Documents/data-engineering-practice/ETL_Airflow_DBT/airflow/airflow_env/lib/python3.11/site-packages/airflow/example_dags/example_branch_python_dop_operator_3.py
[2026-04-02T05:41:22.225+0530] {logging_mixin.py:188} INFO - [2026-04-02T05:41:22.225+0530] {dag.py:3096} INFO - Sync 1 DAGs
[2026-04-02T05:41:22.235+0530] {logging_mixin.py:188} INFO - [2026-04-02T05:41:22.235+0530] {dag.py:3954} INFO - Setting next_dagrun for example_branch_dop_operator_v3 to 2026-04-02 00:10:00+00:00, run_after=2026-04-02 00:11:00+00:00
[2026-04-02T05:41:22.244+0530] {processor.py:183} INFO - Processing /Users/aswin/Documents/data-engineering-practice/ETL_Airflow_DBT/airflow/airflow_env/lib/python3.11/site-packages/airflow/example_dags/example_branch_python_dop_operator_3.py took 0.094 seconds
[2026-04-02T05:41:53.482+0530] {processor.py:161} INFO - Started process (PID=22089) to work on /Users/aswin/Documents/data-engineering-practice/ETL_Airflow_DBT/airflow/airflow_env/lib/python3.11/site-packages/airflow/example_dags/example_branch_python_dop_operator_3.py
[2026-04-02T05:41:53.483+0530] {processor.py:830} INFO - Processing file /Users/aswin/Documents/data-engineering-practice/ETL_Airflow_DBT/airflow/airflow_env/lib/python3.11/site-packages/airflow/example_dags/example_branch_python_dop_operator_3.py for tasks to queue
[2026-04-02T05:41:53.483+0530] {logging_mixin.py:188} INFO - [2026-04-02T05:41:53.483+0530] {dagbag.py:540} INFO - Filling up the DagBag from /Users/aswin/Documents/data-engineering-practice/ETL_Airflow_DBT/airflow/airflow_env/lib/python3.11/site-packages/airflow/example_dags/example_branch_python_dop_operator_3.py
[2026-04-02T05:41:53.500+0530] {processor.py:840} INFO - DAG(s) 'example_branch_dop_operator_v3' retrieved from /Users/aswin/Documents/data-engineering-practice/ETL_Airflow_DBT/airflow/airflow_env/lib/python3.11/site-packages/airflow/example_dags/example_branch_python_dop_operator_3.py
[2026-04-02T05:41:53.553+0530] {logging_mixin.py:188} INFO - [2026-04-02T05:41:53.553+0530] {dag.py:3096} INFO - Sync 1 DAGs
[2026-04-02T05:41:53.564+0530] {logging_mixin.py:188} INFO - [2026-04-02T05:41:53.564+0530] {dag.py:3954} INFO - Setting next_dagrun for example_branch_dop_operator_v3 to 2026-04-02 00:10:00+00:00, run_after=2026-04-02 00:11:00+00:00
[2026-04-02T05:41:53.572+0530] {processor.py:183} INFO - Processing /Users/aswin/Documents/data-engineering-practice/ETL_Airflow_DBT/airflow/airflow_env/lib/python3.11/site-packages/airflow/example_dags/example_branch_python_dop_operator_3.py took 0.091 seconds
[2026-04-02T05:42:24.838+0530] {processor.py:161} INFO - Started process (PID=22222) to work on /Users/aswin/Documents/data-engineering-practice/ETL_Airflow_DBT/airflow/airflow_env/lib/python3.11/site-packages/airflow/example_dags/example_branch_python_dop_operator_3.py
[2026-04-02T05:42:24.839+0530] {processor.py:830} INFO - Processing file /Users/aswin/Documents/data-engineering-practice/ETL_Airflow_DBT/airflow/airflow_env/lib/python3.11/site-packages/airflow/example_dags/example_branch_python_dop_operator_3.py for tasks to queue
[2026-04-02T05:42:24.839+0530] {logging_mixin.py:188} INFO - [2026-04-02T05:42:24.839+0530] {dagbag.py:540} INFO - Filling up the DagBag from /Users/aswin/Documents/data-engineering-practice/ETL_Airflow_DBT/airflow/airflow_env/lib/python3.11/site-packages/airflow/example_dags/example_branch_python_dop_operator_3.py
[2026-04-02T05:42:24.856+0530] {processor.py:840} INFO - DAG(s) 'example_branch_dop_operator_v3' retrieved from /Users/aswin/Documents/data-engineering-practice/ETL_Airflow_DBT/airflow/airflow_env/lib/python3.11/site-packages/airflow/example_dags/example_branch_python_dop_operator_3.py
[2026-04-02T05:42:24.909+0530] {logging_mixin.py:188} INFO - [2026-04-02T05:42:24.909+0530] {dag.py:3096} INFO - Sync 1 DAGs
[2026-04-02T05:42:24.922+0530] {logging_mixin.py:188} INFO - [2026-04-02T05:42:24.922+0530] {dag.py:3954} INFO - Setting next_dagrun for example_branch_dop_operator_v3 to 2026-04-02 00:11:00+00:00, run_after=2026-04-02 00:12:00+00:00
[2026-04-02T05:42:24.932+0530] {processor.py:183} INFO - Processing /Users/aswin/Documents/data-engineering-practice/ETL_Airflow_DBT/airflow/airflow_env/lib/python3.11/site-packages/airflow/example_dags/example_branch_python_dop_operator_3.py took 0.095 seconds
[2026-04-02T05:42:56.138+0530] {processor.py:161} INFO - Started process (PID=22349) to work on /Users/aswin/Documents/data-engineering-practice/ETL_Airflow_DBT/airflow/airflow_env/lib/python3.11/site-packages/airflow/example_dags/example_branch_python_dop_operator_3.py
[2026-04-02T05:42:56.139+0530] {processor.py:830} INFO - Processing file /Users/aswin/Documents/data-engineering-practice/ETL_Airflow_DBT/airflow/airflow_env/lib/python3.11/site-packages/airflow/example_dags/example_branch_python_dop_operator_3.py for tasks to queue
[2026-04-02T05:42:56.140+0530] {logging_mixin.py:188} INFO - [2026-04-02T05:42:56.140+0530] {dagbag.py:540} INFO - Filling up the DagBag from /Users/aswin/Documents/data-engineering-practice/ETL_Airflow_DBT/airflow/airflow_env/lib/python3.11/site-packages/airflow/example_dags/example_branch_python_dop_operator_3.py
[2026-04-02T05:42:56.158+0530] {processor.py:840} INFO - DAG(s) 'example_branch_dop_operator_v3' retrieved from /Users/aswin/Documents/data-engineering-practice/ETL_Airflow_DBT/airflow/airflow_env/lib/python3.11/site-packages/airflow/example_dags/example_branch_python_dop_operator_3.py
[2026-04-02T05:42:56.211+0530] {logging_mixin.py:188} INFO - [2026-04-02T05:42:56.211+0530] {dag.py:3096} INFO - Sync 1 DAGs
[2026-04-02T05:42:56.222+0530] {logging_mixin.py:188} INFO - [2026-04-02T05:42:56.221+0530] {dag.py:3954} INFO - Setting next_dagrun for example_branch_dop_operator_v3 to 2026-04-02 00:11:00+00:00, run_after=2026-04-02 00:12:00+00:00
[2026-04-02T05:42:56.230+0530] {processor.py:183} INFO - Processing /Users/aswin/Documents/data-engineering-practice/ETL_Airflow_DBT/airflow/airflow_env/lib/python3.11/site-packages/airflow/example_dags/example_branch_python_dop_operator_3.py took 0.093 seconds
[2026-04-02T05:43:27.784+0530] {processor.py:161} INFO - Started process (PID=22475) to work on /Users/aswin/Documents/data-engineering-practice/ETL_Airflow_DBT/airflow/airflow_env/lib/python3.11/site-packages/airflow/example_dags/example_branch_python_dop_operator_3.py
[2026-04-02T05:43:27.785+0530] {processor.py:830} INFO - Processing file /Users/aswin/Documents/data-engineering-practice/ETL_Airflow_DBT/airflow/airflow_env/lib/python3.11/site-packages/airflow/example_dags/example_branch_python_dop_operator_3.py for tasks to queue
[2026-04-02T05:43:27.785+0530] {logging_mixin.py:188} INFO - [2026-04-02T05:43:27.785+0530] {dagbag.py:540} INFO - Filling up the DagBag from /Users/aswin/Documents/data-engineering-practice/ETL_Airflow_DBT/airflow/airflow_env/lib/python3.11/site-packages/airflow/example_dags/example_branch_python_dop_operator_3.py
[2026-04-02T05:43:27.802+0530] {processor.py:840} INFO - DAG(s) 'example_branch_dop_operator_v3' retrieved from /Users/aswin/Documents/data-engineering-practice/ETL_Airflow_DBT/airflow/airflow_env/lib/python3.11/site-packages/airflow/example_dags/example_branch_python_dop_operator_3.py
[2026-04-02T05:43:27.855+0530] {logging_mixin.py:188} INFO - [2026-04-02T05:43:27.855+0530] {dag.py:3096} INFO - Sync 1 DAGs
[2026-04-02T05:43:27.866+0530] {logging_mixin.py:188} INFO - [2026-04-02T05:43:27.866+0530] {dag.py:3954} INFO - Setting next_dagrun for example_branch_dop_operator_v3 to 2026-04-02 00:12:00+00:00, run_after=2026-04-02 00:13:00+00:00
[2026-04-02T05:43:27.875+0530] {processor.py:183} INFO - Processing /Users/aswin/Documents/data-engineering-practice/ETL_Airflow_DBT/airflow/airflow_env/lib/python3.11/site-packages/airflow/example_dags/example_branch_python_dop_operator_3.py took 0.092 seconds
[2026-04-02T05:43:59.073+0530] {processor.py:161} INFO - Started process (PID=22616) to work on /Users/aswin/Documents/data-engineering-practice/ETL_Airflow_DBT/airflow/airflow_env/lib/python3.11/site-packages/airflow/example_dags/example_branch_python_dop_operator_3.py
[2026-04-02T05:43:59.075+0530] {processor.py:830} INFO - Processing file /Users/aswin/Documents/data-engineering-practice/ETL_Airflow_DBT/airflow/airflow_env/lib/python3.11/site-packages/airflow/example_dags/example_branch_python_dop_operator_3.py for tasks to queue
[2026-04-02T05:43:59.075+0530] {logging_mixin.py:188} INFO - [2026-04-02T05:43:59.075+0530] {dagbag.py:540} INFO - Filling up the DagBag from /Users/aswin/Documents/data-engineering-practice/ETL_Airflow_DBT/airflow/airflow_env/lib/python3.11/site-packages/airflow/example_dags/example_branch_python_dop_operator_3.py
[2026-04-02T05:43:59.093+0530] {processor.py:840} INFO - DAG(s) 'example_branch_dop_operator_v3' retrieved from /Users/aswin/Documents/data-engineering-practice/ETL_Airflow_DBT/airflow/airflow_env/lib/python3.11/site-packages/airflow/example_dags/example_branch_python_dop_operator_3.py
[2026-04-02T05:43:59.149+0530] {logging_mixin.py:188} INFO - [2026-04-02T05:43:59.149+0530] {dag.py:3096} INFO - Sync 1 DAGs
[2026-04-02T05:43:59.160+0530] {logging_mixin.py:188} INFO - [2026-04-02T05:43:59.160+0530] {dag.py:3954} INFO - Setting next_dagrun for example_branch_dop_operator_v3 to 2026-04-02 00:12:00+00:00, run_after=2026-04-02 00:13:00+00:00
[2026-04-02T05:43:59.169+0530] {processor.py:183} INFO - Processing /Users/aswin/Documents/data-engineering-practice/ETL_Airflow_DBT/airflow/airflow_env/lib/python3.11/site-packages/airflow/example_dags/example_branch_python_dop_operator_3.py took 0.097 seconds
[2026-04-02T05:44:30.198+0530] {processor.py:161} INFO - Started process (PID=22742) to work on /Users/aswin/Documents/data-engineering-practice/ETL_Airflow_DBT/airflow/airflow_env/lib/python3.11/site-packages/airflow/example_dags/example_branch_python_dop_operator_3.py
[2026-04-02T05:44:30.198+0530] {processor.py:830} INFO - Processing file /Users/aswin/Documents/data-engineering-practice/ETL_Airflow_DBT/airflow/airflow_env/lib/python3.11/site-packages/airflow/example_dags/example_branch_python_dop_operator_3.py for tasks to queue
[2026-04-02T05:44:30.199+0530] {logging_mixin.py:188} INFO - [2026-04-02T05:44:30.199+0530] {dagbag.py:540} INFO - Filling up the DagBag from /Users/aswin/Documents/data-engineering-practice/ETL_Airflow_DBT/airflow/airflow_env/lib/python3.11/site-packages/airflow/example_dags/example_branch_python_dop_operator_3.py
[2026-04-02T05:44:30.216+0530] {processor.py:840} INFO - DAG(s) 'example_branch_dop_operator_v3' retrieved from /Users/aswin/Documents/data-engineering-practice/ETL_Airflow_DBT/airflow/airflow_env/lib/python3.11/site-packages/airflow/example_dags/example_branch_python_dop_operator_3.py
[2026-04-02T05:44:30.282+0530] {logging_mixin.py:188} INFO - [2026-04-02T05:44:30.282+0530] {dag.py:3096} INFO - Sync 1 DAGs
[2026-04-02T05:44:30.294+0530] {logging_mixin.py:188} INFO - [2026-04-02T05:44:30.294+0530] {dag.py:3954} INFO - Setting next_dagrun for example_branch_dop_operator_v3 to 2026-04-02 00:13:00+00:00, run_after=2026-04-02 00:14:00+00:00
[2026-04-02T05:44:30.307+0530] {processor.py:183} INFO - Processing /Users/aswin/Documents/data-engineering-practice/ETL_Airflow_DBT/airflow/airflow_env/lib/python3.11/site-packages/airflow/example_dags/example_branch_python_dop_operator_3.py took 0.111 seconds
[2026-04-02T05:45:01.153+0530] {processor.py:161} INFO - Started process (PID=22872) to work on /Users/aswin/Documents/data-engineering-practice/ETL_Airflow_DBT/airflow/airflow_env/lib/python3.11/site-packages/airflow/example_dags/example_branch_python_dop_operator_3.py
[2026-04-02T05:45:01.154+0530] {processor.py:830} INFO - Processing file /Users/aswin/Documents/data-engineering-practice/ETL_Airflow_DBT/airflow/airflow_env/lib/python3.11/site-packages/airflow/example_dags/example_branch_python_dop_operator_3.py for tasks to queue
[2026-04-02T05:45:01.155+0530] {logging_mixin.py:188} INFO - [2026-04-02T05:45:01.155+0530] {dagbag.py:540} INFO - Filling up the DagBag from /Users/aswin/Documents/data-engineering-practice/ETL_Airflow_DBT/airflow/airflow_env/lib/python3.11/site-packages/airflow/example_dags/example_branch_python_dop_operator_3.py
[2026-04-02T05:45:01.171+0530] {processor.py:840} INFO - DAG(s) 'example_branch_dop_operator_v3' retrieved from /Users/aswin/Documents/data-engineering-practice/ETL_Airflow_DBT/airflow/airflow_env/lib/python3.11/site-packages/airflow/example_dags/example_branch_python_dop_operator_3.py
[2026-04-02T05:45:01.232+0530] {logging_mixin.py:188} INFO - [2026-04-02T05:45:01.232+0530] {dag.py:3096} INFO - Sync 1 DAGs
[2026-04-02T05:45:01.252+0530] {logging_mixin.py:188} INFO - [2026-04-02T05:45:01.252+0530] {dag.py:3954} INFO - Setting next_dagrun for example_branch_dop_operator_v3 to 2026-04-02 00:14:00+00:00, run_after=2026-04-02 00:15:00+00:00
[2026-04-02T05:45:01.261+0530] {processor.py:183} INFO - Processing /Users/aswin/Documents/data-engineering-practice/ETL_Airflow_DBT/airflow/airflow_env/lib/python3.11/site-packages/airflow/example_dags/example_branch_python_dop_operator_3.py took 0.109 seconds
[2026-04-02T05:45:32.396+0530] {processor.py:161} INFO - Started process (PID=22991) to work on /Users/aswin/Documents/data-engineering-practice/ETL_Airflow_DBT/airflow/airflow_env/lib/python3.11/site-packages/airflow/example_dags/example_branch_python_dop_operator_3.py
[2026-04-02T05:45:32.397+0530] {processor.py:830} INFO - Processing file /Users/aswin/Documents/data-engineering-practice/ETL_Airflow_DBT/airflow/airflow_env/lib/python3.11/site-packages/airflow/example_dags/example_branch_python_dop_operator_3.py for tasks to queue
[2026-04-02T05:45:32.397+0530] {logging_mixin.py:188} INFO - [2026-04-02T05:45:32.397+0530] {dagbag.py:540} INFO - Filling up the DagBag from /Users/aswin/Documents/data-engineering-practice/ETL_Airflow_DBT/airflow/airflow_env/lib/python3.11/site-packages/airflow/example_dags/example_branch_python_dop_operator_3.py
[2026-04-02T05:45:32.413+0530] {processor.py:840} INFO - DAG(s) 'example_branch_dop_operator_v3' retrieved from /Users/aswin/Documents/data-engineering-practice/ETL_Airflow_DBT/airflow/airflow_env/lib/python3.11/site-packages/airflow/example_dags/example_branch_python_dop_operator_3.py
[2026-04-02T05:45:32.464+0530] {logging_mixin.py:188} INFO - [2026-04-02T05:45:32.464+0530] {dag.py:3096} INFO - Sync 1 DAGs
[2026-04-02T05:45:32.475+0530] {logging_mixin.py:188} INFO - [2026-04-02T05:45:32.475+0530] {dag.py:3954} INFO - Setting next_dagrun for example_branch_dop_operator_v3 to 2026-04-02 00:14:00+00:00, run_after=2026-04-02 00:15:00+00:00
[2026-04-02T05:45:32.482+0530] {processor.py:183} INFO - Processing /Users/aswin/Documents/data-engineering-practice/ETL_Airflow_DBT/airflow/airflow_env/lib/python3.11/site-packages/airflow/example_dags/example_branch_python_dop_operator_3.py took 0.088 seconds
[2026-04-02T05:46:03.642+0530] {processor.py:161} INFO - Started process (PID=23106) to work on /Users/aswin/Documents/data-engineering-practice/ETL_Airflow_DBT/airflow/airflow_env/lib/python3.11/site-packages/airflow/example_dags/example_branch_python_dop_operator_3.py
[2026-04-02T05:46:03.642+0530] {processor.py:830} INFO - Processing file /Users/aswin/Documents/data-engineering-practice/ETL_Airflow_DBT/airflow/airflow_env/lib/python3.11/site-packages/airflow/example_dags/example_branch_python_dop_operator_3.py for tasks to queue
[2026-04-02T05:46:03.643+0530] {logging_mixin.py:188} INFO - [2026-04-02T05:46:03.643+0530] {dagbag.py:540} INFO - Filling up the DagBag from /Users/aswin/Documents/data-engineering-practice/ETL_Airflow_DBT/airflow/airflow_env/lib/python3.11/site-packages/airflow/example_dags/example_branch_python_dop_operator_3.py
[2026-04-02T05:46:03.659+0530] {processor.py:840} INFO - DAG(s) 'example_branch_dop_operator_v3' retrieved from /Users/aswin/Documents/data-engineering-practice/ETL_Airflow_DBT/airflow/airflow_env/lib/python3.11/site-packages/airflow/example_dags/example_branch_python_dop_operator_3.py
[2026-04-02T05:46:03.710+0530] {logging_mixin.py:188} INFO - [2026-04-02T05:46:03.710+0530] {dag.py:3096} INFO - Sync 1 DAGs
[2026-04-02T05:46:03.721+0530] {logging_mixin.py:188} INFO - [2026-04-02T05:46:03.721+0530] {dag.py:3954} INFO - Setting next_dagrun for example_branch_dop_operator_v3 to 2026-04-02 00:15:00+00:00, run_after=2026-04-02 00:16:00+00:00
[2026-04-02T05:46:03.728+0530] {processor.py:183} INFO - Processing /Users/aswin/Documents/data-engineering-practice/ETL_Airflow_DBT/airflow/airflow_env/lib/python3.11/site-packages/airflow/example_dags/example_branch_python_dop_operator_3.py took 0.088 seconds
[2026-04-02T05:46:34.812+0530] {processor.py:161} INFO - Started process (PID=23220) to work on /Users/aswin/Documents/data-engineering-practice/ETL_Airflow_DBT/airflow/airflow_env/lib/python3.11/site-packages/airflow/example_dags/example_branch_python_dop_operator_3.py
[2026-04-02T05:46:34.813+0530] {processor.py:830} INFO - Processing file /Users/aswin/Documents/data-engineering-practice/ETL_Airflow_DBT/airflow/airflow_env/lib/python3.11/site-packages/airflow/example_dags/example_branch_python_dop_operator_3.py for tasks to queue
[2026-04-02T05:46:34.813+0530] {logging_mixin.py:188} INFO - [2026-04-02T05:46:34.813+0530] {dagbag.py:540} INFO - Filling up the DagBag from /Users/aswin/Documents/data-engineering-practice/ETL_Airflow_DBT/airflow/airflow_env/lib/python3.11/site-packages/airflow/example_dags/example_branch_python_dop_operator_3.py
[2026-04-02T05:46:34.829+0530] {processor.py:840} INFO - DAG(s) 'example_branch_dop_operator_v3' retrieved from /Users/aswin/Documents/data-engineering-practice/ETL_Airflow_DBT/airflow/airflow_env/lib/python3.11/site-packages/airflow/example_dags/example_branch_python_dop_operator_3.py
[2026-04-02T05:46:34.880+0530] {logging_mixin.py:188} INFO - [2026-04-02T05:46:34.880+0530] {dag.py:3096} INFO - Sync 1 DAGs
[2026-04-02T05:46:34.891+0530] {logging_mixin.py:188} INFO - [2026-04-02T05:46:34.890+0530] {dag.py:3954} INFO - Setting next_dagrun for example_branch_dop_operator_v3 to 2026-04-02 00:15:00+00:00, run_after=2026-04-02 00:16:00+00:00
[2026-04-02T05:46:34.899+0530] {processor.py:183} INFO - Processing /Users/aswin/Documents/data-engineering-practice/ETL_Airflow_DBT/airflow/airflow_env/lib/python3.11/site-packages/airflow/example_dags/example_branch_python_dop_operator_3.py took 0.088 seconds
[2026-04-02T05:47:06.508+0530] {processor.py:161} INFO - Started process (PID=23334) to work on /Users/aswin/Documents/data-engineering-practice/ETL_Airflow_DBT/airflow/airflow_env/lib/python3.11/site-packages/airflow/example_dags/example_branch_python_dop_operator_3.py
[2026-04-02T05:47:06.508+0530] {processor.py:830} INFO - Processing file /Users/aswin/Documents/data-engineering-practice/ETL_Airflow_DBT/airflow/airflow_env/lib/python3.11/site-packages/airflow/example_dags/example_branch_python_dop_operator_3.py for tasks to queue
[2026-04-02T05:47:06.509+0530] {logging_mixin.py:188} INFO - [2026-04-02T05:47:06.508+0530] {dagbag.py:540} INFO - Filling up the DagBag from /Users/aswin/Documents/data-engineering-practice/ETL_Airflow_DBT/airflow/airflow_env/lib/python3.11/site-packages/airflow/example_dags/example_branch_python_dop_operator_3.py
[2026-04-02T05:47:06.525+0530] {processor.py:840} INFO - DAG(s) 'example_branch_dop_operator_v3' retrieved from /Users/aswin/Documents/data-engineering-practice/ETL_Airflow_DBT/airflow/airflow_env/lib/python3.11/site-packages/airflow/example_dags/example_branch_python_dop_operator_3.py
[2026-04-02T05:47:06.577+0530] {logging_mixin.py:188} INFO - [2026-04-02T05:47:06.577+0530] {dag.py:3096} INFO - Sync 1 DAGs
[2026-04-02T05:47:06.589+0530] {logging_mixin.py:188} INFO - [2026-04-02T05:47:06.589+0530] {dag.py:3954} INFO - Setting next_dagrun for example_branch_dop_operator_v3 to 2026-04-02 00:16:00+00:00, run_after=2026-04-02 00:17:00+00:00
[2026-04-02T05:47:06.598+0530] {processor.py:183} INFO - Processing /Users/aswin/Documents/data-engineering-practice/ETL_Airflow_DBT/airflow/airflow_env/lib/python3.11/site-packages/airflow/example_dags/example_branch_python_dop_operator_3.py took 0.092 seconds
[2026-04-02T05:47:37.942+0530] {processor.py:161} INFO - Started process (PID=23449) to work on /Users/aswin/Documents/data-engineering-practice/ETL_Airflow_DBT/airflow/airflow_env/lib/python3.11/site-packages/airflow/example_dags/example_branch_python_dop_operator_3.py
[2026-04-02T05:47:37.943+0530] {processor.py:830} INFO - Processing file /Users/aswin/Documents/data-engineering-practice/ETL_Airflow_DBT/airflow/airflow_env/lib/python3.11/site-packages/airflow/example_dags/example_branch_python_dop_operator_3.py for tasks to queue
[2026-04-02T05:47:37.943+0530] {logging_mixin.py:188} INFO - [2026-04-02T05:47:37.943+0530] {dagbag.py:540} INFO - Filling up the DagBag from /Users/aswin/Documents/data-engineering-practice/ETL_Airflow_DBT/airflow/airflow_env/lib/python3.11/site-packages/airflow/example_dags/example_branch_python_dop_operator_3.py
[2026-04-02T05:47:37.960+0530] {processor.py:840} INFO - DAG(s) 'example_branch_dop_operator_v3' retrieved from /Users/aswin/Documents/data-engineering-practice/ETL_Airflow_DBT/airflow/airflow_env/lib/python3.11/site-packages/airflow/example_dags/example_branch_python_dop_operator_3.py
[2026-04-02T05:47:38.023+0530] {logging_mixin.py:188} INFO - [2026-04-02T05:47:38.023+0530] {dag.py:3096} INFO - Sync 1 DAGs
[2026-04-02T05:47:38.034+0530] {logging_mixin.py:188} INFO - [2026-04-02T05:47:38.034+0530] {dag.py:3954} INFO - Setting next_dagrun for example_branch_dop_operator_v3 to 2026-04-02 00:16:00+00:00, run_after=2026-04-02 00:17:00+00:00
[2026-04-02T05:47:38.042+0530] {processor.py:183} INFO - Processing /Users/aswin/Documents/data-engineering-practice/ETL_Airflow_DBT/airflow/airflow_env/lib/python3.11/site-packages/airflow/example_dags/example_branch_python_dop_operator_3.py took 0.100 seconds
[2026-04-02T05:48:08.931+0530] {processor.py:161} INFO - Started process (PID=23564) to work on /Users/aswin/Documents/data-engineering-practice/ETL_Airflow_DBT/airflow/airflow_env/lib/python3.11/site-packages/airflow/example_dags/example_branch_python_dop_operator_3.py
[2026-04-02T05:48:08.931+0530] {processor.py:830} INFO - Processing file /Users/aswin/Documents/data-engineering-practice/ETL_Airflow_DBT/airflow/airflow_env/lib/python3.11/site-packages/airflow/example_dags/example_branch_python_dop_operator_3.py for tasks to queue
[2026-04-02T05:48:08.932+0530] {logging_mixin.py:188} INFO - [2026-04-02T05:48:08.932+0530] {dagbag.py:540} INFO - Filling up the DagBag from /Users/aswin/Documents/data-engineering-practice/ETL_Airflow_DBT/airflow/airflow_env/lib/python3.11/site-packages/airflow/example_dags/example_branch_python_dop_operator_3.py
[2026-04-02T05:48:08.949+0530] {processor.py:840} INFO - DAG(s) 'example_branch_dop_operator_v3' retrieved from /Users/aswin/Documents/data-engineering-practice/ETL_Airflow_DBT/airflow/airflow_env/lib/python3.11/site-packages/airflow/example_dags/example_branch_python_dop_operator_3.py
[2026-04-02T05:48:09.003+0530] {logging_mixin.py:188} INFO - [2026-04-02T05:48:09.003+0530] {dag.py:3096} INFO - Sync 1 DAGs
[2026-04-02T05:48:09.015+0530] {logging_mixin.py:188} INFO - [2026-04-02T05:48:09.015+0530] {dag.py:3954} INFO - Setting next_dagrun for example_branch_dop_operator_v3 to 2026-04-02 00:17:00+00:00, run_after=2026-04-02 00:18:00+00:00
[2026-04-02T05:48:09.023+0530] {processor.py:183} INFO - Processing /Users/aswin/Documents/data-engineering-practice/ETL_Airflow_DBT/airflow/airflow_env/lib/python3.11/site-packages/airflow/example_dags/example_branch_python_dop_operator_3.py took 0.094 seconds
[2026-04-02T05:48:39.876+0530] {processor.py:161} INFO - Started process (PID=23676) to work on /Users/aswin/Documents/data-engineering-practice/ETL_Airflow_DBT/airflow/airflow_env/lib/python3.11/site-packages/airflow/example_dags/example_branch_python_dop_operator_3.py
[2026-04-02T05:48:39.877+0530] {processor.py:830} INFO - Processing file /Users/aswin/Documents/data-engineering-practice/ETL_Airflow_DBT/airflow/airflow_env/lib/python3.11/site-packages/airflow/example_dags/example_branch_python_dop_operator_3.py for tasks to queue
[2026-04-02T05:48:39.877+0530] {logging_mixin.py:188} INFO - [2026-04-02T05:48:39.877+0530] {dagbag.py:540} INFO - Filling up the DagBag from /Users/aswin/Documents/data-engineering-practice/ETL_Airflow_DBT/airflow/airflow_env/lib/python3.11/site-packages/airflow/example_dags/example_branch_python_dop_operator_3.py
[2026-04-02T05:48:39.895+0530] {processor.py:840} INFO - DAG(s) 'example_branch_dop_operator_v3' retrieved from /Users/aswin/Documents/data-engineering-practice/ETL_Airflow_DBT/airflow/airflow_env/lib/python3.11/site-packages/airflow/example_dags/example_branch_python_dop_operator_3.py
[2026-04-02T05:48:39.948+0530] {logging_mixin.py:188} INFO - [2026-04-02T05:48:39.948+0530] {dag.py:3096} INFO - Sync 1 DAGs
[2026-04-02T05:48:39.959+0530] {logging_mixin.py:188} INFO - [2026-04-02T05:48:39.959+0530] {dag.py:3954} INFO - Setting next_dagrun for example_branch_dop_operator_v3 to 2026-04-02 00:17:00+00:00, run_after=2026-04-02 00:18:00+00:00
[2026-04-02T05:48:39.968+0530] {processor.py:183} INFO - Processing /Users/aswin/Documents/data-engineering-practice/ETL_Airflow_DBT/airflow/airflow_env/lib/python3.11/site-packages/airflow/example_dags/example_branch_python_dop_operator_3.py took 0.093 seconds
[2026-04-02T05:49:10.715+0530] {processor.py:161} INFO - Started process (PID=23791) to work on /Users/aswin/Documents/data-engineering-practice/ETL_Airflow_DBT/airflow/airflow_env/lib/python3.11/site-packages/airflow/example_dags/example_branch_python_dop_operator_3.py
[2026-04-02T05:49:10.716+0530] {processor.py:830} INFO - Processing file /Users/aswin/Documents/data-engineering-practice/ETL_Airflow_DBT/airflow/airflow_env/lib/python3.11/site-packages/airflow/example_dags/example_branch_python_dop_operator_3.py for tasks to queue
[2026-04-02T05:49:10.716+0530] {logging_mixin.py:188} INFO - [2026-04-02T05:49:10.716+0530] {dagbag.py:540} INFO - Filling up the DagBag from /Users/aswin/Documents/data-engineering-practice/ETL_Airflow_DBT/airflow/airflow_env/lib/python3.11/site-packages/airflow/example_dags/example_branch_python_dop_operator_3.py
[2026-04-02T05:49:10.734+0530] {processor.py:840} INFO - DAG(s) 'example_branch_dop_operator_v3' retrieved from /Users/aswin/Documents/data-engineering-practice/ETL_Airflow_DBT/airflow/airflow_env/lib/python3.11/site-packages/airflow/example_dags/example_branch_python_dop_operator_3.py
[2026-04-02T05:49:10.789+0530] {logging_mixin.py:188} INFO - [2026-04-02T05:49:10.789+0530] {dag.py:3096} INFO - Sync 1 DAGs
[2026-04-02T05:49:10.802+0530] {logging_mixin.py:188} INFO - [2026-04-02T05:49:10.802+0530] {dag.py:3954} INFO - Setting next_dagrun for example_branch_dop_operator_v3 to 2026-04-02 00:18:00+00:00, run_after=2026-04-02 00:19:00+00:00
[2026-04-02T05:49:10.810+0530] {processor.py:183} INFO - Processing /Users/aswin/Documents/data-engineering-practice/ETL_Airflow_DBT/airflow/airflow_env/lib/python3.11/site-packages/airflow/example_dags/example_branch_python_dop_operator_3.py took 0.096 seconds
[2026-04-02T05:49:41.936+0530] {processor.py:161} INFO - Started process (PID=23925) to work on /Users/aswin/Documents/data-engineering-practice/ETL_Airflow_DBT/airflow/airflow_env/lib/python3.11/site-packages/airflow/example_dags/example_branch_python_dop_operator_3.py
[2026-04-02T05:49:41.937+0530] {processor.py:830} INFO - Processing file /Users/aswin/Documents/data-engineering-practice/ETL_Airflow_DBT/airflow/airflow_env/lib/python3.11/site-packages/airflow/example_dags/example_branch_python_dop_operator_3.py for tasks to queue
[2026-04-02T05:49:41.937+0530] {logging_mixin.py:188} INFO - [2026-04-02T05:49:41.937+0530] {dagbag.py:540} INFO - Filling up the DagBag from /Users/aswin/Documents/data-engineering-practice/ETL_Airflow_DBT/airflow/airflow_env/lib/python3.11/site-packages/airflow/example_dags/example_branch_python_dop_operator_3.py
[2026-04-02T05:49:41.954+0530] {processor.py:840} INFO - DAG(s) 'example_branch_dop_operator_v3' retrieved from /Users/aswin/Documents/data-engineering-practice/ETL_Airflow_DBT/airflow/airflow_env/lib/python3.11/site-packages/airflow/example_dags/example_branch_python_dop_operator_3.py
[2026-04-02T05:49:42.007+0530] {logging_mixin.py:188} INFO - [2026-04-02T05:49:42.007+0530] {dag.py:3096} INFO - Sync 1 DAGs
[2026-04-02T05:49:42.017+0530] {logging_mixin.py:188} INFO - [2026-04-02T05:49:42.017+0530] {dag.py:3954} INFO - Setting next_dagrun for example_branch_dop_operator_v3 to 2026-04-02 00:18:00+00:00, run_after=2026-04-02 00:19:00+00:00
[2026-04-02T05:49:42.026+0530] {processor.py:183} INFO - Processing /Users/aswin/Documents/data-engineering-practice/ETL_Airflow_DBT/airflow/airflow_env/lib/python3.11/site-packages/airflow/example_dags/example_branch_python_dop_operator_3.py took 0.091 seconds
[2026-04-02T05:50:13.673+0530] {processor.py:161} INFO - Started process (PID=24067) to work on /Users/aswin/Documents/data-engineering-practice/ETL_Airflow_DBT/airflow/airflow_env/lib/python3.11/site-packages/airflow/example_dags/example_branch_python_dop_operator_3.py
[2026-04-02T05:50:13.674+0530] {processor.py:830} INFO - Processing file /Users/aswin/Documents/data-engineering-practice/ETL_Airflow_DBT/airflow/airflow_env/lib/python3.11/site-packages/airflow/example_dags/example_branch_python_dop_operator_3.py for tasks to queue
[2026-04-02T05:50:13.674+0530] {logging_mixin.py:188} INFO - [2026-04-02T05:50:13.674+0530] {dagbag.py:540} INFO - Filling up the DagBag from /Users/aswin/Documents/data-engineering-practice/ETL_Airflow_DBT/airflow/airflow_env/lib/python3.11/site-packages/airflow/example_dags/example_branch_python_dop_operator_3.py
[2026-04-02T05:50:13.691+0530] {processor.py:840} INFO - DAG(s) 'example_branch_dop_operator_v3' retrieved from /Users/aswin/Documents/data-engineering-practice/ETL_Airflow_DBT/airflow/airflow_env/lib/python3.11/site-packages/airflow/example_dags/example_branch_python_dop_operator_3.py
[2026-04-02T05:50:13.747+0530] {logging_mixin.py:188} INFO - [2026-04-02T05:50:13.746+0530] {dag.py:3096} INFO - Sync 1 DAGs
[2026-04-02T05:50:13.757+0530] {logging_mixin.py:188} INFO - [2026-04-02T05:50:13.757+0530] {dag.py:3954} INFO - Setting next_dagrun for example_branch_dop_operator_v3 to 2026-04-02 00:19:00+00:00, run_after=2026-04-02 00:20:00+00:00
[2026-04-02T05:50:13.766+0530] {processor.py:183} INFO - Processing /Users/aswin/Documents/data-engineering-practice/ETL_Airflow_DBT/airflow/airflow_env/lib/python3.11/site-packages/airflow/example_dags/example_branch_python_dop_operator_3.py took 0.094 seconds
[2026-04-02T05:50:44.551+0530] {processor.py:161} INFO - Started process (PID=24192) to work on /Users/aswin/Documents/data-engineering-practice/ETL_Airflow_DBT/airflow/airflow_env/lib/python3.11/site-packages/airflow/example_dags/example_branch_python_dop_operator_3.py
[2026-04-02T05:50:44.552+0530] {processor.py:830} INFO - Processing file /Users/aswin/Documents/data-engineering-practice/ETL_Airflow_DBT/airflow/airflow_env/lib/python3.11/site-packages/airflow/example_dags/example_branch_python_dop_operator_3.py for tasks to queue
[2026-04-02T05:50:44.552+0530] {logging_mixin.py:188} INFO - [2026-04-02T05:50:44.552+0530] {dagbag.py:540} INFO - Filling up the DagBag from /Users/aswin/Documents/data-engineering-practice/ETL_Airflow_DBT/airflow/airflow_env/lib/python3.11/site-packages/airflow/example_dags/example_branch_python_dop_operator_3.py
[2026-04-02T05:50:44.571+0530] {processor.py:840} INFO - DAG(s) 'example_branch_dop_operator_v3' retrieved from /Users/aswin/Documents/data-engineering-practice/ETL_Airflow_DBT/airflow/airflow_env/lib/python3.11/site-packages/airflow/example_dags/example_branch_python_dop_operator_3.py
[2026-04-02T05:50:44.623+0530] {logging_mixin.py:188} INFO - [2026-04-02T05:50:44.623+0530] {dag.py:3096} INFO - Sync 1 DAGs
[2026-04-02T05:50:44.633+0530] {logging_mixin.py:188} INFO - [2026-04-02T05:50:44.633+0530] {dag.py:3954} INFO - Setting next_dagrun for example_branch_dop_operator_v3 to 2026-04-02 00:19:00+00:00, run_after=2026-04-02 00:20:00+00:00
[2026-04-02T05:50:44.642+0530] {processor.py:183} INFO - Processing /Users/aswin/Documents/data-engineering-practice/ETL_Airflow_DBT/airflow/airflow_env/lib/python3.11/site-packages/airflow/example_dags/example_branch_python_dop_operator_3.py took 0.092 seconds
[2026-04-02T05:51:15.385+0530] {processor.py:161} INFO - Started process (PID=24325) to work on /Users/aswin/Documents/data-engineering-practice/ETL_Airflow_DBT/airflow/airflow_env/lib/python3.11/site-packages/airflow/example_dags/example_branch_python_dop_operator_3.py
[2026-04-02T05:51:15.386+0530] {processor.py:830} INFO - Processing file /Users/aswin/Documents/data-engineering-practice/ETL_Airflow_DBT/airflow/airflow_env/lib/python3.11/site-packages/airflow/example_dags/example_branch_python_dop_operator_3.py for tasks to queue
[2026-04-02T05:51:15.386+0530] {logging_mixin.py:188} INFO - [2026-04-02T05:51:15.386+0530] {dagbag.py:540} INFO - Filling up the DagBag from /Users/aswin/Documents/data-engineering-practice/ETL_Airflow_DBT/airflow/airflow_env/lib/python3.11/site-packages/airflow/example_dags/example_branch_python_dop_operator_3.py
[2026-04-02T05:51:15.402+0530] {processor.py:840} INFO - DAG(s) 'example_branch_dop_operator_v3' retrieved from /Users/aswin/Documents/data-engineering-practice/ETL_Airflow_DBT/airflow/airflow_env/lib/python3.11/site-packages/airflow/example_dags/example_branch_python_dop_operator_3.py
[2026-04-02T05:51:15.456+0530] {logging_mixin.py:188} INFO - [2026-04-02T05:51:15.456+0530] {dag.py:3096} INFO - Sync 1 DAGs
[2026-04-02T05:51:15.466+0530] {logging_mixin.py:188} INFO - [2026-04-02T05:51:15.466+0530] {dag.py:3954} INFO - Setting next_dagrun for example_branch_dop_operator_v3 to 2026-04-02 00:20:00+00:00, run_after=2026-04-02 00:21:00+00:00
[2026-04-02T05:51:15.474+0530] {processor.py:183} INFO - Processing /Users/aswin/Documents/data-engineering-practice/ETL_Airflow_DBT/airflow/airflow_env/lib/python3.11/site-packages/airflow/example_dags/example_branch_python_dop_operator_3.py took 0.091 seconds
[2026-04-02T05:51:46.880+0530] {processor.py:161} INFO - Started process (PID=24450) to work on /Users/aswin/Documents/data-engineering-practice/ETL_Airflow_DBT/airflow/airflow_env/lib/python3.11/site-packages/airflow/example_dags/example_branch_python_dop_operator_3.py
[2026-04-02T05:51:46.880+0530] {processor.py:830} INFO - Processing file /Users/aswin/Documents/data-engineering-practice/ETL_Airflow_DBT/airflow/airflow_env/lib/python3.11/site-packages/airflow/example_dags/example_branch_python_dop_operator_3.py for tasks to queue
[2026-04-02T05:51:46.880+0530] {logging_mixin.py:188} INFO - [2026-04-02T05:51:46.880+0530] {dagbag.py:540} INFO - Filling up the DagBag from /Users/aswin/Documents/data-engineering-practice/ETL_Airflow_DBT/airflow/airflow_env/lib/python3.11/site-packages/airflow/example_dags/example_branch_python_dop_operator_3.py
[2026-04-02T05:51:46.897+0530] {processor.py:840} INFO - DAG(s) 'example_branch_dop_operator_v3' retrieved from /Users/aswin/Documents/data-engineering-practice/ETL_Airflow_DBT/airflow/airflow_env/lib/python3.11/site-packages/airflow/example_dags/example_branch_python_dop_operator_3.py
[2026-04-02T05:51:46.953+0530] {logging_mixin.py:188} INFO - [2026-04-02T05:51:46.953+0530] {dag.py:3096} INFO - Sync 1 DAGs
[2026-04-02T05:51:46.963+0530] {logging_mixin.py:188} INFO - [2026-04-02T05:51:46.963+0530] {dag.py:3954} INFO - Setting next_dagrun for example_branch_dop_operator_v3 to 2026-04-02 00:20:00+00:00, run_after=2026-04-02 00:21:00+00:00
[2026-04-02T05:51:46.971+0530] {processor.py:183} INFO - Processing /Users/aswin/Documents/data-engineering-practice/ETL_Airflow_DBT/airflow/airflow_env/lib/python3.11/site-packages/airflow/example_dags/example_branch_python_dop_operator_3.py took 0.092 seconds
[2026-04-02T05:52:18.379+0530] {processor.py:161} INFO - Started process (PID=24577) to work on /Users/aswin/Documents/data-engineering-practice/ETL_Airflow_DBT/airflow/airflow_env/lib/python3.11/site-packages/airflow/example_dags/example_branch_python_dop_operator_3.py
[2026-04-02T05:52:18.380+0530] {processor.py:830} INFO - Processing file /Users/aswin/Documents/data-engineering-practice/ETL_Airflow_DBT/airflow/airflow_env/lib/python3.11/site-packages/airflow/example_dags/example_branch_python_dop_operator_3.py for tasks to queue
[2026-04-02T05:52:18.380+0530] {logging_mixin.py:188} INFO - [2026-04-02T05:52:18.380+0530] {dagbag.py:540} INFO - Filling up the DagBag from /Users/aswin/Documents/data-engineering-practice/ETL_Airflow_DBT/airflow/airflow_env/lib/python3.11/site-packages/airflow/example_dags/example_branch_python_dop_operator_3.py
[2026-04-02T05:52:18.396+0530] {processor.py:840} INFO - DAG(s) 'example_branch_dop_operator_v3' retrieved from /Users/aswin/Documents/data-engineering-practice/ETL_Airflow_DBT/airflow/airflow_env/lib/python3.11/site-packages/airflow/example_dags/example_branch_python_dop_operator_3.py
[2026-04-02T05:52:18.449+0530] {logging_mixin.py:188} INFO - [2026-04-02T05:52:18.448+0530] {dag.py:3096} INFO - Sync 1 DAGs
[2026-04-02T05:52:18.459+0530] {logging_mixin.py:188} INFO - [2026-04-02T05:52:18.459+0530] {dag.py:3954} INFO - Setting next_dagrun for example_branch_dop_operator_v3 to 2026-04-02 00:21:00+00:00, run_after=2026-04-02 00:22:00+00:00
[2026-04-02T05:52:18.468+0530] {processor.py:183} INFO - Processing /Users/aswin/Documents/data-engineering-practice/ETL_Airflow_DBT/airflow/airflow_env/lib/python3.11/site-packages/airflow/example_dags/example_branch_python_dop_operator_3.py took 0.090 seconds
[2026-04-02T05:52:49.291+0530] {processor.py:161} INFO - Started process (PID=24702) to work on /Users/aswin/Documents/data-engineering-practice/ETL_Airflow_DBT/airflow/airflow_env/lib/python3.11/site-packages/airflow/example_dags/example_branch_python_dop_operator_3.py
[2026-04-02T05:52:49.292+0530] {processor.py:830} INFO - Processing file /Users/aswin/Documents/data-engineering-practice/ETL_Airflow_DBT/airflow/airflow_env/lib/python3.11/site-packages/airflow/example_dags/example_branch_python_dop_operator_3.py for tasks to queue
[2026-04-02T05:52:49.293+0530] {logging_mixin.py:188} INFO - [2026-04-02T05:52:49.293+0530] {dagbag.py:540} INFO - Filling up the DagBag from /Users/aswin/Documents/data-engineering-practice/ETL_Airflow_DBT/airflow/airflow_env/lib/python3.11/site-packages/airflow/example_dags/example_branch_python_dop_operator_3.py
[2026-04-02T05:52:49.309+0530] {processor.py:840} INFO - DAG(s) 'example_branch_dop_operator_v3' retrieved from /Users/aswin/Documents/data-engineering-practice/ETL_Airflow_DBT/airflow/airflow_env/lib/python3.11/site-packages/airflow/example_dags/example_branch_python_dop_operator_3.py
[2026-04-02T05:52:49.361+0530] {logging_mixin.py:188} INFO - [2026-04-02T05:52:49.361+0530] {dag.py:3096} INFO - Sync 1 DAGs
[2026-04-02T05:52:49.372+0530] {logging_mixin.py:188} INFO - [2026-04-02T05:52:49.372+0530] {dag.py:3954} INFO - Setting next_dagrun for example_branch_dop_operator_v3 to 2026-04-02 00:21:00+00:00, run_after=2026-04-02 00:22:00+00:00
[2026-04-02T05:52:49.380+0530] {processor.py:183} INFO - Processing /Users/aswin/Documents/data-engineering-practice/ETL_Airflow_DBT/airflow/airflow_env/lib/python3.11/site-packages/airflow/example_dags/example_branch_python_dop_operator_3.py took 0.090 seconds
[2026-04-02T05:53:20.156+0530] {processor.py:161} INFO - Started process (PID=24830) to work on /Users/aswin/Documents/data-engineering-practice/ETL_Airflow_DBT/airflow/airflow_env/lib/python3.11/site-packages/airflow/example_dags/example_branch_python_dop_operator_3.py
[2026-04-02T05:53:20.157+0530] {processor.py:830} INFO - Processing file /Users/aswin/Documents/data-engineering-practice/ETL_Airflow_DBT/airflow/airflow_env/lib/python3.11/site-packages/airflow/example_dags/example_branch_python_dop_operator_3.py for tasks to queue
[2026-04-02T05:53:20.157+0530] {logging_mixin.py:188} INFO - [2026-04-02T05:53:20.157+0530] {dagbag.py:540} INFO - Filling up the DagBag from /Users/aswin/Documents/data-engineering-practice/ETL_Airflow_DBT/airflow/airflow_env/lib/python3.11/site-packages/airflow/example_dags/example_branch_python_dop_operator_3.py
[2026-04-02T05:53:20.175+0530] {processor.py:840} INFO - DAG(s) 'example_branch_dop_operator_v3' retrieved from /Users/aswin/Documents/data-engineering-practice/ETL_Airflow_DBT/airflow/airflow_env/lib/python3.11/site-packages/airflow/example_dags/example_branch_python_dop_operator_3.py
[2026-04-02T05:53:20.231+0530] {logging_mixin.py:188} INFO - [2026-04-02T05:53:20.230+0530] {dag.py:3096} INFO - Sync 1 DAGs
[2026-04-02T05:53:20.246+0530] {logging_mixin.py:188} INFO - [2026-04-02T05:53:20.246+0530] {dag.py:3954} INFO - Setting next_dagrun for example_branch_dop_operator_v3 to 2026-04-02 00:22:00+00:00, run_after=2026-04-02 00:23:00+00:00
[2026-04-02T05:53:20.255+0530] {processor.py:183} INFO - Processing /Users/aswin/Documents/data-engineering-practice/ETL_Airflow_DBT/airflow/airflow_env/lib/python3.11/site-packages/airflow/example_dags/example_branch_python_dop_operator_3.py took 0.100 seconds
[2026-04-02T05:53:51.171+0530] {processor.py:161} INFO - Started process (PID=24964) to work on /Users/aswin/Documents/data-engineering-practice/ETL_Airflow_DBT/airflow/airflow_env/lib/python3.11/site-packages/airflow/example_dags/example_branch_python_dop_operator_3.py
[2026-04-02T05:53:51.171+0530] {processor.py:830} INFO - Processing file /Users/aswin/Documents/data-engineering-practice/ETL_Airflow_DBT/airflow/airflow_env/lib/python3.11/site-packages/airflow/example_dags/example_branch_python_dop_operator_3.py for tasks to queue
[2026-04-02T05:53:51.172+0530] {logging_mixin.py:188} INFO - [2026-04-02T05:53:51.171+0530] {dagbag.py:540} INFO - Filling up the DagBag from /Users/aswin/Documents/data-engineering-practice/ETL_Airflow_DBT/airflow/airflow_env/lib/python3.11/site-packages/airflow/example_dags/example_branch_python_dop_operator_3.py
[2026-04-02T05:53:51.188+0530] {processor.py:840} INFO - DAG(s) 'example_branch_dop_operator_v3' retrieved from /Users/aswin/Documents/data-engineering-practice/ETL_Airflow_DBT/airflow/airflow_env/lib/python3.11/site-packages/airflow/example_dags/example_branch_python_dop_operator_3.py
[2026-04-02T05:53:51.241+0530] {logging_mixin.py:188} INFO - [2026-04-02T05:53:51.241+0530] {dag.py:3096} INFO - Sync 1 DAGs
[2026-04-02T05:53:51.252+0530] {logging_mixin.py:188} INFO - [2026-04-02T05:53:51.252+0530] {dag.py:3954} INFO - Setting next_dagrun for example_branch_dop_operator_v3 to 2026-04-02 00:22:00+00:00, run_after=2026-04-02 00:23:00+00:00
[2026-04-02T05:53:51.262+0530] {processor.py:183} INFO - Processing /Users/aswin/Documents/data-engineering-practice/ETL_Airflow_DBT/airflow/airflow_env/lib/python3.11/site-packages/airflow/example_dags/example_branch_python_dop_operator_3.py took 0.093 seconds
[2026-04-02T05:54:23.050+0530] {processor.py:161} INFO - Started process (PID=25091) to work on /Users/aswin/Documents/data-engineering-practice/ETL_Airflow_DBT/airflow/airflow_env/lib/python3.11/site-packages/airflow/example_dags/example_branch_python_dop_operator_3.py
[2026-04-02T05:54:23.051+0530] {processor.py:830} INFO - Processing file /Users/aswin/Documents/data-engineering-practice/ETL_Airflow_DBT/airflow/airflow_env/lib/python3.11/site-packages/airflow/example_dags/example_branch_python_dop_operator_3.py for tasks to queue
[2026-04-02T05:54:23.051+0530] {logging_mixin.py:188} INFO - [2026-04-02T05:54:23.051+0530] {dagbag.py:540} INFO - Filling up the DagBag from /Users/aswin/Documents/data-engineering-practice/ETL_Airflow_DBT/airflow/airflow_env/lib/python3.11/site-packages/airflow/example_dags/example_branch_python_dop_operator_3.py
[2026-04-02T05:54:23.069+0530] {processor.py:840} INFO - DAG(s) 'example_branch_dop_operator_v3' retrieved from /Users/aswin/Documents/data-engineering-practice/ETL_Airflow_DBT/airflow/airflow_env/lib/python3.11/site-packages/airflow/example_dags/example_branch_python_dop_operator_3.py
[2026-04-02T05:54:23.125+0530] {logging_mixin.py:188} INFO - [2026-04-02T05:54:23.125+0530] {dag.py:3096} INFO - Sync 1 DAGs
[2026-04-02T05:54:23.136+0530] {logging_mixin.py:188} INFO - [2026-04-02T05:54:23.136+0530] {dag.py:3954} INFO - Setting next_dagrun for example_branch_dop_operator_v3 to 2026-04-02 00:23:00+00:00, run_after=2026-04-02 00:24:00+00:00
[2026-04-02T05:54:23.145+0530] {processor.py:183} INFO - Processing /Users/aswin/Documents/data-engineering-practice/ETL_Airflow_DBT/airflow/airflow_env/lib/python3.11/site-packages/airflow/example_dags/example_branch_python_dop_operator_3.py took 0.096 seconds
[2026-04-02T05:54:54.149+0530] {processor.py:161} INFO - Started process (PID=25225) to work on /Users/aswin/Documents/data-engineering-practice/ETL_Airflow_DBT/airflow/airflow_env/lib/python3.11/site-packages/airflow/example_dags/example_branch_python_dop_operator_3.py
[2026-04-02T05:54:54.150+0530] {processor.py:830} INFO - Processing file /Users/aswin/Documents/data-engineering-practice/ETL_Airflow_DBT/airflow/airflow_env/lib/python3.11/site-packages/airflow/example_dags/example_branch_python_dop_operator_3.py for tasks to queue
[2026-04-02T05:54:54.150+0530] {logging_mixin.py:188} INFO - [2026-04-02T05:54:54.150+0530] {dagbag.py:540} INFO - Filling up the DagBag from /Users/aswin/Documents/data-engineering-practice/ETL_Airflow_DBT/airflow/airflow_env/lib/python3.11/site-packages/airflow/example_dags/example_branch_python_dop_operator_3.py
[2026-04-02T05:54:54.166+0530] {processor.py:840} INFO - DAG(s) 'example_branch_dop_operator_v3' retrieved from /Users/aswin/Documents/data-engineering-practice/ETL_Airflow_DBT/airflow/airflow_env/lib/python3.11/site-packages/airflow/example_dags/example_branch_python_dop_operator_3.py
[2026-04-02T05:54:54.216+0530] {logging_mixin.py:188} INFO - [2026-04-02T05:54:54.216+0530] {dag.py:3096} INFO - Sync 1 DAGs
[2026-04-02T05:54:54.226+0530] {logging_mixin.py:188} INFO - [2026-04-02T05:54:54.226+0530] {dag.py:3954} INFO - Setting next_dagrun for example_branch_dop_operator_v3 to 2026-04-02 00:23:00+00:00, run_after=2026-04-02 00:24:00+00:00
[2026-04-02T05:54:54.235+0530] {processor.py:183} INFO - Processing /Users/aswin/Documents/data-engineering-practice/ETL_Airflow_DBT/airflow/airflow_env/lib/python3.11/site-packages/airflow/example_dags/example_branch_python_dop_operator_3.py took 0.087 seconds
[2026-04-02T05:55:25.243+0530] {processor.py:161} INFO - Started process (PID=25373) to work on /Users/aswin/Documents/data-engineering-practice/ETL_Airflow_DBT/airflow/airflow_env/lib/python3.11/site-packages/airflow/example_dags/example_branch_python_dop_operator_3.py
[2026-04-02T05:55:25.244+0530] {processor.py:830} INFO - Processing file /Users/aswin/Documents/data-engineering-practice/ETL_Airflow_DBT/airflow/airflow_env/lib/python3.11/site-packages/airflow/example_dags/example_branch_python_dop_operator_3.py for tasks to queue
[2026-04-02T05:55:25.244+0530] {logging_mixin.py:188} INFO - [2026-04-02T05:55:25.244+0530] {dagbag.py:540} INFO - Filling up the DagBag from /Users/aswin/Documents/data-engineering-practice/ETL_Airflow_DBT/airflow/airflow_env/lib/python3.11/site-packages/airflow/example_dags/example_branch_python_dop_operator_3.py
[2026-04-02T05:55:25.261+0530] {processor.py:840} INFO - DAG(s) 'example_branch_dop_operator_v3' retrieved from /Users/aswin/Documents/data-engineering-practice/ETL_Airflow_DBT/airflow/airflow_env/lib/python3.11/site-packages/airflow/example_dags/example_branch_python_dop_operator_3.py
[2026-04-02T05:55:25.313+0530] {logging_mixin.py:188} INFO - [2026-04-02T05:55:25.313+0530] {dag.py:3096} INFO - Sync 1 DAGs
[2026-04-02T05:55:25.324+0530] {logging_mixin.py:188} INFO - [2026-04-02T05:55:25.324+0530] {dag.py:3954} INFO - Setting next_dagrun for example_branch_dop_operator_v3 to 2026-04-02 00:24:00+00:00, run_after=2026-04-02 00:25:00+00:00
[2026-04-02T05:55:25.332+0530] {processor.py:183} INFO - Processing /Users/aswin/Documents/data-engineering-practice/ETL_Airflow_DBT/airflow/airflow_env/lib/python3.11/site-packages/airflow/example_dags/example_branch_python_dop_operator_3.py took 0.090 seconds
[2026-04-02T05:55:56.553+0530] {processor.py:161} INFO - Started process (PID=25531) to work on /Users/aswin/Documents/data-engineering-practice/ETL_Airflow_DBT/airflow/airflow_env/lib/python3.11/site-packages/airflow/example_dags/example_branch_python_dop_operator_3.py
[2026-04-02T05:55:56.554+0530] {processor.py:830} INFO - Processing file /Users/aswin/Documents/data-engineering-practice/ETL_Airflow_DBT/airflow/airflow_env/lib/python3.11/site-packages/airflow/example_dags/example_branch_python_dop_operator_3.py for tasks to queue
[2026-04-02T05:55:56.555+0530] {logging_mixin.py:188} INFO - [2026-04-02T05:55:56.554+0530] {dagbag.py:540} INFO - Filling up the DagBag from /Users/aswin/Documents/data-engineering-practice/ETL_Airflow_DBT/airflow/airflow_env/lib/python3.11/site-packages/airflow/example_dags/example_branch_python_dop_operator_3.py
[2026-04-02T05:55:56.571+0530] {processor.py:840} INFO - DAG(s) 'example_branch_dop_operator_v3' retrieved from /Users/aswin/Documents/data-engineering-practice/ETL_Airflow_DBT/airflow/airflow_env/lib/python3.11/site-packages/airflow/example_dags/example_branch_python_dop_operator_3.py
[2026-04-02T05:55:56.623+0530] {logging_mixin.py:188} INFO - [2026-04-02T05:55:56.623+0530] {dag.py:3096} INFO - Sync 1 DAGs
[2026-04-02T05:55:56.635+0530] {logging_mixin.py:188} INFO - [2026-04-02T05:55:56.635+0530] {dag.py:3954} INFO - Setting next_dagrun for example_branch_dop_operator_v3 to 2026-04-02 00:24:00+00:00, run_after=2026-04-02 00:25:00+00:00
[2026-04-02T05:55:56.643+0530] {processor.py:183} INFO - Processing /Users/aswin/Documents/data-engineering-practice/ETL_Airflow_DBT/airflow/airflow_env/lib/python3.11/site-packages/airflow/example_dags/example_branch_python_dop_operator_3.py took 0.091 seconds
[2026-04-02T05:56:27.749+0530] {processor.py:161} INFO - Started process (PID=25656) to work on /Users/aswin/Documents/data-engineering-practice/ETL_Airflow_DBT/airflow/airflow_env/lib/python3.11/site-packages/airflow/example_dags/example_branch_python_dop_operator_3.py
[2026-04-02T05:56:27.749+0530] {processor.py:830} INFO - Processing file /Users/aswin/Documents/data-engineering-practice/ETL_Airflow_DBT/airflow/airflow_env/lib/python3.11/site-packages/airflow/example_dags/example_branch_python_dop_operator_3.py for tasks to queue
[2026-04-02T05:56:27.750+0530] {logging_mixin.py:188} INFO - [2026-04-02T05:56:27.750+0530] {dagbag.py:540} INFO - Filling up the DagBag from /Users/aswin/Documents/data-engineering-practice/ETL_Airflow_DBT/airflow/airflow_env/lib/python3.11/site-packages/airflow/example_dags/example_branch_python_dop_operator_3.py
[2026-04-02T05:56:27.766+0530] {processor.py:840} INFO - DAG(s) 'example_branch_dop_operator_v3' retrieved from /Users/aswin/Documents/data-engineering-practice/ETL_Airflow_DBT/airflow/airflow_env/lib/python3.11/site-packages/airflow/example_dags/example_branch_python_dop_operator_3.py
[2026-04-02T05:56:27.822+0530] {logging_mixin.py:188} INFO - [2026-04-02T05:56:27.822+0530] {dag.py:3096} INFO - Sync 1 DAGs
[2026-04-02T05:56:27.833+0530] {logging_mixin.py:188} INFO - [2026-04-02T05:56:27.833+0530] {dag.py:3954} INFO - Setting next_dagrun for example_branch_dop_operator_v3 to 2026-04-02 00:25:00+00:00, run_after=2026-04-02 00:26:00+00:00
[2026-04-02T05:56:27.841+0530] {processor.py:183} INFO - Processing /Users/aswin/Documents/data-engineering-practice/ETL_Airflow_DBT/airflow/airflow_env/lib/python3.11/site-packages/airflow/example_dags/example_branch_python_dop_operator_3.py took 0.093 seconds
[2026-04-02T05:56:58.844+0530] {processor.py:161} INFO - Started process (PID=25780) to work on /Users/aswin/Documents/data-engineering-practice/ETL_Airflow_DBT/airflow/airflow_env/lib/python3.11/site-packages/airflow/example_dags/example_branch_python_dop_operator_3.py
[2026-04-02T05:56:58.845+0530] {processor.py:830} INFO - Processing file /Users/aswin/Documents/data-engineering-practice/ETL_Airflow_DBT/airflow/airflow_env/lib/python3.11/site-packages/airflow/example_dags/example_branch_python_dop_operator_3.py for tasks to queue
[2026-04-02T05:56:58.846+0530] {logging_mixin.py:188} INFO - [2026-04-02T05:56:58.846+0530] {dagbag.py:540} INFO - Filling up the DagBag from /Users/aswin/Documents/data-engineering-practice/ETL_Airflow_DBT/airflow/airflow_env/lib/python3.11/site-packages/airflow/example_dags/example_branch_python_dop_operator_3.py
[2026-04-02T05:56:58.862+0530] {processor.py:840} INFO - DAG(s) 'example_branch_dop_operator_v3' retrieved from /Users/aswin/Documents/data-engineering-practice/ETL_Airflow_DBT/airflow/airflow_env/lib/python3.11/site-packages/airflow/example_dags/example_branch_python_dop_operator_3.py
[2026-04-02T05:56:58.912+0530] {logging_mixin.py:188} INFO - [2026-04-02T05:56:58.912+0530] {dag.py:3096} INFO - Sync 1 DAGs
[2026-04-02T05:56:58.924+0530] {logging_mixin.py:188} INFO - [2026-04-02T05:56:58.924+0530] {dag.py:3954} INFO - Setting next_dagrun for example_branch_dop_operator_v3 to 2026-04-02 00:25:00+00:00, run_after=2026-04-02 00:26:00+00:00
[2026-04-02T05:56:58.933+0530] {processor.py:183} INFO - Processing /Users/aswin/Documents/data-engineering-practice/ETL_Airflow_DBT/airflow/airflow_env/lib/python3.11/site-packages/airflow/example_dags/example_branch_python_dop_operator_3.py took 0.090 seconds
[2026-04-02T05:57:29.959+0530] {processor.py:161} INFO - Started process (PID=25913) to work on /Users/aswin/Documents/data-engineering-practice/ETL_Airflow_DBT/airflow/airflow_env/lib/python3.11/site-packages/airflow/example_dags/example_branch_python_dop_operator_3.py
[2026-04-02T05:57:29.960+0530] {processor.py:830} INFO - Processing file /Users/aswin/Documents/data-engineering-practice/ETL_Airflow_DBT/airflow/airflow_env/lib/python3.11/site-packages/airflow/example_dags/example_branch_python_dop_operator_3.py for tasks to queue
[2026-04-02T05:57:29.960+0530] {logging_mixin.py:188} INFO - [2026-04-02T05:57:29.960+0530] {dagbag.py:540} INFO - Filling up the DagBag from /Users/aswin/Documents/data-engineering-practice/ETL_Airflow_DBT/airflow/airflow_env/lib/python3.11/site-packages/airflow/example_dags/example_branch_python_dop_operator_3.py
[2026-04-02T05:57:29.977+0530] {processor.py:840} INFO - DAG(s) 'example_branch_dop_operator_v3' retrieved from /Users/aswin/Documents/data-engineering-practice/ETL_Airflow_DBT/airflow/airflow_env/lib/python3.11/site-packages/airflow/example_dags/example_branch_python_dop_operator_3.py
[2026-04-02T05:57:30.030+0530] {logging_mixin.py:188} INFO - [2026-04-02T05:57:30.030+0530] {dag.py:3096} INFO - Sync 1 DAGs
[2026-04-02T05:57:30.041+0530] {logging_mixin.py:188} INFO - [2026-04-02T05:57:30.041+0530] {dag.py:3954} INFO - Setting next_dagrun for example_branch_dop_operator_v3 to 2026-04-02 00:26:00+00:00, run_after=2026-04-02 00:27:00+00:00
[2026-04-02T05:57:30.050+0530] {processor.py:183} INFO - Processing /Users/aswin/Documents/data-engineering-practice/ETL_Airflow_DBT/airflow/airflow_env/lib/python3.11/site-packages/airflow/example_dags/example_branch_python_dop_operator_3.py took 0.093 seconds
[2026-04-02T05:58:01.143+0530] {processor.py:161} INFO - Started process (PID=26038) to work on /Users/aswin/Documents/data-engineering-practice/ETL_Airflow_DBT/airflow/airflow_env/lib/python3.11/site-packages/airflow/example_dags/example_branch_python_dop_operator_3.py
[2026-04-02T05:58:01.144+0530] {processor.py:830} INFO - Processing file /Users/aswin/Documents/data-engineering-practice/ETL_Airflow_DBT/airflow/airflow_env/lib/python3.11/site-packages/airflow/example_dags/example_branch_python_dop_operator_3.py for tasks to queue
[2026-04-02T05:58:01.144+0530] {logging_mixin.py:188} INFO - [2026-04-02T05:58:01.144+0530] {dagbag.py:540} INFO - Filling up the DagBag from /Users/aswin/Documents/data-engineering-practice/ETL_Airflow_DBT/airflow/airflow_env/lib/python3.11/site-packages/airflow/example_dags/example_branch_python_dop_operator_3.py
[2026-04-02T05:58:01.161+0530] {processor.py:840} INFO - DAG(s) 'example_branch_dop_operator_v3' retrieved from /Users/aswin/Documents/data-engineering-practice/ETL_Airflow_DBT/airflow/airflow_env/lib/python3.11/site-packages/airflow/example_dags/example_branch_python_dop_operator_3.py
[2026-04-02T05:58:01.214+0530] {logging_mixin.py:188} INFO - [2026-04-02T05:58:01.214+0530] {dag.py:3096} INFO - Sync 1 DAGs
[2026-04-02T05:58:01.225+0530] {logging_mixin.py:188} INFO - [2026-04-02T05:58:01.225+0530] {dag.py:3954} INFO - Setting next_dagrun for example_branch_dop_operator_v3 to 2026-04-02 00:27:00+00:00, run_after=2026-04-02 00:28:00+00:00
[2026-04-02T05:58:01.234+0530] {processor.py:183} INFO - Processing /Users/aswin/Documents/data-engineering-practice/ETL_Airflow_DBT/airflow/airflow_env/lib/python3.11/site-packages/airflow/example_dags/example_branch_python_dop_operator_3.py took 0.093 seconds
[2026-04-02T05:58:32.263+0530] {processor.py:161} INFO - Started process (PID=26166) to work on /Users/aswin/Documents/data-engineering-practice/ETL_Airflow_DBT/airflow/airflow_env/lib/python3.11/site-packages/airflow/example_dags/example_branch_python_dop_operator_3.py
[2026-04-02T05:58:32.263+0530] {processor.py:830} INFO - Processing file /Users/aswin/Documents/data-engineering-practice/ETL_Airflow_DBT/airflow/airflow_env/lib/python3.11/site-packages/airflow/example_dags/example_branch_python_dop_operator_3.py for tasks to queue
[2026-04-02T05:58:32.263+0530] {logging_mixin.py:188} INFO - [2026-04-02T05:58:32.263+0530] {dagbag.py:540} INFO - Filling up the DagBag from /Users/aswin/Documents/data-engineering-practice/ETL_Airflow_DBT/airflow/airflow_env/lib/python3.11/site-packages/airflow/example_dags/example_branch_python_dop_operator_3.py
[2026-04-02T05:58:32.280+0530] {processor.py:840} INFO - DAG(s) 'example_branch_dop_operator_v3' retrieved from /Users/aswin/Documents/data-engineering-practice/ETL_Airflow_DBT/airflow/airflow_env/lib/python3.11/site-packages/airflow/example_dags/example_branch_python_dop_operator_3.py
[2026-04-02T05:58:32.335+0530] {logging_mixin.py:188} INFO - [2026-04-02T05:58:32.335+0530] {dag.py:3096} INFO - Sync 1 DAGs
[2026-04-02T05:58:32.345+0530] {logging_mixin.py:188} INFO - [2026-04-02T05:58:32.345+0530] {dag.py:3954} INFO - Setting next_dagrun for example_branch_dop_operator_v3 to 2026-04-02 00:27:00+00:00, run_after=2026-04-02 00:28:00+00:00
[2026-04-02T05:58:32.354+0530] {processor.py:183} INFO - Processing /Users/aswin/Documents/data-engineering-practice/ETL_Airflow_DBT/airflow/airflow_env/lib/python3.11/site-packages/airflow/example_dags/example_branch_python_dop_operator_3.py took 0.093 seconds
[2026-04-02T05:59:03.030+0530] {processor.py:161} INFO - Started process (PID=26290) to work on /Users/aswin/Documents/data-engineering-practice/ETL_Airflow_DBT/airflow/airflow_env/lib/python3.11/site-packages/airflow/example_dags/example_branch_python_dop_operator_3.py
[2026-04-02T05:59:03.031+0530] {processor.py:830} INFO - Processing file /Users/aswin/Documents/data-engineering-practice/ETL_Airflow_DBT/airflow/airflow_env/lib/python3.11/site-packages/airflow/example_dags/example_branch_python_dop_operator_3.py for tasks to queue
[2026-04-02T05:59:03.031+0530] {logging_mixin.py:188} INFO - [2026-04-02T05:59:03.031+0530] {dagbag.py:540} INFO - Filling up the DagBag from /Users/aswin/Documents/data-engineering-practice/ETL_Airflow_DBT/airflow/airflow_env/lib/python3.11/site-packages/airflow/example_dags/example_branch_python_dop_operator_3.py
[2026-04-02T05:59:03.048+0530] {processor.py:840} INFO - DAG(s) 'example_branch_dop_operator_v3' retrieved from /Users/aswin/Documents/data-engineering-practice/ETL_Airflow_DBT/airflow/airflow_env/lib/python3.11/site-packages/airflow/example_dags/example_branch_python_dop_operator_3.py
[2026-04-02T05:59:03.103+0530] {logging_mixin.py:188} INFO - [2026-04-02T05:59:03.103+0530] {dag.py:3096} INFO - Sync 1 DAGs
[2026-04-02T05:59:03.114+0530] {logging_mixin.py:188} INFO - [2026-04-02T05:59:03.114+0530] {dag.py:3954} INFO - Setting next_dagrun for example_branch_dop_operator_v3 to 2026-04-02 00:28:00+00:00, run_after=2026-04-02 00:29:00+00:00
[2026-04-02T05:59:03.124+0530] {processor.py:183} INFO - Processing /Users/aswin/Documents/data-engineering-practice/ETL_Airflow_DBT/airflow/airflow_env/lib/python3.11/site-packages/airflow/example_dags/example_branch_python_dop_operator_3.py took 0.095 seconds
[2026-04-02T05:59:34.615+0530] {processor.py:161} INFO - Started process (PID=26426) to work on /Users/aswin/Documents/data-engineering-practice/ETL_Airflow_DBT/airflow/airflow_env/lib/python3.11/site-packages/airflow/example_dags/example_branch_python_dop_operator_3.py
[2026-04-02T05:59:34.616+0530] {processor.py:830} INFO - Processing file /Users/aswin/Documents/data-engineering-practice/ETL_Airflow_DBT/airflow/airflow_env/lib/python3.11/site-packages/airflow/example_dags/example_branch_python_dop_operator_3.py for tasks to queue
[2026-04-02T05:59:34.616+0530] {logging_mixin.py:188} INFO - [2026-04-02T05:59:34.616+0530] {dagbag.py:540} INFO - Filling up the DagBag from /Users/aswin/Documents/data-engineering-practice/ETL_Airflow_DBT/airflow/airflow_env/lib/python3.11/site-packages/airflow/example_dags/example_branch_python_dop_operator_3.py
[2026-04-02T05:59:34.633+0530] {processor.py:840} INFO - DAG(s) 'example_branch_dop_operator_v3' retrieved from /Users/aswin/Documents/data-engineering-practice/ETL_Airflow_DBT/airflow/airflow_env/lib/python3.11/site-packages/airflow/example_dags/example_branch_python_dop_operator_3.py
[2026-04-02T05:59:34.691+0530] {logging_mixin.py:188} INFO - [2026-04-02T05:59:34.690+0530] {dag.py:3096} INFO - Sync 1 DAGs
[2026-04-02T05:59:34.702+0530] {logging_mixin.py:188} INFO - [2026-04-02T05:59:34.702+0530] {dag.py:3954} INFO - Setting next_dagrun for example_branch_dop_operator_v3 to 2026-04-02 00:28:00+00:00, run_after=2026-04-02 00:29:00+00:00
[2026-04-02T05:59:34.713+0530] {processor.py:183} INFO - Processing /Users/aswin/Documents/data-engineering-practice/ETL_Airflow_DBT/airflow/airflow_env/lib/python3.11/site-packages/airflow/example_dags/example_branch_python_dop_operator_3.py took 0.099 seconds
[2026-04-02T06:00:05.579+0530] {processor.py:161} INFO - Started process (PID=26552) to work on /Users/aswin/Documents/data-engineering-practice/ETL_Airflow_DBT/airflow/airflow_env/lib/python3.11/site-packages/airflow/example_dags/example_branch_python_dop_operator_3.py
[2026-04-02T06:00:05.580+0530] {processor.py:830} INFO - Processing file /Users/aswin/Documents/data-engineering-practice/ETL_Airflow_DBT/airflow/airflow_env/lib/python3.11/site-packages/airflow/example_dags/example_branch_python_dop_operator_3.py for tasks to queue
[2026-04-02T06:00:05.580+0530] {logging_mixin.py:188} INFO - [2026-04-02T06:00:05.580+0530] {dagbag.py:540} INFO - Filling up the DagBag from /Users/aswin/Documents/data-engineering-practice/ETL_Airflow_DBT/airflow/airflow_env/lib/python3.11/site-packages/airflow/example_dags/example_branch_python_dop_operator_3.py
[2026-04-02T06:00:05.596+0530] {processor.py:840} INFO - DAG(s) 'example_branch_dop_operator_v3' retrieved from /Users/aswin/Documents/data-engineering-practice/ETL_Airflow_DBT/airflow/airflow_env/lib/python3.11/site-packages/airflow/example_dags/example_branch_python_dop_operator_3.py
[2026-04-02T06:00:05.651+0530] {logging_mixin.py:188} INFO - [2026-04-02T06:00:05.651+0530] {dag.py:3096} INFO - Sync 1 DAGs
[2026-04-02T06:00:05.661+0530] {logging_mixin.py:188} INFO - [2026-04-02T06:00:05.661+0530] {dag.py:3954} INFO - Setting next_dagrun for example_branch_dop_operator_v3 to 2026-04-02 00:29:00+00:00, run_after=2026-04-02 00:30:00+00:00
[2026-04-02T06:00:05.669+0530] {processor.py:183} INFO - Processing /Users/aswin/Documents/data-engineering-practice/ETL_Airflow_DBT/airflow/airflow_env/lib/python3.11/site-packages/airflow/example_dags/example_branch_python_dop_operator_3.py took 0.092 seconds
[2026-04-02T06:00:37.500+0530] {processor.py:161} INFO - Started process (PID=26681) to work on /Users/aswin/Documents/data-engineering-practice/ETL_Airflow_DBT/airflow/airflow_env/lib/python3.11/site-packages/airflow/example_dags/example_branch_python_dop_operator_3.py
[2026-04-02T06:00:37.501+0530] {processor.py:830} INFO - Processing file /Users/aswin/Documents/data-engineering-practice/ETL_Airflow_DBT/airflow/airflow_env/lib/python3.11/site-packages/airflow/example_dags/example_branch_python_dop_operator_3.py for tasks to queue
[2026-04-02T06:00:37.501+0530] {logging_mixin.py:188} INFO - [2026-04-02T06:00:37.501+0530] {dagbag.py:540} INFO - Filling up the DagBag from /Users/aswin/Documents/data-engineering-practice/ETL_Airflow_DBT/airflow/airflow_env/lib/python3.11/site-packages/airflow/example_dags/example_branch_python_dop_operator_3.py
[2026-04-02T06:00:37.519+0530] {processor.py:840} INFO - DAG(s) 'example_branch_dop_operator_v3' retrieved from /Users/aswin/Documents/data-engineering-practice/ETL_Airflow_DBT/airflow/airflow_env/lib/python3.11/site-packages/airflow/example_dags/example_branch_python_dop_operator_3.py
[2026-04-02T06:00:37.569+0530] {logging_mixin.py:188} INFO - [2026-04-02T06:00:37.569+0530] {dag.py:3096} INFO - Sync 1 DAGs
[2026-04-02T06:00:37.579+0530] {logging_mixin.py:188} INFO - [2026-04-02T06:00:37.579+0530] {dag.py:3954} INFO - Setting next_dagrun for example_branch_dop_operator_v3 to 2026-04-02 00:29:00+00:00, run_after=2026-04-02 00:30:00+00:00
[2026-04-02T06:00:37.588+0530] {processor.py:183} INFO - Processing /Users/aswin/Documents/data-engineering-practice/ETL_Airflow_DBT/airflow/airflow_env/lib/python3.11/site-packages/airflow/example_dags/example_branch_python_dop_operator_3.py took 0.090 seconds
[2026-04-02T06:01:08.570+0530] {processor.py:161} INFO - Started process (PID=26813) to work on /Users/aswin/Documents/data-engineering-practice/ETL_Airflow_DBT/airflow/airflow_env/lib/python3.11/site-packages/airflow/example_dags/example_branch_python_dop_operator_3.py
[2026-04-02T06:01:08.572+0530] {processor.py:830} INFO - Processing file /Users/aswin/Documents/data-engineering-practice/ETL_Airflow_DBT/airflow/airflow_env/lib/python3.11/site-packages/airflow/example_dags/example_branch_python_dop_operator_3.py for tasks to queue
[2026-04-02T06:01:08.572+0530] {logging_mixin.py:188} INFO - [2026-04-02T06:01:08.572+0530] {dagbag.py:540} INFO - Filling up the DagBag from /Users/aswin/Documents/data-engineering-practice/ETL_Airflow_DBT/airflow/airflow_env/lib/python3.11/site-packages/airflow/example_dags/example_branch_python_dop_operator_3.py
[2026-04-02T06:01:08.591+0530] {processor.py:840} INFO - DAG(s) 'example_branch_dop_operator_v3' retrieved from /Users/aswin/Documents/data-engineering-practice/ETL_Airflow_DBT/airflow/airflow_env/lib/python3.11/site-packages/airflow/example_dags/example_branch_python_dop_operator_3.py
[2026-04-02T06:01:08.644+0530] {logging_mixin.py:188} INFO - [2026-04-02T06:01:08.644+0530] {dag.py:3096} INFO - Sync 1 DAGs
[2026-04-02T06:01:08.656+0530] {logging_mixin.py:188} INFO - [2026-04-02T06:01:08.656+0530] {dag.py:3954} INFO - Setting next_dagrun for example_branch_dop_operator_v3 to 2026-04-02 00:30:00+00:00, run_after=2026-04-02 00:31:00+00:00
[2026-04-02T06:01:08.666+0530] {processor.py:183} INFO - Processing /Users/aswin/Documents/data-engineering-practice/ETL_Airflow_DBT/airflow/airflow_env/lib/python3.11/site-packages/airflow/example_dags/example_branch_python_dop_operator_3.py took 0.097 seconds
[2026-04-02T06:01:39.736+0530] {processor.py:161} INFO - Started process (PID=26939) to work on /Users/aswin/Documents/data-engineering-practice/ETL_Airflow_DBT/airflow/airflow_env/lib/python3.11/site-packages/airflow/example_dags/example_branch_python_dop_operator_3.py
[2026-04-02T06:01:39.736+0530] {processor.py:830} INFO - Processing file /Users/aswin/Documents/data-engineering-practice/ETL_Airflow_DBT/airflow/airflow_env/lib/python3.11/site-packages/airflow/example_dags/example_branch_python_dop_operator_3.py for tasks to queue
[2026-04-02T06:01:39.736+0530] {logging_mixin.py:188} INFO - [2026-04-02T06:01:39.736+0530] {dagbag.py:540} INFO - Filling up the DagBag from /Users/aswin/Documents/data-engineering-practice/ETL_Airflow_DBT/airflow/airflow_env/lib/python3.11/site-packages/airflow/example_dags/example_branch_python_dop_operator_3.py
[2026-04-02T06:01:39.755+0530] {processor.py:840} INFO - DAG(s) 'example_branch_dop_operator_v3' retrieved from /Users/aswin/Documents/data-engineering-practice/ETL_Airflow_DBT/airflow/airflow_env/lib/python3.11/site-packages/airflow/example_dags/example_branch_python_dop_operator_3.py
[2026-04-02T06:01:39.808+0530] {logging_mixin.py:188} INFO - [2026-04-02T06:01:39.808+0530] {dag.py:3096} INFO - Sync 1 DAGs
[2026-04-02T06:01:39.821+0530] {logging_mixin.py:188} INFO - [2026-04-02T06:01:39.821+0530] {dag.py:3954} INFO - Setting next_dagrun for example_branch_dop_operator_v3 to 2026-04-02 00:30:00+00:00, run_after=2026-04-02 00:31:00+00:00
[2026-04-02T06:01:39.830+0530] {processor.py:183} INFO - Processing /Users/aswin/Documents/data-engineering-practice/ETL_Airflow_DBT/airflow/airflow_env/lib/python3.11/site-packages/airflow/example_dags/example_branch_python_dop_operator_3.py took 0.096 seconds
[2026-04-02T06:02:11.180+0530] {processor.py:161} INFO - Started process (PID=27081) to work on /Users/aswin/Documents/data-engineering-practice/ETL_Airflow_DBT/airflow/airflow_env/lib/python3.11/site-packages/airflow/example_dags/example_branch_python_dop_operator_3.py
[2026-04-02T06:02:11.181+0530] {processor.py:830} INFO - Processing file /Users/aswin/Documents/data-engineering-practice/ETL_Airflow_DBT/airflow/airflow_env/lib/python3.11/site-packages/airflow/example_dags/example_branch_python_dop_operator_3.py for tasks to queue
[2026-04-02T06:02:11.181+0530] {logging_mixin.py:188} INFO - [2026-04-02T06:02:11.181+0530] {dagbag.py:540} INFO - Filling up the DagBag from /Users/aswin/Documents/data-engineering-practice/ETL_Airflow_DBT/airflow/airflow_env/lib/python3.11/site-packages/airflow/example_dags/example_branch_python_dop_operator_3.py
[2026-04-02T06:02:11.198+0530] {processor.py:840} INFO - DAG(s) 'example_branch_dop_operator_v3' retrieved from /Users/aswin/Documents/data-engineering-practice/ETL_Airflow_DBT/airflow/airflow_env/lib/python3.11/site-packages/airflow/example_dags/example_branch_python_dop_operator_3.py
[2026-04-02T06:02:11.251+0530] {logging_mixin.py:188} INFO - [2026-04-02T06:02:11.251+0530] {dag.py:3096} INFO - Sync 1 DAGs
[2026-04-02T06:02:11.264+0530] {logging_mixin.py:188} INFO - [2026-04-02T06:02:11.264+0530] {dag.py:3954} INFO - Setting next_dagrun for example_branch_dop_operator_v3 to 2026-04-02 00:31:00+00:00, run_after=2026-04-02 00:32:00+00:00
[2026-04-02T06:02:11.273+0530] {processor.py:183} INFO - Processing /Users/aswin/Documents/data-engineering-practice/ETL_Airflow_DBT/airflow/airflow_env/lib/python3.11/site-packages/airflow/example_dags/example_branch_python_dop_operator_3.py took 0.095 seconds
[2026-04-02T06:02:42.035+0530] {processor.py:161} INFO - Started process (PID=27205) to work on /Users/aswin/Documents/data-engineering-practice/ETL_Airflow_DBT/airflow/airflow_env/lib/python3.11/site-packages/airflow/example_dags/example_branch_python_dop_operator_3.py
[2026-04-02T06:02:42.035+0530] {processor.py:830} INFO - Processing file /Users/aswin/Documents/data-engineering-practice/ETL_Airflow_DBT/airflow/airflow_env/lib/python3.11/site-packages/airflow/example_dags/example_branch_python_dop_operator_3.py for tasks to queue
[2026-04-02T06:02:42.036+0530] {logging_mixin.py:188} INFO - [2026-04-02T06:02:42.036+0530] {dagbag.py:540} INFO - Filling up the DagBag from /Users/aswin/Documents/data-engineering-practice/ETL_Airflow_DBT/airflow/airflow_env/lib/python3.11/site-packages/airflow/example_dags/example_branch_python_dop_operator_3.py
[2026-04-02T06:02:42.052+0530] {processor.py:840} INFO - DAG(s) 'example_branch_dop_operator_v3' retrieved from /Users/aswin/Documents/data-engineering-practice/ETL_Airflow_DBT/airflow/airflow_env/lib/python3.11/site-packages/airflow/example_dags/example_branch_python_dop_operator_3.py
[2026-04-02T06:02:42.102+0530] {logging_mixin.py:188} INFO - [2026-04-02T06:02:42.102+0530] {dag.py:3096} INFO - Sync 1 DAGs
[2026-04-02T06:02:42.116+0530] {logging_mixin.py:188} INFO - [2026-04-02T06:02:42.116+0530] {dag.py:3954} INFO - Setting next_dagrun for example_branch_dop_operator_v3 to 2026-04-02 00:31:00+00:00, run_after=2026-04-02 00:32:00+00:00
[2026-04-02T06:02:42.126+0530] {processor.py:183} INFO - Processing /Users/aswin/Documents/data-engineering-practice/ETL_Airflow_DBT/airflow/airflow_env/lib/python3.11/site-packages/airflow/example_dags/example_branch_python_dop_operator_3.py took 0.092 seconds
[2026-04-02T06:03:13.087+0530] {processor.py:161} INFO - Started process (PID=27330) to work on /Users/aswin/Documents/data-engineering-practice/ETL_Airflow_DBT/airflow/airflow_env/lib/python3.11/site-packages/airflow/example_dags/example_branch_python_dop_operator_3.py
[2026-04-02T06:03:13.088+0530] {processor.py:830} INFO - Processing file /Users/aswin/Documents/data-engineering-practice/ETL_Airflow_DBT/airflow/airflow_env/lib/python3.11/site-packages/airflow/example_dags/example_branch_python_dop_operator_3.py for tasks to queue
[2026-04-02T06:03:13.088+0530] {logging_mixin.py:188} INFO - [2026-04-02T06:03:13.088+0530] {dagbag.py:540} INFO - Filling up the DagBag from /Users/aswin/Documents/data-engineering-practice/ETL_Airflow_DBT/airflow/airflow_env/lib/python3.11/site-packages/airflow/example_dags/example_branch_python_dop_operator_3.py
[2026-04-02T06:03:13.105+0530] {processor.py:840} INFO - DAG(s) 'example_branch_dop_operator_v3' retrieved from /Users/aswin/Documents/data-engineering-practice/ETL_Airflow_DBT/airflow/airflow_env/lib/python3.11/site-packages/airflow/example_dags/example_branch_python_dop_operator_3.py
[2026-04-02T06:03:13.158+0530] {logging_mixin.py:188} INFO - [2026-04-02T06:03:13.158+0530] {dag.py:3096} INFO - Sync 1 DAGs
[2026-04-02T06:03:13.168+0530] {logging_mixin.py:188} INFO - [2026-04-02T06:03:13.168+0530] {dag.py:3954} INFO - Setting next_dagrun for example_branch_dop_operator_v3 to 2026-04-02 00:32:00+00:00, run_after=2026-04-02 00:33:00+00:00
[2026-04-02T06:03:13.178+0530] {processor.py:183} INFO - Processing /Users/aswin/Documents/data-engineering-practice/ETL_Airflow_DBT/airflow/airflow_env/lib/python3.11/site-packages/airflow/example_dags/example_branch_python_dop_operator_3.py took 0.092 seconds
[2026-04-02T06:03:44.085+0530] {processor.py:161} INFO - Started process (PID=27457) to work on /Users/aswin/Documents/data-engineering-practice/ETL_Airflow_DBT/airflow/airflow_env/lib/python3.11/site-packages/airflow/example_dags/example_branch_python_dop_operator_3.py
[2026-04-02T06:03:44.087+0530] {processor.py:830} INFO - Processing file /Users/aswin/Documents/data-engineering-practice/ETL_Airflow_DBT/airflow/airflow_env/lib/python3.11/site-packages/airflow/example_dags/example_branch_python_dop_operator_3.py for tasks to queue
[2026-04-02T06:03:44.087+0530] {logging_mixin.py:188} INFO - [2026-04-02T06:03:44.087+0530] {dagbag.py:540} INFO - Filling up the DagBag from /Users/aswin/Documents/data-engineering-practice/ETL_Airflow_DBT/airflow/airflow_env/lib/python3.11/site-packages/airflow/example_dags/example_branch_python_dop_operator_3.py
[2026-04-02T06:03:44.103+0530] {processor.py:840} INFO - DAG(s) 'example_branch_dop_operator_v3' retrieved from /Users/aswin/Documents/data-engineering-practice/ETL_Airflow_DBT/airflow/airflow_env/lib/python3.11/site-packages/airflow/example_dags/example_branch_python_dop_operator_3.py
[2026-04-02T06:03:44.155+0530] {logging_mixin.py:188} INFO - [2026-04-02T06:03:44.155+0530] {dag.py:3096} INFO - Sync 1 DAGs
[2026-04-02T06:03:44.165+0530] {logging_mixin.py:188} INFO - [2026-04-02T06:03:44.165+0530] {dag.py:3954} INFO - Setting next_dagrun for example_branch_dop_operator_v3 to 2026-04-02 00:32:00+00:00, run_after=2026-04-02 00:33:00+00:00
[2026-04-02T06:03:44.173+0530] {processor.py:183} INFO - Processing /Users/aswin/Documents/data-engineering-practice/ETL_Airflow_DBT/airflow/airflow_env/lib/python3.11/site-packages/airflow/example_dags/example_branch_python_dop_operator_3.py took 0.089 seconds
[2026-04-02T06:04:15.176+0530] {processor.py:161} INFO - Started process (PID=27582) to work on /Users/aswin/Documents/data-engineering-practice/ETL_Airflow_DBT/airflow/airflow_env/lib/python3.11/site-packages/airflow/example_dags/example_branch_python_dop_operator_3.py
[2026-04-02T06:04:15.177+0530] {processor.py:830} INFO - Processing file /Users/aswin/Documents/data-engineering-practice/ETL_Airflow_DBT/airflow/airflow_env/lib/python3.11/site-packages/airflow/example_dags/example_branch_python_dop_operator_3.py for tasks to queue
[2026-04-02T06:04:15.177+0530] {logging_mixin.py:188} INFO - [2026-04-02T06:04:15.177+0530] {dagbag.py:540} INFO - Filling up the DagBag from /Users/aswin/Documents/data-engineering-practice/ETL_Airflow_DBT/airflow/airflow_env/lib/python3.11/site-packages/airflow/example_dags/example_branch_python_dop_operator_3.py
[2026-04-02T06:04:15.193+0530] {processor.py:840} INFO - DAG(s) 'example_branch_dop_operator_v3' retrieved from /Users/aswin/Documents/data-engineering-practice/ETL_Airflow_DBT/airflow/airflow_env/lib/python3.11/site-packages/airflow/example_dags/example_branch_python_dop_operator_3.py
[2026-04-02T06:04:15.245+0530] {logging_mixin.py:188} INFO - [2026-04-02T06:04:15.244+0530] {dag.py:3096} INFO - Sync 1 DAGs
[2026-04-02T06:04:15.257+0530] {logging_mixin.py:188} INFO - [2026-04-02T06:04:15.257+0530] {dag.py:3954} INFO - Setting next_dagrun for example_branch_dop_operator_v3 to 2026-04-02 00:33:00+00:00, run_after=2026-04-02 00:34:00+00:00
[2026-04-02T06:04:15.266+0530] {processor.py:183} INFO - Processing /Users/aswin/Documents/data-engineering-practice/ETL_Airflow_DBT/airflow/airflow_env/lib/python3.11/site-packages/airflow/example_dags/example_branch_python_dop_operator_3.py took 0.091 seconds
[2026-04-02T06:04:46.731+0530] {processor.py:161} INFO - Started process (PID=27735) to work on /Users/aswin/Documents/data-engineering-practice/ETL_Airflow_DBT/airflow/airflow_env/lib/python3.11/site-packages/airflow/example_dags/example_branch_python_dop_operator_3.py
[2026-04-02T06:04:46.732+0530] {processor.py:830} INFO - Processing file /Users/aswin/Documents/data-engineering-practice/ETL_Airflow_DBT/airflow/airflow_env/lib/python3.11/site-packages/airflow/example_dags/example_branch_python_dop_operator_3.py for tasks to queue
[2026-04-02T06:04:46.733+0530] {logging_mixin.py:188} INFO - [2026-04-02T06:04:46.733+0530] {dagbag.py:540} INFO - Filling up the DagBag from /Users/aswin/Documents/data-engineering-practice/ETL_Airflow_DBT/airflow/airflow_env/lib/python3.11/site-packages/airflow/example_dags/example_branch_python_dop_operator_3.py
[2026-04-02T06:04:46.749+0530] {processor.py:840} INFO - DAG(s) 'example_branch_dop_operator_v3' retrieved from /Users/aswin/Documents/data-engineering-practice/ETL_Airflow_DBT/airflow/airflow_env/lib/python3.11/site-packages/airflow/example_dags/example_branch_python_dop_operator_3.py
[2026-04-02T06:04:46.799+0530] {logging_mixin.py:188} INFO - [2026-04-02T06:04:46.799+0530] {dag.py:3096} INFO - Sync 1 DAGs
[2026-04-02T06:04:46.812+0530] {logging_mixin.py:188} INFO - [2026-04-02T06:04:46.812+0530] {dag.py:3954} INFO - Setting next_dagrun for example_branch_dop_operator_v3 to 2026-04-02 00:33:00+00:00, run_after=2026-04-02 00:34:00+00:00
[2026-04-02T06:04:46.820+0530] {processor.py:183} INFO - Processing /Users/aswin/Documents/data-engineering-practice/ETL_Airflow_DBT/airflow/airflow_env/lib/python3.11/site-packages/airflow/example_dags/example_branch_python_dop_operator_3.py took 0.090 seconds
[2026-04-02T06:05:17.551+0530] {processor.py:161} INFO - Started process (PID=27871) to work on /Users/aswin/Documents/data-engineering-practice/ETL_Airflow_DBT/airflow/airflow_env/lib/python3.11/site-packages/airflow/example_dags/example_branch_python_dop_operator_3.py
[2026-04-02T06:05:17.552+0530] {processor.py:830} INFO - Processing file /Users/aswin/Documents/data-engineering-practice/ETL_Airflow_DBT/airflow/airflow_env/lib/python3.11/site-packages/airflow/example_dags/example_branch_python_dop_operator_3.py for tasks to queue
[2026-04-02T06:05:17.552+0530] {logging_mixin.py:188} INFO - [2026-04-02T06:05:17.552+0530] {dagbag.py:540} INFO - Filling up the DagBag from /Users/aswin/Documents/data-engineering-practice/ETL_Airflow_DBT/airflow/airflow_env/lib/python3.11/site-packages/airflow/example_dags/example_branch_python_dop_operator_3.py
[2026-04-02T06:05:17.569+0530] {processor.py:840} INFO - DAG(s) 'example_branch_dop_operator_v3' retrieved from /Users/aswin/Documents/data-engineering-practice/ETL_Airflow_DBT/airflow/airflow_env/lib/python3.11/site-packages/airflow/example_dags/example_branch_python_dop_operator_3.py
[2026-04-02T06:05:17.620+0530] {logging_mixin.py:188} INFO - [2026-04-02T06:05:17.620+0530] {dag.py:3096} INFO - Sync 1 DAGs
[2026-04-02T06:05:17.631+0530] {logging_mixin.py:188} INFO - [2026-04-02T06:05:17.631+0530] {dag.py:3954} INFO - Setting next_dagrun for example_branch_dop_operator_v3 to 2026-04-02 00:34:00+00:00, run_after=2026-04-02 00:35:00+00:00
[2026-04-02T06:05:17.640+0530] {processor.py:183} INFO - Processing /Users/aswin/Documents/data-engineering-practice/ETL_Airflow_DBT/airflow/airflow_env/lib/python3.11/site-packages/airflow/example_dags/example_branch_python_dop_operator_3.py took 0.090 seconds
[2026-04-02T06:05:48.949+0530] {processor.py:161} INFO - Started process (PID=28008) to work on /Users/aswin/Documents/data-engineering-practice/ETL_Airflow_DBT/airflow/airflow_env/lib/python3.11/site-packages/airflow/example_dags/example_branch_python_dop_operator_3.py
[2026-04-02T06:05:48.949+0530] {processor.py:830} INFO - Processing file /Users/aswin/Documents/data-engineering-practice/ETL_Airflow_DBT/airflow/airflow_env/lib/python3.11/site-packages/airflow/example_dags/example_branch_python_dop_operator_3.py for tasks to queue
[2026-04-02T06:05:48.949+0530] {logging_mixin.py:188} INFO - [2026-04-02T06:05:48.949+0530] {dagbag.py:540} INFO - Filling up the DagBag from /Users/aswin/Documents/data-engineering-practice/ETL_Airflow_DBT/airflow/airflow_env/lib/python3.11/site-packages/airflow/example_dags/example_branch_python_dop_operator_3.py
[2026-04-02T06:05:48.966+0530] {processor.py:840} INFO - DAG(s) 'example_branch_dop_operator_v3' retrieved from /Users/aswin/Documents/data-engineering-practice/ETL_Airflow_DBT/airflow/airflow_env/lib/python3.11/site-packages/airflow/example_dags/example_branch_python_dop_operator_3.py
[2026-04-02T06:05:49.018+0530] {logging_mixin.py:188} INFO - [2026-04-02T06:05:49.018+0530] {dag.py:3096} INFO - Sync 1 DAGs
[2026-04-02T06:05:49.029+0530] {logging_mixin.py:188} INFO - [2026-04-02T06:05:49.028+0530] {dag.py:3954} INFO - Setting next_dagrun for example_branch_dop_operator_v3 to 2026-04-02 00:34:00+00:00, run_after=2026-04-02 00:35:00+00:00
[2026-04-02T06:05:49.037+0530] {processor.py:183} INFO - Processing /Users/aswin/Documents/data-engineering-practice/ETL_Airflow_DBT/airflow/airflow_env/lib/python3.11/site-packages/airflow/example_dags/example_branch_python_dop_operator_3.py took 0.090 seconds
[2026-04-02T06:06:19.777+0530] {processor.py:161} INFO - Started process (PID=28148) to work on /Users/aswin/Documents/data-engineering-practice/ETL_Airflow_DBT/airflow/airflow_env/lib/python3.11/site-packages/airflow/example_dags/example_branch_python_dop_operator_3.py
[2026-04-02T06:06:19.777+0530] {processor.py:830} INFO - Processing file /Users/aswin/Documents/data-engineering-practice/ETL_Airflow_DBT/airflow/airflow_env/lib/python3.11/site-packages/airflow/example_dags/example_branch_python_dop_operator_3.py for tasks to queue
[2026-04-02T06:06:19.778+0530] {logging_mixin.py:188} INFO - [2026-04-02T06:06:19.778+0530] {dagbag.py:540} INFO - Filling up the DagBag from /Users/aswin/Documents/data-engineering-practice/ETL_Airflow_DBT/airflow/airflow_env/lib/python3.11/site-packages/airflow/example_dags/example_branch_python_dop_operator_3.py
[2026-04-02T06:06:19.794+0530] {processor.py:840} INFO - DAG(s) 'example_branch_dop_operator_v3' retrieved from /Users/aswin/Documents/data-engineering-practice/ETL_Airflow_DBT/airflow/airflow_env/lib/python3.11/site-packages/airflow/example_dags/example_branch_python_dop_operator_3.py
[2026-04-02T06:06:19.845+0530] {logging_mixin.py:188} INFO - [2026-04-02T06:06:19.844+0530] {dag.py:3096} INFO - Sync 1 DAGs
[2026-04-02T06:06:19.857+0530] {logging_mixin.py:188} INFO - [2026-04-02T06:06:19.857+0530] {dag.py:3954} INFO - Setting next_dagrun for example_branch_dop_operator_v3 to 2026-04-02 00:35:00+00:00, run_after=2026-04-02 00:36:00+00:00
[2026-04-02T06:06:19.866+0530] {processor.py:183} INFO - Processing /Users/aswin/Documents/data-engineering-practice/ETL_Airflow_DBT/airflow/airflow_env/lib/python3.11/site-packages/airflow/example_dags/example_branch_python_dop_operator_3.py took 0.090 seconds
[2026-04-02T06:06:50.992+0530] {processor.py:161} INFO - Started process (PID=28270) to work on /Users/aswin/Documents/data-engineering-practice/ETL_Airflow_DBT/airflow/airflow_env/lib/python3.11/site-packages/airflow/example_dags/example_branch_python_dop_operator_3.py
[2026-04-02T06:06:50.992+0530] {processor.py:830} INFO - Processing file /Users/aswin/Documents/data-engineering-practice/ETL_Airflow_DBT/airflow/airflow_env/lib/python3.11/site-packages/airflow/example_dags/example_branch_python_dop_operator_3.py for tasks to queue
[2026-04-02T06:06:50.993+0530] {logging_mixin.py:188} INFO - [2026-04-02T06:06:50.992+0530] {dagbag.py:540} INFO - Filling up the DagBag from /Users/aswin/Documents/data-engineering-practice/ETL_Airflow_DBT/airflow/airflow_env/lib/python3.11/site-packages/airflow/example_dags/example_branch_python_dop_operator_3.py
[2026-04-02T06:06:51.009+0530] {processor.py:840} INFO - DAG(s) 'example_branch_dop_operator_v3' retrieved from /Users/aswin/Documents/data-engineering-practice/ETL_Airflow_DBT/airflow/airflow_env/lib/python3.11/site-packages/airflow/example_dags/example_branch_python_dop_operator_3.py
[2026-04-02T06:06:51.062+0530] {logging_mixin.py:188} INFO - [2026-04-02T06:06:51.062+0530] {dag.py:3096} INFO - Sync 1 DAGs
[2026-04-02T06:06:51.074+0530] {logging_mixin.py:188} INFO - [2026-04-02T06:06:51.074+0530] {dag.py:3954} INFO - Setting next_dagrun for example_branch_dop_operator_v3 to 2026-04-02 00:35:00+00:00, run_after=2026-04-02 00:36:00+00:00
[2026-04-02T06:06:51.083+0530] {processor.py:183} INFO - Processing /Users/aswin/Documents/data-engineering-practice/ETL_Airflow_DBT/airflow/airflow_env/lib/python3.11/site-packages/airflow/example_dags/example_branch_python_dop_operator_3.py took 0.092 seconds
