[2026-04-02T05:38:08.322+0530] {processor.py:161} INFO - Started process (PID=21159) to work on /Users/aswin/Documents/data-engineering-practice/ETL_Airflow_DBT/airflow/airflow_env/lib/python3.11/site-packages/airflow/example_dags/example_sensor_decorator.py
[2026-04-02T05:38:08.322+0530] {processor.py:830} INFO - Processing file /Users/aswin/Documents/data-engineering-practice/ETL_Airflow_DBT/airflow/airflow_env/lib/python3.11/site-packages/airflow/example_dags/example_sensor_decorator.py for tasks to queue
[2026-04-02T05:38:08.322+0530] {logging_mixin.py:188} INFO - [2026-04-02T05:38:08.322+0530] {dagbag.py:540} INFO - Filling up the DagBag from /Users/aswin/Documents/data-engineering-practice/ETL_Airflow_DBT/airflow/airflow_env/lib/python3.11/site-packages/airflow/example_dags/example_sensor_decorator.py
[2026-04-02T05:38:08.338+0530] {processor.py:840} INFO - DAG(s) 'example_sensor_decorator' retrieved from /Users/aswin/Documents/data-engineering-practice/ETL_Airflow_DBT/airflow/airflow_env/lib/python3.11/site-packages/airflow/example_dags/example_sensor_decorator.py
[2026-04-02T05:38:08.392+0530] {logging_mixin.py:188} INFO - [2026-04-02T05:38:08.392+0530] {dag.py:3096} INFO - Sync 1 DAGs
[2026-04-02T05:38:08.397+0530] {logging_mixin.py:188} INFO - [2026-04-02T05:38:08.397+0530] {dag.py:3954} INFO - Setting next_dagrun for example_sensor_decorator to None, run_after=None
[2026-04-02T05:38:08.407+0530] {processor.py:183} INFO - Processing /Users/aswin/Documents/data-engineering-practice/ETL_Airflow_DBT/airflow/airflow_env/lib/python3.11/site-packages/airflow/example_dags/example_sensor_decorator.py took 0.086 seconds
[2026-04-02T05:38:39.553+0530] {processor.py:161} INFO - Started process (PID=21285) to work on /Users/aswin/Documents/data-engineering-practice/ETL_Airflow_DBT/airflow/airflow_env/lib/python3.11/site-packages/airflow/example_dags/example_sensor_decorator.py
[2026-04-02T05:38:39.554+0530] {processor.py:830} INFO - Processing file /Users/aswin/Documents/data-engineering-practice/ETL_Airflow_DBT/airflow/airflow_env/lib/python3.11/site-packages/airflow/example_dags/example_sensor_decorator.py for tasks to queue
[2026-04-02T05:38:39.554+0530] {logging_mixin.py:188} INFO - [2026-04-02T05:38:39.554+0530] {dagbag.py:540} INFO - Filling up the DagBag from /Users/aswin/Documents/data-engineering-practice/ETL_Airflow_DBT/airflow/airflow_env/lib/python3.11/site-packages/airflow/example_dags/example_sensor_decorator.py
[2026-04-02T05:38:39.569+0530] {processor.py:840} INFO - DAG(s) 'example_sensor_decorator' retrieved from /Users/aswin/Documents/data-engineering-practice/ETL_Airflow_DBT/airflow/airflow_env/lib/python3.11/site-packages/airflow/example_dags/example_sensor_decorator.py
[2026-04-02T05:38:39.624+0530] {logging_mixin.py:188} INFO - [2026-04-02T05:38:39.624+0530] {dag.py:3096} INFO - Sync 1 DAGs
[2026-04-02T05:38:39.629+0530] {logging_mixin.py:188} INFO - [2026-04-02T05:38:39.629+0530] {dag.py:3954} INFO - Setting next_dagrun for example_sensor_decorator to None, run_after=None
[2026-04-02T05:38:39.637+0530] {processor.py:183} INFO - Processing /Users/aswin/Documents/data-engineering-practice/ETL_Airflow_DBT/airflow/airflow_env/lib/python3.11/site-packages/airflow/example_dags/example_sensor_decorator.py took 0.085 seconds
[2026-04-02T05:39:10.746+0530] {processor.py:161} INFO - Started process (PID=21410) to work on /Users/aswin/Documents/data-engineering-practice/ETL_Airflow_DBT/airflow/airflow_env/lib/python3.11/site-packages/airflow/example_dags/example_sensor_decorator.py
[2026-04-02T05:39:10.746+0530] {processor.py:830} INFO - Processing file /Users/aswin/Documents/data-engineering-practice/ETL_Airflow_DBT/airflow/airflow_env/lib/python3.11/site-packages/airflow/example_dags/example_sensor_decorator.py for tasks to queue
[2026-04-02T05:39:10.746+0530] {logging_mixin.py:188} INFO - [2026-04-02T05:39:10.746+0530] {dagbag.py:540} INFO - Filling up the DagBag from /Users/aswin/Documents/data-engineering-practice/ETL_Airflow_DBT/airflow/airflow_env/lib/python3.11/site-packages/airflow/example_dags/example_sensor_decorator.py
[2026-04-02T05:39:10.762+0530] {processor.py:840} INFO - DAG(s) 'example_sensor_decorator' retrieved from /Users/aswin/Documents/data-engineering-practice/ETL_Airflow_DBT/airflow/airflow_env/lib/python3.11/site-packages/airflow/example_dags/example_sensor_decorator.py
[2026-04-02T05:39:10.821+0530] {logging_mixin.py:188} INFO - [2026-04-02T05:39:10.820+0530] {dag.py:3096} INFO - Sync 1 DAGs
[2026-04-02T05:39:10.826+0530] {logging_mixin.py:188} INFO - [2026-04-02T05:39:10.826+0530] {dag.py:3954} INFO - Setting next_dagrun for example_sensor_decorator to None, run_after=None
[2026-04-02T05:39:10.836+0530] {processor.py:183} INFO - Processing /Users/aswin/Documents/data-engineering-practice/ETL_Airflow_DBT/airflow/airflow_env/lib/python3.11/site-packages/airflow/example_dags/example_sensor_decorator.py took 0.092 seconds
[2026-04-02T05:39:41.968+0530] {processor.py:161} INFO - Started process (PID=21536) to work on /Users/aswin/Documents/data-engineering-practice/ETL_Airflow_DBT/airflow/airflow_env/lib/python3.11/site-packages/airflow/example_dags/example_sensor_decorator.py
[2026-04-02T05:39:41.968+0530] {processor.py:830} INFO - Processing file /Users/aswin/Documents/data-engineering-practice/ETL_Airflow_DBT/airflow/airflow_env/lib/python3.11/site-packages/airflow/example_dags/example_sensor_decorator.py for tasks to queue
[2026-04-02T05:39:41.969+0530] {logging_mixin.py:188} INFO - [2026-04-02T05:39:41.969+0530] {dagbag.py:540} INFO - Filling up the DagBag from /Users/aswin/Documents/data-engineering-practice/ETL_Airflow_DBT/airflow/airflow_env/lib/python3.11/site-packages/airflow/example_dags/example_sensor_decorator.py
[2026-04-02T05:39:41.986+0530] {processor.py:840} INFO - DAG(s) 'example_sensor_decorator' retrieved from /Users/aswin/Documents/data-engineering-practice/ETL_Airflow_DBT/airflow/airflow_env/lib/python3.11/site-packages/airflow/example_dags/example_sensor_decorator.py
[2026-04-02T05:39:42.042+0530] {logging_mixin.py:188} INFO - [2026-04-02T05:39:42.042+0530] {dag.py:3096} INFO - Sync 1 DAGs
[2026-04-02T05:39:42.048+0530] {logging_mixin.py:188} INFO - [2026-04-02T05:39:42.048+0530] {dag.py:3954} INFO - Setting next_dagrun for example_sensor_decorator to None, run_after=None
[2026-04-02T05:39:42.057+0530] {processor.py:183} INFO - Processing /Users/aswin/Documents/data-engineering-practice/ETL_Airflow_DBT/airflow/airflow_env/lib/python3.11/site-packages/airflow/example_dags/example_sensor_decorator.py took 0.090 seconds
[2026-04-02T05:40:13.186+0530] {processor.py:161} INFO - Started process (PID=21661) to work on /Users/aswin/Documents/data-engineering-practice/ETL_Airflow_DBT/airflow/airflow_env/lib/python3.11/site-packages/airflow/example_dags/example_sensor_decorator.py
[2026-04-02T05:40:13.186+0530] {processor.py:830} INFO - Processing file /Users/aswin/Documents/data-engineering-practice/ETL_Airflow_DBT/airflow/airflow_env/lib/python3.11/site-packages/airflow/example_dags/example_sensor_decorator.py for tasks to queue
[2026-04-02T05:40:13.186+0530] {logging_mixin.py:188} INFO - [2026-04-02T05:40:13.186+0530] {dagbag.py:540} INFO - Filling up the DagBag from /Users/aswin/Documents/data-engineering-practice/ETL_Airflow_DBT/airflow/airflow_env/lib/python3.11/site-packages/airflow/example_dags/example_sensor_decorator.py
[2026-04-02T05:40:13.202+0530] {processor.py:840} INFO - DAG(s) 'example_sensor_decorator' retrieved from /Users/aswin/Documents/data-engineering-practice/ETL_Airflow_DBT/airflow/airflow_env/lib/python3.11/site-packages/airflow/example_dags/example_sensor_decorator.py
[2026-04-02T05:40:13.261+0530] {logging_mixin.py:188} INFO - [2026-04-02T05:40:13.260+0530] {dag.py:3096} INFO - Sync 1 DAGs
[2026-04-02T05:40:13.266+0530] {logging_mixin.py:188} INFO - [2026-04-02T05:40:13.266+0530] {dag.py:3954} INFO - Setting next_dagrun for example_sensor_decorator to None, run_after=None
[2026-04-02T05:40:13.275+0530] {processor.py:183} INFO - Processing /Users/aswin/Documents/data-engineering-practice/ETL_Airflow_DBT/airflow/airflow_env/lib/python3.11/site-packages/airflow/example_dags/example_sensor_decorator.py took 0.090 seconds
[2026-04-02T05:40:44.171+0530] {processor.py:161} INFO - Started process (PID=21798) to work on /Users/aswin/Documents/data-engineering-practice/ETL_Airflow_DBT/airflow/airflow_env/lib/python3.11/site-packages/airflow/example_dags/example_sensor_decorator.py
[2026-04-02T05:40:44.172+0530] {processor.py:830} INFO - Processing file /Users/aswin/Documents/data-engineering-practice/ETL_Airflow_DBT/airflow/airflow_env/lib/python3.11/site-packages/airflow/example_dags/example_sensor_decorator.py for tasks to queue
[2026-04-02T05:40:44.172+0530] {logging_mixin.py:188} INFO - [2026-04-02T05:40:44.172+0530] {dagbag.py:540} INFO - Filling up the DagBag from /Users/aswin/Documents/data-engineering-practice/ETL_Airflow_DBT/airflow/airflow_env/lib/python3.11/site-packages/airflow/example_dags/example_sensor_decorator.py
[2026-04-02T05:40:44.188+0530] {processor.py:840} INFO - DAG(s) 'example_sensor_decorator' retrieved from /Users/aswin/Documents/data-engineering-practice/ETL_Airflow_DBT/airflow/airflow_env/lib/python3.11/site-packages/airflow/example_dags/example_sensor_decorator.py
[2026-04-02T05:40:44.243+0530] {logging_mixin.py:188} INFO - [2026-04-02T05:40:44.242+0530] {dag.py:3096} INFO - Sync 1 DAGs
[2026-04-02T05:40:44.248+0530] {logging_mixin.py:188} INFO - [2026-04-02T05:40:44.248+0530] {dag.py:3954} INFO - Setting next_dagrun for example_sensor_decorator to None, run_after=None
[2026-04-02T05:40:44.257+0530] {processor.py:183} INFO - Processing /Users/aswin/Documents/data-engineering-practice/ETL_Airflow_DBT/airflow/airflow_env/lib/python3.11/site-packages/airflow/example_dags/example_sensor_decorator.py took 0.087 seconds
[2026-04-02T05:41:15.314+0530] {processor.py:161} INFO - Started process (PID=21923) to work on /Users/aswin/Documents/data-engineering-practice/ETL_Airflow_DBT/airflow/airflow_env/lib/python3.11/site-packages/airflow/example_dags/example_sensor_decorator.py
[2026-04-02T05:41:15.315+0530] {processor.py:830} INFO - Processing file /Users/aswin/Documents/data-engineering-practice/ETL_Airflow_DBT/airflow/airflow_env/lib/python3.11/site-packages/airflow/example_dags/example_sensor_decorator.py for tasks to queue
[2026-04-02T05:41:15.315+0530] {logging_mixin.py:188} INFO - [2026-04-02T05:41:15.315+0530] {dagbag.py:540} INFO - Filling up the DagBag from /Users/aswin/Documents/data-engineering-practice/ETL_Airflow_DBT/airflow/airflow_env/lib/python3.11/site-packages/airflow/example_dags/example_sensor_decorator.py
[2026-04-02T05:41:15.331+0530] {processor.py:840} INFO - DAG(s) 'example_sensor_decorator' retrieved from /Users/aswin/Documents/data-engineering-practice/ETL_Airflow_DBT/airflow/airflow_env/lib/python3.11/site-packages/airflow/example_dags/example_sensor_decorator.py
[2026-04-02T05:41:15.386+0530] {logging_mixin.py:188} INFO - [2026-04-02T05:41:15.386+0530] {dag.py:3096} INFO - Sync 1 DAGs
[2026-04-02T05:41:15.391+0530] {logging_mixin.py:188} INFO - [2026-04-02T05:41:15.391+0530] {dag.py:3954} INFO - Setting next_dagrun for example_sensor_decorator to None, run_after=None
[2026-04-02T05:41:15.400+0530] {processor.py:183} INFO - Processing /Users/aswin/Documents/data-engineering-practice/ETL_Airflow_DBT/airflow/airflow_env/lib/python3.11/site-packages/airflow/example_dags/example_sensor_decorator.py took 0.087 seconds
[2026-04-02T05:41:46.707+0530] {processor.py:161} INFO - Started process (PID=22050) to work on /Users/aswin/Documents/data-engineering-practice/ETL_Airflow_DBT/airflow/airflow_env/lib/python3.11/site-packages/airflow/example_dags/example_sensor_decorator.py
[2026-04-02T05:41:46.707+0530] {processor.py:830} INFO - Processing file /Users/aswin/Documents/data-engineering-practice/ETL_Airflow_DBT/airflow/airflow_env/lib/python3.11/site-packages/airflow/example_dags/example_sensor_decorator.py for tasks to queue
[2026-04-02T05:41:46.707+0530] {logging_mixin.py:188} INFO - [2026-04-02T05:41:46.707+0530] {dagbag.py:540} INFO - Filling up the DagBag from /Users/aswin/Documents/data-engineering-practice/ETL_Airflow_DBT/airflow/airflow_env/lib/python3.11/site-packages/airflow/example_dags/example_sensor_decorator.py
[2026-04-02T05:41:46.722+0530] {processor.py:840} INFO - DAG(s) 'example_sensor_decorator' retrieved from /Users/aswin/Documents/data-engineering-practice/ETL_Airflow_DBT/airflow/airflow_env/lib/python3.11/site-packages/airflow/example_dags/example_sensor_decorator.py
[2026-04-02T05:41:46.778+0530] {logging_mixin.py:188} INFO - [2026-04-02T05:41:46.778+0530] {dag.py:3096} INFO - Sync 1 DAGs
[2026-04-02T05:41:46.783+0530] {logging_mixin.py:188} INFO - [2026-04-02T05:41:46.783+0530] {dag.py:3954} INFO - Setting next_dagrun for example_sensor_decorator to None, run_after=None
[2026-04-02T05:41:46.793+0530] {processor.py:183} INFO - Processing /Users/aswin/Documents/data-engineering-practice/ETL_Airflow_DBT/airflow/airflow_env/lib/python3.11/site-packages/airflow/example_dags/example_sensor_decorator.py took 0.087 seconds
[2026-04-02T05:42:17.893+0530] {processor.py:161} INFO - Started process (PID=22178) to work on /Users/aswin/Documents/data-engineering-practice/ETL_Airflow_DBT/airflow/airflow_env/lib/python3.11/site-packages/airflow/example_dags/example_sensor_decorator.py
[2026-04-02T05:42:17.894+0530] {processor.py:830} INFO - Processing file /Users/aswin/Documents/data-engineering-practice/ETL_Airflow_DBT/airflow/airflow_env/lib/python3.11/site-packages/airflow/example_dags/example_sensor_decorator.py for tasks to queue
[2026-04-02T05:42:17.895+0530] {logging_mixin.py:188} INFO - [2026-04-02T05:42:17.894+0530] {dagbag.py:540} INFO - Filling up the DagBag from /Users/aswin/Documents/data-engineering-practice/ETL_Airflow_DBT/airflow/airflow_env/lib/python3.11/site-packages/airflow/example_dags/example_sensor_decorator.py
[2026-04-02T05:42:17.910+0530] {processor.py:840} INFO - DAG(s) 'example_sensor_decorator' retrieved from /Users/aswin/Documents/data-engineering-practice/ETL_Airflow_DBT/airflow/airflow_env/lib/python3.11/site-packages/airflow/example_dags/example_sensor_decorator.py
[2026-04-02T05:42:17.966+0530] {logging_mixin.py:188} INFO - [2026-04-02T05:42:17.965+0530] {dag.py:3096} INFO - Sync 1 DAGs
[2026-04-02T05:42:17.970+0530] {logging_mixin.py:188} INFO - [2026-04-02T05:42:17.970+0530] {dag.py:3954} INFO - Setting next_dagrun for example_sensor_decorator to None, run_after=None
[2026-04-02T05:42:17.980+0530] {processor.py:183} INFO - Processing /Users/aswin/Documents/data-engineering-practice/ETL_Airflow_DBT/airflow/airflow_env/lib/python3.11/site-packages/airflow/example_dags/example_sensor_decorator.py took 0.088 seconds
[2026-04-02T05:42:49.378+0530] {processor.py:161} INFO - Started process (PID=22309) to work on /Users/aswin/Documents/data-engineering-practice/ETL_Airflow_DBT/airflow/airflow_env/lib/python3.11/site-packages/airflow/example_dags/example_sensor_decorator.py
[2026-04-02T05:42:49.380+0530] {processor.py:830} INFO - Processing file /Users/aswin/Documents/data-engineering-practice/ETL_Airflow_DBT/airflow/airflow_env/lib/python3.11/site-packages/airflow/example_dags/example_sensor_decorator.py for tasks to queue
[2026-04-02T05:42:49.380+0530] {logging_mixin.py:188} INFO - [2026-04-02T05:42:49.380+0530] {dagbag.py:540} INFO - Filling up the DagBag from /Users/aswin/Documents/data-engineering-practice/ETL_Airflow_DBT/airflow/airflow_env/lib/python3.11/site-packages/airflow/example_dags/example_sensor_decorator.py
[2026-04-02T05:42:49.395+0530] {processor.py:840} INFO - DAG(s) 'example_sensor_decorator' retrieved from /Users/aswin/Documents/data-engineering-practice/ETL_Airflow_DBT/airflow/airflow_env/lib/python3.11/site-packages/airflow/example_dags/example_sensor_decorator.py
[2026-04-02T05:42:49.451+0530] {logging_mixin.py:188} INFO - [2026-04-02T05:42:49.451+0530] {dag.py:3096} INFO - Sync 1 DAGs
[2026-04-02T05:42:49.456+0530] {logging_mixin.py:188} INFO - [2026-04-02T05:42:49.456+0530] {dag.py:3954} INFO - Setting next_dagrun for example_sensor_decorator to None, run_after=None
[2026-04-02T05:42:49.466+0530] {processor.py:183} INFO - Processing /Users/aswin/Documents/data-engineering-practice/ETL_Airflow_DBT/airflow/airflow_env/lib/python3.11/site-packages/airflow/example_dags/example_sensor_decorator.py took 0.089 seconds
[2026-04-02T05:43:20.627+0530] {processor.py:161} INFO - Started process (PID=22436) to work on /Users/aswin/Documents/data-engineering-practice/ETL_Airflow_DBT/airflow/airflow_env/lib/python3.11/site-packages/airflow/example_dags/example_sensor_decorator.py
[2026-04-02T05:43:20.627+0530] {processor.py:830} INFO - Processing file /Users/aswin/Documents/data-engineering-practice/ETL_Airflow_DBT/airflow/airflow_env/lib/python3.11/site-packages/airflow/example_dags/example_sensor_decorator.py for tasks to queue
[2026-04-02T05:43:20.628+0530] {logging_mixin.py:188} INFO - [2026-04-02T05:43:20.627+0530] {dagbag.py:540} INFO - Filling up the DagBag from /Users/aswin/Documents/data-engineering-practice/ETL_Airflow_DBT/airflow/airflow_env/lib/python3.11/site-packages/airflow/example_dags/example_sensor_decorator.py
[2026-04-02T05:43:20.642+0530] {processor.py:840} INFO - DAG(s) 'example_sensor_decorator' retrieved from /Users/aswin/Documents/data-engineering-practice/ETL_Airflow_DBT/airflow/airflow_env/lib/python3.11/site-packages/airflow/example_dags/example_sensor_decorator.py
[2026-04-02T05:43:20.698+0530] {logging_mixin.py:188} INFO - [2026-04-02T05:43:20.698+0530] {dag.py:3096} INFO - Sync 1 DAGs
[2026-04-02T05:43:20.704+0530] {logging_mixin.py:188} INFO - [2026-04-02T05:43:20.704+0530] {dag.py:3954} INFO - Setting next_dagrun for example_sensor_decorator to None, run_after=None
[2026-04-02T05:43:20.712+0530] {processor.py:183} INFO - Processing /Users/aswin/Documents/data-engineering-practice/ETL_Airflow_DBT/airflow/airflow_env/lib/python3.11/site-packages/airflow/example_dags/example_sensor_decorator.py took 0.086 seconds
[2026-04-02T05:43:51.557+0530] {processor.py:161} INFO - Started process (PID=22576) to work on /Users/aswin/Documents/data-engineering-practice/ETL_Airflow_DBT/airflow/airflow_env/lib/python3.11/site-packages/airflow/example_dags/example_sensor_decorator.py
[2026-04-02T05:43:51.558+0530] {processor.py:830} INFO - Processing file /Users/aswin/Documents/data-engineering-practice/ETL_Airflow_DBT/airflow/airflow_env/lib/python3.11/site-packages/airflow/example_dags/example_sensor_decorator.py for tasks to queue
[2026-04-02T05:43:51.559+0530] {logging_mixin.py:188} INFO - [2026-04-02T05:43:51.559+0530] {dagbag.py:540} INFO - Filling up the DagBag from /Users/aswin/Documents/data-engineering-practice/ETL_Airflow_DBT/airflow/airflow_env/lib/python3.11/site-packages/airflow/example_dags/example_sensor_decorator.py
[2026-04-02T05:43:51.576+0530] {processor.py:840} INFO - DAG(s) 'example_sensor_decorator' retrieved from /Users/aswin/Documents/data-engineering-practice/ETL_Airflow_DBT/airflow/airflow_env/lib/python3.11/site-packages/airflow/example_dags/example_sensor_decorator.py
[2026-04-02T05:43:51.634+0530] {logging_mixin.py:188} INFO - [2026-04-02T05:43:51.633+0530] {dag.py:3096} INFO - Sync 1 DAGs
[2026-04-02T05:43:51.639+0530] {logging_mixin.py:188} INFO - [2026-04-02T05:43:51.639+0530] {dag.py:3954} INFO - Setting next_dagrun for example_sensor_decorator to None, run_after=None
[2026-04-02T05:43:51.650+0530] {processor.py:183} INFO - Processing /Users/aswin/Documents/data-engineering-practice/ETL_Airflow_DBT/airflow/airflow_env/lib/python3.11/site-packages/airflow/example_dags/example_sensor_decorator.py took 0.094 seconds
[2026-04-02T05:44:22.689+0530] {processor.py:161} INFO - Started process (PID=22703) to work on /Users/aswin/Documents/data-engineering-practice/ETL_Airflow_DBT/airflow/airflow_env/lib/python3.11/site-packages/airflow/example_dags/example_sensor_decorator.py
[2026-04-02T05:44:22.689+0530] {processor.py:830} INFO - Processing file /Users/aswin/Documents/data-engineering-practice/ETL_Airflow_DBT/airflow/airflow_env/lib/python3.11/site-packages/airflow/example_dags/example_sensor_decorator.py for tasks to queue
[2026-04-02T05:44:22.689+0530] {logging_mixin.py:188} INFO - [2026-04-02T05:44:22.689+0530] {dagbag.py:540} INFO - Filling up the DagBag from /Users/aswin/Documents/data-engineering-practice/ETL_Airflow_DBT/airflow/airflow_env/lib/python3.11/site-packages/airflow/example_dags/example_sensor_decorator.py
[2026-04-02T05:44:22.705+0530] {processor.py:840} INFO - DAG(s) 'example_sensor_decorator' retrieved from /Users/aswin/Documents/data-engineering-practice/ETL_Airflow_DBT/airflow/airflow_env/lib/python3.11/site-packages/airflow/example_dags/example_sensor_decorator.py
[2026-04-02T05:44:22.761+0530] {logging_mixin.py:188} INFO - [2026-04-02T05:44:22.761+0530] {dag.py:3096} INFO - Sync 1 DAGs
[2026-04-02T05:44:22.767+0530] {logging_mixin.py:188} INFO - [2026-04-02T05:44:22.767+0530] {dag.py:3954} INFO - Setting next_dagrun for example_sensor_decorator to None, run_after=None
[2026-04-02T05:44:22.775+0530] {processor.py:183} INFO - Processing /Users/aswin/Documents/data-engineering-practice/ETL_Airflow_DBT/airflow/airflow_env/lib/python3.11/site-packages/airflow/example_dags/example_sensor_decorator.py took 0.087 seconds
[2026-04-02T05:44:53.607+0530] {processor.py:161} INFO - Started process (PID=22831) to work on /Users/aswin/Documents/data-engineering-practice/ETL_Airflow_DBT/airflow/airflow_env/lib/python3.11/site-packages/airflow/example_dags/example_sensor_decorator.py
[2026-04-02T05:44:53.608+0530] {processor.py:830} INFO - Processing file /Users/aswin/Documents/data-engineering-practice/ETL_Airflow_DBT/airflow/airflow_env/lib/python3.11/site-packages/airflow/example_dags/example_sensor_decorator.py for tasks to queue
[2026-04-02T05:44:53.608+0530] {logging_mixin.py:188} INFO - [2026-04-02T05:44:53.608+0530] {dagbag.py:540} INFO - Filling up the DagBag from /Users/aswin/Documents/data-engineering-practice/ETL_Airflow_DBT/airflow/airflow_env/lib/python3.11/site-packages/airflow/example_dags/example_sensor_decorator.py
[2026-04-02T05:44:53.623+0530] {processor.py:840} INFO - DAG(s) 'example_sensor_decorator' retrieved from /Users/aswin/Documents/data-engineering-practice/ETL_Airflow_DBT/airflow/airflow_env/lib/python3.11/site-packages/airflow/example_dags/example_sensor_decorator.py
[2026-04-02T05:44:53.686+0530] {logging_mixin.py:188} INFO - [2026-04-02T05:44:53.686+0530] {dag.py:3096} INFO - Sync 1 DAGs
[2026-04-02T05:44:53.695+0530] {logging_mixin.py:188} INFO - [2026-04-02T05:44:53.695+0530] {dag.py:3954} INFO - Setting next_dagrun for example_sensor_decorator to None, run_after=None
[2026-04-02T05:44:53.719+0530] {processor.py:183} INFO - Processing /Users/aswin/Documents/data-engineering-practice/ETL_Airflow_DBT/airflow/airflow_env/lib/python3.11/site-packages/airflow/example_dags/example_sensor_decorator.py took 0.113 seconds
[2026-04-02T05:45:25.399+0530] {processor.py:161} INFO - Started process (PID=22954) to work on /Users/aswin/Documents/data-engineering-practice/ETL_Airflow_DBT/airflow/airflow_env/lib/python3.11/site-packages/airflow/example_dags/example_sensor_decorator.py
[2026-04-02T05:45:25.400+0530] {processor.py:830} INFO - Processing file /Users/aswin/Documents/data-engineering-practice/ETL_Airflow_DBT/airflow/airflow_env/lib/python3.11/site-packages/airflow/example_dags/example_sensor_decorator.py for tasks to queue
[2026-04-02T05:45:25.400+0530] {logging_mixin.py:188} INFO - [2026-04-02T05:45:25.400+0530] {dagbag.py:540} INFO - Filling up the DagBag from /Users/aswin/Documents/data-engineering-practice/ETL_Airflow_DBT/airflow/airflow_env/lib/python3.11/site-packages/airflow/example_dags/example_sensor_decorator.py
[2026-04-02T05:45:25.415+0530] {processor.py:840} INFO - DAG(s) 'example_sensor_decorator' retrieved from /Users/aswin/Documents/data-engineering-practice/ETL_Airflow_DBT/airflow/airflow_env/lib/python3.11/site-packages/airflow/example_dags/example_sensor_decorator.py
[2026-04-02T05:45:25.473+0530] {logging_mixin.py:188} INFO - [2026-04-02T05:45:25.473+0530] {dag.py:3096} INFO - Sync 1 DAGs
[2026-04-02T05:45:25.479+0530] {logging_mixin.py:188} INFO - [2026-04-02T05:45:25.479+0530] {dag.py:3954} INFO - Setting next_dagrun for example_sensor_decorator to None, run_after=None
[2026-04-02T05:45:25.489+0530] {processor.py:183} INFO - Processing /Users/aswin/Documents/data-engineering-practice/ETL_Airflow_DBT/airflow/airflow_env/lib/python3.11/site-packages/airflow/example_dags/example_sensor_decorator.py took 0.091 seconds
[2026-04-02T05:45:56.847+0530] {processor.py:161} INFO - Started process (PID=23067) to work on /Users/aswin/Documents/data-engineering-practice/ETL_Airflow_DBT/airflow/airflow_env/lib/python3.11/site-packages/airflow/example_dags/example_sensor_decorator.py
[2026-04-02T05:45:56.848+0530] {processor.py:830} INFO - Processing file /Users/aswin/Documents/data-engineering-practice/ETL_Airflow_DBT/airflow/airflow_env/lib/python3.11/site-packages/airflow/example_dags/example_sensor_decorator.py for tasks to queue
[2026-04-02T05:45:56.848+0530] {logging_mixin.py:188} INFO - [2026-04-02T05:45:56.848+0530] {dagbag.py:540} INFO - Filling up the DagBag from /Users/aswin/Documents/data-engineering-practice/ETL_Airflow_DBT/airflow/airflow_env/lib/python3.11/site-packages/airflow/example_dags/example_sensor_decorator.py
[2026-04-02T05:45:56.865+0530] {processor.py:840} INFO - DAG(s) 'example_sensor_decorator' retrieved from /Users/aswin/Documents/data-engineering-practice/ETL_Airflow_DBT/airflow/airflow_env/lib/python3.11/site-packages/airflow/example_dags/example_sensor_decorator.py
[2026-04-02T05:45:56.920+0530] {logging_mixin.py:188} INFO - [2026-04-02T05:45:56.920+0530] {dag.py:3096} INFO - Sync 1 DAGs
[2026-04-02T05:45:56.925+0530] {logging_mixin.py:188} INFO - [2026-04-02T05:45:56.925+0530] {dag.py:3954} INFO - Setting next_dagrun for example_sensor_decorator to None, run_after=None
[2026-04-02T05:45:56.934+0530] {processor.py:183} INFO - Processing /Users/aswin/Documents/data-engineering-practice/ETL_Airflow_DBT/airflow/airflow_env/lib/python3.11/site-packages/airflow/example_dags/example_sensor_decorator.py took 0.088 seconds
[2026-04-02T05:46:28.057+0530] {processor.py:161} INFO - Started process (PID=23183) to work on /Users/aswin/Documents/data-engineering-practice/ETL_Airflow_DBT/airflow/airflow_env/lib/python3.11/site-packages/airflow/example_dags/example_sensor_decorator.py
[2026-04-02T05:46:28.057+0530] {processor.py:830} INFO - Processing file /Users/aswin/Documents/data-engineering-practice/ETL_Airflow_DBT/airflow/airflow_env/lib/python3.11/site-packages/airflow/example_dags/example_sensor_decorator.py for tasks to queue
[2026-04-02T05:46:28.058+0530] {logging_mixin.py:188} INFO - [2026-04-02T05:46:28.057+0530] {dagbag.py:540} INFO - Filling up the DagBag from /Users/aswin/Documents/data-engineering-practice/ETL_Airflow_DBT/airflow/airflow_env/lib/python3.11/site-packages/airflow/example_dags/example_sensor_decorator.py
[2026-04-02T05:46:28.074+0530] {processor.py:840} INFO - DAG(s) 'example_sensor_decorator' retrieved from /Users/aswin/Documents/data-engineering-practice/ETL_Airflow_DBT/airflow/airflow_env/lib/python3.11/site-packages/airflow/example_dags/example_sensor_decorator.py
[2026-04-02T05:46:28.130+0530] {logging_mixin.py:188} INFO - [2026-04-02T05:46:28.130+0530] {dag.py:3096} INFO - Sync 1 DAGs
[2026-04-02T05:46:28.135+0530] {logging_mixin.py:188} INFO - [2026-04-02T05:46:28.135+0530] {dag.py:3954} INFO - Setting next_dagrun for example_sensor_decorator to None, run_after=None
[2026-04-02T05:46:28.143+0530] {processor.py:183} INFO - Processing /Users/aswin/Documents/data-engineering-practice/ETL_Airflow_DBT/airflow/airflow_env/lib/python3.11/site-packages/airflow/example_dags/example_sensor_decorator.py took 0.087 seconds
[2026-04-02T05:46:59.266+0530] {processor.py:161} INFO - Started process (PID=23296) to work on /Users/aswin/Documents/data-engineering-practice/ETL_Airflow_DBT/airflow/airflow_env/lib/python3.11/site-packages/airflow/example_dags/example_sensor_decorator.py
[2026-04-02T05:46:59.267+0530] {processor.py:830} INFO - Processing file /Users/aswin/Documents/data-engineering-practice/ETL_Airflow_DBT/airflow/airflow_env/lib/python3.11/site-packages/airflow/example_dags/example_sensor_decorator.py for tasks to queue
[2026-04-02T05:46:59.267+0530] {logging_mixin.py:188} INFO - [2026-04-02T05:46:59.267+0530] {dagbag.py:540} INFO - Filling up the DagBag from /Users/aswin/Documents/data-engineering-practice/ETL_Airflow_DBT/airflow/airflow_env/lib/python3.11/site-packages/airflow/example_dags/example_sensor_decorator.py
[2026-04-02T05:46:59.284+0530] {processor.py:840} INFO - DAG(s) 'example_sensor_decorator' retrieved from /Users/aswin/Documents/data-engineering-practice/ETL_Airflow_DBT/airflow/airflow_env/lib/python3.11/site-packages/airflow/example_dags/example_sensor_decorator.py
[2026-04-02T05:46:59.341+0530] {logging_mixin.py:188} INFO - [2026-04-02T05:46:59.341+0530] {dag.py:3096} INFO - Sync 1 DAGs
[2026-04-02T05:46:59.346+0530] {logging_mixin.py:188} INFO - [2026-04-02T05:46:59.346+0530] {dag.py:3954} INFO - Setting next_dagrun for example_sensor_decorator to None, run_after=None
[2026-04-02T05:46:59.355+0530] {processor.py:183} INFO - Processing /Users/aswin/Documents/data-engineering-practice/ETL_Airflow_DBT/airflow/airflow_env/lib/python3.11/site-packages/airflow/example_dags/example_sensor_decorator.py took 0.091 seconds
[2026-04-02T05:47:30.517+0530] {processor.py:161} INFO - Started process (PID=23411) to work on /Users/aswin/Documents/data-engineering-practice/ETL_Airflow_DBT/airflow/airflow_env/lib/python3.11/site-packages/airflow/example_dags/example_sensor_decorator.py
[2026-04-02T05:47:30.518+0530] {processor.py:830} INFO - Processing file /Users/aswin/Documents/data-engineering-practice/ETL_Airflow_DBT/airflow/airflow_env/lib/python3.11/site-packages/airflow/example_dags/example_sensor_decorator.py for tasks to queue
[2026-04-02T05:47:30.519+0530] {logging_mixin.py:188} INFO - [2026-04-02T05:47:30.519+0530] {dagbag.py:540} INFO - Filling up the DagBag from /Users/aswin/Documents/data-engineering-practice/ETL_Airflow_DBT/airflow/airflow_env/lib/python3.11/site-packages/airflow/example_dags/example_sensor_decorator.py
[2026-04-02T05:47:30.535+0530] {processor.py:840} INFO - DAG(s) 'example_sensor_decorator' retrieved from /Users/aswin/Documents/data-engineering-practice/ETL_Airflow_DBT/airflow/airflow_env/lib/python3.11/site-packages/airflow/example_dags/example_sensor_decorator.py
[2026-04-02T05:47:30.590+0530] {logging_mixin.py:188} INFO - [2026-04-02T05:47:30.590+0530] {dag.py:3096} INFO - Sync 1 DAGs
[2026-04-02T05:47:30.595+0530] {logging_mixin.py:188} INFO - [2026-04-02T05:47:30.595+0530] {dag.py:3954} INFO - Setting next_dagrun for example_sensor_decorator to None, run_after=None
[2026-04-02T05:47:30.605+0530] {processor.py:183} INFO - Processing /Users/aswin/Documents/data-engineering-practice/ETL_Airflow_DBT/airflow/airflow_env/lib/python3.11/site-packages/airflow/example_dags/example_sensor_decorator.py took 0.089 seconds
[2026-04-02T05:48:01.404+0530] {processor.py:161} INFO - Started process (PID=23526) to work on /Users/aswin/Documents/data-engineering-practice/ETL_Airflow_DBT/airflow/airflow_env/lib/python3.11/site-packages/airflow/example_dags/example_sensor_decorator.py
[2026-04-02T05:48:01.405+0530] {processor.py:830} INFO - Processing file /Users/aswin/Documents/data-engineering-practice/ETL_Airflow_DBT/airflow/airflow_env/lib/python3.11/site-packages/airflow/example_dags/example_sensor_decorator.py for tasks to queue
[2026-04-02T05:48:01.405+0530] {logging_mixin.py:188} INFO - [2026-04-02T05:48:01.405+0530] {dagbag.py:540} INFO - Filling up the DagBag from /Users/aswin/Documents/data-engineering-practice/ETL_Airflow_DBT/airflow/airflow_env/lib/python3.11/site-packages/airflow/example_dags/example_sensor_decorator.py
[2026-04-02T05:48:01.423+0530] {processor.py:840} INFO - DAG(s) 'example_sensor_decorator' retrieved from /Users/aswin/Documents/data-engineering-practice/ETL_Airflow_DBT/airflow/airflow_env/lib/python3.11/site-packages/airflow/example_dags/example_sensor_decorator.py
[2026-04-02T05:48:01.483+0530] {logging_mixin.py:188} INFO - [2026-04-02T05:48:01.483+0530] {dag.py:3096} INFO - Sync 1 DAGs
[2026-04-02T05:48:01.488+0530] {logging_mixin.py:188} INFO - [2026-04-02T05:48:01.488+0530] {dag.py:3954} INFO - Setting next_dagrun for example_sensor_decorator to None, run_after=None
[2026-04-02T05:48:01.498+0530] {processor.py:183} INFO - Processing /Users/aswin/Documents/data-engineering-practice/ETL_Airflow_DBT/airflow/airflow_env/lib/python3.11/site-packages/airflow/example_dags/example_sensor_decorator.py took 0.095 seconds
[2026-04-02T05:48:32.768+0530] {processor.py:161} INFO - Started process (PID=23639) to work on /Users/aswin/Documents/data-engineering-practice/ETL_Airflow_DBT/airflow/airflow_env/lib/python3.11/site-packages/airflow/example_dags/example_sensor_decorator.py
[2026-04-02T05:48:32.769+0530] {processor.py:830} INFO - Processing file /Users/aswin/Documents/data-engineering-practice/ETL_Airflow_DBT/airflow/airflow_env/lib/python3.11/site-packages/airflow/example_dags/example_sensor_decorator.py for tasks to queue
[2026-04-02T05:48:32.769+0530] {logging_mixin.py:188} INFO - [2026-04-02T05:48:32.769+0530] {dagbag.py:540} INFO - Filling up the DagBag from /Users/aswin/Documents/data-engineering-practice/ETL_Airflow_DBT/airflow/airflow_env/lib/python3.11/site-packages/airflow/example_dags/example_sensor_decorator.py
[2026-04-02T05:48:32.784+0530] {processor.py:840} INFO - DAG(s) 'example_sensor_decorator' retrieved from /Users/aswin/Documents/data-engineering-practice/ETL_Airflow_DBT/airflow/airflow_env/lib/python3.11/site-packages/airflow/example_dags/example_sensor_decorator.py
[2026-04-02T05:48:32.841+0530] {logging_mixin.py:188} INFO - [2026-04-02T05:48:32.841+0530] {dag.py:3096} INFO - Sync 1 DAGs
[2026-04-02T05:48:32.846+0530] {logging_mixin.py:188} INFO - [2026-04-02T05:48:32.846+0530] {dag.py:3954} INFO - Setting next_dagrun for example_sensor_decorator to None, run_after=None
[2026-04-02T05:48:32.855+0530] {processor.py:183} INFO - Processing /Users/aswin/Documents/data-engineering-practice/ETL_Airflow_DBT/airflow/airflow_env/lib/python3.11/site-packages/airflow/example_dags/example_sensor_decorator.py took 0.088 seconds
[2026-04-02T05:49:04.071+0530] {processor.py:161} INFO - Started process (PID=23755) to work on /Users/aswin/Documents/data-engineering-practice/ETL_Airflow_DBT/airflow/airflow_env/lib/python3.11/site-packages/airflow/example_dags/example_sensor_decorator.py
[2026-04-02T05:49:04.071+0530] {processor.py:830} INFO - Processing file /Users/aswin/Documents/data-engineering-practice/ETL_Airflow_DBT/airflow/airflow_env/lib/python3.11/site-packages/airflow/example_dags/example_sensor_decorator.py for tasks to queue
[2026-04-02T05:49:04.072+0530] {logging_mixin.py:188} INFO - [2026-04-02T05:49:04.071+0530] {dagbag.py:540} INFO - Filling up the DagBag from /Users/aswin/Documents/data-engineering-practice/ETL_Airflow_DBT/airflow/airflow_env/lib/python3.11/site-packages/airflow/example_dags/example_sensor_decorator.py
[2026-04-02T05:49:04.088+0530] {processor.py:840} INFO - DAG(s) 'example_sensor_decorator' retrieved from /Users/aswin/Documents/data-engineering-practice/ETL_Airflow_DBT/airflow/airflow_env/lib/python3.11/site-packages/airflow/example_dags/example_sensor_decorator.py
[2026-04-02T05:49:04.142+0530] {logging_mixin.py:188} INFO - [2026-04-02T05:49:04.141+0530] {dag.py:3096} INFO - Sync 1 DAGs
[2026-04-02T05:49:04.147+0530] {logging_mixin.py:188} INFO - [2026-04-02T05:49:04.147+0530] {dag.py:3954} INFO - Setting next_dagrun for example_sensor_decorator to None, run_after=None
[2026-04-02T05:49:04.155+0530] {processor.py:183} INFO - Processing /Users/aswin/Documents/data-engineering-practice/ETL_Airflow_DBT/airflow/airflow_env/lib/python3.11/site-packages/airflow/example_dags/example_sensor_decorator.py took 0.085 seconds
[2026-04-02T05:49:35.335+0530] {processor.py:161} INFO - Started process (PID=23886) to work on /Users/aswin/Documents/data-engineering-practice/ETL_Airflow_DBT/airflow/airflow_env/lib/python3.11/site-packages/airflow/example_dags/example_sensor_decorator.py
[2026-04-02T05:49:35.336+0530] {processor.py:830} INFO - Processing file /Users/aswin/Documents/data-engineering-practice/ETL_Airflow_DBT/airflow/airflow_env/lib/python3.11/site-packages/airflow/example_dags/example_sensor_decorator.py for tasks to queue
[2026-04-02T05:49:35.336+0530] {logging_mixin.py:188} INFO - [2026-04-02T05:49:35.336+0530] {dagbag.py:540} INFO - Filling up the DagBag from /Users/aswin/Documents/data-engineering-practice/ETL_Airflow_DBT/airflow/airflow_env/lib/python3.11/site-packages/airflow/example_dags/example_sensor_decorator.py
[2026-04-02T05:49:35.353+0530] {processor.py:840} INFO - DAG(s) 'example_sensor_decorator' retrieved from /Users/aswin/Documents/data-engineering-practice/ETL_Airflow_DBT/airflow/airflow_env/lib/python3.11/site-packages/airflow/example_dags/example_sensor_decorator.py
[2026-04-02T05:49:35.423+0530] {logging_mixin.py:188} INFO - [2026-04-02T05:49:35.423+0530] {dag.py:3096} INFO - Sync 1 DAGs
[2026-04-02T05:49:35.429+0530] {logging_mixin.py:188} INFO - [2026-04-02T05:49:35.429+0530] {dag.py:3954} INFO - Setting next_dagrun for example_sensor_decorator to None, run_after=None
[2026-04-02T05:49:35.439+0530] {processor.py:183} INFO - Processing /Users/aswin/Documents/data-engineering-practice/ETL_Airflow_DBT/airflow/airflow_env/lib/python3.11/site-packages/airflow/example_dags/example_sensor_decorator.py took 0.106 seconds
[2026-04-02T05:50:06.921+0530] {processor.py:161} INFO - Started process (PID=24022) to work on /Users/aswin/Documents/data-engineering-practice/ETL_Airflow_DBT/airflow/airflow_env/lib/python3.11/site-packages/airflow/example_dags/example_sensor_decorator.py
[2026-04-02T05:50:06.922+0530] {processor.py:830} INFO - Processing file /Users/aswin/Documents/data-engineering-practice/ETL_Airflow_DBT/airflow/airflow_env/lib/python3.11/site-packages/airflow/example_dags/example_sensor_decorator.py for tasks to queue
[2026-04-02T05:50:06.922+0530] {logging_mixin.py:188} INFO - [2026-04-02T05:50:06.922+0530] {dagbag.py:540} INFO - Filling up the DagBag from /Users/aswin/Documents/data-engineering-practice/ETL_Airflow_DBT/airflow/airflow_env/lib/python3.11/site-packages/airflow/example_dags/example_sensor_decorator.py
[2026-04-02T05:50:06.938+0530] {processor.py:840} INFO - DAG(s) 'example_sensor_decorator' retrieved from /Users/aswin/Documents/data-engineering-practice/ETL_Airflow_DBT/airflow/airflow_env/lib/python3.11/site-packages/airflow/example_dags/example_sensor_decorator.py
[2026-04-02T05:50:06.991+0530] {logging_mixin.py:188} INFO - [2026-04-02T05:50:06.991+0530] {dag.py:3096} INFO - Sync 1 DAGs
[2026-04-02T05:50:06.997+0530] {logging_mixin.py:188} INFO - [2026-04-02T05:50:06.997+0530] {dag.py:3954} INFO - Setting next_dagrun for example_sensor_decorator to None, run_after=None
[2026-04-02T05:50:07.005+0530] {processor.py:183} INFO - Processing /Users/aswin/Documents/data-engineering-practice/ETL_Airflow_DBT/airflow/airflow_env/lib/python3.11/site-packages/airflow/example_dags/example_sensor_decorator.py took 0.086 seconds
[2026-04-02T05:50:37.939+0530] {processor.py:161} INFO - Started process (PID=24152) to work on /Users/aswin/Documents/data-engineering-practice/ETL_Airflow_DBT/airflow/airflow_env/lib/python3.11/site-packages/airflow/example_dags/example_sensor_decorator.py
[2026-04-02T05:50:37.940+0530] {processor.py:830} INFO - Processing file /Users/aswin/Documents/data-engineering-practice/ETL_Airflow_DBT/airflow/airflow_env/lib/python3.11/site-packages/airflow/example_dags/example_sensor_decorator.py for tasks to queue
[2026-04-02T05:50:37.941+0530] {logging_mixin.py:188} INFO - [2026-04-02T05:50:37.940+0530] {dagbag.py:540} INFO - Filling up the DagBag from /Users/aswin/Documents/data-engineering-practice/ETL_Airflow_DBT/airflow/airflow_env/lib/python3.11/site-packages/airflow/example_dags/example_sensor_decorator.py
[2026-04-02T05:50:37.956+0530] {processor.py:840} INFO - DAG(s) 'example_sensor_decorator' retrieved from /Users/aswin/Documents/data-engineering-practice/ETL_Airflow_DBT/airflow/airflow_env/lib/python3.11/site-packages/airflow/example_dags/example_sensor_decorator.py
[2026-04-02T05:50:38.011+0530] {logging_mixin.py:188} INFO - [2026-04-02T05:50:38.010+0530] {dag.py:3096} INFO - Sync 1 DAGs
[2026-04-02T05:50:38.018+0530] {logging_mixin.py:188} INFO - [2026-04-02T05:50:38.018+0530] {dag.py:3954} INFO - Setting next_dagrun for example_sensor_decorator to None, run_after=None
[2026-04-02T05:50:38.025+0530] {processor.py:183} INFO - Processing /Users/aswin/Documents/data-engineering-practice/ETL_Airflow_DBT/airflow/airflow_env/lib/python3.11/site-packages/airflow/example_dags/example_sensor_decorator.py took 0.087 seconds
[2026-04-02T05:51:08.846+0530] {processor.py:161} INFO - Started process (PID=24288) to work on /Users/aswin/Documents/data-engineering-practice/ETL_Airflow_DBT/airflow/airflow_env/lib/python3.11/site-packages/airflow/example_dags/example_sensor_decorator.py
[2026-04-02T05:51:08.847+0530] {processor.py:830} INFO - Processing file /Users/aswin/Documents/data-engineering-practice/ETL_Airflow_DBT/airflow/airflow_env/lib/python3.11/site-packages/airflow/example_dags/example_sensor_decorator.py for tasks to queue
[2026-04-02T05:51:08.848+0530] {logging_mixin.py:188} INFO - [2026-04-02T05:51:08.848+0530] {dagbag.py:540} INFO - Filling up the DagBag from /Users/aswin/Documents/data-engineering-practice/ETL_Airflow_DBT/airflow/airflow_env/lib/python3.11/site-packages/airflow/example_dags/example_sensor_decorator.py
[2026-04-02T05:51:08.863+0530] {processor.py:840} INFO - DAG(s) 'example_sensor_decorator' retrieved from /Users/aswin/Documents/data-engineering-practice/ETL_Airflow_DBT/airflow/airflow_env/lib/python3.11/site-packages/airflow/example_dags/example_sensor_decorator.py
[2026-04-02T05:51:08.919+0530] {logging_mixin.py:188} INFO - [2026-04-02T05:51:08.919+0530] {dag.py:3096} INFO - Sync 1 DAGs
[2026-04-02T05:51:08.925+0530] {logging_mixin.py:188} INFO - [2026-04-02T05:51:08.925+0530] {dag.py:3954} INFO - Setting next_dagrun for example_sensor_decorator to None, run_after=None
[2026-04-02T05:51:08.933+0530] {processor.py:183} INFO - Processing /Users/aswin/Documents/data-engineering-practice/ETL_Airflow_DBT/airflow/airflow_env/lib/python3.11/site-packages/airflow/example_dags/example_sensor_decorator.py took 0.088 seconds
[2026-04-02T05:51:40.070+0530] {processor.py:161} INFO - Started process (PID=24413) to work on /Users/aswin/Documents/data-engineering-practice/ETL_Airflow_DBT/airflow/airflow_env/lib/python3.11/site-packages/airflow/example_dags/example_sensor_decorator.py
[2026-04-02T05:51:40.071+0530] {processor.py:830} INFO - Processing file /Users/aswin/Documents/data-engineering-practice/ETL_Airflow_DBT/airflow/airflow_env/lib/python3.11/site-packages/airflow/example_dags/example_sensor_decorator.py for tasks to queue
[2026-04-02T05:51:40.071+0530] {logging_mixin.py:188} INFO - [2026-04-02T05:51:40.071+0530] {dagbag.py:540} INFO - Filling up the DagBag from /Users/aswin/Documents/data-engineering-practice/ETL_Airflow_DBT/airflow/airflow_env/lib/python3.11/site-packages/airflow/example_dags/example_sensor_decorator.py
[2026-04-02T05:51:40.087+0530] {processor.py:840} INFO - DAG(s) 'example_sensor_decorator' retrieved from /Users/aswin/Documents/data-engineering-practice/ETL_Airflow_DBT/airflow/airflow_env/lib/python3.11/site-packages/airflow/example_dags/example_sensor_decorator.py
[2026-04-02T05:51:40.139+0530] {logging_mixin.py:188} INFO - [2026-04-02T05:51:40.139+0530] {dag.py:3096} INFO - Sync 1 DAGs
[2026-04-02T05:51:40.145+0530] {logging_mixin.py:188} INFO - [2026-04-02T05:51:40.145+0530] {dag.py:3954} INFO - Setting next_dagrun for example_sensor_decorator to None, run_after=None
[2026-04-02T05:51:40.154+0530] {processor.py:183} INFO - Processing /Users/aswin/Documents/data-engineering-practice/ETL_Airflow_DBT/airflow/airflow_env/lib/python3.11/site-packages/airflow/example_dags/example_sensor_decorator.py took 0.085 seconds
[2026-04-02T05:52:11.050+0530] {processor.py:161} INFO - Started process (PID=24539) to work on /Users/aswin/Documents/data-engineering-practice/ETL_Airflow_DBT/airflow/airflow_env/lib/python3.11/site-packages/airflow/example_dags/example_sensor_decorator.py
[2026-04-02T05:52:11.051+0530] {processor.py:830} INFO - Processing file /Users/aswin/Documents/data-engineering-practice/ETL_Airflow_DBT/airflow/airflow_env/lib/python3.11/site-packages/airflow/example_dags/example_sensor_decorator.py for tasks to queue
[2026-04-02T05:52:11.051+0530] {logging_mixin.py:188} INFO - [2026-04-02T05:52:11.051+0530] {dagbag.py:540} INFO - Filling up the DagBag from /Users/aswin/Documents/data-engineering-practice/ETL_Airflow_DBT/airflow/airflow_env/lib/python3.11/site-packages/airflow/example_dags/example_sensor_decorator.py
[2026-04-02T05:52:11.070+0530] {processor.py:840} INFO - DAG(s) 'example_sensor_decorator' retrieved from /Users/aswin/Documents/data-engineering-practice/ETL_Airflow_DBT/airflow/airflow_env/lib/python3.11/site-packages/airflow/example_dags/example_sensor_decorator.py
[2026-04-02T05:52:11.132+0530] {logging_mixin.py:188} INFO - [2026-04-02T05:52:11.131+0530] {dag.py:3096} INFO - Sync 1 DAGs
[2026-04-02T05:52:11.137+0530] {logging_mixin.py:188} INFO - [2026-04-02T05:52:11.137+0530] {dag.py:3954} INFO - Setting next_dagrun for example_sensor_decorator to None, run_after=None
[2026-04-02T05:52:11.146+0530] {processor.py:183} INFO - Processing /Users/aswin/Documents/data-engineering-practice/ETL_Airflow_DBT/airflow/airflow_env/lib/python3.11/site-packages/airflow/example_dags/example_sensor_decorator.py took 0.097 seconds
[2026-04-02T05:52:41.947+0530] {processor.py:161} INFO - Started process (PID=24663) to work on /Users/aswin/Documents/data-engineering-practice/ETL_Airflow_DBT/airflow/airflow_env/lib/python3.11/site-packages/airflow/example_dags/example_sensor_decorator.py
[2026-04-02T05:52:41.948+0530] {processor.py:830} INFO - Processing file /Users/aswin/Documents/data-engineering-practice/ETL_Airflow_DBT/airflow/airflow_env/lib/python3.11/site-packages/airflow/example_dags/example_sensor_decorator.py for tasks to queue
[2026-04-02T05:52:41.949+0530] {logging_mixin.py:188} INFO - [2026-04-02T05:52:41.949+0530] {dagbag.py:540} INFO - Filling up the DagBag from /Users/aswin/Documents/data-engineering-practice/ETL_Airflow_DBT/airflow/airflow_env/lib/python3.11/site-packages/airflow/example_dags/example_sensor_decorator.py
[2026-04-02T05:52:41.964+0530] {processor.py:840} INFO - DAG(s) 'example_sensor_decorator' retrieved from /Users/aswin/Documents/data-engineering-practice/ETL_Airflow_DBT/airflow/airflow_env/lib/python3.11/site-packages/airflow/example_dags/example_sensor_decorator.py
[2026-04-02T05:52:42.019+0530] {logging_mixin.py:188} INFO - [2026-04-02T05:52:42.019+0530] {dag.py:3096} INFO - Sync 1 DAGs
[2026-04-02T05:52:42.025+0530] {logging_mixin.py:188} INFO - [2026-04-02T05:52:42.025+0530] {dag.py:3954} INFO - Setting next_dagrun for example_sensor_decorator to None, run_after=None
[2026-04-02T05:52:42.033+0530] {processor.py:183} INFO - Processing /Users/aswin/Documents/data-engineering-practice/ETL_Airflow_DBT/airflow/airflow_env/lib/python3.11/site-packages/airflow/example_dags/example_sensor_decorator.py took 0.087 seconds
[2026-04-02T05:53:13.112+0530] {processor.py:161} INFO - Started process (PID=24788) to work on /Users/aswin/Documents/data-engineering-practice/ETL_Airflow_DBT/airflow/airflow_env/lib/python3.11/site-packages/airflow/example_dags/example_sensor_decorator.py
[2026-04-02T05:53:13.114+0530] {processor.py:830} INFO - Processing file /Users/aswin/Documents/data-engineering-practice/ETL_Airflow_DBT/airflow/airflow_env/lib/python3.11/site-packages/airflow/example_dags/example_sensor_decorator.py for tasks to queue
[2026-04-02T05:53:13.114+0530] {logging_mixin.py:188} INFO - [2026-04-02T05:53:13.114+0530] {dagbag.py:540} INFO - Filling up the DagBag from /Users/aswin/Documents/data-engineering-practice/ETL_Airflow_DBT/airflow/airflow_env/lib/python3.11/site-packages/airflow/example_dags/example_sensor_decorator.py
[2026-04-02T05:53:13.129+0530] {processor.py:840} INFO - DAG(s) 'example_sensor_decorator' retrieved from /Users/aswin/Documents/data-engineering-practice/ETL_Airflow_DBT/airflow/airflow_env/lib/python3.11/site-packages/airflow/example_dags/example_sensor_decorator.py
[2026-04-02T05:53:13.186+0530] {logging_mixin.py:188} INFO - [2026-04-02T05:53:13.186+0530] {dag.py:3096} INFO - Sync 1 DAGs
[2026-04-02T05:53:13.192+0530] {logging_mixin.py:188} INFO - [2026-04-02T05:53:13.192+0530] {dag.py:3954} INFO - Setting next_dagrun for example_sensor_decorator to None, run_after=None
[2026-04-02T05:53:13.201+0530] {processor.py:183} INFO - Processing /Users/aswin/Documents/data-engineering-practice/ETL_Airflow_DBT/airflow/airflow_env/lib/python3.11/site-packages/airflow/example_dags/example_sensor_decorator.py took 0.090 seconds
[2026-04-02T05:53:44.474+0530] {processor.py:161} INFO - Started process (PID=24914) to work on /Users/aswin/Documents/data-engineering-practice/ETL_Airflow_DBT/airflow/airflow_env/lib/python3.11/site-packages/airflow/example_dags/example_sensor_decorator.py
[2026-04-02T05:53:44.475+0530] {processor.py:830} INFO - Processing file /Users/aswin/Documents/data-engineering-practice/ETL_Airflow_DBT/airflow/airflow_env/lib/python3.11/site-packages/airflow/example_dags/example_sensor_decorator.py for tasks to queue
[2026-04-02T05:53:44.475+0530] {logging_mixin.py:188} INFO - [2026-04-02T05:53:44.475+0530] {dagbag.py:540} INFO - Filling up the DagBag from /Users/aswin/Documents/data-engineering-practice/ETL_Airflow_DBT/airflow/airflow_env/lib/python3.11/site-packages/airflow/example_dags/example_sensor_decorator.py
[2026-04-02T05:53:44.491+0530] {processor.py:840} INFO - DAG(s) 'example_sensor_decorator' retrieved from /Users/aswin/Documents/data-engineering-practice/ETL_Airflow_DBT/airflow/airflow_env/lib/python3.11/site-packages/airflow/example_dags/example_sensor_decorator.py
[2026-04-02T05:53:44.545+0530] {logging_mixin.py:188} INFO - [2026-04-02T05:53:44.545+0530] {dag.py:3096} INFO - Sync 1 DAGs
[2026-04-02T05:53:44.550+0530] {logging_mixin.py:188} INFO - [2026-04-02T05:53:44.550+0530] {dag.py:3954} INFO - Setting next_dagrun for example_sensor_decorator to None, run_after=None
[2026-04-02T05:53:44.560+0530] {processor.py:183} INFO - Processing /Users/aswin/Documents/data-engineering-practice/ETL_Airflow_DBT/airflow/airflow_env/lib/python3.11/site-packages/airflow/example_dags/example_sensor_decorator.py took 0.087 seconds
[2026-04-02T05:54:15.576+0530] {processor.py:161} INFO - Started process (PID=25052) to work on /Users/aswin/Documents/data-engineering-practice/ETL_Airflow_DBT/airflow/airflow_env/lib/python3.11/site-packages/airflow/example_dags/example_sensor_decorator.py
[2026-04-02T05:54:15.576+0530] {processor.py:830} INFO - Processing file /Users/aswin/Documents/data-engineering-practice/ETL_Airflow_DBT/airflow/airflow_env/lib/python3.11/site-packages/airflow/example_dags/example_sensor_decorator.py for tasks to queue
[2026-04-02T05:54:15.577+0530] {logging_mixin.py:188} INFO - [2026-04-02T05:54:15.577+0530] {dagbag.py:540} INFO - Filling up the DagBag from /Users/aswin/Documents/data-engineering-practice/ETL_Airflow_DBT/airflow/airflow_env/lib/python3.11/site-packages/airflow/example_dags/example_sensor_decorator.py
[2026-04-02T05:54:15.592+0530] {processor.py:840} INFO - DAG(s) 'example_sensor_decorator' retrieved from /Users/aswin/Documents/data-engineering-practice/ETL_Airflow_DBT/airflow/airflow_env/lib/python3.11/site-packages/airflow/example_dags/example_sensor_decorator.py
[2026-04-02T05:54:15.648+0530] {logging_mixin.py:188} INFO - [2026-04-02T05:54:15.647+0530] {dag.py:3096} INFO - Sync 1 DAGs
[2026-04-02T05:54:15.653+0530] {logging_mixin.py:188} INFO - [2026-04-02T05:54:15.653+0530] {dag.py:3954} INFO - Setting next_dagrun for example_sensor_decorator to None, run_after=None
[2026-04-02T05:54:15.662+0530] {processor.py:183} INFO - Processing /Users/aswin/Documents/data-engineering-practice/ETL_Airflow_DBT/airflow/airflow_env/lib/python3.11/site-packages/airflow/example_dags/example_sensor_decorator.py took 0.088 seconds
[2026-04-02T05:54:46.556+0530] {processor.py:161} INFO - Started process (PID=25185) to work on /Users/aswin/Documents/data-engineering-practice/ETL_Airflow_DBT/airflow/airflow_env/lib/python3.11/site-packages/airflow/example_dags/example_sensor_decorator.py
[2026-04-02T05:54:46.557+0530] {processor.py:830} INFO - Processing file /Users/aswin/Documents/data-engineering-practice/ETL_Airflow_DBT/airflow/airflow_env/lib/python3.11/site-packages/airflow/example_dags/example_sensor_decorator.py for tasks to queue
[2026-04-02T05:54:46.557+0530] {logging_mixin.py:188} INFO - [2026-04-02T05:54:46.557+0530] {dagbag.py:540} INFO - Filling up the DagBag from /Users/aswin/Documents/data-engineering-practice/ETL_Airflow_DBT/airflow/airflow_env/lib/python3.11/site-packages/airflow/example_dags/example_sensor_decorator.py
[2026-04-02T05:54:46.573+0530] {processor.py:840} INFO - DAG(s) 'example_sensor_decorator' retrieved from /Users/aswin/Documents/data-engineering-practice/ETL_Airflow_DBT/airflow/airflow_env/lib/python3.11/site-packages/airflow/example_dags/example_sensor_decorator.py
[2026-04-02T05:54:46.626+0530] {logging_mixin.py:188} INFO - [2026-04-02T05:54:46.626+0530] {dag.py:3096} INFO - Sync 1 DAGs
[2026-04-02T05:54:46.631+0530] {logging_mixin.py:188} INFO - [2026-04-02T05:54:46.631+0530] {dag.py:3954} INFO - Setting next_dagrun for example_sensor_decorator to None, run_after=None
[2026-04-02T05:54:46.639+0530] {processor.py:183} INFO - Processing /Users/aswin/Documents/data-engineering-practice/ETL_Airflow_DBT/airflow/airflow_env/lib/python3.11/site-packages/airflow/example_dags/example_sensor_decorator.py took 0.084 seconds
[2026-04-02T05:55:17.436+0530] {processor.py:161} INFO - Started process (PID=25310) to work on /Users/aswin/Documents/data-engineering-practice/ETL_Airflow_DBT/airflow/airflow_env/lib/python3.11/site-packages/airflow/example_dags/example_sensor_decorator.py
[2026-04-02T05:55:17.436+0530] {processor.py:830} INFO - Processing file /Users/aswin/Documents/data-engineering-practice/ETL_Airflow_DBT/airflow/airflow_env/lib/python3.11/site-packages/airflow/example_dags/example_sensor_decorator.py for tasks to queue
[2026-04-02T05:55:17.436+0530] {logging_mixin.py:188} INFO - [2026-04-02T05:55:17.436+0530] {dagbag.py:540} INFO - Filling up the DagBag from /Users/aswin/Documents/data-engineering-practice/ETL_Airflow_DBT/airflow/airflow_env/lib/python3.11/site-packages/airflow/example_dags/example_sensor_decorator.py
[2026-04-02T05:55:17.452+0530] {processor.py:840} INFO - DAG(s) 'example_sensor_decorator' retrieved from /Users/aswin/Documents/data-engineering-practice/ETL_Airflow_DBT/airflow/airflow_env/lib/python3.11/site-packages/airflow/example_dags/example_sensor_decorator.py
[2026-04-02T05:55:17.509+0530] {logging_mixin.py:188} INFO - [2026-04-02T05:55:17.509+0530] {dag.py:3096} INFO - Sync 1 DAGs
[2026-04-02T05:55:17.514+0530] {logging_mixin.py:188} INFO - [2026-04-02T05:55:17.513+0530] {dag.py:3954} INFO - Setting next_dagrun for example_sensor_decorator to None, run_after=None
[2026-04-02T05:55:17.522+0530] {processor.py:183} INFO - Processing /Users/aswin/Documents/data-engineering-practice/ETL_Airflow_DBT/airflow/airflow_env/lib/python3.11/site-packages/airflow/example_dags/example_sensor_decorator.py took 0.088 seconds
[2026-04-02T05:55:48.384+0530] {processor.py:161} INFO - Started process (PID=25483) to work on /Users/aswin/Documents/data-engineering-practice/ETL_Airflow_DBT/airflow/airflow_env/lib/python3.11/site-packages/airflow/example_dags/example_sensor_decorator.py
[2026-04-02T05:55:48.385+0530] {processor.py:830} INFO - Processing file /Users/aswin/Documents/data-engineering-practice/ETL_Airflow_DBT/airflow/airflow_env/lib/python3.11/site-packages/airflow/example_dags/example_sensor_decorator.py for tasks to queue
[2026-04-02T05:55:48.386+0530] {logging_mixin.py:188} INFO - [2026-04-02T05:55:48.385+0530] {dagbag.py:540} INFO - Filling up the DagBag from /Users/aswin/Documents/data-engineering-practice/ETL_Airflow_DBT/airflow/airflow_env/lib/python3.11/site-packages/airflow/example_dags/example_sensor_decorator.py
[2026-04-02T05:55:48.402+0530] {processor.py:840} INFO - DAG(s) 'example_sensor_decorator' retrieved from /Users/aswin/Documents/data-engineering-practice/ETL_Airflow_DBT/airflow/airflow_env/lib/python3.11/site-packages/airflow/example_dags/example_sensor_decorator.py
[2026-04-02T05:55:48.457+0530] {logging_mixin.py:188} INFO - [2026-04-02T05:55:48.457+0530] {dag.py:3096} INFO - Sync 1 DAGs
[2026-04-02T05:55:48.463+0530] {logging_mixin.py:188} INFO - [2026-04-02T05:55:48.462+0530] {dag.py:3954} INFO - Setting next_dagrun for example_sensor_decorator to None, run_after=None
[2026-04-02T05:55:48.472+0530] {processor.py:183} INFO - Processing /Users/aswin/Documents/data-engineering-practice/ETL_Airflow_DBT/airflow/airflow_env/lib/python3.11/site-packages/airflow/example_dags/example_sensor_decorator.py took 0.089 seconds
[2026-04-02T05:56:19.491+0530] {processor.py:161} INFO - Started process (PID=25615) to work on /Users/aswin/Documents/data-engineering-practice/ETL_Airflow_DBT/airflow/airflow_env/lib/python3.11/site-packages/airflow/example_dags/example_sensor_decorator.py
[2026-04-02T05:56:19.492+0530] {processor.py:830} INFO - Processing file /Users/aswin/Documents/data-engineering-practice/ETL_Airflow_DBT/airflow/airflow_env/lib/python3.11/site-packages/airflow/example_dags/example_sensor_decorator.py for tasks to queue
[2026-04-02T05:56:19.492+0530] {logging_mixin.py:188} INFO - [2026-04-02T05:56:19.492+0530] {dagbag.py:540} INFO - Filling up the DagBag from /Users/aswin/Documents/data-engineering-practice/ETL_Airflow_DBT/airflow/airflow_env/lib/python3.11/site-packages/airflow/example_dags/example_sensor_decorator.py
[2026-04-02T05:56:19.507+0530] {processor.py:840} INFO - DAG(s) 'example_sensor_decorator' retrieved from /Users/aswin/Documents/data-engineering-practice/ETL_Airflow_DBT/airflow/airflow_env/lib/python3.11/site-packages/airflow/example_dags/example_sensor_decorator.py
[2026-04-02T05:56:19.566+0530] {logging_mixin.py:188} INFO - [2026-04-02T05:56:19.566+0530] {dag.py:3096} INFO - Sync 1 DAGs
[2026-04-02T05:56:19.572+0530] {logging_mixin.py:188} INFO - [2026-04-02T05:56:19.571+0530] {dag.py:3954} INFO - Setting next_dagrun for example_sensor_decorator to None, run_after=None
[2026-04-02T05:56:19.582+0530] {processor.py:183} INFO - Processing /Users/aswin/Documents/data-engineering-practice/ETL_Airflow_DBT/airflow/airflow_env/lib/python3.11/site-packages/airflow/example_dags/example_sensor_decorator.py took 0.092 seconds
[2026-04-02T05:56:51.090+0530] {processor.py:161} INFO - Started process (PID=25739) to work on /Users/aswin/Documents/data-engineering-practice/ETL_Airflow_DBT/airflow/airflow_env/lib/python3.11/site-packages/airflow/example_dags/example_sensor_decorator.py
[2026-04-02T05:56:51.091+0530] {processor.py:830} INFO - Processing file /Users/aswin/Documents/data-engineering-practice/ETL_Airflow_DBT/airflow/airflow_env/lib/python3.11/site-packages/airflow/example_dags/example_sensor_decorator.py for tasks to queue
[2026-04-02T05:56:51.092+0530] {logging_mixin.py:188} INFO - [2026-04-02T05:56:51.091+0530] {dagbag.py:540} INFO - Filling up the DagBag from /Users/aswin/Documents/data-engineering-practice/ETL_Airflow_DBT/airflow/airflow_env/lib/python3.11/site-packages/airflow/example_dags/example_sensor_decorator.py
[2026-04-02T05:56:51.108+0530] {processor.py:840} INFO - DAG(s) 'example_sensor_decorator' retrieved from /Users/aswin/Documents/data-engineering-practice/ETL_Airflow_DBT/airflow/airflow_env/lib/python3.11/site-packages/airflow/example_dags/example_sensor_decorator.py
[2026-04-02T05:56:51.164+0530] {logging_mixin.py:188} INFO - [2026-04-02T05:56:51.164+0530] {dag.py:3096} INFO - Sync 1 DAGs
[2026-04-02T05:56:51.169+0530] {logging_mixin.py:188} INFO - [2026-04-02T05:56:51.169+0530] {dag.py:3954} INFO - Setting next_dagrun for example_sensor_decorator to None, run_after=None
[2026-04-02T05:56:51.177+0530] {processor.py:183} INFO - Processing /Users/aswin/Documents/data-engineering-practice/ETL_Airflow_DBT/airflow/airflow_env/lib/python3.11/site-packages/airflow/example_dags/example_sensor_decorator.py took 0.088 seconds
[2026-04-02T05:57:22.148+0530] {processor.py:161} INFO - Started process (PID=25866) to work on /Users/aswin/Documents/data-engineering-practice/ETL_Airflow_DBT/airflow/airflow_env/lib/python3.11/site-packages/airflow/example_dags/example_sensor_decorator.py
[2026-04-02T05:57:22.149+0530] {processor.py:830} INFO - Processing file /Users/aswin/Documents/data-engineering-practice/ETL_Airflow_DBT/airflow/airflow_env/lib/python3.11/site-packages/airflow/example_dags/example_sensor_decorator.py for tasks to queue
[2026-04-02T05:57:22.149+0530] {logging_mixin.py:188} INFO - [2026-04-02T05:57:22.149+0530] {dagbag.py:540} INFO - Filling up the DagBag from /Users/aswin/Documents/data-engineering-practice/ETL_Airflow_DBT/airflow/airflow_env/lib/python3.11/site-packages/airflow/example_dags/example_sensor_decorator.py
[2026-04-02T05:57:22.164+0530] {processor.py:840} INFO - DAG(s) 'example_sensor_decorator' retrieved from /Users/aswin/Documents/data-engineering-practice/ETL_Airflow_DBT/airflow/airflow_env/lib/python3.11/site-packages/airflow/example_dags/example_sensor_decorator.py
[2026-04-02T05:57:22.221+0530] {logging_mixin.py:188} INFO - [2026-04-02T05:57:22.221+0530] {dag.py:3096} INFO - Sync 1 DAGs
[2026-04-02T05:57:22.228+0530] {logging_mixin.py:188} INFO - [2026-04-02T05:57:22.228+0530] {dag.py:3954} INFO - Setting next_dagrun for example_sensor_decorator to None, run_after=None
[2026-04-02T05:57:22.239+0530] {processor.py:183} INFO - Processing /Users/aswin/Documents/data-engineering-practice/ETL_Airflow_DBT/airflow/airflow_env/lib/python3.11/site-packages/airflow/example_dags/example_sensor_decorator.py took 0.092 seconds
[2026-04-02T05:57:53.457+0530] {processor.py:161} INFO - Started process (PID=25999) to work on /Users/aswin/Documents/data-engineering-practice/ETL_Airflow_DBT/airflow/airflow_env/lib/python3.11/site-packages/airflow/example_dags/example_sensor_decorator.py
[2026-04-02T05:57:53.458+0530] {processor.py:830} INFO - Processing file /Users/aswin/Documents/data-engineering-practice/ETL_Airflow_DBT/airflow/airflow_env/lib/python3.11/site-packages/airflow/example_dags/example_sensor_decorator.py for tasks to queue
[2026-04-02T05:57:53.459+0530] {logging_mixin.py:188} INFO - [2026-04-02T05:57:53.459+0530] {dagbag.py:540} INFO - Filling up the DagBag from /Users/aswin/Documents/data-engineering-practice/ETL_Airflow_DBT/airflow/airflow_env/lib/python3.11/site-packages/airflow/example_dags/example_sensor_decorator.py
[2026-04-02T05:57:53.474+0530] {processor.py:840} INFO - DAG(s) 'example_sensor_decorator' retrieved from /Users/aswin/Documents/data-engineering-practice/ETL_Airflow_DBT/airflow/airflow_env/lib/python3.11/site-packages/airflow/example_dags/example_sensor_decorator.py
[2026-04-02T05:57:53.533+0530] {logging_mixin.py:188} INFO - [2026-04-02T05:57:53.533+0530] {dag.py:3096} INFO - Sync 1 DAGs
[2026-04-02T05:57:53.538+0530] {logging_mixin.py:188} INFO - [2026-04-02T05:57:53.538+0530] {dag.py:3954} INFO - Setting next_dagrun for example_sensor_decorator to None, run_after=None
[2026-04-02T05:57:53.547+0530] {processor.py:183} INFO - Processing /Users/aswin/Documents/data-engineering-practice/ETL_Airflow_DBT/airflow/airflow_env/lib/python3.11/site-packages/airflow/example_dags/example_sensor_decorator.py took 0.091 seconds
[2026-04-02T05:58:24.593+0530] {processor.py:161} INFO - Started process (PID=26124) to work on /Users/aswin/Documents/data-engineering-practice/ETL_Airflow_DBT/airflow/airflow_env/lib/python3.11/site-packages/airflow/example_dags/example_sensor_decorator.py
[2026-04-02T05:58:24.593+0530] {processor.py:830} INFO - Processing file /Users/aswin/Documents/data-engineering-practice/ETL_Airflow_DBT/airflow/airflow_env/lib/python3.11/site-packages/airflow/example_dags/example_sensor_decorator.py for tasks to queue
[2026-04-02T05:58:24.593+0530] {logging_mixin.py:188} INFO - [2026-04-02T05:58:24.593+0530] {dagbag.py:540} INFO - Filling up the DagBag from /Users/aswin/Documents/data-engineering-practice/ETL_Airflow_DBT/airflow/airflow_env/lib/python3.11/site-packages/airflow/example_dags/example_sensor_decorator.py
[2026-04-02T05:58:24.610+0530] {processor.py:840} INFO - DAG(s) 'example_sensor_decorator' retrieved from /Users/aswin/Documents/data-engineering-practice/ETL_Airflow_DBT/airflow/airflow_env/lib/python3.11/site-packages/airflow/example_dags/example_sensor_decorator.py
[2026-04-02T05:58:24.662+0530] {logging_mixin.py:188} INFO - [2026-04-02T05:58:24.662+0530] {dag.py:3096} INFO - Sync 1 DAGs
[2026-04-02T05:58:24.669+0530] {logging_mixin.py:188} INFO - [2026-04-02T05:58:24.669+0530] {dag.py:3954} INFO - Setting next_dagrun for example_sensor_decorator to None, run_after=None
[2026-04-02T05:58:24.678+0530] {processor.py:183} INFO - Processing /Users/aswin/Documents/data-engineering-practice/ETL_Airflow_DBT/airflow/airflow_env/lib/python3.11/site-packages/airflow/example_dags/example_sensor_decorator.py took 0.087 seconds
[2026-04-02T05:58:56.037+0530] {processor.py:161} INFO - Started process (PID=26249) to work on /Users/aswin/Documents/data-engineering-practice/ETL_Airflow_DBT/airflow/airflow_env/lib/python3.11/site-packages/airflow/example_dags/example_sensor_decorator.py
[2026-04-02T05:58:56.038+0530] {processor.py:830} INFO - Processing file /Users/aswin/Documents/data-engineering-practice/ETL_Airflow_DBT/airflow/airflow_env/lib/python3.11/site-packages/airflow/example_dags/example_sensor_decorator.py for tasks to queue
[2026-04-02T05:58:56.038+0530] {logging_mixin.py:188} INFO - [2026-04-02T05:58:56.038+0530] {dagbag.py:540} INFO - Filling up the DagBag from /Users/aswin/Documents/data-engineering-practice/ETL_Airflow_DBT/airflow/airflow_env/lib/python3.11/site-packages/airflow/example_dags/example_sensor_decorator.py
[2026-04-02T05:58:56.055+0530] {processor.py:840} INFO - DAG(s) 'example_sensor_decorator' retrieved from /Users/aswin/Documents/data-engineering-practice/ETL_Airflow_DBT/airflow/airflow_env/lib/python3.11/site-packages/airflow/example_dags/example_sensor_decorator.py
[2026-04-02T05:58:56.111+0530] {logging_mixin.py:188} INFO - [2026-04-02T05:58:56.111+0530] {dag.py:3096} INFO - Sync 1 DAGs
[2026-04-02T05:58:56.117+0530] {logging_mixin.py:188} INFO - [2026-04-02T05:58:56.117+0530] {dag.py:3954} INFO - Setting next_dagrun for example_sensor_decorator to None, run_after=None
[2026-04-02T05:58:56.126+0530] {processor.py:183} INFO - Processing /Users/aswin/Documents/data-engineering-practice/ETL_Airflow_DBT/airflow/airflow_env/lib/python3.11/site-packages/airflow/example_dags/example_sensor_decorator.py took 0.090 seconds
[2026-04-02T05:59:27.044+0530] {processor.py:161} INFO - Started process (PID=26383) to work on /Users/aswin/Documents/data-engineering-practice/ETL_Airflow_DBT/airflow/airflow_env/lib/python3.11/site-packages/airflow/example_dags/example_sensor_decorator.py
[2026-04-02T05:59:27.045+0530] {processor.py:830} INFO - Processing file /Users/aswin/Documents/data-engineering-practice/ETL_Airflow_DBT/airflow/airflow_env/lib/python3.11/site-packages/airflow/example_dags/example_sensor_decorator.py for tasks to queue
[2026-04-02T05:59:27.045+0530] {logging_mixin.py:188} INFO - [2026-04-02T05:59:27.045+0530] {dagbag.py:540} INFO - Filling up the DagBag from /Users/aswin/Documents/data-engineering-practice/ETL_Airflow_DBT/airflow/airflow_env/lib/python3.11/site-packages/airflow/example_dags/example_sensor_decorator.py
[2026-04-02T05:59:27.061+0530] {processor.py:840} INFO - DAG(s) 'example_sensor_decorator' retrieved from /Users/aswin/Documents/data-engineering-practice/ETL_Airflow_DBT/airflow/airflow_env/lib/python3.11/site-packages/airflow/example_dags/example_sensor_decorator.py
[2026-04-02T05:59:27.118+0530] {logging_mixin.py:188} INFO - [2026-04-02T05:59:27.118+0530] {dag.py:3096} INFO - Sync 1 DAGs
[2026-04-02T05:59:27.123+0530] {logging_mixin.py:188} INFO - [2026-04-02T05:59:27.123+0530] {dag.py:3954} INFO - Setting next_dagrun for example_sensor_decorator to None, run_after=None
[2026-04-02T05:59:27.132+0530] {processor.py:183} INFO - Processing /Users/aswin/Documents/data-engineering-practice/ETL_Airflow_DBT/airflow/airflow_env/lib/python3.11/site-packages/airflow/example_dags/example_sensor_decorator.py took 0.089 seconds
[2026-04-02T05:59:58.825+0530] {processor.py:161} INFO - Started process (PID=26513) to work on /Users/aswin/Documents/data-engineering-practice/ETL_Airflow_DBT/airflow/airflow_env/lib/python3.11/site-packages/airflow/example_dags/example_sensor_decorator.py
[2026-04-02T05:59:58.826+0530] {processor.py:830} INFO - Processing file /Users/aswin/Documents/data-engineering-practice/ETL_Airflow_DBT/airflow/airflow_env/lib/python3.11/site-packages/airflow/example_dags/example_sensor_decorator.py for tasks to queue
[2026-04-02T05:59:58.826+0530] {logging_mixin.py:188} INFO - [2026-04-02T05:59:58.826+0530] {dagbag.py:540} INFO - Filling up the DagBag from /Users/aswin/Documents/data-engineering-practice/ETL_Airflow_DBT/airflow/airflow_env/lib/python3.11/site-packages/airflow/example_dags/example_sensor_decorator.py
[2026-04-02T05:59:58.843+0530] {processor.py:840} INFO - DAG(s) 'example_sensor_decorator' retrieved from /Users/aswin/Documents/data-engineering-practice/ETL_Airflow_DBT/airflow/airflow_env/lib/python3.11/site-packages/airflow/example_dags/example_sensor_decorator.py
[2026-04-02T05:59:58.903+0530] {logging_mixin.py:188} INFO - [2026-04-02T05:59:58.903+0530] {dag.py:3096} INFO - Sync 1 DAGs
[2026-04-02T05:59:58.909+0530] {logging_mixin.py:188} INFO - [2026-04-02T05:59:58.909+0530] {dag.py:3954} INFO - Setting next_dagrun for example_sensor_decorator to None, run_after=None
[2026-04-02T05:59:58.919+0530] {processor.py:183} INFO - Processing /Users/aswin/Documents/data-engineering-practice/ETL_Airflow_DBT/airflow/airflow_env/lib/python3.11/site-packages/airflow/example_dags/example_sensor_decorator.py took 0.096 seconds
[2026-04-02T06:00:30.012+0530] {processor.py:161} INFO - Started process (PID=26640) to work on /Users/aswin/Documents/data-engineering-practice/ETL_Airflow_DBT/airflow/airflow_env/lib/python3.11/site-packages/airflow/example_dags/example_sensor_decorator.py
[2026-04-02T06:00:30.013+0530] {processor.py:830} INFO - Processing file /Users/aswin/Documents/data-engineering-practice/ETL_Airflow_DBT/airflow/airflow_env/lib/python3.11/site-packages/airflow/example_dags/example_sensor_decorator.py for tasks to queue
[2026-04-02T06:00:30.013+0530] {logging_mixin.py:188} INFO - [2026-04-02T06:00:30.013+0530] {dagbag.py:540} INFO - Filling up the DagBag from /Users/aswin/Documents/data-engineering-practice/ETL_Airflow_DBT/airflow/airflow_env/lib/python3.11/site-packages/airflow/example_dags/example_sensor_decorator.py
[2026-04-02T06:00:30.029+0530] {processor.py:840} INFO - DAG(s) 'example_sensor_decorator' retrieved from /Users/aswin/Documents/data-engineering-practice/ETL_Airflow_DBT/airflow/airflow_env/lib/python3.11/site-packages/airflow/example_dags/example_sensor_decorator.py
[2026-04-02T06:00:30.084+0530] {logging_mixin.py:188} INFO - [2026-04-02T06:00:30.083+0530] {dag.py:3096} INFO - Sync 1 DAGs
[2026-04-02T06:00:30.088+0530] {logging_mixin.py:188} INFO - [2026-04-02T06:00:30.088+0530] {dag.py:3954} INFO - Setting next_dagrun for example_sensor_decorator to None, run_after=None
[2026-04-02T06:00:30.097+0530] {processor.py:183} INFO - Processing /Users/aswin/Documents/data-engineering-practice/ETL_Airflow_DBT/airflow/airflow_env/lib/python3.11/site-packages/airflow/example_dags/example_sensor_decorator.py took 0.086 seconds
[2026-04-02T06:01:01.162+0530] {processor.py:161} INFO - Started process (PID=26771) to work on /Users/aswin/Documents/data-engineering-practice/ETL_Airflow_DBT/airflow/airflow_env/lib/python3.11/site-packages/airflow/example_dags/example_sensor_decorator.py
[2026-04-02T06:01:01.163+0530] {processor.py:830} INFO - Processing file /Users/aswin/Documents/data-engineering-practice/ETL_Airflow_DBT/airflow/airflow_env/lib/python3.11/site-packages/airflow/example_dags/example_sensor_decorator.py for tasks to queue
[2026-04-02T06:01:01.164+0530] {logging_mixin.py:188} INFO - [2026-04-02T06:01:01.164+0530] {dagbag.py:540} INFO - Filling up the DagBag from /Users/aswin/Documents/data-engineering-practice/ETL_Airflow_DBT/airflow/airflow_env/lib/python3.11/site-packages/airflow/example_dags/example_sensor_decorator.py
[2026-04-02T06:01:01.180+0530] {processor.py:840} INFO - DAG(s) 'example_sensor_decorator' retrieved from /Users/aswin/Documents/data-engineering-practice/ETL_Airflow_DBT/airflow/airflow_env/lib/python3.11/site-packages/airflow/example_dags/example_sensor_decorator.py
[2026-04-02T06:01:01.232+0530] {logging_mixin.py:188} INFO - [2026-04-02T06:01:01.232+0530] {dag.py:3096} INFO - Sync 1 DAGs
[2026-04-02T06:01:01.237+0530] {logging_mixin.py:188} INFO - [2026-04-02T06:01:01.237+0530] {dag.py:3954} INFO - Setting next_dagrun for example_sensor_decorator to None, run_after=None
[2026-04-02T06:01:01.244+0530] {processor.py:183} INFO - Processing /Users/aswin/Documents/data-engineering-practice/ETL_Airflow_DBT/airflow/airflow_env/lib/python3.11/site-packages/airflow/example_dags/example_sensor_decorator.py took 0.083 seconds
[2026-04-02T06:01:31.947+0530] {processor.py:161} INFO - Started process (PID=26898) to work on /Users/aswin/Documents/data-engineering-practice/ETL_Airflow_DBT/airflow/airflow_env/lib/python3.11/site-packages/airflow/example_dags/example_sensor_decorator.py
[2026-04-02T06:01:31.948+0530] {processor.py:830} INFO - Processing file /Users/aswin/Documents/data-engineering-practice/ETL_Airflow_DBT/airflow/airflow_env/lib/python3.11/site-packages/airflow/example_dags/example_sensor_decorator.py for tasks to queue
[2026-04-02T06:01:31.948+0530] {logging_mixin.py:188} INFO - [2026-04-02T06:01:31.948+0530] {dagbag.py:540} INFO - Filling up the DagBag from /Users/aswin/Documents/data-engineering-practice/ETL_Airflow_DBT/airflow/airflow_env/lib/python3.11/site-packages/airflow/example_dags/example_sensor_decorator.py
[2026-04-02T06:01:31.964+0530] {processor.py:840} INFO - DAG(s) 'example_sensor_decorator' retrieved from /Users/aswin/Documents/data-engineering-practice/ETL_Airflow_DBT/airflow/airflow_env/lib/python3.11/site-packages/airflow/example_dags/example_sensor_decorator.py
[2026-04-02T06:01:32.020+0530] {logging_mixin.py:188} INFO - [2026-04-02T06:01:32.020+0530] {dag.py:3096} INFO - Sync 1 DAGs
[2026-04-02T06:01:32.026+0530] {logging_mixin.py:188} INFO - [2026-04-02T06:01:32.026+0530] {dag.py:3954} INFO - Setting next_dagrun for example_sensor_decorator to None, run_after=None
[2026-04-02T06:01:32.034+0530] {processor.py:183} INFO - Processing /Users/aswin/Documents/data-engineering-practice/ETL_Airflow_DBT/airflow/airflow_env/lib/python3.11/site-packages/airflow/example_dags/example_sensor_decorator.py took 0.088 seconds
[2026-04-02T06:02:02.957+0530] {processor.py:161} INFO - Started process (PID=27035) to work on /Users/aswin/Documents/data-engineering-practice/ETL_Airflow_DBT/airflow/airflow_env/lib/python3.11/site-packages/airflow/example_dags/example_sensor_decorator.py
[2026-04-02T06:02:02.958+0530] {processor.py:830} INFO - Processing file /Users/aswin/Documents/data-engineering-practice/ETL_Airflow_DBT/airflow/airflow_env/lib/python3.11/site-packages/airflow/example_dags/example_sensor_decorator.py for tasks to queue
[2026-04-02T06:02:02.959+0530] {logging_mixin.py:188} INFO - [2026-04-02T06:02:02.958+0530] {dagbag.py:540} INFO - Filling up the DagBag from /Users/aswin/Documents/data-engineering-practice/ETL_Airflow_DBT/airflow/airflow_env/lib/python3.11/site-packages/airflow/example_dags/example_sensor_decorator.py
[2026-04-02T06:02:02.980+0530] {processor.py:840} INFO - DAG(s) 'example_sensor_decorator' retrieved from /Users/aswin/Documents/data-engineering-practice/ETL_Airflow_DBT/airflow/airflow_env/lib/python3.11/site-packages/airflow/example_dags/example_sensor_decorator.py
[2026-04-02T06:02:03.045+0530] {logging_mixin.py:188} INFO - [2026-04-02T06:02:03.045+0530] {dag.py:3096} INFO - Sync 1 DAGs
[2026-04-02T06:02:03.053+0530] {logging_mixin.py:188} INFO - [2026-04-02T06:02:03.052+0530] {dag.py:3954} INFO - Setting next_dagrun for example_sensor_decorator to None, run_after=None
[2026-04-02T06:02:03.062+0530] {processor.py:183} INFO - Processing /Users/aswin/Documents/data-engineering-practice/ETL_Airflow_DBT/airflow/airflow_env/lib/python3.11/site-packages/airflow/example_dags/example_sensor_decorator.py took 0.106 seconds
[2026-04-02T06:02:33.957+0530] {processor.py:161} INFO - Started process (PID=27167) to work on /Users/aswin/Documents/data-engineering-practice/ETL_Airflow_DBT/airflow/airflow_env/lib/python3.11/site-packages/airflow/example_dags/example_sensor_decorator.py
[2026-04-02T06:02:33.957+0530] {processor.py:830} INFO - Processing file /Users/aswin/Documents/data-engineering-practice/ETL_Airflow_DBT/airflow/airflow_env/lib/python3.11/site-packages/airflow/example_dags/example_sensor_decorator.py for tasks to queue
[2026-04-02T06:02:33.958+0530] {logging_mixin.py:188} INFO - [2026-04-02T06:02:33.957+0530] {dagbag.py:540} INFO - Filling up the DagBag from /Users/aswin/Documents/data-engineering-practice/ETL_Airflow_DBT/airflow/airflow_env/lib/python3.11/site-packages/airflow/example_dags/example_sensor_decorator.py
[2026-04-02T06:02:33.974+0530] {processor.py:840} INFO - DAG(s) 'example_sensor_decorator' retrieved from /Users/aswin/Documents/data-engineering-practice/ETL_Airflow_DBT/airflow/airflow_env/lib/python3.11/site-packages/airflow/example_dags/example_sensor_decorator.py
[2026-04-02T06:02:34.027+0530] {logging_mixin.py:188} INFO - [2026-04-02T06:02:34.027+0530] {dag.py:3096} INFO - Sync 1 DAGs
[2026-04-02T06:02:34.033+0530] {logging_mixin.py:188} INFO - [2026-04-02T06:02:34.033+0530] {dag.py:3954} INFO - Setting next_dagrun for example_sensor_decorator to None, run_after=None
[2026-04-02T06:02:34.042+0530] {processor.py:183} INFO - Processing /Users/aswin/Documents/data-engineering-practice/ETL_Airflow_DBT/airflow/airflow_env/lib/python3.11/site-packages/airflow/example_dags/example_sensor_decorator.py took 0.086 seconds
[2026-04-02T06:03:05.204+0530] {processor.py:161} INFO - Started process (PID=27292) to work on /Users/aswin/Documents/data-engineering-practice/ETL_Airflow_DBT/airflow/airflow_env/lib/python3.11/site-packages/airflow/example_dags/example_sensor_decorator.py
[2026-04-02T06:03:05.205+0530] {processor.py:830} INFO - Processing file /Users/aswin/Documents/data-engineering-practice/ETL_Airflow_DBT/airflow/airflow_env/lib/python3.11/site-packages/airflow/example_dags/example_sensor_decorator.py for tasks to queue
[2026-04-02T06:03:05.206+0530] {logging_mixin.py:188} INFO - [2026-04-02T06:03:05.205+0530] {dagbag.py:540} INFO - Filling up the DagBag from /Users/aswin/Documents/data-engineering-practice/ETL_Airflow_DBT/airflow/airflow_env/lib/python3.11/site-packages/airflow/example_dags/example_sensor_decorator.py
[2026-04-02T06:03:05.221+0530] {processor.py:840} INFO - DAG(s) 'example_sensor_decorator' retrieved from /Users/aswin/Documents/data-engineering-practice/ETL_Airflow_DBT/airflow/airflow_env/lib/python3.11/site-packages/airflow/example_dags/example_sensor_decorator.py
[2026-04-02T06:03:05.277+0530] {logging_mixin.py:188} INFO - [2026-04-02T06:03:05.276+0530] {dag.py:3096} INFO - Sync 1 DAGs
[2026-04-02T06:03:05.282+0530] {logging_mixin.py:188} INFO - [2026-04-02T06:03:05.282+0530] {dag.py:3954} INFO - Setting next_dagrun for example_sensor_decorator to None, run_after=None
[2026-04-02T06:03:05.292+0530] {processor.py:183} INFO - Processing /Users/aswin/Documents/data-engineering-practice/ETL_Airflow_DBT/airflow/airflow_env/lib/python3.11/site-packages/airflow/example_dags/example_sensor_decorator.py took 0.089 seconds
[2026-04-02T06:03:36.134+0530] {processor.py:161} INFO - Started process (PID=27418) to work on /Users/aswin/Documents/data-engineering-practice/ETL_Airflow_DBT/airflow/airflow_env/lib/python3.11/site-packages/airflow/example_dags/example_sensor_decorator.py
[2026-04-02T06:03:36.134+0530] {processor.py:830} INFO - Processing file /Users/aswin/Documents/data-engineering-practice/ETL_Airflow_DBT/airflow/airflow_env/lib/python3.11/site-packages/airflow/example_dags/example_sensor_decorator.py for tasks to queue
[2026-04-02T06:03:36.135+0530] {logging_mixin.py:188} INFO - [2026-04-02T06:03:36.135+0530] {dagbag.py:540} INFO - Filling up the DagBag from /Users/aswin/Documents/data-engineering-practice/ETL_Airflow_DBT/airflow/airflow_env/lib/python3.11/site-packages/airflow/example_dags/example_sensor_decorator.py
[2026-04-02T06:03:36.150+0530] {processor.py:840} INFO - DAG(s) 'example_sensor_decorator' retrieved from /Users/aswin/Documents/data-engineering-practice/ETL_Airflow_DBT/airflow/airflow_env/lib/python3.11/site-packages/airflow/example_dags/example_sensor_decorator.py
[2026-04-02T06:03:36.210+0530] {logging_mixin.py:188} INFO - [2026-04-02T06:03:36.210+0530] {dag.py:3096} INFO - Sync 1 DAGs
[2026-04-02T06:03:36.218+0530] {logging_mixin.py:188} INFO - [2026-04-02T06:03:36.218+0530] {dag.py:3954} INFO - Setting next_dagrun for example_sensor_decorator to None, run_after=None
[2026-04-02T06:03:36.229+0530] {processor.py:183} INFO - Processing /Users/aswin/Documents/data-engineering-practice/ETL_Airflow_DBT/airflow/airflow_env/lib/python3.11/site-packages/airflow/example_dags/example_sensor_decorator.py took 0.096 seconds
[2026-04-02T06:04:07.264+0530] {processor.py:161} INFO - Started process (PID=27542) to work on /Users/aswin/Documents/data-engineering-practice/ETL_Airflow_DBT/airflow/airflow_env/lib/python3.11/site-packages/airflow/example_dags/example_sensor_decorator.py
[2026-04-02T06:04:07.265+0530] {processor.py:830} INFO - Processing file /Users/aswin/Documents/data-engineering-practice/ETL_Airflow_DBT/airflow/airflow_env/lib/python3.11/site-packages/airflow/example_dags/example_sensor_decorator.py for tasks to queue
[2026-04-02T06:04:07.265+0530] {logging_mixin.py:188} INFO - [2026-04-02T06:04:07.265+0530] {dagbag.py:540} INFO - Filling up the DagBag from /Users/aswin/Documents/data-engineering-practice/ETL_Airflow_DBT/airflow/airflow_env/lib/python3.11/site-packages/airflow/example_dags/example_sensor_decorator.py
[2026-04-02T06:04:07.281+0530] {processor.py:840} INFO - DAG(s) 'example_sensor_decorator' retrieved from /Users/aswin/Documents/data-engineering-practice/ETL_Airflow_DBT/airflow/airflow_env/lib/python3.11/site-packages/airflow/example_dags/example_sensor_decorator.py
[2026-04-02T06:04:07.338+0530] {logging_mixin.py:188} INFO - [2026-04-02T06:04:07.338+0530] {dag.py:3096} INFO - Sync 1 DAGs
[2026-04-02T06:04:07.345+0530] {logging_mixin.py:188} INFO - [2026-04-02T06:04:07.344+0530] {dag.py:3954} INFO - Setting next_dagrun for example_sensor_decorator to None, run_after=None
[2026-04-02T06:04:07.354+0530] {processor.py:183} INFO - Processing /Users/aswin/Documents/data-engineering-practice/ETL_Airflow_DBT/airflow/airflow_env/lib/python3.11/site-packages/airflow/example_dags/example_sensor_decorator.py took 0.091 seconds
[2026-04-02T06:04:38.623+0530] {processor.py:161} INFO - Started process (PID=27693) to work on /Users/aswin/Documents/data-engineering-practice/ETL_Airflow_DBT/airflow/airflow_env/lib/python3.11/site-packages/airflow/example_dags/example_sensor_decorator.py
[2026-04-02T06:04:38.623+0530] {processor.py:830} INFO - Processing file /Users/aswin/Documents/data-engineering-practice/ETL_Airflow_DBT/airflow/airflow_env/lib/python3.11/site-packages/airflow/example_dags/example_sensor_decorator.py for tasks to queue
[2026-04-02T06:04:38.624+0530] {logging_mixin.py:188} INFO - [2026-04-02T06:04:38.624+0530] {dagbag.py:540} INFO - Filling up the DagBag from /Users/aswin/Documents/data-engineering-practice/ETL_Airflow_DBT/airflow/airflow_env/lib/python3.11/site-packages/airflow/example_dags/example_sensor_decorator.py
[2026-04-02T06:04:38.641+0530] {processor.py:840} INFO - DAG(s) 'example_sensor_decorator' retrieved from /Users/aswin/Documents/data-engineering-practice/ETL_Airflow_DBT/airflow/airflow_env/lib/python3.11/site-packages/airflow/example_dags/example_sensor_decorator.py
[2026-04-02T06:04:38.704+0530] {logging_mixin.py:188} INFO - [2026-04-02T06:04:38.704+0530] {dag.py:3096} INFO - Sync 1 DAGs
[2026-04-02T06:04:38.713+0530] {logging_mixin.py:188} INFO - [2026-04-02T06:04:38.713+0530] {dag.py:3954} INFO - Setting next_dagrun for example_sensor_decorator to None, run_after=None
[2026-04-02T06:04:38.724+0530] {processor.py:183} INFO - Processing /Users/aswin/Documents/data-engineering-practice/ETL_Airflow_DBT/airflow/airflow_env/lib/python3.11/site-packages/airflow/example_dags/example_sensor_decorator.py took 0.103 seconds
[2026-04-02T06:05:09.695+0530] {processor.py:161} INFO - Started process (PID=27822) to work on /Users/aswin/Documents/data-engineering-practice/ETL_Airflow_DBT/airflow/airflow_env/lib/python3.11/site-packages/airflow/example_dags/example_sensor_decorator.py
[2026-04-02T06:05:09.695+0530] {processor.py:830} INFO - Processing file /Users/aswin/Documents/data-engineering-practice/ETL_Airflow_DBT/airflow/airflow_env/lib/python3.11/site-packages/airflow/example_dags/example_sensor_decorator.py for tasks to queue
[2026-04-02T06:05:09.695+0530] {logging_mixin.py:188} INFO - [2026-04-02T06:05:09.695+0530] {dagbag.py:540} INFO - Filling up the DagBag from /Users/aswin/Documents/data-engineering-practice/ETL_Airflow_DBT/airflow/airflow_env/lib/python3.11/site-packages/airflow/example_dags/example_sensor_decorator.py
[2026-04-02T06:05:09.712+0530] {processor.py:840} INFO - DAG(s) 'example_sensor_decorator' retrieved from /Users/aswin/Documents/data-engineering-practice/ETL_Airflow_DBT/airflow/airflow_env/lib/python3.11/site-packages/airflow/example_dags/example_sensor_decorator.py
[2026-04-02T06:05:09.767+0530] {logging_mixin.py:188} INFO - [2026-04-02T06:05:09.767+0530] {dag.py:3096} INFO - Sync 1 DAGs
[2026-04-02T06:05:09.773+0530] {logging_mixin.py:188} INFO - [2026-04-02T06:05:09.773+0530] {dag.py:3954} INFO - Setting next_dagrun for example_sensor_decorator to None, run_after=None
[2026-04-02T06:05:09.781+0530] {processor.py:183} INFO - Processing /Users/aswin/Documents/data-engineering-practice/ETL_Airflow_DBT/airflow/airflow_env/lib/python3.11/site-packages/airflow/example_dags/example_sensor_decorator.py took 0.087 seconds
[2026-04-02T06:05:40.758+0530] {processor.py:161} INFO - Started process (PID=27958) to work on /Users/aswin/Documents/data-engineering-practice/ETL_Airflow_DBT/airflow/airflow_env/lib/python3.11/site-packages/airflow/example_dags/example_sensor_decorator.py
[2026-04-02T06:05:40.758+0530] {processor.py:830} INFO - Processing file /Users/aswin/Documents/data-engineering-practice/ETL_Airflow_DBT/airflow/airflow_env/lib/python3.11/site-packages/airflow/example_dags/example_sensor_decorator.py for tasks to queue
[2026-04-02T06:05:40.758+0530] {logging_mixin.py:188} INFO - [2026-04-02T06:05:40.758+0530] {dagbag.py:540} INFO - Filling up the DagBag from /Users/aswin/Documents/data-engineering-practice/ETL_Airflow_DBT/airflow/airflow_env/lib/python3.11/site-packages/airflow/example_dags/example_sensor_decorator.py
[2026-04-02T06:05:40.774+0530] {processor.py:840} INFO - DAG(s) 'example_sensor_decorator' retrieved from /Users/aswin/Documents/data-engineering-practice/ETL_Airflow_DBT/airflow/airflow_env/lib/python3.11/site-packages/airflow/example_dags/example_sensor_decorator.py
[2026-04-02T06:05:40.828+0530] {logging_mixin.py:188} INFO - [2026-04-02T06:05:40.828+0530] {dag.py:3096} INFO - Sync 1 DAGs
[2026-04-02T06:05:40.834+0530] {logging_mixin.py:188} INFO - [2026-04-02T06:05:40.834+0530] {dag.py:3954} INFO - Setting next_dagrun for example_sensor_decorator to None, run_after=None
[2026-04-02T06:05:40.842+0530] {processor.py:183} INFO - Processing /Users/aswin/Documents/data-engineering-practice/ETL_Airflow_DBT/airflow/airflow_env/lib/python3.11/site-packages/airflow/example_dags/example_sensor_decorator.py took 0.086 seconds
[2026-04-02T06:06:11.881+0530] {processor.py:161} INFO - Started process (PID=28107) to work on /Users/aswin/Documents/data-engineering-practice/ETL_Airflow_DBT/airflow/airflow_env/lib/python3.11/site-packages/airflow/example_dags/example_sensor_decorator.py
[2026-04-02T06:06:11.882+0530] {processor.py:830} INFO - Processing file /Users/aswin/Documents/data-engineering-practice/ETL_Airflow_DBT/airflow/airflow_env/lib/python3.11/site-packages/airflow/example_dags/example_sensor_decorator.py for tasks to queue
[2026-04-02T06:06:11.882+0530] {logging_mixin.py:188} INFO - [2026-04-02T06:06:11.882+0530] {dagbag.py:540} INFO - Filling up the DagBag from /Users/aswin/Documents/data-engineering-practice/ETL_Airflow_DBT/airflow/airflow_env/lib/python3.11/site-packages/airflow/example_dags/example_sensor_decorator.py
[2026-04-02T06:06:11.898+0530] {processor.py:840} INFO - DAG(s) 'example_sensor_decorator' retrieved from /Users/aswin/Documents/data-engineering-practice/ETL_Airflow_DBT/airflow/airflow_env/lib/python3.11/site-packages/airflow/example_dags/example_sensor_decorator.py
[2026-04-02T06:06:11.951+0530] {logging_mixin.py:188} INFO - [2026-04-02T06:06:11.950+0530] {dag.py:3096} INFO - Sync 1 DAGs
[2026-04-02T06:06:11.957+0530] {logging_mixin.py:188} INFO - [2026-04-02T06:06:11.956+0530] {dag.py:3954} INFO - Setting next_dagrun for example_sensor_decorator to None, run_after=None
[2026-04-02T06:06:11.966+0530] {processor.py:183} INFO - Processing /Users/aswin/Documents/data-engineering-practice/ETL_Airflow_DBT/airflow/airflow_env/lib/python3.11/site-packages/airflow/example_dags/example_sensor_decorator.py took 0.086 seconds
[2026-04-02T06:06:43.118+0530] {processor.py:161} INFO - Started process (PID=28233) to work on /Users/aswin/Documents/data-engineering-practice/ETL_Airflow_DBT/airflow/airflow_env/lib/python3.11/site-packages/airflow/example_dags/example_sensor_decorator.py
[2026-04-02T06:06:43.119+0530] {processor.py:830} INFO - Processing file /Users/aswin/Documents/data-engineering-practice/ETL_Airflow_DBT/airflow/airflow_env/lib/python3.11/site-packages/airflow/example_dags/example_sensor_decorator.py for tasks to queue
[2026-04-02T06:06:43.119+0530] {logging_mixin.py:188} INFO - [2026-04-02T06:06:43.119+0530] {dagbag.py:540} INFO - Filling up the DagBag from /Users/aswin/Documents/data-engineering-practice/ETL_Airflow_DBT/airflow/airflow_env/lib/python3.11/site-packages/airflow/example_dags/example_sensor_decorator.py
[2026-04-02T06:06:43.134+0530] {processor.py:840} INFO - DAG(s) 'example_sensor_decorator' retrieved from /Users/aswin/Documents/data-engineering-practice/ETL_Airflow_DBT/airflow/airflow_env/lib/python3.11/site-packages/airflow/example_dags/example_sensor_decorator.py
[2026-04-02T06:06:43.189+0530] {logging_mixin.py:188} INFO - [2026-04-02T06:06:43.189+0530] {dag.py:3096} INFO - Sync 1 DAGs
[2026-04-02T06:06:43.194+0530] {logging_mixin.py:188} INFO - [2026-04-02T06:06:43.194+0530] {dag.py:3954} INFO - Setting next_dagrun for example_sensor_decorator to None, run_after=None
[2026-04-02T06:06:43.203+0530] {processor.py:183} INFO - Processing /Users/aswin/Documents/data-engineering-practice/ETL_Airflow_DBT/airflow/airflow_env/lib/python3.11/site-packages/airflow/example_dags/example_sensor_decorator.py took 0.086 seconds
