[2026-04-02T05:38:10.057+0530] {processor.py:161} INFO - Started process (PID=21169) to work on /Users/aswin/Documents/data-engineering-practice/ETL_Airflow_DBT/airflow/airflow_env/lib/python3.11/site-packages/airflow/example_dags/example_params_trigger_ui.py
[2026-04-02T05:38:10.057+0530] {processor.py:830} INFO - Processing file /Users/aswin/Documents/data-engineering-practice/ETL_Airflow_DBT/airflow/airflow_env/lib/python3.11/site-packages/airflow/example_dags/example_params_trigger_ui.py for tasks to queue
[2026-04-02T05:38:10.058+0530] {logging_mixin.py:188} INFO - [2026-04-02T05:38:10.058+0530] {dagbag.py:540} INFO - Filling up the DagBag from /Users/aswin/Documents/data-engineering-practice/ETL_Airflow_DBT/airflow/airflow_env/lib/python3.11/site-packages/airflow/example_dags/example_params_trigger_ui.py
[2026-04-02T05:38:10.075+0530] {processor.py:840} INFO - DAG(s) 'example_params_trigger_ui' retrieved from /Users/aswin/Documents/data-engineering-practice/ETL_Airflow_DBT/airflow/airflow_env/lib/python3.11/site-packages/airflow/example_dags/example_params_trigger_ui.py
[2026-04-02T05:38:10.135+0530] {logging_mixin.py:188} INFO - [2026-04-02T05:38:10.134+0530] {dag.py:3096} INFO - Sync 1 DAGs
[2026-04-02T05:38:10.140+0530] {logging_mixin.py:188} INFO - [2026-04-02T05:38:10.140+0530] {dag.py:3954} INFO - Setting next_dagrun for example_params_trigger_ui to None, run_after=None
[2026-04-02T05:38:10.148+0530] {processor.py:183} INFO - Processing /Users/aswin/Documents/data-engineering-practice/ETL_Airflow_DBT/airflow/airflow_env/lib/python3.11/site-packages/airflow/example_dags/example_params_trigger_ui.py took 0.092 seconds
[2026-04-02T05:38:41.415+0530] {processor.py:161} INFO - Started process (PID=21295) to work on /Users/aswin/Documents/data-engineering-practice/ETL_Airflow_DBT/airflow/airflow_env/lib/python3.11/site-packages/airflow/example_dags/example_params_trigger_ui.py
[2026-04-02T05:38:41.416+0530] {processor.py:830} INFO - Processing file /Users/aswin/Documents/data-engineering-practice/ETL_Airflow_DBT/airflow/airflow_env/lib/python3.11/site-packages/airflow/example_dags/example_params_trigger_ui.py for tasks to queue
[2026-04-02T05:38:41.416+0530] {logging_mixin.py:188} INFO - [2026-04-02T05:38:41.416+0530] {dagbag.py:540} INFO - Filling up the DagBag from /Users/aswin/Documents/data-engineering-practice/ETL_Airflow_DBT/airflow/airflow_env/lib/python3.11/site-packages/airflow/example_dags/example_params_trigger_ui.py
[2026-04-02T05:38:41.433+0530] {processor.py:840} INFO - DAG(s) 'example_params_trigger_ui' retrieved from /Users/aswin/Documents/data-engineering-practice/ETL_Airflow_DBT/airflow/airflow_env/lib/python3.11/site-packages/airflow/example_dags/example_params_trigger_ui.py
[2026-04-02T05:38:41.492+0530] {logging_mixin.py:188} INFO - [2026-04-02T05:38:41.492+0530] {dag.py:3096} INFO - Sync 1 DAGs
[2026-04-02T05:38:41.497+0530] {logging_mixin.py:188} INFO - [2026-04-02T05:38:41.497+0530] {dag.py:3954} INFO - Setting next_dagrun for example_params_trigger_ui to None, run_after=None
[2026-04-02T05:38:41.506+0530] {processor.py:183} INFO - Processing /Users/aswin/Documents/data-engineering-practice/ETL_Airflow_DBT/airflow/airflow_env/lib/python3.11/site-packages/airflow/example_dags/example_params_trigger_ui.py took 0.092 seconds
[2026-04-02T05:39:12.487+0530] {processor.py:161} INFO - Started process (PID=21420) to work on /Users/aswin/Documents/data-engineering-practice/ETL_Airflow_DBT/airflow/airflow_env/lib/python3.11/site-packages/airflow/example_dags/example_params_trigger_ui.py
[2026-04-02T05:39:12.488+0530] {processor.py:830} INFO - Processing file /Users/aswin/Documents/data-engineering-practice/ETL_Airflow_DBT/airflow/airflow_env/lib/python3.11/site-packages/airflow/example_dags/example_params_trigger_ui.py for tasks to queue
[2026-04-02T05:39:12.488+0530] {logging_mixin.py:188} INFO - [2026-04-02T05:39:12.488+0530] {dagbag.py:540} INFO - Filling up the DagBag from /Users/aswin/Documents/data-engineering-practice/ETL_Airflow_DBT/airflow/airflow_env/lib/python3.11/site-packages/airflow/example_dags/example_params_trigger_ui.py
[2026-04-02T05:39:12.505+0530] {processor.py:840} INFO - DAG(s) 'example_params_trigger_ui' retrieved from /Users/aswin/Documents/data-engineering-practice/ETL_Airflow_DBT/airflow/airflow_env/lib/python3.11/site-packages/airflow/example_dags/example_params_trigger_ui.py
[2026-04-02T05:39:12.564+0530] {logging_mixin.py:188} INFO - [2026-04-02T05:39:12.563+0530] {dag.py:3096} INFO - Sync 1 DAGs
[2026-04-02T05:39:12.568+0530] {logging_mixin.py:188} INFO - [2026-04-02T05:39:12.568+0530] {dag.py:3954} INFO - Setting next_dagrun for example_params_trigger_ui to None, run_after=None
[2026-04-02T05:39:12.578+0530] {processor.py:183} INFO - Processing /Users/aswin/Documents/data-engineering-practice/ETL_Airflow_DBT/airflow/airflow_env/lib/python3.11/site-packages/airflow/example_dags/example_params_trigger_ui.py took 0.092 seconds
[2026-04-02T05:39:43.738+0530] {processor.py:161} INFO - Started process (PID=21548) to work on /Users/aswin/Documents/data-engineering-practice/ETL_Airflow_DBT/airflow/airflow_env/lib/python3.11/site-packages/airflow/example_dags/example_params_trigger_ui.py
[2026-04-02T05:39:43.738+0530] {processor.py:830} INFO - Processing file /Users/aswin/Documents/data-engineering-practice/ETL_Airflow_DBT/airflow/airflow_env/lib/python3.11/site-packages/airflow/example_dags/example_params_trigger_ui.py for tasks to queue
[2026-04-02T05:39:43.739+0530] {logging_mixin.py:188} INFO - [2026-04-02T05:39:43.739+0530] {dagbag.py:540} INFO - Filling up the DagBag from /Users/aswin/Documents/data-engineering-practice/ETL_Airflow_DBT/airflow/airflow_env/lib/python3.11/site-packages/airflow/example_dags/example_params_trigger_ui.py
[2026-04-02T05:39:43.756+0530] {processor.py:840} INFO - DAG(s) 'example_params_trigger_ui' retrieved from /Users/aswin/Documents/data-engineering-practice/ETL_Airflow_DBT/airflow/airflow_env/lib/python3.11/site-packages/airflow/example_dags/example_params_trigger_ui.py
[2026-04-02T05:39:43.815+0530] {logging_mixin.py:188} INFO - [2026-04-02T05:39:43.815+0530] {dag.py:3096} INFO - Sync 1 DAGs
[2026-04-02T05:39:43.821+0530] {logging_mixin.py:188} INFO - [2026-04-02T05:39:43.821+0530] {dag.py:3954} INFO - Setting next_dagrun for example_params_trigger_ui to None, run_after=None
[2026-04-02T05:39:43.830+0530] {processor.py:183} INFO - Processing /Users/aswin/Documents/data-engineering-practice/ETL_Airflow_DBT/airflow/airflow_env/lib/python3.11/site-packages/airflow/example_dags/example_params_trigger_ui.py took 0.093 seconds
[2026-04-02T05:40:14.907+0530] {processor.py:161} INFO - Started process (PID=21673) to work on /Users/aswin/Documents/data-engineering-practice/ETL_Airflow_DBT/airflow/airflow_env/lib/python3.11/site-packages/airflow/example_dags/example_params_trigger_ui.py
[2026-04-02T05:40:14.908+0530] {processor.py:830} INFO - Processing file /Users/aswin/Documents/data-engineering-practice/ETL_Airflow_DBT/airflow/airflow_env/lib/python3.11/site-packages/airflow/example_dags/example_params_trigger_ui.py for tasks to queue
[2026-04-02T05:40:14.908+0530] {logging_mixin.py:188} INFO - [2026-04-02T05:40:14.908+0530] {dagbag.py:540} INFO - Filling up the DagBag from /Users/aswin/Documents/data-engineering-practice/ETL_Airflow_DBT/airflow/airflow_env/lib/python3.11/site-packages/airflow/example_dags/example_params_trigger_ui.py
[2026-04-02T05:40:14.925+0530] {processor.py:840} INFO - DAG(s) 'example_params_trigger_ui' retrieved from /Users/aswin/Documents/data-engineering-practice/ETL_Airflow_DBT/airflow/airflow_env/lib/python3.11/site-packages/airflow/example_dags/example_params_trigger_ui.py
[2026-04-02T05:40:14.983+0530] {logging_mixin.py:188} INFO - [2026-04-02T05:40:14.983+0530] {dag.py:3096} INFO - Sync 1 DAGs
[2026-04-02T05:40:14.990+0530] {logging_mixin.py:188} INFO - [2026-04-02T05:40:14.990+0530] {dag.py:3954} INFO - Setting next_dagrun for example_params_trigger_ui to None, run_after=None
[2026-04-02T05:40:15.003+0530] {processor.py:183} INFO - Processing /Users/aswin/Documents/data-engineering-practice/ETL_Airflow_DBT/airflow/airflow_env/lib/python3.11/site-packages/airflow/example_dags/example_params_trigger_ui.py took 0.097 seconds
[2026-04-02T05:40:45.961+0530] {processor.py:161} INFO - Started process (PID=21808) to work on /Users/aswin/Documents/data-engineering-practice/ETL_Airflow_DBT/airflow/airflow_env/lib/python3.11/site-packages/airflow/example_dags/example_params_trigger_ui.py
[2026-04-02T05:40:45.962+0530] {processor.py:830} INFO - Processing file /Users/aswin/Documents/data-engineering-practice/ETL_Airflow_DBT/airflow/airflow_env/lib/python3.11/site-packages/airflow/example_dags/example_params_trigger_ui.py for tasks to queue
[2026-04-02T05:40:45.963+0530] {logging_mixin.py:188} INFO - [2026-04-02T05:40:45.963+0530] {dagbag.py:540} INFO - Filling up the DagBag from /Users/aswin/Documents/data-engineering-practice/ETL_Airflow_DBT/airflow/airflow_env/lib/python3.11/site-packages/airflow/example_dags/example_params_trigger_ui.py
[2026-04-02T05:40:45.980+0530] {processor.py:840} INFO - DAG(s) 'example_params_trigger_ui' retrieved from /Users/aswin/Documents/data-engineering-practice/ETL_Airflow_DBT/airflow/airflow_env/lib/python3.11/site-packages/airflow/example_dags/example_params_trigger_ui.py
[2026-04-02T05:40:46.038+0530] {logging_mixin.py:188} INFO - [2026-04-02T05:40:46.038+0530] {dag.py:3096} INFO - Sync 1 DAGs
[2026-04-02T05:40:46.045+0530] {logging_mixin.py:188} INFO - [2026-04-02T05:40:46.044+0530] {dag.py:3954} INFO - Setting next_dagrun for example_params_trigger_ui to None, run_after=None
[2026-04-02T05:40:46.054+0530] {processor.py:183} INFO - Processing /Users/aswin/Documents/data-engineering-practice/ETL_Airflow_DBT/airflow/airflow_env/lib/python3.11/site-packages/airflow/example_dags/example_params_trigger_ui.py took 0.094 seconds
[2026-04-02T05:41:17.109+0530] {processor.py:161} INFO - Started process (PID=21934) to work on /Users/aswin/Documents/data-engineering-practice/ETL_Airflow_DBT/airflow/airflow_env/lib/python3.11/site-packages/airflow/example_dags/example_params_trigger_ui.py
[2026-04-02T05:41:17.111+0530] {processor.py:830} INFO - Processing file /Users/aswin/Documents/data-engineering-practice/ETL_Airflow_DBT/airflow/airflow_env/lib/python3.11/site-packages/airflow/example_dags/example_params_trigger_ui.py for tasks to queue
[2026-04-02T05:41:17.111+0530] {logging_mixin.py:188} INFO - [2026-04-02T05:41:17.111+0530] {dagbag.py:540} INFO - Filling up the DagBag from /Users/aswin/Documents/data-engineering-practice/ETL_Airflow_DBT/airflow/airflow_env/lib/python3.11/site-packages/airflow/example_dags/example_params_trigger_ui.py
[2026-04-02T05:41:17.129+0530] {processor.py:840} INFO - DAG(s) 'example_params_trigger_ui' retrieved from /Users/aswin/Documents/data-engineering-practice/ETL_Airflow_DBT/airflow/airflow_env/lib/python3.11/site-packages/airflow/example_dags/example_params_trigger_ui.py
[2026-04-02T05:41:17.190+0530] {logging_mixin.py:188} INFO - [2026-04-02T05:41:17.190+0530] {dag.py:3096} INFO - Sync 1 DAGs
[2026-04-02T05:41:17.196+0530] {logging_mixin.py:188} INFO - [2026-04-02T05:41:17.196+0530] {dag.py:3954} INFO - Setting next_dagrun for example_params_trigger_ui to None, run_after=None
[2026-04-02T05:41:17.206+0530] {processor.py:183} INFO - Processing /Users/aswin/Documents/data-engineering-practice/ETL_Airflow_DBT/airflow/airflow_env/lib/python3.11/site-packages/airflow/example_dags/example_params_trigger_ui.py took 0.098 seconds
[2026-04-02T05:41:48.480+0530] {processor.py:161} INFO - Started process (PID=22060) to work on /Users/aswin/Documents/data-engineering-practice/ETL_Airflow_DBT/airflow/airflow_env/lib/python3.11/site-packages/airflow/example_dags/example_params_trigger_ui.py
[2026-04-02T05:41:48.481+0530] {processor.py:830} INFO - Processing file /Users/aswin/Documents/data-engineering-practice/ETL_Airflow_DBT/airflow/airflow_env/lib/python3.11/site-packages/airflow/example_dags/example_params_trigger_ui.py for tasks to queue
[2026-04-02T05:41:48.481+0530] {logging_mixin.py:188} INFO - [2026-04-02T05:41:48.481+0530] {dagbag.py:540} INFO - Filling up the DagBag from /Users/aswin/Documents/data-engineering-practice/ETL_Airflow_DBT/airflow/airflow_env/lib/python3.11/site-packages/airflow/example_dags/example_params_trigger_ui.py
[2026-04-02T05:41:48.498+0530] {processor.py:840} INFO - DAG(s) 'example_params_trigger_ui' retrieved from /Users/aswin/Documents/data-engineering-practice/ETL_Airflow_DBT/airflow/airflow_env/lib/python3.11/site-packages/airflow/example_dags/example_params_trigger_ui.py
[2026-04-02T05:41:48.556+0530] {logging_mixin.py:188} INFO - [2026-04-02T05:41:48.556+0530] {dag.py:3096} INFO - Sync 1 DAGs
[2026-04-02T05:41:48.562+0530] {logging_mixin.py:188} INFO - [2026-04-02T05:41:48.562+0530] {dag.py:3954} INFO - Setting next_dagrun for example_params_trigger_ui to None, run_after=None
[2026-04-02T05:41:48.572+0530] {processor.py:183} INFO - Processing /Users/aswin/Documents/data-engineering-practice/ETL_Airflow_DBT/airflow/airflow_env/lib/python3.11/site-packages/airflow/example_dags/example_params_trigger_ui.py took 0.092 seconds
[2026-04-02T05:42:19.668+0530] {processor.py:161} INFO - Started process (PID=22191) to work on /Users/aswin/Documents/data-engineering-practice/ETL_Airflow_DBT/airflow/airflow_env/lib/python3.11/site-packages/airflow/example_dags/example_params_trigger_ui.py
[2026-04-02T05:42:19.669+0530] {processor.py:830} INFO - Processing file /Users/aswin/Documents/data-engineering-practice/ETL_Airflow_DBT/airflow/airflow_env/lib/python3.11/site-packages/airflow/example_dags/example_params_trigger_ui.py for tasks to queue
[2026-04-02T05:42:19.670+0530] {logging_mixin.py:188} INFO - [2026-04-02T05:42:19.670+0530] {dagbag.py:540} INFO - Filling up the DagBag from /Users/aswin/Documents/data-engineering-practice/ETL_Airflow_DBT/airflow/airflow_env/lib/python3.11/site-packages/airflow/example_dags/example_params_trigger_ui.py
[2026-04-02T05:42:19.687+0530] {processor.py:840} INFO - DAG(s) 'example_params_trigger_ui' retrieved from /Users/aswin/Documents/data-engineering-practice/ETL_Airflow_DBT/airflow/airflow_env/lib/python3.11/site-packages/airflow/example_dags/example_params_trigger_ui.py
[2026-04-02T05:42:19.753+0530] {logging_mixin.py:188} INFO - [2026-04-02T05:42:19.753+0530] {dag.py:3096} INFO - Sync 1 DAGs
[2026-04-02T05:42:19.759+0530] {logging_mixin.py:188} INFO - [2026-04-02T05:42:19.758+0530] {dag.py:3954} INFO - Setting next_dagrun for example_params_trigger_ui to None, run_after=None
[2026-04-02T05:42:19.769+0530] {processor.py:183} INFO - Processing /Users/aswin/Documents/data-engineering-practice/ETL_Airflow_DBT/airflow/airflow_env/lib/python3.11/site-packages/airflow/example_dags/example_params_trigger_ui.py took 0.101 seconds
[2026-04-02T05:42:51.297+0530] {processor.py:161} INFO - Started process (PID=22321) to work on /Users/aswin/Documents/data-engineering-practice/ETL_Airflow_DBT/airflow/airflow_env/lib/python3.11/site-packages/airflow/example_dags/example_params_trigger_ui.py
[2026-04-02T05:42:51.298+0530] {processor.py:830} INFO - Processing file /Users/aswin/Documents/data-engineering-practice/ETL_Airflow_DBT/airflow/airflow_env/lib/python3.11/site-packages/airflow/example_dags/example_params_trigger_ui.py for tasks to queue
[2026-04-02T05:42:51.298+0530] {logging_mixin.py:188} INFO - [2026-04-02T05:42:51.298+0530] {dagbag.py:540} INFO - Filling up the DagBag from /Users/aswin/Documents/data-engineering-practice/ETL_Airflow_DBT/airflow/airflow_env/lib/python3.11/site-packages/airflow/example_dags/example_params_trigger_ui.py
[2026-04-02T05:42:51.315+0530] {processor.py:840} INFO - DAG(s) 'example_params_trigger_ui' retrieved from /Users/aswin/Documents/data-engineering-practice/ETL_Airflow_DBT/airflow/airflow_env/lib/python3.11/site-packages/airflow/example_dags/example_params_trigger_ui.py
[2026-04-02T05:42:51.373+0530] {logging_mixin.py:188} INFO - [2026-04-02T05:42:51.373+0530] {dag.py:3096} INFO - Sync 1 DAGs
[2026-04-02T05:42:51.378+0530] {logging_mixin.py:188} INFO - [2026-04-02T05:42:51.378+0530] {dag.py:3954} INFO - Setting next_dagrun for example_params_trigger_ui to None, run_after=None
[2026-04-02T05:42:51.388+0530] {processor.py:183} INFO - Processing /Users/aswin/Documents/data-engineering-practice/ETL_Airflow_DBT/airflow/airflow_env/lib/python3.11/site-packages/airflow/example_dags/example_params_trigger_ui.py took 0.092 seconds
[2026-04-02T05:43:22.625+0530] {processor.py:161} INFO - Started process (PID=22447) to work on /Users/aswin/Documents/data-engineering-practice/ETL_Airflow_DBT/airflow/airflow_env/lib/python3.11/site-packages/airflow/example_dags/example_params_trigger_ui.py
[2026-04-02T05:43:22.625+0530] {processor.py:830} INFO - Processing file /Users/aswin/Documents/data-engineering-practice/ETL_Airflow_DBT/airflow/airflow_env/lib/python3.11/site-packages/airflow/example_dags/example_params_trigger_ui.py for tasks to queue
[2026-04-02T05:43:22.626+0530] {logging_mixin.py:188} INFO - [2026-04-02T05:43:22.626+0530] {dagbag.py:540} INFO - Filling up the DagBag from /Users/aswin/Documents/data-engineering-practice/ETL_Airflow_DBT/airflow/airflow_env/lib/python3.11/site-packages/airflow/example_dags/example_params_trigger_ui.py
[2026-04-02T05:43:22.643+0530] {processor.py:840} INFO - DAG(s) 'example_params_trigger_ui' retrieved from /Users/aswin/Documents/data-engineering-practice/ETL_Airflow_DBT/airflow/airflow_env/lib/python3.11/site-packages/airflow/example_dags/example_params_trigger_ui.py
[2026-04-02T05:43:22.702+0530] {logging_mixin.py:188} INFO - [2026-04-02T05:43:22.702+0530] {dag.py:3096} INFO - Sync 1 DAGs
[2026-04-02T05:43:22.707+0530] {logging_mixin.py:188} INFO - [2026-04-02T05:43:22.707+0530] {dag.py:3954} INFO - Setting next_dagrun for example_params_trigger_ui to None, run_after=None
[2026-04-02T05:43:22.716+0530] {processor.py:183} INFO - Processing /Users/aswin/Documents/data-engineering-practice/ETL_Airflow_DBT/airflow/airflow_env/lib/python3.11/site-packages/airflow/example_dags/example_params_trigger_ui.py took 0.092 seconds
[2026-04-02T05:43:53.547+0530] {processor.py:161} INFO - Started process (PID=22586) to work on /Users/aswin/Documents/data-engineering-practice/ETL_Airflow_DBT/airflow/airflow_env/lib/python3.11/site-packages/airflow/example_dags/example_params_trigger_ui.py
[2026-04-02T05:43:53.548+0530] {processor.py:830} INFO - Processing file /Users/aswin/Documents/data-engineering-practice/ETL_Airflow_DBT/airflow/airflow_env/lib/python3.11/site-packages/airflow/example_dags/example_params_trigger_ui.py for tasks to queue
[2026-04-02T05:43:53.548+0530] {logging_mixin.py:188} INFO - [2026-04-02T05:43:53.548+0530] {dagbag.py:540} INFO - Filling up the DagBag from /Users/aswin/Documents/data-engineering-practice/ETL_Airflow_DBT/airflow/airflow_env/lib/python3.11/site-packages/airflow/example_dags/example_params_trigger_ui.py
[2026-04-02T05:43:53.566+0530] {processor.py:840} INFO - DAG(s) 'example_params_trigger_ui' retrieved from /Users/aswin/Documents/data-engineering-practice/ETL_Airflow_DBT/airflow/airflow_env/lib/python3.11/site-packages/airflow/example_dags/example_params_trigger_ui.py
[2026-04-02T05:43:53.624+0530] {logging_mixin.py:188} INFO - [2026-04-02T05:43:53.624+0530] {dag.py:3096} INFO - Sync 1 DAGs
[2026-04-02T05:43:53.630+0530] {logging_mixin.py:188} INFO - [2026-04-02T05:43:53.630+0530] {dag.py:3954} INFO - Setting next_dagrun for example_params_trigger_ui to None, run_after=None
[2026-04-02T05:43:53.641+0530] {processor.py:183} INFO - Processing /Users/aswin/Documents/data-engineering-practice/ETL_Airflow_DBT/airflow/airflow_env/lib/python3.11/site-packages/airflow/example_dags/example_params_trigger_ui.py took 0.095 seconds
[2026-04-02T05:44:24.727+0530] {processor.py:161} INFO - Started process (PID=22713) to work on /Users/aswin/Documents/data-engineering-practice/ETL_Airflow_DBT/airflow/airflow_env/lib/python3.11/site-packages/airflow/example_dags/example_params_trigger_ui.py
[2026-04-02T05:44:24.728+0530] {processor.py:830} INFO - Processing file /Users/aswin/Documents/data-engineering-practice/ETL_Airflow_DBT/airflow/airflow_env/lib/python3.11/site-packages/airflow/example_dags/example_params_trigger_ui.py for tasks to queue
[2026-04-02T05:44:24.729+0530] {logging_mixin.py:188} INFO - [2026-04-02T05:44:24.729+0530] {dagbag.py:540} INFO - Filling up the DagBag from /Users/aswin/Documents/data-engineering-practice/ETL_Airflow_DBT/airflow/airflow_env/lib/python3.11/site-packages/airflow/example_dags/example_params_trigger_ui.py
[2026-04-02T05:44:24.747+0530] {processor.py:840} INFO - DAG(s) 'example_params_trigger_ui' retrieved from /Users/aswin/Documents/data-engineering-practice/ETL_Airflow_DBT/airflow/airflow_env/lib/python3.11/site-packages/airflow/example_dags/example_params_trigger_ui.py
[2026-04-02T05:44:24.806+0530] {logging_mixin.py:188} INFO - [2026-04-02T05:44:24.806+0530] {dag.py:3096} INFO - Sync 1 DAGs
[2026-04-02T05:44:24.812+0530] {logging_mixin.py:188} INFO - [2026-04-02T05:44:24.812+0530] {dag.py:3954} INFO - Setting next_dagrun for example_params_trigger_ui to None, run_after=None
[2026-04-02T05:44:24.821+0530] {processor.py:183} INFO - Processing /Users/aswin/Documents/data-engineering-practice/ETL_Airflow_DBT/airflow/airflow_env/lib/python3.11/site-packages/airflow/example_dags/example_params_trigger_ui.py took 0.095 seconds
[2026-04-02T05:44:55.720+0530] {processor.py:161} INFO - Started process (PID=22843) to work on /Users/aswin/Documents/data-engineering-practice/ETL_Airflow_DBT/airflow/airflow_env/lib/python3.11/site-packages/airflow/example_dags/example_params_trigger_ui.py
[2026-04-02T05:44:55.721+0530] {processor.py:830} INFO - Processing file /Users/aswin/Documents/data-engineering-practice/ETL_Airflow_DBT/airflow/airflow_env/lib/python3.11/site-packages/airflow/example_dags/example_params_trigger_ui.py for tasks to queue
[2026-04-02T05:44:55.721+0530] {logging_mixin.py:188} INFO - [2026-04-02T05:44:55.721+0530] {dagbag.py:540} INFO - Filling up the DagBag from /Users/aswin/Documents/data-engineering-practice/ETL_Airflow_DBT/airflow/airflow_env/lib/python3.11/site-packages/airflow/example_dags/example_params_trigger_ui.py
[2026-04-02T05:44:55.738+0530] {processor.py:840} INFO - DAG(s) 'example_params_trigger_ui' retrieved from /Users/aswin/Documents/data-engineering-practice/ETL_Airflow_DBT/airflow/airflow_env/lib/python3.11/site-packages/airflow/example_dags/example_params_trigger_ui.py
[2026-04-02T05:44:55.797+0530] {logging_mixin.py:188} INFO - [2026-04-02T05:44:55.797+0530] {dag.py:3096} INFO - Sync 1 DAGs
[2026-04-02T05:44:55.802+0530] {logging_mixin.py:188} INFO - [2026-04-02T05:44:55.802+0530] {dag.py:3954} INFO - Setting next_dagrun for example_params_trigger_ui to None, run_after=None
[2026-04-02T05:44:55.811+0530] {processor.py:183} INFO - Processing /Users/aswin/Documents/data-engineering-practice/ETL_Airflow_DBT/airflow/airflow_env/lib/python3.11/site-packages/airflow/example_dags/example_params_trigger_ui.py took 0.092 seconds
[2026-04-02T05:45:27.381+0530] {processor.py:161} INFO - Started process (PID=22964) to work on /Users/aswin/Documents/data-engineering-practice/ETL_Airflow_DBT/airflow/airflow_env/lib/python3.11/site-packages/airflow/example_dags/example_params_trigger_ui.py
[2026-04-02T05:45:27.382+0530] {processor.py:830} INFO - Processing file /Users/aswin/Documents/data-engineering-practice/ETL_Airflow_DBT/airflow/airflow_env/lib/python3.11/site-packages/airflow/example_dags/example_params_trigger_ui.py for tasks to queue
[2026-04-02T05:45:27.382+0530] {logging_mixin.py:188} INFO - [2026-04-02T05:45:27.382+0530] {dagbag.py:540} INFO - Filling up the DagBag from /Users/aswin/Documents/data-engineering-practice/ETL_Airflow_DBT/airflow/airflow_env/lib/python3.11/site-packages/airflow/example_dags/example_params_trigger_ui.py
[2026-04-02T05:45:27.400+0530] {processor.py:840} INFO - DAG(s) 'example_params_trigger_ui' retrieved from /Users/aswin/Documents/data-engineering-practice/ETL_Airflow_DBT/airflow/airflow_env/lib/python3.11/site-packages/airflow/example_dags/example_params_trigger_ui.py
[2026-04-02T05:45:27.459+0530] {logging_mixin.py:188} INFO - [2026-04-02T05:45:27.458+0530] {dag.py:3096} INFO - Sync 1 DAGs
[2026-04-02T05:45:27.464+0530] {logging_mixin.py:188} INFO - [2026-04-02T05:45:27.464+0530] {dag.py:3954} INFO - Setting next_dagrun for example_params_trigger_ui to None, run_after=None
[2026-04-02T05:45:27.472+0530] {processor.py:183} INFO - Processing /Users/aswin/Documents/data-engineering-practice/ETL_Airflow_DBT/airflow/airflow_env/lib/python3.11/site-packages/airflow/example_dags/example_params_trigger_ui.py took 0.093 seconds
[2026-04-02T05:45:58.434+0530] {processor.py:161} INFO - Started process (PID=23076) to work on /Users/aswin/Documents/data-engineering-practice/ETL_Airflow_DBT/airflow/airflow_env/lib/python3.11/site-packages/airflow/example_dags/example_params_trigger_ui.py
[2026-04-02T05:45:58.434+0530] {processor.py:830} INFO - Processing file /Users/aswin/Documents/data-engineering-practice/ETL_Airflow_DBT/airflow/airflow_env/lib/python3.11/site-packages/airflow/example_dags/example_params_trigger_ui.py for tasks to queue
[2026-04-02T05:45:58.435+0530] {logging_mixin.py:188} INFO - [2026-04-02T05:45:58.435+0530] {dagbag.py:540} INFO - Filling up the DagBag from /Users/aswin/Documents/data-engineering-practice/ETL_Airflow_DBT/airflow/airflow_env/lib/python3.11/site-packages/airflow/example_dags/example_params_trigger_ui.py
[2026-04-02T05:45:58.454+0530] {processor.py:840} INFO - DAG(s) 'example_params_trigger_ui' retrieved from /Users/aswin/Documents/data-engineering-practice/ETL_Airflow_DBT/airflow/airflow_env/lib/python3.11/site-packages/airflow/example_dags/example_params_trigger_ui.py
[2026-04-02T05:45:58.517+0530] {logging_mixin.py:188} INFO - [2026-04-02T05:45:58.517+0530] {dag.py:3096} INFO - Sync 1 DAGs
[2026-04-02T05:45:58.524+0530] {logging_mixin.py:188} INFO - [2026-04-02T05:45:58.523+0530] {dag.py:3954} INFO - Setting next_dagrun for example_params_trigger_ui to None, run_after=None
[2026-04-02T05:45:58.537+0530] {processor.py:183} INFO - Processing /Users/aswin/Documents/data-engineering-practice/ETL_Airflow_DBT/airflow/airflow_env/lib/python3.11/site-packages/airflow/example_dags/example_params_trigger_ui.py took 0.104 seconds
[2026-04-02T05:46:29.868+0530] {processor.py:161} INFO - Started process (PID=23193) to work on /Users/aswin/Documents/data-engineering-practice/ETL_Airflow_DBT/airflow/airflow_env/lib/python3.11/site-packages/airflow/example_dags/example_params_trigger_ui.py
[2026-04-02T05:46:29.868+0530] {processor.py:830} INFO - Processing file /Users/aswin/Documents/data-engineering-practice/ETL_Airflow_DBT/airflow/airflow_env/lib/python3.11/site-packages/airflow/example_dags/example_params_trigger_ui.py for tasks to queue
[2026-04-02T05:46:29.868+0530] {logging_mixin.py:188} INFO - [2026-04-02T05:46:29.868+0530] {dagbag.py:540} INFO - Filling up the DagBag from /Users/aswin/Documents/data-engineering-practice/ETL_Airflow_DBT/airflow/airflow_env/lib/python3.11/site-packages/airflow/example_dags/example_params_trigger_ui.py
[2026-04-02T05:46:29.885+0530] {processor.py:840} INFO - DAG(s) 'example_params_trigger_ui' retrieved from /Users/aswin/Documents/data-engineering-practice/ETL_Airflow_DBT/airflow/airflow_env/lib/python3.11/site-packages/airflow/example_dags/example_params_trigger_ui.py
[2026-04-02T05:46:29.943+0530] {logging_mixin.py:188} INFO - [2026-04-02T05:46:29.943+0530] {dag.py:3096} INFO - Sync 1 DAGs
[2026-04-02T05:46:29.948+0530] {logging_mixin.py:188} INFO - [2026-04-02T05:46:29.948+0530] {dag.py:3954} INFO - Setting next_dagrun for example_params_trigger_ui to None, run_after=None
[2026-04-02T05:46:29.956+0530] {processor.py:183} INFO - Processing /Users/aswin/Documents/data-engineering-practice/ETL_Airflow_DBT/airflow/airflow_env/lib/python3.11/site-packages/airflow/example_dags/example_params_trigger_ui.py took 0.089 seconds
[2026-04-02T05:47:01.070+0530] {processor.py:161} INFO - Started process (PID=23306) to work on /Users/aswin/Documents/data-engineering-practice/ETL_Airflow_DBT/airflow/airflow_env/lib/python3.11/site-packages/airflow/example_dags/example_params_trigger_ui.py
[2026-04-02T05:47:01.072+0530] {processor.py:830} INFO - Processing file /Users/aswin/Documents/data-engineering-practice/ETL_Airflow_DBT/airflow/airflow_env/lib/python3.11/site-packages/airflow/example_dags/example_params_trigger_ui.py for tasks to queue
[2026-04-02T05:47:01.072+0530] {logging_mixin.py:188} INFO - [2026-04-02T05:47:01.072+0530] {dagbag.py:540} INFO - Filling up the DagBag from /Users/aswin/Documents/data-engineering-practice/ETL_Airflow_DBT/airflow/airflow_env/lib/python3.11/site-packages/airflow/example_dags/example_params_trigger_ui.py
[2026-04-02T05:47:01.092+0530] {processor.py:840} INFO - DAG(s) 'example_params_trigger_ui' retrieved from /Users/aswin/Documents/data-engineering-practice/ETL_Airflow_DBT/airflow/airflow_env/lib/python3.11/site-packages/airflow/example_dags/example_params_trigger_ui.py
[2026-04-02T05:47:01.151+0530] {logging_mixin.py:188} INFO - [2026-04-02T05:47:01.151+0530] {dag.py:3096} INFO - Sync 1 DAGs
[2026-04-02T05:47:01.157+0530] {logging_mixin.py:188} INFO - [2026-04-02T05:47:01.157+0530] {dag.py:3954} INFO - Setting next_dagrun for example_params_trigger_ui to None, run_after=None
[2026-04-02T05:47:01.166+0530] {processor.py:183} INFO - Processing /Users/aswin/Documents/data-engineering-practice/ETL_Airflow_DBT/airflow/airflow_env/lib/python3.11/site-packages/airflow/example_dags/example_params_trigger_ui.py took 0.097 seconds
[2026-04-02T05:47:32.787+0530] {processor.py:161} INFO - Started process (PID=23422) to work on /Users/aswin/Documents/data-engineering-practice/ETL_Airflow_DBT/airflow/airflow_env/lib/python3.11/site-packages/airflow/example_dags/example_params_trigger_ui.py
[2026-04-02T05:47:32.788+0530] {processor.py:830} INFO - Processing file /Users/aswin/Documents/data-engineering-practice/ETL_Airflow_DBT/airflow/airflow_env/lib/python3.11/site-packages/airflow/example_dags/example_params_trigger_ui.py for tasks to queue
[2026-04-02T05:47:32.788+0530] {logging_mixin.py:188} INFO - [2026-04-02T05:47:32.788+0530] {dagbag.py:540} INFO - Filling up the DagBag from /Users/aswin/Documents/data-engineering-practice/ETL_Airflow_DBT/airflow/airflow_env/lib/python3.11/site-packages/airflow/example_dags/example_params_trigger_ui.py
[2026-04-02T05:47:32.805+0530] {processor.py:840} INFO - DAG(s) 'example_params_trigger_ui' retrieved from /Users/aswin/Documents/data-engineering-practice/ETL_Airflow_DBT/airflow/airflow_env/lib/python3.11/site-packages/airflow/example_dags/example_params_trigger_ui.py
[2026-04-02T05:47:32.867+0530] {logging_mixin.py:188} INFO - [2026-04-02T05:47:32.867+0530] {dag.py:3096} INFO - Sync 1 DAGs
[2026-04-02T05:47:32.873+0530] {logging_mixin.py:188} INFO - [2026-04-02T05:47:32.873+0530] {dag.py:3954} INFO - Setting next_dagrun for example_params_trigger_ui to None, run_after=None
[2026-04-02T05:47:32.881+0530] {processor.py:183} INFO - Processing /Users/aswin/Documents/data-engineering-practice/ETL_Airflow_DBT/airflow/airflow_env/lib/python3.11/site-packages/airflow/example_dags/example_params_trigger_ui.py took 0.095 seconds
[2026-04-02T05:48:03.590+0530] {processor.py:161} INFO - Started process (PID=23538) to work on /Users/aswin/Documents/data-engineering-practice/ETL_Airflow_DBT/airflow/airflow_env/lib/python3.11/site-packages/airflow/example_dags/example_params_trigger_ui.py
[2026-04-02T05:48:03.591+0530] {processor.py:830} INFO - Processing file /Users/aswin/Documents/data-engineering-practice/ETL_Airflow_DBT/airflow/airflow_env/lib/python3.11/site-packages/airflow/example_dags/example_params_trigger_ui.py for tasks to queue
[2026-04-02T05:48:03.591+0530] {logging_mixin.py:188} INFO - [2026-04-02T05:48:03.591+0530] {dagbag.py:540} INFO - Filling up the DagBag from /Users/aswin/Documents/data-engineering-practice/ETL_Airflow_DBT/airflow/airflow_env/lib/python3.11/site-packages/airflow/example_dags/example_params_trigger_ui.py
[2026-04-02T05:48:03.607+0530] {processor.py:840} INFO - DAG(s) 'example_params_trigger_ui' retrieved from /Users/aswin/Documents/data-engineering-practice/ETL_Airflow_DBT/airflow/airflow_env/lib/python3.11/site-packages/airflow/example_dags/example_params_trigger_ui.py
[2026-04-02T05:48:03.665+0530] {logging_mixin.py:188} INFO - [2026-04-02T05:48:03.664+0530] {dag.py:3096} INFO - Sync 1 DAGs
[2026-04-02T05:48:03.670+0530] {logging_mixin.py:188} INFO - [2026-04-02T05:48:03.670+0530] {dag.py:3954} INFO - Setting next_dagrun for example_params_trigger_ui to None, run_after=None
[2026-04-02T05:48:03.680+0530] {processor.py:183} INFO - Processing /Users/aswin/Documents/data-engineering-practice/ETL_Airflow_DBT/airflow/airflow_env/lib/python3.11/site-packages/airflow/example_dags/example_params_trigger_ui.py took 0.091 seconds
[2026-04-02T05:48:34.671+0530] {processor.py:161} INFO - Started process (PID=23649) to work on /Users/aswin/Documents/data-engineering-practice/ETL_Airflow_DBT/airflow/airflow_env/lib/python3.11/site-packages/airflow/example_dags/example_params_trigger_ui.py
[2026-04-02T05:48:34.672+0530] {processor.py:830} INFO - Processing file /Users/aswin/Documents/data-engineering-practice/ETL_Airflow_DBT/airflow/airflow_env/lib/python3.11/site-packages/airflow/example_dags/example_params_trigger_ui.py for tasks to queue
[2026-04-02T05:48:34.672+0530] {logging_mixin.py:188} INFO - [2026-04-02T05:48:34.672+0530] {dagbag.py:540} INFO - Filling up the DagBag from /Users/aswin/Documents/data-engineering-practice/ETL_Airflow_DBT/airflow/airflow_env/lib/python3.11/site-packages/airflow/example_dags/example_params_trigger_ui.py
[2026-04-02T05:48:34.688+0530] {processor.py:840} INFO - DAG(s) 'example_params_trigger_ui' retrieved from /Users/aswin/Documents/data-engineering-practice/ETL_Airflow_DBT/airflow/airflow_env/lib/python3.11/site-packages/airflow/example_dags/example_params_trigger_ui.py
[2026-04-02T05:48:34.746+0530] {logging_mixin.py:188} INFO - [2026-04-02T05:48:34.746+0530] {dag.py:3096} INFO - Sync 1 DAGs
[2026-04-02T05:48:34.751+0530] {logging_mixin.py:188} INFO - [2026-04-02T05:48:34.751+0530] {dag.py:3954} INFO - Setting next_dagrun for example_params_trigger_ui to None, run_after=None
[2026-04-02T05:48:34.760+0530] {processor.py:183} INFO - Processing /Users/aswin/Documents/data-engineering-practice/ETL_Airflow_DBT/airflow/airflow_env/lib/python3.11/site-packages/airflow/example_dags/example_params_trigger_ui.py took 0.090 seconds
[2026-04-02T05:49:06.010+0530] {processor.py:161} INFO - Started process (PID=23765) to work on /Users/aswin/Documents/data-engineering-practice/ETL_Airflow_DBT/airflow/airflow_env/lib/python3.11/site-packages/airflow/example_dags/example_params_trigger_ui.py
[2026-04-02T05:49:06.010+0530] {processor.py:830} INFO - Processing file /Users/aswin/Documents/data-engineering-practice/ETL_Airflow_DBT/airflow/airflow_env/lib/python3.11/site-packages/airflow/example_dags/example_params_trigger_ui.py for tasks to queue
[2026-04-02T05:49:06.010+0530] {logging_mixin.py:188} INFO - [2026-04-02T05:49:06.010+0530] {dagbag.py:540} INFO - Filling up the DagBag from /Users/aswin/Documents/data-engineering-practice/ETL_Airflow_DBT/airflow/airflow_env/lib/python3.11/site-packages/airflow/example_dags/example_params_trigger_ui.py
[2026-04-02T05:49:06.027+0530] {processor.py:840} INFO - DAG(s) 'example_params_trigger_ui' retrieved from /Users/aswin/Documents/data-engineering-practice/ETL_Airflow_DBT/airflow/airflow_env/lib/python3.11/site-packages/airflow/example_dags/example_params_trigger_ui.py
[2026-04-02T05:49:06.086+0530] {logging_mixin.py:188} INFO - [2026-04-02T05:49:06.086+0530] {dag.py:3096} INFO - Sync 1 DAGs
[2026-04-02T05:49:06.091+0530] {logging_mixin.py:188} INFO - [2026-04-02T05:49:06.091+0530] {dag.py:3954} INFO - Setting next_dagrun for example_params_trigger_ui to None, run_after=None
[2026-04-02T05:49:06.098+0530] {processor.py:183} INFO - Processing /Users/aswin/Documents/data-engineering-practice/ETL_Airflow_DBT/airflow/airflow_env/lib/python3.11/site-packages/airflow/example_dags/example_params_trigger_ui.py took 0.090 seconds
[2026-04-02T05:49:37.460+0530] {processor.py:161} INFO - Started process (PID=23900) to work on /Users/aswin/Documents/data-engineering-practice/ETL_Airflow_DBT/airflow/airflow_env/lib/python3.11/site-packages/airflow/example_dags/example_params_trigger_ui.py
[2026-04-02T05:49:37.461+0530] {processor.py:830} INFO - Processing file /Users/aswin/Documents/data-engineering-practice/ETL_Airflow_DBT/airflow/airflow_env/lib/python3.11/site-packages/airflow/example_dags/example_params_trigger_ui.py for tasks to queue
[2026-04-02T05:49:37.461+0530] {logging_mixin.py:188} INFO - [2026-04-02T05:49:37.461+0530] {dagbag.py:540} INFO - Filling up the DagBag from /Users/aswin/Documents/data-engineering-practice/ETL_Airflow_DBT/airflow/airflow_env/lib/python3.11/site-packages/airflow/example_dags/example_params_trigger_ui.py
[2026-04-02T05:49:37.478+0530] {processor.py:840} INFO - DAG(s) 'example_params_trigger_ui' retrieved from /Users/aswin/Documents/data-engineering-practice/ETL_Airflow_DBT/airflow/airflow_env/lib/python3.11/site-packages/airflow/example_dags/example_params_trigger_ui.py
[2026-04-02T05:49:37.538+0530] {logging_mixin.py:188} INFO - [2026-04-02T05:49:37.538+0530] {dag.py:3096} INFO - Sync 1 DAGs
[2026-04-02T05:49:37.550+0530] {logging_mixin.py:188} INFO - [2026-04-02T05:49:37.550+0530] {dag.py:3954} INFO - Setting next_dagrun for example_params_trigger_ui to None, run_after=None
[2026-04-02T05:49:37.559+0530] {processor.py:183} INFO - Processing /Users/aswin/Documents/data-engineering-practice/ETL_Airflow_DBT/airflow/airflow_env/lib/python3.11/site-packages/airflow/example_dags/example_params_trigger_ui.py took 0.100 seconds
[2026-04-02T05:50:08.815+0530] {processor.py:161} INFO - Started process (PID=24032) to work on /Users/aswin/Documents/data-engineering-practice/ETL_Airflow_DBT/airflow/airflow_env/lib/python3.11/site-packages/airflow/example_dags/example_params_trigger_ui.py
[2026-04-02T05:50:08.816+0530] {processor.py:830} INFO - Processing file /Users/aswin/Documents/data-engineering-practice/ETL_Airflow_DBT/airflow/airflow_env/lib/python3.11/site-packages/airflow/example_dags/example_params_trigger_ui.py for tasks to queue
[2026-04-02T05:50:08.816+0530] {logging_mixin.py:188} INFO - [2026-04-02T05:50:08.816+0530] {dagbag.py:540} INFO - Filling up the DagBag from /Users/aswin/Documents/data-engineering-practice/ETL_Airflow_DBT/airflow/airflow_env/lib/python3.11/site-packages/airflow/example_dags/example_params_trigger_ui.py
[2026-04-02T05:50:08.836+0530] {processor.py:840} INFO - DAG(s) 'example_params_trigger_ui' retrieved from /Users/aswin/Documents/data-engineering-practice/ETL_Airflow_DBT/airflow/airflow_env/lib/python3.11/site-packages/airflow/example_dags/example_params_trigger_ui.py
[2026-04-02T05:50:08.895+0530] {logging_mixin.py:188} INFO - [2026-04-02T05:50:08.895+0530] {dag.py:3096} INFO - Sync 1 DAGs
[2026-04-02T05:50:08.901+0530] {logging_mixin.py:188} INFO - [2026-04-02T05:50:08.900+0530] {dag.py:3954} INFO - Setting next_dagrun for example_params_trigger_ui to None, run_after=None
[2026-04-02T05:50:08.910+0530] {processor.py:183} INFO - Processing /Users/aswin/Documents/data-engineering-practice/ETL_Airflow_DBT/airflow/airflow_env/lib/python3.11/site-packages/airflow/example_dags/example_params_trigger_ui.py took 0.096 seconds
[2026-04-02T05:50:39.764+0530] {processor.py:161} INFO - Started process (PID=24164) to work on /Users/aswin/Documents/data-engineering-practice/ETL_Airflow_DBT/airflow/airflow_env/lib/python3.11/site-packages/airflow/example_dags/example_params_trigger_ui.py
[2026-04-02T05:50:39.765+0530] {processor.py:830} INFO - Processing file /Users/aswin/Documents/data-engineering-practice/ETL_Airflow_DBT/airflow/airflow_env/lib/python3.11/site-packages/airflow/example_dags/example_params_trigger_ui.py for tasks to queue
[2026-04-02T05:50:39.765+0530] {logging_mixin.py:188} INFO - [2026-04-02T05:50:39.765+0530] {dagbag.py:540} INFO - Filling up the DagBag from /Users/aswin/Documents/data-engineering-practice/ETL_Airflow_DBT/airflow/airflow_env/lib/python3.11/site-packages/airflow/example_dags/example_params_trigger_ui.py
[2026-04-02T05:50:39.782+0530] {processor.py:840} INFO - DAG(s) 'example_params_trigger_ui' retrieved from /Users/aswin/Documents/data-engineering-practice/ETL_Airflow_DBT/airflow/airflow_env/lib/python3.11/site-packages/airflow/example_dags/example_params_trigger_ui.py
[2026-04-02T05:50:39.841+0530] {logging_mixin.py:188} INFO - [2026-04-02T05:50:39.841+0530] {dag.py:3096} INFO - Sync 1 DAGs
[2026-04-02T05:50:39.846+0530] {logging_mixin.py:188} INFO - [2026-04-02T05:50:39.846+0530] {dag.py:3954} INFO - Setting next_dagrun for example_params_trigger_ui to None, run_after=None
[2026-04-02T05:50:39.856+0530] {processor.py:183} INFO - Processing /Users/aswin/Documents/data-engineering-practice/ETL_Airflow_DBT/airflow/airflow_env/lib/python3.11/site-packages/airflow/example_dags/example_params_trigger_ui.py took 0.093 seconds
[2026-04-02T05:51:10.724+0530] {processor.py:161} INFO - Started process (PID=24298) to work on /Users/aswin/Documents/data-engineering-practice/ETL_Airflow_DBT/airflow/airflow_env/lib/python3.11/site-packages/airflow/example_dags/example_params_trigger_ui.py
[2026-04-02T05:51:10.724+0530] {processor.py:830} INFO - Processing file /Users/aswin/Documents/data-engineering-practice/ETL_Airflow_DBT/airflow/airflow_env/lib/python3.11/site-packages/airflow/example_dags/example_params_trigger_ui.py for tasks to queue
[2026-04-02T05:51:10.725+0530] {logging_mixin.py:188} INFO - [2026-04-02T05:51:10.725+0530] {dagbag.py:540} INFO - Filling up the DagBag from /Users/aswin/Documents/data-engineering-practice/ETL_Airflow_DBT/airflow/airflow_env/lib/python3.11/site-packages/airflow/example_dags/example_params_trigger_ui.py
[2026-04-02T05:51:10.742+0530] {processor.py:840} INFO - DAG(s) 'example_params_trigger_ui' retrieved from /Users/aswin/Documents/data-engineering-practice/ETL_Airflow_DBT/airflow/airflow_env/lib/python3.11/site-packages/airflow/example_dags/example_params_trigger_ui.py
[2026-04-02T05:51:10.802+0530] {logging_mixin.py:188} INFO - [2026-04-02T05:51:10.801+0530] {dag.py:3096} INFO - Sync 1 DAGs
[2026-04-02T05:51:10.806+0530] {logging_mixin.py:188} INFO - [2026-04-02T05:51:10.806+0530] {dag.py:3954} INFO - Setting next_dagrun for example_params_trigger_ui to None, run_after=None
[2026-04-02T05:51:10.815+0530] {processor.py:183} INFO - Processing /Users/aswin/Documents/data-engineering-practice/ETL_Airflow_DBT/airflow/airflow_env/lib/python3.11/site-packages/airflow/example_dags/example_params_trigger_ui.py took 0.093 seconds
[2026-04-02T05:51:42.157+0530] {processor.py:161} INFO - Started process (PID=24423) to work on /Users/aswin/Documents/data-engineering-practice/ETL_Airflow_DBT/airflow/airflow_env/lib/python3.11/site-packages/airflow/example_dags/example_params_trigger_ui.py
[2026-04-02T05:51:42.158+0530] {processor.py:830} INFO - Processing file /Users/aswin/Documents/data-engineering-practice/ETL_Airflow_DBT/airflow/airflow_env/lib/python3.11/site-packages/airflow/example_dags/example_params_trigger_ui.py for tasks to queue
[2026-04-02T05:51:42.158+0530] {logging_mixin.py:188} INFO - [2026-04-02T05:51:42.158+0530] {dagbag.py:540} INFO - Filling up the DagBag from /Users/aswin/Documents/data-engineering-practice/ETL_Airflow_DBT/airflow/airflow_env/lib/python3.11/site-packages/airflow/example_dags/example_params_trigger_ui.py
[2026-04-02T05:51:42.176+0530] {processor.py:840} INFO - DAG(s) 'example_params_trigger_ui' retrieved from /Users/aswin/Documents/data-engineering-practice/ETL_Airflow_DBT/airflow/airflow_env/lib/python3.11/site-packages/airflow/example_dags/example_params_trigger_ui.py
[2026-04-02T05:51:42.236+0530] {logging_mixin.py:188} INFO - [2026-04-02T05:51:42.236+0530] {dag.py:3096} INFO - Sync 1 DAGs
[2026-04-02T05:51:42.241+0530] {logging_mixin.py:188} INFO - [2026-04-02T05:51:42.241+0530] {dag.py:3954} INFO - Setting next_dagrun for example_params_trigger_ui to None, run_after=None
[2026-04-02T05:51:42.251+0530] {processor.py:183} INFO - Processing /Users/aswin/Documents/data-engineering-practice/ETL_Airflow_DBT/airflow/airflow_env/lib/python3.11/site-packages/airflow/example_dags/example_params_trigger_ui.py took 0.095 seconds
[2026-04-02T05:52:13.262+0530] {processor.py:161} INFO - Started process (PID=24549) to work on /Users/aswin/Documents/data-engineering-practice/ETL_Airflow_DBT/airflow/airflow_env/lib/python3.11/site-packages/airflow/example_dags/example_params_trigger_ui.py
[2026-04-02T05:52:13.262+0530] {processor.py:830} INFO - Processing file /Users/aswin/Documents/data-engineering-practice/ETL_Airflow_DBT/airflow/airflow_env/lib/python3.11/site-packages/airflow/example_dags/example_params_trigger_ui.py for tasks to queue
[2026-04-02T05:52:13.263+0530] {logging_mixin.py:188} INFO - [2026-04-02T05:52:13.262+0530] {dagbag.py:540} INFO - Filling up the DagBag from /Users/aswin/Documents/data-engineering-practice/ETL_Airflow_DBT/airflow/airflow_env/lib/python3.11/site-packages/airflow/example_dags/example_params_trigger_ui.py
[2026-04-02T05:52:13.279+0530] {processor.py:840} INFO - DAG(s) 'example_params_trigger_ui' retrieved from /Users/aswin/Documents/data-engineering-practice/ETL_Airflow_DBT/airflow/airflow_env/lib/python3.11/site-packages/airflow/example_dags/example_params_trigger_ui.py
[2026-04-02T05:52:13.339+0530] {logging_mixin.py:188} INFO - [2026-04-02T05:52:13.339+0530] {dag.py:3096} INFO - Sync 1 DAGs
[2026-04-02T05:52:13.344+0530] {logging_mixin.py:188} INFO - [2026-04-02T05:52:13.344+0530] {dag.py:3954} INFO - Setting next_dagrun for example_params_trigger_ui to None, run_after=None
[2026-04-02T05:52:13.352+0530] {processor.py:183} INFO - Processing /Users/aswin/Documents/data-engineering-practice/ETL_Airflow_DBT/airflow/airflow_env/lib/python3.11/site-packages/airflow/example_dags/example_params_trigger_ui.py took 0.092 seconds
[2026-04-02T05:52:44.134+0530] {processor.py:161} INFO - Started process (PID=24674) to work on /Users/aswin/Documents/data-engineering-practice/ETL_Airflow_DBT/airflow/airflow_env/lib/python3.11/site-packages/airflow/example_dags/example_params_trigger_ui.py
[2026-04-02T05:52:44.134+0530] {processor.py:830} INFO - Processing file /Users/aswin/Documents/data-engineering-practice/ETL_Airflow_DBT/airflow/airflow_env/lib/python3.11/site-packages/airflow/example_dags/example_params_trigger_ui.py for tasks to queue
[2026-04-02T05:52:44.135+0530] {logging_mixin.py:188} INFO - [2026-04-02T05:52:44.134+0530] {dagbag.py:540} INFO - Filling up the DagBag from /Users/aswin/Documents/data-engineering-practice/ETL_Airflow_DBT/airflow/airflow_env/lib/python3.11/site-packages/airflow/example_dags/example_params_trigger_ui.py
[2026-04-02T05:52:44.152+0530] {processor.py:840} INFO - DAG(s) 'example_params_trigger_ui' retrieved from /Users/aswin/Documents/data-engineering-practice/ETL_Airflow_DBT/airflow/airflow_env/lib/python3.11/site-packages/airflow/example_dags/example_params_trigger_ui.py
[2026-04-02T05:52:44.211+0530] {logging_mixin.py:188} INFO - [2026-04-02T05:52:44.210+0530] {dag.py:3096} INFO - Sync 1 DAGs
[2026-04-02T05:52:44.215+0530] {logging_mixin.py:188} INFO - [2026-04-02T05:52:44.215+0530] {dag.py:3954} INFO - Setting next_dagrun for example_params_trigger_ui to None, run_after=None
[2026-04-02T05:52:44.226+0530] {processor.py:183} INFO - Processing /Users/aswin/Documents/data-engineering-practice/ETL_Airflow_DBT/airflow/airflow_env/lib/python3.11/site-packages/airflow/example_dags/example_params_trigger_ui.py took 0.093 seconds
[2026-04-02T05:53:15.101+0530] {processor.py:161} INFO - Started process (PID=24800) to work on /Users/aswin/Documents/data-engineering-practice/ETL_Airflow_DBT/airflow/airflow_env/lib/python3.11/site-packages/airflow/example_dags/example_params_trigger_ui.py
[2026-04-02T05:53:15.102+0530] {processor.py:830} INFO - Processing file /Users/aswin/Documents/data-engineering-practice/ETL_Airflow_DBT/airflow/airflow_env/lib/python3.11/site-packages/airflow/example_dags/example_params_trigger_ui.py for tasks to queue
[2026-04-02T05:53:15.102+0530] {logging_mixin.py:188} INFO - [2026-04-02T05:53:15.102+0530] {dagbag.py:540} INFO - Filling up the DagBag from /Users/aswin/Documents/data-engineering-practice/ETL_Airflow_DBT/airflow/airflow_env/lib/python3.11/site-packages/airflow/example_dags/example_params_trigger_ui.py
[2026-04-02T05:53:15.119+0530] {processor.py:840} INFO - DAG(s) 'example_params_trigger_ui' retrieved from /Users/aswin/Documents/data-engineering-practice/ETL_Airflow_DBT/airflow/airflow_env/lib/python3.11/site-packages/airflow/example_dags/example_params_trigger_ui.py
[2026-04-02T05:53:15.179+0530] {logging_mixin.py:188} INFO - [2026-04-02T05:53:15.179+0530] {dag.py:3096} INFO - Sync 1 DAGs
[2026-04-02T05:53:15.184+0530] {logging_mixin.py:188} INFO - [2026-04-02T05:53:15.184+0530] {dag.py:3954} INFO - Setting next_dagrun for example_params_trigger_ui to None, run_after=None
[2026-04-02T05:53:15.194+0530] {processor.py:183} INFO - Processing /Users/aswin/Documents/data-engineering-practice/ETL_Airflow_DBT/airflow/airflow_env/lib/python3.11/site-packages/airflow/example_dags/example_params_trigger_ui.py took 0.094 seconds
[2026-04-02T05:53:46.472+0530] {processor.py:161} INFO - Started process (PID=24928) to work on /Users/aswin/Documents/data-engineering-practice/ETL_Airflow_DBT/airflow/airflow_env/lib/python3.11/site-packages/airflow/example_dags/example_params_trigger_ui.py
[2026-04-02T05:53:46.473+0530] {processor.py:830} INFO - Processing file /Users/aswin/Documents/data-engineering-practice/ETL_Airflow_DBT/airflow/airflow_env/lib/python3.11/site-packages/airflow/example_dags/example_params_trigger_ui.py for tasks to queue
[2026-04-02T05:53:46.474+0530] {logging_mixin.py:188} INFO - [2026-04-02T05:53:46.474+0530] {dagbag.py:540} INFO - Filling up the DagBag from /Users/aswin/Documents/data-engineering-practice/ETL_Airflow_DBT/airflow/airflow_env/lib/python3.11/site-packages/airflow/example_dags/example_params_trigger_ui.py
[2026-04-02T05:53:46.491+0530] {processor.py:840} INFO - DAG(s) 'example_params_trigger_ui' retrieved from /Users/aswin/Documents/data-engineering-practice/ETL_Airflow_DBT/airflow/airflow_env/lib/python3.11/site-packages/airflow/example_dags/example_params_trigger_ui.py
[2026-04-02T05:53:46.550+0530] {logging_mixin.py:188} INFO - [2026-04-02T05:53:46.550+0530] {dag.py:3096} INFO - Sync 1 DAGs
[2026-04-02T05:53:46.555+0530] {logging_mixin.py:188} INFO - [2026-04-02T05:53:46.555+0530] {dag.py:3954} INFO - Setting next_dagrun for example_params_trigger_ui to None, run_after=None
[2026-04-02T05:53:46.565+0530] {processor.py:183} INFO - Processing /Users/aswin/Documents/data-engineering-practice/ETL_Airflow_DBT/airflow/airflow_env/lib/python3.11/site-packages/airflow/example_dags/example_params_trigger_ui.py took 0.094 seconds
[2026-04-02T05:54:17.811+0530] {processor.py:161} INFO - Started process (PID=25063) to work on /Users/aswin/Documents/data-engineering-practice/ETL_Airflow_DBT/airflow/airflow_env/lib/python3.11/site-packages/airflow/example_dags/example_params_trigger_ui.py
[2026-04-02T05:54:17.812+0530] {processor.py:830} INFO - Processing file /Users/aswin/Documents/data-engineering-practice/ETL_Airflow_DBT/airflow/airflow_env/lib/python3.11/site-packages/airflow/example_dags/example_params_trigger_ui.py for tasks to queue
[2026-04-02T05:54:17.812+0530] {logging_mixin.py:188} INFO - [2026-04-02T05:54:17.812+0530] {dagbag.py:540} INFO - Filling up the DagBag from /Users/aswin/Documents/data-engineering-practice/ETL_Airflow_DBT/airflow/airflow_env/lib/python3.11/site-packages/airflow/example_dags/example_params_trigger_ui.py
[2026-04-02T05:54:17.830+0530] {processor.py:840} INFO - DAG(s) 'example_params_trigger_ui' retrieved from /Users/aswin/Documents/data-engineering-practice/ETL_Airflow_DBT/airflow/airflow_env/lib/python3.11/site-packages/airflow/example_dags/example_params_trigger_ui.py
[2026-04-02T05:54:17.887+0530] {logging_mixin.py:188} INFO - [2026-04-02T05:54:17.887+0530] {dag.py:3096} INFO - Sync 1 DAGs
[2026-04-02T05:54:17.893+0530] {logging_mixin.py:188} INFO - [2026-04-02T05:54:17.893+0530] {dag.py:3954} INFO - Setting next_dagrun for example_params_trigger_ui to None, run_after=None
[2026-04-02T05:54:17.901+0530] {processor.py:183} INFO - Processing /Users/aswin/Documents/data-engineering-practice/ETL_Airflow_DBT/airflow/airflow_env/lib/python3.11/site-packages/airflow/example_dags/example_params_trigger_ui.py took 0.091 seconds
[2026-04-02T05:54:48.876+0530] {processor.py:161} INFO - Started process (PID=25197) to work on /Users/aswin/Documents/data-engineering-practice/ETL_Airflow_DBT/airflow/airflow_env/lib/python3.11/site-packages/airflow/example_dags/example_params_trigger_ui.py
[2026-04-02T05:54:48.877+0530] {processor.py:830} INFO - Processing file /Users/aswin/Documents/data-engineering-practice/ETL_Airflow_DBT/airflow/airflow_env/lib/python3.11/site-packages/airflow/example_dags/example_params_trigger_ui.py for tasks to queue
[2026-04-02T05:54:48.877+0530] {logging_mixin.py:188} INFO - [2026-04-02T05:54:48.877+0530] {dagbag.py:540} INFO - Filling up the DagBag from /Users/aswin/Documents/data-engineering-practice/ETL_Airflow_DBT/airflow/airflow_env/lib/python3.11/site-packages/airflow/example_dags/example_params_trigger_ui.py
[2026-04-02T05:54:48.893+0530] {processor.py:840} INFO - DAG(s) 'example_params_trigger_ui' retrieved from /Users/aswin/Documents/data-engineering-practice/ETL_Airflow_DBT/airflow/airflow_env/lib/python3.11/site-packages/airflow/example_dags/example_params_trigger_ui.py
[2026-04-02T05:54:48.951+0530] {logging_mixin.py:188} INFO - [2026-04-02T05:54:48.951+0530] {dag.py:3096} INFO - Sync 1 DAGs
[2026-04-02T05:54:48.956+0530] {logging_mixin.py:188} INFO - [2026-04-02T05:54:48.956+0530] {dag.py:3954} INFO - Setting next_dagrun for example_params_trigger_ui to None, run_after=None
[2026-04-02T05:54:48.966+0530] {processor.py:183} INFO - Processing /Users/aswin/Documents/data-engineering-practice/ETL_Airflow_DBT/airflow/airflow_env/lib/python3.11/site-packages/airflow/example_dags/example_params_trigger_ui.py took 0.090 seconds
[2026-04-02T05:55:19.901+0530] {processor.py:161} INFO - Started process (PID=25332) to work on /Users/aswin/Documents/data-engineering-practice/ETL_Airflow_DBT/airflow/airflow_env/lib/python3.11/site-packages/airflow/example_dags/example_params_trigger_ui.py
[2026-04-02T05:55:19.902+0530] {processor.py:830} INFO - Processing file /Users/aswin/Documents/data-engineering-practice/ETL_Airflow_DBT/airflow/airflow_env/lib/python3.11/site-packages/airflow/example_dags/example_params_trigger_ui.py for tasks to queue
[2026-04-02T05:55:19.902+0530] {logging_mixin.py:188} INFO - [2026-04-02T05:55:19.902+0530] {dagbag.py:540} INFO - Filling up the DagBag from /Users/aswin/Documents/data-engineering-practice/ETL_Airflow_DBT/airflow/airflow_env/lib/python3.11/site-packages/airflow/example_dags/example_params_trigger_ui.py
[2026-04-02T05:55:19.919+0530] {processor.py:840} INFO - DAG(s) 'example_params_trigger_ui' retrieved from /Users/aswin/Documents/data-engineering-practice/ETL_Airflow_DBT/airflow/airflow_env/lib/python3.11/site-packages/airflow/example_dags/example_params_trigger_ui.py
[2026-04-02T05:55:19.982+0530] {logging_mixin.py:188} INFO - [2026-04-02T05:55:19.982+0530] {dag.py:3096} INFO - Sync 1 DAGs
[2026-04-02T05:55:19.988+0530] {logging_mixin.py:188} INFO - [2026-04-02T05:55:19.988+0530] {dag.py:3954} INFO - Setting next_dagrun for example_params_trigger_ui to None, run_after=None
[2026-04-02T05:55:19.997+0530] {processor.py:183} INFO - Processing /Users/aswin/Documents/data-engineering-practice/ETL_Airflow_DBT/airflow/airflow_env/lib/python3.11/site-packages/airflow/example_dags/example_params_trigger_ui.py took 0.098 seconds
[2026-04-02T05:55:50.656+0530] {processor.py:161} INFO - Started process (PID=25496) to work on /Users/aswin/Documents/data-engineering-practice/ETL_Airflow_DBT/airflow/airflow_env/lib/python3.11/site-packages/airflow/example_dags/example_params_trigger_ui.py
[2026-04-02T05:55:50.657+0530] {processor.py:830} INFO - Processing file /Users/aswin/Documents/data-engineering-practice/ETL_Airflow_DBT/airflow/airflow_env/lib/python3.11/site-packages/airflow/example_dags/example_params_trigger_ui.py for tasks to queue
[2026-04-02T05:55:50.657+0530] {logging_mixin.py:188} INFO - [2026-04-02T05:55:50.657+0530] {dagbag.py:540} INFO - Filling up the DagBag from /Users/aswin/Documents/data-engineering-practice/ETL_Airflow_DBT/airflow/airflow_env/lib/python3.11/site-packages/airflow/example_dags/example_params_trigger_ui.py
[2026-04-02T05:55:50.674+0530] {processor.py:840} INFO - DAG(s) 'example_params_trigger_ui' retrieved from /Users/aswin/Documents/data-engineering-practice/ETL_Airflow_DBT/airflow/airflow_env/lib/python3.11/site-packages/airflow/example_dags/example_params_trigger_ui.py
[2026-04-02T05:55:50.733+0530] {logging_mixin.py:188} INFO - [2026-04-02T05:55:50.733+0530] {dag.py:3096} INFO - Sync 1 DAGs
[2026-04-02T05:55:50.738+0530] {logging_mixin.py:188} INFO - [2026-04-02T05:55:50.738+0530] {dag.py:3954} INFO - Setting next_dagrun for example_params_trigger_ui to None, run_after=None
[2026-04-02T05:55:50.748+0530] {processor.py:183} INFO - Processing /Users/aswin/Documents/data-engineering-practice/ETL_Airflow_DBT/airflow/airflow_env/lib/python3.11/site-packages/airflow/example_dags/example_params_trigger_ui.py took 0.093 seconds
[2026-04-02T05:56:21.621+0530] {processor.py:161} INFO - Started process (PID=25628) to work on /Users/aswin/Documents/data-engineering-practice/ETL_Airflow_DBT/airflow/airflow_env/lib/python3.11/site-packages/airflow/example_dags/example_params_trigger_ui.py
[2026-04-02T05:56:21.621+0530] {processor.py:830} INFO - Processing file /Users/aswin/Documents/data-engineering-practice/ETL_Airflow_DBT/airflow/airflow_env/lib/python3.11/site-packages/airflow/example_dags/example_params_trigger_ui.py for tasks to queue
[2026-04-02T05:56:21.622+0530] {logging_mixin.py:188} INFO - [2026-04-02T05:56:21.622+0530] {dagbag.py:540} INFO - Filling up the DagBag from /Users/aswin/Documents/data-engineering-practice/ETL_Airflow_DBT/airflow/airflow_env/lib/python3.11/site-packages/airflow/example_dags/example_params_trigger_ui.py
[2026-04-02T05:56:21.638+0530] {processor.py:840} INFO - DAG(s) 'example_params_trigger_ui' retrieved from /Users/aswin/Documents/data-engineering-practice/ETL_Airflow_DBT/airflow/airflow_env/lib/python3.11/site-packages/airflow/example_dags/example_params_trigger_ui.py
[2026-04-02T05:56:21.699+0530] {logging_mixin.py:188} INFO - [2026-04-02T05:56:21.698+0530] {dag.py:3096} INFO - Sync 1 DAGs
[2026-04-02T05:56:21.703+0530] {logging_mixin.py:188} INFO - [2026-04-02T05:56:21.703+0530] {dag.py:3954} INFO - Setting next_dagrun for example_params_trigger_ui to None, run_after=None
[2026-04-02T05:56:21.712+0530] {processor.py:183} INFO - Processing /Users/aswin/Documents/data-engineering-practice/ETL_Airflow_DBT/airflow/airflow_env/lib/python3.11/site-packages/airflow/example_dags/example_params_trigger_ui.py took 0.092 seconds
[2026-04-02T05:56:52.929+0530] {processor.py:161} INFO - Started process (PID=25751) to work on /Users/aswin/Documents/data-engineering-practice/ETL_Airflow_DBT/airflow/airflow_env/lib/python3.11/site-packages/airflow/example_dags/example_params_trigger_ui.py
[2026-04-02T05:56:52.931+0530] {processor.py:830} INFO - Processing file /Users/aswin/Documents/data-engineering-practice/ETL_Airflow_DBT/airflow/airflow_env/lib/python3.11/site-packages/airflow/example_dags/example_params_trigger_ui.py for tasks to queue
[2026-04-02T05:56:52.931+0530] {logging_mixin.py:188} INFO - [2026-04-02T05:56:52.931+0530] {dagbag.py:540} INFO - Filling up the DagBag from /Users/aswin/Documents/data-engineering-practice/ETL_Airflow_DBT/airflow/airflow_env/lib/python3.11/site-packages/airflow/example_dags/example_params_trigger_ui.py
[2026-04-02T05:56:52.947+0530] {processor.py:840} INFO - DAG(s) 'example_params_trigger_ui' retrieved from /Users/aswin/Documents/data-engineering-practice/ETL_Airflow_DBT/airflow/airflow_env/lib/python3.11/site-packages/airflow/example_dags/example_params_trigger_ui.py
[2026-04-02T05:56:53.004+0530] {logging_mixin.py:188} INFO - [2026-04-02T05:56:53.004+0530] {dag.py:3096} INFO - Sync 1 DAGs
[2026-04-02T05:56:53.009+0530] {logging_mixin.py:188} INFO - [2026-04-02T05:56:53.009+0530] {dag.py:3954} INFO - Setting next_dagrun for example_params_trigger_ui to None, run_after=None
[2026-04-02T05:56:53.017+0530] {processor.py:183} INFO - Processing /Users/aswin/Documents/data-engineering-practice/ETL_Airflow_DBT/airflow/airflow_env/lib/python3.11/site-packages/airflow/example_dags/example_params_trigger_ui.py took 0.089 seconds
[2026-04-02T05:57:24.133+0530] {processor.py:161} INFO - Started process (PID=25884) to work on /Users/aswin/Documents/data-engineering-practice/ETL_Airflow_DBT/airflow/airflow_env/lib/python3.11/site-packages/airflow/example_dags/example_params_trigger_ui.py
[2026-04-02T05:57:24.135+0530] {processor.py:830} INFO - Processing file /Users/aswin/Documents/data-engineering-practice/ETL_Airflow_DBT/airflow/airflow_env/lib/python3.11/site-packages/airflow/example_dags/example_params_trigger_ui.py for tasks to queue
[2026-04-02T05:57:24.135+0530] {logging_mixin.py:188} INFO - [2026-04-02T05:57:24.135+0530] {dagbag.py:540} INFO - Filling up the DagBag from /Users/aswin/Documents/data-engineering-practice/ETL_Airflow_DBT/airflow/airflow_env/lib/python3.11/site-packages/airflow/example_dags/example_params_trigger_ui.py
[2026-04-02T05:57:24.151+0530] {processor.py:840} INFO - DAG(s) 'example_params_trigger_ui' retrieved from /Users/aswin/Documents/data-engineering-practice/ETL_Airflow_DBT/airflow/airflow_env/lib/python3.11/site-packages/airflow/example_dags/example_params_trigger_ui.py
[2026-04-02T05:57:24.209+0530] {logging_mixin.py:188} INFO - [2026-04-02T05:57:24.209+0530] {dag.py:3096} INFO - Sync 1 DAGs
[2026-04-02T05:57:24.214+0530] {logging_mixin.py:188} INFO - [2026-04-02T05:57:24.214+0530] {dag.py:3954} INFO - Setting next_dagrun for example_params_trigger_ui to None, run_after=None
[2026-04-02T05:57:24.223+0530] {processor.py:183} INFO - Processing /Users/aswin/Documents/data-engineering-practice/ETL_Airflow_DBT/airflow/airflow_env/lib/python3.11/site-packages/airflow/example_dags/example_params_trigger_ui.py took 0.091 seconds
[2026-04-02T05:57:55.341+0530] {processor.py:161} INFO - Started process (PID=26009) to work on /Users/aswin/Documents/data-engineering-practice/ETL_Airflow_DBT/airflow/airflow_env/lib/python3.11/site-packages/airflow/example_dags/example_params_trigger_ui.py
[2026-04-02T05:57:55.342+0530] {processor.py:830} INFO - Processing file /Users/aswin/Documents/data-engineering-practice/ETL_Airflow_DBT/airflow/airflow_env/lib/python3.11/site-packages/airflow/example_dags/example_params_trigger_ui.py for tasks to queue
[2026-04-02T05:57:55.342+0530] {logging_mixin.py:188} INFO - [2026-04-02T05:57:55.342+0530] {dagbag.py:540} INFO - Filling up the DagBag from /Users/aswin/Documents/data-engineering-practice/ETL_Airflow_DBT/airflow/airflow_env/lib/python3.11/site-packages/airflow/example_dags/example_params_trigger_ui.py
[2026-04-02T05:57:55.358+0530] {processor.py:840} INFO - DAG(s) 'example_params_trigger_ui' retrieved from /Users/aswin/Documents/data-engineering-practice/ETL_Airflow_DBT/airflow/airflow_env/lib/python3.11/site-packages/airflow/example_dags/example_params_trigger_ui.py
[2026-04-02T05:57:55.417+0530] {logging_mixin.py:188} INFO - [2026-04-02T05:57:55.417+0530] {dag.py:3096} INFO - Sync 1 DAGs
[2026-04-02T05:57:55.422+0530] {logging_mixin.py:188} INFO - [2026-04-02T05:57:55.422+0530] {dag.py:3954} INFO - Setting next_dagrun for example_params_trigger_ui to None, run_after=None
[2026-04-02T05:57:55.432+0530] {processor.py:183} INFO - Processing /Users/aswin/Documents/data-engineering-practice/ETL_Airflow_DBT/airflow/airflow_env/lib/python3.11/site-packages/airflow/example_dags/example_params_trigger_ui.py took 0.092 seconds
[2026-04-02T05:58:26.541+0530] {processor.py:161} INFO - Started process (PID=26134) to work on /Users/aswin/Documents/data-engineering-practice/ETL_Airflow_DBT/airflow/airflow_env/lib/python3.11/site-packages/airflow/example_dags/example_params_trigger_ui.py
[2026-04-02T05:58:26.541+0530] {processor.py:830} INFO - Processing file /Users/aswin/Documents/data-engineering-practice/ETL_Airflow_DBT/airflow/airflow_env/lib/python3.11/site-packages/airflow/example_dags/example_params_trigger_ui.py for tasks to queue
[2026-04-02T05:58:26.541+0530] {logging_mixin.py:188} INFO - [2026-04-02T05:58:26.541+0530] {dagbag.py:540} INFO - Filling up the DagBag from /Users/aswin/Documents/data-engineering-practice/ETL_Airflow_DBT/airflow/airflow_env/lib/python3.11/site-packages/airflow/example_dags/example_params_trigger_ui.py
[2026-04-02T05:58:26.558+0530] {processor.py:840} INFO - DAG(s) 'example_params_trigger_ui' retrieved from /Users/aswin/Documents/data-engineering-practice/ETL_Airflow_DBT/airflow/airflow_env/lib/python3.11/site-packages/airflow/example_dags/example_params_trigger_ui.py
[2026-04-02T05:58:26.614+0530] {logging_mixin.py:188} INFO - [2026-04-02T05:58:26.614+0530] {dag.py:3096} INFO - Sync 1 DAGs
[2026-04-02T05:58:26.621+0530] {logging_mixin.py:188} INFO - [2026-04-02T05:58:26.621+0530] {dag.py:3954} INFO - Setting next_dagrun for example_params_trigger_ui to None, run_after=None
[2026-04-02T05:58:26.632+0530] {processor.py:183} INFO - Processing /Users/aswin/Documents/data-engineering-practice/ETL_Airflow_DBT/airflow/airflow_env/lib/python3.11/site-packages/airflow/example_dags/example_params_trigger_ui.py took 0.093 seconds
[2026-04-02T05:58:57.876+0530] {processor.py:161} INFO - Started process (PID=26261) to work on /Users/aswin/Documents/data-engineering-practice/ETL_Airflow_DBT/airflow/airflow_env/lib/python3.11/site-packages/airflow/example_dags/example_params_trigger_ui.py
[2026-04-02T05:58:57.877+0530] {processor.py:830} INFO - Processing file /Users/aswin/Documents/data-engineering-practice/ETL_Airflow_DBT/airflow/airflow_env/lib/python3.11/site-packages/airflow/example_dags/example_params_trigger_ui.py for tasks to queue
[2026-04-02T05:58:57.877+0530] {logging_mixin.py:188} INFO - [2026-04-02T05:58:57.877+0530] {dagbag.py:540} INFO - Filling up the DagBag from /Users/aswin/Documents/data-engineering-practice/ETL_Airflow_DBT/airflow/airflow_env/lib/python3.11/site-packages/airflow/example_dags/example_params_trigger_ui.py
[2026-04-02T05:58:57.894+0530] {processor.py:840} INFO - DAG(s) 'example_params_trigger_ui' retrieved from /Users/aswin/Documents/data-engineering-practice/ETL_Airflow_DBT/airflow/airflow_env/lib/python3.11/site-packages/airflow/example_dags/example_params_trigger_ui.py
[2026-04-02T05:58:57.951+0530] {logging_mixin.py:188} INFO - [2026-04-02T05:58:57.951+0530] {dag.py:3096} INFO - Sync 1 DAGs
[2026-04-02T05:58:57.957+0530] {logging_mixin.py:188} INFO - [2026-04-02T05:58:57.956+0530] {dag.py:3954} INFO - Setting next_dagrun for example_params_trigger_ui to None, run_after=None
[2026-04-02T05:58:57.966+0530] {processor.py:183} INFO - Processing /Users/aswin/Documents/data-engineering-practice/ETL_Airflow_DBT/airflow/airflow_env/lib/python3.11/site-packages/airflow/example_dags/example_params_trigger_ui.py took 0.091 seconds
[2026-04-02T05:59:28.818+0530] {processor.py:161} INFO - Started process (PID=26396) to work on /Users/aswin/Documents/data-engineering-practice/ETL_Airflow_DBT/airflow/airflow_env/lib/python3.11/site-packages/airflow/example_dags/example_params_trigger_ui.py
[2026-04-02T05:59:28.820+0530] {processor.py:830} INFO - Processing file /Users/aswin/Documents/data-engineering-practice/ETL_Airflow_DBT/airflow/airflow_env/lib/python3.11/site-packages/airflow/example_dags/example_params_trigger_ui.py for tasks to queue
[2026-04-02T05:59:28.820+0530] {logging_mixin.py:188} INFO - [2026-04-02T05:59:28.820+0530] {dagbag.py:540} INFO - Filling up the DagBag from /Users/aswin/Documents/data-engineering-practice/ETL_Airflow_DBT/airflow/airflow_env/lib/python3.11/site-packages/airflow/example_dags/example_params_trigger_ui.py
[2026-04-02T05:59:28.837+0530] {processor.py:840} INFO - DAG(s) 'example_params_trigger_ui' retrieved from /Users/aswin/Documents/data-engineering-practice/ETL_Airflow_DBT/airflow/airflow_env/lib/python3.11/site-packages/airflow/example_dags/example_params_trigger_ui.py
[2026-04-02T05:59:28.897+0530] {logging_mixin.py:188} INFO - [2026-04-02T05:59:28.897+0530] {dag.py:3096} INFO - Sync 1 DAGs
[2026-04-02T05:59:28.903+0530] {logging_mixin.py:188} INFO - [2026-04-02T05:59:28.903+0530] {dag.py:3954} INFO - Setting next_dagrun for example_params_trigger_ui to None, run_after=None
[2026-04-02T05:59:28.912+0530] {processor.py:183} INFO - Processing /Users/aswin/Documents/data-engineering-practice/ETL_Airflow_DBT/airflow/airflow_env/lib/python3.11/site-packages/airflow/example_dags/example_params_trigger_ui.py took 0.095 seconds
[2026-04-02T06:00:00.707+0530] {processor.py:161} INFO - Started process (PID=26523) to work on /Users/aswin/Documents/data-engineering-practice/ETL_Airflow_DBT/airflow/airflow_env/lib/python3.11/site-packages/airflow/example_dags/example_params_trigger_ui.py
[2026-04-02T06:00:00.708+0530] {processor.py:830} INFO - Processing file /Users/aswin/Documents/data-engineering-practice/ETL_Airflow_DBT/airflow/airflow_env/lib/python3.11/site-packages/airflow/example_dags/example_params_trigger_ui.py for tasks to queue
[2026-04-02T06:00:00.708+0530] {logging_mixin.py:188} INFO - [2026-04-02T06:00:00.708+0530] {dagbag.py:540} INFO - Filling up the DagBag from /Users/aswin/Documents/data-engineering-practice/ETL_Airflow_DBT/airflow/airflow_env/lib/python3.11/site-packages/airflow/example_dags/example_params_trigger_ui.py
[2026-04-02T06:00:00.725+0530] {processor.py:840} INFO - DAG(s) 'example_params_trigger_ui' retrieved from /Users/aswin/Documents/data-engineering-practice/ETL_Airflow_DBT/airflow/airflow_env/lib/python3.11/site-packages/airflow/example_dags/example_params_trigger_ui.py
[2026-04-02T06:00:00.784+0530] {logging_mixin.py:188} INFO - [2026-04-02T06:00:00.784+0530] {dag.py:3096} INFO - Sync 1 DAGs
[2026-04-02T06:00:00.789+0530] {logging_mixin.py:188} INFO - [2026-04-02T06:00:00.789+0530] {dag.py:3954} INFO - Setting next_dagrun for example_params_trigger_ui to None, run_after=None
[2026-04-02T06:00:00.799+0530] {processor.py:183} INFO - Processing /Users/aswin/Documents/data-engineering-practice/ETL_Airflow_DBT/airflow/airflow_env/lib/python3.11/site-packages/airflow/example_dags/example_params_trigger_ui.py took 0.093 seconds
[2026-04-02T06:00:32.226+0530] {processor.py:161} INFO - Started process (PID=26651) to work on /Users/aswin/Documents/data-engineering-practice/ETL_Airflow_DBT/airflow/airflow_env/lib/python3.11/site-packages/airflow/example_dags/example_params_trigger_ui.py
[2026-04-02T06:00:32.227+0530] {processor.py:830} INFO - Processing file /Users/aswin/Documents/data-engineering-practice/ETL_Airflow_DBT/airflow/airflow_env/lib/python3.11/site-packages/airflow/example_dags/example_params_trigger_ui.py for tasks to queue
[2026-04-02T06:00:32.227+0530] {logging_mixin.py:188} INFO - [2026-04-02T06:00:32.227+0530] {dagbag.py:540} INFO - Filling up the DagBag from /Users/aswin/Documents/data-engineering-practice/ETL_Airflow_DBT/airflow/airflow_env/lib/python3.11/site-packages/airflow/example_dags/example_params_trigger_ui.py
[2026-04-02T06:00:32.245+0530] {processor.py:840} INFO - DAG(s) 'example_params_trigger_ui' retrieved from /Users/aswin/Documents/data-engineering-practice/ETL_Airflow_DBT/airflow/airflow_env/lib/python3.11/site-packages/airflow/example_dags/example_params_trigger_ui.py
[2026-04-02T06:00:32.302+0530] {logging_mixin.py:188} INFO - [2026-04-02T06:00:32.302+0530] {dag.py:3096} INFO - Sync 1 DAGs
[2026-04-02T06:00:32.307+0530] {logging_mixin.py:188} INFO - [2026-04-02T06:00:32.307+0530] {dag.py:3954} INFO - Setting next_dagrun for example_params_trigger_ui to None, run_after=None
[2026-04-02T06:00:32.314+0530] {processor.py:183} INFO - Processing /Users/aswin/Documents/data-engineering-practice/ETL_Airflow_DBT/airflow/airflow_env/lib/python3.11/site-packages/airflow/example_dags/example_params_trigger_ui.py took 0.089 seconds
[2026-04-02T06:01:03.403+0530] {processor.py:161} INFO - Started process (PID=26784) to work on /Users/aswin/Documents/data-engineering-practice/ETL_Airflow_DBT/airflow/airflow_env/lib/python3.11/site-packages/airflow/example_dags/example_params_trigger_ui.py
[2026-04-02T06:01:03.403+0530] {processor.py:830} INFO - Processing file /Users/aswin/Documents/data-engineering-practice/ETL_Airflow_DBT/airflow/airflow_env/lib/python3.11/site-packages/airflow/example_dags/example_params_trigger_ui.py for tasks to queue
[2026-04-02T06:01:03.403+0530] {logging_mixin.py:188} INFO - [2026-04-02T06:01:03.403+0530] {dagbag.py:540} INFO - Filling up the DagBag from /Users/aswin/Documents/data-engineering-practice/ETL_Airflow_DBT/airflow/airflow_env/lib/python3.11/site-packages/airflow/example_dags/example_params_trigger_ui.py
[2026-04-02T06:01:03.422+0530] {processor.py:840} INFO - DAG(s) 'example_params_trigger_ui' retrieved from /Users/aswin/Documents/data-engineering-practice/ETL_Airflow_DBT/airflow/airflow_env/lib/python3.11/site-packages/airflow/example_dags/example_params_trigger_ui.py
[2026-04-02T06:01:03.483+0530] {logging_mixin.py:188} INFO - [2026-04-02T06:01:03.483+0530] {dag.py:3096} INFO - Sync 1 DAGs
[2026-04-02T06:01:03.488+0530] {logging_mixin.py:188} INFO - [2026-04-02T06:01:03.488+0530] {dag.py:3954} INFO - Setting next_dagrun for example_params_trigger_ui to None, run_after=None
[2026-04-02T06:01:03.498+0530] {processor.py:183} INFO - Processing /Users/aswin/Documents/data-engineering-practice/ETL_Airflow_DBT/airflow/airflow_env/lib/python3.11/site-packages/airflow/example_dags/example_params_trigger_ui.py took 0.096 seconds
[2026-04-02T06:01:34.528+0530] {processor.py:161} INFO - Started process (PID=26910) to work on /Users/aswin/Documents/data-engineering-practice/ETL_Airflow_DBT/airflow/airflow_env/lib/python3.11/site-packages/airflow/example_dags/example_params_trigger_ui.py
[2026-04-02T06:01:34.528+0530] {processor.py:830} INFO - Processing file /Users/aswin/Documents/data-engineering-practice/ETL_Airflow_DBT/airflow/airflow_env/lib/python3.11/site-packages/airflow/example_dags/example_params_trigger_ui.py for tasks to queue
[2026-04-02T06:01:34.528+0530] {logging_mixin.py:188} INFO - [2026-04-02T06:01:34.528+0530] {dagbag.py:540} INFO - Filling up the DagBag from /Users/aswin/Documents/data-engineering-practice/ETL_Airflow_DBT/airflow/airflow_env/lib/python3.11/site-packages/airflow/example_dags/example_params_trigger_ui.py
[2026-04-02T06:01:34.545+0530] {processor.py:840} INFO - DAG(s) 'example_params_trigger_ui' retrieved from /Users/aswin/Documents/data-engineering-practice/ETL_Airflow_DBT/airflow/airflow_env/lib/python3.11/site-packages/airflow/example_dags/example_params_trigger_ui.py
[2026-04-02T06:01:34.603+0530] {logging_mixin.py:188} INFO - [2026-04-02T06:01:34.603+0530] {dag.py:3096} INFO - Sync 1 DAGs
[2026-04-02T06:01:34.608+0530] {logging_mixin.py:188} INFO - [2026-04-02T06:01:34.608+0530] {dag.py:3954} INFO - Setting next_dagrun for example_params_trigger_ui to None, run_after=None
[2026-04-02T06:01:34.617+0530] {processor.py:183} INFO - Processing /Users/aswin/Documents/data-engineering-practice/ETL_Airflow_DBT/airflow/airflow_env/lib/python3.11/site-packages/airflow/example_dags/example_params_trigger_ui.py took 0.091 seconds
[2026-04-02T06:02:05.819+0530] {processor.py:161} INFO - Started process (PID=27051) to work on /Users/aswin/Documents/data-engineering-practice/ETL_Airflow_DBT/airflow/airflow_env/lib/python3.11/site-packages/airflow/example_dags/example_params_trigger_ui.py
[2026-04-02T06:02:05.820+0530] {processor.py:830} INFO - Processing file /Users/aswin/Documents/data-engineering-practice/ETL_Airflow_DBT/airflow/airflow_env/lib/python3.11/site-packages/airflow/example_dags/example_params_trigger_ui.py for tasks to queue
[2026-04-02T06:02:05.820+0530] {logging_mixin.py:188} INFO - [2026-04-02T06:02:05.820+0530] {dagbag.py:540} INFO - Filling up the DagBag from /Users/aswin/Documents/data-engineering-practice/ETL_Airflow_DBT/airflow/airflow_env/lib/python3.11/site-packages/airflow/example_dags/example_params_trigger_ui.py
[2026-04-02T06:02:05.837+0530] {processor.py:840} INFO - DAG(s) 'example_params_trigger_ui' retrieved from /Users/aswin/Documents/data-engineering-practice/ETL_Airflow_DBT/airflow/airflow_env/lib/python3.11/site-packages/airflow/example_dags/example_params_trigger_ui.py
[2026-04-02T06:02:05.894+0530] {logging_mixin.py:188} INFO - [2026-04-02T06:02:05.893+0530] {dag.py:3096} INFO - Sync 1 DAGs
[2026-04-02T06:02:05.899+0530] {logging_mixin.py:188} INFO - [2026-04-02T06:02:05.899+0530] {dag.py:3954} INFO - Setting next_dagrun for example_params_trigger_ui to None, run_after=None
[2026-04-02T06:02:05.908+0530] {processor.py:183} INFO - Processing /Users/aswin/Documents/data-engineering-practice/ETL_Airflow_DBT/airflow/airflow_env/lib/python3.11/site-packages/airflow/example_dags/example_params_trigger_ui.py took 0.090 seconds
[2026-04-02T06:02:36.908+0530] {processor.py:161} INFO - Started process (PID=27178) to work on /Users/aswin/Documents/data-engineering-practice/ETL_Airflow_DBT/airflow/airflow_env/lib/python3.11/site-packages/airflow/example_dags/example_params_trigger_ui.py
[2026-04-02T06:02:36.908+0530] {processor.py:830} INFO - Processing file /Users/aswin/Documents/data-engineering-practice/ETL_Airflow_DBT/airflow/airflow_env/lib/python3.11/site-packages/airflow/example_dags/example_params_trigger_ui.py for tasks to queue
[2026-04-02T06:02:36.909+0530] {logging_mixin.py:188} INFO - [2026-04-02T06:02:36.908+0530] {dagbag.py:540} INFO - Filling up the DagBag from /Users/aswin/Documents/data-engineering-practice/ETL_Airflow_DBT/airflow/airflow_env/lib/python3.11/site-packages/airflow/example_dags/example_params_trigger_ui.py
[2026-04-02T06:02:36.925+0530] {processor.py:840} INFO - DAG(s) 'example_params_trigger_ui' retrieved from /Users/aswin/Documents/data-engineering-practice/ETL_Airflow_DBT/airflow/airflow_env/lib/python3.11/site-packages/airflow/example_dags/example_params_trigger_ui.py
[2026-04-02T06:02:36.984+0530] {logging_mixin.py:188} INFO - [2026-04-02T06:02:36.984+0530] {dag.py:3096} INFO - Sync 1 DAGs
[2026-04-02T06:02:36.990+0530] {logging_mixin.py:188} INFO - [2026-04-02T06:02:36.989+0530] {dag.py:3954} INFO - Setting next_dagrun for example_params_trigger_ui to None, run_after=None
[2026-04-02T06:02:36.998+0530] {processor.py:183} INFO - Processing /Users/aswin/Documents/data-engineering-practice/ETL_Airflow_DBT/airflow/airflow_env/lib/python3.11/site-packages/airflow/example_dags/example_params_trigger_ui.py took 0.092 seconds
[2026-04-02T06:03:07.961+0530] {processor.py:161} INFO - Started process (PID=27303) to work on /Users/aswin/Documents/data-engineering-practice/ETL_Airflow_DBT/airflow/airflow_env/lib/python3.11/site-packages/airflow/example_dags/example_params_trigger_ui.py
[2026-04-02T06:03:07.962+0530] {processor.py:830} INFO - Processing file /Users/aswin/Documents/data-engineering-practice/ETL_Airflow_DBT/airflow/airflow_env/lib/python3.11/site-packages/airflow/example_dags/example_params_trigger_ui.py for tasks to queue
[2026-04-02T06:03:07.962+0530] {logging_mixin.py:188} INFO - [2026-04-02T06:03:07.962+0530] {dagbag.py:540} INFO - Filling up the DagBag from /Users/aswin/Documents/data-engineering-practice/ETL_Airflow_DBT/airflow/airflow_env/lib/python3.11/site-packages/airflow/example_dags/example_params_trigger_ui.py
[2026-04-02T06:03:07.978+0530] {processor.py:840} INFO - DAG(s) 'example_params_trigger_ui' retrieved from /Users/aswin/Documents/data-engineering-practice/ETL_Airflow_DBT/airflow/airflow_env/lib/python3.11/site-packages/airflow/example_dags/example_params_trigger_ui.py
[2026-04-02T06:03:08.037+0530] {logging_mixin.py:188} INFO - [2026-04-02T06:03:08.036+0530] {dag.py:3096} INFO - Sync 1 DAGs
[2026-04-02T06:03:08.044+0530] {logging_mixin.py:188} INFO - [2026-04-02T06:03:08.044+0530] {dag.py:3954} INFO - Setting next_dagrun for example_params_trigger_ui to None, run_after=None
[2026-04-02T06:03:08.052+0530] {processor.py:183} INFO - Processing /Users/aswin/Documents/data-engineering-practice/ETL_Airflow_DBT/airflow/airflow_env/lib/python3.11/site-packages/airflow/example_dags/example_params_trigger_ui.py took 0.093 seconds
[2026-04-02T06:03:39.101+0530] {processor.py:161} INFO - Started process (PID=27429) to work on /Users/aswin/Documents/data-engineering-practice/ETL_Airflow_DBT/airflow/airflow_env/lib/python3.11/site-packages/airflow/example_dags/example_params_trigger_ui.py
[2026-04-02T06:03:39.102+0530] {processor.py:830} INFO - Processing file /Users/aswin/Documents/data-engineering-practice/ETL_Airflow_DBT/airflow/airflow_env/lib/python3.11/site-packages/airflow/example_dags/example_params_trigger_ui.py for tasks to queue
[2026-04-02T06:03:39.102+0530] {logging_mixin.py:188} INFO - [2026-04-02T06:03:39.102+0530] {dagbag.py:540} INFO - Filling up the DagBag from /Users/aswin/Documents/data-engineering-practice/ETL_Airflow_DBT/airflow/airflow_env/lib/python3.11/site-packages/airflow/example_dags/example_params_trigger_ui.py
[2026-04-02T06:03:39.119+0530] {processor.py:840} INFO - DAG(s) 'example_params_trigger_ui' retrieved from /Users/aswin/Documents/data-engineering-practice/ETL_Airflow_DBT/airflow/airflow_env/lib/python3.11/site-packages/airflow/example_dags/example_params_trigger_ui.py
[2026-04-02T06:03:39.178+0530] {logging_mixin.py:188} INFO - [2026-04-02T06:03:39.178+0530] {dag.py:3096} INFO - Sync 1 DAGs
[2026-04-02T06:03:39.183+0530] {logging_mixin.py:188} INFO - [2026-04-02T06:03:39.183+0530] {dag.py:3954} INFO - Setting next_dagrun for example_params_trigger_ui to None, run_after=None
[2026-04-02T06:03:39.193+0530] {processor.py:183} INFO - Processing /Users/aswin/Documents/data-engineering-practice/ETL_Airflow_DBT/airflow/airflow_env/lib/python3.11/site-packages/airflow/example_dags/example_params_trigger_ui.py took 0.093 seconds
[2026-04-02T06:04:10.482+0530] {processor.py:161} INFO - Started process (PID=27555) to work on /Users/aswin/Documents/data-engineering-practice/ETL_Airflow_DBT/airflow/airflow_env/lib/python3.11/site-packages/airflow/example_dags/example_params_trigger_ui.py
[2026-04-02T06:04:10.483+0530] {processor.py:830} INFO - Processing file /Users/aswin/Documents/data-engineering-practice/ETL_Airflow_DBT/airflow/airflow_env/lib/python3.11/site-packages/airflow/example_dags/example_params_trigger_ui.py for tasks to queue
[2026-04-02T06:04:10.483+0530] {logging_mixin.py:188} INFO - [2026-04-02T06:04:10.483+0530] {dagbag.py:540} INFO - Filling up the DagBag from /Users/aswin/Documents/data-engineering-practice/ETL_Airflow_DBT/airflow/airflow_env/lib/python3.11/site-packages/airflow/example_dags/example_params_trigger_ui.py
[2026-04-02T06:04:10.500+0530] {processor.py:840} INFO - DAG(s) 'example_params_trigger_ui' retrieved from /Users/aswin/Documents/data-engineering-practice/ETL_Airflow_DBT/airflow/airflow_env/lib/python3.11/site-packages/airflow/example_dags/example_params_trigger_ui.py
[2026-04-02T06:04:10.560+0530] {logging_mixin.py:188} INFO - [2026-04-02T06:04:10.560+0530] {dag.py:3096} INFO - Sync 1 DAGs
[2026-04-02T06:04:10.565+0530] {logging_mixin.py:188} INFO - [2026-04-02T06:04:10.565+0530] {dag.py:3954} INFO - Setting next_dagrun for example_params_trigger_ui to None, run_after=None
[2026-04-02T06:04:10.574+0530] {processor.py:183} INFO - Processing /Users/aswin/Documents/data-engineering-practice/ETL_Airflow_DBT/airflow/airflow_env/lib/python3.11/site-packages/airflow/example_dags/example_params_trigger_ui.py took 0.094 seconds
[2026-04-02T06:04:41.781+0530] {processor.py:161} INFO - Started process (PID=27708) to work on /Users/aswin/Documents/data-engineering-practice/ETL_Airflow_DBT/airflow/airflow_env/lib/python3.11/site-packages/airflow/example_dags/example_params_trigger_ui.py
[2026-04-02T06:04:41.783+0530] {processor.py:830} INFO - Processing file /Users/aswin/Documents/data-engineering-practice/ETL_Airflow_DBT/airflow/airflow_env/lib/python3.11/site-packages/airflow/example_dags/example_params_trigger_ui.py for tasks to queue
[2026-04-02T06:04:41.783+0530] {logging_mixin.py:188} INFO - [2026-04-02T06:04:41.783+0530] {dagbag.py:540} INFO - Filling up the DagBag from /Users/aswin/Documents/data-engineering-practice/ETL_Airflow_DBT/airflow/airflow_env/lib/python3.11/site-packages/airflow/example_dags/example_params_trigger_ui.py
[2026-04-02T06:04:41.801+0530] {processor.py:840} INFO - DAG(s) 'example_params_trigger_ui' retrieved from /Users/aswin/Documents/data-engineering-practice/ETL_Airflow_DBT/airflow/airflow_env/lib/python3.11/site-packages/airflow/example_dags/example_params_trigger_ui.py
[2026-04-02T06:04:41.861+0530] {logging_mixin.py:188} INFO - [2026-04-02T06:04:41.861+0530] {dag.py:3096} INFO - Sync 1 DAGs
[2026-04-02T06:04:41.869+0530] {logging_mixin.py:188} INFO - [2026-04-02T06:04:41.869+0530] {dag.py:3954} INFO - Setting next_dagrun for example_params_trigger_ui to None, run_after=None
[2026-04-02T06:04:41.880+0530] {processor.py:183} INFO - Processing /Users/aswin/Documents/data-engineering-practice/ETL_Airflow_DBT/airflow/airflow_env/lib/python3.11/site-packages/airflow/example_dags/example_params_trigger_ui.py took 0.100 seconds
[2026-04-02T06:05:12.739+0530] {processor.py:161} INFO - Started process (PID=27836) to work on /Users/aswin/Documents/data-engineering-practice/ETL_Airflow_DBT/airflow/airflow_env/lib/python3.11/site-packages/airflow/example_dags/example_params_trigger_ui.py
[2026-04-02T06:05:12.740+0530] {processor.py:830} INFO - Processing file /Users/aswin/Documents/data-engineering-practice/ETL_Airflow_DBT/airflow/airflow_env/lib/python3.11/site-packages/airflow/example_dags/example_params_trigger_ui.py for tasks to queue
[2026-04-02T06:05:12.740+0530] {logging_mixin.py:188} INFO - [2026-04-02T06:05:12.740+0530] {dagbag.py:540} INFO - Filling up the DagBag from /Users/aswin/Documents/data-engineering-practice/ETL_Airflow_DBT/airflow/airflow_env/lib/python3.11/site-packages/airflow/example_dags/example_params_trigger_ui.py
[2026-04-02T06:05:12.758+0530] {processor.py:840} INFO - DAG(s) 'example_params_trigger_ui' retrieved from /Users/aswin/Documents/data-engineering-practice/ETL_Airflow_DBT/airflow/airflow_env/lib/python3.11/site-packages/airflow/example_dags/example_params_trigger_ui.py
[2026-04-02T06:05:12.815+0530] {logging_mixin.py:188} INFO - [2026-04-02T06:05:12.815+0530] {dag.py:3096} INFO - Sync 1 DAGs
[2026-04-02T06:05:12.820+0530] {logging_mixin.py:188} INFO - [2026-04-02T06:05:12.820+0530] {dag.py:3954} INFO - Setting next_dagrun for example_params_trigger_ui to None, run_after=None
[2026-04-02T06:05:12.829+0530] {processor.py:183} INFO - Processing /Users/aswin/Documents/data-engineering-practice/ETL_Airflow_DBT/airflow/airflow_env/lib/python3.11/site-packages/airflow/example_dags/example_params_trigger_ui.py took 0.091 seconds
[2026-04-02T06:05:43.759+0530] {processor.py:161} INFO - Started process (PID=27969) to work on /Users/aswin/Documents/data-engineering-practice/ETL_Airflow_DBT/airflow/airflow_env/lib/python3.11/site-packages/airflow/example_dags/example_params_trigger_ui.py
[2026-04-02T06:05:43.760+0530] {processor.py:830} INFO - Processing file /Users/aswin/Documents/data-engineering-practice/ETL_Airflow_DBT/airflow/airflow_env/lib/python3.11/site-packages/airflow/example_dags/example_params_trigger_ui.py for tasks to queue
[2026-04-02T06:05:43.760+0530] {logging_mixin.py:188} INFO - [2026-04-02T06:05:43.760+0530] {dagbag.py:540} INFO - Filling up the DagBag from /Users/aswin/Documents/data-engineering-practice/ETL_Airflow_DBT/airflow/airflow_env/lib/python3.11/site-packages/airflow/example_dags/example_params_trigger_ui.py
[2026-04-02T06:05:43.776+0530] {processor.py:840} INFO - DAG(s) 'example_params_trigger_ui' retrieved from /Users/aswin/Documents/data-engineering-practice/ETL_Airflow_DBT/airflow/airflow_env/lib/python3.11/site-packages/airflow/example_dags/example_params_trigger_ui.py
[2026-04-02T06:05:43.833+0530] {logging_mixin.py:188} INFO - [2026-04-02T06:05:43.833+0530] {dag.py:3096} INFO - Sync 1 DAGs
[2026-04-02T06:05:43.838+0530] {logging_mixin.py:188} INFO - [2026-04-02T06:05:43.838+0530] {dag.py:3954} INFO - Setting next_dagrun for example_params_trigger_ui to None, run_after=None
[2026-04-02T06:05:43.846+0530] {processor.py:183} INFO - Processing /Users/aswin/Documents/data-engineering-practice/ETL_Airflow_DBT/airflow/airflow_env/lib/python3.11/site-packages/airflow/example_dags/example_params_trigger_ui.py took 0.088 seconds
[2026-04-02T06:06:14.881+0530] {processor.py:161} INFO - Started process (PID=28119) to work on /Users/aswin/Documents/data-engineering-practice/ETL_Airflow_DBT/airflow/airflow_env/lib/python3.11/site-packages/airflow/example_dags/example_params_trigger_ui.py
[2026-04-02T06:06:14.884+0530] {processor.py:830} INFO - Processing file /Users/aswin/Documents/data-engineering-practice/ETL_Airflow_DBT/airflow/airflow_env/lib/python3.11/site-packages/airflow/example_dags/example_params_trigger_ui.py for tasks to queue
[2026-04-02T06:06:14.884+0530] {logging_mixin.py:188} INFO - [2026-04-02T06:06:14.884+0530] {dagbag.py:540} INFO - Filling up the DagBag from /Users/aswin/Documents/data-engineering-practice/ETL_Airflow_DBT/airflow/airflow_env/lib/python3.11/site-packages/airflow/example_dags/example_params_trigger_ui.py
[2026-04-02T06:06:14.901+0530] {processor.py:840} INFO - DAG(s) 'example_params_trigger_ui' retrieved from /Users/aswin/Documents/data-engineering-practice/ETL_Airflow_DBT/airflow/airflow_env/lib/python3.11/site-packages/airflow/example_dags/example_params_trigger_ui.py
[2026-04-02T06:06:14.960+0530] {logging_mixin.py:188} INFO - [2026-04-02T06:06:14.960+0530] {dag.py:3096} INFO - Sync 1 DAGs
[2026-04-02T06:06:14.965+0530] {logging_mixin.py:188} INFO - [2026-04-02T06:06:14.965+0530] {dag.py:3954} INFO - Setting next_dagrun for example_params_trigger_ui to None, run_after=None
[2026-04-02T06:06:14.975+0530] {processor.py:183} INFO - Processing /Users/aswin/Documents/data-engineering-practice/ETL_Airflow_DBT/airflow/airflow_env/lib/python3.11/site-packages/airflow/example_dags/example_params_trigger_ui.py took 0.094 seconds
[2026-04-02T06:06:46.094+0530] {processor.py:161} INFO - Started process (PID=28244) to work on /Users/aswin/Documents/data-engineering-practice/ETL_Airflow_DBT/airflow/airflow_env/lib/python3.11/site-packages/airflow/example_dags/example_params_trigger_ui.py
[2026-04-02T06:06:46.095+0530] {processor.py:830} INFO - Processing file /Users/aswin/Documents/data-engineering-practice/ETL_Airflow_DBT/airflow/airflow_env/lib/python3.11/site-packages/airflow/example_dags/example_params_trigger_ui.py for tasks to queue
[2026-04-02T06:06:46.095+0530] {logging_mixin.py:188} INFO - [2026-04-02T06:06:46.095+0530] {dagbag.py:540} INFO - Filling up the DagBag from /Users/aswin/Documents/data-engineering-practice/ETL_Airflow_DBT/airflow/airflow_env/lib/python3.11/site-packages/airflow/example_dags/example_params_trigger_ui.py
[2026-04-02T06:06:46.114+0530] {processor.py:840} INFO - DAG(s) 'example_params_trigger_ui' retrieved from /Users/aswin/Documents/data-engineering-practice/ETL_Airflow_DBT/airflow/airflow_env/lib/python3.11/site-packages/airflow/example_dags/example_params_trigger_ui.py
[2026-04-02T06:06:46.172+0530] {logging_mixin.py:188} INFO - [2026-04-02T06:06:46.172+0530] {dag.py:3096} INFO - Sync 1 DAGs
[2026-04-02T06:06:46.177+0530] {logging_mixin.py:188} INFO - [2026-04-02T06:06:46.177+0530] {dag.py:3954} INFO - Setting next_dagrun for example_params_trigger_ui to None, run_after=None
[2026-04-02T06:06:46.186+0530] {processor.py:183} INFO - Processing /Users/aswin/Documents/data-engineering-practice/ETL_Airflow_DBT/airflow/airflow_env/lib/python3.11/site-packages/airflow/example_dags/example_params_trigger_ui.py took 0.092 seconds
