[2026-04-02T05:38:05.568+0530] {processor.py:161} INFO - Started process (PID=21134) to work on /Users/aswin/Documents/data-engineering-practice/ETL_Airflow_DBT/airflow/airflow_env/lib/python3.11/site-packages/airflow/example_dags/example_sla_dag.py
[2026-04-02T05:38:05.569+0530] {processor.py:830} INFO - Processing file /Users/aswin/Documents/data-engineering-practice/ETL_Airflow_DBT/airflow/airflow_env/lib/python3.11/site-packages/airflow/example_dags/example_sla_dag.py for tasks to queue
[2026-04-02T05:38:05.569+0530] {logging_mixin.py:188} INFO - [2026-04-02T05:38:05.569+0530] {dagbag.py:540} INFO - Filling up the DagBag from /Users/aswin/Documents/data-engineering-practice/ETL_Airflow_DBT/airflow/airflow_env/lib/python3.11/site-packages/airflow/example_dags/example_sla_dag.py
[2026-04-02T05:38:05.586+0530] {processor.py:840} INFO - DAG(s) 'example_sla_dag' retrieved from /Users/aswin/Documents/data-engineering-practice/ETL_Airflow_DBT/airflow/airflow_env/lib/python3.11/site-packages/airflow/example_dags/example_sla_dag.py
[2026-04-02T05:38:05.638+0530] {logging_mixin.py:188} INFO - [2026-04-02T05:38:05.637+0530] {dag.py:3096} INFO - Sync 1 DAGs
[2026-04-02T05:38:05.649+0530] {logging_mixin.py:188} INFO - [2026-04-02T05:38:05.648+0530] {dag.py:3954} INFO - Setting next_dagrun for example_sla_dag to 2026-04-02 00:06:00+00:00, run_after=2026-04-02 00:08:00+00:00
[2026-04-02T05:38:05.658+0530] {processor.py:183} INFO - Processing /Users/aswin/Documents/data-engineering-practice/ETL_Airflow_DBT/airflow/airflow_env/lib/python3.11/site-packages/airflow/example_dags/example_sla_dag.py took 0.091 seconds
[2026-04-02T05:38:36.989+0530] {processor.py:161} INFO - Started process (PID=21266) to work on /Users/aswin/Documents/data-engineering-practice/ETL_Airflow_DBT/airflow/airflow_env/lib/python3.11/site-packages/airflow/example_dags/example_sla_dag.py
[2026-04-02T05:38:36.990+0530] {processor.py:830} INFO - Processing file /Users/aswin/Documents/data-engineering-practice/ETL_Airflow_DBT/airflow/airflow_env/lib/python3.11/site-packages/airflow/example_dags/example_sla_dag.py for tasks to queue
[2026-04-02T05:38:36.990+0530] {logging_mixin.py:188} INFO - [2026-04-02T05:38:36.990+0530] {dagbag.py:540} INFO - Filling up the DagBag from /Users/aswin/Documents/data-engineering-practice/ETL_Airflow_DBT/airflow/airflow_env/lib/python3.11/site-packages/airflow/example_dags/example_sla_dag.py
[2026-04-02T05:38:37.007+0530] {processor.py:840} INFO - DAG(s) 'example_sla_dag' retrieved from /Users/aswin/Documents/data-engineering-practice/ETL_Airflow_DBT/airflow/airflow_env/lib/python3.11/site-packages/airflow/example_dags/example_sla_dag.py
[2026-04-02T05:38:37.068+0530] {logging_mixin.py:188} INFO - [2026-04-02T05:38:37.067+0530] {dag.py:3096} INFO - Sync 1 DAGs
[2026-04-02T05:38:37.080+0530] {logging_mixin.py:188} INFO - [2026-04-02T05:38:37.080+0530] {dag.py:3954} INFO - Setting next_dagrun for example_sla_dag to 2026-04-02 00:06:00+00:00, run_after=2026-04-02 00:08:00+00:00
[2026-04-02T05:38:37.087+0530] {processor.py:183} INFO - Processing /Users/aswin/Documents/data-engineering-practice/ETL_Airflow_DBT/airflow/airflow_env/lib/python3.11/site-packages/airflow/example_dags/example_sla_dag.py took 0.099 seconds
[2026-04-02T05:39:08.044+0530] {processor.py:161} INFO - Started process (PID=21396) to work on /Users/aswin/Documents/data-engineering-practice/ETL_Airflow_DBT/airflow/airflow_env/lib/python3.11/site-packages/airflow/example_dags/example_sla_dag.py
[2026-04-02T05:39:08.046+0530] {processor.py:830} INFO - Processing file /Users/aswin/Documents/data-engineering-practice/ETL_Airflow_DBT/airflow/airflow_env/lib/python3.11/site-packages/airflow/example_dags/example_sla_dag.py for tasks to queue
[2026-04-02T05:39:08.047+0530] {logging_mixin.py:188} INFO - [2026-04-02T05:39:08.047+0530] {dagbag.py:540} INFO - Filling up the DagBag from /Users/aswin/Documents/data-engineering-practice/ETL_Airflow_DBT/airflow/airflow_env/lib/python3.11/site-packages/airflow/example_dags/example_sla_dag.py
[2026-04-02T05:39:08.063+0530] {processor.py:840} INFO - DAG(s) 'example_sla_dag' retrieved from /Users/aswin/Documents/data-engineering-practice/ETL_Airflow_DBT/airflow/airflow_env/lib/python3.11/site-packages/airflow/example_dags/example_sla_dag.py
[2026-04-02T05:39:08.116+0530] {logging_mixin.py:188} INFO - [2026-04-02T05:39:08.116+0530] {dag.py:3096} INFO - Sync 1 DAGs
[2026-04-02T05:39:08.126+0530] {logging_mixin.py:188} INFO - [2026-04-02T05:39:08.126+0530] {dag.py:3954} INFO - Setting next_dagrun for example_sla_dag to 2026-04-02 00:06:00+00:00, run_after=2026-04-02 00:08:00+00:00
[2026-04-02T05:39:08.136+0530] {processor.py:183} INFO - Processing /Users/aswin/Documents/data-engineering-practice/ETL_Airflow_DBT/airflow/airflow_env/lib/python3.11/site-packages/airflow/example_dags/example_sla_dag.py took 0.093 seconds
[2026-04-02T05:39:39.219+0530] {processor.py:161} INFO - Started process (PID=21522) to work on /Users/aswin/Documents/data-engineering-practice/ETL_Airflow_DBT/airflow/airflow_env/lib/python3.11/site-packages/airflow/example_dags/example_sla_dag.py
[2026-04-02T05:39:39.220+0530] {processor.py:830} INFO - Processing file /Users/aswin/Documents/data-engineering-practice/ETL_Airflow_DBT/airflow/airflow_env/lib/python3.11/site-packages/airflow/example_dags/example_sla_dag.py for tasks to queue
[2026-04-02T05:39:39.220+0530] {logging_mixin.py:188} INFO - [2026-04-02T05:39:39.220+0530] {dagbag.py:540} INFO - Filling up the DagBag from /Users/aswin/Documents/data-engineering-practice/ETL_Airflow_DBT/airflow/airflow_env/lib/python3.11/site-packages/airflow/example_dags/example_sla_dag.py
[2026-04-02T05:39:39.236+0530] {processor.py:840} INFO - DAG(s) 'example_sla_dag' retrieved from /Users/aswin/Documents/data-engineering-practice/ETL_Airflow_DBT/airflow/airflow_env/lib/python3.11/site-packages/airflow/example_dags/example_sla_dag.py
[2026-04-02T05:39:39.291+0530] {logging_mixin.py:188} INFO - [2026-04-02T05:39:39.290+0530] {dag.py:3096} INFO - Sync 1 DAGs
[2026-04-02T05:39:39.300+0530] {logging_mixin.py:188} INFO - [2026-04-02T05:39:39.300+0530] {dag.py:3954} INFO - Setting next_dagrun for example_sla_dag to 2026-04-02 00:06:00+00:00, run_after=2026-04-02 00:08:00+00:00
[2026-04-02T05:39:39.310+0530] {processor.py:183} INFO - Processing /Users/aswin/Documents/data-engineering-practice/ETL_Airflow_DBT/airflow/airflow_env/lib/python3.11/site-packages/airflow/example_dags/example_sla_dag.py took 0.092 seconds
[2026-04-02T05:40:10.455+0530] {processor.py:161} INFO - Started process (PID=21647) to work on /Users/aswin/Documents/data-engineering-practice/ETL_Airflow_DBT/airflow/airflow_env/lib/python3.11/site-packages/airflow/example_dags/example_sla_dag.py
[2026-04-02T05:40:10.456+0530] {processor.py:830} INFO - Processing file /Users/aswin/Documents/data-engineering-practice/ETL_Airflow_DBT/airflow/airflow_env/lib/python3.11/site-packages/airflow/example_dags/example_sla_dag.py for tasks to queue
[2026-04-02T05:40:10.456+0530] {logging_mixin.py:188} INFO - [2026-04-02T05:40:10.456+0530] {dagbag.py:540} INFO - Filling up the DagBag from /Users/aswin/Documents/data-engineering-practice/ETL_Airflow_DBT/airflow/airflow_env/lib/python3.11/site-packages/airflow/example_dags/example_sla_dag.py
[2026-04-02T05:40:10.472+0530] {processor.py:840} INFO - DAG(s) 'example_sla_dag' retrieved from /Users/aswin/Documents/data-engineering-practice/ETL_Airflow_DBT/airflow/airflow_env/lib/python3.11/site-packages/airflow/example_dags/example_sla_dag.py
[2026-04-02T05:40:10.523+0530] {logging_mixin.py:188} INFO - [2026-04-02T05:40:10.523+0530] {dag.py:3096} INFO - Sync 1 DAGs
[2026-04-02T05:40:10.534+0530] {logging_mixin.py:188} INFO - [2026-04-02T05:40:10.534+0530] {dag.py:3954} INFO - Setting next_dagrun for example_sla_dag to 2026-04-02 00:08:00+00:00, run_after=2026-04-02 00:10:00+00:00
[2026-04-02T05:40:10.544+0530] {processor.py:183} INFO - Processing /Users/aswin/Documents/data-engineering-practice/ETL_Airflow_DBT/airflow/airflow_env/lib/python3.11/site-packages/airflow/example_dags/example_sla_dag.py took 0.090 seconds
[2026-04-02T05:40:41.494+0530] {processor.py:161} INFO - Started process (PID=21780) to work on /Users/aswin/Documents/data-engineering-practice/ETL_Airflow_DBT/airflow/airflow_env/lib/python3.11/site-packages/airflow/example_dags/example_sla_dag.py
[2026-04-02T05:40:41.495+0530] {processor.py:830} INFO - Processing file /Users/aswin/Documents/data-engineering-practice/ETL_Airflow_DBT/airflow/airflow_env/lib/python3.11/site-packages/airflow/example_dags/example_sla_dag.py for tasks to queue
[2026-04-02T05:40:41.495+0530] {logging_mixin.py:188} INFO - [2026-04-02T05:40:41.495+0530] {dagbag.py:540} INFO - Filling up the DagBag from /Users/aswin/Documents/data-engineering-practice/ETL_Airflow_DBT/airflow/airflow_env/lib/python3.11/site-packages/airflow/example_dags/example_sla_dag.py
[2026-04-02T05:40:41.512+0530] {processor.py:840} INFO - DAG(s) 'example_sla_dag' retrieved from /Users/aswin/Documents/data-engineering-practice/ETL_Airflow_DBT/airflow/airflow_env/lib/python3.11/site-packages/airflow/example_dags/example_sla_dag.py
[2026-04-02T05:40:41.567+0530] {logging_mixin.py:188} INFO - [2026-04-02T05:40:41.566+0530] {dag.py:3096} INFO - Sync 1 DAGs
[2026-04-02T05:40:41.578+0530] {logging_mixin.py:188} INFO - [2026-04-02T05:40:41.577+0530] {dag.py:3954} INFO - Setting next_dagrun for example_sla_dag to 2026-04-02 00:08:00+00:00, run_after=2026-04-02 00:10:00+00:00
[2026-04-02T05:40:41.586+0530] {processor.py:183} INFO - Processing /Users/aswin/Documents/data-engineering-practice/ETL_Airflow_DBT/airflow/airflow_env/lib/python3.11/site-packages/airflow/example_dags/example_sla_dag.py took 0.094 seconds
[2026-04-02T05:41:12.663+0530] {processor.py:161} INFO - Started process (PID=21907) to work on /Users/aswin/Documents/data-engineering-practice/ETL_Airflow_DBT/airflow/airflow_env/lib/python3.11/site-packages/airflow/example_dags/example_sla_dag.py
[2026-04-02T05:41:12.664+0530] {processor.py:830} INFO - Processing file /Users/aswin/Documents/data-engineering-practice/ETL_Airflow_DBT/airflow/airflow_env/lib/python3.11/site-packages/airflow/example_dags/example_sla_dag.py for tasks to queue
[2026-04-02T05:41:12.664+0530] {logging_mixin.py:188} INFO - [2026-04-02T05:41:12.664+0530] {dagbag.py:540} INFO - Filling up the DagBag from /Users/aswin/Documents/data-engineering-practice/ETL_Airflow_DBT/airflow/airflow_env/lib/python3.11/site-packages/airflow/example_dags/example_sla_dag.py
[2026-04-02T05:41:12.680+0530] {processor.py:840} INFO - DAG(s) 'example_sla_dag' retrieved from /Users/aswin/Documents/data-engineering-practice/ETL_Airflow_DBT/airflow/airflow_env/lib/python3.11/site-packages/airflow/example_dags/example_sla_dag.py
[2026-04-02T05:41:12.732+0530] {logging_mixin.py:188} INFO - [2026-04-02T05:41:12.732+0530] {dag.py:3096} INFO - Sync 1 DAGs
[2026-04-02T05:41:12.742+0530] {logging_mixin.py:188} INFO - [2026-04-02T05:41:12.742+0530] {dag.py:3954} INFO - Setting next_dagrun for example_sla_dag to 2026-04-02 00:08:00+00:00, run_after=2026-04-02 00:10:00+00:00
[2026-04-02T05:41:12.751+0530] {processor.py:183} INFO - Processing /Users/aswin/Documents/data-engineering-practice/ETL_Airflow_DBT/airflow/airflow_env/lib/python3.11/site-packages/airflow/example_dags/example_sla_dag.py took 0.089 seconds
[2026-04-02T05:41:43.999+0530] {processor.py:161} INFO - Started process (PID=22033) to work on /Users/aswin/Documents/data-engineering-practice/ETL_Airflow_DBT/airflow/airflow_env/lib/python3.11/site-packages/airflow/example_dags/example_sla_dag.py
[2026-04-02T05:41:43.999+0530] {processor.py:830} INFO - Processing file /Users/aswin/Documents/data-engineering-practice/ETL_Airflow_DBT/airflow/airflow_env/lib/python3.11/site-packages/airflow/example_dags/example_sla_dag.py for tasks to queue
[2026-04-02T05:41:44.000+0530] {logging_mixin.py:188} INFO - [2026-04-02T05:41:44.000+0530] {dagbag.py:540} INFO - Filling up the DagBag from /Users/aswin/Documents/data-engineering-practice/ETL_Airflow_DBT/airflow/airflow_env/lib/python3.11/site-packages/airflow/example_dags/example_sla_dag.py
[2026-04-02T05:41:44.016+0530] {processor.py:840} INFO - DAG(s) 'example_sla_dag' retrieved from /Users/aswin/Documents/data-engineering-practice/ETL_Airflow_DBT/airflow/airflow_env/lib/python3.11/site-packages/airflow/example_dags/example_sla_dag.py
[2026-04-02T05:41:44.071+0530] {logging_mixin.py:188} INFO - [2026-04-02T05:41:44.071+0530] {dag.py:3096} INFO - Sync 1 DAGs
[2026-04-02T05:41:44.081+0530] {logging_mixin.py:188} INFO - [2026-04-02T05:41:44.081+0530] {dag.py:3954} INFO - Setting next_dagrun for example_sla_dag to 2026-04-02 00:08:00+00:00, run_after=2026-04-02 00:10:00+00:00
[2026-04-02T05:41:44.091+0530] {processor.py:183} INFO - Processing /Users/aswin/Documents/data-engineering-practice/ETL_Airflow_DBT/airflow/airflow_env/lib/python3.11/site-packages/airflow/example_dags/example_sla_dag.py took 0.094 seconds
[2026-04-02T05:42:15.173+0530] {processor.py:161} INFO - Started process (PID=22161) to work on /Users/aswin/Documents/data-engineering-practice/ETL_Airflow_DBT/airflow/airflow_env/lib/python3.11/site-packages/airflow/example_dags/example_sla_dag.py
[2026-04-02T05:42:15.174+0530] {processor.py:830} INFO - Processing file /Users/aswin/Documents/data-engineering-practice/ETL_Airflow_DBT/airflow/airflow_env/lib/python3.11/site-packages/airflow/example_dags/example_sla_dag.py for tasks to queue
[2026-04-02T05:42:15.174+0530] {logging_mixin.py:188} INFO - [2026-04-02T05:42:15.174+0530] {dagbag.py:540} INFO - Filling up the DagBag from /Users/aswin/Documents/data-engineering-practice/ETL_Airflow_DBT/airflow/airflow_env/lib/python3.11/site-packages/airflow/example_dags/example_sla_dag.py
[2026-04-02T05:42:15.190+0530] {processor.py:840} INFO - DAG(s) 'example_sla_dag' retrieved from /Users/aswin/Documents/data-engineering-practice/ETL_Airflow_DBT/airflow/airflow_env/lib/python3.11/site-packages/airflow/example_dags/example_sla_dag.py
[2026-04-02T05:42:15.242+0530] {logging_mixin.py:188} INFO - [2026-04-02T05:42:15.242+0530] {dag.py:3096} INFO - Sync 1 DAGs
[2026-04-02T05:42:15.253+0530] {logging_mixin.py:188} INFO - [2026-04-02T05:42:15.253+0530] {dag.py:3954} INFO - Setting next_dagrun for example_sla_dag to 2026-04-02 00:10:00+00:00, run_after=2026-04-02 00:12:00+00:00
[2026-04-02T05:42:15.262+0530] {processor.py:183} INFO - Processing /Users/aswin/Documents/data-engineering-practice/ETL_Airflow_DBT/airflow/airflow_env/lib/python3.11/site-packages/airflow/example_dags/example_sla_dag.py took 0.090 seconds
[2026-04-02T05:42:46.800+0530] {processor.py:161} INFO - Started process (PID=22294) to work on /Users/aswin/Documents/data-engineering-practice/ETL_Airflow_DBT/airflow/airflow_env/lib/python3.11/site-packages/airflow/example_dags/example_sla_dag.py
[2026-04-02T05:42:46.801+0530] {processor.py:830} INFO - Processing file /Users/aswin/Documents/data-engineering-practice/ETL_Airflow_DBT/airflow/airflow_env/lib/python3.11/site-packages/airflow/example_dags/example_sla_dag.py for tasks to queue
[2026-04-02T05:42:46.801+0530] {logging_mixin.py:188} INFO - [2026-04-02T05:42:46.801+0530] {dagbag.py:540} INFO - Filling up the DagBag from /Users/aswin/Documents/data-engineering-practice/ETL_Airflow_DBT/airflow/airflow_env/lib/python3.11/site-packages/airflow/example_dags/example_sla_dag.py
[2026-04-02T05:42:46.819+0530] {processor.py:840} INFO - DAG(s) 'example_sla_dag' retrieved from /Users/aswin/Documents/data-engineering-practice/ETL_Airflow_DBT/airflow/airflow_env/lib/python3.11/site-packages/airflow/example_dags/example_sla_dag.py
[2026-04-02T05:42:46.870+0530] {logging_mixin.py:188} INFO - [2026-04-02T05:42:46.870+0530] {dag.py:3096} INFO - Sync 1 DAGs
[2026-04-02T05:42:46.881+0530] {logging_mixin.py:188} INFO - [2026-04-02T05:42:46.881+0530] {dag.py:3954} INFO - Setting next_dagrun for example_sla_dag to 2026-04-02 00:10:00+00:00, run_after=2026-04-02 00:12:00+00:00
[2026-04-02T05:42:46.889+0530] {processor.py:183} INFO - Processing /Users/aswin/Documents/data-engineering-practice/ETL_Airflow_DBT/airflow/airflow_env/lib/python3.11/site-packages/airflow/example_dags/example_sla_dag.py took 0.090 seconds
[2026-04-02T05:43:18.121+0530] {processor.py:161} INFO - Started process (PID=22421) to work on /Users/aswin/Documents/data-engineering-practice/ETL_Airflow_DBT/airflow/airflow_env/lib/python3.11/site-packages/airflow/example_dags/example_sla_dag.py
[2026-04-02T05:43:18.124+0530] {processor.py:830} INFO - Processing file /Users/aswin/Documents/data-engineering-practice/ETL_Airflow_DBT/airflow/airflow_env/lib/python3.11/site-packages/airflow/example_dags/example_sla_dag.py for tasks to queue
[2026-04-02T05:43:18.124+0530] {logging_mixin.py:188} INFO - [2026-04-02T05:43:18.124+0530] {dagbag.py:540} INFO - Filling up the DagBag from /Users/aswin/Documents/data-engineering-practice/ETL_Airflow_DBT/airflow/airflow_env/lib/python3.11/site-packages/airflow/example_dags/example_sla_dag.py
[2026-04-02T05:43:18.141+0530] {processor.py:840} INFO - DAG(s) 'example_sla_dag' retrieved from /Users/aswin/Documents/data-engineering-practice/ETL_Airflow_DBT/airflow/airflow_env/lib/python3.11/site-packages/airflow/example_dags/example_sla_dag.py
[2026-04-02T05:43:18.190+0530] {logging_mixin.py:188} INFO - [2026-04-02T05:43:18.190+0530] {dag.py:3096} INFO - Sync 1 DAGs
[2026-04-02T05:43:18.200+0530] {logging_mixin.py:188} INFO - [2026-04-02T05:43:18.200+0530] {dag.py:3954} INFO - Setting next_dagrun for example_sla_dag to 2026-04-02 00:10:00+00:00, run_after=2026-04-02 00:12:00+00:00
[2026-04-02T05:43:18.209+0530] {processor.py:183} INFO - Processing /Users/aswin/Documents/data-engineering-practice/ETL_Airflow_DBT/airflow/airflow_env/lib/python3.11/site-packages/airflow/example_dags/example_sla_dag.py took 0.089 seconds
[2026-04-02T05:43:49.004+0530] {processor.py:161} INFO - Started process (PID=22560) to work on /Users/aswin/Documents/data-engineering-practice/ETL_Airflow_DBT/airflow/airflow_env/lib/python3.11/site-packages/airflow/example_dags/example_sla_dag.py
[2026-04-02T05:43:49.004+0530] {processor.py:830} INFO - Processing file /Users/aswin/Documents/data-engineering-practice/ETL_Airflow_DBT/airflow/airflow_env/lib/python3.11/site-packages/airflow/example_dags/example_sla_dag.py for tasks to queue
[2026-04-02T05:43:49.005+0530] {logging_mixin.py:188} INFO - [2026-04-02T05:43:49.005+0530] {dagbag.py:540} INFO - Filling up the DagBag from /Users/aswin/Documents/data-engineering-practice/ETL_Airflow_DBT/airflow/airflow_env/lib/python3.11/site-packages/airflow/example_dags/example_sla_dag.py
[2026-04-02T05:43:49.021+0530] {processor.py:840} INFO - DAG(s) 'example_sla_dag' retrieved from /Users/aswin/Documents/data-engineering-practice/ETL_Airflow_DBT/airflow/airflow_env/lib/python3.11/site-packages/airflow/example_dags/example_sla_dag.py
[2026-04-02T05:43:49.071+0530] {logging_mixin.py:188} INFO - [2026-04-02T05:43:49.071+0530] {dag.py:3096} INFO - Sync 1 DAGs
[2026-04-02T05:43:49.082+0530] {logging_mixin.py:188} INFO - [2026-04-02T05:43:49.082+0530] {dag.py:3954} INFO - Setting next_dagrun for example_sla_dag to 2026-04-02 00:10:00+00:00, run_after=2026-04-02 00:12:00+00:00
[2026-04-02T05:43:49.090+0530] {processor.py:183} INFO - Processing /Users/aswin/Documents/data-engineering-practice/ETL_Airflow_DBT/airflow/airflow_env/lib/python3.11/site-packages/airflow/example_dags/example_sla_dag.py took 0.087 seconds
[2026-04-02T05:44:20.076+0530] {processor.py:161} INFO - Started process (PID=22688) to work on /Users/aswin/Documents/data-engineering-practice/ETL_Airflow_DBT/airflow/airflow_env/lib/python3.11/site-packages/airflow/example_dags/example_sla_dag.py
[2026-04-02T05:44:20.077+0530] {processor.py:830} INFO - Processing file /Users/aswin/Documents/data-engineering-practice/ETL_Airflow_DBT/airflow/airflow_env/lib/python3.11/site-packages/airflow/example_dags/example_sla_dag.py for tasks to queue
[2026-04-02T05:44:20.077+0530] {logging_mixin.py:188} INFO - [2026-04-02T05:44:20.077+0530] {dagbag.py:540} INFO - Filling up the DagBag from /Users/aswin/Documents/data-engineering-practice/ETL_Airflow_DBT/airflow/airflow_env/lib/python3.11/site-packages/airflow/example_dags/example_sla_dag.py
[2026-04-02T05:44:20.095+0530] {processor.py:840} INFO - DAG(s) 'example_sla_dag' retrieved from /Users/aswin/Documents/data-engineering-practice/ETL_Airflow_DBT/airflow/airflow_env/lib/python3.11/site-packages/airflow/example_dags/example_sla_dag.py
[2026-04-02T05:44:20.159+0530] {logging_mixin.py:188} INFO - [2026-04-02T05:44:20.159+0530] {dag.py:3096} INFO - Sync 1 DAGs
[2026-04-02T05:44:20.172+0530] {logging_mixin.py:188} INFO - [2026-04-02T05:44:20.172+0530] {dag.py:3954} INFO - Setting next_dagrun for example_sla_dag to 2026-04-02 00:12:00+00:00, run_after=2026-04-02 00:14:00+00:00
[2026-04-02T05:44:20.180+0530] {processor.py:183} INFO - Processing /Users/aswin/Documents/data-engineering-practice/ETL_Airflow_DBT/airflow/airflow_env/lib/python3.11/site-packages/airflow/example_dags/example_sla_dag.py took 0.105 seconds
[2026-04-02T05:44:51.129+0530] {processor.py:161} INFO - Started process (PID=22817) to work on /Users/aswin/Documents/data-engineering-practice/ETL_Airflow_DBT/airflow/airflow_env/lib/python3.11/site-packages/airflow/example_dags/example_sla_dag.py
[2026-04-02T05:44:51.130+0530] {processor.py:830} INFO - Processing file /Users/aswin/Documents/data-engineering-practice/ETL_Airflow_DBT/airflow/airflow_env/lib/python3.11/site-packages/airflow/example_dags/example_sla_dag.py for tasks to queue
[2026-04-02T05:44:51.130+0530] {logging_mixin.py:188} INFO - [2026-04-02T05:44:51.130+0530] {dagbag.py:540} INFO - Filling up the DagBag from /Users/aswin/Documents/data-engineering-practice/ETL_Airflow_DBT/airflow/airflow_env/lib/python3.11/site-packages/airflow/example_dags/example_sla_dag.py
[2026-04-02T05:44:51.146+0530] {processor.py:840} INFO - DAG(s) 'example_sla_dag' retrieved from /Users/aswin/Documents/data-engineering-practice/ETL_Airflow_DBT/airflow/airflow_env/lib/python3.11/site-packages/airflow/example_dags/example_sla_dag.py
[2026-04-02T05:44:51.198+0530] {logging_mixin.py:188} INFO - [2026-04-02T05:44:51.198+0530] {dag.py:3096} INFO - Sync 1 DAGs
[2026-04-02T05:44:51.210+0530] {logging_mixin.py:188} INFO - [2026-04-02T05:44:51.210+0530] {dag.py:3954} INFO - Setting next_dagrun for example_sla_dag to 2026-04-02 00:12:00+00:00, run_after=2026-04-02 00:14:00+00:00
[2026-04-02T05:44:51.219+0530] {processor.py:183} INFO - Processing /Users/aswin/Documents/data-engineering-practice/ETL_Airflow_DBT/airflow/airflow_env/lib/python3.11/site-packages/airflow/example_dags/example_sla_dag.py took 0.091 seconds
[2026-04-02T05:45:22.864+0530] {processor.py:161} INFO - Started process (PID=22938) to work on /Users/aswin/Documents/data-engineering-practice/ETL_Airflow_DBT/airflow/airflow_env/lib/python3.11/site-packages/airflow/example_dags/example_sla_dag.py
[2026-04-02T05:45:22.865+0530] {processor.py:830} INFO - Processing file /Users/aswin/Documents/data-engineering-practice/ETL_Airflow_DBT/airflow/airflow_env/lib/python3.11/site-packages/airflow/example_dags/example_sla_dag.py for tasks to queue
[2026-04-02T05:45:22.865+0530] {logging_mixin.py:188} INFO - [2026-04-02T05:45:22.865+0530] {dagbag.py:540} INFO - Filling up the DagBag from /Users/aswin/Documents/data-engineering-practice/ETL_Airflow_DBT/airflow/airflow_env/lib/python3.11/site-packages/airflow/example_dags/example_sla_dag.py
[2026-04-02T05:45:22.882+0530] {processor.py:840} INFO - DAG(s) 'example_sla_dag' retrieved from /Users/aswin/Documents/data-engineering-practice/ETL_Airflow_DBT/airflow/airflow_env/lib/python3.11/site-packages/airflow/example_dags/example_sla_dag.py
[2026-04-02T05:45:22.939+0530] {logging_mixin.py:188} INFO - [2026-04-02T05:45:22.939+0530] {dag.py:3096} INFO - Sync 1 DAGs
[2026-04-02T05:45:22.951+0530] {logging_mixin.py:188} INFO - [2026-04-02T05:45:22.951+0530] {dag.py:3954} INFO - Setting next_dagrun for example_sla_dag to 2026-04-02 00:12:00+00:00, run_after=2026-04-02 00:14:00+00:00
[2026-04-02T05:45:22.961+0530] {processor.py:183} INFO - Processing /Users/aswin/Documents/data-engineering-practice/ETL_Airflow_DBT/airflow/airflow_env/lib/python3.11/site-packages/airflow/example_dags/example_sla_dag.py took 0.098 seconds
[2026-04-02T05:45:53.936+0530] {processor.py:161} INFO - Started process (PID=23052) to work on /Users/aswin/Documents/data-engineering-practice/ETL_Airflow_DBT/airflow/airflow_env/lib/python3.11/site-packages/airflow/example_dags/example_sla_dag.py
[2026-04-02T05:45:53.936+0530] {processor.py:830} INFO - Processing file /Users/aswin/Documents/data-engineering-practice/ETL_Airflow_DBT/airflow/airflow_env/lib/python3.11/site-packages/airflow/example_dags/example_sla_dag.py for tasks to queue
[2026-04-02T05:45:53.937+0530] {logging_mixin.py:188} INFO - [2026-04-02T05:45:53.936+0530] {dagbag.py:540} INFO - Filling up the DagBag from /Users/aswin/Documents/data-engineering-practice/ETL_Airflow_DBT/airflow/airflow_env/lib/python3.11/site-packages/airflow/example_dags/example_sla_dag.py
[2026-04-02T05:45:53.954+0530] {processor.py:840} INFO - DAG(s) 'example_sla_dag' retrieved from /Users/aswin/Documents/data-engineering-practice/ETL_Airflow_DBT/airflow/airflow_env/lib/python3.11/site-packages/airflow/example_dags/example_sla_dag.py
[2026-04-02T05:45:54.008+0530] {logging_mixin.py:188} INFO - [2026-04-02T05:45:54.008+0530] {dag.py:3096} INFO - Sync 1 DAGs
[2026-04-02T05:45:54.019+0530] {logging_mixin.py:188} INFO - [2026-04-02T05:45:54.018+0530] {dag.py:3954} INFO - Setting next_dagrun for example_sla_dag to 2026-04-02 00:12:00+00:00, run_after=2026-04-02 00:14:00+00:00
[2026-04-02T05:45:54.026+0530] {processor.py:183} INFO - Processing /Users/aswin/Documents/data-engineering-practice/ETL_Airflow_DBT/airflow/airflow_env/lib/python3.11/site-packages/airflow/example_dags/example_sla_dag.py took 0.092 seconds
[2026-04-02T05:46:24.888+0530] {processor.py:161} INFO - Started process (PID=23169) to work on /Users/aswin/Documents/data-engineering-practice/ETL_Airflow_DBT/airflow/airflow_env/lib/python3.11/site-packages/airflow/example_dags/example_sla_dag.py
[2026-04-02T05:46:24.888+0530] {processor.py:830} INFO - Processing file /Users/aswin/Documents/data-engineering-practice/ETL_Airflow_DBT/airflow/airflow_env/lib/python3.11/site-packages/airflow/example_dags/example_sla_dag.py for tasks to queue
[2026-04-02T05:46:24.888+0530] {logging_mixin.py:188} INFO - [2026-04-02T05:46:24.888+0530] {dagbag.py:540} INFO - Filling up the DagBag from /Users/aswin/Documents/data-engineering-practice/ETL_Airflow_DBT/airflow/airflow_env/lib/python3.11/site-packages/airflow/example_dags/example_sla_dag.py
[2026-04-02T05:46:24.903+0530] {processor.py:840} INFO - DAG(s) 'example_sla_dag' retrieved from /Users/aswin/Documents/data-engineering-practice/ETL_Airflow_DBT/airflow/airflow_env/lib/python3.11/site-packages/airflow/example_dags/example_sla_dag.py
[2026-04-02T05:46:24.953+0530] {logging_mixin.py:188} INFO - [2026-04-02T05:46:24.953+0530] {dag.py:3096} INFO - Sync 1 DAGs
[2026-04-02T05:46:24.963+0530] {logging_mixin.py:188} INFO - [2026-04-02T05:46:24.963+0530] {dag.py:3954} INFO - Setting next_dagrun for example_sla_dag to 2026-04-02 00:14:00+00:00, run_after=2026-04-02 00:16:00+00:00
[2026-04-02T05:46:24.971+0530] {processor.py:183} INFO - Processing /Users/aswin/Documents/data-engineering-practice/ETL_Airflow_DBT/airflow/airflow_env/lib/python3.11/site-packages/airflow/example_dags/example_sla_dag.py took 0.085 seconds
[2026-04-02T05:46:56.255+0530] {processor.py:161} INFO - Started process (PID=23282) to work on /Users/aswin/Documents/data-engineering-practice/ETL_Airflow_DBT/airflow/airflow_env/lib/python3.11/site-packages/airflow/example_dags/example_sla_dag.py
[2026-04-02T05:46:56.256+0530] {processor.py:830} INFO - Processing file /Users/aswin/Documents/data-engineering-practice/ETL_Airflow_DBT/airflow/airflow_env/lib/python3.11/site-packages/airflow/example_dags/example_sla_dag.py for tasks to queue
[2026-04-02T05:46:56.256+0530] {logging_mixin.py:188} INFO - [2026-04-02T05:46:56.256+0530] {dagbag.py:540} INFO - Filling up the DagBag from /Users/aswin/Documents/data-engineering-practice/ETL_Airflow_DBT/airflow/airflow_env/lib/python3.11/site-packages/airflow/example_dags/example_sla_dag.py
[2026-04-02T05:46:56.273+0530] {processor.py:840} INFO - DAG(s) 'example_sla_dag' retrieved from /Users/aswin/Documents/data-engineering-practice/ETL_Airflow_DBT/airflow/airflow_env/lib/python3.11/site-packages/airflow/example_dags/example_sla_dag.py
[2026-04-02T05:46:56.325+0530] {logging_mixin.py:188} INFO - [2026-04-02T05:46:56.325+0530] {dag.py:3096} INFO - Sync 1 DAGs
[2026-04-02T05:46:56.336+0530] {logging_mixin.py:188} INFO - [2026-04-02T05:46:56.336+0530] {dag.py:3954} INFO - Setting next_dagrun for example_sla_dag to 2026-04-02 00:14:00+00:00, run_after=2026-04-02 00:16:00+00:00
[2026-04-02T05:46:56.345+0530] {processor.py:183} INFO - Processing /Users/aswin/Documents/data-engineering-practice/ETL_Airflow_DBT/airflow/airflow_env/lib/python3.11/site-packages/airflow/example_dags/example_sla_dag.py took 0.091 seconds
[2026-04-02T05:47:27.589+0530] {processor.py:161} INFO - Started process (PID=23396) to work on /Users/aswin/Documents/data-engineering-practice/ETL_Airflow_DBT/airflow/airflow_env/lib/python3.11/site-packages/airflow/example_dags/example_sla_dag.py
[2026-04-02T05:47:27.590+0530] {processor.py:830} INFO - Processing file /Users/aswin/Documents/data-engineering-practice/ETL_Airflow_DBT/airflow/airflow_env/lib/python3.11/site-packages/airflow/example_dags/example_sla_dag.py for tasks to queue
[2026-04-02T05:47:27.590+0530] {logging_mixin.py:188} INFO - [2026-04-02T05:47:27.590+0530] {dagbag.py:540} INFO - Filling up the DagBag from /Users/aswin/Documents/data-engineering-practice/ETL_Airflow_DBT/airflow/airflow_env/lib/python3.11/site-packages/airflow/example_dags/example_sla_dag.py
[2026-04-02T05:47:27.606+0530] {processor.py:840} INFO - DAG(s) 'example_sla_dag' retrieved from /Users/aswin/Documents/data-engineering-practice/ETL_Airflow_DBT/airflow/airflow_env/lib/python3.11/site-packages/airflow/example_dags/example_sla_dag.py
[2026-04-02T05:47:27.659+0530] {logging_mixin.py:188} INFO - [2026-04-02T05:47:27.659+0530] {dag.py:3096} INFO - Sync 1 DAGs
[2026-04-02T05:47:27.669+0530] {logging_mixin.py:188} INFO - [2026-04-02T05:47:27.668+0530] {dag.py:3954} INFO - Setting next_dagrun for example_sla_dag to 2026-04-02 00:14:00+00:00, run_after=2026-04-02 00:16:00+00:00
[2026-04-02T05:47:27.678+0530] {processor.py:183} INFO - Processing /Users/aswin/Documents/data-engineering-practice/ETL_Airflow_DBT/airflow/airflow_env/lib/python3.11/site-packages/airflow/example_dags/example_sla_dag.py took 0.090 seconds
[2026-04-02T05:47:59.020+0530] {processor.py:161} INFO - Started process (PID=23512) to work on /Users/aswin/Documents/data-engineering-practice/ETL_Airflow_DBT/airflow/airflow_env/lib/python3.11/site-packages/airflow/example_dags/example_sla_dag.py
[2026-04-02T05:47:59.021+0530] {processor.py:830} INFO - Processing file /Users/aswin/Documents/data-engineering-practice/ETL_Airflow_DBT/airflow/airflow_env/lib/python3.11/site-packages/airflow/example_dags/example_sla_dag.py for tasks to queue
[2026-04-02T05:47:59.022+0530] {logging_mixin.py:188} INFO - [2026-04-02T05:47:59.022+0530] {dagbag.py:540} INFO - Filling up the DagBag from /Users/aswin/Documents/data-engineering-practice/ETL_Airflow_DBT/airflow/airflow_env/lib/python3.11/site-packages/airflow/example_dags/example_sla_dag.py
[2026-04-02T05:47:59.038+0530] {processor.py:840} INFO - DAG(s) 'example_sla_dag' retrieved from /Users/aswin/Documents/data-engineering-practice/ETL_Airflow_DBT/airflow/airflow_env/lib/python3.11/site-packages/airflow/example_dags/example_sla_dag.py
[2026-04-02T05:47:59.089+0530] {logging_mixin.py:188} INFO - [2026-04-02T05:47:59.089+0530] {dag.py:3096} INFO - Sync 1 DAGs
[2026-04-02T05:47:59.100+0530] {logging_mixin.py:188} INFO - [2026-04-02T05:47:59.100+0530] {dag.py:3954} INFO - Setting next_dagrun for example_sla_dag to 2026-04-02 00:14:00+00:00, run_after=2026-04-02 00:16:00+00:00
[2026-04-02T05:47:59.108+0530] {processor.py:183} INFO - Processing /Users/aswin/Documents/data-engineering-practice/ETL_Airflow_DBT/airflow/airflow_env/lib/python3.11/site-packages/airflow/example_dags/example_sla_dag.py took 0.089 seconds
[2026-04-02T05:48:30.295+0530] {processor.py:161} INFO - Started process (PID=23624) to work on /Users/aswin/Documents/data-engineering-practice/ETL_Airflow_DBT/airflow/airflow_env/lib/python3.11/site-packages/airflow/example_dags/example_sla_dag.py
[2026-04-02T05:48:30.296+0530] {processor.py:830} INFO - Processing file /Users/aswin/Documents/data-engineering-practice/ETL_Airflow_DBT/airflow/airflow_env/lib/python3.11/site-packages/airflow/example_dags/example_sla_dag.py for tasks to queue
[2026-04-02T05:48:30.296+0530] {logging_mixin.py:188} INFO - [2026-04-02T05:48:30.296+0530] {dagbag.py:540} INFO - Filling up the DagBag from /Users/aswin/Documents/data-engineering-practice/ETL_Airflow_DBT/airflow/airflow_env/lib/python3.11/site-packages/airflow/example_dags/example_sla_dag.py
[2026-04-02T05:48:30.312+0530] {processor.py:840} INFO - DAG(s) 'example_sla_dag' retrieved from /Users/aswin/Documents/data-engineering-practice/ETL_Airflow_DBT/airflow/airflow_env/lib/python3.11/site-packages/airflow/example_dags/example_sla_dag.py
[2026-04-02T05:48:30.363+0530] {logging_mixin.py:188} INFO - [2026-04-02T05:48:30.363+0530] {dag.py:3096} INFO - Sync 1 DAGs
[2026-04-02T05:48:30.374+0530] {logging_mixin.py:188} INFO - [2026-04-02T05:48:30.374+0530] {dag.py:3954} INFO - Setting next_dagrun for example_sla_dag to 2026-04-02 00:16:00+00:00, run_after=2026-04-02 00:18:00+00:00
[2026-04-02T05:48:30.382+0530] {processor.py:183} INFO - Processing /Users/aswin/Documents/data-engineering-practice/ETL_Airflow_DBT/airflow/airflow_env/lib/python3.11/site-packages/airflow/example_dags/example_sla_dag.py took 0.088 seconds
[2026-04-02T05:49:01.589+0530] {processor.py:161} INFO - Started process (PID=23739) to work on /Users/aswin/Documents/data-engineering-practice/ETL_Airflow_DBT/airflow/airflow_env/lib/python3.11/site-packages/airflow/example_dags/example_sla_dag.py
[2026-04-02T05:49:01.590+0530] {processor.py:830} INFO - Processing file /Users/aswin/Documents/data-engineering-practice/ETL_Airflow_DBT/airflow/airflow_env/lib/python3.11/site-packages/airflow/example_dags/example_sla_dag.py for tasks to queue
[2026-04-02T05:49:01.590+0530] {logging_mixin.py:188} INFO - [2026-04-02T05:49:01.590+0530] {dagbag.py:540} INFO - Filling up the DagBag from /Users/aswin/Documents/data-engineering-practice/ETL_Airflow_DBT/airflow/airflow_env/lib/python3.11/site-packages/airflow/example_dags/example_sla_dag.py
[2026-04-02T05:49:01.608+0530] {processor.py:840} INFO - DAG(s) 'example_sla_dag' retrieved from /Users/aswin/Documents/data-engineering-practice/ETL_Airflow_DBT/airflow/airflow_env/lib/python3.11/site-packages/airflow/example_dags/example_sla_dag.py
[2026-04-02T05:49:01.660+0530] {logging_mixin.py:188} INFO - [2026-04-02T05:49:01.660+0530] {dag.py:3096} INFO - Sync 1 DAGs
[2026-04-02T05:49:01.670+0530] {logging_mixin.py:188} INFO - [2026-04-02T05:49:01.670+0530] {dag.py:3954} INFO - Setting next_dagrun for example_sla_dag to 2026-04-02 00:16:00+00:00, run_after=2026-04-02 00:18:00+00:00
[2026-04-02T05:49:01.678+0530] {processor.py:183} INFO - Processing /Users/aswin/Documents/data-engineering-practice/ETL_Airflow_DBT/airflow/airflow_env/lib/python3.11/site-packages/airflow/example_dags/example_sla_dag.py took 0.089 seconds
[2026-04-02T05:49:32.481+0530] {processor.py:161} INFO - Started process (PID=23873) to work on /Users/aswin/Documents/data-engineering-practice/ETL_Airflow_DBT/airflow/airflow_env/lib/python3.11/site-packages/airflow/example_dags/example_sla_dag.py
[2026-04-02T05:49:32.482+0530] {processor.py:830} INFO - Processing file /Users/aswin/Documents/data-engineering-practice/ETL_Airflow_DBT/airflow/airflow_env/lib/python3.11/site-packages/airflow/example_dags/example_sla_dag.py for tasks to queue
[2026-04-02T05:49:32.482+0530] {logging_mixin.py:188} INFO - [2026-04-02T05:49:32.482+0530] {dagbag.py:540} INFO - Filling up the DagBag from /Users/aswin/Documents/data-engineering-practice/ETL_Airflow_DBT/airflow/airflow_env/lib/python3.11/site-packages/airflow/example_dags/example_sla_dag.py
[2026-04-02T05:49:32.500+0530] {processor.py:840} INFO - DAG(s) 'example_sla_dag' retrieved from /Users/aswin/Documents/data-engineering-practice/ETL_Airflow_DBT/airflow/airflow_env/lib/python3.11/site-packages/airflow/example_dags/example_sla_dag.py
[2026-04-02T05:49:32.548+0530] {logging_mixin.py:188} INFO - [2026-04-02T05:49:32.547+0530] {dag.py:3096} INFO - Sync 1 DAGs
[2026-04-02T05:49:32.557+0530] {logging_mixin.py:188} INFO - [2026-04-02T05:49:32.557+0530] {dag.py:3954} INFO - Setting next_dagrun for example_sla_dag to 2026-04-02 00:16:00+00:00, run_after=2026-04-02 00:18:00+00:00
[2026-04-02T05:49:32.565+0530] {processor.py:183} INFO - Processing /Users/aswin/Documents/data-engineering-practice/ETL_Airflow_DBT/airflow/airflow_env/lib/python3.11/site-packages/airflow/example_dags/example_sla_dag.py took 0.085 seconds
[2026-04-02T05:50:03.763+0530] {processor.py:161} INFO - Started process (PID=24008) to work on /Users/aswin/Documents/data-engineering-practice/ETL_Airflow_DBT/airflow/airflow_env/lib/python3.11/site-packages/airflow/example_dags/example_sla_dag.py
[2026-04-02T05:50:03.764+0530] {processor.py:830} INFO - Processing file /Users/aswin/Documents/data-engineering-practice/ETL_Airflow_DBT/airflow/airflow_env/lib/python3.11/site-packages/airflow/example_dags/example_sla_dag.py for tasks to queue
[2026-04-02T05:50:03.764+0530] {logging_mixin.py:188} INFO - [2026-04-02T05:50:03.764+0530] {dagbag.py:540} INFO - Filling up the DagBag from /Users/aswin/Documents/data-engineering-practice/ETL_Airflow_DBT/airflow/airflow_env/lib/python3.11/site-packages/airflow/example_dags/example_sla_dag.py
[2026-04-02T05:50:03.783+0530] {processor.py:840} INFO - DAG(s) 'example_sla_dag' retrieved from /Users/aswin/Documents/data-engineering-practice/ETL_Airflow_DBT/airflow/airflow_env/lib/python3.11/site-packages/airflow/example_dags/example_sla_dag.py
[2026-04-02T05:50:03.831+0530] {logging_mixin.py:188} INFO - [2026-04-02T05:50:03.831+0530] {dag.py:3096} INFO - Sync 1 DAGs
[2026-04-02T05:50:03.841+0530] {logging_mixin.py:188} INFO - [2026-04-02T05:50:03.841+0530] {dag.py:3954} INFO - Setting next_dagrun for example_sla_dag to 2026-04-02 00:18:00+00:00, run_after=2026-04-02 00:20:00+00:00
[2026-04-02T05:50:03.848+0530] {processor.py:183} INFO - Processing /Users/aswin/Documents/data-engineering-practice/ETL_Airflow_DBT/airflow/airflow_env/lib/python3.11/site-packages/airflow/example_dags/example_sla_dag.py took 0.087 seconds
[2026-04-02T05:50:34.718+0530] {processor.py:161} INFO - Started process (PID=24139) to work on /Users/aswin/Documents/data-engineering-practice/ETL_Airflow_DBT/airflow/airflow_env/lib/python3.11/site-packages/airflow/example_dags/example_sla_dag.py
[2026-04-02T05:50:34.719+0530] {processor.py:830} INFO - Processing file /Users/aswin/Documents/data-engineering-practice/ETL_Airflow_DBT/airflow/airflow_env/lib/python3.11/site-packages/airflow/example_dags/example_sla_dag.py for tasks to queue
[2026-04-02T05:50:34.720+0530] {logging_mixin.py:188} INFO - [2026-04-02T05:50:34.720+0530] {dagbag.py:540} INFO - Filling up the DagBag from /Users/aswin/Documents/data-engineering-practice/ETL_Airflow_DBT/airflow/airflow_env/lib/python3.11/site-packages/airflow/example_dags/example_sla_dag.py
[2026-04-02T05:50:34.737+0530] {processor.py:840} INFO - DAG(s) 'example_sla_dag' retrieved from /Users/aswin/Documents/data-engineering-practice/ETL_Airflow_DBT/airflow/airflow_env/lib/python3.11/site-packages/airflow/example_dags/example_sla_dag.py
[2026-04-02T05:50:34.794+0530] {logging_mixin.py:188} INFO - [2026-04-02T05:50:34.794+0530] {dag.py:3096} INFO - Sync 1 DAGs
[2026-04-02T05:50:34.806+0530] {logging_mixin.py:188} INFO - [2026-04-02T05:50:34.806+0530] {dag.py:3954} INFO - Setting next_dagrun for example_sla_dag to 2026-04-02 00:18:00+00:00, run_after=2026-04-02 00:20:00+00:00
[2026-04-02T05:50:34.814+0530] {processor.py:183} INFO - Processing /Users/aswin/Documents/data-engineering-practice/ETL_Airflow_DBT/airflow/airflow_env/lib/python3.11/site-packages/airflow/example_dags/example_sla_dag.py took 0.097 seconds
[2026-04-02T05:51:05.585+0530] {processor.py:161} INFO - Started process (PID=24272) to work on /Users/aswin/Documents/data-engineering-practice/ETL_Airflow_DBT/airflow/airflow_env/lib/python3.11/site-packages/airflow/example_dags/example_sla_dag.py
[2026-04-02T05:51:05.587+0530] {processor.py:830} INFO - Processing file /Users/aswin/Documents/data-engineering-practice/ETL_Airflow_DBT/airflow/airflow_env/lib/python3.11/site-packages/airflow/example_dags/example_sla_dag.py for tasks to queue
[2026-04-02T05:51:05.587+0530] {logging_mixin.py:188} INFO - [2026-04-02T05:51:05.587+0530] {dagbag.py:540} INFO - Filling up the DagBag from /Users/aswin/Documents/data-engineering-practice/ETL_Airflow_DBT/airflow/airflow_env/lib/python3.11/site-packages/airflow/example_dags/example_sla_dag.py
[2026-04-02T05:51:05.603+0530] {processor.py:840} INFO - DAG(s) 'example_sla_dag' retrieved from /Users/aswin/Documents/data-engineering-practice/ETL_Airflow_DBT/airflow/airflow_env/lib/python3.11/site-packages/airflow/example_dags/example_sla_dag.py
[2026-04-02T05:51:05.654+0530] {logging_mixin.py:188} INFO - [2026-04-02T05:51:05.654+0530] {dag.py:3096} INFO - Sync 1 DAGs
[2026-04-02T05:51:05.667+0530] {logging_mixin.py:188} INFO - [2026-04-02T05:51:05.667+0530] {dag.py:3954} INFO - Setting next_dagrun for example_sla_dag to 2026-04-02 00:18:00+00:00, run_after=2026-04-02 00:20:00+00:00
[2026-04-02T05:51:05.676+0530] {processor.py:183} INFO - Processing /Users/aswin/Documents/data-engineering-practice/ETL_Airflow_DBT/airflow/airflow_env/lib/python3.11/site-packages/airflow/example_dags/example_sla_dag.py took 0.091 seconds
[2026-04-02T05:51:36.971+0530] {processor.py:161} INFO - Started process (PID=24396) to work on /Users/aswin/Documents/data-engineering-practice/ETL_Airflow_DBT/airflow/airflow_env/lib/python3.11/site-packages/airflow/example_dags/example_sla_dag.py
[2026-04-02T05:51:36.971+0530] {processor.py:830} INFO - Processing file /Users/aswin/Documents/data-engineering-practice/ETL_Airflow_DBT/airflow/airflow_env/lib/python3.11/site-packages/airflow/example_dags/example_sla_dag.py for tasks to queue
[2026-04-02T05:51:36.971+0530] {logging_mixin.py:188} INFO - [2026-04-02T05:51:36.971+0530] {dagbag.py:540} INFO - Filling up the DagBag from /Users/aswin/Documents/data-engineering-practice/ETL_Airflow_DBT/airflow/airflow_env/lib/python3.11/site-packages/airflow/example_dags/example_sla_dag.py
[2026-04-02T05:51:36.987+0530] {processor.py:840} INFO - DAG(s) 'example_sla_dag' retrieved from /Users/aswin/Documents/data-engineering-practice/ETL_Airflow_DBT/airflow/airflow_env/lib/python3.11/site-packages/airflow/example_dags/example_sla_dag.py
[2026-04-02T05:51:37.038+0530] {logging_mixin.py:188} INFO - [2026-04-02T05:51:37.038+0530] {dag.py:3096} INFO - Sync 1 DAGs
[2026-04-02T05:51:37.050+0530] {logging_mixin.py:188} INFO - [2026-04-02T05:51:37.050+0530] {dag.py:3954} INFO - Setting next_dagrun for example_sla_dag to 2026-04-02 00:18:00+00:00, run_after=2026-04-02 00:20:00+00:00
[2026-04-02T05:51:37.061+0530] {processor.py:183} INFO - Processing /Users/aswin/Documents/data-engineering-practice/ETL_Airflow_DBT/airflow/airflow_env/lib/python3.11/site-packages/airflow/example_dags/example_sla_dag.py took 0.091 seconds
[2026-04-02T05:52:07.795+0530] {processor.py:161} INFO - Started process (PID=24522) to work on /Users/aswin/Documents/data-engineering-practice/ETL_Airflow_DBT/airflow/airflow_env/lib/python3.11/site-packages/airflow/example_dags/example_sla_dag.py
[2026-04-02T05:52:07.795+0530] {processor.py:830} INFO - Processing file /Users/aswin/Documents/data-engineering-practice/ETL_Airflow_DBT/airflow/airflow_env/lib/python3.11/site-packages/airflow/example_dags/example_sla_dag.py for tasks to queue
[2026-04-02T05:52:07.796+0530] {logging_mixin.py:188} INFO - [2026-04-02T05:52:07.795+0530] {dagbag.py:540} INFO - Filling up the DagBag from /Users/aswin/Documents/data-engineering-practice/ETL_Airflow_DBT/airflow/airflow_env/lib/python3.11/site-packages/airflow/example_dags/example_sla_dag.py
[2026-04-02T05:52:07.813+0530] {processor.py:840} INFO - DAG(s) 'example_sla_dag' retrieved from /Users/aswin/Documents/data-engineering-practice/ETL_Airflow_DBT/airflow/airflow_env/lib/python3.11/site-packages/airflow/example_dags/example_sla_dag.py
[2026-04-02T05:52:07.866+0530] {logging_mixin.py:188} INFO - [2026-04-02T05:52:07.866+0530] {dag.py:3096} INFO - Sync 1 DAGs
[2026-04-02T05:52:07.879+0530] {logging_mixin.py:188} INFO - [2026-04-02T05:52:07.879+0530] {dag.py:3954} INFO - Setting next_dagrun for example_sla_dag to 2026-04-02 00:20:00+00:00, run_after=2026-04-02 00:22:00+00:00
[2026-04-02T05:52:07.889+0530] {processor.py:183} INFO - Processing /Users/aswin/Documents/data-engineering-practice/ETL_Airflow_DBT/airflow/airflow_env/lib/python3.11/site-packages/airflow/example_dags/example_sla_dag.py took 0.095 seconds
[2026-04-02T05:52:39.206+0530] {processor.py:161} INFO - Started process (PID=24647) to work on /Users/aswin/Documents/data-engineering-practice/ETL_Airflow_DBT/airflow/airflow_env/lib/python3.11/site-packages/airflow/example_dags/example_sla_dag.py
[2026-04-02T05:52:39.206+0530] {processor.py:830} INFO - Processing file /Users/aswin/Documents/data-engineering-practice/ETL_Airflow_DBT/airflow/airflow_env/lib/python3.11/site-packages/airflow/example_dags/example_sla_dag.py for tasks to queue
[2026-04-02T05:52:39.207+0530] {logging_mixin.py:188} INFO - [2026-04-02T05:52:39.207+0530] {dagbag.py:540} INFO - Filling up the DagBag from /Users/aswin/Documents/data-engineering-practice/ETL_Airflow_DBT/airflow/airflow_env/lib/python3.11/site-packages/airflow/example_dags/example_sla_dag.py
[2026-04-02T05:52:39.223+0530] {processor.py:840} INFO - DAG(s) 'example_sla_dag' retrieved from /Users/aswin/Documents/data-engineering-practice/ETL_Airflow_DBT/airflow/airflow_env/lib/python3.11/site-packages/airflow/example_dags/example_sla_dag.py
[2026-04-02T05:52:39.274+0530] {logging_mixin.py:188} INFO - [2026-04-02T05:52:39.273+0530] {dag.py:3096} INFO - Sync 1 DAGs
[2026-04-02T05:52:39.286+0530] {logging_mixin.py:188} INFO - [2026-04-02T05:52:39.286+0530] {dag.py:3954} INFO - Setting next_dagrun for example_sla_dag to 2026-04-02 00:20:00+00:00, run_after=2026-04-02 00:22:00+00:00
[2026-04-02T05:52:39.294+0530] {processor.py:183} INFO - Processing /Users/aswin/Documents/data-engineering-practice/ETL_Airflow_DBT/airflow/airflow_env/lib/python3.11/site-packages/airflow/example_dags/example_sla_dag.py took 0.090 seconds
[2026-04-02T05:53:10.613+0530] {processor.py:161} INFO - Started process (PID=24774) to work on /Users/aswin/Documents/data-engineering-practice/ETL_Airflow_DBT/airflow/airflow_env/lib/python3.11/site-packages/airflow/example_dags/example_sla_dag.py
[2026-04-02T05:53:10.613+0530] {processor.py:830} INFO - Processing file /Users/aswin/Documents/data-engineering-practice/ETL_Airflow_DBT/airflow/airflow_env/lib/python3.11/site-packages/airflow/example_dags/example_sla_dag.py for tasks to queue
[2026-04-02T05:53:10.614+0530] {logging_mixin.py:188} INFO - [2026-04-02T05:53:10.613+0530] {dagbag.py:540} INFO - Filling up the DagBag from /Users/aswin/Documents/data-engineering-practice/ETL_Airflow_DBT/airflow/airflow_env/lib/python3.11/site-packages/airflow/example_dags/example_sla_dag.py
[2026-04-02T05:53:10.630+0530] {processor.py:840} INFO - DAG(s) 'example_sla_dag' retrieved from /Users/aswin/Documents/data-engineering-practice/ETL_Airflow_DBT/airflow/airflow_env/lib/python3.11/site-packages/airflow/example_dags/example_sla_dag.py
[2026-04-02T05:53:10.686+0530] {logging_mixin.py:188} INFO - [2026-04-02T05:53:10.686+0530] {dag.py:3096} INFO - Sync 1 DAGs
[2026-04-02T05:53:10.698+0530] {logging_mixin.py:188} INFO - [2026-04-02T05:53:10.698+0530] {dag.py:3954} INFO - Setting next_dagrun for example_sla_dag to 2026-04-02 00:20:00+00:00, run_after=2026-04-02 00:22:00+00:00
[2026-04-02T05:53:10.706+0530] {processor.py:183} INFO - Processing /Users/aswin/Documents/data-engineering-practice/ETL_Airflow_DBT/airflow/airflow_env/lib/python3.11/site-packages/airflow/example_dags/example_sla_dag.py took 0.094 seconds
[2026-04-02T05:53:41.977+0530] {processor.py:161} INFO - Started process (PID=24900) to work on /Users/aswin/Documents/data-engineering-practice/ETL_Airflow_DBT/airflow/airflow_env/lib/python3.11/site-packages/airflow/example_dags/example_sla_dag.py
[2026-04-02T05:53:41.977+0530] {processor.py:830} INFO - Processing file /Users/aswin/Documents/data-engineering-practice/ETL_Airflow_DBT/airflow/airflow_env/lib/python3.11/site-packages/airflow/example_dags/example_sla_dag.py for tasks to queue
[2026-04-02T05:53:41.978+0530] {logging_mixin.py:188} INFO - [2026-04-02T05:53:41.978+0530] {dagbag.py:540} INFO - Filling up the DagBag from /Users/aswin/Documents/data-engineering-practice/ETL_Airflow_DBT/airflow/airflow_env/lib/python3.11/site-packages/airflow/example_dags/example_sla_dag.py
[2026-04-02T05:53:41.993+0530] {processor.py:840} INFO - DAG(s) 'example_sla_dag' retrieved from /Users/aswin/Documents/data-engineering-practice/ETL_Airflow_DBT/airflow/airflow_env/lib/python3.11/site-packages/airflow/example_dags/example_sla_dag.py
[2026-04-02T05:53:42.047+0530] {logging_mixin.py:188} INFO - [2026-04-02T05:53:42.047+0530] {dag.py:3096} INFO - Sync 1 DAGs
[2026-04-02T05:53:42.059+0530] {logging_mixin.py:188} INFO - [2026-04-02T05:53:42.059+0530] {dag.py:3954} INFO - Setting next_dagrun for example_sla_dag to 2026-04-02 00:20:00+00:00, run_after=2026-04-02 00:22:00+00:00
[2026-04-02T05:53:42.068+0530] {processor.py:183} INFO - Processing /Users/aswin/Documents/data-engineering-practice/ETL_Airflow_DBT/airflow/airflow_env/lib/python3.11/site-packages/airflow/example_dags/example_sla_dag.py took 0.093 seconds
[2026-04-02T05:54:12.753+0530] {processor.py:161} INFO - Started process (PID=25035) to work on /Users/aswin/Documents/data-engineering-practice/ETL_Airflow_DBT/airflow/airflow_env/lib/python3.11/site-packages/airflow/example_dags/example_sla_dag.py
[2026-04-02T05:54:12.753+0530] {processor.py:830} INFO - Processing file /Users/aswin/Documents/data-engineering-practice/ETL_Airflow_DBT/airflow/airflow_env/lib/python3.11/site-packages/airflow/example_dags/example_sla_dag.py for tasks to queue
[2026-04-02T05:54:12.754+0530] {logging_mixin.py:188} INFO - [2026-04-02T05:54:12.754+0530] {dagbag.py:540} INFO - Filling up the DagBag from /Users/aswin/Documents/data-engineering-practice/ETL_Airflow_DBT/airflow/airflow_env/lib/python3.11/site-packages/airflow/example_dags/example_sla_dag.py
[2026-04-02T05:54:12.771+0530] {processor.py:840} INFO - DAG(s) 'example_sla_dag' retrieved from /Users/aswin/Documents/data-engineering-practice/ETL_Airflow_DBT/airflow/airflow_env/lib/python3.11/site-packages/airflow/example_dags/example_sla_dag.py
[2026-04-02T05:54:12.839+0530] {logging_mixin.py:188} INFO - [2026-04-02T05:54:12.838+0530] {dag.py:3096} INFO - Sync 1 DAGs
[2026-04-02T05:54:12.850+0530] {logging_mixin.py:188} INFO - [2026-04-02T05:54:12.850+0530] {dag.py:3954} INFO - Setting next_dagrun for example_sla_dag to 2026-04-02 00:22:00+00:00, run_after=2026-04-02 00:24:00+00:00
[2026-04-02T05:54:12.861+0530] {processor.py:183} INFO - Processing /Users/aswin/Documents/data-engineering-practice/ETL_Airflow_DBT/airflow/airflow_env/lib/python3.11/site-packages/airflow/example_dags/example_sla_dag.py took 0.109 seconds
[2026-04-02T05:54:43.798+0530] {processor.py:161} INFO - Started process (PID=25169) to work on /Users/aswin/Documents/data-engineering-practice/ETL_Airflow_DBT/airflow/airflow_env/lib/python3.11/site-packages/airflow/example_dags/example_sla_dag.py
[2026-04-02T05:54:43.799+0530] {processor.py:830} INFO - Processing file /Users/aswin/Documents/data-engineering-practice/ETL_Airflow_DBT/airflow/airflow_env/lib/python3.11/site-packages/airflow/example_dags/example_sla_dag.py for tasks to queue
[2026-04-02T05:54:43.799+0530] {logging_mixin.py:188} INFO - [2026-04-02T05:54:43.799+0530] {dagbag.py:540} INFO - Filling up the DagBag from /Users/aswin/Documents/data-engineering-practice/ETL_Airflow_DBT/airflow/airflow_env/lib/python3.11/site-packages/airflow/example_dags/example_sla_dag.py
[2026-04-02T05:54:43.815+0530] {processor.py:840} INFO - DAG(s) 'example_sla_dag' retrieved from /Users/aswin/Documents/data-engineering-practice/ETL_Airflow_DBT/airflow/airflow_env/lib/python3.11/site-packages/airflow/example_dags/example_sla_dag.py
[2026-04-02T05:54:43.867+0530] {logging_mixin.py:188} INFO - [2026-04-02T05:54:43.867+0530] {dag.py:3096} INFO - Sync 1 DAGs
[2026-04-02T05:54:43.878+0530] {logging_mixin.py:188} INFO - [2026-04-02T05:54:43.878+0530] {dag.py:3954} INFO - Setting next_dagrun for example_sla_dag to 2026-04-02 00:22:00+00:00, run_after=2026-04-02 00:24:00+00:00
[2026-04-02T05:54:43.888+0530] {processor.py:183} INFO - Processing /Users/aswin/Documents/data-engineering-practice/ETL_Airflow_DBT/airflow/airflow_env/lib/python3.11/site-packages/airflow/example_dags/example_sla_dag.py took 0.091 seconds
[2026-04-02T05:55:14.813+0530] {processor.py:161} INFO - Started process (PID=25293) to work on /Users/aswin/Documents/data-engineering-practice/ETL_Airflow_DBT/airflow/airflow_env/lib/python3.11/site-packages/airflow/example_dags/example_sla_dag.py
[2026-04-02T05:55:14.814+0530] {processor.py:830} INFO - Processing file /Users/aswin/Documents/data-engineering-practice/ETL_Airflow_DBT/airflow/airflow_env/lib/python3.11/site-packages/airflow/example_dags/example_sla_dag.py for tasks to queue
[2026-04-02T05:55:14.814+0530] {logging_mixin.py:188} INFO - [2026-04-02T05:55:14.814+0530] {dagbag.py:540} INFO - Filling up the DagBag from /Users/aswin/Documents/data-engineering-practice/ETL_Airflow_DBT/airflow/airflow_env/lib/python3.11/site-packages/airflow/example_dags/example_sla_dag.py
[2026-04-02T05:55:14.831+0530] {processor.py:840} INFO - DAG(s) 'example_sla_dag' retrieved from /Users/aswin/Documents/data-engineering-practice/ETL_Airflow_DBT/airflow/airflow_env/lib/python3.11/site-packages/airflow/example_dags/example_sla_dag.py
[2026-04-02T05:55:14.881+0530] {logging_mixin.py:188} INFO - [2026-04-02T05:55:14.881+0530] {dag.py:3096} INFO - Sync 1 DAGs
[2026-04-02T05:55:14.891+0530] {logging_mixin.py:188} INFO - [2026-04-02T05:55:14.891+0530] {dag.py:3954} INFO - Setting next_dagrun for example_sla_dag to 2026-04-02 00:22:00+00:00, run_after=2026-04-02 00:24:00+00:00
[2026-04-02T05:55:14.900+0530] {processor.py:183} INFO - Processing /Users/aswin/Documents/data-engineering-practice/ETL_Airflow_DBT/airflow/airflow_env/lib/python3.11/site-packages/airflow/example_dags/example_sla_dag.py took 0.088 seconds
[2026-04-02T05:55:45.846+0530] {processor.py:161} INFO - Started process (PID=25468) to work on /Users/aswin/Documents/data-engineering-practice/ETL_Airflow_DBT/airflow/airflow_env/lib/python3.11/site-packages/airflow/example_dags/example_sla_dag.py
[2026-04-02T05:55:45.847+0530] {processor.py:830} INFO - Processing file /Users/aswin/Documents/data-engineering-practice/ETL_Airflow_DBT/airflow/airflow_env/lib/python3.11/site-packages/airflow/example_dags/example_sla_dag.py for tasks to queue
[2026-04-02T05:55:45.847+0530] {logging_mixin.py:188} INFO - [2026-04-02T05:55:45.847+0530] {dagbag.py:540} INFO - Filling up the DagBag from /Users/aswin/Documents/data-engineering-practice/ETL_Airflow_DBT/airflow/airflow_env/lib/python3.11/site-packages/airflow/example_dags/example_sla_dag.py
[2026-04-02T05:55:45.863+0530] {processor.py:840} INFO - DAG(s) 'example_sla_dag' retrieved from /Users/aswin/Documents/data-engineering-practice/ETL_Airflow_DBT/airflow/airflow_env/lib/python3.11/site-packages/airflow/example_dags/example_sla_dag.py
[2026-04-02T05:55:45.915+0530] {logging_mixin.py:188} INFO - [2026-04-02T05:55:45.915+0530] {dag.py:3096} INFO - Sync 1 DAGs
[2026-04-02T05:55:45.927+0530] {logging_mixin.py:188} INFO - [2026-04-02T05:55:45.927+0530] {dag.py:3954} INFO - Setting next_dagrun for example_sla_dag to 2026-04-02 00:22:00+00:00, run_after=2026-04-02 00:24:00+00:00
[2026-04-02T05:55:45.934+0530] {processor.py:183} INFO - Processing /Users/aswin/Documents/data-engineering-practice/ETL_Airflow_DBT/airflow/airflow_env/lib/python3.11/site-packages/airflow/example_dags/example_sla_dag.py took 0.089 seconds
[2026-04-02T05:56:17.172+0530] {processor.py:161} INFO - Started process (PID=25602) to work on /Users/aswin/Documents/data-engineering-practice/ETL_Airflow_DBT/airflow/airflow_env/lib/python3.11/site-packages/airflow/example_dags/example_sla_dag.py
[2026-04-02T05:56:17.172+0530] {processor.py:830} INFO - Processing file /Users/aswin/Documents/data-engineering-practice/ETL_Airflow_DBT/airflow/airflow_env/lib/python3.11/site-packages/airflow/example_dags/example_sla_dag.py for tasks to queue
[2026-04-02T05:56:17.173+0530] {logging_mixin.py:188} INFO - [2026-04-02T05:56:17.172+0530] {dagbag.py:540} INFO - Filling up the DagBag from /Users/aswin/Documents/data-engineering-practice/ETL_Airflow_DBT/airflow/airflow_env/lib/python3.11/site-packages/airflow/example_dags/example_sla_dag.py
[2026-04-02T05:56:17.188+0530] {processor.py:840} INFO - DAG(s) 'example_sla_dag' retrieved from /Users/aswin/Documents/data-engineering-practice/ETL_Airflow_DBT/airflow/airflow_env/lib/python3.11/site-packages/airflow/example_dags/example_sla_dag.py
[2026-04-02T05:56:17.240+0530] {logging_mixin.py:188} INFO - [2026-04-02T05:56:17.240+0530] {dag.py:3096} INFO - Sync 1 DAGs
[2026-04-02T05:56:17.251+0530] {logging_mixin.py:188} INFO - [2026-04-02T05:56:17.251+0530] {dag.py:3954} INFO - Setting next_dagrun for example_sla_dag to 2026-04-02 00:24:00+00:00, run_after=2026-04-02 00:26:00+00:00
[2026-04-02T05:56:17.275+0530] {processor.py:183} INFO - Processing /Users/aswin/Documents/data-engineering-practice/ETL_Airflow_DBT/airflow/airflow_env/lib/python3.11/site-packages/airflow/example_dags/example_sla_dag.py took 0.104 seconds
[2026-04-02T05:56:48.516+0530] {processor.py:161} INFO - Started process (PID=25725) to work on /Users/aswin/Documents/data-engineering-practice/ETL_Airflow_DBT/airflow/airflow_env/lib/python3.11/site-packages/airflow/example_dags/example_sla_dag.py
[2026-04-02T05:56:48.517+0530] {processor.py:830} INFO - Processing file /Users/aswin/Documents/data-engineering-practice/ETL_Airflow_DBT/airflow/airflow_env/lib/python3.11/site-packages/airflow/example_dags/example_sla_dag.py for tasks to queue
[2026-04-02T05:56:48.517+0530] {logging_mixin.py:188} INFO - [2026-04-02T05:56:48.517+0530] {dagbag.py:540} INFO - Filling up the DagBag from /Users/aswin/Documents/data-engineering-practice/ETL_Airflow_DBT/airflow/airflow_env/lib/python3.11/site-packages/airflow/example_dags/example_sla_dag.py
[2026-04-02T05:56:48.533+0530] {processor.py:840} INFO - DAG(s) 'example_sla_dag' retrieved from /Users/aswin/Documents/data-engineering-practice/ETL_Airflow_DBT/airflow/airflow_env/lib/python3.11/site-packages/airflow/example_dags/example_sla_dag.py
[2026-04-02T05:56:48.587+0530] {logging_mixin.py:188} INFO - [2026-04-02T05:56:48.587+0530] {dag.py:3096} INFO - Sync 1 DAGs
[2026-04-02T05:56:48.597+0530] {logging_mixin.py:188} INFO - [2026-04-02T05:56:48.597+0530] {dag.py:3954} INFO - Setting next_dagrun for example_sla_dag to 2026-04-02 00:24:00+00:00, run_after=2026-04-02 00:26:00+00:00
[2026-04-02T05:56:48.606+0530] {processor.py:183} INFO - Processing /Users/aswin/Documents/data-engineering-practice/ETL_Airflow_DBT/airflow/airflow_env/lib/python3.11/site-packages/airflow/example_dags/example_sla_dag.py took 0.092 seconds
[2026-04-02T05:57:19.657+0530] {processor.py:161} INFO - Started process (PID=25850) to work on /Users/aswin/Documents/data-engineering-practice/ETL_Airflow_DBT/airflow/airflow_env/lib/python3.11/site-packages/airflow/example_dags/example_sla_dag.py
[2026-04-02T05:57:19.659+0530] {processor.py:830} INFO - Processing file /Users/aswin/Documents/data-engineering-practice/ETL_Airflow_DBT/airflow/airflow_env/lib/python3.11/site-packages/airflow/example_dags/example_sla_dag.py for tasks to queue
[2026-04-02T05:57:19.659+0530] {logging_mixin.py:188} INFO - [2026-04-02T05:57:19.659+0530] {dagbag.py:540} INFO - Filling up the DagBag from /Users/aswin/Documents/data-engineering-practice/ETL_Airflow_DBT/airflow/airflow_env/lib/python3.11/site-packages/airflow/example_dags/example_sla_dag.py
[2026-04-02T05:57:19.675+0530] {processor.py:840} INFO - DAG(s) 'example_sla_dag' retrieved from /Users/aswin/Documents/data-engineering-practice/ETL_Airflow_DBT/airflow/airflow_env/lib/python3.11/site-packages/airflow/example_dags/example_sla_dag.py
[2026-04-02T05:57:19.727+0530] {logging_mixin.py:188} INFO - [2026-04-02T05:57:19.727+0530] {dag.py:3096} INFO - Sync 1 DAGs
[2026-04-02T05:57:19.737+0530] {logging_mixin.py:188} INFO - [2026-04-02T05:57:19.737+0530] {dag.py:3954} INFO - Setting next_dagrun for example_sla_dag to 2026-04-02 00:24:00+00:00, run_after=2026-04-02 00:26:00+00:00
[2026-04-02T05:57:19.746+0530] {processor.py:183} INFO - Processing /Users/aswin/Documents/data-engineering-practice/ETL_Airflow_DBT/airflow/airflow_env/lib/python3.11/site-packages/airflow/example_dags/example_sla_dag.py took 0.090 seconds
[2026-04-02T05:57:50.921+0530] {processor.py:161} INFO - Started process (PID=25983) to work on /Users/aswin/Documents/data-engineering-practice/ETL_Airflow_DBT/airflow/airflow_env/lib/python3.11/site-packages/airflow/example_dags/example_sla_dag.py
[2026-04-02T05:57:50.922+0530] {processor.py:830} INFO - Processing file /Users/aswin/Documents/data-engineering-practice/ETL_Airflow_DBT/airflow/airflow_env/lib/python3.11/site-packages/airflow/example_dags/example_sla_dag.py for tasks to queue
[2026-04-02T05:57:50.923+0530] {logging_mixin.py:188} INFO - [2026-04-02T05:57:50.922+0530] {dagbag.py:540} INFO - Filling up the DagBag from /Users/aswin/Documents/data-engineering-practice/ETL_Airflow_DBT/airflow/airflow_env/lib/python3.11/site-packages/airflow/example_dags/example_sla_dag.py
[2026-04-02T05:57:50.938+0530] {processor.py:840} INFO - DAG(s) 'example_sla_dag' retrieved from /Users/aswin/Documents/data-engineering-practice/ETL_Airflow_DBT/airflow/airflow_env/lib/python3.11/site-packages/airflow/example_dags/example_sla_dag.py
[2026-04-02T05:57:50.990+0530] {logging_mixin.py:188} INFO - [2026-04-02T05:57:50.989+0530] {dag.py:3096} INFO - Sync 1 DAGs
[2026-04-02T05:57:51.001+0530] {logging_mixin.py:188} INFO - [2026-04-02T05:57:51.001+0530] {dag.py:3954} INFO - Setting next_dagrun for example_sla_dag to 2026-04-02 00:24:00+00:00, run_after=2026-04-02 00:26:00+00:00
[2026-04-02T05:57:51.010+0530] {processor.py:183} INFO - Processing /Users/aswin/Documents/data-engineering-practice/ETL_Airflow_DBT/airflow/airflow_env/lib/python3.11/site-packages/airflow/example_dags/example_sla_dag.py took 0.090 seconds
[2026-04-02T05:58:22.136+0530] {processor.py:161} INFO - Started process (PID=26109) to work on /Users/aswin/Documents/data-engineering-practice/ETL_Airflow_DBT/airflow/airflow_env/lib/python3.11/site-packages/airflow/example_dags/example_sla_dag.py
[2026-04-02T05:58:22.137+0530] {processor.py:830} INFO - Processing file /Users/aswin/Documents/data-engineering-practice/ETL_Airflow_DBT/airflow/airflow_env/lib/python3.11/site-packages/airflow/example_dags/example_sla_dag.py for tasks to queue
[2026-04-02T05:58:22.137+0530] {logging_mixin.py:188} INFO - [2026-04-02T05:58:22.137+0530] {dagbag.py:540} INFO - Filling up the DagBag from /Users/aswin/Documents/data-engineering-practice/ETL_Airflow_DBT/airflow/airflow_env/lib/python3.11/site-packages/airflow/example_dags/example_sla_dag.py
[2026-04-02T05:58:22.153+0530] {processor.py:840} INFO - DAG(s) 'example_sla_dag' retrieved from /Users/aswin/Documents/data-engineering-practice/ETL_Airflow_DBT/airflow/airflow_env/lib/python3.11/site-packages/airflow/example_dags/example_sla_dag.py
[2026-04-02T05:58:22.205+0530] {logging_mixin.py:188} INFO - [2026-04-02T05:58:22.205+0530] {dag.py:3096} INFO - Sync 1 DAGs
[2026-04-02T05:58:22.218+0530] {logging_mixin.py:188} INFO - [2026-04-02T05:58:22.218+0530] {dag.py:3954} INFO - Setting next_dagrun for example_sla_dag to 2026-04-02 00:26:00+00:00, run_after=2026-04-02 00:28:00+00:00
[2026-04-02T05:58:22.228+0530] {processor.py:183} INFO - Processing /Users/aswin/Documents/data-engineering-practice/ETL_Airflow_DBT/airflow/airflow_env/lib/python3.11/site-packages/airflow/example_dags/example_sla_dag.py took 0.092 seconds
[2026-04-02T05:58:53.080+0530] {processor.py:161} INFO - Started process (PID=26235) to work on /Users/aswin/Documents/data-engineering-practice/ETL_Airflow_DBT/airflow/airflow_env/lib/python3.11/site-packages/airflow/example_dags/example_sla_dag.py
[2026-04-02T05:58:53.081+0530] {processor.py:830} INFO - Processing file /Users/aswin/Documents/data-engineering-practice/ETL_Airflow_DBT/airflow/airflow_env/lib/python3.11/site-packages/airflow/example_dags/example_sla_dag.py for tasks to queue
[2026-04-02T05:58:53.081+0530] {logging_mixin.py:188} INFO - [2026-04-02T05:58:53.081+0530] {dagbag.py:540} INFO - Filling up the DagBag from /Users/aswin/Documents/data-engineering-practice/ETL_Airflow_DBT/airflow/airflow_env/lib/python3.11/site-packages/airflow/example_dags/example_sla_dag.py
[2026-04-02T05:58:53.098+0530] {processor.py:840} INFO - DAG(s) 'example_sla_dag' retrieved from /Users/aswin/Documents/data-engineering-practice/ETL_Airflow_DBT/airflow/airflow_env/lib/python3.11/site-packages/airflow/example_dags/example_sla_dag.py
[2026-04-02T05:58:53.147+0530] {logging_mixin.py:188} INFO - [2026-04-02T05:58:53.147+0530] {dag.py:3096} INFO - Sync 1 DAGs
[2026-04-02T05:58:53.157+0530] {logging_mixin.py:188} INFO - [2026-04-02T05:58:53.157+0530] {dag.py:3954} INFO - Setting next_dagrun for example_sla_dag to 2026-04-02 00:26:00+00:00, run_after=2026-04-02 00:28:00+00:00
[2026-04-02T05:58:53.166+0530] {processor.py:183} INFO - Processing /Users/aswin/Documents/data-engineering-practice/ETL_Airflow_DBT/airflow/airflow_env/lib/python3.11/site-packages/airflow/example_dags/example_sla_dag.py took 0.087 seconds
[2026-04-02T05:59:24.392+0530] {processor.py:161} INFO - Started process (PID=26368) to work on /Users/aswin/Documents/data-engineering-practice/ETL_Airflow_DBT/airflow/airflow_env/lib/python3.11/site-packages/airflow/example_dags/example_sla_dag.py
[2026-04-02T05:59:24.393+0530] {processor.py:830} INFO - Processing file /Users/aswin/Documents/data-engineering-practice/ETL_Airflow_DBT/airflow/airflow_env/lib/python3.11/site-packages/airflow/example_dags/example_sla_dag.py for tasks to queue
[2026-04-02T05:59:24.393+0530] {logging_mixin.py:188} INFO - [2026-04-02T05:59:24.393+0530] {dagbag.py:540} INFO - Filling up the DagBag from /Users/aswin/Documents/data-engineering-practice/ETL_Airflow_DBT/airflow/airflow_env/lib/python3.11/site-packages/airflow/example_dags/example_sla_dag.py
[2026-04-02T05:59:24.409+0530] {processor.py:840} INFO - DAG(s) 'example_sla_dag' retrieved from /Users/aswin/Documents/data-engineering-practice/ETL_Airflow_DBT/airflow/airflow_env/lib/python3.11/site-packages/airflow/example_dags/example_sla_dag.py
[2026-04-02T05:59:24.460+0530] {logging_mixin.py:188} INFO - [2026-04-02T05:59:24.460+0530] {dag.py:3096} INFO - Sync 1 DAGs
[2026-04-02T05:59:24.472+0530] {logging_mixin.py:188} INFO - [2026-04-02T05:59:24.472+0530] {dag.py:3954} INFO - Setting next_dagrun for example_sla_dag to 2026-04-02 00:26:00+00:00, run_after=2026-04-02 00:28:00+00:00
[2026-04-02T05:59:24.481+0530] {processor.py:183} INFO - Processing /Users/aswin/Documents/data-engineering-practice/ETL_Airflow_DBT/airflow/airflow_env/lib/python3.11/site-packages/airflow/example_dags/example_sla_dag.py took 0.090 seconds
[2026-04-02T05:59:55.803+0530] {processor.py:161} INFO - Started process (PID=26497) to work on /Users/aswin/Documents/data-engineering-practice/ETL_Airflow_DBT/airflow/airflow_env/lib/python3.11/site-packages/airflow/example_dags/example_sla_dag.py
[2026-04-02T05:59:55.804+0530] {processor.py:830} INFO - Processing file /Users/aswin/Documents/data-engineering-practice/ETL_Airflow_DBT/airflow/airflow_env/lib/python3.11/site-packages/airflow/example_dags/example_sla_dag.py for tasks to queue
[2026-04-02T05:59:55.804+0530] {logging_mixin.py:188} INFO - [2026-04-02T05:59:55.804+0530] {dagbag.py:540} INFO - Filling up the DagBag from /Users/aswin/Documents/data-engineering-practice/ETL_Airflow_DBT/airflow/airflow_env/lib/python3.11/site-packages/airflow/example_dags/example_sla_dag.py
[2026-04-02T05:59:55.820+0530] {processor.py:840} INFO - DAG(s) 'example_sla_dag' retrieved from /Users/aswin/Documents/data-engineering-practice/ETL_Airflow_DBT/airflow/airflow_env/lib/python3.11/site-packages/airflow/example_dags/example_sla_dag.py
[2026-04-02T05:59:55.874+0530] {logging_mixin.py:188} INFO - [2026-04-02T05:59:55.874+0530] {dag.py:3096} INFO - Sync 1 DAGs
[2026-04-02T05:59:55.886+0530] {logging_mixin.py:188} INFO - [2026-04-02T05:59:55.886+0530] {dag.py:3954} INFO - Setting next_dagrun for example_sla_dag to 2026-04-02 00:26:00+00:00, run_after=2026-04-02 00:28:00+00:00
[2026-04-02T05:59:55.894+0530] {processor.py:183} INFO - Processing /Users/aswin/Documents/data-engineering-practice/ETL_Airflow_DBT/airflow/airflow_env/lib/python3.11/site-packages/airflow/example_dags/example_sla_dag.py took 0.092 seconds
[2026-04-02T06:00:27.067+0530] {processor.py:161} INFO - Started process (PID=26624) to work on /Users/aswin/Documents/data-engineering-practice/ETL_Airflow_DBT/airflow/airflow_env/lib/python3.11/site-packages/airflow/example_dags/example_sla_dag.py
[2026-04-02T06:00:27.068+0530] {processor.py:830} INFO - Processing file /Users/aswin/Documents/data-engineering-practice/ETL_Airflow_DBT/airflow/airflow_env/lib/python3.11/site-packages/airflow/example_dags/example_sla_dag.py for tasks to queue
[2026-04-02T06:00:27.068+0530] {logging_mixin.py:188} INFO - [2026-04-02T06:00:27.068+0530] {dagbag.py:540} INFO - Filling up the DagBag from /Users/aswin/Documents/data-engineering-practice/ETL_Airflow_DBT/airflow/airflow_env/lib/python3.11/site-packages/airflow/example_dags/example_sla_dag.py
[2026-04-02T06:00:27.085+0530] {processor.py:840} INFO - DAG(s) 'example_sla_dag' retrieved from /Users/aswin/Documents/data-engineering-practice/ETL_Airflow_DBT/airflow/airflow_env/lib/python3.11/site-packages/airflow/example_dags/example_sla_dag.py
[2026-04-02T06:00:27.138+0530] {logging_mixin.py:188} INFO - [2026-04-02T06:00:27.137+0530] {dag.py:3096} INFO - Sync 1 DAGs
[2026-04-02T06:00:27.148+0530] {logging_mixin.py:188} INFO - [2026-04-02T06:00:27.148+0530] {dag.py:3954} INFO - Setting next_dagrun for example_sla_dag to 2026-04-02 00:28:00+00:00, run_after=2026-04-02 00:30:00+00:00
[2026-04-02T06:00:27.158+0530] {processor.py:183} INFO - Processing /Users/aswin/Documents/data-engineering-practice/ETL_Airflow_DBT/airflow/airflow_env/lib/python3.11/site-packages/airflow/example_dags/example_sla_dag.py took 0.092 seconds
[2026-04-02T06:00:58.199+0530] {processor.py:161} INFO - Started process (PID=26753) to work on /Users/aswin/Documents/data-engineering-practice/ETL_Airflow_DBT/airflow/airflow_env/lib/python3.11/site-packages/airflow/example_dags/example_sla_dag.py
[2026-04-02T06:00:58.200+0530] {processor.py:830} INFO - Processing file /Users/aswin/Documents/data-engineering-practice/ETL_Airflow_DBT/airflow/airflow_env/lib/python3.11/site-packages/airflow/example_dags/example_sla_dag.py for tasks to queue
[2026-04-02T06:00:58.200+0530] {logging_mixin.py:188} INFO - [2026-04-02T06:00:58.200+0530] {dagbag.py:540} INFO - Filling up the DagBag from /Users/aswin/Documents/data-engineering-practice/ETL_Airflow_DBT/airflow/airflow_env/lib/python3.11/site-packages/airflow/example_dags/example_sla_dag.py
[2026-04-02T06:00:58.217+0530] {processor.py:840} INFO - DAG(s) 'example_sla_dag' retrieved from /Users/aswin/Documents/data-engineering-practice/ETL_Airflow_DBT/airflow/airflow_env/lib/python3.11/site-packages/airflow/example_dags/example_sla_dag.py
[2026-04-02T06:00:58.270+0530] {logging_mixin.py:188} INFO - [2026-04-02T06:00:58.270+0530] {dag.py:3096} INFO - Sync 1 DAGs
[2026-04-02T06:00:58.280+0530] {logging_mixin.py:188} INFO - [2026-04-02T06:00:58.280+0530] {dag.py:3954} INFO - Setting next_dagrun for example_sla_dag to 2026-04-02 00:28:00+00:00, run_after=2026-04-02 00:30:00+00:00
[2026-04-02T06:00:58.289+0530] {processor.py:183} INFO - Processing /Users/aswin/Documents/data-engineering-practice/ETL_Airflow_DBT/airflow/airflow_env/lib/python3.11/site-packages/airflow/example_dags/example_sla_dag.py took 0.091 seconds
[2026-04-02T06:01:29.003+0530] {processor.py:161} INFO - Started process (PID=26882) to work on /Users/aswin/Documents/data-engineering-practice/ETL_Airflow_DBT/airflow/airflow_env/lib/python3.11/site-packages/airflow/example_dags/example_sla_dag.py
[2026-04-02T06:01:29.003+0530] {processor.py:830} INFO - Processing file /Users/aswin/Documents/data-engineering-practice/ETL_Airflow_DBT/airflow/airflow_env/lib/python3.11/site-packages/airflow/example_dags/example_sla_dag.py for tasks to queue
[2026-04-02T06:01:29.004+0530] {logging_mixin.py:188} INFO - [2026-04-02T06:01:29.003+0530] {dagbag.py:540} INFO - Filling up the DagBag from /Users/aswin/Documents/data-engineering-practice/ETL_Airflow_DBT/airflow/airflow_env/lib/python3.11/site-packages/airflow/example_dags/example_sla_dag.py
[2026-04-02T06:01:29.021+0530] {processor.py:840} INFO - DAG(s) 'example_sla_dag' retrieved from /Users/aswin/Documents/data-engineering-practice/ETL_Airflow_DBT/airflow/airflow_env/lib/python3.11/site-packages/airflow/example_dags/example_sla_dag.py
[2026-04-02T06:01:29.076+0530] {logging_mixin.py:188} INFO - [2026-04-02T06:01:29.076+0530] {dag.py:3096} INFO - Sync 1 DAGs
[2026-04-02T06:01:29.086+0530] {logging_mixin.py:188} INFO - [2026-04-02T06:01:29.085+0530] {dag.py:3954} INFO - Setting next_dagrun for example_sla_dag to 2026-04-02 00:28:00+00:00, run_after=2026-04-02 00:30:00+00:00
[2026-04-02T06:01:29.095+0530] {processor.py:183} INFO - Processing /Users/aswin/Documents/data-engineering-practice/ETL_Airflow_DBT/airflow/airflow_env/lib/python3.11/site-packages/airflow/example_dags/example_sla_dag.py took 0.093 seconds
[2026-04-02T06:01:59.962+0530] {processor.py:161} INFO - Started process (PID=27020) to work on /Users/aswin/Documents/data-engineering-practice/ETL_Airflow_DBT/airflow/airflow_env/lib/python3.11/site-packages/airflow/example_dags/example_sla_dag.py
[2026-04-02T06:01:59.964+0530] {processor.py:830} INFO - Processing file /Users/aswin/Documents/data-engineering-practice/ETL_Airflow_DBT/airflow/airflow_env/lib/python3.11/site-packages/airflow/example_dags/example_sla_dag.py for tasks to queue
[2026-04-02T06:01:59.964+0530] {logging_mixin.py:188} INFO - [2026-04-02T06:01:59.964+0530] {dagbag.py:540} INFO - Filling up the DagBag from /Users/aswin/Documents/data-engineering-practice/ETL_Airflow_DBT/airflow/airflow_env/lib/python3.11/site-packages/airflow/example_dags/example_sla_dag.py
[2026-04-02T06:01:59.984+0530] {processor.py:840} INFO - DAG(s) 'example_sla_dag' retrieved from /Users/aswin/Documents/data-engineering-practice/ETL_Airflow_DBT/airflow/airflow_env/lib/python3.11/site-packages/airflow/example_dags/example_sla_dag.py
[2026-04-02T06:02:00.041+0530] {logging_mixin.py:188} INFO - [2026-04-02T06:02:00.040+0530] {dag.py:3096} INFO - Sync 1 DAGs
[2026-04-02T06:02:00.054+0530] {logging_mixin.py:188} INFO - [2026-04-02T06:02:00.054+0530] {dag.py:3954} INFO - Setting next_dagrun for example_sla_dag to 2026-04-02 00:30:00+00:00, run_after=2026-04-02 00:32:00+00:00
[2026-04-02T06:02:00.063+0530] {processor.py:183} INFO - Processing /Users/aswin/Documents/data-engineering-practice/ETL_Airflow_DBT/airflow/airflow_env/lib/python3.11/site-packages/airflow/example_dags/example_sla_dag.py took 0.102 seconds
[2026-04-02T06:02:30.748+0530] {processor.py:161} INFO - Started process (PID=27148) to work on /Users/aswin/Documents/data-engineering-practice/ETL_Airflow_DBT/airflow/airflow_env/lib/python3.11/site-packages/airflow/example_dags/example_sla_dag.py
[2026-04-02T06:02:30.749+0530] {processor.py:830} INFO - Processing file /Users/aswin/Documents/data-engineering-practice/ETL_Airflow_DBT/airflow/airflow_env/lib/python3.11/site-packages/airflow/example_dags/example_sla_dag.py for tasks to queue
[2026-04-02T06:02:30.749+0530] {logging_mixin.py:188} INFO - [2026-04-02T06:02:30.749+0530] {dagbag.py:540} INFO - Filling up the DagBag from /Users/aswin/Documents/data-engineering-practice/ETL_Airflow_DBT/airflow/airflow_env/lib/python3.11/site-packages/airflow/example_dags/example_sla_dag.py
[2026-04-02T06:02:30.765+0530] {processor.py:840} INFO - DAG(s) 'example_sla_dag' retrieved from /Users/aswin/Documents/data-engineering-practice/ETL_Airflow_DBT/airflow/airflow_env/lib/python3.11/site-packages/airflow/example_dags/example_sla_dag.py
[2026-04-02T06:02:30.822+0530] {logging_mixin.py:188} INFO - [2026-04-02T06:02:30.822+0530] {dag.py:3096} INFO - Sync 1 DAGs
[2026-04-02T06:02:30.834+0530] {logging_mixin.py:188} INFO - [2026-04-02T06:02:30.833+0530] {dag.py:3954} INFO - Setting next_dagrun for example_sla_dag to 2026-04-02 00:30:00+00:00, run_after=2026-04-02 00:32:00+00:00
[2026-04-02T06:02:30.844+0530] {processor.py:183} INFO - Processing /Users/aswin/Documents/data-engineering-practice/ETL_Airflow_DBT/airflow/airflow_env/lib/python3.11/site-packages/airflow/example_dags/example_sla_dag.py took 0.097 seconds
[2026-04-02T06:03:01.552+0530] {processor.py:161} INFO - Started process (PID=27273) to work on /Users/aswin/Documents/data-engineering-practice/ETL_Airflow_DBT/airflow/airflow_env/lib/python3.11/site-packages/airflow/example_dags/example_sla_dag.py
[2026-04-02T06:03:01.552+0530] {processor.py:830} INFO - Processing file /Users/aswin/Documents/data-engineering-practice/ETL_Airflow_DBT/airflow/airflow_env/lib/python3.11/site-packages/airflow/example_dags/example_sla_dag.py for tasks to queue
[2026-04-02T06:03:01.553+0530] {logging_mixin.py:188} INFO - [2026-04-02T06:03:01.553+0530] {dagbag.py:540} INFO - Filling up the DagBag from /Users/aswin/Documents/data-engineering-practice/ETL_Airflow_DBT/airflow/airflow_env/lib/python3.11/site-packages/airflow/example_dags/example_sla_dag.py
[2026-04-02T06:03:01.569+0530] {processor.py:840} INFO - DAG(s) 'example_sla_dag' retrieved from /Users/aswin/Documents/data-engineering-practice/ETL_Airflow_DBT/airflow/airflow_env/lib/python3.11/site-packages/airflow/example_dags/example_sla_dag.py
[2026-04-02T06:03:01.619+0530] {logging_mixin.py:188} INFO - [2026-04-02T06:03:01.619+0530] {dag.py:3096} INFO - Sync 1 DAGs
[2026-04-02T06:03:01.629+0530] {logging_mixin.py:188} INFO - [2026-04-02T06:03:01.629+0530] {dag.py:3954} INFO - Setting next_dagrun for example_sla_dag to 2026-04-02 00:30:00+00:00, run_after=2026-04-02 00:32:00+00:00
[2026-04-02T06:03:01.638+0530] {processor.py:183} INFO - Processing /Users/aswin/Documents/data-engineering-practice/ETL_Airflow_DBT/airflow/airflow_env/lib/python3.11/site-packages/airflow/example_dags/example_sla_dag.py took 0.088 seconds
[2026-04-02T06:03:32.648+0530] {processor.py:161} INFO - Started process (PID=27398) to work on /Users/aswin/Documents/data-engineering-practice/ETL_Airflow_DBT/airflow/airflow_env/lib/python3.11/site-packages/airflow/example_dags/example_sla_dag.py
[2026-04-02T06:03:32.649+0530] {processor.py:830} INFO - Processing file /Users/aswin/Documents/data-engineering-practice/ETL_Airflow_DBT/airflow/airflow_env/lib/python3.11/site-packages/airflow/example_dags/example_sla_dag.py for tasks to queue
[2026-04-02T06:03:32.649+0530] {logging_mixin.py:188} INFO - [2026-04-02T06:03:32.649+0530] {dagbag.py:540} INFO - Filling up the DagBag from /Users/aswin/Documents/data-engineering-practice/ETL_Airflow_DBT/airflow/airflow_env/lib/python3.11/site-packages/airflow/example_dags/example_sla_dag.py
[2026-04-02T06:03:32.666+0530] {processor.py:840} INFO - DAG(s) 'example_sla_dag' retrieved from /Users/aswin/Documents/data-engineering-practice/ETL_Airflow_DBT/airflow/airflow_env/lib/python3.11/site-packages/airflow/example_dags/example_sla_dag.py
[2026-04-02T06:03:32.718+0530] {logging_mixin.py:188} INFO - [2026-04-02T06:03:32.718+0530] {dag.py:3096} INFO - Sync 1 DAGs
[2026-04-02T06:03:32.730+0530] {logging_mixin.py:188} INFO - [2026-04-02T06:03:32.730+0530] {dag.py:3954} INFO - Setting next_dagrun for example_sla_dag to 2026-04-02 00:30:00+00:00, run_after=2026-04-02 00:32:00+00:00
[2026-04-02T06:03:32.738+0530] {processor.py:183} INFO - Processing /Users/aswin/Documents/data-engineering-practice/ETL_Airflow_DBT/airflow/airflow_env/lib/python3.11/site-packages/airflow/example_dags/example_sla_dag.py took 0.091 seconds
[2026-04-02T06:04:03.641+0530] {processor.py:161} INFO - Started process (PID=27524) to work on /Users/aswin/Documents/data-engineering-practice/ETL_Airflow_DBT/airflow/airflow_env/lib/python3.11/site-packages/airflow/example_dags/example_sla_dag.py
[2026-04-02T06:04:03.641+0530] {processor.py:830} INFO - Processing file /Users/aswin/Documents/data-engineering-practice/ETL_Airflow_DBT/airflow/airflow_env/lib/python3.11/site-packages/airflow/example_dags/example_sla_dag.py for tasks to queue
[2026-04-02T06:04:03.642+0530] {logging_mixin.py:188} INFO - [2026-04-02T06:04:03.642+0530] {dagbag.py:540} INFO - Filling up the DagBag from /Users/aswin/Documents/data-engineering-practice/ETL_Airflow_DBT/airflow/airflow_env/lib/python3.11/site-packages/airflow/example_dags/example_sla_dag.py
[2026-04-02T06:04:03.658+0530] {processor.py:840} INFO - DAG(s) 'example_sla_dag' retrieved from /Users/aswin/Documents/data-engineering-practice/ETL_Airflow_DBT/airflow/airflow_env/lib/python3.11/site-packages/airflow/example_dags/example_sla_dag.py
[2026-04-02T06:04:03.708+0530] {logging_mixin.py:188} INFO - [2026-04-02T06:04:03.708+0530] {dag.py:3096} INFO - Sync 1 DAGs
[2026-04-02T06:04:03.719+0530] {logging_mixin.py:188} INFO - [2026-04-02T06:04:03.719+0530] {dag.py:3954} INFO - Setting next_dagrun for example_sla_dag to 2026-04-02 00:32:00+00:00, run_after=2026-04-02 00:34:00+00:00
[2026-04-02T06:04:03.727+0530] {processor.py:183} INFO - Processing /Users/aswin/Documents/data-engineering-practice/ETL_Airflow_DBT/airflow/airflow_env/lib/python3.11/site-packages/airflow/example_dags/example_sla_dag.py took 0.088 seconds
[2026-04-02T06:04:35.025+0530] {processor.py:161} INFO - Started process (PID=27674) to work on /Users/aswin/Documents/data-engineering-practice/ETL_Airflow_DBT/airflow/airflow_env/lib/python3.11/site-packages/airflow/example_dags/example_sla_dag.py
[2026-04-02T06:04:35.026+0530] {processor.py:830} INFO - Processing file /Users/aswin/Documents/data-engineering-practice/ETL_Airflow_DBT/airflow/airflow_env/lib/python3.11/site-packages/airflow/example_dags/example_sla_dag.py for tasks to queue
[2026-04-02T06:04:35.027+0530] {logging_mixin.py:188} INFO - [2026-04-02T06:04:35.027+0530] {dagbag.py:540} INFO - Filling up the DagBag from /Users/aswin/Documents/data-engineering-practice/ETL_Airflow_DBT/airflow/airflow_env/lib/python3.11/site-packages/airflow/example_dags/example_sla_dag.py
[2026-04-02T06:04:35.045+0530] {processor.py:840} INFO - DAG(s) 'example_sla_dag' retrieved from /Users/aswin/Documents/data-engineering-practice/ETL_Airflow_DBT/airflow/airflow_env/lib/python3.11/site-packages/airflow/example_dags/example_sla_dag.py
[2026-04-02T06:04:35.096+0530] {logging_mixin.py:188} INFO - [2026-04-02T06:04:35.096+0530] {dag.py:3096} INFO - Sync 1 DAGs
[2026-04-02T06:04:35.106+0530] {logging_mixin.py:188} INFO - [2026-04-02T06:04:35.106+0530] {dag.py:3954} INFO - Setting next_dagrun for example_sla_dag to 2026-04-02 00:32:00+00:00, run_after=2026-04-02 00:34:00+00:00
[2026-04-02T06:04:35.114+0530] {processor.py:183} INFO - Processing /Users/aswin/Documents/data-engineering-practice/ETL_Airflow_DBT/airflow/airflow_env/lib/python3.11/site-packages/airflow/example_dags/example_sla_dag.py took 0.090 seconds
[2026-04-02T06:05:05.907+0530] {processor.py:161} INFO - Started process (PID=27805) to work on /Users/aswin/Documents/data-engineering-practice/ETL_Airflow_DBT/airflow/airflow_env/lib/python3.11/site-packages/airflow/example_dags/example_sla_dag.py
[2026-04-02T06:05:05.908+0530] {processor.py:830} INFO - Processing file /Users/aswin/Documents/data-engineering-practice/ETL_Airflow_DBT/airflow/airflow_env/lib/python3.11/site-packages/airflow/example_dags/example_sla_dag.py for tasks to queue
[2026-04-02T06:05:05.908+0530] {logging_mixin.py:188} INFO - [2026-04-02T06:05:05.908+0530] {dagbag.py:540} INFO - Filling up the DagBag from /Users/aswin/Documents/data-engineering-practice/ETL_Airflow_DBT/airflow/airflow_env/lib/python3.11/site-packages/airflow/example_dags/example_sla_dag.py
[2026-04-02T06:05:05.925+0530] {processor.py:840} INFO - DAG(s) 'example_sla_dag' retrieved from /Users/aswin/Documents/data-engineering-practice/ETL_Airflow_DBT/airflow/airflow_env/lib/python3.11/site-packages/airflow/example_dags/example_sla_dag.py
[2026-04-02T06:05:05.976+0530] {logging_mixin.py:188} INFO - [2026-04-02T06:05:05.975+0530] {dag.py:3096} INFO - Sync 1 DAGs
[2026-04-02T06:05:05.986+0530] {logging_mixin.py:188} INFO - [2026-04-02T06:05:05.986+0530] {dag.py:3954} INFO - Setting next_dagrun for example_sla_dag to 2026-04-02 00:32:00+00:00, run_after=2026-04-02 00:34:00+00:00
[2026-04-02T06:05:05.994+0530] {processor.py:183} INFO - Processing /Users/aswin/Documents/data-engineering-practice/ETL_Airflow_DBT/airflow/airflow_env/lib/python3.11/site-packages/airflow/example_dags/example_sla_dag.py took 0.088 seconds
[2026-04-02T06:05:36.943+0530] {processor.py:161} INFO - Started process (PID=27940) to work on /Users/aswin/Documents/data-engineering-practice/ETL_Airflow_DBT/airflow/airflow_env/lib/python3.11/site-packages/airflow/example_dags/example_sla_dag.py
[2026-04-02T06:05:36.944+0530] {processor.py:830} INFO - Processing file /Users/aswin/Documents/data-engineering-practice/ETL_Airflow_DBT/airflow/airflow_env/lib/python3.11/site-packages/airflow/example_dags/example_sla_dag.py for tasks to queue
[2026-04-02T06:05:36.944+0530] {logging_mixin.py:188} INFO - [2026-04-02T06:05:36.944+0530] {dagbag.py:540} INFO - Filling up the DagBag from /Users/aswin/Documents/data-engineering-practice/ETL_Airflow_DBT/airflow/airflow_env/lib/python3.11/site-packages/airflow/example_dags/example_sla_dag.py
[2026-04-02T06:05:36.960+0530] {processor.py:840} INFO - DAG(s) 'example_sla_dag' retrieved from /Users/aswin/Documents/data-engineering-practice/ETL_Airflow_DBT/airflow/airflow_env/lib/python3.11/site-packages/airflow/example_dags/example_sla_dag.py
[2026-04-02T06:05:37.012+0530] {logging_mixin.py:188} INFO - [2026-04-02T06:05:37.012+0530] {dag.py:3096} INFO - Sync 1 DAGs
[2026-04-02T06:05:37.022+0530] {logging_mixin.py:188} INFO - [2026-04-02T06:05:37.022+0530] {dag.py:3954} INFO - Setting next_dagrun for example_sla_dag to 2026-04-02 00:32:00+00:00, run_after=2026-04-02 00:34:00+00:00
[2026-04-02T06:05:37.030+0530] {processor.py:183} INFO - Processing /Users/aswin/Documents/data-engineering-practice/ETL_Airflow_DBT/airflow/airflow_env/lib/python3.11/site-packages/airflow/example_dags/example_sla_dag.py took 0.088 seconds
[2026-04-02T06:06:07.689+0530] {processor.py:161} INFO - Started process (PID=28088) to work on /Users/aswin/Documents/data-engineering-practice/ETL_Airflow_DBT/airflow/airflow_env/lib/python3.11/site-packages/airflow/example_dags/example_sla_dag.py
[2026-04-02T06:06:07.691+0530] {processor.py:830} INFO - Processing file /Users/aswin/Documents/data-engineering-practice/ETL_Airflow_DBT/airflow/airflow_env/lib/python3.11/site-packages/airflow/example_dags/example_sla_dag.py for tasks to queue
[2026-04-02T06:06:07.691+0530] {logging_mixin.py:188} INFO - [2026-04-02T06:06:07.691+0530] {dagbag.py:540} INFO - Filling up the DagBag from /Users/aswin/Documents/data-engineering-practice/ETL_Airflow_DBT/airflow/airflow_env/lib/python3.11/site-packages/airflow/example_dags/example_sla_dag.py
[2026-04-02T06:06:07.707+0530] {processor.py:840} INFO - DAG(s) 'example_sla_dag' retrieved from /Users/aswin/Documents/data-engineering-practice/ETL_Airflow_DBT/airflow/airflow_env/lib/python3.11/site-packages/airflow/example_dags/example_sla_dag.py
[2026-04-02T06:06:07.758+0530] {logging_mixin.py:188} INFO - [2026-04-02T06:06:07.758+0530] {dag.py:3096} INFO - Sync 1 DAGs
[2026-04-02T06:06:07.769+0530] {logging_mixin.py:188} INFO - [2026-04-02T06:06:07.769+0530] {dag.py:3954} INFO - Setting next_dagrun for example_sla_dag to 2026-04-02 00:34:00+00:00, run_after=2026-04-02 00:36:00+00:00
[2026-04-02T06:06:07.776+0530] {processor.py:183} INFO - Processing /Users/aswin/Documents/data-engineering-practice/ETL_Airflow_DBT/airflow/airflow_env/lib/python3.11/site-packages/airflow/example_dags/example_sla_dag.py took 0.088 seconds
[2026-04-02T06:06:38.928+0530] {processor.py:161} INFO - Started process (PID=28214) to work on /Users/aswin/Documents/data-engineering-practice/ETL_Airflow_DBT/airflow/airflow_env/lib/python3.11/site-packages/airflow/example_dags/example_sla_dag.py
[2026-04-02T06:06:38.929+0530] {processor.py:830} INFO - Processing file /Users/aswin/Documents/data-engineering-practice/ETL_Airflow_DBT/airflow/airflow_env/lib/python3.11/site-packages/airflow/example_dags/example_sla_dag.py for tasks to queue
[2026-04-02T06:06:38.929+0530] {logging_mixin.py:188} INFO - [2026-04-02T06:06:38.929+0530] {dagbag.py:540} INFO - Filling up the DagBag from /Users/aswin/Documents/data-engineering-practice/ETL_Airflow_DBT/airflow/airflow_env/lib/python3.11/site-packages/airflow/example_dags/example_sla_dag.py
[2026-04-02T06:06:38.945+0530] {processor.py:840} INFO - DAG(s) 'example_sla_dag' retrieved from /Users/aswin/Documents/data-engineering-practice/ETL_Airflow_DBT/airflow/airflow_env/lib/python3.11/site-packages/airflow/example_dags/example_sla_dag.py
[2026-04-02T06:06:38.996+0530] {logging_mixin.py:188} INFO - [2026-04-02T06:06:38.996+0530] {dag.py:3096} INFO - Sync 1 DAGs
[2026-04-02T06:06:39.008+0530] {logging_mixin.py:188} INFO - [2026-04-02T06:06:39.008+0530] {dag.py:3954} INFO - Setting next_dagrun for example_sla_dag to 2026-04-02 00:34:00+00:00, run_after=2026-04-02 00:36:00+00:00
[2026-04-02T06:06:39.019+0530] {processor.py:183} INFO - Processing /Users/aswin/Documents/data-engineering-practice/ETL_Airflow_DBT/airflow/airflow_env/lib/python3.11/site-packages/airflow/example_dags/example_sla_dag.py took 0.092 seconds
[2026-04-02T06:07:09.993+0530] {processor.py:161} INFO - Started process (PID=28332) to work on /Users/aswin/Documents/data-engineering-practice/ETL_Airflow_DBT/airflow/airflow_env/lib/python3.11/site-packages/airflow/example_dags/example_sla_dag.py
[2026-04-02T06:07:09.994+0530] {processor.py:830} INFO - Processing file /Users/aswin/Documents/data-engineering-practice/ETL_Airflow_DBT/airflow/airflow_env/lib/python3.11/site-packages/airflow/example_dags/example_sla_dag.py for tasks to queue
[2026-04-02T06:07:09.994+0530] {logging_mixin.py:188} INFO - [2026-04-02T06:07:09.994+0530] {dagbag.py:540} INFO - Filling up the DagBag from /Users/aswin/Documents/data-engineering-practice/ETL_Airflow_DBT/airflow/airflow_env/lib/python3.11/site-packages/airflow/example_dags/example_sla_dag.py
[2026-04-02T06:07:10.012+0530] {processor.py:840} INFO - DAG(s) 'example_sla_dag' retrieved from /Users/aswin/Documents/data-engineering-practice/ETL_Airflow_DBT/airflow/airflow_env/lib/python3.11/site-packages/airflow/example_dags/example_sla_dag.py
[2026-04-02T06:07:10.064+0530] {logging_mixin.py:188} INFO - [2026-04-02T06:07:10.064+0530] {dag.py:3096} INFO - Sync 1 DAGs
[2026-04-02T06:07:10.075+0530] {logging_mixin.py:188} INFO - [2026-04-02T06:07:10.075+0530] {dag.py:3954} INFO - Setting next_dagrun for example_sla_dag to 2026-04-02 00:34:00+00:00, run_after=2026-04-02 00:36:00+00:00
[2026-04-02T06:07:10.082+0530] {processor.py:183} INFO - Processing /Users/aswin/Documents/data-engineering-practice/ETL_Airflow_DBT/airflow/airflow_env/lib/python3.11/site-packages/airflow/example_dags/example_sla_dag.py took 0.091 seconds
