[2026-04-02T05:38:11.502+0530] {processor.py:161} INFO - Started process (PID=21177) to work on /Users/aswin/Documents/data-engineering-practice/ETL_Airflow_DBT/airflow/airflow_env/lib/python3.11/site-packages/airflow/example_dags/example_latest_only.py
[2026-04-02T05:38:11.502+0530] {processor.py:830} INFO - Processing file /Users/aswin/Documents/data-engineering-practice/ETL_Airflow_DBT/airflow/airflow_env/lib/python3.11/site-packages/airflow/example_dags/example_latest_only.py for tasks to queue
[2026-04-02T05:38:11.503+0530] {logging_mixin.py:188} INFO - [2026-04-02T05:38:11.503+0530] {dagbag.py:540} INFO - Filling up the DagBag from /Users/aswin/Documents/data-engineering-practice/ETL_Airflow_DBT/airflow/airflow_env/lib/python3.11/site-packages/airflow/example_dags/example_latest_only.py
[2026-04-02T05:38:11.506+0530] {processor.py:840} INFO - DAG(s) 'latest_only' retrieved from /Users/aswin/Documents/data-engineering-practice/ETL_Airflow_DBT/airflow/airflow_env/lib/python3.11/site-packages/airflow/example_dags/example_latest_only.py
[2026-04-02T05:38:11.557+0530] {logging_mixin.py:188} INFO - [2026-04-02T05:38:11.557+0530] {dag.py:3096} INFO - Sync 1 DAGs
[2026-04-02T05:38:11.568+0530] {logging_mixin.py:188} INFO - [2026-04-02T05:38:11.568+0530] {dag.py:3954} INFO - Setting next_dagrun for latest_only to 2026-04-01 20:00:00+00:00, run_after=2026-04-02 00:00:00+00:00
[2026-04-02T05:38:11.578+0530] {processor.py:183} INFO - Processing /Users/aswin/Documents/data-engineering-practice/ETL_Airflow_DBT/airflow/airflow_env/lib/python3.11/site-packages/airflow/example_dags/example_latest_only.py took 0.077 seconds
[2026-04-02T05:38:42.861+0530] {processor.py:161} INFO - Started process (PID=21305) to work on /Users/aswin/Documents/data-engineering-practice/ETL_Airflow_DBT/airflow/airflow_env/lib/python3.11/site-packages/airflow/example_dags/example_latest_only.py
[2026-04-02T05:38:42.863+0530] {processor.py:830} INFO - Processing file /Users/aswin/Documents/data-engineering-practice/ETL_Airflow_DBT/airflow/airflow_env/lib/python3.11/site-packages/airflow/example_dags/example_latest_only.py for tasks to queue
[2026-04-02T05:38:42.863+0530] {logging_mixin.py:188} INFO - [2026-04-02T05:38:42.863+0530] {dagbag.py:540} INFO - Filling up the DagBag from /Users/aswin/Documents/data-engineering-practice/ETL_Airflow_DBT/airflow/airflow_env/lib/python3.11/site-packages/airflow/example_dags/example_latest_only.py
[2026-04-02T05:38:42.866+0530] {processor.py:840} INFO - DAG(s) 'latest_only' retrieved from /Users/aswin/Documents/data-engineering-practice/ETL_Airflow_DBT/airflow/airflow_env/lib/python3.11/site-packages/airflow/example_dags/example_latest_only.py
[2026-04-02T05:38:42.917+0530] {logging_mixin.py:188} INFO - [2026-04-02T05:38:42.917+0530] {dag.py:3096} INFO - Sync 1 DAGs
[2026-04-02T05:38:42.929+0530] {logging_mixin.py:188} INFO - [2026-04-02T05:38:42.929+0530] {dag.py:3954} INFO - Setting next_dagrun for latest_only to 2026-04-01 20:00:00+00:00, run_after=2026-04-02 00:00:00+00:00
[2026-04-02T05:38:42.937+0530] {processor.py:183} INFO - Processing /Users/aswin/Documents/data-engineering-practice/ETL_Airflow_DBT/airflow/airflow_env/lib/python3.11/site-packages/airflow/example_dags/example_latest_only.py took 0.077 seconds
[2026-04-02T05:39:13.968+0530] {processor.py:161} INFO - Started process (PID=21430) to work on /Users/aswin/Documents/data-engineering-practice/ETL_Airflow_DBT/airflow/airflow_env/lib/python3.11/site-packages/airflow/example_dags/example_latest_only.py
[2026-04-02T05:39:13.968+0530] {processor.py:830} INFO - Processing file /Users/aswin/Documents/data-engineering-practice/ETL_Airflow_DBT/airflow/airflow_env/lib/python3.11/site-packages/airflow/example_dags/example_latest_only.py for tasks to queue
[2026-04-02T05:39:13.968+0530] {logging_mixin.py:188} INFO - [2026-04-02T05:39:13.968+0530] {dagbag.py:540} INFO - Filling up the DagBag from /Users/aswin/Documents/data-engineering-practice/ETL_Airflow_DBT/airflow/airflow_env/lib/python3.11/site-packages/airflow/example_dags/example_latest_only.py
[2026-04-02T05:39:13.972+0530] {processor.py:840} INFO - DAG(s) 'latest_only' retrieved from /Users/aswin/Documents/data-engineering-practice/ETL_Airflow_DBT/airflow/airflow_env/lib/python3.11/site-packages/airflow/example_dags/example_latest_only.py
[2026-04-02T05:39:14.025+0530] {logging_mixin.py:188} INFO - [2026-04-02T05:39:14.025+0530] {dag.py:3096} INFO - Sync 1 DAGs
[2026-04-02T05:39:14.035+0530] {logging_mixin.py:188} INFO - [2026-04-02T05:39:14.035+0530] {dag.py:3954} INFO - Setting next_dagrun for latest_only to 2026-04-01 20:00:00+00:00, run_after=2026-04-02 00:00:00+00:00
[2026-04-02T05:39:14.043+0530] {processor.py:183} INFO - Processing /Users/aswin/Documents/data-engineering-practice/ETL_Airflow_DBT/airflow/airflow_env/lib/python3.11/site-packages/airflow/example_dags/example_latest_only.py took 0.077 seconds
[2026-04-02T05:39:45.247+0530] {processor.py:161} INFO - Started process (PID=21556) to work on /Users/aswin/Documents/data-engineering-practice/ETL_Airflow_DBT/airflow/airflow_env/lib/python3.11/site-packages/airflow/example_dags/example_latest_only.py
[2026-04-02T05:39:45.247+0530] {processor.py:830} INFO - Processing file /Users/aswin/Documents/data-engineering-practice/ETL_Airflow_DBT/airflow/airflow_env/lib/python3.11/site-packages/airflow/example_dags/example_latest_only.py for tasks to queue
[2026-04-02T05:39:45.247+0530] {logging_mixin.py:188} INFO - [2026-04-02T05:39:45.247+0530] {dagbag.py:540} INFO - Filling up the DagBag from /Users/aswin/Documents/data-engineering-practice/ETL_Airflow_DBT/airflow/airflow_env/lib/python3.11/site-packages/airflow/example_dags/example_latest_only.py
[2026-04-02T05:39:45.250+0530] {processor.py:840} INFO - DAG(s) 'latest_only' retrieved from /Users/aswin/Documents/data-engineering-practice/ETL_Airflow_DBT/airflow/airflow_env/lib/python3.11/site-packages/airflow/example_dags/example_latest_only.py
[2026-04-02T05:39:45.302+0530] {logging_mixin.py:188} INFO - [2026-04-02T05:39:45.302+0530] {dag.py:3096} INFO - Sync 1 DAGs
[2026-04-02T05:39:45.313+0530] {logging_mixin.py:188} INFO - [2026-04-02T05:39:45.313+0530] {dag.py:3954} INFO - Setting next_dagrun for latest_only to 2026-04-01 20:00:00+00:00, run_after=2026-04-02 00:00:00+00:00
[2026-04-02T05:39:45.322+0530] {processor.py:183} INFO - Processing /Users/aswin/Documents/data-engineering-practice/ETL_Airflow_DBT/airflow/airflow_env/lib/python3.11/site-packages/airflow/example_dags/example_latest_only.py took 0.077 seconds
[2026-04-02T05:40:16.377+0530] {processor.py:161} INFO - Started process (PID=21682) to work on /Users/aswin/Documents/data-engineering-practice/ETL_Airflow_DBT/airflow/airflow_env/lib/python3.11/site-packages/airflow/example_dags/example_latest_only.py
[2026-04-02T05:40:16.378+0530] {processor.py:830} INFO - Processing file /Users/aswin/Documents/data-engineering-practice/ETL_Airflow_DBT/airflow/airflow_env/lib/python3.11/site-packages/airflow/example_dags/example_latest_only.py for tasks to queue
[2026-04-02T05:40:16.378+0530] {logging_mixin.py:188} INFO - [2026-04-02T05:40:16.378+0530] {dagbag.py:540} INFO - Filling up the DagBag from /Users/aswin/Documents/data-engineering-practice/ETL_Airflow_DBT/airflow/airflow_env/lib/python3.11/site-packages/airflow/example_dags/example_latest_only.py
[2026-04-02T05:40:16.381+0530] {processor.py:840} INFO - DAG(s) 'latest_only' retrieved from /Users/aswin/Documents/data-engineering-practice/ETL_Airflow_DBT/airflow/airflow_env/lib/python3.11/site-packages/airflow/example_dags/example_latest_only.py
[2026-04-02T05:40:16.434+0530] {logging_mixin.py:188} INFO - [2026-04-02T05:40:16.434+0530] {dag.py:3096} INFO - Sync 1 DAGs
[2026-04-02T05:40:16.446+0530] {logging_mixin.py:188} INFO - [2026-04-02T05:40:16.446+0530] {dag.py:3954} INFO - Setting next_dagrun for latest_only to 2026-04-01 20:00:00+00:00, run_after=2026-04-02 00:00:00+00:00
[2026-04-02T05:40:16.456+0530] {processor.py:183} INFO - Processing /Users/aswin/Documents/data-engineering-practice/ETL_Airflow_DBT/airflow/airflow_env/lib/python3.11/site-packages/airflow/example_dags/example_latest_only.py took 0.080 seconds
[2026-04-02T05:40:47.413+0530] {processor.py:161} INFO - Started process (PID=21817) to work on /Users/aswin/Documents/data-engineering-practice/ETL_Airflow_DBT/airflow/airflow_env/lib/python3.11/site-packages/airflow/example_dags/example_latest_only.py
[2026-04-02T05:40:47.414+0530] {processor.py:830} INFO - Processing file /Users/aswin/Documents/data-engineering-practice/ETL_Airflow_DBT/airflow/airflow_env/lib/python3.11/site-packages/airflow/example_dags/example_latest_only.py for tasks to queue
[2026-04-02T05:40:47.414+0530] {logging_mixin.py:188} INFO - [2026-04-02T05:40:47.414+0530] {dagbag.py:540} INFO - Filling up the DagBag from /Users/aswin/Documents/data-engineering-practice/ETL_Airflow_DBT/airflow/airflow_env/lib/python3.11/site-packages/airflow/example_dags/example_latest_only.py
[2026-04-02T05:40:47.417+0530] {processor.py:840} INFO - DAG(s) 'latest_only' retrieved from /Users/aswin/Documents/data-engineering-practice/ETL_Airflow_DBT/airflow/airflow_env/lib/python3.11/site-packages/airflow/example_dags/example_latest_only.py
[2026-04-02T05:40:47.471+0530] {logging_mixin.py:188} INFO - [2026-04-02T05:40:47.471+0530] {dag.py:3096} INFO - Sync 1 DAGs
[2026-04-02T05:40:47.482+0530] {logging_mixin.py:188} INFO - [2026-04-02T05:40:47.482+0530] {dag.py:3954} INFO - Setting next_dagrun for latest_only to 2026-04-01 20:00:00+00:00, run_after=2026-04-02 00:00:00+00:00
[2026-04-02T05:40:47.491+0530] {processor.py:183} INFO - Processing /Users/aswin/Documents/data-engineering-practice/ETL_Airflow_DBT/airflow/airflow_env/lib/python3.11/site-packages/airflow/example_dags/example_latest_only.py took 0.079 seconds
[2026-04-02T05:41:18.587+0530] {processor.py:161} INFO - Started process (PID=21942) to work on /Users/aswin/Documents/data-engineering-practice/ETL_Airflow_DBT/airflow/airflow_env/lib/python3.11/site-packages/airflow/example_dags/example_latest_only.py
[2026-04-02T05:41:18.588+0530] {processor.py:830} INFO - Processing file /Users/aswin/Documents/data-engineering-practice/ETL_Airflow_DBT/airflow/airflow_env/lib/python3.11/site-packages/airflow/example_dags/example_latest_only.py for tasks to queue
[2026-04-02T05:41:18.588+0530] {logging_mixin.py:188} INFO - [2026-04-02T05:41:18.588+0530] {dagbag.py:540} INFO - Filling up the DagBag from /Users/aswin/Documents/data-engineering-practice/ETL_Airflow_DBT/airflow/airflow_env/lib/python3.11/site-packages/airflow/example_dags/example_latest_only.py
[2026-04-02T05:41:18.591+0530] {processor.py:840} INFO - DAG(s) 'latest_only' retrieved from /Users/aswin/Documents/data-engineering-practice/ETL_Airflow_DBT/airflow/airflow_env/lib/python3.11/site-packages/airflow/example_dags/example_latest_only.py
[2026-04-02T05:41:18.645+0530] {logging_mixin.py:188} INFO - [2026-04-02T05:41:18.644+0530] {dag.py:3096} INFO - Sync 1 DAGs
[2026-04-02T05:41:18.657+0530] {logging_mixin.py:188} INFO - [2026-04-02T05:41:18.657+0530] {dag.py:3954} INFO - Setting next_dagrun for latest_only to 2026-04-01 20:00:00+00:00, run_after=2026-04-02 00:00:00+00:00
[2026-04-02T05:41:18.665+0530] {processor.py:183} INFO - Processing /Users/aswin/Documents/data-engineering-practice/ETL_Airflow_DBT/airflow/airflow_env/lib/python3.11/site-packages/airflow/example_dags/example_latest_only.py took 0.079 seconds
[2026-04-02T05:41:49.948+0530] {processor.py:161} INFO - Started process (PID=22070) to work on /Users/aswin/Documents/data-engineering-practice/ETL_Airflow_DBT/airflow/airflow_env/lib/python3.11/site-packages/airflow/example_dags/example_latest_only.py
[2026-04-02T05:41:49.948+0530] {processor.py:830} INFO - Processing file /Users/aswin/Documents/data-engineering-practice/ETL_Airflow_DBT/airflow/airflow_env/lib/python3.11/site-packages/airflow/example_dags/example_latest_only.py for tasks to queue
[2026-04-02T05:41:49.949+0530] {logging_mixin.py:188} INFO - [2026-04-02T05:41:49.949+0530] {dagbag.py:540} INFO - Filling up the DagBag from /Users/aswin/Documents/data-engineering-practice/ETL_Airflow_DBT/airflow/airflow_env/lib/python3.11/site-packages/airflow/example_dags/example_latest_only.py
[2026-04-02T05:41:49.951+0530] {processor.py:840} INFO - DAG(s) 'latest_only' retrieved from /Users/aswin/Documents/data-engineering-practice/ETL_Airflow_DBT/airflow/airflow_env/lib/python3.11/site-packages/airflow/example_dags/example_latest_only.py
[2026-04-02T05:41:50.005+0530] {logging_mixin.py:188} INFO - [2026-04-02T05:41:50.005+0530] {dag.py:3096} INFO - Sync 1 DAGs
[2026-04-02T05:41:50.017+0530] {logging_mixin.py:188} INFO - [2026-04-02T05:41:50.017+0530] {dag.py:3954} INFO - Setting next_dagrun for latest_only to 2026-04-01 20:00:00+00:00, run_after=2026-04-02 00:00:00+00:00
[2026-04-02T05:41:50.026+0530] {processor.py:183} INFO - Processing /Users/aswin/Documents/data-engineering-practice/ETL_Airflow_DBT/airflow/airflow_env/lib/python3.11/site-packages/airflow/example_dags/example_latest_only.py took 0.079 seconds
[2026-04-02T05:42:21.161+0530] {processor.py:161} INFO - Started process (PID=22200) to work on /Users/aswin/Documents/data-engineering-practice/ETL_Airflow_DBT/airflow/airflow_env/lib/python3.11/site-packages/airflow/example_dags/example_latest_only.py
[2026-04-02T05:42:21.162+0530] {processor.py:830} INFO - Processing file /Users/aswin/Documents/data-engineering-practice/ETL_Airflow_DBT/airflow/airflow_env/lib/python3.11/site-packages/airflow/example_dags/example_latest_only.py for tasks to queue
[2026-04-02T05:42:21.163+0530] {logging_mixin.py:188} INFO - [2026-04-02T05:42:21.162+0530] {dagbag.py:540} INFO - Filling up the DagBag from /Users/aswin/Documents/data-engineering-practice/ETL_Airflow_DBT/airflow/airflow_env/lib/python3.11/site-packages/airflow/example_dags/example_latest_only.py
[2026-04-02T05:42:21.165+0530] {processor.py:840} INFO - DAG(s) 'latest_only' retrieved from /Users/aswin/Documents/data-engineering-practice/ETL_Airflow_DBT/airflow/airflow_env/lib/python3.11/site-packages/airflow/example_dags/example_latest_only.py
[2026-04-02T05:42:21.217+0530] {logging_mixin.py:188} INFO - [2026-04-02T05:42:21.217+0530] {dag.py:3096} INFO - Sync 1 DAGs
[2026-04-02T05:42:21.229+0530] {logging_mixin.py:188} INFO - [2026-04-02T05:42:21.229+0530] {dag.py:3954} INFO - Setting next_dagrun for latest_only to 2026-04-01 20:00:00+00:00, run_after=2026-04-02 00:00:00+00:00
[2026-04-02T05:42:21.238+0530] {processor.py:183} INFO - Processing /Users/aswin/Documents/data-engineering-practice/ETL_Airflow_DBT/airflow/airflow_env/lib/python3.11/site-packages/airflow/example_dags/example_latest_only.py took 0.078 seconds
[2026-04-02T05:42:52.756+0530] {processor.py:161} INFO - Started process (PID=22329) to work on /Users/aswin/Documents/data-engineering-practice/ETL_Airflow_DBT/airflow/airflow_env/lib/python3.11/site-packages/airflow/example_dags/example_latest_only.py
[2026-04-02T05:42:52.756+0530] {processor.py:830} INFO - Processing file /Users/aswin/Documents/data-engineering-practice/ETL_Airflow_DBT/airflow/airflow_env/lib/python3.11/site-packages/airflow/example_dags/example_latest_only.py for tasks to queue
[2026-04-02T05:42:52.757+0530] {logging_mixin.py:188} INFO - [2026-04-02T05:42:52.756+0530] {dagbag.py:540} INFO - Filling up the DagBag from /Users/aswin/Documents/data-engineering-practice/ETL_Airflow_DBT/airflow/airflow_env/lib/python3.11/site-packages/airflow/example_dags/example_latest_only.py
[2026-04-02T05:42:52.760+0530] {processor.py:840} INFO - DAG(s) 'latest_only' retrieved from /Users/aswin/Documents/data-engineering-practice/ETL_Airflow_DBT/airflow/airflow_env/lib/python3.11/site-packages/airflow/example_dags/example_latest_only.py
[2026-04-02T05:42:52.811+0530] {logging_mixin.py:188} INFO - [2026-04-02T05:42:52.811+0530] {dag.py:3096} INFO - Sync 1 DAGs
[2026-04-02T05:42:52.822+0530] {logging_mixin.py:188} INFO - [2026-04-02T05:42:52.822+0530] {dag.py:3954} INFO - Setting next_dagrun for latest_only to 2026-04-01 20:00:00+00:00, run_after=2026-04-02 00:00:00+00:00
[2026-04-02T05:42:52.831+0530] {processor.py:183} INFO - Processing /Users/aswin/Documents/data-engineering-practice/ETL_Airflow_DBT/airflow/airflow_env/lib/python3.11/site-packages/airflow/example_dags/example_latest_only.py took 0.077 seconds
[2026-04-02T05:43:24.357+0530] {processor.py:161} INFO - Started process (PID=22455) to work on /Users/aswin/Documents/data-engineering-practice/ETL_Airflow_DBT/airflow/airflow_env/lib/python3.11/site-packages/airflow/example_dags/example_latest_only.py
[2026-04-02T05:43:24.358+0530] {processor.py:830} INFO - Processing file /Users/aswin/Documents/data-engineering-practice/ETL_Airflow_DBT/airflow/airflow_env/lib/python3.11/site-packages/airflow/example_dags/example_latest_only.py for tasks to queue
[2026-04-02T05:43:24.358+0530] {logging_mixin.py:188} INFO - [2026-04-02T05:43:24.358+0530] {dagbag.py:540} INFO - Filling up the DagBag from /Users/aswin/Documents/data-engineering-practice/ETL_Airflow_DBT/airflow/airflow_env/lib/python3.11/site-packages/airflow/example_dags/example_latest_only.py
[2026-04-02T05:43:24.361+0530] {processor.py:840} INFO - DAG(s) 'latest_only' retrieved from /Users/aswin/Documents/data-engineering-practice/ETL_Airflow_DBT/airflow/airflow_env/lib/python3.11/site-packages/airflow/example_dags/example_latest_only.py
[2026-04-02T05:43:24.414+0530] {logging_mixin.py:188} INFO - [2026-04-02T05:43:24.414+0530] {dag.py:3096} INFO - Sync 1 DAGs
[2026-04-02T05:43:24.424+0530] {logging_mixin.py:188} INFO - [2026-04-02T05:43:24.424+0530] {dag.py:3954} INFO - Setting next_dagrun for latest_only to 2026-04-01 20:00:00+00:00, run_after=2026-04-02 00:00:00+00:00
[2026-04-02T05:43:24.432+0530] {processor.py:183} INFO - Processing /Users/aswin/Documents/data-engineering-practice/ETL_Airflow_DBT/airflow/airflow_env/lib/python3.11/site-packages/airflow/example_dags/example_latest_only.py took 0.076 seconds
[2026-04-02T05:43:55.324+0530] {processor.py:161} INFO - Started process (PID=22597) to work on /Users/aswin/Documents/data-engineering-practice/ETL_Airflow_DBT/airflow/airflow_env/lib/python3.11/site-packages/airflow/example_dags/example_latest_only.py
[2026-04-02T05:43:55.325+0530] {processor.py:830} INFO - Processing file /Users/aswin/Documents/data-engineering-practice/ETL_Airflow_DBT/airflow/airflow_env/lib/python3.11/site-packages/airflow/example_dags/example_latest_only.py for tasks to queue
[2026-04-02T05:43:55.325+0530] {logging_mixin.py:188} INFO - [2026-04-02T05:43:55.325+0530] {dagbag.py:540} INFO - Filling up the DagBag from /Users/aswin/Documents/data-engineering-practice/ETL_Airflow_DBT/airflow/airflow_env/lib/python3.11/site-packages/airflow/example_dags/example_latest_only.py
[2026-04-02T05:43:55.328+0530] {processor.py:840} INFO - DAG(s) 'latest_only' retrieved from /Users/aswin/Documents/data-engineering-practice/ETL_Airflow_DBT/airflow/airflow_env/lib/python3.11/site-packages/airflow/example_dags/example_latest_only.py
[2026-04-02T05:43:55.378+0530] {logging_mixin.py:188} INFO - [2026-04-02T05:43:55.378+0530] {dag.py:3096} INFO - Sync 1 DAGs
[2026-04-02T05:43:55.388+0530] {logging_mixin.py:188} INFO - [2026-04-02T05:43:55.388+0530] {dag.py:3954} INFO - Setting next_dagrun for latest_only to 2026-04-01 20:00:00+00:00, run_after=2026-04-02 00:00:00+00:00
[2026-04-02T05:43:55.396+0530] {processor.py:183} INFO - Processing /Users/aswin/Documents/data-engineering-practice/ETL_Airflow_DBT/airflow/airflow_env/lib/python3.11/site-packages/airflow/example_dags/example_latest_only.py took 0.074 seconds
[2026-04-02T05:44:26.195+0530] {processor.py:161} INFO - Started process (PID=22723) to work on /Users/aswin/Documents/data-engineering-practice/ETL_Airflow_DBT/airflow/airflow_env/lib/python3.11/site-packages/airflow/example_dags/example_latest_only.py
[2026-04-02T05:44:26.196+0530] {processor.py:830} INFO - Processing file /Users/aswin/Documents/data-engineering-practice/ETL_Airflow_DBT/airflow/airflow_env/lib/python3.11/site-packages/airflow/example_dags/example_latest_only.py for tasks to queue
[2026-04-02T05:44:26.196+0530] {logging_mixin.py:188} INFO - [2026-04-02T05:44:26.196+0530] {dagbag.py:540} INFO - Filling up the DagBag from /Users/aswin/Documents/data-engineering-practice/ETL_Airflow_DBT/airflow/airflow_env/lib/python3.11/site-packages/airflow/example_dags/example_latest_only.py
[2026-04-02T05:44:26.199+0530] {processor.py:840} INFO - DAG(s) 'latest_only' retrieved from /Users/aswin/Documents/data-engineering-practice/ETL_Airflow_DBT/airflow/airflow_env/lib/python3.11/site-packages/airflow/example_dags/example_latest_only.py
[2026-04-02T05:44:26.250+0530] {logging_mixin.py:188} INFO - [2026-04-02T05:44:26.250+0530] {dag.py:3096} INFO - Sync 1 DAGs
[2026-04-02T05:44:26.261+0530] {logging_mixin.py:188} INFO - [2026-04-02T05:44:26.261+0530] {dag.py:3954} INFO - Setting next_dagrun for latest_only to 2026-04-01 20:00:00+00:00, run_after=2026-04-02 00:00:00+00:00
[2026-04-02T05:44:26.270+0530] {processor.py:183} INFO - Processing /Users/aswin/Documents/data-engineering-practice/ETL_Airflow_DBT/airflow/airflow_env/lib/python3.11/site-packages/airflow/example_dags/example_latest_only.py took 0.076 seconds
[2026-04-02T05:44:57.155+0530] {processor.py:161} INFO - Started process (PID=22851) to work on /Users/aswin/Documents/data-engineering-practice/ETL_Airflow_DBT/airflow/airflow_env/lib/python3.11/site-packages/airflow/example_dags/example_latest_only.py
[2026-04-02T05:44:57.156+0530] {processor.py:830} INFO - Processing file /Users/aswin/Documents/data-engineering-practice/ETL_Airflow_DBT/airflow/airflow_env/lib/python3.11/site-packages/airflow/example_dags/example_latest_only.py for tasks to queue
[2026-04-02T05:44:57.156+0530] {logging_mixin.py:188} INFO - [2026-04-02T05:44:57.156+0530] {dagbag.py:540} INFO - Filling up the DagBag from /Users/aswin/Documents/data-engineering-practice/ETL_Airflow_DBT/airflow/airflow_env/lib/python3.11/site-packages/airflow/example_dags/example_latest_only.py
[2026-04-02T05:44:57.159+0530] {processor.py:840} INFO - DAG(s) 'latest_only' retrieved from /Users/aswin/Documents/data-engineering-practice/ETL_Airflow_DBT/airflow/airflow_env/lib/python3.11/site-packages/airflow/example_dags/example_latest_only.py
[2026-04-02T05:44:57.210+0530] {logging_mixin.py:188} INFO - [2026-04-02T05:44:57.210+0530] {dag.py:3096} INFO - Sync 1 DAGs
[2026-04-02T05:44:57.221+0530] {logging_mixin.py:188} INFO - [2026-04-02T05:44:57.221+0530] {dag.py:3954} INFO - Setting next_dagrun for latest_only to 2026-04-01 20:00:00+00:00, run_after=2026-04-02 00:00:00+00:00
[2026-04-02T05:44:57.229+0530] {processor.py:183} INFO - Processing /Users/aswin/Documents/data-engineering-practice/ETL_Airflow_DBT/airflow/airflow_env/lib/python3.11/site-packages/airflow/example_dags/example_latest_only.py took 0.075 seconds
[2026-04-02T05:45:28.855+0530] {processor.py:161} INFO - Started process (PID=22972) to work on /Users/aswin/Documents/data-engineering-practice/ETL_Airflow_DBT/airflow/airflow_env/lib/python3.11/site-packages/airflow/example_dags/example_latest_only.py
[2026-04-02T05:45:28.856+0530] {processor.py:830} INFO - Processing file /Users/aswin/Documents/data-engineering-practice/ETL_Airflow_DBT/airflow/airflow_env/lib/python3.11/site-packages/airflow/example_dags/example_latest_only.py for tasks to queue
[2026-04-02T05:45:28.856+0530] {logging_mixin.py:188} INFO - [2026-04-02T05:45:28.856+0530] {dagbag.py:540} INFO - Filling up the DagBag from /Users/aswin/Documents/data-engineering-practice/ETL_Airflow_DBT/airflow/airflow_env/lib/python3.11/site-packages/airflow/example_dags/example_latest_only.py
[2026-04-02T05:45:28.859+0530] {processor.py:840} INFO - DAG(s) 'latest_only' retrieved from /Users/aswin/Documents/data-engineering-practice/ETL_Airflow_DBT/airflow/airflow_env/lib/python3.11/site-packages/airflow/example_dags/example_latest_only.py
[2026-04-02T05:45:28.914+0530] {logging_mixin.py:188} INFO - [2026-04-02T05:45:28.913+0530] {dag.py:3096} INFO - Sync 1 DAGs
[2026-04-02T05:45:28.923+0530] {logging_mixin.py:188} INFO - [2026-04-02T05:45:28.923+0530] {dag.py:3954} INFO - Setting next_dagrun for latest_only to 2026-04-01 20:00:00+00:00, run_after=2026-04-02 00:00:00+00:00
[2026-04-02T05:45:28.934+0530] {processor.py:183} INFO - Processing /Users/aswin/Documents/data-engineering-practice/ETL_Airflow_DBT/airflow/airflow_env/lib/python3.11/site-packages/airflow/example_dags/example_latest_only.py took 0.080 seconds
[2026-04-02T05:45:59.875+0530] {processor.py:161} INFO - Started process (PID=23084) to work on /Users/aswin/Documents/data-engineering-practice/ETL_Airflow_DBT/airflow/airflow_env/lib/python3.11/site-packages/airflow/example_dags/example_latest_only.py
[2026-04-02T05:45:59.876+0530] {processor.py:830} INFO - Processing file /Users/aswin/Documents/data-engineering-practice/ETL_Airflow_DBT/airflow/airflow_env/lib/python3.11/site-packages/airflow/example_dags/example_latest_only.py for tasks to queue
[2026-04-02T05:45:59.876+0530] {logging_mixin.py:188} INFO - [2026-04-02T05:45:59.876+0530] {dagbag.py:540} INFO - Filling up the DagBag from /Users/aswin/Documents/data-engineering-practice/ETL_Airflow_DBT/airflow/airflow_env/lib/python3.11/site-packages/airflow/example_dags/example_latest_only.py
[2026-04-02T05:45:59.879+0530] {processor.py:840} INFO - DAG(s) 'latest_only' retrieved from /Users/aswin/Documents/data-engineering-practice/ETL_Airflow_DBT/airflow/airflow_env/lib/python3.11/site-packages/airflow/example_dags/example_latest_only.py
[2026-04-02T05:45:59.933+0530] {logging_mixin.py:188} INFO - [2026-04-02T05:45:59.933+0530] {dag.py:3096} INFO - Sync 1 DAGs
[2026-04-02T05:45:59.945+0530] {logging_mixin.py:188} INFO - [2026-04-02T05:45:59.944+0530] {dag.py:3954} INFO - Setting next_dagrun for latest_only to 2026-04-01 20:00:00+00:00, run_after=2026-04-02 00:00:00+00:00
[2026-04-02T05:45:59.953+0530] {processor.py:183} INFO - Processing /Users/aswin/Documents/data-engineering-practice/ETL_Airflow_DBT/airflow/airflow_env/lib/python3.11/site-packages/airflow/example_dags/example_latest_only.py took 0.079 seconds
[2026-04-02T05:46:31.303+0530] {processor.py:161} INFO - Started process (PID=23202) to work on /Users/aswin/Documents/data-engineering-practice/ETL_Airflow_DBT/airflow/airflow_env/lib/python3.11/site-packages/airflow/example_dags/example_latest_only.py
[2026-04-02T05:46:31.304+0530] {processor.py:830} INFO - Processing file /Users/aswin/Documents/data-engineering-practice/ETL_Airflow_DBT/airflow/airflow_env/lib/python3.11/site-packages/airflow/example_dags/example_latest_only.py for tasks to queue
[2026-04-02T05:46:31.304+0530] {logging_mixin.py:188} INFO - [2026-04-02T05:46:31.304+0530] {dagbag.py:540} INFO - Filling up the DagBag from /Users/aswin/Documents/data-engineering-practice/ETL_Airflow_DBT/airflow/airflow_env/lib/python3.11/site-packages/airflow/example_dags/example_latest_only.py
[2026-04-02T05:46:31.307+0530] {processor.py:840} INFO - DAG(s) 'latest_only' retrieved from /Users/aswin/Documents/data-engineering-practice/ETL_Airflow_DBT/airflow/airflow_env/lib/python3.11/site-packages/airflow/example_dags/example_latest_only.py
[2026-04-02T05:46:31.359+0530] {logging_mixin.py:188} INFO - [2026-04-02T05:46:31.358+0530] {dag.py:3096} INFO - Sync 1 DAGs
[2026-04-02T05:46:31.368+0530] {logging_mixin.py:188} INFO - [2026-04-02T05:46:31.368+0530] {dag.py:3954} INFO - Setting next_dagrun for latest_only to 2026-04-01 20:00:00+00:00, run_after=2026-04-02 00:00:00+00:00
[2026-04-02T05:46:31.378+0530] {processor.py:183} INFO - Processing /Users/aswin/Documents/data-engineering-practice/ETL_Airflow_DBT/airflow/airflow_env/lib/python3.11/site-packages/airflow/example_dags/example_latest_only.py took 0.076 seconds
[2026-04-02T05:47:02.549+0530] {processor.py:161} INFO - Started process (PID=23315) to work on /Users/aswin/Documents/data-engineering-practice/ETL_Airflow_DBT/airflow/airflow_env/lib/python3.11/site-packages/airflow/example_dags/example_latest_only.py
[2026-04-02T05:47:02.549+0530] {processor.py:830} INFO - Processing file /Users/aswin/Documents/data-engineering-practice/ETL_Airflow_DBT/airflow/airflow_env/lib/python3.11/site-packages/airflow/example_dags/example_latest_only.py for tasks to queue
[2026-04-02T05:47:02.550+0530] {logging_mixin.py:188} INFO - [2026-04-02T05:47:02.550+0530] {dagbag.py:540} INFO - Filling up the DagBag from /Users/aswin/Documents/data-engineering-practice/ETL_Airflow_DBT/airflow/airflow_env/lib/python3.11/site-packages/airflow/example_dags/example_latest_only.py
[2026-04-02T05:47:02.553+0530] {processor.py:840} INFO - DAG(s) 'latest_only' retrieved from /Users/aswin/Documents/data-engineering-practice/ETL_Airflow_DBT/airflow/airflow_env/lib/python3.11/site-packages/airflow/example_dags/example_latest_only.py
[2026-04-02T05:47:02.611+0530] {logging_mixin.py:188} INFO - [2026-04-02T05:47:02.611+0530] {dag.py:3096} INFO - Sync 1 DAGs
[2026-04-02T05:47:02.623+0530] {logging_mixin.py:188} INFO - [2026-04-02T05:47:02.623+0530] {dag.py:3954} INFO - Setting next_dagrun for latest_only to 2026-04-01 20:00:00+00:00, run_after=2026-04-02 00:00:00+00:00
[2026-04-02T05:47:02.631+0530] {processor.py:183} INFO - Processing /Users/aswin/Documents/data-engineering-practice/ETL_Airflow_DBT/airflow/airflow_env/lib/python3.11/site-packages/airflow/example_dags/example_latest_only.py took 0.083 seconds
[2026-04-02T05:47:34.302+0530] {processor.py:161} INFO - Started process (PID=23429) to work on /Users/aswin/Documents/data-engineering-practice/ETL_Airflow_DBT/airflow/airflow_env/lib/python3.11/site-packages/airflow/example_dags/example_latest_only.py
[2026-04-02T05:47:34.303+0530] {processor.py:830} INFO - Processing file /Users/aswin/Documents/data-engineering-practice/ETL_Airflow_DBT/airflow/airflow_env/lib/python3.11/site-packages/airflow/example_dags/example_latest_only.py for tasks to queue
[2026-04-02T05:47:34.303+0530] {logging_mixin.py:188} INFO - [2026-04-02T05:47:34.303+0530] {dagbag.py:540} INFO - Filling up the DagBag from /Users/aswin/Documents/data-engineering-practice/ETL_Airflow_DBT/airflow/airflow_env/lib/python3.11/site-packages/airflow/example_dags/example_latest_only.py
[2026-04-02T05:47:34.307+0530] {processor.py:840} INFO - DAG(s) 'latest_only' retrieved from /Users/aswin/Documents/data-engineering-practice/ETL_Airflow_DBT/airflow/airflow_env/lib/python3.11/site-packages/airflow/example_dags/example_latest_only.py
[2026-04-02T05:47:34.361+0530] {logging_mixin.py:188} INFO - [2026-04-02T05:47:34.361+0530] {dag.py:3096} INFO - Sync 1 DAGs
[2026-04-02T05:47:34.371+0530] {logging_mixin.py:188} INFO - [2026-04-02T05:47:34.371+0530] {dag.py:3954} INFO - Setting next_dagrun for latest_only to 2026-04-01 20:00:00+00:00, run_after=2026-04-02 00:00:00+00:00
[2026-04-02T05:47:34.379+0530] {processor.py:183} INFO - Processing /Users/aswin/Documents/data-engineering-practice/ETL_Airflow_DBT/airflow/airflow_env/lib/python3.11/site-packages/airflow/example_dags/example_latest_only.py took 0.079 seconds
[2026-04-02T05:48:05.174+0530] {processor.py:161} INFO - Started process (PID=23545) to work on /Users/aswin/Documents/data-engineering-practice/ETL_Airflow_DBT/airflow/airflow_env/lib/python3.11/site-packages/airflow/example_dags/example_latest_only.py
[2026-04-02T05:48:05.175+0530] {processor.py:830} INFO - Processing file /Users/aswin/Documents/data-engineering-practice/ETL_Airflow_DBT/airflow/airflow_env/lib/python3.11/site-packages/airflow/example_dags/example_latest_only.py for tasks to queue
[2026-04-02T05:48:05.175+0530] {logging_mixin.py:188} INFO - [2026-04-02T05:48:05.175+0530] {dagbag.py:540} INFO - Filling up the DagBag from /Users/aswin/Documents/data-engineering-practice/ETL_Airflow_DBT/airflow/airflow_env/lib/python3.11/site-packages/airflow/example_dags/example_latest_only.py
[2026-04-02T05:48:05.178+0530] {processor.py:840} INFO - DAG(s) 'latest_only' retrieved from /Users/aswin/Documents/data-engineering-practice/ETL_Airflow_DBT/airflow/airflow_env/lib/python3.11/site-packages/airflow/example_dags/example_latest_only.py
[2026-04-02T05:48:05.248+0530] {logging_mixin.py:188} INFO - [2026-04-02T05:48:05.248+0530] {dag.py:3096} INFO - Sync 1 DAGs
[2026-04-02T05:48:05.259+0530] {logging_mixin.py:188} INFO - [2026-04-02T05:48:05.259+0530] {dag.py:3954} INFO - Setting next_dagrun for latest_only to 2026-04-01 20:00:00+00:00, run_after=2026-04-02 00:00:00+00:00
[2026-04-02T05:48:05.270+0530] {processor.py:183} INFO - Processing /Users/aswin/Documents/data-engineering-practice/ETL_Airflow_DBT/airflow/airflow_env/lib/python3.11/site-packages/airflow/example_dags/example_latest_only.py took 0.097 seconds
[2026-04-02T05:48:36.184+0530] {processor.py:161} INFO - Started process (PID=23657) to work on /Users/aswin/Documents/data-engineering-practice/ETL_Airflow_DBT/airflow/airflow_env/lib/python3.11/site-packages/airflow/example_dags/example_latest_only.py
[2026-04-02T05:48:36.185+0530] {processor.py:830} INFO - Processing file /Users/aswin/Documents/data-engineering-practice/ETL_Airflow_DBT/airflow/airflow_env/lib/python3.11/site-packages/airflow/example_dags/example_latest_only.py for tasks to queue
[2026-04-02T05:48:36.185+0530] {logging_mixin.py:188} INFO - [2026-04-02T05:48:36.185+0530] {dagbag.py:540} INFO - Filling up the DagBag from /Users/aswin/Documents/data-engineering-practice/ETL_Airflow_DBT/airflow/airflow_env/lib/python3.11/site-packages/airflow/example_dags/example_latest_only.py
[2026-04-02T05:48:36.188+0530] {processor.py:840} INFO - DAG(s) 'latest_only' retrieved from /Users/aswin/Documents/data-engineering-practice/ETL_Airflow_DBT/airflow/airflow_env/lib/python3.11/site-packages/airflow/example_dags/example_latest_only.py
[2026-04-02T05:48:36.238+0530] {logging_mixin.py:188} INFO - [2026-04-02T05:48:36.238+0530] {dag.py:3096} INFO - Sync 1 DAGs
[2026-04-02T05:48:36.250+0530] {logging_mixin.py:188} INFO - [2026-04-02T05:48:36.250+0530] {dag.py:3954} INFO - Setting next_dagrun for latest_only to 2026-04-01 20:00:00+00:00, run_after=2026-04-02 00:00:00+00:00
[2026-04-02T05:48:36.259+0530] {processor.py:183} INFO - Processing /Users/aswin/Documents/data-engineering-practice/ETL_Airflow_DBT/airflow/airflow_env/lib/python3.11/site-packages/airflow/example_dags/example_latest_only.py took 0.076 seconds
[2026-04-02T05:49:07.467+0530] {processor.py:161} INFO - Started process (PID=23773) to work on /Users/aswin/Documents/data-engineering-practice/ETL_Airflow_DBT/airflow/airflow_env/lib/python3.11/site-packages/airflow/example_dags/example_latest_only.py
[2026-04-02T05:49:07.467+0530] {processor.py:830} INFO - Processing file /Users/aswin/Documents/data-engineering-practice/ETL_Airflow_DBT/airflow/airflow_env/lib/python3.11/site-packages/airflow/example_dags/example_latest_only.py for tasks to queue
[2026-04-02T05:49:07.467+0530] {logging_mixin.py:188} INFO - [2026-04-02T05:49:07.467+0530] {dagbag.py:540} INFO - Filling up the DagBag from /Users/aswin/Documents/data-engineering-practice/ETL_Airflow_DBT/airflow/airflow_env/lib/python3.11/site-packages/airflow/example_dags/example_latest_only.py
[2026-04-02T05:49:07.471+0530] {processor.py:840} INFO - DAG(s) 'latest_only' retrieved from /Users/aswin/Documents/data-engineering-practice/ETL_Airflow_DBT/airflow/airflow_env/lib/python3.11/site-packages/airflow/example_dags/example_latest_only.py
[2026-04-02T05:49:07.530+0530] {logging_mixin.py:188} INFO - [2026-04-02T05:49:07.530+0530] {dag.py:3096} INFO - Sync 1 DAGs
[2026-04-02T05:49:07.543+0530] {logging_mixin.py:188} INFO - [2026-04-02T05:49:07.543+0530] {dag.py:3954} INFO - Setting next_dagrun for latest_only to 2026-04-01 20:00:00+00:00, run_after=2026-04-02 00:00:00+00:00
[2026-04-02T05:49:07.553+0530] {processor.py:183} INFO - Processing /Users/aswin/Documents/data-engineering-practice/ETL_Airflow_DBT/airflow/airflow_env/lib/python3.11/site-packages/airflow/example_dags/example_latest_only.py took 0.088 seconds
[2026-04-02T05:49:38.910+0530] {processor.py:161} INFO - Started process (PID=23908) to work on /Users/aswin/Documents/data-engineering-practice/ETL_Airflow_DBT/airflow/airflow_env/lib/python3.11/site-packages/airflow/example_dags/example_latest_only.py
[2026-04-02T05:49:38.911+0530] {processor.py:830} INFO - Processing file /Users/aswin/Documents/data-engineering-practice/ETL_Airflow_DBT/airflow/airflow_env/lib/python3.11/site-packages/airflow/example_dags/example_latest_only.py for tasks to queue
[2026-04-02T05:49:38.911+0530] {logging_mixin.py:188} INFO - [2026-04-02T05:49:38.911+0530] {dagbag.py:540} INFO - Filling up the DagBag from /Users/aswin/Documents/data-engineering-practice/ETL_Airflow_DBT/airflow/airflow_env/lib/python3.11/site-packages/airflow/example_dags/example_latest_only.py
[2026-04-02T05:49:38.915+0530] {processor.py:840} INFO - DAG(s) 'latest_only' retrieved from /Users/aswin/Documents/data-engineering-practice/ETL_Airflow_DBT/airflow/airflow_env/lib/python3.11/site-packages/airflow/example_dags/example_latest_only.py
[2026-04-02T05:49:38.966+0530] {logging_mixin.py:188} INFO - [2026-04-02T05:49:38.966+0530] {dag.py:3096} INFO - Sync 1 DAGs
[2026-04-02T05:49:38.976+0530] {logging_mixin.py:188} INFO - [2026-04-02T05:49:38.976+0530] {dag.py:3954} INFO - Setting next_dagrun for latest_only to 2026-04-01 20:00:00+00:00, run_after=2026-04-02 00:00:00+00:00
[2026-04-02T05:49:38.984+0530] {processor.py:183} INFO - Processing /Users/aswin/Documents/data-engineering-practice/ETL_Airflow_DBT/airflow/airflow_env/lib/python3.11/site-packages/airflow/example_dags/example_latest_only.py took 0.075 seconds
[2026-04-02T05:50:10.276+0530] {processor.py:161} INFO - Started process (PID=24040) to work on /Users/aswin/Documents/data-engineering-practice/ETL_Airflow_DBT/airflow/airflow_env/lib/python3.11/site-packages/airflow/example_dags/example_latest_only.py
[2026-04-02T05:50:10.277+0530] {processor.py:830} INFO - Processing file /Users/aswin/Documents/data-engineering-practice/ETL_Airflow_DBT/airflow/airflow_env/lib/python3.11/site-packages/airflow/example_dags/example_latest_only.py for tasks to queue
[2026-04-02T05:50:10.278+0530] {logging_mixin.py:188} INFO - [2026-04-02T05:50:10.278+0530] {dagbag.py:540} INFO - Filling up the DagBag from /Users/aswin/Documents/data-engineering-practice/ETL_Airflow_DBT/airflow/airflow_env/lib/python3.11/site-packages/airflow/example_dags/example_latest_only.py
[2026-04-02T05:50:10.281+0530] {processor.py:840} INFO - DAG(s) 'latest_only' retrieved from /Users/aswin/Documents/data-engineering-practice/ETL_Airflow_DBT/airflow/airflow_env/lib/python3.11/site-packages/airflow/example_dags/example_latest_only.py
[2026-04-02T05:50:10.332+0530] {logging_mixin.py:188} INFO - [2026-04-02T05:50:10.332+0530] {dag.py:3096} INFO - Sync 1 DAGs
[2026-04-02T05:50:10.344+0530] {logging_mixin.py:188} INFO - [2026-04-02T05:50:10.344+0530] {dag.py:3954} INFO - Setting next_dagrun for latest_only to 2026-04-01 20:00:00+00:00, run_after=2026-04-02 00:00:00+00:00
[2026-04-02T05:50:10.352+0530] {processor.py:183} INFO - Processing /Users/aswin/Documents/data-engineering-practice/ETL_Airflow_DBT/airflow/airflow_env/lib/python3.11/site-packages/airflow/example_dags/example_latest_only.py took 0.077 seconds
[2026-04-02T05:50:41.228+0530] {processor.py:161} INFO - Started process (PID=24172) to work on /Users/aswin/Documents/data-engineering-practice/ETL_Airflow_DBT/airflow/airflow_env/lib/python3.11/site-packages/airflow/example_dags/example_latest_only.py
[2026-04-02T05:50:41.229+0530] {processor.py:830} INFO - Processing file /Users/aswin/Documents/data-engineering-practice/ETL_Airflow_DBT/airflow/airflow_env/lib/python3.11/site-packages/airflow/example_dags/example_latest_only.py for tasks to queue
[2026-04-02T05:50:41.229+0530] {logging_mixin.py:188} INFO - [2026-04-02T05:50:41.229+0530] {dagbag.py:540} INFO - Filling up the DagBag from /Users/aswin/Documents/data-engineering-practice/ETL_Airflow_DBT/airflow/airflow_env/lib/python3.11/site-packages/airflow/example_dags/example_latest_only.py
[2026-04-02T05:50:41.233+0530] {processor.py:840} INFO - DAG(s) 'latest_only' retrieved from /Users/aswin/Documents/data-engineering-practice/ETL_Airflow_DBT/airflow/airflow_env/lib/python3.11/site-packages/airflow/example_dags/example_latest_only.py
[2026-04-02T05:50:41.284+0530] {logging_mixin.py:188} INFO - [2026-04-02T05:50:41.284+0530] {dag.py:3096} INFO - Sync 1 DAGs
[2026-04-02T05:50:41.295+0530] {logging_mixin.py:188} INFO - [2026-04-02T05:50:41.295+0530] {dag.py:3954} INFO - Setting next_dagrun for latest_only to 2026-04-01 20:00:00+00:00, run_after=2026-04-02 00:00:00+00:00
[2026-04-02T05:50:41.304+0530] {processor.py:183} INFO - Processing /Users/aswin/Documents/data-engineering-practice/ETL_Airflow_DBT/airflow/airflow_env/lib/python3.11/site-packages/airflow/example_dags/example_latest_only.py took 0.077 seconds
[2026-04-02T05:51:12.175+0530] {processor.py:161} INFO - Started process (PID=24306) to work on /Users/aswin/Documents/data-engineering-practice/ETL_Airflow_DBT/airflow/airflow_env/lib/python3.11/site-packages/airflow/example_dags/example_latest_only.py
[2026-04-02T05:51:12.176+0530] {processor.py:830} INFO - Processing file /Users/aswin/Documents/data-engineering-practice/ETL_Airflow_DBT/airflow/airflow_env/lib/python3.11/site-packages/airflow/example_dags/example_latest_only.py for tasks to queue
[2026-04-02T05:51:12.176+0530] {logging_mixin.py:188} INFO - [2026-04-02T05:51:12.176+0530] {dagbag.py:540} INFO - Filling up the DagBag from /Users/aswin/Documents/data-engineering-practice/ETL_Airflow_DBT/airflow/airflow_env/lib/python3.11/site-packages/airflow/example_dags/example_latest_only.py
[2026-04-02T05:51:12.179+0530] {processor.py:840} INFO - DAG(s) 'latest_only' retrieved from /Users/aswin/Documents/data-engineering-practice/ETL_Airflow_DBT/airflow/airflow_env/lib/python3.11/site-packages/airflow/example_dags/example_latest_only.py
[2026-04-02T05:51:12.231+0530] {logging_mixin.py:188} INFO - [2026-04-02T05:51:12.231+0530] {dag.py:3096} INFO - Sync 1 DAGs
[2026-04-02T05:51:12.243+0530] {logging_mixin.py:188} INFO - [2026-04-02T05:51:12.243+0530] {dag.py:3954} INFO - Setting next_dagrun for latest_only to 2026-04-01 20:00:00+00:00, run_after=2026-04-02 00:00:00+00:00
[2026-04-02T05:51:12.252+0530] {processor.py:183} INFO - Processing /Users/aswin/Documents/data-engineering-practice/ETL_Airflow_DBT/airflow/airflow_env/lib/python3.11/site-packages/airflow/example_dags/example_latest_only.py took 0.079 seconds
[2026-04-02T05:51:43.645+0530] {processor.py:161} INFO - Started process (PID=24431) to work on /Users/aswin/Documents/data-engineering-practice/ETL_Airflow_DBT/airflow/airflow_env/lib/python3.11/site-packages/airflow/example_dags/example_latest_only.py
[2026-04-02T05:51:43.646+0530] {processor.py:830} INFO - Processing file /Users/aswin/Documents/data-engineering-practice/ETL_Airflow_DBT/airflow/airflow_env/lib/python3.11/site-packages/airflow/example_dags/example_latest_only.py for tasks to queue
[2026-04-02T05:51:43.646+0530] {logging_mixin.py:188} INFO - [2026-04-02T05:51:43.646+0530] {dagbag.py:540} INFO - Filling up the DagBag from /Users/aswin/Documents/data-engineering-practice/ETL_Airflow_DBT/airflow/airflow_env/lib/python3.11/site-packages/airflow/example_dags/example_latest_only.py
[2026-04-02T05:51:43.648+0530] {processor.py:840} INFO - DAG(s) 'latest_only' retrieved from /Users/aswin/Documents/data-engineering-practice/ETL_Airflow_DBT/airflow/airflow_env/lib/python3.11/site-packages/airflow/example_dags/example_latest_only.py
[2026-04-02T05:51:43.705+0530] {logging_mixin.py:188} INFO - [2026-04-02T05:51:43.705+0530] {dag.py:3096} INFO - Sync 1 DAGs
[2026-04-02T05:51:43.716+0530] {logging_mixin.py:188} INFO - [2026-04-02T05:51:43.715+0530] {dag.py:3954} INFO - Setting next_dagrun for latest_only to 2026-04-01 20:00:00+00:00, run_after=2026-04-02 00:00:00+00:00
[2026-04-02T05:51:43.724+0530] {processor.py:183} INFO - Processing /Users/aswin/Documents/data-engineering-practice/ETL_Airflow_DBT/airflow/airflow_env/lib/python3.11/site-packages/airflow/example_dags/example_latest_only.py took 0.080 seconds
[2026-04-02T05:52:15.022+0530] {processor.py:161} INFO - Started process (PID=24558) to work on /Users/aswin/Documents/data-engineering-practice/ETL_Airflow_DBT/airflow/airflow_env/lib/python3.11/site-packages/airflow/example_dags/example_latest_only.py
[2026-04-02T05:52:15.023+0530] {processor.py:830} INFO - Processing file /Users/aswin/Documents/data-engineering-practice/ETL_Airflow_DBT/airflow/airflow_env/lib/python3.11/site-packages/airflow/example_dags/example_latest_only.py for tasks to queue
[2026-04-02T05:52:15.024+0530] {logging_mixin.py:188} INFO - [2026-04-02T05:52:15.024+0530] {dagbag.py:540} INFO - Filling up the DagBag from /Users/aswin/Documents/data-engineering-practice/ETL_Airflow_DBT/airflow/airflow_env/lib/python3.11/site-packages/airflow/example_dags/example_latest_only.py
[2026-04-02T05:52:15.027+0530] {processor.py:840} INFO - DAG(s) 'latest_only' retrieved from /Users/aswin/Documents/data-engineering-practice/ETL_Airflow_DBT/airflow/airflow_env/lib/python3.11/site-packages/airflow/example_dags/example_latest_only.py
[2026-04-02T05:52:15.082+0530] {logging_mixin.py:188} INFO - [2026-04-02T05:52:15.082+0530] {dag.py:3096} INFO - Sync 1 DAGs
[2026-04-02T05:52:15.093+0530] {logging_mixin.py:188} INFO - [2026-04-02T05:52:15.093+0530] {dag.py:3954} INFO - Setting next_dagrun for latest_only to 2026-04-01 20:00:00+00:00, run_after=2026-04-02 00:00:00+00:00
[2026-04-02T05:52:15.102+0530] {processor.py:183} INFO - Processing /Users/aswin/Documents/data-engineering-practice/ETL_Airflow_DBT/airflow/airflow_env/lib/python3.11/site-packages/airflow/example_dags/example_latest_only.py took 0.081 seconds
[2026-04-02T05:52:45.878+0530] {processor.py:161} INFO - Started process (PID=24683) to work on /Users/aswin/Documents/data-engineering-practice/ETL_Airflow_DBT/airflow/airflow_env/lib/python3.11/site-packages/airflow/example_dags/example_latest_only.py
[2026-04-02T05:52:45.880+0530] {processor.py:830} INFO - Processing file /Users/aswin/Documents/data-engineering-practice/ETL_Airflow_DBT/airflow/airflow_env/lib/python3.11/site-packages/airflow/example_dags/example_latest_only.py for tasks to queue
[2026-04-02T05:52:45.880+0530] {logging_mixin.py:188} INFO - [2026-04-02T05:52:45.880+0530] {dagbag.py:540} INFO - Filling up the DagBag from /Users/aswin/Documents/data-engineering-practice/ETL_Airflow_DBT/airflow/airflow_env/lib/python3.11/site-packages/airflow/example_dags/example_latest_only.py
[2026-04-02T05:52:45.883+0530] {processor.py:840} INFO - DAG(s) 'latest_only' retrieved from /Users/aswin/Documents/data-engineering-practice/ETL_Airflow_DBT/airflow/airflow_env/lib/python3.11/site-packages/airflow/example_dags/example_latest_only.py
[2026-04-02T05:52:45.937+0530] {logging_mixin.py:188} INFO - [2026-04-02T05:52:45.937+0530] {dag.py:3096} INFO - Sync 1 DAGs
[2026-04-02T05:52:45.949+0530] {logging_mixin.py:188} INFO - [2026-04-02T05:52:45.949+0530] {dag.py:3954} INFO - Setting next_dagrun for latest_only to 2026-04-01 20:00:00+00:00, run_after=2026-04-02 00:00:00+00:00
[2026-04-02T05:52:45.958+0530] {processor.py:183} INFO - Processing /Users/aswin/Documents/data-engineering-practice/ETL_Airflow_DBT/airflow/airflow_env/lib/python3.11/site-packages/airflow/example_dags/example_latest_only.py took 0.080 seconds
[2026-04-02T05:53:17.083+0530] {processor.py:161} INFO - Started process (PID=24810) to work on /Users/aswin/Documents/data-engineering-practice/ETL_Airflow_DBT/airflow/airflow_env/lib/python3.11/site-packages/airflow/example_dags/example_latest_only.py
[2026-04-02T05:53:17.084+0530] {processor.py:830} INFO - Processing file /Users/aswin/Documents/data-engineering-practice/ETL_Airflow_DBT/airflow/airflow_env/lib/python3.11/site-packages/airflow/example_dags/example_latest_only.py for tasks to queue
[2026-04-02T05:53:17.084+0530] {logging_mixin.py:188} INFO - [2026-04-02T05:53:17.084+0530] {dagbag.py:540} INFO - Filling up the DagBag from /Users/aswin/Documents/data-engineering-practice/ETL_Airflow_DBT/airflow/airflow_env/lib/python3.11/site-packages/airflow/example_dags/example_latest_only.py
[2026-04-02T05:53:17.087+0530] {processor.py:840} INFO - DAG(s) 'latest_only' retrieved from /Users/aswin/Documents/data-engineering-practice/ETL_Airflow_DBT/airflow/airflow_env/lib/python3.11/site-packages/airflow/example_dags/example_latest_only.py
[2026-04-02T05:53:17.141+0530] {logging_mixin.py:188} INFO - [2026-04-02T05:53:17.141+0530] {dag.py:3096} INFO - Sync 1 DAGs
[2026-04-02T05:53:17.153+0530] {logging_mixin.py:188} INFO - [2026-04-02T05:53:17.153+0530] {dag.py:3954} INFO - Setting next_dagrun for latest_only to 2026-04-01 20:00:00+00:00, run_after=2026-04-02 00:00:00+00:00
[2026-04-02T05:53:17.161+0530] {processor.py:183} INFO - Processing /Users/aswin/Documents/data-engineering-practice/ETL_Airflow_DBT/airflow/airflow_env/lib/python3.11/site-packages/airflow/example_dags/example_latest_only.py took 0.079 seconds
[2026-04-02T05:53:47.955+0530] {processor.py:161} INFO - Started process (PID=24943) to work on /Users/aswin/Documents/data-engineering-practice/ETL_Airflow_DBT/airflow/airflow_env/lib/python3.11/site-packages/airflow/example_dags/example_latest_only.py
[2026-04-02T05:53:47.957+0530] {processor.py:830} INFO - Processing file /Users/aswin/Documents/data-engineering-practice/ETL_Airflow_DBT/airflow/airflow_env/lib/python3.11/site-packages/airflow/example_dags/example_latest_only.py for tasks to queue
[2026-04-02T05:53:47.957+0530] {logging_mixin.py:188} INFO - [2026-04-02T05:53:47.957+0530] {dagbag.py:540} INFO - Filling up the DagBag from /Users/aswin/Documents/data-engineering-practice/ETL_Airflow_DBT/airflow/airflow_env/lib/python3.11/site-packages/airflow/example_dags/example_latest_only.py
[2026-04-02T05:53:47.960+0530] {processor.py:840} INFO - DAG(s) 'latest_only' retrieved from /Users/aswin/Documents/data-engineering-practice/ETL_Airflow_DBT/airflow/airflow_env/lib/python3.11/site-packages/airflow/example_dags/example_latest_only.py
[2026-04-02T05:53:48.016+0530] {logging_mixin.py:188} INFO - [2026-04-02T05:53:48.015+0530] {dag.py:3096} INFO - Sync 1 DAGs
[2026-04-02T05:53:48.028+0530] {logging_mixin.py:188} INFO - [2026-04-02T05:53:48.027+0530] {dag.py:3954} INFO - Setting next_dagrun for latest_only to 2026-04-01 20:00:00+00:00, run_after=2026-04-02 00:00:00+00:00
[2026-04-02T05:53:48.036+0530] {processor.py:183} INFO - Processing /Users/aswin/Documents/data-engineering-practice/ETL_Airflow_DBT/airflow/airflow_env/lib/python3.11/site-packages/airflow/example_dags/example_latest_only.py took 0.081 seconds
[2026-04-02T05:54:19.578+0530] {processor.py:161} INFO - Started process (PID=25070) to work on /Users/aswin/Documents/data-engineering-practice/ETL_Airflow_DBT/airflow/airflow_env/lib/python3.11/site-packages/airflow/example_dags/example_latest_only.py
[2026-04-02T05:54:19.579+0530] {processor.py:830} INFO - Processing file /Users/aswin/Documents/data-engineering-practice/ETL_Airflow_DBT/airflow/airflow_env/lib/python3.11/site-packages/airflow/example_dags/example_latest_only.py for tasks to queue
[2026-04-02T05:54:19.579+0530] {logging_mixin.py:188} INFO - [2026-04-02T05:54:19.579+0530] {dagbag.py:540} INFO - Filling up the DagBag from /Users/aswin/Documents/data-engineering-practice/ETL_Airflow_DBT/airflow/airflow_env/lib/python3.11/site-packages/airflow/example_dags/example_latest_only.py
[2026-04-02T05:54:19.582+0530] {processor.py:840} INFO - DAG(s) 'latest_only' retrieved from /Users/aswin/Documents/data-engineering-practice/ETL_Airflow_DBT/airflow/airflow_env/lib/python3.11/site-packages/airflow/example_dags/example_latest_only.py
[2026-04-02T05:54:19.633+0530] {logging_mixin.py:188} INFO - [2026-04-02T05:54:19.633+0530] {dag.py:3096} INFO - Sync 1 DAGs
[2026-04-02T05:54:19.645+0530] {logging_mixin.py:188} INFO - [2026-04-02T05:54:19.645+0530] {dag.py:3954} INFO - Setting next_dagrun for latest_only to 2026-04-01 20:00:00+00:00, run_after=2026-04-02 00:00:00+00:00
[2026-04-02T05:54:19.654+0530] {processor.py:183} INFO - Processing /Users/aswin/Documents/data-engineering-practice/ETL_Airflow_DBT/airflow/airflow_env/lib/python3.11/site-packages/airflow/example_dags/example_latest_only.py took 0.077 seconds
[2026-04-02T05:54:50.415+0530] {processor.py:161} INFO - Started process (PID=25204) to work on /Users/aswin/Documents/data-engineering-practice/ETL_Airflow_DBT/airflow/airflow_env/lib/python3.11/site-packages/airflow/example_dags/example_latest_only.py
[2026-04-02T05:54:50.416+0530] {processor.py:830} INFO - Processing file /Users/aswin/Documents/data-engineering-practice/ETL_Airflow_DBT/airflow/airflow_env/lib/python3.11/site-packages/airflow/example_dags/example_latest_only.py for tasks to queue
[2026-04-02T05:54:50.416+0530] {logging_mixin.py:188} INFO - [2026-04-02T05:54:50.416+0530] {dagbag.py:540} INFO - Filling up the DagBag from /Users/aswin/Documents/data-engineering-practice/ETL_Airflow_DBT/airflow/airflow_env/lib/python3.11/site-packages/airflow/example_dags/example_latest_only.py
[2026-04-02T05:54:50.419+0530] {processor.py:840} INFO - DAG(s) 'latest_only' retrieved from /Users/aswin/Documents/data-engineering-practice/ETL_Airflow_DBT/airflow/airflow_env/lib/python3.11/site-packages/airflow/example_dags/example_latest_only.py
[2026-04-02T05:54:50.474+0530] {logging_mixin.py:188} INFO - [2026-04-02T05:54:50.473+0530] {dag.py:3096} INFO - Sync 1 DAGs
[2026-04-02T05:54:50.485+0530] {logging_mixin.py:188} INFO - [2026-04-02T05:54:50.485+0530] {dag.py:3954} INFO - Setting next_dagrun for latest_only to 2026-04-01 20:00:00+00:00, run_after=2026-04-02 00:00:00+00:00
[2026-04-02T05:54:50.494+0530] {processor.py:183} INFO - Processing /Users/aswin/Documents/data-engineering-practice/ETL_Airflow_DBT/airflow/airflow_env/lib/python3.11/site-packages/airflow/example_dags/example_latest_only.py took 0.080 seconds
[2026-04-02T05:55:21.471+0530] {processor.py:161} INFO - Started process (PID=25346) to work on /Users/aswin/Documents/data-engineering-practice/ETL_Airflow_DBT/airflow/airflow_env/lib/python3.11/site-packages/airflow/example_dags/example_latest_only.py
[2026-04-02T05:55:21.471+0530] {processor.py:830} INFO - Processing file /Users/aswin/Documents/data-engineering-practice/ETL_Airflow_DBT/airflow/airflow_env/lib/python3.11/site-packages/airflow/example_dags/example_latest_only.py for tasks to queue
[2026-04-02T05:55:21.471+0530] {logging_mixin.py:188} INFO - [2026-04-02T05:55:21.471+0530] {dagbag.py:540} INFO - Filling up the DagBag from /Users/aswin/Documents/data-engineering-practice/ETL_Airflow_DBT/airflow/airflow_env/lib/python3.11/site-packages/airflow/example_dags/example_latest_only.py
[2026-04-02T05:55:21.476+0530] {processor.py:840} INFO - DAG(s) 'latest_only' retrieved from /Users/aswin/Documents/data-engineering-practice/ETL_Airflow_DBT/airflow/airflow_env/lib/python3.11/site-packages/airflow/example_dags/example_latest_only.py
[2026-04-02T05:55:21.528+0530] {logging_mixin.py:188} INFO - [2026-04-02T05:55:21.527+0530] {dag.py:3096} INFO - Sync 1 DAGs
[2026-04-02T05:55:21.540+0530] {logging_mixin.py:188} INFO - [2026-04-02T05:55:21.540+0530] {dag.py:3954} INFO - Setting next_dagrun for latest_only to 2026-04-01 20:00:00+00:00, run_after=2026-04-02 00:00:00+00:00
[2026-04-02T05:55:21.548+0530] {processor.py:183} INFO - Processing /Users/aswin/Documents/data-engineering-practice/ETL_Airflow_DBT/airflow/airflow_env/lib/python3.11/site-packages/airflow/example_dags/example_latest_only.py took 0.079 seconds
[2026-04-02T05:55:52.858+0530] {processor.py:161} INFO - Started process (PID=25507) to work on /Users/aswin/Documents/data-engineering-practice/ETL_Airflow_DBT/airflow/airflow_env/lib/python3.11/site-packages/airflow/example_dags/example_latest_only.py
[2026-04-02T05:55:52.859+0530] {processor.py:830} INFO - Processing file /Users/aswin/Documents/data-engineering-practice/ETL_Airflow_DBT/airflow/airflow_env/lib/python3.11/site-packages/airflow/example_dags/example_latest_only.py for tasks to queue
[2026-04-02T05:55:52.859+0530] {logging_mixin.py:188} INFO - [2026-04-02T05:55:52.859+0530] {dagbag.py:540} INFO - Filling up the DagBag from /Users/aswin/Documents/data-engineering-practice/ETL_Airflow_DBT/airflow/airflow_env/lib/python3.11/site-packages/airflow/example_dags/example_latest_only.py
[2026-04-02T05:55:52.862+0530] {processor.py:840} INFO - DAG(s) 'latest_only' retrieved from /Users/aswin/Documents/data-engineering-practice/ETL_Airflow_DBT/airflow/airflow_env/lib/python3.11/site-packages/airflow/example_dags/example_latest_only.py
[2026-04-02T05:55:52.914+0530] {logging_mixin.py:188} INFO - [2026-04-02T05:55:52.914+0530] {dag.py:3096} INFO - Sync 1 DAGs
[2026-04-02T05:55:52.923+0530] {logging_mixin.py:188} INFO - [2026-04-02T05:55:52.923+0530] {dag.py:3954} INFO - Setting next_dagrun for latest_only to 2026-04-01 20:00:00+00:00, run_after=2026-04-02 00:00:00+00:00
[2026-04-02T05:55:52.931+0530] {processor.py:183} INFO - Processing /Users/aswin/Documents/data-engineering-practice/ETL_Airflow_DBT/airflow/airflow_env/lib/python3.11/site-packages/airflow/example_dags/example_latest_only.py took 0.075 seconds
[2026-04-02T05:56:24.118+0530] {processor.py:161} INFO - Started process (PID=25635) to work on /Users/aswin/Documents/data-engineering-practice/ETL_Airflow_DBT/airflow/airflow_env/lib/python3.11/site-packages/airflow/example_dags/example_latest_only.py
[2026-04-02T05:56:24.119+0530] {processor.py:830} INFO - Processing file /Users/aswin/Documents/data-engineering-practice/ETL_Airflow_DBT/airflow/airflow_env/lib/python3.11/site-packages/airflow/example_dags/example_latest_only.py for tasks to queue
[2026-04-02T05:56:24.119+0530] {logging_mixin.py:188} INFO - [2026-04-02T05:56:24.119+0530] {dagbag.py:540} INFO - Filling up the DagBag from /Users/aswin/Documents/data-engineering-practice/ETL_Airflow_DBT/airflow/airflow_env/lib/python3.11/site-packages/airflow/example_dags/example_latest_only.py
[2026-04-02T05:56:24.122+0530] {processor.py:840} INFO - DAG(s) 'latest_only' retrieved from /Users/aswin/Documents/data-engineering-practice/ETL_Airflow_DBT/airflow/airflow_env/lib/python3.11/site-packages/airflow/example_dags/example_latest_only.py
[2026-04-02T05:56:24.176+0530] {logging_mixin.py:188} INFO - [2026-04-02T05:56:24.175+0530] {dag.py:3096} INFO - Sync 1 DAGs
[2026-04-02T05:56:24.188+0530] {logging_mixin.py:188} INFO - [2026-04-02T05:56:24.188+0530] {dag.py:3954} INFO - Setting next_dagrun for latest_only to 2026-04-01 20:00:00+00:00, run_after=2026-04-02 00:00:00+00:00
[2026-04-02T05:56:24.196+0530] {processor.py:183} INFO - Processing /Users/aswin/Documents/data-engineering-practice/ETL_Airflow_DBT/airflow/airflow_env/lib/python3.11/site-packages/airflow/example_dags/example_latest_only.py took 0.079 seconds
[2026-04-02T05:56:55.153+0530] {processor.py:161} INFO - Started process (PID=25759) to work on /Users/aswin/Documents/data-engineering-practice/ETL_Airflow_DBT/airflow/airflow_env/lib/python3.11/site-packages/airflow/example_dags/example_latest_only.py
[2026-04-02T05:56:55.154+0530] {processor.py:830} INFO - Processing file /Users/aswin/Documents/data-engineering-practice/ETL_Airflow_DBT/airflow/airflow_env/lib/python3.11/site-packages/airflow/example_dags/example_latest_only.py for tasks to queue
[2026-04-02T05:56:55.154+0530] {logging_mixin.py:188} INFO - [2026-04-02T05:56:55.154+0530] {dagbag.py:540} INFO - Filling up the DagBag from /Users/aswin/Documents/data-engineering-practice/ETL_Airflow_DBT/airflow/airflow_env/lib/python3.11/site-packages/airflow/example_dags/example_latest_only.py
[2026-04-02T05:56:55.157+0530] {processor.py:840} INFO - DAG(s) 'latest_only' retrieved from /Users/aswin/Documents/data-engineering-practice/ETL_Airflow_DBT/airflow/airflow_env/lib/python3.11/site-packages/airflow/example_dags/example_latest_only.py
[2026-04-02T05:56:55.211+0530] {logging_mixin.py:188} INFO - [2026-04-02T05:56:55.211+0530] {dag.py:3096} INFO - Sync 1 DAGs
[2026-04-02T05:56:55.223+0530] {logging_mixin.py:188} INFO - [2026-04-02T05:56:55.223+0530] {dag.py:3954} INFO - Setting next_dagrun for latest_only to 2026-04-01 20:00:00+00:00, run_after=2026-04-02 00:00:00+00:00
[2026-04-02T05:56:55.231+0530] {processor.py:183} INFO - Processing /Users/aswin/Documents/data-engineering-practice/ETL_Airflow_DBT/airflow/airflow_env/lib/python3.11/site-packages/airflow/example_dags/example_latest_only.py took 0.079 seconds
[2026-04-02T05:57:26.217+0530] {processor.py:161} INFO - Started process (PID=25892) to work on /Users/aswin/Documents/data-engineering-practice/ETL_Airflow_DBT/airflow/airflow_env/lib/python3.11/site-packages/airflow/example_dags/example_latest_only.py
[2026-04-02T05:57:26.218+0530] {processor.py:830} INFO - Processing file /Users/aswin/Documents/data-engineering-practice/ETL_Airflow_DBT/airflow/airflow_env/lib/python3.11/site-packages/airflow/example_dags/example_latest_only.py for tasks to queue
[2026-04-02T05:57:26.218+0530] {logging_mixin.py:188} INFO - [2026-04-02T05:57:26.218+0530] {dagbag.py:540} INFO - Filling up the DagBag from /Users/aswin/Documents/data-engineering-practice/ETL_Airflow_DBT/airflow/airflow_env/lib/python3.11/site-packages/airflow/example_dags/example_latest_only.py
[2026-04-02T05:57:26.221+0530] {processor.py:840} INFO - DAG(s) 'latest_only' retrieved from /Users/aswin/Documents/data-engineering-practice/ETL_Airflow_DBT/airflow/airflow_env/lib/python3.11/site-packages/airflow/example_dags/example_latest_only.py
[2026-04-02T05:57:26.275+0530] {logging_mixin.py:188} INFO - [2026-04-02T05:57:26.275+0530] {dag.py:3096} INFO - Sync 1 DAGs
[2026-04-02T05:57:26.287+0530] {logging_mixin.py:188} INFO - [2026-04-02T05:57:26.287+0530] {dag.py:3954} INFO - Setting next_dagrun for latest_only to 2026-04-01 20:00:00+00:00, run_after=2026-04-02 00:00:00+00:00
[2026-04-02T05:57:26.296+0530] {processor.py:183} INFO - Processing /Users/aswin/Documents/data-engineering-practice/ETL_Airflow_DBT/airflow/airflow_env/lib/python3.11/site-packages/airflow/example_dags/example_latest_only.py took 0.080 seconds
[2026-04-02T05:57:57.457+0530] {processor.py:161} INFO - Started process (PID=26019) to work on /Users/aswin/Documents/data-engineering-practice/ETL_Airflow_DBT/airflow/airflow_env/lib/python3.11/site-packages/airflow/example_dags/example_latest_only.py
[2026-04-02T05:57:57.458+0530] {processor.py:830} INFO - Processing file /Users/aswin/Documents/data-engineering-practice/ETL_Airflow_DBT/airflow/airflow_env/lib/python3.11/site-packages/airflow/example_dags/example_latest_only.py for tasks to queue
[2026-04-02T05:57:57.458+0530] {logging_mixin.py:188} INFO - [2026-04-02T05:57:57.458+0530] {dagbag.py:540} INFO - Filling up the DagBag from /Users/aswin/Documents/data-engineering-practice/ETL_Airflow_DBT/airflow/airflow_env/lib/python3.11/site-packages/airflow/example_dags/example_latest_only.py
[2026-04-02T05:57:57.461+0530] {processor.py:840} INFO - DAG(s) 'latest_only' retrieved from /Users/aswin/Documents/data-engineering-practice/ETL_Airflow_DBT/airflow/airflow_env/lib/python3.11/site-packages/airflow/example_dags/example_latest_only.py
[2026-04-02T05:57:57.514+0530] {logging_mixin.py:188} INFO - [2026-04-02T05:57:57.514+0530] {dag.py:3096} INFO - Sync 1 DAGs
[2026-04-02T05:57:57.527+0530] {logging_mixin.py:188} INFO - [2026-04-02T05:57:57.527+0530] {dag.py:3954} INFO - Setting next_dagrun for latest_only to 2026-04-01 20:00:00+00:00, run_after=2026-04-02 00:00:00+00:00
[2026-04-02T05:57:57.535+0530] {processor.py:183} INFO - Processing /Users/aswin/Documents/data-engineering-practice/ETL_Airflow_DBT/airflow/airflow_env/lib/python3.11/site-packages/airflow/example_dags/example_latest_only.py took 0.079 seconds
[2026-04-02T05:58:28.581+0530] {processor.py:161} INFO - Started process (PID=26144) to work on /Users/aswin/Documents/data-engineering-practice/ETL_Airflow_DBT/airflow/airflow_env/lib/python3.11/site-packages/airflow/example_dags/example_latest_only.py
[2026-04-02T05:58:28.582+0530] {processor.py:830} INFO - Processing file /Users/aswin/Documents/data-engineering-practice/ETL_Airflow_DBT/airflow/airflow_env/lib/python3.11/site-packages/airflow/example_dags/example_latest_only.py for tasks to queue
[2026-04-02T05:58:28.582+0530] {logging_mixin.py:188} INFO - [2026-04-02T05:58:28.582+0530] {dagbag.py:540} INFO - Filling up the DagBag from /Users/aswin/Documents/data-engineering-practice/ETL_Airflow_DBT/airflow/airflow_env/lib/python3.11/site-packages/airflow/example_dags/example_latest_only.py
[2026-04-02T05:58:28.584+0530] {processor.py:840} INFO - DAG(s) 'latest_only' retrieved from /Users/aswin/Documents/data-engineering-practice/ETL_Airflow_DBT/airflow/airflow_env/lib/python3.11/site-packages/airflow/example_dags/example_latest_only.py
[2026-04-02T05:58:28.636+0530] {logging_mixin.py:188} INFO - [2026-04-02T05:58:28.636+0530] {dag.py:3096} INFO - Sync 1 DAGs
[2026-04-02T05:58:28.647+0530] {logging_mixin.py:188} INFO - [2026-04-02T05:58:28.647+0530] {dag.py:3954} INFO - Setting next_dagrun for latest_only to 2026-04-01 20:00:00+00:00, run_after=2026-04-02 00:00:00+00:00
[2026-04-02T05:58:28.657+0530] {processor.py:183} INFO - Processing /Users/aswin/Documents/data-engineering-practice/ETL_Airflow_DBT/airflow/airflow_env/lib/python3.11/site-packages/airflow/example_dags/example_latest_only.py took 0.077 seconds
[2026-04-02T05:58:59.371+0530] {processor.py:161} INFO - Started process (PID=26269) to work on /Users/aswin/Documents/data-engineering-practice/ETL_Airflow_DBT/airflow/airflow_env/lib/python3.11/site-packages/airflow/example_dags/example_latest_only.py
[2026-04-02T05:58:59.371+0530] {processor.py:830} INFO - Processing file /Users/aswin/Documents/data-engineering-practice/ETL_Airflow_DBT/airflow/airflow_env/lib/python3.11/site-packages/airflow/example_dags/example_latest_only.py for tasks to queue
[2026-04-02T05:58:59.371+0530] {logging_mixin.py:188} INFO - [2026-04-02T05:58:59.371+0530] {dagbag.py:540} INFO - Filling up the DagBag from /Users/aswin/Documents/data-engineering-practice/ETL_Airflow_DBT/airflow/airflow_env/lib/python3.11/site-packages/airflow/example_dags/example_latest_only.py
[2026-04-02T05:58:59.374+0530] {processor.py:840} INFO - DAG(s) 'latest_only' retrieved from /Users/aswin/Documents/data-engineering-practice/ETL_Airflow_DBT/airflow/airflow_env/lib/python3.11/site-packages/airflow/example_dags/example_latest_only.py
[2026-04-02T05:58:59.426+0530] {logging_mixin.py:188} INFO - [2026-04-02T05:58:59.425+0530] {dag.py:3096} INFO - Sync 1 DAGs
[2026-04-02T05:58:59.435+0530] {logging_mixin.py:188} INFO - [2026-04-02T05:58:59.435+0530] {dag.py:3954} INFO - Setting next_dagrun for latest_only to 2026-04-01 20:00:00+00:00, run_after=2026-04-02 00:00:00+00:00
[2026-04-02T05:58:59.445+0530] {processor.py:183} INFO - Processing /Users/aswin/Documents/data-engineering-practice/ETL_Airflow_DBT/airflow/airflow_env/lib/python3.11/site-packages/airflow/example_dags/example_latest_only.py took 0.076 seconds
[2026-04-02T05:59:30.310+0530] {processor.py:161} INFO - Started process (PID=26404) to work on /Users/aswin/Documents/data-engineering-practice/ETL_Airflow_DBT/airflow/airflow_env/lib/python3.11/site-packages/airflow/example_dags/example_latest_only.py
[2026-04-02T05:59:30.310+0530] {processor.py:830} INFO - Processing file /Users/aswin/Documents/data-engineering-practice/ETL_Airflow_DBT/airflow/airflow_env/lib/python3.11/site-packages/airflow/example_dags/example_latest_only.py for tasks to queue
[2026-04-02T05:59:30.311+0530] {logging_mixin.py:188} INFO - [2026-04-02T05:59:30.311+0530] {dagbag.py:540} INFO - Filling up the DagBag from /Users/aswin/Documents/data-engineering-practice/ETL_Airflow_DBT/airflow/airflow_env/lib/python3.11/site-packages/airflow/example_dags/example_latest_only.py
[2026-04-02T05:59:30.313+0530] {processor.py:840} INFO - DAG(s) 'latest_only' retrieved from /Users/aswin/Documents/data-engineering-practice/ETL_Airflow_DBT/airflow/airflow_env/lib/python3.11/site-packages/airflow/example_dags/example_latest_only.py
[2026-04-02T05:59:30.364+0530] {logging_mixin.py:188} INFO - [2026-04-02T05:59:30.364+0530] {dag.py:3096} INFO - Sync 1 DAGs
[2026-04-02T05:59:30.377+0530] {logging_mixin.py:188} INFO - [2026-04-02T05:59:30.377+0530] {dag.py:3954} INFO - Setting next_dagrun for latest_only to 2026-04-01 20:00:00+00:00, run_after=2026-04-02 00:00:00+00:00
[2026-04-02T05:59:30.386+0530] {processor.py:183} INFO - Processing /Users/aswin/Documents/data-engineering-practice/ETL_Airflow_DBT/airflow/airflow_env/lib/python3.11/site-packages/airflow/example_dags/example_latest_only.py took 0.077 seconds
[2026-04-02T06:00:02.179+0530] {processor.py:161} INFO - Started process (PID=26532) to work on /Users/aswin/Documents/data-engineering-practice/ETL_Airflow_DBT/airflow/airflow_env/lib/python3.11/site-packages/airflow/example_dags/example_latest_only.py
[2026-04-02T06:00:02.180+0530] {processor.py:830} INFO - Processing file /Users/aswin/Documents/data-engineering-practice/ETL_Airflow_DBT/airflow/airflow_env/lib/python3.11/site-packages/airflow/example_dags/example_latest_only.py for tasks to queue
[2026-04-02T06:00:02.180+0530] {logging_mixin.py:188} INFO - [2026-04-02T06:00:02.180+0530] {dagbag.py:540} INFO - Filling up the DagBag from /Users/aswin/Documents/data-engineering-practice/ETL_Airflow_DBT/airflow/airflow_env/lib/python3.11/site-packages/airflow/example_dags/example_latest_only.py
[2026-04-02T06:00:02.183+0530] {processor.py:840} INFO - DAG(s) 'latest_only' retrieved from /Users/aswin/Documents/data-engineering-practice/ETL_Airflow_DBT/airflow/airflow_env/lib/python3.11/site-packages/airflow/example_dags/example_latest_only.py
[2026-04-02T06:00:02.235+0530] {logging_mixin.py:188} INFO - [2026-04-02T06:00:02.235+0530] {dag.py:3096} INFO - Sync 1 DAGs
[2026-04-02T06:00:02.246+0530] {logging_mixin.py:188} INFO - [2026-04-02T06:00:02.246+0530] {dag.py:3954} INFO - Setting next_dagrun for latest_only to 2026-04-01 20:00:00+00:00, run_after=2026-04-02 00:00:00+00:00
[2026-04-02T06:00:02.256+0530] {processor.py:183} INFO - Processing /Users/aswin/Documents/data-engineering-practice/ETL_Airflow_DBT/airflow/airflow_env/lib/python3.11/site-packages/airflow/example_dags/example_latest_only.py took 0.078 seconds
[2026-04-02T06:00:33.766+0530] {processor.py:161} INFO - Started process (PID=26661) to work on /Users/aswin/Documents/data-engineering-practice/ETL_Airflow_DBT/airflow/airflow_env/lib/python3.11/site-packages/airflow/example_dags/example_latest_only.py
[2026-04-02T06:00:33.766+0530] {processor.py:830} INFO - Processing file /Users/aswin/Documents/data-engineering-practice/ETL_Airflow_DBT/airflow/airflow_env/lib/python3.11/site-packages/airflow/example_dags/example_latest_only.py for tasks to queue
[2026-04-02T06:00:33.766+0530] {logging_mixin.py:188} INFO - [2026-04-02T06:00:33.766+0530] {dagbag.py:540} INFO - Filling up the DagBag from /Users/aswin/Documents/data-engineering-practice/ETL_Airflow_DBT/airflow/airflow_env/lib/python3.11/site-packages/airflow/example_dags/example_latest_only.py
[2026-04-02T06:00:33.770+0530] {processor.py:840} INFO - DAG(s) 'latest_only' retrieved from /Users/aswin/Documents/data-engineering-practice/ETL_Airflow_DBT/airflow/airflow_env/lib/python3.11/site-packages/airflow/example_dags/example_latest_only.py
[2026-04-02T06:00:33.828+0530] {logging_mixin.py:188} INFO - [2026-04-02T06:00:33.828+0530] {dag.py:3096} INFO - Sync 1 DAGs
[2026-04-02T06:00:33.840+0530] {logging_mixin.py:188} INFO - [2026-04-02T06:00:33.840+0530] {dag.py:3954} INFO - Setting next_dagrun for latest_only to 2026-04-01 20:00:00+00:00, run_after=2026-04-02 00:00:00+00:00
[2026-04-02T06:00:33.849+0530] {processor.py:183} INFO - Processing /Users/aswin/Documents/data-engineering-practice/ETL_Airflow_DBT/airflow/airflow_env/lib/python3.11/site-packages/airflow/example_dags/example_latest_only.py took 0.084 seconds
[2026-04-02T06:01:04.865+0530] {processor.py:161} INFO - Started process (PID=26791) to work on /Users/aswin/Documents/data-engineering-practice/ETL_Airflow_DBT/airflow/airflow_env/lib/python3.11/site-packages/airflow/example_dags/example_latest_only.py
[2026-04-02T06:01:04.866+0530] {processor.py:830} INFO - Processing file /Users/aswin/Documents/data-engineering-practice/ETL_Airflow_DBT/airflow/airflow_env/lib/python3.11/site-packages/airflow/example_dags/example_latest_only.py for tasks to queue
[2026-04-02T06:01:04.866+0530] {logging_mixin.py:188} INFO - [2026-04-02T06:01:04.866+0530] {dagbag.py:540} INFO - Filling up the DagBag from /Users/aswin/Documents/data-engineering-practice/ETL_Airflow_DBT/airflow/airflow_env/lib/python3.11/site-packages/airflow/example_dags/example_latest_only.py
[2026-04-02T06:01:04.869+0530] {processor.py:840} INFO - DAG(s) 'latest_only' retrieved from /Users/aswin/Documents/data-engineering-practice/ETL_Airflow_DBT/airflow/airflow_env/lib/python3.11/site-packages/airflow/example_dags/example_latest_only.py
[2026-04-02T06:01:04.923+0530] {logging_mixin.py:188} INFO - [2026-04-02T06:01:04.923+0530] {dag.py:3096} INFO - Sync 1 DAGs
[2026-04-02T06:01:04.933+0530] {logging_mixin.py:188} INFO - [2026-04-02T06:01:04.933+0530] {dag.py:3954} INFO - Setting next_dagrun for latest_only to 2026-04-01 20:00:00+00:00, run_after=2026-04-02 00:00:00+00:00
[2026-04-02T06:01:04.940+0530] {processor.py:183} INFO - Processing /Users/aswin/Documents/data-engineering-practice/ETL_Airflow_DBT/airflow/airflow_env/lib/python3.11/site-packages/airflow/example_dags/example_latest_only.py took 0.077 seconds
[2026-04-02T06:01:36.022+0530] {processor.py:161} INFO - Started process (PID=26917) to work on /Users/aswin/Documents/data-engineering-practice/ETL_Airflow_DBT/airflow/airflow_env/lib/python3.11/site-packages/airflow/example_dags/example_latest_only.py
[2026-04-02T06:01:36.022+0530] {processor.py:830} INFO - Processing file /Users/aswin/Documents/data-engineering-practice/ETL_Airflow_DBT/airflow/airflow_env/lib/python3.11/site-packages/airflow/example_dags/example_latest_only.py for tasks to queue
[2026-04-02T06:01:36.022+0530] {logging_mixin.py:188} INFO - [2026-04-02T06:01:36.022+0530] {dagbag.py:540} INFO - Filling up the DagBag from /Users/aswin/Documents/data-engineering-practice/ETL_Airflow_DBT/airflow/airflow_env/lib/python3.11/site-packages/airflow/example_dags/example_latest_only.py
[2026-04-02T06:01:36.025+0530] {processor.py:840} INFO - DAG(s) 'latest_only' retrieved from /Users/aswin/Documents/data-engineering-practice/ETL_Airflow_DBT/airflow/airflow_env/lib/python3.11/site-packages/airflow/example_dags/example_latest_only.py
[2026-04-02T06:01:36.080+0530] {logging_mixin.py:188} INFO - [2026-04-02T06:01:36.080+0530] {dag.py:3096} INFO - Sync 1 DAGs
[2026-04-02T06:01:36.093+0530] {logging_mixin.py:188} INFO - [2026-04-02T06:01:36.092+0530] {dag.py:3954} INFO - Setting next_dagrun for latest_only to 2026-04-01 20:00:00+00:00, run_after=2026-04-02 00:00:00+00:00
[2026-04-02T06:01:36.102+0530] {processor.py:183} INFO - Processing /Users/aswin/Documents/data-engineering-practice/ETL_Airflow_DBT/airflow/airflow_env/lib/python3.11/site-packages/airflow/example_dags/example_latest_only.py took 0.081 seconds
[2026-04-02T06:02:07.307+0530] {processor.py:161} INFO - Started process (PID=27059) to work on /Users/aswin/Documents/data-engineering-practice/ETL_Airflow_DBT/airflow/airflow_env/lib/python3.11/site-packages/airflow/example_dags/example_latest_only.py
[2026-04-02T06:02:07.308+0530] {processor.py:830} INFO - Processing file /Users/aswin/Documents/data-engineering-practice/ETL_Airflow_DBT/airflow/airflow_env/lib/python3.11/site-packages/airflow/example_dags/example_latest_only.py for tasks to queue
[2026-04-02T06:02:07.308+0530] {logging_mixin.py:188} INFO - [2026-04-02T06:02:07.308+0530] {dagbag.py:540} INFO - Filling up the DagBag from /Users/aswin/Documents/data-engineering-practice/ETL_Airflow_DBT/airflow/airflow_env/lib/python3.11/site-packages/airflow/example_dags/example_latest_only.py
[2026-04-02T06:02:07.311+0530] {processor.py:840} INFO - DAG(s) 'latest_only' retrieved from /Users/aswin/Documents/data-engineering-practice/ETL_Airflow_DBT/airflow/airflow_env/lib/python3.11/site-packages/airflow/example_dags/example_latest_only.py
[2026-04-02T06:02:07.366+0530] {logging_mixin.py:188} INFO - [2026-04-02T06:02:07.366+0530] {dag.py:3096} INFO - Sync 1 DAGs
[2026-04-02T06:02:07.377+0530] {logging_mixin.py:188} INFO - [2026-04-02T06:02:07.377+0530] {dag.py:3954} INFO - Setting next_dagrun for latest_only to 2026-04-01 20:00:00+00:00, run_after=2026-04-02 00:00:00+00:00
[2026-04-02T06:02:07.386+0530] {processor.py:183} INFO - Processing /Users/aswin/Documents/data-engineering-practice/ETL_Airflow_DBT/airflow/airflow_env/lib/python3.11/site-packages/airflow/example_dags/example_latest_only.py took 0.081 seconds
[2026-04-02T06:02:38.345+0530] {processor.py:161} INFO - Started process (PID=27185) to work on /Users/aswin/Documents/data-engineering-practice/ETL_Airflow_DBT/airflow/airflow_env/lib/python3.11/site-packages/airflow/example_dags/example_latest_only.py
[2026-04-02T06:02:38.346+0530] {processor.py:830} INFO - Processing file /Users/aswin/Documents/data-engineering-practice/ETL_Airflow_DBT/airflow/airflow_env/lib/python3.11/site-packages/airflow/example_dags/example_latest_only.py for tasks to queue
[2026-04-02T06:02:38.346+0530] {logging_mixin.py:188} INFO - [2026-04-02T06:02:38.346+0530] {dagbag.py:540} INFO - Filling up the DagBag from /Users/aswin/Documents/data-engineering-practice/ETL_Airflow_DBT/airflow/airflow_env/lib/python3.11/site-packages/airflow/example_dags/example_latest_only.py
[2026-04-02T06:02:38.349+0530] {processor.py:840} INFO - DAG(s) 'latest_only' retrieved from /Users/aswin/Documents/data-engineering-practice/ETL_Airflow_DBT/airflow/airflow_env/lib/python3.11/site-packages/airflow/example_dags/example_latest_only.py
[2026-04-02T06:02:38.402+0530] {logging_mixin.py:188} INFO - [2026-04-02T06:02:38.402+0530] {dag.py:3096} INFO - Sync 1 DAGs
[2026-04-02T06:02:38.413+0530] {logging_mixin.py:188} INFO - [2026-04-02T06:02:38.413+0530] {dag.py:3954} INFO - Setting next_dagrun for latest_only to 2026-04-01 20:00:00+00:00, run_after=2026-04-02 00:00:00+00:00
[2026-04-02T06:02:38.423+0530] {processor.py:183} INFO - Processing /Users/aswin/Documents/data-engineering-practice/ETL_Airflow_DBT/airflow/airflow_env/lib/python3.11/site-packages/airflow/example_dags/example_latest_only.py took 0.079 seconds
[2026-04-02T06:03:09.703+0530] {processor.py:161} INFO - Started process (PID=27312) to work on /Users/aswin/Documents/data-engineering-practice/ETL_Airflow_DBT/airflow/airflow_env/lib/python3.11/site-packages/airflow/example_dags/example_latest_only.py
[2026-04-02T06:03:09.704+0530] {processor.py:830} INFO - Processing file /Users/aswin/Documents/data-engineering-practice/ETL_Airflow_DBT/airflow/airflow_env/lib/python3.11/site-packages/airflow/example_dags/example_latest_only.py for tasks to queue
[2026-04-02T06:03:09.704+0530] {logging_mixin.py:188} INFO - [2026-04-02T06:03:09.704+0530] {dagbag.py:540} INFO - Filling up the DagBag from /Users/aswin/Documents/data-engineering-practice/ETL_Airflow_DBT/airflow/airflow_env/lib/python3.11/site-packages/airflow/example_dags/example_latest_only.py
[2026-04-02T06:03:09.707+0530] {processor.py:840} INFO - DAG(s) 'latest_only' retrieved from /Users/aswin/Documents/data-engineering-practice/ETL_Airflow_DBT/airflow/airflow_env/lib/python3.11/site-packages/airflow/example_dags/example_latest_only.py
[2026-04-02T06:03:09.760+0530] {logging_mixin.py:188} INFO - [2026-04-02T06:03:09.759+0530] {dag.py:3096} INFO - Sync 1 DAGs
[2026-04-02T06:03:09.774+0530] {logging_mixin.py:188} INFO - [2026-04-02T06:03:09.774+0530] {dag.py:3954} INFO - Setting next_dagrun for latest_only to 2026-04-01 20:00:00+00:00, run_after=2026-04-02 00:00:00+00:00
[2026-04-02T06:03:09.782+0530] {processor.py:183} INFO - Processing /Users/aswin/Documents/data-engineering-practice/ETL_Airflow_DBT/airflow/airflow_env/lib/python3.11/site-packages/airflow/example_dags/example_latest_only.py took 0.080 seconds
[2026-04-02T06:03:40.568+0530] {processor.py:161} INFO - Started process (PID=27438) to work on /Users/aswin/Documents/data-engineering-practice/ETL_Airflow_DBT/airflow/airflow_env/lib/python3.11/site-packages/airflow/example_dags/example_latest_only.py
[2026-04-02T06:03:40.569+0530] {processor.py:830} INFO - Processing file /Users/aswin/Documents/data-engineering-practice/ETL_Airflow_DBT/airflow/airflow_env/lib/python3.11/site-packages/airflow/example_dags/example_latest_only.py for tasks to queue
[2026-04-02T06:03:40.569+0530] {logging_mixin.py:188} INFO - [2026-04-02T06:03:40.569+0530] {dagbag.py:540} INFO - Filling up the DagBag from /Users/aswin/Documents/data-engineering-practice/ETL_Airflow_DBT/airflow/airflow_env/lib/python3.11/site-packages/airflow/example_dags/example_latest_only.py
[2026-04-02T06:03:40.572+0530] {processor.py:840} INFO - DAG(s) 'latest_only' retrieved from /Users/aswin/Documents/data-engineering-practice/ETL_Airflow_DBT/airflow/airflow_env/lib/python3.11/site-packages/airflow/example_dags/example_latest_only.py
[2026-04-02T06:03:40.624+0530] {logging_mixin.py:188} INFO - [2026-04-02T06:03:40.624+0530] {dag.py:3096} INFO - Sync 1 DAGs
[2026-04-02T06:03:40.636+0530] {logging_mixin.py:188} INFO - [2026-04-02T06:03:40.636+0530] {dag.py:3954} INFO - Setting next_dagrun for latest_only to 2026-04-01 20:00:00+00:00, run_after=2026-04-02 00:00:00+00:00
[2026-04-02T06:03:40.645+0530] {processor.py:183} INFO - Processing /Users/aswin/Documents/data-engineering-practice/ETL_Airflow_DBT/airflow/airflow_env/lib/python3.11/site-packages/airflow/example_dags/example_latest_only.py took 0.077 seconds
[2026-04-02T06:04:11.932+0530] {processor.py:161} INFO - Started process (PID=27562) to work on /Users/aswin/Documents/data-engineering-practice/ETL_Airflow_DBT/airflow/airflow_env/lib/python3.11/site-packages/airflow/example_dags/example_latest_only.py
[2026-04-02T06:04:11.933+0530] {processor.py:830} INFO - Processing file /Users/aswin/Documents/data-engineering-practice/ETL_Airflow_DBT/airflow/airflow_env/lib/python3.11/site-packages/airflow/example_dags/example_latest_only.py for tasks to queue
[2026-04-02T06:04:11.933+0530] {logging_mixin.py:188} INFO - [2026-04-02T06:04:11.933+0530] {dagbag.py:540} INFO - Filling up the DagBag from /Users/aswin/Documents/data-engineering-practice/ETL_Airflow_DBT/airflow/airflow_env/lib/python3.11/site-packages/airflow/example_dags/example_latest_only.py
[2026-04-02T06:04:11.936+0530] {processor.py:840} INFO - DAG(s) 'latest_only' retrieved from /Users/aswin/Documents/data-engineering-practice/ETL_Airflow_DBT/airflow/airflow_env/lib/python3.11/site-packages/airflow/example_dags/example_latest_only.py
[2026-04-02T06:04:11.987+0530] {logging_mixin.py:188} INFO - [2026-04-02T06:04:11.987+0530] {dag.py:3096} INFO - Sync 1 DAGs
[2026-04-02T06:04:11.999+0530] {logging_mixin.py:188} INFO - [2026-04-02T06:04:11.998+0530] {dag.py:3954} INFO - Setting next_dagrun for latest_only to 2026-04-01 20:00:00+00:00, run_after=2026-04-02 00:00:00+00:00
[2026-04-02T06:04:12.008+0530] {processor.py:183} INFO - Processing /Users/aswin/Documents/data-engineering-practice/ETL_Airflow_DBT/airflow/airflow_env/lib/python3.11/site-packages/airflow/example_dags/example_latest_only.py took 0.078 seconds
[2026-04-02T06:04:43.315+0530] {processor.py:161} INFO - Started process (PID=27715) to work on /Users/aswin/Documents/data-engineering-practice/ETL_Airflow_DBT/airflow/airflow_env/lib/python3.11/site-packages/airflow/example_dags/example_latest_only.py
[2026-04-02T06:04:43.316+0530] {processor.py:830} INFO - Processing file /Users/aswin/Documents/data-engineering-practice/ETL_Airflow_DBT/airflow/airflow_env/lib/python3.11/site-packages/airflow/example_dags/example_latest_only.py for tasks to queue
[2026-04-02T06:04:43.316+0530] {logging_mixin.py:188} INFO - [2026-04-02T06:04:43.316+0530] {dagbag.py:540} INFO - Filling up the DagBag from /Users/aswin/Documents/data-engineering-practice/ETL_Airflow_DBT/airflow/airflow_env/lib/python3.11/site-packages/airflow/example_dags/example_latest_only.py
[2026-04-02T06:04:43.319+0530] {processor.py:840} INFO - DAG(s) 'latest_only' retrieved from /Users/aswin/Documents/data-engineering-practice/ETL_Airflow_DBT/airflow/airflow_env/lib/python3.11/site-packages/airflow/example_dags/example_latest_only.py
[2026-04-02T06:04:43.370+0530] {logging_mixin.py:188} INFO - [2026-04-02T06:04:43.370+0530] {dag.py:3096} INFO - Sync 1 DAGs
[2026-04-02T06:04:43.381+0530] {logging_mixin.py:188} INFO - [2026-04-02T06:04:43.381+0530] {dag.py:3954} INFO - Setting next_dagrun for latest_only to 2026-04-01 20:00:00+00:00, run_after=2026-04-02 00:00:00+00:00
[2026-04-02T06:04:43.388+0530] {processor.py:183} INFO - Processing /Users/aswin/Documents/data-engineering-practice/ETL_Airflow_DBT/airflow/airflow_env/lib/python3.11/site-packages/airflow/example_dags/example_latest_only.py took 0.074 seconds
[2026-04-02T06:05:14.191+0530] {processor.py:161} INFO - Started process (PID=27844) to work on /Users/aswin/Documents/data-engineering-practice/ETL_Airflow_DBT/airflow/airflow_env/lib/python3.11/site-packages/airflow/example_dags/example_latest_only.py
[2026-04-02T06:05:14.191+0530] {processor.py:830} INFO - Processing file /Users/aswin/Documents/data-engineering-practice/ETL_Airflow_DBT/airflow/airflow_env/lib/python3.11/site-packages/airflow/example_dags/example_latest_only.py for tasks to queue
[2026-04-02T06:05:14.192+0530] {logging_mixin.py:188} INFO - [2026-04-02T06:05:14.192+0530] {dagbag.py:540} INFO - Filling up the DagBag from /Users/aswin/Documents/data-engineering-practice/ETL_Airflow_DBT/airflow/airflow_env/lib/python3.11/site-packages/airflow/example_dags/example_latest_only.py
[2026-04-02T06:05:14.194+0530] {processor.py:840} INFO - DAG(s) 'latest_only' retrieved from /Users/aswin/Documents/data-engineering-practice/ETL_Airflow_DBT/airflow/airflow_env/lib/python3.11/site-packages/airflow/example_dags/example_latest_only.py
[2026-04-02T06:05:14.247+0530] {logging_mixin.py:188} INFO - [2026-04-02T06:05:14.247+0530] {dag.py:3096} INFO - Sync 1 DAGs
[2026-04-02T06:05:14.259+0530] {logging_mixin.py:188} INFO - [2026-04-02T06:05:14.259+0530] {dag.py:3954} INFO - Setting next_dagrun for latest_only to 2026-04-01 20:00:00+00:00, run_after=2026-04-02 00:00:00+00:00
[2026-04-02T06:05:14.269+0530] {processor.py:183} INFO - Processing /Users/aswin/Documents/data-engineering-practice/ETL_Airflow_DBT/airflow/airflow_env/lib/python3.11/site-packages/airflow/example_dags/example_latest_only.py took 0.079 seconds
[2026-04-02T06:05:45.281+0530] {processor.py:161} INFO - Started process (PID=27987) to work on /Users/aswin/Documents/data-engineering-practice/ETL_Airflow_DBT/airflow/airflow_env/lib/python3.11/site-packages/airflow/example_dags/example_latest_only.py
[2026-04-02T06:05:45.282+0530] {processor.py:830} INFO - Processing file /Users/aswin/Documents/data-engineering-practice/ETL_Airflow_DBT/airflow/airflow_env/lib/python3.11/site-packages/airflow/example_dags/example_latest_only.py for tasks to queue
[2026-04-02T06:05:45.282+0530] {logging_mixin.py:188} INFO - [2026-04-02T06:05:45.282+0530] {dagbag.py:540} INFO - Filling up the DagBag from /Users/aswin/Documents/data-engineering-practice/ETL_Airflow_DBT/airflow/airflow_env/lib/python3.11/site-packages/airflow/example_dags/example_latest_only.py
[2026-04-02T06:05:45.285+0530] {processor.py:840} INFO - DAG(s) 'latest_only' retrieved from /Users/aswin/Documents/data-engineering-practice/ETL_Airflow_DBT/airflow/airflow_env/lib/python3.11/site-packages/airflow/example_dags/example_latest_only.py
[2026-04-02T06:05:45.340+0530] {logging_mixin.py:188} INFO - [2026-04-02T06:05:45.340+0530] {dag.py:3096} INFO - Sync 1 DAGs
[2026-04-02T06:05:45.351+0530] {logging_mixin.py:188} INFO - [2026-04-02T06:05:45.351+0530] {dag.py:3954} INFO - Setting next_dagrun for latest_only to 2026-04-01 20:00:00+00:00, run_after=2026-04-02 00:00:00+00:00
[2026-04-02T06:05:45.360+0530] {processor.py:183} INFO - Processing /Users/aswin/Documents/data-engineering-practice/ETL_Airflow_DBT/airflow/airflow_env/lib/python3.11/site-packages/airflow/example_dags/example_latest_only.py took 0.080 seconds
[2026-04-02T06:06:16.336+0530] {processor.py:161} INFO - Started process (PID=28129) to work on /Users/aswin/Documents/data-engineering-practice/ETL_Airflow_DBT/airflow/airflow_env/lib/python3.11/site-packages/airflow/example_dags/example_latest_only.py
[2026-04-02T06:06:16.337+0530] {processor.py:830} INFO - Processing file /Users/aswin/Documents/data-engineering-practice/ETL_Airflow_DBT/airflow/airflow_env/lib/python3.11/site-packages/airflow/example_dags/example_latest_only.py for tasks to queue
[2026-04-02T06:06:16.337+0530] {logging_mixin.py:188} INFO - [2026-04-02T06:06:16.337+0530] {dagbag.py:540} INFO - Filling up the DagBag from /Users/aswin/Documents/data-engineering-practice/ETL_Airflow_DBT/airflow/airflow_env/lib/python3.11/site-packages/airflow/example_dags/example_latest_only.py
[2026-04-02T06:06:16.340+0530] {processor.py:840} INFO - DAG(s) 'latest_only' retrieved from /Users/aswin/Documents/data-engineering-practice/ETL_Airflow_DBT/airflow/airflow_env/lib/python3.11/site-packages/airflow/example_dags/example_latest_only.py
[2026-04-02T06:06:16.391+0530] {logging_mixin.py:188} INFO - [2026-04-02T06:06:16.391+0530] {dag.py:3096} INFO - Sync 1 DAGs
[2026-04-02T06:06:16.401+0530] {logging_mixin.py:188} INFO - [2026-04-02T06:06:16.401+0530] {dag.py:3954} INFO - Setting next_dagrun for latest_only to 2026-04-01 20:00:00+00:00, run_after=2026-04-02 00:00:00+00:00
[2026-04-02T06:06:16.410+0530] {processor.py:183} INFO - Processing /Users/aswin/Documents/data-engineering-practice/ETL_Airflow_DBT/airflow/airflow_env/lib/python3.11/site-packages/airflow/example_dags/example_latest_only.py took 0.075 seconds
[2026-04-02T06:06:47.541+0530] {processor.py:161} INFO - Started process (PID=28252) to work on /Users/aswin/Documents/data-engineering-practice/ETL_Airflow_DBT/airflow/airflow_env/lib/python3.11/site-packages/airflow/example_dags/example_latest_only.py
[2026-04-02T06:06:47.542+0530] {processor.py:830} INFO - Processing file /Users/aswin/Documents/data-engineering-practice/ETL_Airflow_DBT/airflow/airflow_env/lib/python3.11/site-packages/airflow/example_dags/example_latest_only.py for tasks to queue
[2026-04-02T06:06:47.542+0530] {logging_mixin.py:188} INFO - [2026-04-02T06:06:47.542+0530] {dagbag.py:540} INFO - Filling up the DagBag from /Users/aswin/Documents/data-engineering-practice/ETL_Airflow_DBT/airflow/airflow_env/lib/python3.11/site-packages/airflow/example_dags/example_latest_only.py
[2026-04-02T06:06:47.545+0530] {processor.py:840} INFO - DAG(s) 'latest_only' retrieved from /Users/aswin/Documents/data-engineering-practice/ETL_Airflow_DBT/airflow/airflow_env/lib/python3.11/site-packages/airflow/example_dags/example_latest_only.py
[2026-04-02T06:06:47.597+0530] {logging_mixin.py:188} INFO - [2026-04-02T06:06:47.597+0530] {dag.py:3096} INFO - Sync 1 DAGs
[2026-04-02T06:06:47.608+0530] {logging_mixin.py:188} INFO - [2026-04-02T06:06:47.608+0530] {dag.py:3954} INFO - Setting next_dagrun for latest_only to 2026-04-01 20:00:00+00:00, run_after=2026-04-02 00:00:00+00:00
[2026-04-02T06:06:47.617+0530] {processor.py:183} INFO - Processing /Users/aswin/Documents/data-engineering-practice/ETL_Airflow_DBT/airflow/airflow_env/lib/python3.11/site-packages/airflow/example_dags/example_latest_only.py took 0.077 seconds
