[2026-04-02T05:38:07.875+0530] {processor.py:161} INFO - Started process (PID=21156) to work on /Users/aswin/Documents/data-engineering-practice/ETL_Airflow_DBT/airflow/airflow_env/lib/python3.11/site-packages/airflow/example_dags/example_sensors.py
[2026-04-02T05:38:07.876+0530] {processor.py:830} INFO - Processing file /Users/aswin/Documents/data-engineering-practice/ETL_Airflow_DBT/airflow/airflow_env/lib/python3.11/site-packages/airflow/example_dags/example_sensors.py for tasks to queue
[2026-04-02T05:38:07.876+0530] {logging_mixin.py:188} INFO - [2026-04-02T05:38:07.876+0530] {dagbag.py:540} INFO - Filling up the DagBag from /Users/aswin/Documents/data-engineering-practice/ETL_Airflow_DBT/airflow/airflow_env/lib/python3.11/site-packages/airflow/example_dags/example_sensors.py
[2026-04-02T05:38:07.883+0530] {processor.py:840} INFO - DAG(s) 'example_sensors' retrieved from /Users/aswin/Documents/data-engineering-practice/ETL_Airflow_DBT/airflow/airflow_env/lib/python3.11/site-packages/airflow/example_dags/example_sensors.py
[2026-04-02T05:38:07.941+0530] {logging_mixin.py:188} INFO - [2026-04-02T05:38:07.940+0530] {dag.py:3096} INFO - Sync 1 DAGs
[2026-04-02T05:38:07.946+0530] {logging_mixin.py:188} INFO - [2026-04-02T05:38:07.946+0530] {dag.py:3954} INFO - Setting next_dagrun for example_sensors to None, run_after=None
[2026-04-02T05:38:07.955+0530] {processor.py:183} INFO - Processing /Users/aswin/Documents/data-engineering-practice/ETL_Airflow_DBT/airflow/airflow_env/lib/python3.11/site-packages/airflow/example_dags/example_sensors.py took 0.080 seconds
[2026-04-02T05:38:39.206+0530] {processor.py:161} INFO - Started process (PID=21283) to work on /Users/aswin/Documents/data-engineering-practice/ETL_Airflow_DBT/airflow/airflow_env/lib/python3.11/site-packages/airflow/example_dags/example_sensors.py
[2026-04-02T05:38:39.208+0530] {processor.py:830} INFO - Processing file /Users/aswin/Documents/data-engineering-practice/ETL_Airflow_DBT/airflow/airflow_env/lib/python3.11/site-packages/airflow/example_dags/example_sensors.py for tasks to queue
[2026-04-02T05:38:39.208+0530] {logging_mixin.py:188} INFO - [2026-04-02T05:38:39.208+0530] {dagbag.py:540} INFO - Filling up the DagBag from /Users/aswin/Documents/data-engineering-practice/ETL_Airflow_DBT/airflow/airflow_env/lib/python3.11/site-packages/airflow/example_dags/example_sensors.py
[2026-04-02T05:38:39.214+0530] {processor.py:840} INFO - DAG(s) 'example_sensors' retrieved from /Users/aswin/Documents/data-engineering-practice/ETL_Airflow_DBT/airflow/airflow_env/lib/python3.11/site-packages/airflow/example_dags/example_sensors.py
[2026-04-02T05:38:39.271+0530] {logging_mixin.py:188} INFO - [2026-04-02T05:38:39.271+0530] {dag.py:3096} INFO - Sync 1 DAGs
[2026-04-02T05:38:39.276+0530] {logging_mixin.py:188} INFO - [2026-04-02T05:38:39.276+0530] {dag.py:3954} INFO - Setting next_dagrun for example_sensors to None, run_after=None
[2026-04-02T05:38:39.285+0530] {processor.py:183} INFO - Processing /Users/aswin/Documents/data-engineering-practice/ETL_Airflow_DBT/airflow/airflow_env/lib/python3.11/site-packages/airflow/example_dags/example_sensors.py took 0.080 seconds
[2026-04-02T05:39:10.285+0530] {processor.py:161} INFO - Started process (PID=21408) to work on /Users/aswin/Documents/data-engineering-practice/ETL_Airflow_DBT/airflow/airflow_env/lib/python3.11/site-packages/airflow/example_dags/example_sensors.py
[2026-04-02T05:39:10.286+0530] {processor.py:830} INFO - Processing file /Users/aswin/Documents/data-engineering-practice/ETL_Airflow_DBT/airflow/airflow_env/lib/python3.11/site-packages/airflow/example_dags/example_sensors.py for tasks to queue
[2026-04-02T05:39:10.286+0530] {logging_mixin.py:188} INFO - [2026-04-02T05:39:10.286+0530] {dagbag.py:540} INFO - Filling up the DagBag from /Users/aswin/Documents/data-engineering-practice/ETL_Airflow_DBT/airflow/airflow_env/lib/python3.11/site-packages/airflow/example_dags/example_sensors.py
[2026-04-02T05:39:10.293+0530] {processor.py:840} INFO - DAG(s) 'example_sensors' retrieved from /Users/aswin/Documents/data-engineering-practice/ETL_Airflow_DBT/airflow/airflow_env/lib/python3.11/site-packages/airflow/example_dags/example_sensors.py
[2026-04-02T05:39:10.353+0530] {logging_mixin.py:188} INFO - [2026-04-02T05:39:10.352+0530] {dag.py:3096} INFO - Sync 1 DAGs
[2026-04-02T05:39:10.359+0530] {logging_mixin.py:188} INFO - [2026-04-02T05:39:10.359+0530] {dag.py:3954} INFO - Setting next_dagrun for example_sensors to None, run_after=None
[2026-04-02T05:39:10.367+0530] {processor.py:183} INFO - Processing /Users/aswin/Documents/data-engineering-practice/ETL_Airflow_DBT/airflow/airflow_env/lib/python3.11/site-packages/airflow/example_dags/example_sensors.py took 0.083 seconds
[2026-04-02T05:39:41.468+0530] {processor.py:161} INFO - Started process (PID=21534) to work on /Users/aswin/Documents/data-engineering-practice/ETL_Airflow_DBT/airflow/airflow_env/lib/python3.11/site-packages/airflow/example_dags/example_sensors.py
[2026-04-02T05:39:41.468+0530] {processor.py:830} INFO - Processing file /Users/aswin/Documents/data-engineering-practice/ETL_Airflow_DBT/airflow/airflow_env/lib/python3.11/site-packages/airflow/example_dags/example_sensors.py for tasks to queue
[2026-04-02T05:39:41.469+0530] {logging_mixin.py:188} INFO - [2026-04-02T05:39:41.468+0530] {dagbag.py:540} INFO - Filling up the DagBag from /Users/aswin/Documents/data-engineering-practice/ETL_Airflow_DBT/airflow/airflow_env/lib/python3.11/site-packages/airflow/example_dags/example_sensors.py
[2026-04-02T05:39:41.476+0530] {processor.py:840} INFO - DAG(s) 'example_sensors' retrieved from /Users/aswin/Documents/data-engineering-practice/ETL_Airflow_DBT/airflow/airflow_env/lib/python3.11/site-packages/airflow/example_dags/example_sensors.py
[2026-04-02T05:39:41.535+0530] {logging_mixin.py:188} INFO - [2026-04-02T05:39:41.535+0530] {dag.py:3096} INFO - Sync 1 DAGs
[2026-04-02T05:39:41.541+0530] {logging_mixin.py:188} INFO - [2026-04-02T05:39:41.541+0530] {dag.py:3954} INFO - Setting next_dagrun for example_sensors to None, run_after=None
[2026-04-02T05:39:41.550+0530] {processor.py:183} INFO - Processing /Users/aswin/Documents/data-engineering-practice/ETL_Airflow_DBT/airflow/airflow_env/lib/python3.11/site-packages/airflow/example_dags/example_sensors.py took 0.084 seconds
[2026-04-02T05:40:12.693+0530] {processor.py:161} INFO - Started process (PID=21659) to work on /Users/aswin/Documents/data-engineering-practice/ETL_Airflow_DBT/airflow/airflow_env/lib/python3.11/site-packages/airflow/example_dags/example_sensors.py
[2026-04-02T05:40:12.696+0530] {processor.py:830} INFO - Processing file /Users/aswin/Documents/data-engineering-practice/ETL_Airflow_DBT/airflow/airflow_env/lib/python3.11/site-packages/airflow/example_dags/example_sensors.py for tasks to queue
[2026-04-02T05:40:12.697+0530] {logging_mixin.py:188} INFO - [2026-04-02T05:40:12.696+0530] {dagbag.py:540} INFO - Filling up the DagBag from /Users/aswin/Documents/data-engineering-practice/ETL_Airflow_DBT/airflow/airflow_env/lib/python3.11/site-packages/airflow/example_dags/example_sensors.py
[2026-04-02T05:40:12.704+0530] {processor.py:840} INFO - DAG(s) 'example_sensors' retrieved from /Users/aswin/Documents/data-engineering-practice/ETL_Airflow_DBT/airflow/airflow_env/lib/python3.11/site-packages/airflow/example_dags/example_sensors.py
[2026-04-02T05:40:12.762+0530] {logging_mixin.py:188} INFO - [2026-04-02T05:40:12.762+0530] {dag.py:3096} INFO - Sync 1 DAGs
[2026-04-02T05:40:12.768+0530] {logging_mixin.py:188} INFO - [2026-04-02T05:40:12.768+0530] {dag.py:3954} INFO - Setting next_dagrun for example_sensors to None, run_after=None
[2026-04-02T05:40:12.777+0530] {processor.py:183} INFO - Processing /Users/aswin/Documents/data-engineering-practice/ETL_Airflow_DBT/airflow/airflow_env/lib/python3.11/site-packages/airflow/example_dags/example_sensors.py took 0.085 seconds
[2026-04-02T05:40:43.743+0530] {processor.py:161} INFO - Started process (PID=21796) to work on /Users/aswin/Documents/data-engineering-practice/ETL_Airflow_DBT/airflow/airflow_env/lib/python3.11/site-packages/airflow/example_dags/example_sensors.py
[2026-04-02T05:40:43.744+0530] {processor.py:830} INFO - Processing file /Users/aswin/Documents/data-engineering-practice/ETL_Airflow_DBT/airflow/airflow_env/lib/python3.11/site-packages/airflow/example_dags/example_sensors.py for tasks to queue
[2026-04-02T05:40:43.744+0530] {logging_mixin.py:188} INFO - [2026-04-02T05:40:43.744+0530] {dagbag.py:540} INFO - Filling up the DagBag from /Users/aswin/Documents/data-engineering-practice/ETL_Airflow_DBT/airflow/airflow_env/lib/python3.11/site-packages/airflow/example_dags/example_sensors.py
[2026-04-02T05:40:43.752+0530] {processor.py:840} INFO - DAG(s) 'example_sensors' retrieved from /Users/aswin/Documents/data-engineering-practice/ETL_Airflow_DBT/airflow/airflow_env/lib/python3.11/site-packages/airflow/example_dags/example_sensors.py
[2026-04-02T05:40:43.809+0530] {logging_mixin.py:188} INFO - [2026-04-02T05:40:43.809+0530] {dag.py:3096} INFO - Sync 1 DAGs
[2026-04-02T05:40:43.815+0530] {logging_mixin.py:188} INFO - [2026-04-02T05:40:43.815+0530] {dag.py:3954} INFO - Setting next_dagrun for example_sensors to None, run_after=None
[2026-04-02T05:40:43.824+0530] {processor.py:183} INFO - Processing /Users/aswin/Documents/data-engineering-practice/ETL_Airflow_DBT/airflow/airflow_env/lib/python3.11/site-packages/airflow/example_dags/example_sensors.py took 0.082 seconds
[2026-04-02T05:41:14.891+0530] {processor.py:161} INFO - Started process (PID=21921) to work on /Users/aswin/Documents/data-engineering-practice/ETL_Airflow_DBT/airflow/airflow_env/lib/python3.11/site-packages/airflow/example_dags/example_sensors.py
[2026-04-02T05:41:14.893+0530] {processor.py:830} INFO - Processing file /Users/aswin/Documents/data-engineering-practice/ETL_Airflow_DBT/airflow/airflow_env/lib/python3.11/site-packages/airflow/example_dags/example_sensors.py for tasks to queue
[2026-04-02T05:41:14.893+0530] {logging_mixin.py:188} INFO - [2026-04-02T05:41:14.893+0530] {dagbag.py:540} INFO - Filling up the DagBag from /Users/aswin/Documents/data-engineering-practice/ETL_Airflow_DBT/airflow/airflow_env/lib/python3.11/site-packages/airflow/example_dags/example_sensors.py
[2026-04-02T05:41:14.900+0530] {processor.py:840} INFO - DAG(s) 'example_sensors' retrieved from /Users/aswin/Documents/data-engineering-practice/ETL_Airflow_DBT/airflow/airflow_env/lib/python3.11/site-packages/airflow/example_dags/example_sensors.py
[2026-04-02T05:41:14.961+0530] {logging_mixin.py:188} INFO - [2026-04-02T05:41:14.961+0530] {dag.py:3096} INFO - Sync 1 DAGs
[2026-04-02T05:41:14.966+0530] {logging_mixin.py:188} INFO - [2026-04-02T05:41:14.966+0530] {dag.py:3954} INFO - Setting next_dagrun for example_sensors to None, run_after=None
[2026-04-02T05:41:14.975+0530] {processor.py:183} INFO - Processing /Users/aswin/Documents/data-engineering-practice/ETL_Airflow_DBT/airflow/airflow_env/lib/python3.11/site-packages/airflow/example_dags/example_sensors.py took 0.085 seconds
[2026-04-02T05:41:46.239+0530] {processor.py:161} INFO - Started process (PID=22047) to work on /Users/aswin/Documents/data-engineering-practice/ETL_Airflow_DBT/airflow/airflow_env/lib/python3.11/site-packages/airflow/example_dags/example_sensors.py
[2026-04-02T05:41:46.239+0530] {processor.py:830} INFO - Processing file /Users/aswin/Documents/data-engineering-practice/ETL_Airflow_DBT/airflow/airflow_env/lib/python3.11/site-packages/airflow/example_dags/example_sensors.py for tasks to queue
[2026-04-02T05:41:46.240+0530] {logging_mixin.py:188} INFO - [2026-04-02T05:41:46.240+0530] {dagbag.py:540} INFO - Filling up the DagBag from /Users/aswin/Documents/data-engineering-practice/ETL_Airflow_DBT/airflow/airflow_env/lib/python3.11/site-packages/airflow/example_dags/example_sensors.py
[2026-04-02T05:41:46.245+0530] {processor.py:840} INFO - DAG(s) 'example_sensors' retrieved from /Users/aswin/Documents/data-engineering-practice/ETL_Airflow_DBT/airflow/airflow_env/lib/python3.11/site-packages/airflow/example_dags/example_sensors.py
[2026-04-02T05:41:46.305+0530] {logging_mixin.py:188} INFO - [2026-04-02T05:41:46.305+0530] {dag.py:3096} INFO - Sync 1 DAGs
[2026-04-02T05:41:46.312+0530] {logging_mixin.py:188} INFO - [2026-04-02T05:41:46.312+0530] {dag.py:3954} INFO - Setting next_dagrun for example_sensors to None, run_after=None
[2026-04-02T05:41:46.321+0530] {processor.py:183} INFO - Processing /Users/aswin/Documents/data-engineering-practice/ETL_Airflow_DBT/airflow/airflow_env/lib/python3.11/site-packages/airflow/example_dags/example_sensors.py took 0.083 seconds
[2026-04-02T05:42:17.439+0530] {processor.py:161} INFO - Started process (PID=22176) to work on /Users/aswin/Documents/data-engineering-practice/ETL_Airflow_DBT/airflow/airflow_env/lib/python3.11/site-packages/airflow/example_dags/example_sensors.py
[2026-04-02T05:42:17.440+0530] {processor.py:830} INFO - Processing file /Users/aswin/Documents/data-engineering-practice/ETL_Airflow_DBT/airflow/airflow_env/lib/python3.11/site-packages/airflow/example_dags/example_sensors.py for tasks to queue
[2026-04-02T05:42:17.440+0530] {logging_mixin.py:188} INFO - [2026-04-02T05:42:17.440+0530] {dagbag.py:540} INFO - Filling up the DagBag from /Users/aswin/Documents/data-engineering-practice/ETL_Airflow_DBT/airflow/airflow_env/lib/python3.11/site-packages/airflow/example_dags/example_sensors.py
[2026-04-02T05:42:17.447+0530] {processor.py:840} INFO - DAG(s) 'example_sensors' retrieved from /Users/aswin/Documents/data-engineering-practice/ETL_Airflow_DBT/airflow/airflow_env/lib/python3.11/site-packages/airflow/example_dags/example_sensors.py
[2026-04-02T05:42:17.506+0530] {logging_mixin.py:188} INFO - [2026-04-02T05:42:17.506+0530] {dag.py:3096} INFO - Sync 1 DAGs
[2026-04-02T05:42:17.512+0530] {logging_mixin.py:188} INFO - [2026-04-02T05:42:17.512+0530] {dag.py:3954} INFO - Setting next_dagrun for example_sensors to None, run_after=None
[2026-04-02T05:42:17.520+0530] {processor.py:183} INFO - Processing /Users/aswin/Documents/data-engineering-practice/ETL_Airflow_DBT/airflow/airflow_env/lib/python3.11/site-packages/airflow/example_dags/example_sensors.py took 0.083 seconds
[2026-04-02T05:42:49.086+0530] {processor.py:161} INFO - Started process (PID=22307) to work on /Users/aswin/Documents/data-engineering-practice/ETL_Airflow_DBT/airflow/airflow_env/lib/python3.11/site-packages/airflow/example_dags/example_sensors.py
[2026-04-02T05:42:49.086+0530] {processor.py:830} INFO - Processing file /Users/aswin/Documents/data-engineering-practice/ETL_Airflow_DBT/airflow/airflow_env/lib/python3.11/site-packages/airflow/example_dags/example_sensors.py for tasks to queue
[2026-04-02T05:42:49.087+0530] {logging_mixin.py:188} INFO - [2026-04-02T05:42:49.087+0530] {dagbag.py:540} INFO - Filling up the DagBag from /Users/aswin/Documents/data-engineering-practice/ETL_Airflow_DBT/airflow/airflow_env/lib/python3.11/site-packages/airflow/example_dags/example_sensors.py
[2026-04-02T05:42:49.094+0530] {processor.py:840} INFO - DAG(s) 'example_sensors' retrieved from /Users/aswin/Documents/data-engineering-practice/ETL_Airflow_DBT/airflow/airflow_env/lib/python3.11/site-packages/airflow/example_dags/example_sensors.py
[2026-04-02T05:42:49.151+0530] {logging_mixin.py:188} INFO - [2026-04-02T05:42:49.151+0530] {dag.py:3096} INFO - Sync 1 DAGs
[2026-04-02T05:42:49.156+0530] {logging_mixin.py:188} INFO - [2026-04-02T05:42:49.156+0530] {dag.py:3954} INFO - Setting next_dagrun for example_sensors to None, run_after=None
[2026-04-02T05:42:49.164+0530] {processor.py:183} INFO - Processing /Users/aswin/Documents/data-engineering-practice/ETL_Airflow_DBT/airflow/airflow_env/lib/python3.11/site-packages/airflow/example_dags/example_sensors.py took 0.079 seconds
[2026-04-02T05:43:20.393+0530] {processor.py:161} INFO - Started process (PID=22434) to work on /Users/aswin/Documents/data-engineering-practice/ETL_Airflow_DBT/airflow/airflow_env/lib/python3.11/site-packages/airflow/example_dags/example_sensors.py
[2026-04-02T05:43:20.394+0530] {processor.py:830} INFO - Processing file /Users/aswin/Documents/data-engineering-practice/ETL_Airflow_DBT/airflow/airflow_env/lib/python3.11/site-packages/airflow/example_dags/example_sensors.py for tasks to queue
[2026-04-02T05:43:20.394+0530] {logging_mixin.py:188} INFO - [2026-04-02T05:43:20.394+0530] {dagbag.py:540} INFO - Filling up the DagBag from /Users/aswin/Documents/data-engineering-practice/ETL_Airflow_DBT/airflow/airflow_env/lib/python3.11/site-packages/airflow/example_dags/example_sensors.py
[2026-04-02T05:43:20.401+0530] {processor.py:840} INFO - DAG(s) 'example_sensors' retrieved from /Users/aswin/Documents/data-engineering-practice/ETL_Airflow_DBT/airflow/airflow_env/lib/python3.11/site-packages/airflow/example_dags/example_sensors.py
[2026-04-02T05:43:20.458+0530] {logging_mixin.py:188} INFO - [2026-04-02T05:43:20.458+0530] {dag.py:3096} INFO - Sync 1 DAGs
[2026-04-02T05:43:20.465+0530] {logging_mixin.py:188} INFO - [2026-04-02T05:43:20.465+0530] {dag.py:3954} INFO - Setting next_dagrun for example_sensors to None, run_after=None
[2026-04-02T05:43:20.474+0530] {processor.py:183} INFO - Processing /Users/aswin/Documents/data-engineering-practice/ETL_Airflow_DBT/airflow/airflow_env/lib/python3.11/site-packages/airflow/example_dags/example_sensors.py took 0.082 seconds
[2026-04-02T05:43:51.270+0530] {processor.py:161} INFO - Started process (PID=22574) to work on /Users/aswin/Documents/data-engineering-practice/ETL_Airflow_DBT/airflow/airflow_env/lib/python3.11/site-packages/airflow/example_dags/example_sensors.py
[2026-04-02T05:43:51.271+0530] {processor.py:830} INFO - Processing file /Users/aswin/Documents/data-engineering-practice/ETL_Airflow_DBT/airflow/airflow_env/lib/python3.11/site-packages/airflow/example_dags/example_sensors.py for tasks to queue
[2026-04-02T05:43:51.271+0530] {logging_mixin.py:188} INFO - [2026-04-02T05:43:51.271+0530] {dagbag.py:540} INFO - Filling up the DagBag from /Users/aswin/Documents/data-engineering-practice/ETL_Airflow_DBT/airflow/airflow_env/lib/python3.11/site-packages/airflow/example_dags/example_sensors.py
[2026-04-02T05:43:51.279+0530] {processor.py:840} INFO - DAG(s) 'example_sensors' retrieved from /Users/aswin/Documents/data-engineering-practice/ETL_Airflow_DBT/airflow/airflow_env/lib/python3.11/site-packages/airflow/example_dags/example_sensors.py
[2026-04-02T05:43:51.341+0530] {logging_mixin.py:188} INFO - [2026-04-02T05:43:51.341+0530] {dag.py:3096} INFO - Sync 1 DAGs
[2026-04-02T05:43:51.347+0530] {logging_mixin.py:188} INFO - [2026-04-02T05:43:51.347+0530] {dag.py:3954} INFO - Setting next_dagrun for example_sensors to None, run_after=None
[2026-04-02T05:43:51.356+0530] {processor.py:183} INFO - Processing /Users/aswin/Documents/data-engineering-practice/ETL_Airflow_DBT/airflow/airflow_env/lib/python3.11/site-packages/airflow/example_dags/example_sensors.py took 0.087 seconds
[2026-04-02T05:44:22.434+0530] {processor.py:161} INFO - Started process (PID=22701) to work on /Users/aswin/Documents/data-engineering-practice/ETL_Airflow_DBT/airflow/airflow_env/lib/python3.11/site-packages/airflow/example_dags/example_sensors.py
[2026-04-02T05:44:22.435+0530] {processor.py:830} INFO - Processing file /Users/aswin/Documents/data-engineering-practice/ETL_Airflow_DBT/airflow/airflow_env/lib/python3.11/site-packages/airflow/example_dags/example_sensors.py for tasks to queue
[2026-04-02T05:44:22.436+0530] {logging_mixin.py:188} INFO - [2026-04-02T05:44:22.435+0530] {dagbag.py:540} INFO - Filling up the DagBag from /Users/aswin/Documents/data-engineering-practice/ETL_Airflow_DBT/airflow/airflow_env/lib/python3.11/site-packages/airflow/example_dags/example_sensors.py
[2026-04-02T05:44:22.444+0530] {processor.py:840} INFO - DAG(s) 'example_sensors' retrieved from /Users/aswin/Documents/data-engineering-practice/ETL_Airflow_DBT/airflow/airflow_env/lib/python3.11/site-packages/airflow/example_dags/example_sensors.py
[2026-04-02T05:44:22.505+0530] {logging_mixin.py:188} INFO - [2026-04-02T05:44:22.505+0530] {dag.py:3096} INFO - Sync 1 DAGs
[2026-04-02T05:44:22.511+0530] {logging_mixin.py:188} INFO - [2026-04-02T05:44:22.511+0530] {dag.py:3954} INFO - Setting next_dagrun for example_sensors to None, run_after=None
[2026-04-02T05:44:22.519+0530] {processor.py:183} INFO - Processing /Users/aswin/Documents/data-engineering-practice/ETL_Airflow_DBT/airflow/airflow_env/lib/python3.11/site-packages/airflow/example_dags/example_sensors.py took 0.086 seconds
[2026-04-02T05:44:53.358+0530] {processor.py:161} INFO - Started process (PID=22829) to work on /Users/aswin/Documents/data-engineering-practice/ETL_Airflow_DBT/airflow/airflow_env/lib/python3.11/site-packages/airflow/example_dags/example_sensors.py
[2026-04-02T05:44:53.359+0530] {processor.py:830} INFO - Processing file /Users/aswin/Documents/data-engineering-practice/ETL_Airflow_DBT/airflow/airflow_env/lib/python3.11/site-packages/airflow/example_dags/example_sensors.py for tasks to queue
[2026-04-02T05:44:53.359+0530] {logging_mixin.py:188} INFO - [2026-04-02T05:44:53.359+0530] {dagbag.py:540} INFO - Filling up the DagBag from /Users/aswin/Documents/data-engineering-practice/ETL_Airflow_DBT/airflow/airflow_env/lib/python3.11/site-packages/airflow/example_dags/example_sensors.py
[2026-04-02T05:44:53.366+0530] {processor.py:840} INFO - DAG(s) 'example_sensors' retrieved from /Users/aswin/Documents/data-engineering-practice/ETL_Airflow_DBT/airflow/airflow_env/lib/python3.11/site-packages/airflow/example_dags/example_sensors.py
[2026-04-02T05:44:53.425+0530] {logging_mixin.py:188} INFO - [2026-04-02T05:44:53.425+0530] {dag.py:3096} INFO - Sync 1 DAGs
[2026-04-02T05:44:53.431+0530] {logging_mixin.py:188} INFO - [2026-04-02T05:44:53.431+0530] {dag.py:3954} INFO - Setting next_dagrun for example_sensors to None, run_after=None
[2026-04-02T05:44:53.440+0530] {processor.py:183} INFO - Processing /Users/aswin/Documents/data-engineering-practice/ETL_Airflow_DBT/airflow/airflow_env/lib/python3.11/site-packages/airflow/example_dags/example_sensors.py took 0.083 seconds
[2026-04-02T05:45:25.129+0530] {processor.py:161} INFO - Started process (PID=22952) to work on /Users/aswin/Documents/data-engineering-practice/ETL_Airflow_DBT/airflow/airflow_env/lib/python3.11/site-packages/airflow/example_dags/example_sensors.py
[2026-04-02T05:45:25.130+0530] {processor.py:830} INFO - Processing file /Users/aswin/Documents/data-engineering-practice/ETL_Airflow_DBT/airflow/airflow_env/lib/python3.11/site-packages/airflow/example_dags/example_sensors.py for tasks to queue
[2026-04-02T05:45:25.130+0530] {logging_mixin.py:188} INFO - [2026-04-02T05:45:25.130+0530] {dagbag.py:540} INFO - Filling up the DagBag from /Users/aswin/Documents/data-engineering-practice/ETL_Airflow_DBT/airflow/airflow_env/lib/python3.11/site-packages/airflow/example_dags/example_sensors.py
[2026-04-02T05:45:25.138+0530] {processor.py:840} INFO - DAG(s) 'example_sensors' retrieved from /Users/aswin/Documents/data-engineering-practice/ETL_Airflow_DBT/airflow/airflow_env/lib/python3.11/site-packages/airflow/example_dags/example_sensors.py
[2026-04-02T05:45:25.195+0530] {logging_mixin.py:188} INFO - [2026-04-02T05:45:25.195+0530] {dag.py:3096} INFO - Sync 1 DAGs
[2026-04-02T05:45:25.200+0530] {logging_mixin.py:188} INFO - [2026-04-02T05:45:25.200+0530] {dag.py:3954} INFO - Setting next_dagrun for example_sensors to None, run_after=None
[2026-04-02T05:45:25.208+0530] {processor.py:183} INFO - Processing /Users/aswin/Documents/data-engineering-practice/ETL_Airflow_DBT/airflow/airflow_env/lib/python3.11/site-packages/airflow/example_dags/example_sensors.py took 0.080 seconds
[2026-04-02T05:45:56.227+0530] {processor.py:161} INFO - Started process (PID=23064) to work on /Users/aswin/Documents/data-engineering-practice/ETL_Airflow_DBT/airflow/airflow_env/lib/python3.11/site-packages/airflow/example_dags/example_sensors.py
[2026-04-02T05:45:56.228+0530] {processor.py:830} INFO - Processing file /Users/aswin/Documents/data-engineering-practice/ETL_Airflow_DBT/airflow/airflow_env/lib/python3.11/site-packages/airflow/example_dags/example_sensors.py for tasks to queue
[2026-04-02T05:45:56.228+0530] {logging_mixin.py:188} INFO - [2026-04-02T05:45:56.228+0530] {dagbag.py:540} INFO - Filling up the DagBag from /Users/aswin/Documents/data-engineering-practice/ETL_Airflow_DBT/airflow/airflow_env/lib/python3.11/site-packages/airflow/example_dags/example_sensors.py
[2026-04-02T05:45:56.238+0530] {processor.py:840} INFO - DAG(s) 'example_sensors' retrieved from /Users/aswin/Documents/data-engineering-practice/ETL_Airflow_DBT/airflow/airflow_env/lib/python3.11/site-packages/airflow/example_dags/example_sensors.py
[2026-04-02T05:45:56.302+0530] {logging_mixin.py:188} INFO - [2026-04-02T05:45:56.301+0530] {dag.py:3096} INFO - Sync 1 DAGs
[2026-04-02T05:45:56.308+0530] {logging_mixin.py:188} INFO - [2026-04-02T05:45:56.308+0530] {dag.py:3954} INFO - Setting next_dagrun for example_sensors to None, run_after=None
[2026-04-02T05:45:56.318+0530] {processor.py:183} INFO - Processing /Users/aswin/Documents/data-engineering-practice/ETL_Airflow_DBT/airflow/airflow_env/lib/python3.11/site-packages/airflow/example_dags/example_sensors.py took 0.092 seconds
[2026-04-02T05:46:27.701+0530] {processor.py:161} INFO - Started process (PID=23181) to work on /Users/aswin/Documents/data-engineering-practice/ETL_Airflow_DBT/airflow/airflow_env/lib/python3.11/site-packages/airflow/example_dags/example_sensors.py
[2026-04-02T05:46:27.701+0530] {processor.py:830} INFO - Processing file /Users/aswin/Documents/data-engineering-practice/ETL_Airflow_DBT/airflow/airflow_env/lib/python3.11/site-packages/airflow/example_dags/example_sensors.py for tasks to queue
[2026-04-02T05:46:27.702+0530] {logging_mixin.py:188} INFO - [2026-04-02T05:46:27.702+0530] {dagbag.py:540} INFO - Filling up the DagBag from /Users/aswin/Documents/data-engineering-practice/ETL_Airflow_DBT/airflow/airflow_env/lib/python3.11/site-packages/airflow/example_dags/example_sensors.py
[2026-04-02T05:46:27.707+0530] {processor.py:840} INFO - DAG(s) 'example_sensors' retrieved from /Users/aswin/Documents/data-engineering-practice/ETL_Airflow_DBT/airflow/airflow_env/lib/python3.11/site-packages/airflow/example_dags/example_sensors.py
[2026-04-02T05:46:27.765+0530] {logging_mixin.py:188} INFO - [2026-04-02T05:46:27.765+0530] {dag.py:3096} INFO - Sync 1 DAGs
[2026-04-02T05:46:27.773+0530] {logging_mixin.py:188} INFO - [2026-04-02T05:46:27.773+0530] {dag.py:3954} INFO - Setting next_dagrun for example_sensors to None, run_after=None
[2026-04-02T05:46:27.783+0530] {processor.py:183} INFO - Processing /Users/aswin/Documents/data-engineering-practice/ETL_Airflow_DBT/airflow/airflow_env/lib/python3.11/site-packages/airflow/example_dags/example_sensors.py took 0.083 seconds
[2026-04-02T05:46:58.716+0530] {processor.py:161} INFO - Started process (PID=23294) to work on /Users/aswin/Documents/data-engineering-practice/ETL_Airflow_DBT/airflow/airflow_env/lib/python3.11/site-packages/airflow/example_dags/example_sensors.py
[2026-04-02T05:46:58.717+0530] {processor.py:830} INFO - Processing file /Users/aswin/Documents/data-engineering-practice/ETL_Airflow_DBT/airflow/airflow_env/lib/python3.11/site-packages/airflow/example_dags/example_sensors.py for tasks to queue
[2026-04-02T05:46:58.717+0530] {logging_mixin.py:188} INFO - [2026-04-02T05:46:58.717+0530] {dagbag.py:540} INFO - Filling up the DagBag from /Users/aswin/Documents/data-engineering-practice/ETL_Airflow_DBT/airflow/airflow_env/lib/python3.11/site-packages/airflow/example_dags/example_sensors.py
[2026-04-02T05:46:58.726+0530] {processor.py:840} INFO - DAG(s) 'example_sensors' retrieved from /Users/aswin/Documents/data-engineering-practice/ETL_Airflow_DBT/airflow/airflow_env/lib/python3.11/site-packages/airflow/example_dags/example_sensors.py
[2026-04-02T05:46:58.788+0530] {logging_mixin.py:188} INFO - [2026-04-02T05:46:58.788+0530] {dag.py:3096} INFO - Sync 1 DAGs
[2026-04-02T05:46:58.793+0530] {logging_mixin.py:188} INFO - [2026-04-02T05:46:58.793+0530] {dag.py:3954} INFO - Setting next_dagrun for example_sensors to None, run_after=None
[2026-04-02T05:46:58.801+0530] {processor.py:183} INFO - Processing /Users/aswin/Documents/data-engineering-practice/ETL_Airflow_DBT/airflow/airflow_env/lib/python3.11/site-packages/airflow/example_dags/example_sensors.py took 0.086 seconds
[2026-04-02T05:47:29.792+0530] {processor.py:161} INFO - Started process (PID=23408) to work on /Users/aswin/Documents/data-engineering-practice/ETL_Airflow_DBT/airflow/airflow_env/lib/python3.11/site-packages/airflow/example_dags/example_sensors.py
[2026-04-02T05:47:29.794+0530] {processor.py:830} INFO - Processing file /Users/aswin/Documents/data-engineering-practice/ETL_Airflow_DBT/airflow/airflow_env/lib/python3.11/site-packages/airflow/example_dags/example_sensors.py for tasks to queue
[2026-04-02T05:47:29.794+0530] {logging_mixin.py:188} INFO - [2026-04-02T05:47:29.794+0530] {dagbag.py:540} INFO - Filling up the DagBag from /Users/aswin/Documents/data-engineering-practice/ETL_Airflow_DBT/airflow/airflow_env/lib/python3.11/site-packages/airflow/example_dags/example_sensors.py
[2026-04-02T05:47:29.802+0530] {processor.py:840} INFO - DAG(s) 'example_sensors' retrieved from /Users/aswin/Documents/data-engineering-practice/ETL_Airflow_DBT/airflow/airflow_env/lib/python3.11/site-packages/airflow/example_dags/example_sensors.py
[2026-04-02T05:47:29.859+0530] {logging_mixin.py:188} INFO - [2026-04-02T05:47:29.859+0530] {dag.py:3096} INFO - Sync 1 DAGs
[2026-04-02T05:47:29.865+0530] {logging_mixin.py:188} INFO - [2026-04-02T05:47:29.864+0530] {dag.py:3954} INFO - Setting next_dagrun for example_sensors to None, run_after=None
[2026-04-02T05:47:29.872+0530] {processor.py:183} INFO - Processing /Users/aswin/Documents/data-engineering-practice/ETL_Airflow_DBT/airflow/airflow_env/lib/python3.11/site-packages/airflow/example_dags/example_sensors.py took 0.081 seconds
[2026-04-02T05:48:01.321+0530] {processor.py:161} INFO - Started process (PID=23525) to work on /Users/aswin/Documents/data-engineering-practice/ETL_Airflow_DBT/airflow/airflow_env/lib/python3.11/site-packages/airflow/example_dags/example_sensors.py
[2026-04-02T05:48:01.322+0530] {processor.py:830} INFO - Processing file /Users/aswin/Documents/data-engineering-practice/ETL_Airflow_DBT/airflow/airflow_env/lib/python3.11/site-packages/airflow/example_dags/example_sensors.py for tasks to queue
[2026-04-02T05:48:01.322+0530] {logging_mixin.py:188} INFO - [2026-04-02T05:48:01.322+0530] {dagbag.py:540} INFO - Filling up the DagBag from /Users/aswin/Documents/data-engineering-practice/ETL_Airflow_DBT/airflow/airflow_env/lib/python3.11/site-packages/airflow/example_dags/example_sensors.py
[2026-04-02T05:48:01.329+0530] {processor.py:840} INFO - DAG(s) 'example_sensors' retrieved from /Users/aswin/Documents/data-engineering-practice/ETL_Airflow_DBT/airflow/airflow_env/lib/python3.11/site-packages/airflow/example_dags/example_sensors.py
[2026-04-02T05:48:01.390+0530] {logging_mixin.py:188} INFO - [2026-04-02T05:48:01.390+0530] {dag.py:3096} INFO - Sync 1 DAGs
[2026-04-02T05:48:01.401+0530] {logging_mixin.py:188} INFO - [2026-04-02T05:48:01.401+0530] {dag.py:3954} INFO - Setting next_dagrun for example_sensors to None, run_after=None
[2026-04-02T05:48:01.418+0530] {processor.py:183} INFO - Processing /Users/aswin/Documents/data-engineering-practice/ETL_Airflow_DBT/airflow/airflow_env/lib/python3.11/site-packages/airflow/example_dags/example_sensors.py took 0.098 seconds
[2026-04-02T05:48:32.493+0530] {processor.py:161} INFO - Started process (PID=23637) to work on /Users/aswin/Documents/data-engineering-practice/ETL_Airflow_DBT/airflow/airflow_env/lib/python3.11/site-packages/airflow/example_dags/example_sensors.py
[2026-04-02T05:48:32.494+0530] {processor.py:830} INFO - Processing file /Users/aswin/Documents/data-engineering-practice/ETL_Airflow_DBT/airflow/airflow_env/lib/python3.11/site-packages/airflow/example_dags/example_sensors.py for tasks to queue
[2026-04-02T05:48:32.494+0530] {logging_mixin.py:188} INFO - [2026-04-02T05:48:32.494+0530] {dagbag.py:540} INFO - Filling up the DagBag from /Users/aswin/Documents/data-engineering-practice/ETL_Airflow_DBT/airflow/airflow_env/lib/python3.11/site-packages/airflow/example_dags/example_sensors.py
[2026-04-02T05:48:32.501+0530] {processor.py:840} INFO - DAG(s) 'example_sensors' retrieved from /Users/aswin/Documents/data-engineering-practice/ETL_Airflow_DBT/airflow/airflow_env/lib/python3.11/site-packages/airflow/example_dags/example_sensors.py
[2026-04-02T05:48:32.560+0530] {logging_mixin.py:188} INFO - [2026-04-02T05:48:32.560+0530] {dag.py:3096} INFO - Sync 1 DAGs
[2026-04-02T05:48:32.566+0530] {logging_mixin.py:188} INFO - [2026-04-02T05:48:32.566+0530] {dag.py:3954} INFO - Setting next_dagrun for example_sensors to None, run_after=None
[2026-04-02T05:48:32.574+0530] {processor.py:183} INFO - Processing /Users/aswin/Documents/data-engineering-practice/ETL_Airflow_DBT/airflow/airflow_env/lib/python3.11/site-packages/airflow/example_dags/example_sensors.py took 0.082 seconds
[2026-04-02T05:49:03.789+0530] {processor.py:161} INFO - Started process (PID=23753) to work on /Users/aswin/Documents/data-engineering-practice/ETL_Airflow_DBT/airflow/airflow_env/lib/python3.11/site-packages/airflow/example_dags/example_sensors.py
[2026-04-02T05:49:03.790+0530] {processor.py:830} INFO - Processing file /Users/aswin/Documents/data-engineering-practice/ETL_Airflow_DBT/airflow/airflow_env/lib/python3.11/site-packages/airflow/example_dags/example_sensors.py for tasks to queue
[2026-04-02T05:49:03.790+0530] {logging_mixin.py:188} INFO - [2026-04-02T05:49:03.790+0530] {dagbag.py:540} INFO - Filling up the DagBag from /Users/aswin/Documents/data-engineering-practice/ETL_Airflow_DBT/airflow/airflow_env/lib/python3.11/site-packages/airflow/example_dags/example_sensors.py
[2026-04-02T05:49:03.798+0530] {processor.py:840} INFO - DAG(s) 'example_sensors' retrieved from /Users/aswin/Documents/data-engineering-practice/ETL_Airflow_DBT/airflow/airflow_env/lib/python3.11/site-packages/airflow/example_dags/example_sensors.py
[2026-04-02T05:49:03.854+0530] {logging_mixin.py:188} INFO - [2026-04-02T05:49:03.854+0530] {dag.py:3096} INFO - Sync 1 DAGs
[2026-04-02T05:49:03.860+0530] {logging_mixin.py:188} INFO - [2026-04-02T05:49:03.859+0530] {dag.py:3954} INFO - Setting next_dagrun for example_sensors to None, run_after=None
[2026-04-02T05:49:03.868+0530] {processor.py:183} INFO - Processing /Users/aswin/Documents/data-engineering-practice/ETL_Airflow_DBT/airflow/airflow_env/lib/python3.11/site-packages/airflow/example_dags/example_sensors.py took 0.079 seconds
[2026-04-02T05:49:35.243+0530] {processor.py:161} INFO - Started process (PID=23885) to work on /Users/aswin/Documents/data-engineering-practice/ETL_Airflow_DBT/airflow/airflow_env/lib/python3.11/site-packages/airflow/example_dags/example_sensors.py
[2026-04-02T05:49:35.244+0530] {processor.py:830} INFO - Processing file /Users/aswin/Documents/data-engineering-practice/ETL_Airflow_DBT/airflow/airflow_env/lib/python3.11/site-packages/airflow/example_dags/example_sensors.py for tasks to queue
[2026-04-02T05:49:35.245+0530] {logging_mixin.py:188} INFO - [2026-04-02T05:49:35.245+0530] {dagbag.py:540} INFO - Filling up the DagBag from /Users/aswin/Documents/data-engineering-practice/ETL_Airflow_DBT/airflow/airflow_env/lib/python3.11/site-packages/airflow/example_dags/example_sensors.py
[2026-04-02T05:49:35.251+0530] {processor.py:840} INFO - DAG(s) 'example_sensors' retrieved from /Users/aswin/Documents/data-engineering-practice/ETL_Airflow_DBT/airflow/airflow_env/lib/python3.11/site-packages/airflow/example_dags/example_sensors.py
[2026-04-02T05:49:35.310+0530] {logging_mixin.py:188} INFO - [2026-04-02T05:49:35.310+0530] {dag.py:3096} INFO - Sync 1 DAGs
[2026-04-02T05:49:35.316+0530] {logging_mixin.py:188} INFO - [2026-04-02T05:49:35.316+0530] {dag.py:3954} INFO - Setting next_dagrun for example_sensors to None, run_after=None
[2026-04-02T05:49:35.334+0530] {processor.py:183} INFO - Processing /Users/aswin/Documents/data-engineering-practice/ETL_Airflow_DBT/airflow/airflow_env/lib/python3.11/site-packages/airflow/example_dags/example_sensors.py took 0.091 seconds
[2026-04-02T05:50:06.561+0530] {processor.py:161} INFO - Started process (PID=24020) to work on /Users/aswin/Documents/data-engineering-practice/ETL_Airflow_DBT/airflow/airflow_env/lib/python3.11/site-packages/airflow/example_dags/example_sensors.py
[2026-04-02T05:50:06.563+0530] {processor.py:830} INFO - Processing file /Users/aswin/Documents/data-engineering-practice/ETL_Airflow_DBT/airflow/airflow_env/lib/python3.11/site-packages/airflow/example_dags/example_sensors.py for tasks to queue
[2026-04-02T05:50:06.563+0530] {logging_mixin.py:188} INFO - [2026-04-02T05:50:06.563+0530] {dagbag.py:540} INFO - Filling up the DagBag from /Users/aswin/Documents/data-engineering-practice/ETL_Airflow_DBT/airflow/airflow_env/lib/python3.11/site-packages/airflow/example_dags/example_sensors.py
[2026-04-02T05:50:06.571+0530] {processor.py:840} INFO - DAG(s) 'example_sensors' retrieved from /Users/aswin/Documents/data-engineering-practice/ETL_Airflow_DBT/airflow/airflow_env/lib/python3.11/site-packages/airflow/example_dags/example_sensors.py
[2026-04-02T05:50:06.630+0530] {logging_mixin.py:188} INFO - [2026-04-02T05:50:06.630+0530] {dag.py:3096} INFO - Sync 1 DAGs
[2026-04-02T05:50:06.636+0530] {logging_mixin.py:188} INFO - [2026-04-02T05:50:06.636+0530] {dag.py:3954} INFO - Setting next_dagrun for example_sensors to None, run_after=None
[2026-04-02T05:50:06.648+0530] {processor.py:183} INFO - Processing /Users/aswin/Documents/data-engineering-practice/ETL_Airflow_DBT/airflow/airflow_env/lib/python3.11/site-packages/airflow/example_dags/example_sensors.py took 0.087 seconds
[2026-04-02T05:50:37.566+0530] {processor.py:161} INFO - Started process (PID=24151) to work on /Users/aswin/Documents/data-engineering-practice/ETL_Airflow_DBT/airflow/airflow_env/lib/python3.11/site-packages/airflow/example_dags/example_sensors.py
[2026-04-02T05:50:37.567+0530] {processor.py:830} INFO - Processing file /Users/aswin/Documents/data-engineering-practice/ETL_Airflow_DBT/airflow/airflow_env/lib/python3.11/site-packages/airflow/example_dags/example_sensors.py for tasks to queue
[2026-04-02T05:50:37.567+0530] {logging_mixin.py:188} INFO - [2026-04-02T05:50:37.567+0530] {dagbag.py:540} INFO - Filling up the DagBag from /Users/aswin/Documents/data-engineering-practice/ETL_Airflow_DBT/airflow/airflow_env/lib/python3.11/site-packages/airflow/example_dags/example_sensors.py
[2026-04-02T05:50:37.575+0530] {processor.py:840} INFO - DAG(s) 'example_sensors' retrieved from /Users/aswin/Documents/data-engineering-practice/ETL_Airflow_DBT/airflow/airflow_env/lib/python3.11/site-packages/airflow/example_dags/example_sensors.py
[2026-04-02T05:50:37.632+0530] {logging_mixin.py:188} INFO - [2026-04-02T05:50:37.632+0530] {dag.py:3096} INFO - Sync 1 DAGs
[2026-04-02T05:50:37.638+0530] {logging_mixin.py:188} INFO - [2026-04-02T05:50:37.638+0530] {dag.py:3954} INFO - Setting next_dagrun for example_sensors to None, run_after=None
[2026-04-02T05:50:37.647+0530] {processor.py:183} INFO - Processing /Users/aswin/Documents/data-engineering-practice/ETL_Airflow_DBT/airflow/airflow_env/lib/python3.11/site-packages/airflow/example_dags/example_sensors.py took 0.083 seconds
[2026-04-02T05:51:08.499+0530] {processor.py:161} INFO - Started process (PID=24285) to work on /Users/aswin/Documents/data-engineering-practice/ETL_Airflow_DBT/airflow/airflow_env/lib/python3.11/site-packages/airflow/example_dags/example_sensors.py
[2026-04-02T05:51:08.500+0530] {processor.py:830} INFO - Processing file /Users/aswin/Documents/data-engineering-practice/ETL_Airflow_DBT/airflow/airflow_env/lib/python3.11/site-packages/airflow/example_dags/example_sensors.py for tasks to queue
[2026-04-02T05:51:08.500+0530] {logging_mixin.py:188} INFO - [2026-04-02T05:51:08.500+0530] {dagbag.py:540} INFO - Filling up the DagBag from /Users/aswin/Documents/data-engineering-practice/ETL_Airflow_DBT/airflow/airflow_env/lib/python3.11/site-packages/airflow/example_dags/example_sensors.py
[2026-04-02T05:51:08.507+0530] {processor.py:840} INFO - DAG(s) 'example_sensors' retrieved from /Users/aswin/Documents/data-engineering-practice/ETL_Airflow_DBT/airflow/airflow_env/lib/python3.11/site-packages/airflow/example_dags/example_sensors.py
[2026-04-02T05:51:08.564+0530] {logging_mixin.py:188} INFO - [2026-04-02T05:51:08.564+0530] {dag.py:3096} INFO - Sync 1 DAGs
[2026-04-02T05:51:08.569+0530] {logging_mixin.py:188} INFO - [2026-04-02T05:51:08.569+0530] {dag.py:3954} INFO - Setting next_dagrun for example_sensors to None, run_after=None
[2026-04-02T05:51:08.579+0530] {processor.py:183} INFO - Processing /Users/aswin/Documents/data-engineering-practice/ETL_Airflow_DBT/airflow/airflow_env/lib/python3.11/site-packages/airflow/example_dags/example_sensors.py took 0.081 seconds
[2026-04-02T05:51:39.353+0530] {processor.py:161} INFO - Started process (PID=24411) to work on /Users/aswin/Documents/data-engineering-practice/ETL_Airflow_DBT/airflow/airflow_env/lib/python3.11/site-packages/airflow/example_dags/example_sensors.py
[2026-04-02T05:51:39.354+0530] {processor.py:830} INFO - Processing file /Users/aswin/Documents/data-engineering-practice/ETL_Airflow_DBT/airflow/airflow_env/lib/python3.11/site-packages/airflow/example_dags/example_sensors.py for tasks to queue
[2026-04-02T05:51:39.354+0530] {logging_mixin.py:188} INFO - [2026-04-02T05:51:39.354+0530] {dagbag.py:540} INFO - Filling up the DagBag from /Users/aswin/Documents/data-engineering-practice/ETL_Airflow_DBT/airflow/airflow_env/lib/python3.11/site-packages/airflow/example_dags/example_sensors.py
[2026-04-02T05:51:39.359+0530] {processor.py:840} INFO - DAG(s) 'example_sensors' retrieved from /Users/aswin/Documents/data-engineering-practice/ETL_Airflow_DBT/airflow/airflow_env/lib/python3.11/site-packages/airflow/example_dags/example_sensors.py
[2026-04-02T05:51:39.415+0530] {logging_mixin.py:188} INFO - [2026-04-02T05:51:39.415+0530] {dag.py:3096} INFO - Sync 1 DAGs
[2026-04-02T05:51:39.421+0530] {logging_mixin.py:188} INFO - [2026-04-02T05:51:39.421+0530] {dag.py:3954} INFO - Setting next_dagrun for example_sensors to None, run_after=None
[2026-04-02T05:51:39.430+0530] {processor.py:183} INFO - Processing /Users/aswin/Documents/data-engineering-practice/ETL_Airflow_DBT/airflow/airflow_env/lib/python3.11/site-packages/airflow/example_dags/example_sensors.py took 0.078 seconds
[2026-04-02T05:52:10.318+0530] {processor.py:161} INFO - Started process (PID=24536) to work on /Users/aswin/Documents/data-engineering-practice/ETL_Airflow_DBT/airflow/airflow_env/lib/python3.11/site-packages/airflow/example_dags/example_sensors.py
[2026-04-02T05:52:10.319+0530] {processor.py:830} INFO - Processing file /Users/aswin/Documents/data-engineering-practice/ETL_Airflow_DBT/airflow/airflow_env/lib/python3.11/site-packages/airflow/example_dags/example_sensors.py for tasks to queue
[2026-04-02T05:52:10.319+0530] {logging_mixin.py:188} INFO - [2026-04-02T05:52:10.319+0530] {dagbag.py:540} INFO - Filling up the DagBag from /Users/aswin/Documents/data-engineering-practice/ETL_Airflow_DBT/airflow/airflow_env/lib/python3.11/site-packages/airflow/example_dags/example_sensors.py
[2026-04-02T05:52:10.327+0530] {processor.py:840} INFO - DAG(s) 'example_sensors' retrieved from /Users/aswin/Documents/data-engineering-practice/ETL_Airflow_DBT/airflow/airflow_env/lib/python3.11/site-packages/airflow/example_dags/example_sensors.py
[2026-04-02T05:52:10.386+0530] {logging_mixin.py:188} INFO - [2026-04-02T05:52:10.386+0530] {dag.py:3096} INFO - Sync 1 DAGs
[2026-04-02T05:52:10.392+0530] {logging_mixin.py:188} INFO - [2026-04-02T05:52:10.392+0530] {dag.py:3954} INFO - Setting next_dagrun for example_sensors to None, run_after=None
[2026-04-02T05:52:10.402+0530] {processor.py:183} INFO - Processing /Users/aswin/Documents/data-engineering-practice/ETL_Airflow_DBT/airflow/airflow_env/lib/python3.11/site-packages/airflow/example_dags/example_sensors.py took 0.085 seconds
[2026-04-02T05:52:41.487+0530] {processor.py:161} INFO - Started process (PID=24661) to work on /Users/aswin/Documents/data-engineering-practice/ETL_Airflow_DBT/airflow/airflow_env/lib/python3.11/site-packages/airflow/example_dags/example_sensors.py
[2026-04-02T05:52:41.489+0530] {processor.py:830} INFO - Processing file /Users/aswin/Documents/data-engineering-practice/ETL_Airflow_DBT/airflow/airflow_env/lib/python3.11/site-packages/airflow/example_dags/example_sensors.py for tasks to queue
[2026-04-02T05:52:41.489+0530] {logging_mixin.py:188} INFO - [2026-04-02T05:52:41.489+0530] {dagbag.py:540} INFO - Filling up the DagBag from /Users/aswin/Documents/data-engineering-practice/ETL_Airflow_DBT/airflow/airflow_env/lib/python3.11/site-packages/airflow/example_dags/example_sensors.py
[2026-04-02T05:52:41.497+0530] {processor.py:840} INFO - DAG(s) 'example_sensors' retrieved from /Users/aswin/Documents/data-engineering-practice/ETL_Airflow_DBT/airflow/airflow_env/lib/python3.11/site-packages/airflow/example_dags/example_sensors.py
[2026-04-02T05:52:41.555+0530] {logging_mixin.py:188} INFO - [2026-04-02T05:52:41.555+0530] {dag.py:3096} INFO - Sync 1 DAGs
[2026-04-02T05:52:41.561+0530] {logging_mixin.py:188} INFO - [2026-04-02T05:52:41.561+0530] {dag.py:3954} INFO - Setting next_dagrun for example_sensors to None, run_after=None
[2026-04-02T05:52:41.570+0530] {processor.py:183} INFO - Processing /Users/aswin/Documents/data-engineering-practice/ETL_Airflow_DBT/airflow/airflow_env/lib/python3.11/site-packages/airflow/example_dags/example_sensors.py took 0.084 seconds
[2026-04-02T05:53:12.847+0530] {processor.py:161} INFO - Started process (PID=24786) to work on /Users/aswin/Documents/data-engineering-practice/ETL_Airflow_DBT/airflow/airflow_env/lib/python3.11/site-packages/airflow/example_dags/example_sensors.py
[2026-04-02T05:53:12.849+0530] {processor.py:830} INFO - Processing file /Users/aswin/Documents/data-engineering-practice/ETL_Airflow_DBT/airflow/airflow_env/lib/python3.11/site-packages/airflow/example_dags/example_sensors.py for tasks to queue
[2026-04-02T05:53:12.849+0530] {logging_mixin.py:188} INFO - [2026-04-02T05:53:12.849+0530] {dagbag.py:540} INFO - Filling up the DagBag from /Users/aswin/Documents/data-engineering-practice/ETL_Airflow_DBT/airflow/airflow_env/lib/python3.11/site-packages/airflow/example_dags/example_sensors.py
[2026-04-02T05:53:12.856+0530] {processor.py:840} INFO - DAG(s) 'example_sensors' retrieved from /Users/aswin/Documents/data-engineering-practice/ETL_Airflow_DBT/airflow/airflow_env/lib/python3.11/site-packages/airflow/example_dags/example_sensors.py
[2026-04-02T05:53:12.916+0530] {logging_mixin.py:188} INFO - [2026-04-02T05:53:12.916+0530] {dag.py:3096} INFO - Sync 1 DAGs
[2026-04-02T05:53:12.922+0530] {logging_mixin.py:188} INFO - [2026-04-02T05:53:12.922+0530] {dag.py:3954} INFO - Setting next_dagrun for example_sensors to None, run_after=None
[2026-04-02T05:53:12.931+0530] {processor.py:183} INFO - Processing /Users/aswin/Documents/data-engineering-practice/ETL_Airflow_DBT/airflow/airflow_env/lib/python3.11/site-packages/airflow/example_dags/example_sensors.py took 0.084 seconds
[2026-04-02T05:53:44.245+0530] {processor.py:161} INFO - Started process (PID=24912) to work on /Users/aswin/Documents/data-engineering-practice/ETL_Airflow_DBT/airflow/airflow_env/lib/python3.11/site-packages/airflow/example_dags/example_sensors.py
[2026-04-02T05:53:44.246+0530] {processor.py:830} INFO - Processing file /Users/aswin/Documents/data-engineering-practice/ETL_Airflow_DBT/airflow/airflow_env/lib/python3.11/site-packages/airflow/example_dags/example_sensors.py for tasks to queue
[2026-04-02T05:53:44.246+0530] {logging_mixin.py:188} INFO - [2026-04-02T05:53:44.246+0530] {dagbag.py:540} INFO - Filling up the DagBag from /Users/aswin/Documents/data-engineering-practice/ETL_Airflow_DBT/airflow/airflow_env/lib/python3.11/site-packages/airflow/example_dags/example_sensors.py
[2026-04-02T05:53:44.253+0530] {processor.py:840} INFO - DAG(s) 'example_sensors' retrieved from /Users/aswin/Documents/data-engineering-practice/ETL_Airflow_DBT/airflow/airflow_env/lib/python3.11/site-packages/airflow/example_dags/example_sensors.py
[2026-04-02T05:53:44.312+0530] {logging_mixin.py:188} INFO - [2026-04-02T05:53:44.312+0530] {dag.py:3096} INFO - Sync 1 DAGs
[2026-04-02T05:53:44.318+0530] {logging_mixin.py:188} INFO - [2026-04-02T05:53:44.318+0530] {dag.py:3954} INFO - Setting next_dagrun for example_sensors to None, run_after=None
[2026-04-02T05:53:44.326+0530] {processor.py:183} INFO - Processing /Users/aswin/Documents/data-engineering-practice/ETL_Airflow_DBT/airflow/airflow_env/lib/python3.11/site-packages/airflow/example_dags/example_sensors.py took 0.082 seconds
[2026-04-02T05:54:14.982+0530] {processor.py:161} INFO - Started process (PID=25047) to work on /Users/aswin/Documents/data-engineering-practice/ETL_Airflow_DBT/airflow/airflow_env/lib/python3.11/site-packages/airflow/example_dags/example_sensors.py
[2026-04-02T05:54:14.983+0530] {processor.py:830} INFO - Processing file /Users/aswin/Documents/data-engineering-practice/ETL_Airflow_DBT/airflow/airflow_env/lib/python3.11/site-packages/airflow/example_dags/example_sensors.py for tasks to queue
[2026-04-02T05:54:14.983+0530] {logging_mixin.py:188} INFO - [2026-04-02T05:54:14.983+0530] {dagbag.py:540} INFO - Filling up the DagBag from /Users/aswin/Documents/data-engineering-practice/ETL_Airflow_DBT/airflow/airflow_env/lib/python3.11/site-packages/airflow/example_dags/example_sensors.py
[2026-04-02T05:54:14.991+0530] {processor.py:840} INFO - DAG(s) 'example_sensors' retrieved from /Users/aswin/Documents/data-engineering-practice/ETL_Airflow_DBT/airflow/airflow_env/lib/python3.11/site-packages/airflow/example_dags/example_sensors.py
[2026-04-02T05:54:15.054+0530] {logging_mixin.py:188} INFO - [2026-04-02T05:54:15.054+0530] {dag.py:3096} INFO - Sync 1 DAGs
[2026-04-02T05:54:15.060+0530] {logging_mixin.py:188} INFO - [2026-04-02T05:54:15.059+0530] {dag.py:3954} INFO - Setting next_dagrun for example_sensors to None, run_after=None
[2026-04-02T05:54:15.071+0530] {processor.py:183} INFO - Processing /Users/aswin/Documents/data-engineering-practice/ETL_Airflow_DBT/airflow/airflow_env/lib/python3.11/site-packages/airflow/example_dags/example_sensors.py took 0.090 seconds
[2026-04-02T05:54:46.082+0530] {processor.py:161} INFO - Started process (PID=25183) to work on /Users/aswin/Documents/data-engineering-practice/ETL_Airflow_DBT/airflow/airflow_env/lib/python3.11/site-packages/airflow/example_dags/example_sensors.py
[2026-04-02T05:54:46.083+0530] {processor.py:830} INFO - Processing file /Users/aswin/Documents/data-engineering-practice/ETL_Airflow_DBT/airflow/airflow_env/lib/python3.11/site-packages/airflow/example_dags/example_sensors.py for tasks to queue
[2026-04-02T05:54:46.084+0530] {logging_mixin.py:188} INFO - [2026-04-02T05:54:46.083+0530] {dagbag.py:540} INFO - Filling up the DagBag from /Users/aswin/Documents/data-engineering-practice/ETL_Airflow_DBT/airflow/airflow_env/lib/python3.11/site-packages/airflow/example_dags/example_sensors.py
[2026-04-02T05:54:46.091+0530] {processor.py:840} INFO - DAG(s) 'example_sensors' retrieved from /Users/aswin/Documents/data-engineering-practice/ETL_Airflow_DBT/airflow/airflow_env/lib/python3.11/site-packages/airflow/example_dags/example_sensors.py
[2026-04-02T05:54:46.149+0530] {logging_mixin.py:188} INFO - [2026-04-02T05:54:46.149+0530] {dag.py:3096} INFO - Sync 1 DAGs
[2026-04-02T05:54:46.155+0530] {logging_mixin.py:188} INFO - [2026-04-02T05:54:46.155+0530] {dag.py:3954} INFO - Setting next_dagrun for example_sensors to None, run_after=None
[2026-04-02T05:54:46.163+0530] {processor.py:183} INFO - Processing /Users/aswin/Documents/data-engineering-practice/ETL_Airflow_DBT/airflow/airflow_env/lib/python3.11/site-packages/airflow/example_dags/example_sensors.py took 0.082 seconds
[2026-04-02T05:55:17.025+0530] {processor.py:161} INFO - Started process (PID=25308) to work on /Users/aswin/Documents/data-engineering-practice/ETL_Airflow_DBT/airflow/airflow_env/lib/python3.11/site-packages/airflow/example_dags/example_sensors.py
[2026-04-02T05:55:17.026+0530] {processor.py:830} INFO - Processing file /Users/aswin/Documents/data-engineering-practice/ETL_Airflow_DBT/airflow/airflow_env/lib/python3.11/site-packages/airflow/example_dags/example_sensors.py for tasks to queue
[2026-04-02T05:55:17.026+0530] {logging_mixin.py:188} INFO - [2026-04-02T05:55:17.026+0530] {dagbag.py:540} INFO - Filling up the DagBag from /Users/aswin/Documents/data-engineering-practice/ETL_Airflow_DBT/airflow/airflow_env/lib/python3.11/site-packages/airflow/example_dags/example_sensors.py
[2026-04-02T05:55:17.032+0530] {processor.py:840} INFO - DAG(s) 'example_sensors' retrieved from /Users/aswin/Documents/data-engineering-practice/ETL_Airflow_DBT/airflow/airflow_env/lib/python3.11/site-packages/airflow/example_dags/example_sensors.py
[2026-04-02T05:55:17.094+0530] {logging_mixin.py:188} INFO - [2026-04-02T05:55:17.094+0530] {dag.py:3096} INFO - Sync 1 DAGs
[2026-04-02T05:55:17.100+0530] {logging_mixin.py:188} INFO - [2026-04-02T05:55:17.100+0530] {dag.py:3954} INFO - Setting next_dagrun for example_sensors to None, run_after=None
[2026-04-02T05:55:17.108+0530] {processor.py:183} INFO - Processing /Users/aswin/Documents/data-engineering-practice/ETL_Airflow_DBT/airflow/airflow_env/lib/python3.11/site-packages/airflow/example_dags/example_sensors.py took 0.084 seconds
[2026-04-02T05:55:48.120+0530] {processor.py:161} INFO - Started process (PID=25481) to work on /Users/aswin/Documents/data-engineering-practice/ETL_Airflow_DBT/airflow/airflow_env/lib/python3.11/site-packages/airflow/example_dags/example_sensors.py
[2026-04-02T05:55:48.121+0530] {processor.py:830} INFO - Processing file /Users/aswin/Documents/data-engineering-practice/ETL_Airflow_DBT/airflow/airflow_env/lib/python3.11/site-packages/airflow/example_dags/example_sensors.py for tasks to queue
[2026-04-02T05:55:48.121+0530] {logging_mixin.py:188} INFO - [2026-04-02T05:55:48.121+0530] {dagbag.py:540} INFO - Filling up the DagBag from /Users/aswin/Documents/data-engineering-practice/ETL_Airflow_DBT/airflow/airflow_env/lib/python3.11/site-packages/airflow/example_dags/example_sensors.py
[2026-04-02T05:55:48.129+0530] {processor.py:840} INFO - DAG(s) 'example_sensors' retrieved from /Users/aswin/Documents/data-engineering-practice/ETL_Airflow_DBT/airflow/airflow_env/lib/python3.11/site-packages/airflow/example_dags/example_sensors.py
[2026-04-02T05:55:48.186+0530] {logging_mixin.py:188} INFO - [2026-04-02T05:55:48.186+0530] {dag.py:3096} INFO - Sync 1 DAGs
[2026-04-02T05:55:48.191+0530] {logging_mixin.py:188} INFO - [2026-04-02T05:55:48.191+0530] {dag.py:3954} INFO - Setting next_dagrun for example_sensors to None, run_after=None
[2026-04-02T05:55:48.200+0530] {processor.py:183} INFO - Processing /Users/aswin/Documents/data-engineering-practice/ETL_Airflow_DBT/airflow/airflow_env/lib/python3.11/site-packages/airflow/example_dags/example_sensors.py took 0.082 seconds
[2026-04-02T05:56:19.426+0530] {processor.py:161} INFO - Started process (PID=25614) to work on /Users/aswin/Documents/data-engineering-practice/ETL_Airflow_DBT/airflow/airflow_env/lib/python3.11/site-packages/airflow/example_dags/example_sensors.py
[2026-04-02T05:56:19.427+0530] {processor.py:830} INFO - Processing file /Users/aswin/Documents/data-engineering-practice/ETL_Airflow_DBT/airflow/airflow_env/lib/python3.11/site-packages/airflow/example_dags/example_sensors.py for tasks to queue
[2026-04-02T05:56:19.427+0530] {logging_mixin.py:188} INFO - [2026-04-02T05:56:19.427+0530] {dagbag.py:540} INFO - Filling up the DagBag from /Users/aswin/Documents/data-engineering-practice/ETL_Airflow_DBT/airflow/airflow_env/lib/python3.11/site-packages/airflow/example_dags/example_sensors.py
[2026-04-02T05:56:19.434+0530] {processor.py:840} INFO - DAG(s) 'example_sensors' retrieved from /Users/aswin/Documents/data-engineering-practice/ETL_Airflow_DBT/airflow/airflow_env/lib/python3.11/site-packages/airflow/example_dags/example_sensors.py
[2026-04-02T05:56:19.498+0530] {logging_mixin.py:188} INFO - [2026-04-02T05:56:19.498+0530] {dag.py:3096} INFO - Sync 1 DAGs
[2026-04-02T05:56:19.503+0530] {logging_mixin.py:188} INFO - [2026-04-02T05:56:19.503+0530] {dag.py:3954} INFO - Setting next_dagrun for example_sensors to None, run_after=None
[2026-04-02T05:56:19.512+0530] {processor.py:183} INFO - Processing /Users/aswin/Documents/data-engineering-practice/ETL_Airflow_DBT/airflow/airflow_env/lib/python3.11/site-packages/airflow/example_dags/example_sensors.py took 0.087 seconds
[2026-04-02T05:56:50.714+0530] {processor.py:161} INFO - Started process (PID=25737) to work on /Users/aswin/Documents/data-engineering-practice/ETL_Airflow_DBT/airflow/airflow_env/lib/python3.11/site-packages/airflow/example_dags/example_sensors.py
[2026-04-02T05:56:50.714+0530] {processor.py:830} INFO - Processing file /Users/aswin/Documents/data-engineering-practice/ETL_Airflow_DBT/airflow/airflow_env/lib/python3.11/site-packages/airflow/example_dags/example_sensors.py for tasks to queue
[2026-04-02T05:56:50.715+0530] {logging_mixin.py:188} INFO - [2026-04-02T05:56:50.714+0530] {dagbag.py:540} INFO - Filling up the DagBag from /Users/aswin/Documents/data-engineering-practice/ETL_Airflow_DBT/airflow/airflow_env/lib/python3.11/site-packages/airflow/example_dags/example_sensors.py
[2026-04-02T05:56:50.721+0530] {processor.py:840} INFO - DAG(s) 'example_sensors' retrieved from /Users/aswin/Documents/data-engineering-practice/ETL_Airflow_DBT/airflow/airflow_env/lib/python3.11/site-packages/airflow/example_dags/example_sensors.py
[2026-04-02T05:56:50.780+0530] {logging_mixin.py:188} INFO - [2026-04-02T05:56:50.779+0530] {dag.py:3096} INFO - Sync 1 DAGs
[2026-04-02T05:56:50.786+0530] {logging_mixin.py:188} INFO - [2026-04-02T05:56:50.786+0530] {dag.py:3954} INFO - Setting next_dagrun for example_sensors to None, run_after=None
[2026-04-02T05:56:50.794+0530] {processor.py:183} INFO - Processing /Users/aswin/Documents/data-engineering-practice/ETL_Airflow_DBT/airflow/airflow_env/lib/python3.11/site-packages/airflow/example_dags/example_sensors.py took 0.082 seconds
[2026-04-02T05:57:21.887+0530] {processor.py:161} INFO - Started process (PID=25864) to work on /Users/aswin/Documents/data-engineering-practice/ETL_Airflow_DBT/airflow/airflow_env/lib/python3.11/site-packages/airflow/example_dags/example_sensors.py
[2026-04-02T05:57:21.888+0530] {processor.py:830} INFO - Processing file /Users/aswin/Documents/data-engineering-practice/ETL_Airflow_DBT/airflow/airflow_env/lib/python3.11/site-packages/airflow/example_dags/example_sensors.py for tasks to queue
[2026-04-02T05:57:21.888+0530] {logging_mixin.py:188} INFO - [2026-04-02T05:57:21.888+0530] {dagbag.py:540} INFO - Filling up the DagBag from /Users/aswin/Documents/data-engineering-practice/ETL_Airflow_DBT/airflow/airflow_env/lib/python3.11/site-packages/airflow/example_dags/example_sensors.py
[2026-04-02T05:57:21.895+0530] {processor.py:840} INFO - DAG(s) 'example_sensors' retrieved from /Users/aswin/Documents/data-engineering-practice/ETL_Airflow_DBT/airflow/airflow_env/lib/python3.11/site-packages/airflow/example_dags/example_sensors.py
[2026-04-02T05:57:21.954+0530] {logging_mixin.py:188} INFO - [2026-04-02T05:57:21.953+0530] {dag.py:3096} INFO - Sync 1 DAGs
[2026-04-02T05:57:21.960+0530] {logging_mixin.py:188} INFO - [2026-04-02T05:57:21.960+0530] {dag.py:3954} INFO - Setting next_dagrun for example_sensors to None, run_after=None
[2026-04-02T05:57:21.968+0530] {processor.py:183} INFO - Processing /Users/aswin/Documents/data-engineering-practice/ETL_Airflow_DBT/airflow/airflow_env/lib/python3.11/site-packages/airflow/example_dags/example_sensors.py took 0.082 seconds
[2026-04-02T05:57:53.141+0530] {processor.py:161} INFO - Started process (PID=25997) to work on /Users/aswin/Documents/data-engineering-practice/ETL_Airflow_DBT/airflow/airflow_env/lib/python3.11/site-packages/airflow/example_dags/example_sensors.py
[2026-04-02T05:57:53.141+0530] {processor.py:830} INFO - Processing file /Users/aswin/Documents/data-engineering-practice/ETL_Airflow_DBT/airflow/airflow_env/lib/python3.11/site-packages/airflow/example_dags/example_sensors.py for tasks to queue
[2026-04-02T05:57:53.141+0530] {logging_mixin.py:188} INFO - [2026-04-02T05:57:53.141+0530] {dagbag.py:540} INFO - Filling up the DagBag from /Users/aswin/Documents/data-engineering-practice/ETL_Airflow_DBT/airflow/airflow_env/lib/python3.11/site-packages/airflow/example_dags/example_sensors.py
[2026-04-02T05:57:53.149+0530] {processor.py:840} INFO - DAG(s) 'example_sensors' retrieved from /Users/aswin/Documents/data-engineering-practice/ETL_Airflow_DBT/airflow/airflow_env/lib/python3.11/site-packages/airflow/example_dags/example_sensors.py
[2026-04-02T05:57:53.207+0530] {logging_mixin.py:188} INFO - [2026-04-02T05:57:53.206+0530] {dag.py:3096} INFO - Sync 1 DAGs
[2026-04-02T05:57:53.214+0530] {logging_mixin.py:188} INFO - [2026-04-02T05:57:53.214+0530] {dag.py:3954} INFO - Setting next_dagrun for example_sensors to None, run_after=None
[2026-04-02T05:57:53.224+0530] {processor.py:183} INFO - Processing /Users/aswin/Documents/data-engineering-practice/ETL_Airflow_DBT/airflow/airflow_env/lib/python3.11/site-packages/airflow/example_dags/example_sensors.py took 0.084 seconds
[2026-04-02T05:58:24.351+0530] {processor.py:161} INFO - Started process (PID=26121) to work on /Users/aswin/Documents/data-engineering-practice/ETL_Airflow_DBT/airflow/airflow_env/lib/python3.11/site-packages/airflow/example_dags/example_sensors.py
[2026-04-02T05:58:24.351+0530] {processor.py:830} INFO - Processing file /Users/aswin/Documents/data-engineering-practice/ETL_Airflow_DBT/airflow/airflow_env/lib/python3.11/site-packages/airflow/example_dags/example_sensors.py for tasks to queue
[2026-04-02T05:58:24.352+0530] {logging_mixin.py:188} INFO - [2026-04-02T05:58:24.352+0530] {dagbag.py:540} INFO - Filling up the DagBag from /Users/aswin/Documents/data-engineering-practice/ETL_Airflow_DBT/airflow/airflow_env/lib/python3.11/site-packages/airflow/example_dags/example_sensors.py
[2026-04-02T05:58:24.359+0530] {processor.py:840} INFO - DAG(s) 'example_sensors' retrieved from /Users/aswin/Documents/data-engineering-practice/ETL_Airflow_DBT/airflow/airflow_env/lib/python3.11/site-packages/airflow/example_dags/example_sensors.py
[2026-04-02T05:58:24.417+0530] {logging_mixin.py:188} INFO - [2026-04-02T05:58:24.417+0530] {dag.py:3096} INFO - Sync 1 DAGs
[2026-04-02T05:58:24.424+0530] {logging_mixin.py:188} INFO - [2026-04-02T05:58:24.424+0530] {dag.py:3954} INFO - Setting next_dagrun for example_sensors to None, run_after=None
[2026-04-02T05:58:24.432+0530] {processor.py:183} INFO - Processing /Users/aswin/Documents/data-engineering-practice/ETL_Airflow_DBT/airflow/airflow_env/lib/python3.11/site-packages/airflow/example_dags/example_sensors.py took 0.082 seconds
[2026-04-02T05:58:55.589+0530] {processor.py:161} INFO - Started process (PID=26247) to work on /Users/aswin/Documents/data-engineering-practice/ETL_Airflow_DBT/airflow/airflow_env/lib/python3.11/site-packages/airflow/example_dags/example_sensors.py
[2026-04-02T05:58:55.591+0530] {processor.py:830} INFO - Processing file /Users/aswin/Documents/data-engineering-practice/ETL_Airflow_DBT/airflow/airflow_env/lib/python3.11/site-packages/airflow/example_dags/example_sensors.py for tasks to queue
[2026-04-02T05:58:55.591+0530] {logging_mixin.py:188} INFO - [2026-04-02T05:58:55.591+0530] {dagbag.py:540} INFO - Filling up the DagBag from /Users/aswin/Documents/data-engineering-practice/ETL_Airflow_DBT/airflow/airflow_env/lib/python3.11/site-packages/airflow/example_dags/example_sensors.py
[2026-04-02T05:58:55.599+0530] {processor.py:840} INFO - DAG(s) 'example_sensors' retrieved from /Users/aswin/Documents/data-engineering-practice/ETL_Airflow_DBT/airflow/airflow_env/lib/python3.11/site-packages/airflow/example_dags/example_sensors.py
[2026-04-02T05:58:55.656+0530] {logging_mixin.py:188} INFO - [2026-04-02T05:58:55.656+0530] {dag.py:3096} INFO - Sync 1 DAGs
[2026-04-02T05:58:55.662+0530] {logging_mixin.py:188} INFO - [2026-04-02T05:58:55.662+0530] {dag.py:3954} INFO - Setting next_dagrun for example_sensors to None, run_after=None
[2026-04-02T05:58:55.670+0530] {processor.py:183} INFO - Processing /Users/aswin/Documents/data-engineering-practice/ETL_Airflow_DBT/airflow/airflow_env/lib/python3.11/site-packages/airflow/example_dags/example_sensors.py took 0.082 seconds
[2026-04-02T05:59:26.604+0530] {processor.py:161} INFO - Started process (PID=26381) to work on /Users/aswin/Documents/data-engineering-practice/ETL_Airflow_DBT/airflow/airflow_env/lib/python3.11/site-packages/airflow/example_dags/example_sensors.py
[2026-04-02T05:59:26.605+0530] {processor.py:830} INFO - Processing file /Users/aswin/Documents/data-engineering-practice/ETL_Airflow_DBT/airflow/airflow_env/lib/python3.11/site-packages/airflow/example_dags/example_sensors.py for tasks to queue
[2026-04-02T05:59:26.605+0530] {logging_mixin.py:188} INFO - [2026-04-02T05:59:26.605+0530] {dagbag.py:540} INFO - Filling up the DagBag from /Users/aswin/Documents/data-engineering-practice/ETL_Airflow_DBT/airflow/airflow_env/lib/python3.11/site-packages/airflow/example_dags/example_sensors.py
[2026-04-02T05:59:26.612+0530] {processor.py:840} INFO - DAG(s) 'example_sensors' retrieved from /Users/aswin/Documents/data-engineering-practice/ETL_Airflow_DBT/airflow/airflow_env/lib/python3.11/site-packages/airflow/example_dags/example_sensors.py
[2026-04-02T05:59:26.669+0530] {logging_mixin.py:188} INFO - [2026-04-02T05:59:26.668+0530] {dag.py:3096} INFO - Sync 1 DAGs
[2026-04-02T05:59:26.675+0530] {logging_mixin.py:188} INFO - [2026-04-02T05:59:26.675+0530] {dag.py:3954} INFO - Setting next_dagrun for example_sensors to None, run_after=None
[2026-04-02T05:59:26.684+0530] {processor.py:183} INFO - Processing /Users/aswin/Documents/data-engineering-practice/ETL_Airflow_DBT/airflow/airflow_env/lib/python3.11/site-packages/airflow/example_dags/example_sensors.py took 0.081 seconds
[2026-04-02T05:59:58.378+0530] {processor.py:161} INFO - Started process (PID=26511) to work on /Users/aswin/Documents/data-engineering-practice/ETL_Airflow_DBT/airflow/airflow_env/lib/python3.11/site-packages/airflow/example_dags/example_sensors.py
[2026-04-02T05:59:58.379+0530] {processor.py:830} INFO - Processing file /Users/aswin/Documents/data-engineering-practice/ETL_Airflow_DBT/airflow/airflow_env/lib/python3.11/site-packages/airflow/example_dags/example_sensors.py for tasks to queue
[2026-04-02T05:59:58.379+0530] {logging_mixin.py:188} INFO - [2026-04-02T05:59:58.379+0530] {dagbag.py:540} INFO - Filling up the DagBag from /Users/aswin/Documents/data-engineering-practice/ETL_Airflow_DBT/airflow/airflow_env/lib/python3.11/site-packages/airflow/example_dags/example_sensors.py
[2026-04-02T05:59:58.386+0530] {processor.py:840} INFO - DAG(s) 'example_sensors' retrieved from /Users/aswin/Documents/data-engineering-practice/ETL_Airflow_DBT/airflow/airflow_env/lib/python3.11/site-packages/airflow/example_dags/example_sensors.py
[2026-04-02T05:59:58.445+0530] {logging_mixin.py:188} INFO - [2026-04-02T05:59:58.444+0530] {dag.py:3096} INFO - Sync 1 DAGs
[2026-04-02T05:59:58.450+0530] {logging_mixin.py:188} INFO - [2026-04-02T05:59:58.450+0530] {dag.py:3954} INFO - Setting next_dagrun for example_sensors to None, run_after=None
[2026-04-02T05:59:58.459+0530] {processor.py:183} INFO - Processing /Users/aswin/Documents/data-engineering-practice/ETL_Airflow_DBT/airflow/airflow_env/lib/python3.11/site-packages/airflow/example_dags/example_sensors.py took 0.082 seconds
[2026-04-02T06:00:29.289+0530] {processor.py:161} INFO - Started process (PID=26637) to work on /Users/aswin/Documents/data-engineering-practice/ETL_Airflow_DBT/airflow/airflow_env/lib/python3.11/site-packages/airflow/example_dags/example_sensors.py
[2026-04-02T06:00:29.290+0530] {processor.py:830} INFO - Processing file /Users/aswin/Documents/data-engineering-practice/ETL_Airflow_DBT/airflow/airflow_env/lib/python3.11/site-packages/airflow/example_dags/example_sensors.py for tasks to queue
[2026-04-02T06:00:29.291+0530] {logging_mixin.py:188} INFO - [2026-04-02T06:00:29.291+0530] {dagbag.py:540} INFO - Filling up the DagBag from /Users/aswin/Documents/data-engineering-practice/ETL_Airflow_DBT/airflow/airflow_env/lib/python3.11/site-packages/airflow/example_dags/example_sensors.py
[2026-04-02T06:00:29.297+0530] {processor.py:840} INFO - DAG(s) 'example_sensors' retrieved from /Users/aswin/Documents/data-engineering-practice/ETL_Airflow_DBT/airflow/airflow_env/lib/python3.11/site-packages/airflow/example_dags/example_sensors.py
[2026-04-02T06:00:29.356+0530] {logging_mixin.py:188} INFO - [2026-04-02T06:00:29.356+0530] {dag.py:3096} INFO - Sync 1 DAGs
[2026-04-02T06:00:29.362+0530] {logging_mixin.py:188} INFO - [2026-04-02T06:00:29.362+0530] {dag.py:3954} INFO - Setting next_dagrun for example_sensors to None, run_after=None
[2026-04-02T06:00:29.370+0530] {processor.py:183} INFO - Processing /Users/aswin/Documents/data-engineering-practice/ETL_Airflow_DBT/airflow/airflow_env/lib/python3.11/site-packages/airflow/example_dags/example_sensors.py took 0.082 seconds
[2026-04-02T06:01:00.439+0530] {processor.py:161} INFO - Started process (PID=26768) to work on /Users/aswin/Documents/data-engineering-practice/ETL_Airflow_DBT/airflow/airflow_env/lib/python3.11/site-packages/airflow/example_dags/example_sensors.py
[2026-04-02T06:01:00.441+0530] {processor.py:830} INFO - Processing file /Users/aswin/Documents/data-engineering-practice/ETL_Airflow_DBT/airflow/airflow_env/lib/python3.11/site-packages/airflow/example_dags/example_sensors.py for tasks to queue
[2026-04-02T06:01:00.442+0530] {logging_mixin.py:188} INFO - [2026-04-02T06:01:00.442+0530] {dagbag.py:540} INFO - Filling up the DagBag from /Users/aswin/Documents/data-engineering-practice/ETL_Airflow_DBT/airflow/airflow_env/lib/python3.11/site-packages/airflow/example_dags/example_sensors.py
[2026-04-02T06:01:00.449+0530] {processor.py:840} INFO - DAG(s) 'example_sensors' retrieved from /Users/aswin/Documents/data-engineering-practice/ETL_Airflow_DBT/airflow/airflow_env/lib/python3.11/site-packages/airflow/example_dags/example_sensors.py
[2026-04-02T06:01:00.505+0530] {logging_mixin.py:188} INFO - [2026-04-02T06:01:00.505+0530] {dag.py:3096} INFO - Sync 1 DAGs
[2026-04-02T06:01:00.511+0530] {logging_mixin.py:188} INFO - [2026-04-02T06:01:00.510+0530] {dag.py:3954} INFO - Setting next_dagrun for example_sensors to None, run_after=None
[2026-04-02T06:01:00.519+0530] {processor.py:183} INFO - Processing /Users/aswin/Documents/data-engineering-practice/ETL_Airflow_DBT/airflow/airflow_env/lib/python3.11/site-packages/airflow/example_dags/example_sensors.py took 0.081 seconds
[2026-04-02T06:01:31.321+0530] {processor.py:161} INFO - Started process (PID=26894) to work on /Users/aswin/Documents/data-engineering-practice/ETL_Airflow_DBT/airflow/airflow_env/lib/python3.11/site-packages/airflow/example_dags/example_sensors.py
[2026-04-02T06:01:31.321+0530] {processor.py:830} INFO - Processing file /Users/aswin/Documents/data-engineering-practice/ETL_Airflow_DBT/airflow/airflow_env/lib/python3.11/site-packages/airflow/example_dags/example_sensors.py for tasks to queue
[2026-04-02T06:01:31.322+0530] {logging_mixin.py:188} INFO - [2026-04-02T06:01:31.321+0530] {dagbag.py:540} INFO - Filling up the DagBag from /Users/aswin/Documents/data-engineering-practice/ETL_Airflow_DBT/airflow/airflow_env/lib/python3.11/site-packages/airflow/example_dags/example_sensors.py
[2026-04-02T06:01:31.329+0530] {processor.py:840} INFO - DAG(s) 'example_sensors' retrieved from /Users/aswin/Documents/data-engineering-practice/ETL_Airflow_DBT/airflow/airflow_env/lib/python3.11/site-packages/airflow/example_dags/example_sensors.py
[2026-04-02T06:01:31.393+0530] {logging_mixin.py:188} INFO - [2026-04-02T06:01:31.393+0530] {dag.py:3096} INFO - Sync 1 DAGs
[2026-04-02T06:01:31.398+0530] {logging_mixin.py:188} INFO - [2026-04-02T06:01:31.398+0530] {dag.py:3954} INFO - Setting next_dagrun for example_sensors to None, run_after=None
[2026-04-02T06:01:31.412+0530] {processor.py:183} INFO - Processing /Users/aswin/Documents/data-engineering-practice/ETL_Airflow_DBT/airflow/airflow_env/lib/python3.11/site-packages/airflow/example_dags/example_sensors.py took 0.092 seconds
[2026-04-02T06:02:02.517+0530] {processor.py:161} INFO - Started process (PID=27033) to work on /Users/aswin/Documents/data-engineering-practice/ETL_Airflow_DBT/airflow/airflow_env/lib/python3.11/site-packages/airflow/example_dags/example_sensors.py
[2026-04-02T06:02:02.518+0530] {processor.py:830} INFO - Processing file /Users/aswin/Documents/data-engineering-practice/ETL_Airflow_DBT/airflow/airflow_env/lib/python3.11/site-packages/airflow/example_dags/example_sensors.py for tasks to queue
[2026-04-02T06:02:02.519+0530] {logging_mixin.py:188} INFO - [2026-04-02T06:02:02.519+0530] {dagbag.py:540} INFO - Filling up the DagBag from /Users/aswin/Documents/data-engineering-practice/ETL_Airflow_DBT/airflow/airflow_env/lib/python3.11/site-packages/airflow/example_dags/example_sensors.py
[2026-04-02T06:02:02.525+0530] {processor.py:840} INFO - DAG(s) 'example_sensors' retrieved from /Users/aswin/Documents/data-engineering-practice/ETL_Airflow_DBT/airflow/airflow_env/lib/python3.11/site-packages/airflow/example_dags/example_sensors.py
[2026-04-02T06:02:02.588+0530] {logging_mixin.py:188} INFO - [2026-04-02T06:02:02.588+0530] {dag.py:3096} INFO - Sync 1 DAGs
[2026-04-02T06:02:02.594+0530] {logging_mixin.py:188} INFO - [2026-04-02T06:02:02.594+0530] {dag.py:3954} INFO - Setting next_dagrun for example_sensors to None, run_after=None
[2026-04-02T06:02:02.603+0530] {processor.py:183} INFO - Processing /Users/aswin/Documents/data-engineering-practice/ETL_Airflow_DBT/airflow/airflow_env/lib/python3.11/site-packages/airflow/example_dags/example_sensors.py took 0.087 seconds
[2026-04-02T06:02:33.729+0530] {processor.py:161} INFO - Started process (PID=27163) to work on /Users/aswin/Documents/data-engineering-practice/ETL_Airflow_DBT/airflow/airflow_env/lib/python3.11/site-packages/airflow/example_dags/example_sensors.py
[2026-04-02T06:02:33.730+0530] {processor.py:830} INFO - Processing file /Users/aswin/Documents/data-engineering-practice/ETL_Airflow_DBT/airflow/airflow_env/lib/python3.11/site-packages/airflow/example_dags/example_sensors.py for tasks to queue
[2026-04-02T06:02:33.730+0530] {logging_mixin.py:188} INFO - [2026-04-02T06:02:33.730+0530] {dagbag.py:540} INFO - Filling up the DagBag from /Users/aswin/Documents/data-engineering-practice/ETL_Airflow_DBT/airflow/airflow_env/lib/python3.11/site-packages/airflow/example_dags/example_sensors.py
[2026-04-02T06:02:33.738+0530] {processor.py:840} INFO - DAG(s) 'example_sensors' retrieved from /Users/aswin/Documents/data-engineering-practice/ETL_Airflow_DBT/airflow/airflow_env/lib/python3.11/site-packages/airflow/example_dags/example_sensors.py
[2026-04-02T06:02:33.795+0530] {logging_mixin.py:188} INFO - [2026-04-02T06:02:33.795+0530] {dag.py:3096} INFO - Sync 1 DAGs
[2026-04-02T06:02:33.802+0530] {logging_mixin.py:188} INFO - [2026-04-02T06:02:33.802+0530] {dag.py:3954} INFO - Setting next_dagrun for example_sensors to None, run_after=None
[2026-04-02T06:02:33.811+0530] {processor.py:183} INFO - Processing /Users/aswin/Documents/data-engineering-practice/ETL_Airflow_DBT/airflow/airflow_env/lib/python3.11/site-packages/airflow/example_dags/example_sensors.py took 0.082 seconds
[2026-04-02T06:03:04.769+0530] {processor.py:161} INFO - Started process (PID=27290) to work on /Users/aswin/Documents/data-engineering-practice/ETL_Airflow_DBT/airflow/airflow_env/lib/python3.11/site-packages/airflow/example_dags/example_sensors.py
[2026-04-02T06:03:04.770+0530] {processor.py:830} INFO - Processing file /Users/aswin/Documents/data-engineering-practice/ETL_Airflow_DBT/airflow/airflow_env/lib/python3.11/site-packages/airflow/example_dags/example_sensors.py for tasks to queue
[2026-04-02T06:03:04.770+0530] {logging_mixin.py:188} INFO - [2026-04-02T06:03:04.770+0530] {dagbag.py:540} INFO - Filling up the DagBag from /Users/aswin/Documents/data-engineering-practice/ETL_Airflow_DBT/airflow/airflow_env/lib/python3.11/site-packages/airflow/example_dags/example_sensors.py
[2026-04-02T06:03:04.777+0530] {processor.py:840} INFO - DAG(s) 'example_sensors' retrieved from /Users/aswin/Documents/data-engineering-practice/ETL_Airflow_DBT/airflow/airflow_env/lib/python3.11/site-packages/airflow/example_dags/example_sensors.py
[2026-04-02T06:03:04.835+0530] {logging_mixin.py:188} INFO - [2026-04-02T06:03:04.835+0530] {dag.py:3096} INFO - Sync 1 DAGs
[2026-04-02T06:03:04.841+0530] {logging_mixin.py:188} INFO - [2026-04-02T06:03:04.841+0530] {dag.py:3954} INFO - Setting next_dagrun for example_sensors to None, run_after=None
[2026-04-02T06:03:04.850+0530] {processor.py:183} INFO - Processing /Users/aswin/Documents/data-engineering-practice/ETL_Airflow_DBT/airflow/airflow_env/lib/python3.11/site-packages/airflow/example_dags/example_sensors.py took 0.082 seconds
[2026-04-02T06:03:35.883+0530] {processor.py:161} INFO - Started process (PID=27416) to work on /Users/aswin/Documents/data-engineering-practice/ETL_Airflow_DBT/airflow/airflow_env/lib/python3.11/site-packages/airflow/example_dags/example_sensors.py
[2026-04-02T06:03:35.884+0530] {processor.py:830} INFO - Processing file /Users/aswin/Documents/data-engineering-practice/ETL_Airflow_DBT/airflow/airflow_env/lib/python3.11/site-packages/airflow/example_dags/example_sensors.py for tasks to queue
[2026-04-02T06:03:35.885+0530] {logging_mixin.py:188} INFO - [2026-04-02T06:03:35.884+0530] {dagbag.py:540} INFO - Filling up the DagBag from /Users/aswin/Documents/data-engineering-practice/ETL_Airflow_DBT/airflow/airflow_env/lib/python3.11/site-packages/airflow/example_dags/example_sensors.py
[2026-04-02T06:03:35.892+0530] {processor.py:840} INFO - DAG(s) 'example_sensors' retrieved from /Users/aswin/Documents/data-engineering-practice/ETL_Airflow_DBT/airflow/airflow_env/lib/python3.11/site-packages/airflow/example_dags/example_sensors.py
[2026-04-02T06:03:35.949+0530] {logging_mixin.py:188} INFO - [2026-04-02T06:03:35.949+0530] {dag.py:3096} INFO - Sync 1 DAGs
[2026-04-02T06:03:35.955+0530] {logging_mixin.py:188} INFO - [2026-04-02T06:03:35.955+0530] {dag.py:3954} INFO - Setting next_dagrun for example_sensors to None, run_after=None
[2026-04-02T06:03:35.965+0530] {processor.py:183} INFO - Processing /Users/aswin/Documents/data-engineering-practice/ETL_Airflow_DBT/airflow/airflow_env/lib/python3.11/site-packages/airflow/example_dags/example_sensors.py took 0.083 seconds
[2026-04-02T06:04:07.195+0530] {processor.py:161} INFO - Started process (PID=27541) to work on /Users/aswin/Documents/data-engineering-practice/ETL_Airflow_DBT/airflow/airflow_env/lib/python3.11/site-packages/airflow/example_dags/example_sensors.py
[2026-04-02T06:04:07.196+0530] {processor.py:830} INFO - Processing file /Users/aswin/Documents/data-engineering-practice/ETL_Airflow_DBT/airflow/airflow_env/lib/python3.11/site-packages/airflow/example_dags/example_sensors.py for tasks to queue
[2026-04-02T06:04:07.196+0530] {logging_mixin.py:188} INFO - [2026-04-02T06:04:07.196+0530] {dagbag.py:540} INFO - Filling up the DagBag from /Users/aswin/Documents/data-engineering-practice/ETL_Airflow_DBT/airflow/airflow_env/lib/python3.11/site-packages/airflow/example_dags/example_sensors.py
[2026-04-02T06:04:07.204+0530] {processor.py:840} INFO - DAG(s) 'example_sensors' retrieved from /Users/aswin/Documents/data-engineering-practice/ETL_Airflow_DBT/airflow/airflow_env/lib/python3.11/site-packages/airflow/example_dags/example_sensors.py
[2026-04-02T06:04:07.262+0530] {logging_mixin.py:188} INFO - [2026-04-02T06:04:07.262+0530] {dag.py:3096} INFO - Sync 1 DAGs
[2026-04-02T06:04:07.273+0530] {logging_mixin.py:188} INFO - [2026-04-02T06:04:07.273+0530] {dag.py:3954} INFO - Setting next_dagrun for example_sensors to None, run_after=None
[2026-04-02T06:04:07.281+0530] {processor.py:183} INFO - Processing /Users/aswin/Documents/data-engineering-practice/ETL_Airflow_DBT/airflow/airflow_env/lib/python3.11/site-packages/airflow/example_dags/example_sensors.py took 0.087 seconds
[2026-04-02T06:04:38.305+0530] {processor.py:161} INFO - Started process (PID=27691) to work on /Users/aswin/Documents/data-engineering-practice/ETL_Airflow_DBT/airflow/airflow_env/lib/python3.11/site-packages/airflow/example_dags/example_sensors.py
[2026-04-02T06:04:38.305+0530] {processor.py:830} INFO - Processing file /Users/aswin/Documents/data-engineering-practice/ETL_Airflow_DBT/airflow/airflow_env/lib/python3.11/site-packages/airflow/example_dags/example_sensors.py for tasks to queue
[2026-04-02T06:04:38.306+0530] {logging_mixin.py:188} INFO - [2026-04-02T06:04:38.306+0530] {dagbag.py:540} INFO - Filling up the DagBag from /Users/aswin/Documents/data-engineering-practice/ETL_Airflow_DBT/airflow/airflow_env/lib/python3.11/site-packages/airflow/example_dags/example_sensors.py
[2026-04-02T06:04:38.314+0530] {processor.py:840} INFO - DAG(s) 'example_sensors' retrieved from /Users/aswin/Documents/data-engineering-practice/ETL_Airflow_DBT/airflow/airflow_env/lib/python3.11/site-packages/airflow/example_dags/example_sensors.py
[2026-04-02T06:04:38.413+0530] {logging_mixin.py:188} INFO - [2026-04-02T06:04:38.412+0530] {dag.py:3096} INFO - Sync 1 DAGs
[2026-04-02T06:04:38.418+0530] {logging_mixin.py:188} INFO - [2026-04-02T06:04:38.418+0530] {dag.py:3954} INFO - Setting next_dagrun for example_sensors to None, run_after=None
[2026-04-02T06:04:38.428+0530] {processor.py:183} INFO - Processing /Users/aswin/Documents/data-engineering-practice/ETL_Airflow_DBT/airflow/airflow_env/lib/python3.11/site-packages/airflow/example_dags/example_sensors.py took 0.125 seconds
[2026-04-02T06:05:09.523+0530] {processor.py:161} INFO - Started process (PID=27820) to work on /Users/aswin/Documents/data-engineering-practice/ETL_Airflow_DBT/airflow/airflow_env/lib/python3.11/site-packages/airflow/example_dags/example_sensors.py
[2026-04-02T06:05:09.524+0530] {processor.py:830} INFO - Processing file /Users/aswin/Documents/data-engineering-practice/ETL_Airflow_DBT/airflow/airflow_env/lib/python3.11/site-packages/airflow/example_dags/example_sensors.py for tasks to queue
[2026-04-02T06:05:09.524+0530] {logging_mixin.py:188} INFO - [2026-04-02T06:05:09.524+0530] {dagbag.py:540} INFO - Filling up the DagBag from /Users/aswin/Documents/data-engineering-practice/ETL_Airflow_DBT/airflow/airflow_env/lib/python3.11/site-packages/airflow/example_dags/example_sensors.py
[2026-04-02T06:05:09.531+0530] {processor.py:840} INFO - DAG(s) 'example_sensors' retrieved from /Users/aswin/Documents/data-engineering-practice/ETL_Airflow_DBT/airflow/airflow_env/lib/python3.11/site-packages/airflow/example_dags/example_sensors.py
[2026-04-02T06:05:09.589+0530] {logging_mixin.py:188} INFO - [2026-04-02T06:05:09.589+0530] {dag.py:3096} INFO - Sync 1 DAGs
[2026-04-02T06:05:09.595+0530] {logging_mixin.py:188} INFO - [2026-04-02T06:05:09.595+0530] {dag.py:3954} INFO - Setting next_dagrun for example_sensors to None, run_after=None
[2026-04-02T06:05:09.604+0530] {processor.py:183} INFO - Processing /Users/aswin/Documents/data-engineering-practice/ETL_Airflow_DBT/airflow/airflow_env/lib/python3.11/site-packages/airflow/example_dags/example_sensors.py took 0.082 seconds
[2026-04-02T06:05:40.556+0530] {processor.py:161} INFO - Started process (PID=27956) to work on /Users/aswin/Documents/data-engineering-practice/ETL_Airflow_DBT/airflow/airflow_env/lib/python3.11/site-packages/airflow/example_dags/example_sensors.py
[2026-04-02T06:05:40.556+0530] {processor.py:830} INFO - Processing file /Users/aswin/Documents/data-engineering-practice/ETL_Airflow_DBT/airflow/airflow_env/lib/python3.11/site-packages/airflow/example_dags/example_sensors.py for tasks to queue
[2026-04-02T06:05:40.557+0530] {logging_mixin.py:188} INFO - [2026-04-02T06:05:40.557+0530] {dagbag.py:540} INFO - Filling up the DagBag from /Users/aswin/Documents/data-engineering-practice/ETL_Airflow_DBT/airflow/airflow_env/lib/python3.11/site-packages/airflow/example_dags/example_sensors.py
[2026-04-02T06:05:40.562+0530] {processor.py:840} INFO - DAG(s) 'example_sensors' retrieved from /Users/aswin/Documents/data-engineering-practice/ETL_Airflow_DBT/airflow/airflow_env/lib/python3.11/site-packages/airflow/example_dags/example_sensors.py
[2026-04-02T06:05:40.621+0530] {logging_mixin.py:188} INFO - [2026-04-02T06:05:40.621+0530] {dag.py:3096} INFO - Sync 1 DAGs
[2026-04-02T06:05:40.628+0530] {logging_mixin.py:188} INFO - [2026-04-02T06:05:40.628+0530] {dag.py:3954} INFO - Setting next_dagrun for example_sensors to None, run_after=None
[2026-04-02T06:05:40.638+0530] {processor.py:183} INFO - Processing /Users/aswin/Documents/data-engineering-practice/ETL_Airflow_DBT/airflow/airflow_env/lib/python3.11/site-packages/airflow/example_dags/example_sensors.py took 0.083 seconds
[2026-04-02T06:06:11.655+0530] {processor.py:161} INFO - Started process (PID=28105) to work on /Users/aswin/Documents/data-engineering-practice/ETL_Airflow_DBT/airflow/airflow_env/lib/python3.11/site-packages/airflow/example_dags/example_sensors.py
[2026-04-02T06:06:11.656+0530] {processor.py:830} INFO - Processing file /Users/aswin/Documents/data-engineering-practice/ETL_Airflow_DBT/airflow/airflow_env/lib/python3.11/site-packages/airflow/example_dags/example_sensors.py for tasks to queue
[2026-04-02T06:06:11.656+0530] {logging_mixin.py:188} INFO - [2026-04-02T06:06:11.656+0530] {dagbag.py:540} INFO - Filling up the DagBag from /Users/aswin/Documents/data-engineering-practice/ETL_Airflow_DBT/airflow/airflow_env/lib/python3.11/site-packages/airflow/example_dags/example_sensors.py
[2026-04-02T06:06:11.663+0530] {processor.py:840} INFO - DAG(s) 'example_sensors' retrieved from /Users/aswin/Documents/data-engineering-practice/ETL_Airflow_DBT/airflow/airflow_env/lib/python3.11/site-packages/airflow/example_dags/example_sensors.py
[2026-04-02T06:06:11.720+0530] {logging_mixin.py:188} INFO - [2026-04-02T06:06:11.720+0530] {dag.py:3096} INFO - Sync 1 DAGs
[2026-04-02T06:06:11.726+0530] {logging_mixin.py:188} INFO - [2026-04-02T06:06:11.726+0530] {dag.py:3954} INFO - Setting next_dagrun for example_sensors to None, run_after=None
[2026-04-02T06:06:11.734+0530] {processor.py:183} INFO - Processing /Users/aswin/Documents/data-engineering-practice/ETL_Airflow_DBT/airflow/airflow_env/lib/python3.11/site-packages/airflow/example_dags/example_sensors.py took 0.080 seconds
[2026-04-02T06:06:42.901+0530] {processor.py:161} INFO - Started process (PID=28231) to work on /Users/aswin/Documents/data-engineering-practice/ETL_Airflow_DBT/airflow/airflow_env/lib/python3.11/site-packages/airflow/example_dags/example_sensors.py
[2026-04-02T06:06:42.902+0530] {processor.py:830} INFO - Processing file /Users/aswin/Documents/data-engineering-practice/ETL_Airflow_DBT/airflow/airflow_env/lib/python3.11/site-packages/airflow/example_dags/example_sensors.py for tasks to queue
[2026-04-02T06:06:42.902+0530] {logging_mixin.py:188} INFO - [2026-04-02T06:06:42.902+0530] {dagbag.py:540} INFO - Filling up the DagBag from /Users/aswin/Documents/data-engineering-practice/ETL_Airflow_DBT/airflow/airflow_env/lib/python3.11/site-packages/airflow/example_dags/example_sensors.py
[2026-04-02T06:06:42.909+0530] {processor.py:840} INFO - DAG(s) 'example_sensors' retrieved from /Users/aswin/Documents/data-engineering-practice/ETL_Airflow_DBT/airflow/airflow_env/lib/python3.11/site-packages/airflow/example_dags/example_sensors.py
[2026-04-02T06:06:42.967+0530] {logging_mixin.py:188} INFO - [2026-04-02T06:06:42.967+0530] {dag.py:3096} INFO - Sync 1 DAGs
[2026-04-02T06:06:42.974+0530] {logging_mixin.py:188} INFO - [2026-04-02T06:06:42.973+0530] {dag.py:3954} INFO - Setting next_dagrun for example_sensors to None, run_after=None
[2026-04-02T06:06:42.982+0530] {processor.py:183} INFO - Processing /Users/aswin/Documents/data-engineering-practice/ETL_Airflow_DBT/airflow/airflow_env/lib/python3.11/site-packages/airflow/example_dags/example_sensors.py took 0.082 seconds
