[2026-04-02T05:38:15.961+0530] {processor.py:161} INFO - Started process (PID=21201) to work on /Users/aswin/Documents/data-engineering-practice/ETL_Airflow_DBT/airflow/airflow_env/lib/python3.11/site-packages/airflow/example_dags/example_branch_labels.py
[2026-04-02T05:38:15.962+0530] {processor.py:830} INFO - Processing file /Users/aswin/Documents/data-engineering-practice/ETL_Airflow_DBT/airflow/airflow_env/lib/python3.11/site-packages/airflow/example_dags/example_branch_labels.py for tasks to queue
[2026-04-02T05:38:15.962+0530] {logging_mixin.py:188} INFO - [2026-04-02T05:38:15.962+0530] {dagbag.py:540} INFO - Filling up the DagBag from /Users/aswin/Documents/data-engineering-practice/ETL_Airflow_DBT/airflow/airflow_env/lib/python3.11/site-packages/airflow/example_dags/example_branch_labels.py
[2026-04-02T05:38:15.966+0530] {processor.py:840} INFO - DAG(s) 'example_branch_labels' retrieved from /Users/aswin/Documents/data-engineering-practice/ETL_Airflow_DBT/airflow/airflow_env/lib/python3.11/site-packages/airflow/example_dags/example_branch_labels.py
[2026-04-02T05:38:16.022+0530] {logging_mixin.py:188} INFO - [2026-04-02T05:38:16.021+0530] {dag.py:3096} INFO - Sync 1 DAGs
[2026-04-02T05:38:16.032+0530] {logging_mixin.py:188} INFO - [2026-04-02T05:38:16.032+0530] {dag.py:3954} INFO - Setting next_dagrun for example_branch_labels to 2026-04-01 00:00:00+00:00, run_after=2026-04-02 00:00:00+00:00
[2026-04-02T05:38:16.040+0530] {processor.py:183} INFO - Processing /Users/aswin/Documents/data-engineering-practice/ETL_Airflow_DBT/airflow/airflow_env/lib/python3.11/site-packages/airflow/example_dags/example_branch_labels.py took 0.080 seconds
[2026-04-02T05:38:47.267+0530] {processor.py:161} INFO - Started process (PID=21330) to work on /Users/aswin/Documents/data-engineering-practice/ETL_Airflow_DBT/airflow/airflow_env/lib/python3.11/site-packages/airflow/example_dags/example_branch_labels.py
[2026-04-02T05:38:47.267+0530] {processor.py:830} INFO - Processing file /Users/aswin/Documents/data-engineering-practice/ETL_Airflow_DBT/airflow/airflow_env/lib/python3.11/site-packages/airflow/example_dags/example_branch_labels.py for tasks to queue
[2026-04-02T05:38:47.267+0530] {logging_mixin.py:188} INFO - [2026-04-02T05:38:47.267+0530] {dagbag.py:540} INFO - Filling up the DagBag from /Users/aswin/Documents/data-engineering-practice/ETL_Airflow_DBT/airflow/airflow_env/lib/python3.11/site-packages/airflow/example_dags/example_branch_labels.py
[2026-04-02T05:38:47.271+0530] {processor.py:840} INFO - DAG(s) 'example_branch_labels' retrieved from /Users/aswin/Documents/data-engineering-practice/ETL_Airflow_DBT/airflow/airflow_env/lib/python3.11/site-packages/airflow/example_dags/example_branch_labels.py
[2026-04-02T05:38:47.326+0530] {logging_mixin.py:188} INFO - [2026-04-02T05:38:47.326+0530] {dag.py:3096} INFO - Sync 1 DAGs
[2026-04-02T05:38:47.340+0530] {logging_mixin.py:188} INFO - [2026-04-02T05:38:47.340+0530] {dag.py:3954} INFO - Setting next_dagrun for example_branch_labels to 2026-04-01 00:00:00+00:00, run_after=2026-04-02 00:00:00+00:00
[2026-04-02T05:38:47.348+0530] {processor.py:183} INFO - Processing /Users/aswin/Documents/data-engineering-practice/ETL_Airflow_DBT/airflow/airflow_env/lib/python3.11/site-packages/airflow/example_dags/example_branch_labels.py took 0.083 seconds
[2026-04-02T05:39:18.503+0530] {processor.py:161} INFO - Started process (PID=21457) to work on /Users/aswin/Documents/data-engineering-practice/ETL_Airflow_DBT/airflow/airflow_env/lib/python3.11/site-packages/airflow/example_dags/example_branch_labels.py
[2026-04-02T05:39:18.503+0530] {processor.py:830} INFO - Processing file /Users/aswin/Documents/data-engineering-practice/ETL_Airflow_DBT/airflow/airflow_env/lib/python3.11/site-packages/airflow/example_dags/example_branch_labels.py for tasks to queue
[2026-04-02T05:39:18.504+0530] {logging_mixin.py:188} INFO - [2026-04-02T05:39:18.504+0530] {dagbag.py:540} INFO - Filling up the DagBag from /Users/aswin/Documents/data-engineering-practice/ETL_Airflow_DBT/airflow/airflow_env/lib/python3.11/site-packages/airflow/example_dags/example_branch_labels.py
[2026-04-02T05:39:18.508+0530] {processor.py:840} INFO - DAG(s) 'example_branch_labels' retrieved from /Users/aswin/Documents/data-engineering-practice/ETL_Airflow_DBT/airflow/airflow_env/lib/python3.11/site-packages/airflow/example_dags/example_branch_labels.py
[2026-04-02T05:39:18.567+0530] {logging_mixin.py:188} INFO - [2026-04-02T05:39:18.566+0530] {dag.py:3096} INFO - Sync 1 DAGs
[2026-04-02T05:39:18.578+0530] {logging_mixin.py:188} INFO - [2026-04-02T05:39:18.578+0530] {dag.py:3954} INFO - Setting next_dagrun for example_branch_labels to 2026-04-01 00:00:00+00:00, run_after=2026-04-02 00:00:00+00:00
[2026-04-02T05:39:18.587+0530] {processor.py:183} INFO - Processing /Users/aswin/Documents/data-engineering-practice/ETL_Airflow_DBT/airflow/airflow_env/lib/python3.11/site-packages/airflow/example_dags/example_branch_labels.py took 0.085 seconds
[2026-04-02T05:39:49.807+0530] {processor.py:161} INFO - Started process (PID=21583) to work on /Users/aswin/Documents/data-engineering-practice/ETL_Airflow_DBT/airflow/airflow_env/lib/python3.11/site-packages/airflow/example_dags/example_branch_labels.py
[2026-04-02T05:39:49.808+0530] {processor.py:830} INFO - Processing file /Users/aswin/Documents/data-engineering-practice/ETL_Airflow_DBT/airflow/airflow_env/lib/python3.11/site-packages/airflow/example_dags/example_branch_labels.py for tasks to queue
[2026-04-02T05:39:49.808+0530] {logging_mixin.py:188} INFO - [2026-04-02T05:39:49.808+0530] {dagbag.py:540} INFO - Filling up the DagBag from /Users/aswin/Documents/data-engineering-practice/ETL_Airflow_DBT/airflow/airflow_env/lib/python3.11/site-packages/airflow/example_dags/example_branch_labels.py
[2026-04-02T05:39:49.812+0530] {processor.py:840} INFO - DAG(s) 'example_branch_labels' retrieved from /Users/aswin/Documents/data-engineering-practice/ETL_Airflow_DBT/airflow/airflow_env/lib/python3.11/site-packages/airflow/example_dags/example_branch_labels.py
[2026-04-02T05:39:49.868+0530] {logging_mixin.py:188} INFO - [2026-04-02T05:39:49.867+0530] {dag.py:3096} INFO - Sync 1 DAGs
[2026-04-02T05:39:49.878+0530] {logging_mixin.py:188} INFO - [2026-04-02T05:39:49.878+0530] {dag.py:3954} INFO - Setting next_dagrun for example_branch_labels to 2026-04-01 00:00:00+00:00, run_after=2026-04-02 00:00:00+00:00
[2026-04-02T05:39:49.885+0530] {processor.py:183} INFO - Processing /Users/aswin/Documents/data-engineering-practice/ETL_Airflow_DBT/airflow/airflow_env/lib/python3.11/site-packages/airflow/example_dags/example_branch_labels.py took 0.080 seconds
[2026-04-02T05:40:20.788+0530] {processor.py:161} INFO - Started process (PID=21708) to work on /Users/aswin/Documents/data-engineering-practice/ETL_Airflow_DBT/airflow/airflow_env/lib/python3.11/site-packages/airflow/example_dags/example_branch_labels.py
[2026-04-02T05:40:20.788+0530] {processor.py:830} INFO - Processing file /Users/aswin/Documents/data-engineering-practice/ETL_Airflow_DBT/airflow/airflow_env/lib/python3.11/site-packages/airflow/example_dags/example_branch_labels.py for tasks to queue
[2026-04-02T05:40:20.789+0530] {logging_mixin.py:188} INFO - [2026-04-02T05:40:20.788+0530] {dagbag.py:540} INFO - Filling up the DagBag from /Users/aswin/Documents/data-engineering-practice/ETL_Airflow_DBT/airflow/airflow_env/lib/python3.11/site-packages/airflow/example_dags/example_branch_labels.py
[2026-04-02T05:40:20.792+0530] {processor.py:840} INFO - DAG(s) 'example_branch_labels' retrieved from /Users/aswin/Documents/data-engineering-practice/ETL_Airflow_DBT/airflow/airflow_env/lib/python3.11/site-packages/airflow/example_dags/example_branch_labels.py
[2026-04-02T05:40:20.849+0530] {logging_mixin.py:188} INFO - [2026-04-02T05:40:20.849+0530] {dag.py:3096} INFO - Sync 1 DAGs
[2026-04-02T05:40:20.865+0530] {logging_mixin.py:188} INFO - [2026-04-02T05:40:20.865+0530] {dag.py:3954} INFO - Setting next_dagrun for example_branch_labels to 2026-04-01 00:00:00+00:00, run_after=2026-04-02 00:00:00+00:00
[2026-04-02T05:40:20.874+0530] {processor.py:183} INFO - Processing /Users/aswin/Documents/data-engineering-practice/ETL_Airflow_DBT/airflow/airflow_env/lib/python3.11/site-packages/airflow/example_dags/example_branch_labels.py took 0.087 seconds
[2026-04-02T05:40:51.857+0530] {processor.py:161} INFO - Started process (PID=21844) to work on /Users/aswin/Documents/data-engineering-practice/ETL_Airflow_DBT/airflow/airflow_env/lib/python3.11/site-packages/airflow/example_dags/example_branch_labels.py
[2026-04-02T05:40:51.859+0530] {processor.py:830} INFO - Processing file /Users/aswin/Documents/data-engineering-practice/ETL_Airflow_DBT/airflow/airflow_env/lib/python3.11/site-packages/airflow/example_dags/example_branch_labels.py for tasks to queue
[2026-04-02T05:40:51.859+0530] {logging_mixin.py:188} INFO - [2026-04-02T05:40:51.859+0530] {dagbag.py:540} INFO - Filling up the DagBag from /Users/aswin/Documents/data-engineering-practice/ETL_Airflow_DBT/airflow/airflow_env/lib/python3.11/site-packages/airflow/example_dags/example_branch_labels.py
[2026-04-02T05:40:51.863+0530] {processor.py:840} INFO - DAG(s) 'example_branch_labels' retrieved from /Users/aswin/Documents/data-engineering-practice/ETL_Airflow_DBT/airflow/airflow_env/lib/python3.11/site-packages/airflow/example_dags/example_branch_labels.py
[2026-04-02T05:40:51.919+0530] {logging_mixin.py:188} INFO - [2026-04-02T05:40:51.919+0530] {dag.py:3096} INFO - Sync 1 DAGs
[2026-04-02T05:40:51.930+0530] {logging_mixin.py:188} INFO - [2026-04-02T05:40:51.930+0530] {dag.py:3954} INFO - Setting next_dagrun for example_branch_labels to 2026-04-01 00:00:00+00:00, run_after=2026-04-02 00:00:00+00:00
[2026-04-02T05:40:51.939+0530] {processor.py:183} INFO - Processing /Users/aswin/Documents/data-engineering-practice/ETL_Airflow_DBT/airflow/airflow_env/lib/python3.11/site-packages/airflow/example_dags/example_branch_labels.py took 0.083 seconds
[2026-04-02T05:41:23.046+0530] {processor.py:161} INFO - Started process (PID=21968) to work on /Users/aswin/Documents/data-engineering-practice/ETL_Airflow_DBT/airflow/airflow_env/lib/python3.11/site-packages/airflow/example_dags/example_branch_labels.py
[2026-04-02T05:41:23.047+0530] {processor.py:830} INFO - Processing file /Users/aswin/Documents/data-engineering-practice/ETL_Airflow_DBT/airflow/airflow_env/lib/python3.11/site-packages/airflow/example_dags/example_branch_labels.py for tasks to queue
[2026-04-02T05:41:23.048+0530] {logging_mixin.py:188} INFO - [2026-04-02T05:41:23.048+0530] {dagbag.py:540} INFO - Filling up the DagBag from /Users/aswin/Documents/data-engineering-practice/ETL_Airflow_DBT/airflow/airflow_env/lib/python3.11/site-packages/airflow/example_dags/example_branch_labels.py
[2026-04-02T05:41:23.051+0530] {processor.py:840} INFO - DAG(s) 'example_branch_labels' retrieved from /Users/aswin/Documents/data-engineering-practice/ETL_Airflow_DBT/airflow/airflow_env/lib/python3.11/site-packages/airflow/example_dags/example_branch_labels.py
[2026-04-02T05:41:23.104+0530] {logging_mixin.py:188} INFO - [2026-04-02T05:41:23.104+0530] {dag.py:3096} INFO - Sync 1 DAGs
[2026-04-02T05:41:23.117+0530] {logging_mixin.py:188} INFO - [2026-04-02T05:41:23.116+0530] {dag.py:3954} INFO - Setting next_dagrun for example_branch_labels to 2026-04-01 00:00:00+00:00, run_after=2026-04-02 00:00:00+00:00
[2026-04-02T05:41:23.125+0530] {processor.py:183} INFO - Processing /Users/aswin/Documents/data-engineering-practice/ETL_Airflow_DBT/airflow/airflow_env/lib/python3.11/site-packages/airflow/example_dags/example_branch_labels.py took 0.079 seconds
[2026-04-02T05:41:54.359+0530] {processor.py:161} INFO - Started process (PID=22096) to work on /Users/aswin/Documents/data-engineering-practice/ETL_Airflow_DBT/airflow/airflow_env/lib/python3.11/site-packages/airflow/example_dags/example_branch_labels.py
[2026-04-02T05:41:54.360+0530] {processor.py:830} INFO - Processing file /Users/aswin/Documents/data-engineering-practice/ETL_Airflow_DBT/airflow/airflow_env/lib/python3.11/site-packages/airflow/example_dags/example_branch_labels.py for tasks to queue
[2026-04-02T05:41:54.360+0530] {logging_mixin.py:188} INFO - [2026-04-02T05:41:54.360+0530] {dagbag.py:540} INFO - Filling up the DagBag from /Users/aswin/Documents/data-engineering-practice/ETL_Airflow_DBT/airflow/airflow_env/lib/python3.11/site-packages/airflow/example_dags/example_branch_labels.py
[2026-04-02T05:41:54.364+0530] {processor.py:840} INFO - DAG(s) 'example_branch_labels' retrieved from /Users/aswin/Documents/data-engineering-practice/ETL_Airflow_DBT/airflow/airflow_env/lib/python3.11/site-packages/airflow/example_dags/example_branch_labels.py
[2026-04-02T05:41:54.422+0530] {logging_mixin.py:188} INFO - [2026-04-02T05:41:54.422+0530] {dag.py:3096} INFO - Sync 1 DAGs
[2026-04-02T05:41:54.434+0530] {logging_mixin.py:188} INFO - [2026-04-02T05:41:54.434+0530] {dag.py:3954} INFO - Setting next_dagrun for example_branch_labels to 2026-04-01 00:00:00+00:00, run_after=2026-04-02 00:00:00+00:00
[2026-04-02T05:41:54.443+0530] {processor.py:183} INFO - Processing /Users/aswin/Documents/data-engineering-practice/ETL_Airflow_DBT/airflow/airflow_env/lib/python3.11/site-packages/airflow/example_dags/example_branch_labels.py took 0.084 seconds
[2026-04-02T05:42:25.683+0530] {processor.py:161} INFO - Started process (PID=22227) to work on /Users/aswin/Documents/data-engineering-practice/ETL_Airflow_DBT/airflow/airflow_env/lib/python3.11/site-packages/airflow/example_dags/example_branch_labels.py
[2026-04-02T05:42:25.683+0530] {processor.py:830} INFO - Processing file /Users/aswin/Documents/data-engineering-practice/ETL_Airflow_DBT/airflow/airflow_env/lib/python3.11/site-packages/airflow/example_dags/example_branch_labels.py for tasks to queue
[2026-04-02T05:42:25.683+0530] {logging_mixin.py:188} INFO - [2026-04-02T05:42:25.683+0530] {dagbag.py:540} INFO - Filling up the DagBag from /Users/aswin/Documents/data-engineering-practice/ETL_Airflow_DBT/airflow/airflow_env/lib/python3.11/site-packages/airflow/example_dags/example_branch_labels.py
[2026-04-02T05:42:25.687+0530] {processor.py:840} INFO - DAG(s) 'example_branch_labels' retrieved from /Users/aswin/Documents/data-engineering-practice/ETL_Airflow_DBT/airflow/airflow_env/lib/python3.11/site-packages/airflow/example_dags/example_branch_labels.py
[2026-04-02T05:42:25.744+0530] {logging_mixin.py:188} INFO - [2026-04-02T05:42:25.744+0530] {dag.py:3096} INFO - Sync 1 DAGs
[2026-04-02T05:42:25.759+0530] {logging_mixin.py:188} INFO - [2026-04-02T05:42:25.758+0530] {dag.py:3954} INFO - Setting next_dagrun for example_branch_labels to 2026-04-01 00:00:00+00:00, run_after=2026-04-02 00:00:00+00:00
[2026-04-02T05:42:25.772+0530] {processor.py:183} INFO - Processing /Users/aswin/Documents/data-engineering-practice/ETL_Airflow_DBT/airflow/airflow_env/lib/python3.11/site-packages/airflow/example_dags/example_branch_labels.py took 0.090 seconds
[2026-04-02T05:42:57.183+0530] {processor.py:161} INFO - Started process (PID=22355) to work on /Users/aswin/Documents/data-engineering-practice/ETL_Airflow_DBT/airflow/airflow_env/lib/python3.11/site-packages/airflow/example_dags/example_branch_labels.py
[2026-04-02T05:42:57.184+0530] {processor.py:830} INFO - Processing file /Users/aswin/Documents/data-engineering-practice/ETL_Airflow_DBT/airflow/airflow_env/lib/python3.11/site-packages/airflow/example_dags/example_branch_labels.py for tasks to queue
[2026-04-02T05:42:57.185+0530] {logging_mixin.py:188} INFO - [2026-04-02T05:42:57.185+0530] {dagbag.py:540} INFO - Filling up the DagBag from /Users/aswin/Documents/data-engineering-practice/ETL_Airflow_DBT/airflow/airflow_env/lib/python3.11/site-packages/airflow/example_dags/example_branch_labels.py
[2026-04-02T05:42:57.188+0530] {processor.py:840} INFO - DAG(s) 'example_branch_labels' retrieved from /Users/aswin/Documents/data-engineering-practice/ETL_Airflow_DBT/airflow/airflow_env/lib/python3.11/site-packages/airflow/example_dags/example_branch_labels.py
[2026-04-02T05:42:57.240+0530] {logging_mixin.py:188} INFO - [2026-04-02T05:42:57.240+0530] {dag.py:3096} INFO - Sync 1 DAGs
[2026-04-02T05:42:57.251+0530] {logging_mixin.py:188} INFO - [2026-04-02T05:42:57.251+0530] {dag.py:3954} INFO - Setting next_dagrun for example_branch_labels to 2026-04-01 00:00:00+00:00, run_after=2026-04-02 00:00:00+00:00
[2026-04-02T05:42:57.260+0530] {processor.py:183} INFO - Processing /Users/aswin/Documents/data-engineering-practice/ETL_Airflow_DBT/airflow/airflow_env/lib/python3.11/site-packages/airflow/example_dags/example_branch_labels.py took 0.078 seconds
[2026-04-02T05:43:28.860+0530] {processor.py:161} INFO - Started process (PID=22481) to work on /Users/aswin/Documents/data-engineering-practice/ETL_Airflow_DBT/airflow/airflow_env/lib/python3.11/site-packages/airflow/example_dags/example_branch_labels.py
[2026-04-02T05:43:28.861+0530] {processor.py:830} INFO - Processing file /Users/aswin/Documents/data-engineering-practice/ETL_Airflow_DBT/airflow/airflow_env/lib/python3.11/site-packages/airflow/example_dags/example_branch_labels.py for tasks to queue
[2026-04-02T05:43:28.862+0530] {logging_mixin.py:188} INFO - [2026-04-02T05:43:28.861+0530] {dagbag.py:540} INFO - Filling up the DagBag from /Users/aswin/Documents/data-engineering-practice/ETL_Airflow_DBT/airflow/airflow_env/lib/python3.11/site-packages/airflow/example_dags/example_branch_labels.py
[2026-04-02T05:43:28.865+0530] {processor.py:840} INFO - DAG(s) 'example_branch_labels' retrieved from /Users/aswin/Documents/data-engineering-practice/ETL_Airflow_DBT/airflow/airflow_env/lib/python3.11/site-packages/airflow/example_dags/example_branch_labels.py
[2026-04-02T05:43:28.918+0530] {logging_mixin.py:188} INFO - [2026-04-02T05:43:28.917+0530] {dag.py:3096} INFO - Sync 1 DAGs
[2026-04-02T05:43:28.929+0530] {logging_mixin.py:188} INFO - [2026-04-02T05:43:28.929+0530] {dag.py:3954} INFO - Setting next_dagrun for example_branch_labels to 2026-04-01 00:00:00+00:00, run_after=2026-04-02 00:00:00+00:00
[2026-04-02T05:43:28.939+0530] {processor.py:183} INFO - Processing /Users/aswin/Documents/data-engineering-practice/ETL_Airflow_DBT/airflow/airflow_env/lib/python3.11/site-packages/airflow/example_dags/example_branch_labels.py took 0.080 seconds
[2026-04-02T05:43:59.909+0530] {processor.py:161} INFO - Started process (PID=22621) to work on /Users/aswin/Documents/data-engineering-practice/ETL_Airflow_DBT/airflow/airflow_env/lib/python3.11/site-packages/airflow/example_dags/example_branch_labels.py
[2026-04-02T05:43:59.910+0530] {processor.py:830} INFO - Processing file /Users/aswin/Documents/data-engineering-practice/ETL_Airflow_DBT/airflow/airflow_env/lib/python3.11/site-packages/airflow/example_dags/example_branch_labels.py for tasks to queue
[2026-04-02T05:43:59.910+0530] {logging_mixin.py:188} INFO - [2026-04-02T05:43:59.910+0530] {dagbag.py:540} INFO - Filling up the DagBag from /Users/aswin/Documents/data-engineering-practice/ETL_Airflow_DBT/airflow/airflow_env/lib/python3.11/site-packages/airflow/example_dags/example_branch_labels.py
[2026-04-02T05:43:59.914+0530] {processor.py:840} INFO - DAG(s) 'example_branch_labels' retrieved from /Users/aswin/Documents/data-engineering-practice/ETL_Airflow_DBT/airflow/airflow_env/lib/python3.11/site-packages/airflow/example_dags/example_branch_labels.py
[2026-04-02T05:43:59.968+0530] {logging_mixin.py:188} INFO - [2026-04-02T05:43:59.968+0530] {dag.py:3096} INFO - Sync 1 DAGs
[2026-04-02T05:43:59.981+0530] {logging_mixin.py:188} INFO - [2026-04-02T05:43:59.981+0530] {dag.py:3954} INFO - Setting next_dagrun for example_branch_labels to 2026-04-01 00:00:00+00:00, run_after=2026-04-02 00:00:00+00:00
[2026-04-02T05:43:59.994+0530] {processor.py:183} INFO - Processing /Users/aswin/Documents/data-engineering-practice/ETL_Airflow_DBT/airflow/airflow_env/lib/python3.11/site-packages/airflow/example_dags/example_branch_labels.py took 0.087 seconds
[2026-04-02T05:44:30.994+0530] {processor.py:161} INFO - Started process (PID=22749) to work on /Users/aswin/Documents/data-engineering-practice/ETL_Airflow_DBT/airflow/airflow_env/lib/python3.11/site-packages/airflow/example_dags/example_branch_labels.py
[2026-04-02T05:44:30.995+0530] {processor.py:830} INFO - Processing file /Users/aswin/Documents/data-engineering-practice/ETL_Airflow_DBT/airflow/airflow_env/lib/python3.11/site-packages/airflow/example_dags/example_branch_labels.py for tasks to queue
[2026-04-02T05:44:30.995+0530] {logging_mixin.py:188} INFO - [2026-04-02T05:44:30.995+0530] {dagbag.py:540} INFO - Filling up the DagBag from /Users/aswin/Documents/data-engineering-practice/ETL_Airflow_DBT/airflow/airflow_env/lib/python3.11/site-packages/airflow/example_dags/example_branch_labels.py
[2026-04-02T05:44:31.000+0530] {processor.py:840} INFO - DAG(s) 'example_branch_labels' retrieved from /Users/aswin/Documents/data-engineering-practice/ETL_Airflow_DBT/airflow/airflow_env/lib/python3.11/site-packages/airflow/example_dags/example_branch_labels.py
[2026-04-02T05:44:31.055+0530] {logging_mixin.py:188} INFO - [2026-04-02T05:44:31.055+0530] {dag.py:3096} INFO - Sync 1 DAGs
[2026-04-02T05:44:31.067+0530] {logging_mixin.py:188} INFO - [2026-04-02T05:44:31.066+0530] {dag.py:3954} INFO - Setting next_dagrun for example_branch_labels to 2026-04-01 00:00:00+00:00, run_after=2026-04-02 00:00:00+00:00
[2026-04-02T05:44:31.076+0530] {processor.py:183} INFO - Processing /Users/aswin/Documents/data-engineering-practice/ETL_Airflow_DBT/airflow/airflow_env/lib/python3.11/site-packages/airflow/example_dags/example_branch_labels.py took 0.084 seconds
[2026-04-02T05:45:02.132+0530] {processor.py:161} INFO - Started process (PID=22878) to work on /Users/aswin/Documents/data-engineering-practice/ETL_Airflow_DBT/airflow/airflow_env/lib/python3.11/site-packages/airflow/example_dags/example_branch_labels.py
[2026-04-02T05:45:02.132+0530] {processor.py:830} INFO - Processing file /Users/aswin/Documents/data-engineering-practice/ETL_Airflow_DBT/airflow/airflow_env/lib/python3.11/site-packages/airflow/example_dags/example_branch_labels.py for tasks to queue
[2026-04-02T05:45:02.133+0530] {logging_mixin.py:188} INFO - [2026-04-02T05:45:02.133+0530] {dagbag.py:540} INFO - Filling up the DagBag from /Users/aswin/Documents/data-engineering-practice/ETL_Airflow_DBT/airflow/airflow_env/lib/python3.11/site-packages/airflow/example_dags/example_branch_labels.py
[2026-04-02T05:45:02.136+0530] {processor.py:840} INFO - DAG(s) 'example_branch_labels' retrieved from /Users/aswin/Documents/data-engineering-practice/ETL_Airflow_DBT/airflow/airflow_env/lib/python3.11/site-packages/airflow/example_dags/example_branch_labels.py
[2026-04-02T05:45:02.192+0530] {logging_mixin.py:188} INFO - [2026-04-02T05:45:02.192+0530] {dag.py:3096} INFO - Sync 1 DAGs
[2026-04-02T05:45:02.206+0530] {logging_mixin.py:188} INFO - [2026-04-02T05:45:02.206+0530] {dag.py:3954} INFO - Setting next_dagrun for example_branch_labels to 2026-04-01 00:00:00+00:00, run_after=2026-04-02 00:00:00+00:00
[2026-04-02T05:45:02.216+0530] {processor.py:183} INFO - Processing /Users/aswin/Documents/data-engineering-practice/ETL_Airflow_DBT/airflow/airflow_env/lib/python3.11/site-packages/airflow/example_dags/example_branch_labels.py took 0.085 seconds
[2026-04-02T05:45:33.398+0530] {processor.py:161} INFO - Started process (PID=22997) to work on /Users/aswin/Documents/data-engineering-practice/ETL_Airflow_DBT/airflow/airflow_env/lib/python3.11/site-packages/airflow/example_dags/example_branch_labels.py
[2026-04-02T05:45:33.398+0530] {processor.py:830} INFO - Processing file /Users/aswin/Documents/data-engineering-practice/ETL_Airflow_DBT/airflow/airflow_env/lib/python3.11/site-packages/airflow/example_dags/example_branch_labels.py for tasks to queue
[2026-04-02T05:45:33.399+0530] {logging_mixin.py:188} INFO - [2026-04-02T05:45:33.399+0530] {dagbag.py:540} INFO - Filling up the DagBag from /Users/aswin/Documents/data-engineering-practice/ETL_Airflow_DBT/airflow/airflow_env/lib/python3.11/site-packages/airflow/example_dags/example_branch_labels.py
[2026-04-02T05:45:33.402+0530] {processor.py:840} INFO - DAG(s) 'example_branch_labels' retrieved from /Users/aswin/Documents/data-engineering-practice/ETL_Airflow_DBT/airflow/airflow_env/lib/python3.11/site-packages/airflow/example_dags/example_branch_labels.py
[2026-04-02T05:45:33.455+0530] {logging_mixin.py:188} INFO - [2026-04-02T05:45:33.455+0530] {dag.py:3096} INFO - Sync 1 DAGs
[2026-04-02T05:45:33.467+0530] {logging_mixin.py:188} INFO - [2026-04-02T05:45:33.467+0530] {dag.py:3954} INFO - Setting next_dagrun for example_branch_labels to 2026-04-01 00:00:00+00:00, run_after=2026-04-02 00:00:00+00:00
[2026-04-02T05:45:33.474+0530] {processor.py:183} INFO - Processing /Users/aswin/Documents/data-engineering-practice/ETL_Airflow_DBT/airflow/airflow_env/lib/python3.11/site-packages/airflow/example_dags/example_branch_labels.py took 0.078 seconds
[2026-04-02T05:46:04.386+0530] {processor.py:161} INFO - Started process (PID=23111) to work on /Users/aswin/Documents/data-engineering-practice/ETL_Airflow_DBT/airflow/airflow_env/lib/python3.11/site-packages/airflow/example_dags/example_branch_labels.py
[2026-04-02T05:46:04.386+0530] {processor.py:830} INFO - Processing file /Users/aswin/Documents/data-engineering-practice/ETL_Airflow_DBT/airflow/airflow_env/lib/python3.11/site-packages/airflow/example_dags/example_branch_labels.py for tasks to queue
[2026-04-02T05:46:04.387+0530] {logging_mixin.py:188} INFO - [2026-04-02T05:46:04.387+0530] {dagbag.py:540} INFO - Filling up the DagBag from /Users/aswin/Documents/data-engineering-practice/ETL_Airflow_DBT/airflow/airflow_env/lib/python3.11/site-packages/airflow/example_dags/example_branch_labels.py
[2026-04-02T05:46:04.390+0530] {processor.py:840} INFO - DAG(s) 'example_branch_labels' retrieved from /Users/aswin/Documents/data-engineering-practice/ETL_Airflow_DBT/airflow/airflow_env/lib/python3.11/site-packages/airflow/example_dags/example_branch_labels.py
[2026-04-02T05:46:04.444+0530] {logging_mixin.py:188} INFO - [2026-04-02T05:46:04.443+0530] {dag.py:3096} INFO - Sync 1 DAGs
[2026-04-02T05:46:04.456+0530] {logging_mixin.py:188} INFO - [2026-04-02T05:46:04.455+0530] {dag.py:3954} INFO - Setting next_dagrun for example_branch_labels to 2026-04-01 00:00:00+00:00, run_after=2026-04-02 00:00:00+00:00
[2026-04-02T05:46:04.463+0530] {processor.py:183} INFO - Processing /Users/aswin/Documents/data-engineering-practice/ETL_Airflow_DBT/airflow/airflow_env/lib/python3.11/site-packages/airflow/example_dags/example_branch_labels.py took 0.079 seconds
[2026-04-02T05:46:35.817+0530] {processor.py:161} INFO - Started process (PID=23226) to work on /Users/aswin/Documents/data-engineering-practice/ETL_Airflow_DBT/airflow/airflow_env/lib/python3.11/site-packages/airflow/example_dags/example_branch_labels.py
[2026-04-02T05:46:35.818+0530] {processor.py:830} INFO - Processing file /Users/aswin/Documents/data-engineering-practice/ETL_Airflow_DBT/airflow/airflow_env/lib/python3.11/site-packages/airflow/example_dags/example_branch_labels.py for tasks to queue
[2026-04-02T05:46:35.818+0530] {logging_mixin.py:188} INFO - [2026-04-02T05:46:35.818+0530] {dagbag.py:540} INFO - Filling up the DagBag from /Users/aswin/Documents/data-engineering-practice/ETL_Airflow_DBT/airflow/airflow_env/lib/python3.11/site-packages/airflow/example_dags/example_branch_labels.py
[2026-04-02T05:46:35.822+0530] {processor.py:840} INFO - DAG(s) 'example_branch_labels' retrieved from /Users/aswin/Documents/data-engineering-practice/ETL_Airflow_DBT/airflow/airflow_env/lib/python3.11/site-packages/airflow/example_dags/example_branch_labels.py
[2026-04-02T05:46:35.873+0530] {logging_mixin.py:188} INFO - [2026-04-02T05:46:35.873+0530] {dag.py:3096} INFO - Sync 1 DAGs
[2026-04-02T05:46:35.884+0530] {logging_mixin.py:188} INFO - [2026-04-02T05:46:35.884+0530] {dag.py:3954} INFO - Setting next_dagrun for example_branch_labels to 2026-04-01 00:00:00+00:00, run_after=2026-04-02 00:00:00+00:00
[2026-04-02T05:46:35.892+0530] {processor.py:183} INFO - Processing /Users/aswin/Documents/data-engineering-practice/ETL_Airflow_DBT/airflow/airflow_env/lib/python3.11/site-packages/airflow/example_dags/example_branch_labels.py took 0.077 seconds
[2026-04-02T05:47:07.274+0530] {processor.py:161} INFO - Started process (PID=23339) to work on /Users/aswin/Documents/data-engineering-practice/ETL_Airflow_DBT/airflow/airflow_env/lib/python3.11/site-packages/airflow/example_dags/example_branch_labels.py
[2026-04-02T05:47:07.275+0530] {processor.py:830} INFO - Processing file /Users/aswin/Documents/data-engineering-practice/ETL_Airflow_DBT/airflow/airflow_env/lib/python3.11/site-packages/airflow/example_dags/example_branch_labels.py for tasks to queue
[2026-04-02T05:47:07.275+0530] {logging_mixin.py:188} INFO - [2026-04-02T05:47:07.275+0530] {dagbag.py:540} INFO - Filling up the DagBag from /Users/aswin/Documents/data-engineering-practice/ETL_Airflow_DBT/airflow/airflow_env/lib/python3.11/site-packages/airflow/example_dags/example_branch_labels.py
[2026-04-02T05:47:07.279+0530] {processor.py:840} INFO - DAG(s) 'example_branch_labels' retrieved from /Users/aswin/Documents/data-engineering-practice/ETL_Airflow_DBT/airflow/airflow_env/lib/python3.11/site-packages/airflow/example_dags/example_branch_labels.py
[2026-04-02T05:47:07.336+0530] {logging_mixin.py:188} INFO - [2026-04-02T05:47:07.335+0530] {dag.py:3096} INFO - Sync 1 DAGs
[2026-04-02T05:47:07.347+0530] {logging_mixin.py:188} INFO - [2026-04-02T05:47:07.347+0530] {dag.py:3954} INFO - Setting next_dagrun for example_branch_labels to 2026-04-01 00:00:00+00:00, run_after=2026-04-02 00:00:00+00:00
[2026-04-02T05:47:07.356+0530] {processor.py:183} INFO - Processing /Users/aswin/Documents/data-engineering-practice/ETL_Airflow_DBT/airflow/airflow_env/lib/python3.11/site-packages/airflow/example_dags/example_branch_labels.py took 0.083 seconds
[2026-04-02T05:47:39.014+0530] {processor.py:161} INFO - Started process (PID=23454) to work on /Users/aswin/Documents/data-engineering-practice/ETL_Airflow_DBT/airflow/airflow_env/lib/python3.11/site-packages/airflow/example_dags/example_branch_labels.py
[2026-04-02T05:47:39.015+0530] {processor.py:830} INFO - Processing file /Users/aswin/Documents/data-engineering-practice/ETL_Airflow_DBT/airflow/airflow_env/lib/python3.11/site-packages/airflow/example_dags/example_branch_labels.py for tasks to queue
[2026-04-02T05:47:39.016+0530] {logging_mixin.py:188} INFO - [2026-04-02T05:47:39.015+0530] {dagbag.py:540} INFO - Filling up the DagBag from /Users/aswin/Documents/data-engineering-practice/ETL_Airflow_DBT/airflow/airflow_env/lib/python3.11/site-packages/airflow/example_dags/example_branch_labels.py
[2026-04-02T05:47:39.019+0530] {processor.py:840} INFO - DAG(s) 'example_branch_labels' retrieved from /Users/aswin/Documents/data-engineering-practice/ETL_Airflow_DBT/airflow/airflow_env/lib/python3.11/site-packages/airflow/example_dags/example_branch_labels.py
[2026-04-02T05:47:39.075+0530] {logging_mixin.py:188} INFO - [2026-04-02T05:47:39.075+0530] {dag.py:3096} INFO - Sync 1 DAGs
[2026-04-02T05:47:39.086+0530] {logging_mixin.py:188} INFO - [2026-04-02T05:47:39.086+0530] {dag.py:3954} INFO - Setting next_dagrun for example_branch_labels to 2026-04-01 00:00:00+00:00, run_after=2026-04-02 00:00:00+00:00
[2026-04-02T05:47:39.094+0530] {processor.py:183} INFO - Processing /Users/aswin/Documents/data-engineering-practice/ETL_Airflow_DBT/airflow/airflow_env/lib/python3.11/site-packages/airflow/example_dags/example_branch_labels.py took 0.081 seconds
[2026-04-02T05:48:09.761+0530] {processor.py:161} INFO - Started process (PID=23569) to work on /Users/aswin/Documents/data-engineering-practice/ETL_Airflow_DBT/airflow/airflow_env/lib/python3.11/site-packages/airflow/example_dags/example_branch_labels.py
[2026-04-02T05:48:09.762+0530] {processor.py:830} INFO - Processing file /Users/aswin/Documents/data-engineering-practice/ETL_Airflow_DBT/airflow/airflow_env/lib/python3.11/site-packages/airflow/example_dags/example_branch_labels.py for tasks to queue
[2026-04-02T05:48:09.762+0530] {logging_mixin.py:188} INFO - [2026-04-02T05:48:09.762+0530] {dagbag.py:540} INFO - Filling up the DagBag from /Users/aswin/Documents/data-engineering-practice/ETL_Airflow_DBT/airflow/airflow_env/lib/python3.11/site-packages/airflow/example_dags/example_branch_labels.py
[2026-04-02T05:48:09.766+0530] {processor.py:840} INFO - DAG(s) 'example_branch_labels' retrieved from /Users/aswin/Documents/data-engineering-practice/ETL_Airflow_DBT/airflow/airflow_env/lib/python3.11/site-packages/airflow/example_dags/example_branch_labels.py
[2026-04-02T05:48:09.823+0530] {logging_mixin.py:188} INFO - [2026-04-02T05:48:09.822+0530] {dag.py:3096} INFO - Sync 1 DAGs
[2026-04-02T05:48:09.835+0530] {logging_mixin.py:188} INFO - [2026-04-02T05:48:09.835+0530] {dag.py:3954} INFO - Setting next_dagrun for example_branch_labels to 2026-04-01 00:00:00+00:00, run_after=2026-04-02 00:00:00+00:00
[2026-04-02T05:48:09.843+0530] {processor.py:183} INFO - Processing /Users/aswin/Documents/data-engineering-practice/ETL_Airflow_DBT/airflow/airflow_env/lib/python3.11/site-packages/airflow/example_dags/example_branch_labels.py took 0.084 seconds
[2026-04-02T05:48:40.759+0530] {processor.py:161} INFO - Started process (PID=23681) to work on /Users/aswin/Documents/data-engineering-practice/ETL_Airflow_DBT/airflow/airflow_env/lib/python3.11/site-packages/airflow/example_dags/example_branch_labels.py
[2026-04-02T05:48:40.760+0530] {processor.py:830} INFO - Processing file /Users/aswin/Documents/data-engineering-practice/ETL_Airflow_DBT/airflow/airflow_env/lib/python3.11/site-packages/airflow/example_dags/example_branch_labels.py for tasks to queue
[2026-04-02T05:48:40.761+0530] {logging_mixin.py:188} INFO - [2026-04-02T05:48:40.761+0530] {dagbag.py:540} INFO - Filling up the DagBag from /Users/aswin/Documents/data-engineering-practice/ETL_Airflow_DBT/airflow/airflow_env/lib/python3.11/site-packages/airflow/example_dags/example_branch_labels.py
[2026-04-02T05:48:40.765+0530] {processor.py:840} INFO - DAG(s) 'example_branch_labels' retrieved from /Users/aswin/Documents/data-engineering-practice/ETL_Airflow_DBT/airflow/airflow_env/lib/python3.11/site-packages/airflow/example_dags/example_branch_labels.py
[2026-04-02T05:48:40.820+0530] {logging_mixin.py:188} INFO - [2026-04-02T05:48:40.820+0530] {dag.py:3096} INFO - Sync 1 DAGs
[2026-04-02T05:48:40.832+0530] {logging_mixin.py:188} INFO - [2026-04-02T05:48:40.831+0530] {dag.py:3954} INFO - Setting next_dagrun for example_branch_labels to 2026-04-01 00:00:00+00:00, run_after=2026-04-02 00:00:00+00:00
[2026-04-02T05:48:40.841+0530] {processor.py:183} INFO - Processing /Users/aswin/Documents/data-engineering-practice/ETL_Airflow_DBT/airflow/airflow_env/lib/python3.11/site-packages/airflow/example_dags/example_branch_labels.py took 0.083 seconds
[2026-04-02T05:49:12.010+0530] {processor.py:161} INFO - Started process (PID=23798) to work on /Users/aswin/Documents/data-engineering-practice/ETL_Airflow_DBT/airflow/airflow_env/lib/python3.11/site-packages/airflow/example_dags/example_branch_labels.py
[2026-04-02T05:49:12.010+0530] {processor.py:830} INFO - Processing file /Users/aswin/Documents/data-engineering-practice/ETL_Airflow_DBT/airflow/airflow_env/lib/python3.11/site-packages/airflow/example_dags/example_branch_labels.py for tasks to queue
[2026-04-02T05:49:12.011+0530] {logging_mixin.py:188} INFO - [2026-04-02T05:49:12.011+0530] {dagbag.py:540} INFO - Filling up the DagBag from /Users/aswin/Documents/data-engineering-practice/ETL_Airflow_DBT/airflow/airflow_env/lib/python3.11/site-packages/airflow/example_dags/example_branch_labels.py
[2026-04-02T05:49:12.014+0530] {processor.py:840} INFO - DAG(s) 'example_branch_labels' retrieved from /Users/aswin/Documents/data-engineering-practice/ETL_Airflow_DBT/airflow/airflow_env/lib/python3.11/site-packages/airflow/example_dags/example_branch_labels.py
[2026-04-02T05:49:12.068+0530] {logging_mixin.py:188} INFO - [2026-04-02T05:49:12.068+0530] {dag.py:3096} INFO - Sync 1 DAGs
[2026-04-02T05:49:12.080+0530] {logging_mixin.py:188} INFO - [2026-04-02T05:49:12.080+0530] {dag.py:3954} INFO - Setting next_dagrun for example_branch_labels to 2026-04-01 00:00:00+00:00, run_after=2026-04-02 00:00:00+00:00
[2026-04-02T05:49:12.089+0530] {processor.py:183} INFO - Processing /Users/aswin/Documents/data-engineering-practice/ETL_Airflow_DBT/airflow/airflow_env/lib/python3.11/site-packages/airflow/example_dags/example_branch_labels.py took 0.080 seconds
[2026-04-02T05:49:43.515+0530] {processor.py:161} INFO - Started process (PID=23933) to work on /Users/aswin/Documents/data-engineering-practice/ETL_Airflow_DBT/airflow/airflow_env/lib/python3.11/site-packages/airflow/example_dags/example_branch_labels.py
[2026-04-02T05:49:43.516+0530] {processor.py:830} INFO - Processing file /Users/aswin/Documents/data-engineering-practice/ETL_Airflow_DBT/airflow/airflow_env/lib/python3.11/site-packages/airflow/example_dags/example_branch_labels.py for tasks to queue
[2026-04-02T05:49:43.516+0530] {logging_mixin.py:188} INFO - [2026-04-02T05:49:43.516+0530] {dagbag.py:540} INFO - Filling up the DagBag from /Users/aswin/Documents/data-engineering-practice/ETL_Airflow_DBT/airflow/airflow_env/lib/python3.11/site-packages/airflow/example_dags/example_branch_labels.py
[2026-04-02T05:49:43.520+0530] {processor.py:840} INFO - DAG(s) 'example_branch_labels' retrieved from /Users/aswin/Documents/data-engineering-practice/ETL_Airflow_DBT/airflow/airflow_env/lib/python3.11/site-packages/airflow/example_dags/example_branch_labels.py
[2026-04-02T05:49:43.574+0530] {logging_mixin.py:188} INFO - [2026-04-02T05:49:43.574+0530] {dag.py:3096} INFO - Sync 1 DAGs
[2026-04-02T05:49:43.587+0530] {logging_mixin.py:188} INFO - [2026-04-02T05:49:43.586+0530] {dag.py:3954} INFO - Setting next_dagrun for example_branch_labels to 2026-04-01 00:00:00+00:00, run_after=2026-04-02 00:00:00+00:00
[2026-04-02T05:49:43.594+0530] {processor.py:183} INFO - Processing /Users/aswin/Documents/data-engineering-practice/ETL_Airflow_DBT/airflow/airflow_env/lib/python3.11/site-packages/airflow/example_dags/example_branch_labels.py took 0.081 seconds
[2026-04-02T05:50:15.139+0530] {processor.py:161} INFO - Started process (PID=24075) to work on /Users/aswin/Documents/data-engineering-practice/ETL_Airflow_DBT/airflow/airflow_env/lib/python3.11/site-packages/airflow/example_dags/example_branch_labels.py
[2026-04-02T05:50:15.140+0530] {processor.py:830} INFO - Processing file /Users/aswin/Documents/data-engineering-practice/ETL_Airflow_DBT/airflow/airflow_env/lib/python3.11/site-packages/airflow/example_dags/example_branch_labels.py for tasks to queue
[2026-04-02T05:50:15.140+0530] {logging_mixin.py:188} INFO - [2026-04-02T05:50:15.140+0530] {dagbag.py:540} INFO - Filling up the DagBag from /Users/aswin/Documents/data-engineering-practice/ETL_Airflow_DBT/airflow/airflow_env/lib/python3.11/site-packages/airflow/example_dags/example_branch_labels.py
[2026-04-02T05:50:15.144+0530] {processor.py:840} INFO - DAG(s) 'example_branch_labels' retrieved from /Users/aswin/Documents/data-engineering-practice/ETL_Airflow_DBT/airflow/airflow_env/lib/python3.11/site-packages/airflow/example_dags/example_branch_labels.py
[2026-04-02T05:50:15.200+0530] {logging_mixin.py:188} INFO - [2026-04-02T05:50:15.200+0530] {dag.py:3096} INFO - Sync 1 DAGs
[2026-04-02T05:50:15.213+0530] {logging_mixin.py:188} INFO - [2026-04-02T05:50:15.213+0530] {dag.py:3954} INFO - Setting next_dagrun for example_branch_labels to 2026-04-01 00:00:00+00:00, run_after=2026-04-02 00:00:00+00:00
[2026-04-02T05:50:15.222+0530] {processor.py:183} INFO - Processing /Users/aswin/Documents/data-engineering-practice/ETL_Airflow_DBT/airflow/airflow_env/lib/python3.11/site-packages/airflow/example_dags/example_branch_labels.py took 0.083 seconds
[2026-04-02T05:50:46.162+0530] {processor.py:161} INFO - Started process (PID=24200) to work on /Users/aswin/Documents/data-engineering-practice/ETL_Airflow_DBT/airflow/airflow_env/lib/python3.11/site-packages/airflow/example_dags/example_branch_labels.py
[2026-04-02T05:50:46.163+0530] {processor.py:830} INFO - Processing file /Users/aswin/Documents/data-engineering-practice/ETL_Airflow_DBT/airflow/airflow_env/lib/python3.11/site-packages/airflow/example_dags/example_branch_labels.py for tasks to queue
[2026-04-02T05:50:46.163+0530] {logging_mixin.py:188} INFO - [2026-04-02T05:50:46.163+0530] {dagbag.py:540} INFO - Filling up the DagBag from /Users/aswin/Documents/data-engineering-practice/ETL_Airflow_DBT/airflow/airflow_env/lib/python3.11/site-packages/airflow/example_dags/example_branch_labels.py
[2026-04-02T05:50:46.167+0530] {processor.py:840} INFO - DAG(s) 'example_branch_labels' retrieved from /Users/aswin/Documents/data-engineering-practice/ETL_Airflow_DBT/airflow/airflow_env/lib/python3.11/site-packages/airflow/example_dags/example_branch_labels.py
[2026-04-02T05:50:46.220+0530] {logging_mixin.py:188} INFO - [2026-04-02T05:50:46.220+0530] {dag.py:3096} INFO - Sync 1 DAGs
[2026-04-02T05:50:46.231+0530] {logging_mixin.py:188} INFO - [2026-04-02T05:50:46.231+0530] {dag.py:3954} INFO - Setting next_dagrun for example_branch_labels to 2026-04-01 00:00:00+00:00, run_after=2026-04-02 00:00:00+00:00
[2026-04-02T05:50:46.239+0530] {processor.py:183} INFO - Processing /Users/aswin/Documents/data-engineering-practice/ETL_Airflow_DBT/airflow/airflow_env/lib/python3.11/site-packages/airflow/example_dags/example_branch_labels.py took 0.078 seconds
[2026-04-02T05:51:17.533+0530] {processor.py:161} INFO - Started process (PID=24335) to work on /Users/aswin/Documents/data-engineering-practice/ETL_Airflow_DBT/airflow/airflow_env/lib/python3.11/site-packages/airflow/example_dags/example_branch_labels.py
[2026-04-02T05:51:17.534+0530] {processor.py:830} INFO - Processing file /Users/aswin/Documents/data-engineering-practice/ETL_Airflow_DBT/airflow/airflow_env/lib/python3.11/site-packages/airflow/example_dags/example_branch_labels.py for tasks to queue
[2026-04-02T05:51:17.535+0530] {logging_mixin.py:188} INFO - [2026-04-02T05:51:17.535+0530] {dagbag.py:540} INFO - Filling up the DagBag from /Users/aswin/Documents/data-engineering-practice/ETL_Airflow_DBT/airflow/airflow_env/lib/python3.11/site-packages/airflow/example_dags/example_branch_labels.py
[2026-04-02T05:51:17.539+0530] {processor.py:840} INFO - DAG(s) 'example_branch_labels' retrieved from /Users/aswin/Documents/data-engineering-practice/ETL_Airflow_DBT/airflow/airflow_env/lib/python3.11/site-packages/airflow/example_dags/example_branch_labels.py
[2026-04-02T05:51:17.593+0530] {logging_mixin.py:188} INFO - [2026-04-02T05:51:17.592+0530] {dag.py:3096} INFO - Sync 1 DAGs
[2026-04-02T05:51:17.607+0530] {logging_mixin.py:188} INFO - [2026-04-02T05:51:17.607+0530] {dag.py:3954} INFO - Setting next_dagrun for example_branch_labels to 2026-04-01 00:00:00+00:00, run_after=2026-04-02 00:00:00+00:00
[2026-04-02T05:51:17.615+0530] {processor.py:183} INFO - Processing /Users/aswin/Documents/data-engineering-practice/ETL_Airflow_DBT/airflow/airflow_env/lib/python3.11/site-packages/airflow/example_dags/example_branch_labels.py took 0.083 seconds
[2026-04-02T05:51:48.582+0530] {processor.py:161} INFO - Started process (PID=24459) to work on /Users/aswin/Documents/data-engineering-practice/ETL_Airflow_DBT/airflow/airflow_env/lib/python3.11/site-packages/airflow/example_dags/example_branch_labels.py
[2026-04-02T05:51:48.583+0530] {processor.py:830} INFO - Processing file /Users/aswin/Documents/data-engineering-practice/ETL_Airflow_DBT/airflow/airflow_env/lib/python3.11/site-packages/airflow/example_dags/example_branch_labels.py for tasks to queue
[2026-04-02T05:51:48.583+0530] {logging_mixin.py:188} INFO - [2026-04-02T05:51:48.583+0530] {dagbag.py:540} INFO - Filling up the DagBag from /Users/aswin/Documents/data-engineering-practice/ETL_Airflow_DBT/airflow/airflow_env/lib/python3.11/site-packages/airflow/example_dags/example_branch_labels.py
[2026-04-02T05:51:48.587+0530] {processor.py:840} INFO - DAG(s) 'example_branch_labels' retrieved from /Users/aswin/Documents/data-engineering-practice/ETL_Airflow_DBT/airflow/airflow_env/lib/python3.11/site-packages/airflow/example_dags/example_branch_labels.py
[2026-04-02T05:51:48.642+0530] {logging_mixin.py:188} INFO - [2026-04-02T05:51:48.642+0530] {dag.py:3096} INFO - Sync 1 DAGs
[2026-04-02T05:51:48.654+0530] {logging_mixin.py:188} INFO - [2026-04-02T05:51:48.654+0530] {dag.py:3954} INFO - Setting next_dagrun for example_branch_labels to 2026-04-01 00:00:00+00:00, run_after=2026-04-02 00:00:00+00:00
[2026-04-02T05:51:48.662+0530] {processor.py:183} INFO - Processing /Users/aswin/Documents/data-engineering-practice/ETL_Airflow_DBT/airflow/airflow_env/lib/python3.11/site-packages/airflow/example_dags/example_branch_labels.py took 0.081 seconds
[2026-04-02T05:52:19.842+0530] {processor.py:161} INFO - Started process (PID=24587) to work on /Users/aswin/Documents/data-engineering-practice/ETL_Airflow_DBT/airflow/airflow_env/lib/python3.11/site-packages/airflow/example_dags/example_branch_labels.py
[2026-04-02T05:52:19.843+0530] {processor.py:830} INFO - Processing file /Users/aswin/Documents/data-engineering-practice/ETL_Airflow_DBT/airflow/airflow_env/lib/python3.11/site-packages/airflow/example_dags/example_branch_labels.py for tasks to queue
[2026-04-02T05:52:19.843+0530] {logging_mixin.py:188} INFO - [2026-04-02T05:52:19.843+0530] {dagbag.py:540} INFO - Filling up the DagBag from /Users/aswin/Documents/data-engineering-practice/ETL_Airflow_DBT/airflow/airflow_env/lib/python3.11/site-packages/airflow/example_dags/example_branch_labels.py
[2026-04-02T05:52:19.847+0530] {processor.py:840} INFO - DAG(s) 'example_branch_labels' retrieved from /Users/aswin/Documents/data-engineering-practice/ETL_Airflow_DBT/airflow/airflow_env/lib/python3.11/site-packages/airflow/example_dags/example_branch_labels.py
[2026-04-02T05:52:19.899+0530] {logging_mixin.py:188} INFO - [2026-04-02T05:52:19.898+0530] {dag.py:3096} INFO - Sync 1 DAGs
[2026-04-02T05:52:19.910+0530] {logging_mixin.py:188} INFO - [2026-04-02T05:52:19.910+0530] {dag.py:3954} INFO - Setting next_dagrun for example_branch_labels to 2026-04-01 00:00:00+00:00, run_after=2026-04-02 00:00:00+00:00
[2026-04-02T05:52:19.920+0530] {processor.py:183} INFO - Processing /Users/aswin/Documents/data-engineering-practice/ETL_Airflow_DBT/airflow/airflow_env/lib/python3.11/site-packages/airflow/example_dags/example_branch_labels.py took 0.079 seconds
[2026-04-02T05:52:50.795+0530] {processor.py:161} INFO - Started process (PID=24712) to work on /Users/aswin/Documents/data-engineering-practice/ETL_Airflow_DBT/airflow/airflow_env/lib/python3.11/site-packages/airflow/example_dags/example_branch_labels.py
[2026-04-02T05:52:50.796+0530] {processor.py:830} INFO - Processing file /Users/aswin/Documents/data-engineering-practice/ETL_Airflow_DBT/airflow/airflow_env/lib/python3.11/site-packages/airflow/example_dags/example_branch_labels.py for tasks to queue
[2026-04-02T05:52:50.796+0530] {logging_mixin.py:188} INFO - [2026-04-02T05:52:50.796+0530] {dagbag.py:540} INFO - Filling up the DagBag from /Users/aswin/Documents/data-engineering-practice/ETL_Airflow_DBT/airflow/airflow_env/lib/python3.11/site-packages/airflow/example_dags/example_branch_labels.py
[2026-04-02T05:52:50.800+0530] {processor.py:840} INFO - DAG(s) 'example_branch_labels' retrieved from /Users/aswin/Documents/data-engineering-practice/ETL_Airflow_DBT/airflow/airflow_env/lib/python3.11/site-packages/airflow/example_dags/example_branch_labels.py
[2026-04-02T05:52:50.852+0530] {logging_mixin.py:188} INFO - [2026-04-02T05:52:50.852+0530] {dag.py:3096} INFO - Sync 1 DAGs
[2026-04-02T05:52:50.863+0530] {logging_mixin.py:188} INFO - [2026-04-02T05:52:50.863+0530] {dag.py:3954} INFO - Setting next_dagrun for example_branch_labels to 2026-04-01 00:00:00+00:00, run_after=2026-04-02 00:00:00+00:00
[2026-04-02T05:52:50.870+0530] {processor.py:183} INFO - Processing /Users/aswin/Documents/data-engineering-practice/ETL_Airflow_DBT/airflow/airflow_env/lib/python3.11/site-packages/airflow/example_dags/example_branch_labels.py took 0.076 seconds
[2026-04-02T05:53:21.691+0530] {processor.py:161} INFO - Started process (PID=24838) to work on /Users/aswin/Documents/data-engineering-practice/ETL_Airflow_DBT/airflow/airflow_env/lib/python3.11/site-packages/airflow/example_dags/example_branch_labels.py
[2026-04-02T05:53:21.692+0530] {processor.py:830} INFO - Processing file /Users/aswin/Documents/data-engineering-practice/ETL_Airflow_DBT/airflow/airflow_env/lib/python3.11/site-packages/airflow/example_dags/example_branch_labels.py for tasks to queue
[2026-04-02T05:53:21.692+0530] {logging_mixin.py:188} INFO - [2026-04-02T05:53:21.692+0530] {dagbag.py:540} INFO - Filling up the DagBag from /Users/aswin/Documents/data-engineering-practice/ETL_Airflow_DBT/airflow/airflow_env/lib/python3.11/site-packages/airflow/example_dags/example_branch_labels.py
[2026-04-02T05:53:21.696+0530] {processor.py:840} INFO - DAG(s) 'example_branch_labels' retrieved from /Users/aswin/Documents/data-engineering-practice/ETL_Airflow_DBT/airflow/airflow_env/lib/python3.11/site-packages/airflow/example_dags/example_branch_labels.py
[2026-04-02T05:53:21.752+0530] {logging_mixin.py:188} INFO - [2026-04-02T05:53:21.751+0530] {dag.py:3096} INFO - Sync 1 DAGs
[2026-04-02T05:53:21.765+0530] {logging_mixin.py:188} INFO - [2026-04-02T05:53:21.765+0530] {dag.py:3954} INFO - Setting next_dagrun for example_branch_labels to 2026-04-01 00:00:00+00:00, run_after=2026-04-02 00:00:00+00:00
[2026-04-02T05:53:21.777+0530] {processor.py:183} INFO - Processing /Users/aswin/Documents/data-engineering-practice/ETL_Airflow_DBT/airflow/airflow_env/lib/python3.11/site-packages/airflow/example_dags/example_branch_labels.py took 0.087 seconds
[2026-04-02T05:53:52.929+0530] {processor.py:161} INFO - Started process (PID=24972) to work on /Users/aswin/Documents/data-engineering-practice/ETL_Airflow_DBT/airflow/airflow_env/lib/python3.11/site-packages/airflow/example_dags/example_branch_labels.py
[2026-04-02T05:53:52.930+0530] {processor.py:830} INFO - Processing file /Users/aswin/Documents/data-engineering-practice/ETL_Airflow_DBT/airflow/airflow_env/lib/python3.11/site-packages/airflow/example_dags/example_branch_labels.py for tasks to queue
[2026-04-02T05:53:52.931+0530] {logging_mixin.py:188} INFO - [2026-04-02T05:53:52.931+0530] {dagbag.py:540} INFO - Filling up the DagBag from /Users/aswin/Documents/data-engineering-practice/ETL_Airflow_DBT/airflow/airflow_env/lib/python3.11/site-packages/airflow/example_dags/example_branch_labels.py
[2026-04-02T05:53:52.934+0530] {processor.py:840} INFO - DAG(s) 'example_branch_labels' retrieved from /Users/aswin/Documents/data-engineering-practice/ETL_Airflow_DBT/airflow/airflow_env/lib/python3.11/site-packages/airflow/example_dags/example_branch_labels.py
[2026-04-02T05:53:52.987+0530] {logging_mixin.py:188} INFO - [2026-04-02T05:53:52.987+0530] {dag.py:3096} INFO - Sync 1 DAGs
[2026-04-02T05:53:52.999+0530] {logging_mixin.py:188} INFO - [2026-04-02T05:53:52.999+0530] {dag.py:3954} INFO - Setting next_dagrun for example_branch_labels to 2026-04-01 00:00:00+00:00, run_after=2026-04-02 00:00:00+00:00
[2026-04-02T05:53:53.009+0530] {processor.py:183} INFO - Processing /Users/aswin/Documents/data-engineering-practice/ETL_Airflow_DBT/airflow/airflow_env/lib/python3.11/site-packages/airflow/example_dags/example_branch_labels.py took 0.081 seconds
[2026-04-02T05:54:24.516+0530] {processor.py:161} INFO - Started process (PID=25099) to work on /Users/aswin/Documents/data-engineering-practice/ETL_Airflow_DBT/airflow/airflow_env/lib/python3.11/site-packages/airflow/example_dags/example_branch_labels.py
[2026-04-02T05:54:24.517+0530] {processor.py:830} INFO - Processing file /Users/aswin/Documents/data-engineering-practice/ETL_Airflow_DBT/airflow/airflow_env/lib/python3.11/site-packages/airflow/example_dags/example_branch_labels.py for tasks to queue
[2026-04-02T05:54:24.517+0530] {logging_mixin.py:188} INFO - [2026-04-02T05:54:24.517+0530] {dagbag.py:540} INFO - Filling up the DagBag from /Users/aswin/Documents/data-engineering-practice/ETL_Airflow_DBT/airflow/airflow_env/lib/python3.11/site-packages/airflow/example_dags/example_branch_labels.py
[2026-04-02T05:54:24.521+0530] {processor.py:840} INFO - DAG(s) 'example_branch_labels' retrieved from /Users/aswin/Documents/data-engineering-practice/ETL_Airflow_DBT/airflow/airflow_env/lib/python3.11/site-packages/airflow/example_dags/example_branch_labels.py
[2026-04-02T05:54:24.575+0530] {logging_mixin.py:188} INFO - [2026-04-02T05:54:24.575+0530] {dag.py:3096} INFO - Sync 1 DAGs
[2026-04-02T05:54:24.586+0530] {logging_mixin.py:188} INFO - [2026-04-02T05:54:24.586+0530] {dag.py:3954} INFO - Setting next_dagrun for example_branch_labels to 2026-04-01 00:00:00+00:00, run_after=2026-04-02 00:00:00+00:00
[2026-04-02T05:54:24.594+0530] {processor.py:183} INFO - Processing /Users/aswin/Documents/data-engineering-practice/ETL_Airflow_DBT/airflow/airflow_env/lib/python3.11/site-packages/airflow/example_dags/example_branch_labels.py took 0.079 seconds
[2026-04-02T05:54:55.815+0530] {processor.py:161} INFO - Started process (PID=25234) to work on /Users/aswin/Documents/data-engineering-practice/ETL_Airflow_DBT/airflow/airflow_env/lib/python3.11/site-packages/airflow/example_dags/example_branch_labels.py
[2026-04-02T05:54:55.816+0530] {processor.py:830} INFO - Processing file /Users/aswin/Documents/data-engineering-practice/ETL_Airflow_DBT/airflow/airflow_env/lib/python3.11/site-packages/airflow/example_dags/example_branch_labels.py for tasks to queue
[2026-04-02T05:54:55.816+0530] {logging_mixin.py:188} INFO - [2026-04-02T05:54:55.816+0530] {dagbag.py:540} INFO - Filling up the DagBag from /Users/aswin/Documents/data-engineering-practice/ETL_Airflow_DBT/airflow/airflow_env/lib/python3.11/site-packages/airflow/example_dags/example_branch_labels.py
[2026-04-02T05:54:55.820+0530] {processor.py:840} INFO - DAG(s) 'example_branch_labels' retrieved from /Users/aswin/Documents/data-engineering-practice/ETL_Airflow_DBT/airflow/airflow_env/lib/python3.11/site-packages/airflow/example_dags/example_branch_labels.py
[2026-04-02T05:54:55.873+0530] {logging_mixin.py:188} INFO - [2026-04-02T05:54:55.872+0530] {dag.py:3096} INFO - Sync 1 DAGs
[2026-04-02T05:54:55.886+0530] {logging_mixin.py:188} INFO - [2026-04-02T05:54:55.885+0530] {dag.py:3954} INFO - Setting next_dagrun for example_branch_labels to 2026-04-01 00:00:00+00:00, run_after=2026-04-02 00:00:00+00:00
[2026-04-02T05:54:55.894+0530] {processor.py:183} INFO - Processing /Users/aswin/Documents/data-engineering-practice/ETL_Airflow_DBT/airflow/airflow_env/lib/python3.11/site-packages/airflow/example_dags/example_branch_labels.py took 0.080 seconds
[2026-04-02T05:55:26.966+0530] {processor.py:161} INFO - Started process (PID=25385) to work on /Users/aswin/Documents/data-engineering-practice/ETL_Airflow_DBT/airflow/airflow_env/lib/python3.11/site-packages/airflow/example_dags/example_branch_labels.py
[2026-04-02T05:55:26.966+0530] {processor.py:830} INFO - Processing file /Users/aswin/Documents/data-engineering-practice/ETL_Airflow_DBT/airflow/airflow_env/lib/python3.11/site-packages/airflow/example_dags/example_branch_labels.py for tasks to queue
[2026-04-02T05:55:26.967+0530] {logging_mixin.py:188} INFO - [2026-04-02T05:55:26.967+0530] {dagbag.py:540} INFO - Filling up the DagBag from /Users/aswin/Documents/data-engineering-practice/ETL_Airflow_DBT/airflow/airflow_env/lib/python3.11/site-packages/airflow/example_dags/example_branch_labels.py
[2026-04-02T05:55:26.971+0530] {processor.py:840} INFO - DAG(s) 'example_branch_labels' retrieved from /Users/aswin/Documents/data-engineering-practice/ETL_Airflow_DBT/airflow/airflow_env/lib/python3.11/site-packages/airflow/example_dags/example_branch_labels.py
[2026-04-02T05:55:27.025+0530] {logging_mixin.py:188} INFO - [2026-04-02T05:55:27.025+0530] {dag.py:3096} INFO - Sync 1 DAGs
[2026-04-02T05:55:27.039+0530] {logging_mixin.py:188} INFO - [2026-04-02T05:55:27.039+0530] {dag.py:3954} INFO - Setting next_dagrun for example_branch_labels to 2026-04-01 00:00:00+00:00, run_after=2026-04-02 00:00:00+00:00
[2026-04-02T05:55:27.047+0530] {processor.py:183} INFO - Processing /Users/aswin/Documents/data-engineering-practice/ETL_Airflow_DBT/airflow/airflow_env/lib/python3.11/site-packages/airflow/example_dags/example_branch_labels.py took 0.082 seconds
[2026-04-02T05:55:58.243+0530] {processor.py:161} INFO - Started process (PID=25540) to work on /Users/aswin/Documents/data-engineering-practice/ETL_Airflow_DBT/airflow/airflow_env/lib/python3.11/site-packages/airflow/example_dags/example_branch_labels.py
[2026-04-02T05:55:58.244+0530] {processor.py:830} INFO - Processing file /Users/aswin/Documents/data-engineering-practice/ETL_Airflow_DBT/airflow/airflow_env/lib/python3.11/site-packages/airflow/example_dags/example_branch_labels.py for tasks to queue
[2026-04-02T05:55:58.244+0530] {logging_mixin.py:188} INFO - [2026-04-02T05:55:58.244+0530] {dagbag.py:540} INFO - Filling up the DagBag from /Users/aswin/Documents/data-engineering-practice/ETL_Airflow_DBT/airflow/airflow_env/lib/python3.11/site-packages/airflow/example_dags/example_branch_labels.py
[2026-04-02T05:55:58.248+0530] {processor.py:840} INFO - DAG(s) 'example_branch_labels' retrieved from /Users/aswin/Documents/data-engineering-practice/ETL_Airflow_DBT/airflow/airflow_env/lib/python3.11/site-packages/airflow/example_dags/example_branch_labels.py
[2026-04-02T05:55:58.306+0530] {logging_mixin.py:188} INFO - [2026-04-02T05:55:58.305+0530] {dag.py:3096} INFO - Sync 1 DAGs
[2026-04-02T05:55:58.316+0530] {logging_mixin.py:188} INFO - [2026-04-02T05:55:58.316+0530] {dag.py:3954} INFO - Setting next_dagrun for example_branch_labels to 2026-04-01 00:00:00+00:00, run_after=2026-04-02 00:00:00+00:00
[2026-04-02T05:55:58.324+0530] {processor.py:183} INFO - Processing /Users/aswin/Documents/data-engineering-practice/ETL_Airflow_DBT/airflow/airflow_env/lib/python3.11/site-packages/airflow/example_dags/example_branch_labels.py took 0.082 seconds
[2026-04-02T05:56:29.288+0530] {processor.py:161} INFO - Started process (PID=25664) to work on /Users/aswin/Documents/data-engineering-practice/ETL_Airflow_DBT/airflow/airflow_env/lib/python3.11/site-packages/airflow/example_dags/example_branch_labels.py
[2026-04-02T05:56:29.289+0530] {processor.py:830} INFO - Processing file /Users/aswin/Documents/data-engineering-practice/ETL_Airflow_DBT/airflow/airflow_env/lib/python3.11/site-packages/airflow/example_dags/example_branch_labels.py for tasks to queue
[2026-04-02T05:56:29.290+0530] {logging_mixin.py:188} INFO - [2026-04-02T05:56:29.289+0530] {dagbag.py:540} INFO - Filling up the DagBag from /Users/aswin/Documents/data-engineering-practice/ETL_Airflow_DBT/airflow/airflow_env/lib/python3.11/site-packages/airflow/example_dags/example_branch_labels.py
[2026-04-02T05:56:29.293+0530] {processor.py:840} INFO - DAG(s) 'example_branch_labels' retrieved from /Users/aswin/Documents/data-engineering-practice/ETL_Airflow_DBT/airflow/airflow_env/lib/python3.11/site-packages/airflow/example_dags/example_branch_labels.py
[2026-04-02T05:56:29.345+0530] {logging_mixin.py:188} INFO - [2026-04-02T05:56:29.345+0530] {dag.py:3096} INFO - Sync 1 DAGs
[2026-04-02T05:56:29.357+0530] {logging_mixin.py:188} INFO - [2026-04-02T05:56:29.357+0530] {dag.py:3954} INFO - Setting next_dagrun for example_branch_labels to 2026-04-01 00:00:00+00:00, run_after=2026-04-02 00:00:00+00:00
[2026-04-02T05:56:29.367+0530] {processor.py:183} INFO - Processing /Users/aswin/Documents/data-engineering-practice/ETL_Airflow_DBT/airflow/airflow_env/lib/python3.11/site-packages/airflow/example_dags/example_branch_labels.py took 0.080 seconds
[2026-04-02T05:57:00.495+0530] {processor.py:161} INFO - Started process (PID=25789) to work on /Users/aswin/Documents/data-engineering-practice/ETL_Airflow_DBT/airflow/airflow_env/lib/python3.11/site-packages/airflow/example_dags/example_branch_labels.py
[2026-04-02T05:57:00.496+0530] {processor.py:830} INFO - Processing file /Users/aswin/Documents/data-engineering-practice/ETL_Airflow_DBT/airflow/airflow_env/lib/python3.11/site-packages/airflow/example_dags/example_branch_labels.py for tasks to queue
[2026-04-02T05:57:00.496+0530] {logging_mixin.py:188} INFO - [2026-04-02T05:57:00.496+0530] {dagbag.py:540} INFO - Filling up the DagBag from /Users/aswin/Documents/data-engineering-practice/ETL_Airflow_DBT/airflow/airflow_env/lib/python3.11/site-packages/airflow/example_dags/example_branch_labels.py
[2026-04-02T05:57:00.501+0530] {processor.py:840} INFO - DAG(s) 'example_branch_labels' retrieved from /Users/aswin/Documents/data-engineering-practice/ETL_Airflow_DBT/airflow/airflow_env/lib/python3.11/site-packages/airflow/example_dags/example_branch_labels.py
[2026-04-02T05:57:00.554+0530] {logging_mixin.py:188} INFO - [2026-04-02T05:57:00.554+0530] {dag.py:3096} INFO - Sync 1 DAGs
[2026-04-02T05:57:00.565+0530] {logging_mixin.py:188} INFO - [2026-04-02T05:57:00.565+0530] {dag.py:3954} INFO - Setting next_dagrun for example_branch_labels to 2026-04-01 00:00:00+00:00, run_after=2026-04-02 00:00:00+00:00
[2026-04-02T05:57:00.574+0530] {processor.py:183} INFO - Processing /Users/aswin/Documents/data-engineering-practice/ETL_Airflow_DBT/airflow/airflow_env/lib/python3.11/site-packages/airflow/example_dags/example_branch_labels.py took 0.080 seconds
[2026-04-02T05:57:31.452+0530] {processor.py:161} INFO - Started process (PID=25921) to work on /Users/aswin/Documents/data-engineering-practice/ETL_Airflow_DBT/airflow/airflow_env/lib/python3.11/site-packages/airflow/example_dags/example_branch_labels.py
[2026-04-02T05:57:31.453+0530] {processor.py:830} INFO - Processing file /Users/aswin/Documents/data-engineering-practice/ETL_Airflow_DBT/airflow/airflow_env/lib/python3.11/site-packages/airflow/example_dags/example_branch_labels.py for tasks to queue
[2026-04-02T05:57:31.454+0530] {logging_mixin.py:188} INFO - [2026-04-02T05:57:31.453+0530] {dagbag.py:540} INFO - Filling up the DagBag from /Users/aswin/Documents/data-engineering-practice/ETL_Airflow_DBT/airflow/airflow_env/lib/python3.11/site-packages/airflow/example_dags/example_branch_labels.py
[2026-04-02T05:57:31.457+0530] {processor.py:840} INFO - DAG(s) 'example_branch_labels' retrieved from /Users/aswin/Documents/data-engineering-practice/ETL_Airflow_DBT/airflow/airflow_env/lib/python3.11/site-packages/airflow/example_dags/example_branch_labels.py
[2026-04-02T05:57:31.510+0530] {logging_mixin.py:188} INFO - [2026-04-02T05:57:31.510+0530] {dag.py:3096} INFO - Sync 1 DAGs
[2026-04-02T05:57:31.523+0530] {logging_mixin.py:188} INFO - [2026-04-02T05:57:31.523+0530] {dag.py:3954} INFO - Setting next_dagrun for example_branch_labels to 2026-04-01 00:00:00+00:00, run_after=2026-04-02 00:00:00+00:00
[2026-04-02T05:57:31.532+0530] {processor.py:183} INFO - Processing /Users/aswin/Documents/data-engineering-practice/ETL_Airflow_DBT/airflow/airflow_env/lib/python3.11/site-packages/airflow/example_dags/example_branch_labels.py took 0.081 seconds
[2026-04-02T05:58:02.631+0530] {processor.py:161} INFO - Started process (PID=26049) to work on /Users/aswin/Documents/data-engineering-practice/ETL_Airflow_DBT/airflow/airflow_env/lib/python3.11/site-packages/airflow/example_dags/example_branch_labels.py
[2026-04-02T05:58:02.632+0530] {processor.py:830} INFO - Processing file /Users/aswin/Documents/data-engineering-practice/ETL_Airflow_DBT/airflow/airflow_env/lib/python3.11/site-packages/airflow/example_dags/example_branch_labels.py for tasks to queue
[2026-04-02T05:58:02.633+0530] {logging_mixin.py:188} INFO - [2026-04-02T05:58:02.633+0530] {dagbag.py:540} INFO - Filling up the DagBag from /Users/aswin/Documents/data-engineering-practice/ETL_Airflow_DBT/airflow/airflow_env/lib/python3.11/site-packages/airflow/example_dags/example_branch_labels.py
[2026-04-02T05:58:02.636+0530] {processor.py:840} INFO - DAG(s) 'example_branch_labels' retrieved from /Users/aswin/Documents/data-engineering-practice/ETL_Airflow_DBT/airflow/airflow_env/lib/python3.11/site-packages/airflow/example_dags/example_branch_labels.py
[2026-04-02T05:58:02.691+0530] {logging_mixin.py:188} INFO - [2026-04-02T05:58:02.691+0530] {dag.py:3096} INFO - Sync 1 DAGs
[2026-04-02T05:58:02.703+0530] {logging_mixin.py:188} INFO - [2026-04-02T05:58:02.702+0530] {dag.py:3954} INFO - Setting next_dagrun for example_branch_labels to 2026-04-01 00:00:00+00:00, run_after=2026-04-02 00:00:00+00:00
[2026-04-02T05:58:02.713+0530] {processor.py:183} INFO - Processing /Users/aswin/Documents/data-engineering-practice/ETL_Airflow_DBT/airflow/airflow_env/lib/python3.11/site-packages/airflow/example_dags/example_branch_labels.py took 0.083 seconds
[2026-04-02T05:58:33.769+0530] {processor.py:161} INFO - Started process (PID=26175) to work on /Users/aswin/Documents/data-engineering-practice/ETL_Airflow_DBT/airflow/airflow_env/lib/python3.11/site-packages/airflow/example_dags/example_branch_labels.py
[2026-04-02T05:58:33.770+0530] {processor.py:830} INFO - Processing file /Users/aswin/Documents/data-engineering-practice/ETL_Airflow_DBT/airflow/airflow_env/lib/python3.11/site-packages/airflow/example_dags/example_branch_labels.py for tasks to queue
[2026-04-02T05:58:33.770+0530] {logging_mixin.py:188} INFO - [2026-04-02T05:58:33.770+0530] {dagbag.py:540} INFO - Filling up the DagBag from /Users/aswin/Documents/data-engineering-practice/ETL_Airflow_DBT/airflow/airflow_env/lib/python3.11/site-packages/airflow/example_dags/example_branch_labels.py
[2026-04-02T05:58:33.774+0530] {processor.py:840} INFO - DAG(s) 'example_branch_labels' retrieved from /Users/aswin/Documents/data-engineering-practice/ETL_Airflow_DBT/airflow/airflow_env/lib/python3.11/site-packages/airflow/example_dags/example_branch_labels.py
[2026-04-02T05:58:33.826+0530] {logging_mixin.py:188} INFO - [2026-04-02T05:58:33.826+0530] {dag.py:3096} INFO - Sync 1 DAGs
[2026-04-02T05:58:33.838+0530] {logging_mixin.py:188} INFO - [2026-04-02T05:58:33.838+0530] {dag.py:3954} INFO - Setting next_dagrun for example_branch_labels to 2026-04-01 00:00:00+00:00, run_after=2026-04-02 00:00:00+00:00
[2026-04-02T05:58:33.848+0530] {processor.py:183} INFO - Processing /Users/aswin/Documents/data-engineering-practice/ETL_Airflow_DBT/airflow/airflow_env/lib/python3.11/site-packages/airflow/example_dags/example_branch_labels.py took 0.080 seconds
[2026-04-02T05:59:05.014+0530] {processor.py:161} INFO - Started process (PID=26299) to work on /Users/aswin/Documents/data-engineering-practice/ETL_Airflow_DBT/airflow/airflow_env/lib/python3.11/site-packages/airflow/example_dags/example_branch_labels.py
[2026-04-02T05:59:05.014+0530] {processor.py:830} INFO - Processing file /Users/aswin/Documents/data-engineering-practice/ETL_Airflow_DBT/airflow/airflow_env/lib/python3.11/site-packages/airflow/example_dags/example_branch_labels.py for tasks to queue
[2026-04-02T05:59:05.015+0530] {logging_mixin.py:188} INFO - [2026-04-02T05:59:05.015+0530] {dagbag.py:540} INFO - Filling up the DagBag from /Users/aswin/Documents/data-engineering-practice/ETL_Airflow_DBT/airflow/airflow_env/lib/python3.11/site-packages/airflow/example_dags/example_branch_labels.py
[2026-04-02T05:59:05.019+0530] {processor.py:840} INFO - DAG(s) 'example_branch_labels' retrieved from /Users/aswin/Documents/data-engineering-practice/ETL_Airflow_DBT/airflow/airflow_env/lib/python3.11/site-packages/airflow/example_dags/example_branch_labels.py
[2026-04-02T05:59:05.073+0530] {logging_mixin.py:188} INFO - [2026-04-02T05:59:05.073+0530] {dag.py:3096} INFO - Sync 1 DAGs
[2026-04-02T05:59:05.085+0530] {logging_mixin.py:188} INFO - [2026-04-02T05:59:05.085+0530] {dag.py:3954} INFO - Setting next_dagrun for example_branch_labels to 2026-04-01 00:00:00+00:00, run_after=2026-04-02 00:00:00+00:00
[2026-04-02T05:59:05.093+0530] {processor.py:183} INFO - Processing /Users/aswin/Documents/data-engineering-practice/ETL_Airflow_DBT/airflow/airflow_env/lib/python3.11/site-packages/airflow/example_dags/example_branch_labels.py took 0.081 seconds
[2026-04-02T05:59:36.066+0530] {processor.py:161} INFO - Started process (PID=26434) to work on /Users/aswin/Documents/data-engineering-practice/ETL_Airflow_DBT/airflow/airflow_env/lib/python3.11/site-packages/airflow/example_dags/example_branch_labels.py
[2026-04-02T05:59:36.067+0530] {processor.py:830} INFO - Processing file /Users/aswin/Documents/data-engineering-practice/ETL_Airflow_DBT/airflow/airflow_env/lib/python3.11/site-packages/airflow/example_dags/example_branch_labels.py for tasks to queue
[2026-04-02T05:59:36.067+0530] {logging_mixin.py:188} INFO - [2026-04-02T05:59:36.067+0530] {dagbag.py:540} INFO - Filling up the DagBag from /Users/aswin/Documents/data-engineering-practice/ETL_Airflow_DBT/airflow/airflow_env/lib/python3.11/site-packages/airflow/example_dags/example_branch_labels.py
[2026-04-02T05:59:36.071+0530] {processor.py:840} INFO - DAG(s) 'example_branch_labels' retrieved from /Users/aswin/Documents/data-engineering-practice/ETL_Airflow_DBT/airflow/airflow_env/lib/python3.11/site-packages/airflow/example_dags/example_branch_labels.py
[2026-04-02T05:59:36.124+0530] {logging_mixin.py:188} INFO - [2026-04-02T05:59:36.123+0530] {dag.py:3096} INFO - Sync 1 DAGs
[2026-04-02T05:59:36.136+0530] {logging_mixin.py:188} INFO - [2026-04-02T05:59:36.136+0530] {dag.py:3954} INFO - Setting next_dagrun for example_branch_labels to 2026-04-01 00:00:00+00:00, run_after=2026-04-02 00:00:00+00:00
[2026-04-02T05:59:36.145+0530] {processor.py:183} INFO - Processing /Users/aswin/Documents/data-engineering-practice/ETL_Airflow_DBT/airflow/airflow_env/lib/python3.11/site-packages/airflow/example_dags/example_branch_labels.py took 0.080 seconds
[2026-04-02T06:00:07.269+0530] {processor.py:161} INFO - Started process (PID=26561) to work on /Users/aswin/Documents/data-engineering-practice/ETL_Airflow_DBT/airflow/airflow_env/lib/python3.11/site-packages/airflow/example_dags/example_branch_labels.py
[2026-04-02T06:00:07.270+0530] {processor.py:830} INFO - Processing file /Users/aswin/Documents/data-engineering-practice/ETL_Airflow_DBT/airflow/airflow_env/lib/python3.11/site-packages/airflow/example_dags/example_branch_labels.py for tasks to queue
[2026-04-02T06:00:07.270+0530] {logging_mixin.py:188} INFO - [2026-04-02T06:00:07.270+0530] {dagbag.py:540} INFO - Filling up the DagBag from /Users/aswin/Documents/data-engineering-practice/ETL_Airflow_DBT/airflow/airflow_env/lib/python3.11/site-packages/airflow/example_dags/example_branch_labels.py
[2026-04-02T06:00:07.274+0530] {processor.py:840} INFO - DAG(s) 'example_branch_labels' retrieved from /Users/aswin/Documents/data-engineering-practice/ETL_Airflow_DBT/airflow/airflow_env/lib/python3.11/site-packages/airflow/example_dags/example_branch_labels.py
[2026-04-02T06:00:07.339+0530] {logging_mixin.py:188} INFO - [2026-04-02T06:00:07.338+0530] {dag.py:3096} INFO - Sync 1 DAGs
[2026-04-02T06:00:07.349+0530] {logging_mixin.py:188} INFO - [2026-04-02T06:00:07.349+0530] {dag.py:3954} INFO - Setting next_dagrun for example_branch_labels to 2026-04-01 00:00:00+00:00, run_after=2026-04-02 00:00:00+00:00
[2026-04-02T06:00:07.356+0530] {processor.py:183} INFO - Processing /Users/aswin/Documents/data-engineering-practice/ETL_Airflow_DBT/airflow/airflow_env/lib/python3.11/site-packages/airflow/example_dags/example_branch_labels.py took 0.088 seconds
[2026-04-02T06:00:38.976+0530] {processor.py:161} INFO - Started process (PID=26690) to work on /Users/aswin/Documents/data-engineering-practice/ETL_Airflow_DBT/airflow/airflow_env/lib/python3.11/site-packages/airflow/example_dags/example_branch_labels.py
[2026-04-02T06:00:38.978+0530] {processor.py:830} INFO - Processing file /Users/aswin/Documents/data-engineering-practice/ETL_Airflow_DBT/airflow/airflow_env/lib/python3.11/site-packages/airflow/example_dags/example_branch_labels.py for tasks to queue
[2026-04-02T06:00:38.978+0530] {logging_mixin.py:188} INFO - [2026-04-02T06:00:38.978+0530] {dagbag.py:540} INFO - Filling up the DagBag from /Users/aswin/Documents/data-engineering-practice/ETL_Airflow_DBT/airflow/airflow_env/lib/python3.11/site-packages/airflow/example_dags/example_branch_labels.py
[2026-04-02T06:00:38.982+0530] {processor.py:840} INFO - DAG(s) 'example_branch_labels' retrieved from /Users/aswin/Documents/data-engineering-practice/ETL_Airflow_DBT/airflow/airflow_env/lib/python3.11/site-packages/airflow/example_dags/example_branch_labels.py
[2026-04-02T06:00:39.043+0530] {logging_mixin.py:188} INFO - [2026-04-02T06:00:39.043+0530] {dag.py:3096} INFO - Sync 1 DAGs
[2026-04-02T06:00:39.057+0530] {logging_mixin.py:188} INFO - [2026-04-02T06:00:39.057+0530] {dag.py:3954} INFO - Setting next_dagrun for example_branch_labels to 2026-04-01 00:00:00+00:00, run_after=2026-04-02 00:00:00+00:00
[2026-04-02T06:00:39.065+0530] {processor.py:183} INFO - Processing /Users/aswin/Documents/data-engineering-practice/ETL_Airflow_DBT/airflow/airflow_env/lib/python3.11/site-packages/airflow/example_dags/example_branch_labels.py took 0.089 seconds
[2026-04-02T06:01:10.039+0530] {processor.py:161} INFO - Started process (PID=26819) to work on /Users/aswin/Documents/data-engineering-practice/ETL_Airflow_DBT/airflow/airflow_env/lib/python3.11/site-packages/airflow/example_dags/example_branch_labels.py
[2026-04-02T06:01:10.040+0530] {processor.py:830} INFO - Processing file /Users/aswin/Documents/data-engineering-practice/ETL_Airflow_DBT/airflow/airflow_env/lib/python3.11/site-packages/airflow/example_dags/example_branch_labels.py for tasks to queue
[2026-04-02T06:01:10.040+0530] {logging_mixin.py:188} INFO - [2026-04-02T06:01:10.040+0530] {dagbag.py:540} INFO - Filling up the DagBag from /Users/aswin/Documents/data-engineering-practice/ETL_Airflow_DBT/airflow/airflow_env/lib/python3.11/site-packages/airflow/example_dags/example_branch_labels.py
[2026-04-02T06:01:10.044+0530] {processor.py:840} INFO - DAG(s) 'example_branch_labels' retrieved from /Users/aswin/Documents/data-engineering-practice/ETL_Airflow_DBT/airflow/airflow_env/lib/python3.11/site-packages/airflow/example_dags/example_branch_labels.py
[2026-04-02T06:01:10.099+0530] {logging_mixin.py:188} INFO - [2026-04-02T06:01:10.099+0530] {dag.py:3096} INFO - Sync 1 DAGs
[2026-04-02T06:01:10.113+0530] {logging_mixin.py:188} INFO - [2026-04-02T06:01:10.113+0530] {dag.py:3954} INFO - Setting next_dagrun for example_branch_labels to 2026-04-01 00:00:00+00:00, run_after=2026-04-02 00:00:00+00:00
[2026-04-02T06:01:10.121+0530] {processor.py:183} INFO - Processing /Users/aswin/Documents/data-engineering-practice/ETL_Airflow_DBT/airflow/airflow_env/lib/python3.11/site-packages/airflow/example_dags/example_branch_labels.py took 0.083 seconds
[2026-04-02T06:01:41.217+0530] {processor.py:161} INFO - Started process (PID=26945) to work on /Users/aswin/Documents/data-engineering-practice/ETL_Airflow_DBT/airflow/airflow_env/lib/python3.11/site-packages/airflow/example_dags/example_branch_labels.py
[2026-04-02T06:01:41.218+0530] {processor.py:830} INFO - Processing file /Users/aswin/Documents/data-engineering-practice/ETL_Airflow_DBT/airflow/airflow_env/lib/python3.11/site-packages/airflow/example_dags/example_branch_labels.py for tasks to queue
[2026-04-02T06:01:41.218+0530] {logging_mixin.py:188} INFO - [2026-04-02T06:01:41.218+0530] {dagbag.py:540} INFO - Filling up the DagBag from /Users/aswin/Documents/data-engineering-practice/ETL_Airflow_DBT/airflow/airflow_env/lib/python3.11/site-packages/airflow/example_dags/example_branch_labels.py
[2026-04-02T06:01:41.222+0530] {processor.py:840} INFO - DAG(s) 'example_branch_labels' retrieved from /Users/aswin/Documents/data-engineering-practice/ETL_Airflow_DBT/airflow/airflow_env/lib/python3.11/site-packages/airflow/example_dags/example_branch_labels.py
[2026-04-02T06:01:41.275+0530] {logging_mixin.py:188} INFO - [2026-04-02T06:01:41.275+0530] {dag.py:3096} INFO - Sync 1 DAGs
[2026-04-02T06:01:41.288+0530] {logging_mixin.py:188} INFO - [2026-04-02T06:01:41.288+0530] {dag.py:3954} INFO - Setting next_dagrun for example_branch_labels to 2026-04-01 00:00:00+00:00, run_after=2026-04-02 00:00:00+00:00
[2026-04-02T06:01:41.297+0530] {processor.py:183} INFO - Processing /Users/aswin/Documents/data-engineering-practice/ETL_Airflow_DBT/airflow/airflow_env/lib/python3.11/site-packages/airflow/example_dags/example_branch_labels.py took 0.081 seconds
[2026-04-02T06:02:12.656+0530] {processor.py:161} INFO - Started process (PID=27087) to work on /Users/aswin/Documents/data-engineering-practice/ETL_Airflow_DBT/airflow/airflow_env/lib/python3.11/site-packages/airflow/example_dags/example_branch_labels.py
[2026-04-02T06:02:12.657+0530] {processor.py:830} INFO - Processing file /Users/aswin/Documents/data-engineering-practice/ETL_Airflow_DBT/airflow/airflow_env/lib/python3.11/site-packages/airflow/example_dags/example_branch_labels.py for tasks to queue
[2026-04-02T06:02:12.657+0530] {logging_mixin.py:188} INFO - [2026-04-02T06:02:12.657+0530] {dagbag.py:540} INFO - Filling up the DagBag from /Users/aswin/Documents/data-engineering-practice/ETL_Airflow_DBT/airflow/airflow_env/lib/python3.11/site-packages/airflow/example_dags/example_branch_labels.py
[2026-04-02T06:02:12.661+0530] {processor.py:840} INFO - DAG(s) 'example_branch_labels' retrieved from /Users/aswin/Documents/data-engineering-practice/ETL_Airflow_DBT/airflow/airflow_env/lib/python3.11/site-packages/airflow/example_dags/example_branch_labels.py
[2026-04-02T06:02:12.715+0530] {logging_mixin.py:188} INFO - [2026-04-02T06:02:12.714+0530] {dag.py:3096} INFO - Sync 1 DAGs
[2026-04-02T06:02:12.726+0530] {logging_mixin.py:188} INFO - [2026-04-02T06:02:12.726+0530] {dag.py:3954} INFO - Setting next_dagrun for example_branch_labels to 2026-04-01 00:00:00+00:00, run_after=2026-04-02 00:00:00+00:00
[2026-04-02T06:02:12.734+0530] {processor.py:183} INFO - Processing /Users/aswin/Documents/data-engineering-practice/ETL_Airflow_DBT/airflow/airflow_env/lib/python3.11/site-packages/airflow/example_dags/example_branch_labels.py took 0.079 seconds
[2026-04-02T06:02:43.486+0530] {processor.py:161} INFO - Started process (PID=27213) to work on /Users/aswin/Documents/data-engineering-practice/ETL_Airflow_DBT/airflow/airflow_env/lib/python3.11/site-packages/airflow/example_dags/example_branch_labels.py
[2026-04-02T06:02:43.486+0530] {processor.py:830} INFO - Processing file /Users/aswin/Documents/data-engineering-practice/ETL_Airflow_DBT/airflow/airflow_env/lib/python3.11/site-packages/airflow/example_dags/example_branch_labels.py for tasks to queue
[2026-04-02T06:02:43.486+0530] {logging_mixin.py:188} INFO - [2026-04-02T06:02:43.486+0530] {dagbag.py:540} INFO - Filling up the DagBag from /Users/aswin/Documents/data-engineering-practice/ETL_Airflow_DBT/airflow/airflow_env/lib/python3.11/site-packages/airflow/example_dags/example_branch_labels.py
[2026-04-02T06:02:43.490+0530] {processor.py:840} INFO - DAG(s) 'example_branch_labels' retrieved from /Users/aswin/Documents/data-engineering-practice/ETL_Airflow_DBT/airflow/airflow_env/lib/python3.11/site-packages/airflow/example_dags/example_branch_labels.py
[2026-04-02T06:02:43.543+0530] {logging_mixin.py:188} INFO - [2026-04-02T06:02:43.543+0530] {dag.py:3096} INFO - Sync 1 DAGs
[2026-04-02T06:02:43.555+0530] {logging_mixin.py:188} INFO - [2026-04-02T06:02:43.555+0530] {dag.py:3954} INFO - Setting next_dagrun for example_branch_labels to 2026-04-01 00:00:00+00:00, run_after=2026-04-02 00:00:00+00:00
[2026-04-02T06:02:43.564+0530] {processor.py:183} INFO - Processing /Users/aswin/Documents/data-engineering-practice/ETL_Airflow_DBT/airflow/airflow_env/lib/python3.11/site-packages/airflow/example_dags/example_branch_labels.py took 0.079 seconds
[2026-04-02T06:03:14.541+0530] {processor.py:161} INFO - Started process (PID=27340) to work on /Users/aswin/Documents/data-engineering-practice/ETL_Airflow_DBT/airflow/airflow_env/lib/python3.11/site-packages/airflow/example_dags/example_branch_labels.py
[2026-04-02T06:03:14.542+0530] {processor.py:830} INFO - Processing file /Users/aswin/Documents/data-engineering-practice/ETL_Airflow_DBT/airflow/airflow_env/lib/python3.11/site-packages/airflow/example_dags/example_branch_labels.py for tasks to queue
[2026-04-02T06:03:14.543+0530] {logging_mixin.py:188} INFO - [2026-04-02T06:03:14.543+0530] {dagbag.py:540} INFO - Filling up the DagBag from /Users/aswin/Documents/data-engineering-practice/ETL_Airflow_DBT/airflow/airflow_env/lib/python3.11/site-packages/airflow/example_dags/example_branch_labels.py
[2026-04-02T06:03:14.546+0530] {processor.py:840} INFO - DAG(s) 'example_branch_labels' retrieved from /Users/aswin/Documents/data-engineering-practice/ETL_Airflow_DBT/airflow/airflow_env/lib/python3.11/site-packages/airflow/example_dags/example_branch_labels.py
[2026-04-02T06:03:14.598+0530] {logging_mixin.py:188} INFO - [2026-04-02T06:03:14.598+0530] {dag.py:3096} INFO - Sync 1 DAGs
[2026-04-02T06:03:14.610+0530] {logging_mixin.py:188} INFO - [2026-04-02T06:03:14.610+0530] {dag.py:3954} INFO - Setting next_dagrun for example_branch_labels to 2026-04-01 00:00:00+00:00, run_after=2026-04-02 00:00:00+00:00
[2026-04-02T06:03:14.618+0530] {processor.py:183} INFO - Processing /Users/aswin/Documents/data-engineering-practice/ETL_Airflow_DBT/airflow/airflow_env/lib/python3.11/site-packages/airflow/example_dags/example_branch_labels.py took 0.078 seconds
[2026-04-02T06:03:45.752+0530] {processor.py:161} INFO - Started process (PID=27466) to work on /Users/aswin/Documents/data-engineering-practice/ETL_Airflow_DBT/airflow/airflow_env/lib/python3.11/site-packages/airflow/example_dags/example_branch_labels.py
[2026-04-02T06:03:45.752+0530] {processor.py:830} INFO - Processing file /Users/aswin/Documents/data-engineering-practice/ETL_Airflow_DBT/airflow/airflow_env/lib/python3.11/site-packages/airflow/example_dags/example_branch_labels.py for tasks to queue
[2026-04-02T06:03:45.753+0530] {logging_mixin.py:188} INFO - [2026-04-02T06:03:45.753+0530] {dagbag.py:540} INFO - Filling up the DagBag from /Users/aswin/Documents/data-engineering-practice/ETL_Airflow_DBT/airflow/airflow_env/lib/python3.11/site-packages/airflow/example_dags/example_branch_labels.py
[2026-04-02T06:03:45.756+0530] {processor.py:840} INFO - DAG(s) 'example_branch_labels' retrieved from /Users/aswin/Documents/data-engineering-practice/ETL_Airflow_DBT/airflow/airflow_env/lib/python3.11/site-packages/airflow/example_dags/example_branch_labels.py
[2026-04-02T06:03:45.810+0530] {logging_mixin.py:188} INFO - [2026-04-02T06:03:45.810+0530] {dag.py:3096} INFO - Sync 1 DAGs
[2026-04-02T06:03:45.822+0530] {logging_mixin.py:188} INFO - [2026-04-02T06:03:45.822+0530] {dag.py:3954} INFO - Setting next_dagrun for example_branch_labels to 2026-04-01 00:00:00+00:00, run_after=2026-04-02 00:00:00+00:00
[2026-04-02T06:03:45.831+0530] {processor.py:183} INFO - Processing /Users/aswin/Documents/data-engineering-practice/ETL_Airflow_DBT/airflow/airflow_env/lib/python3.11/site-packages/airflow/example_dags/example_branch_labels.py took 0.080 seconds
[2026-04-02T06:04:16.865+0530] {processor.py:161} INFO - Started process (PID=27591) to work on /Users/aswin/Documents/data-engineering-practice/ETL_Airflow_DBT/airflow/airflow_env/lib/python3.11/site-packages/airflow/example_dags/example_branch_labels.py
[2026-04-02T06:04:16.866+0530] {processor.py:830} INFO - Processing file /Users/aswin/Documents/data-engineering-practice/ETL_Airflow_DBT/airflow/airflow_env/lib/python3.11/site-packages/airflow/example_dags/example_branch_labels.py for tasks to queue
[2026-04-02T06:04:16.867+0530] {logging_mixin.py:188} INFO - [2026-04-02T06:04:16.866+0530] {dagbag.py:540} INFO - Filling up the DagBag from /Users/aswin/Documents/data-engineering-practice/ETL_Airflow_DBT/airflow/airflow_env/lib/python3.11/site-packages/airflow/example_dags/example_branch_labels.py
[2026-04-02T06:04:16.870+0530] {processor.py:840} INFO - DAG(s) 'example_branch_labels' retrieved from /Users/aswin/Documents/data-engineering-practice/ETL_Airflow_DBT/airflow/airflow_env/lib/python3.11/site-packages/airflow/example_dags/example_branch_labels.py
[2026-04-02T06:04:16.926+0530] {logging_mixin.py:188} INFO - [2026-04-02T06:04:16.925+0530] {dag.py:3096} INFO - Sync 1 DAGs
[2026-04-02T06:04:16.936+0530] {logging_mixin.py:188} INFO - [2026-04-02T06:04:16.936+0530] {dag.py:3954} INFO - Setting next_dagrun for example_branch_labels to 2026-04-01 00:00:00+00:00, run_after=2026-04-02 00:00:00+00:00
[2026-04-02T06:04:16.945+0530] {processor.py:183} INFO - Processing /Users/aswin/Documents/data-engineering-practice/ETL_Airflow_DBT/airflow/airflow_env/lib/python3.11/site-packages/airflow/example_dags/example_branch_labels.py took 0.081 seconds
[2026-04-02T06:04:48.209+0530] {processor.py:161} INFO - Started process (PID=27744) to work on /Users/aswin/Documents/data-engineering-practice/ETL_Airflow_DBT/airflow/airflow_env/lib/python3.11/site-packages/airflow/example_dags/example_branch_labels.py
[2026-04-02T06:04:48.210+0530] {processor.py:830} INFO - Processing file /Users/aswin/Documents/data-engineering-practice/ETL_Airflow_DBT/airflow/airflow_env/lib/python3.11/site-packages/airflow/example_dags/example_branch_labels.py for tasks to queue
[2026-04-02T06:04:48.210+0530] {logging_mixin.py:188} INFO - [2026-04-02T06:04:48.210+0530] {dagbag.py:540} INFO - Filling up the DagBag from /Users/aswin/Documents/data-engineering-practice/ETL_Airflow_DBT/airflow/airflow_env/lib/python3.11/site-packages/airflow/example_dags/example_branch_labels.py
[2026-04-02T06:04:48.216+0530] {processor.py:840} INFO - DAG(s) 'example_branch_labels' retrieved from /Users/aswin/Documents/data-engineering-practice/ETL_Airflow_DBT/airflow/airflow_env/lib/python3.11/site-packages/airflow/example_dags/example_branch_labels.py
[2026-04-02T06:04:48.272+0530] {logging_mixin.py:188} INFO - [2026-04-02T06:04:48.272+0530] {dag.py:3096} INFO - Sync 1 DAGs
[2026-04-02T06:04:48.282+0530] {logging_mixin.py:188} INFO - [2026-04-02T06:04:48.282+0530] {dag.py:3954} INFO - Setting next_dagrun for example_branch_labels to 2026-04-01 00:00:00+00:00, run_after=2026-04-02 00:00:00+00:00
[2026-04-02T06:04:48.290+0530] {processor.py:183} INFO - Processing /Users/aswin/Documents/data-engineering-practice/ETL_Airflow_DBT/airflow/airflow_env/lib/python3.11/site-packages/airflow/example_dags/example_branch_labels.py took 0.082 seconds
[2026-04-02T06:05:19.154+0530] {processor.py:161} INFO - Started process (PID=27879) to work on /Users/aswin/Documents/data-engineering-practice/ETL_Airflow_DBT/airflow/airflow_env/lib/python3.11/site-packages/airflow/example_dags/example_branch_labels.py
[2026-04-02T06:05:19.155+0530] {processor.py:830} INFO - Processing file /Users/aswin/Documents/data-engineering-practice/ETL_Airflow_DBT/airflow/airflow_env/lib/python3.11/site-packages/airflow/example_dags/example_branch_labels.py for tasks to queue
[2026-04-02T06:05:19.155+0530] {logging_mixin.py:188} INFO - [2026-04-02T06:05:19.155+0530] {dagbag.py:540} INFO - Filling up the DagBag from /Users/aswin/Documents/data-engineering-practice/ETL_Airflow_DBT/airflow/airflow_env/lib/python3.11/site-packages/airflow/example_dags/example_branch_labels.py
[2026-04-02T06:05:19.158+0530] {processor.py:840} INFO - DAG(s) 'example_branch_labels' retrieved from /Users/aswin/Documents/data-engineering-practice/ETL_Airflow_DBT/airflow/airflow_env/lib/python3.11/site-packages/airflow/example_dags/example_branch_labels.py
[2026-04-02T06:05:19.211+0530] {logging_mixin.py:188} INFO - [2026-04-02T06:05:19.210+0530] {dag.py:3096} INFO - Sync 1 DAGs
[2026-04-02T06:05:19.221+0530] {logging_mixin.py:188} INFO - [2026-04-02T06:05:19.221+0530] {dag.py:3954} INFO - Setting next_dagrun for example_branch_labels to 2026-04-01 00:00:00+00:00, run_after=2026-04-02 00:00:00+00:00
[2026-04-02T06:05:19.230+0530] {processor.py:183} INFO - Processing /Users/aswin/Documents/data-engineering-practice/ETL_Airflow_DBT/airflow/airflow_env/lib/python3.11/site-packages/airflow/example_dags/example_branch_labels.py took 0.077 seconds
[2026-04-02T06:05:50.404+0530] {processor.py:161} INFO - Started process (PID=28018) to work on /Users/aswin/Documents/data-engineering-practice/ETL_Airflow_DBT/airflow/airflow_env/lib/python3.11/site-packages/airflow/example_dags/example_branch_labels.py
[2026-04-02T06:05:50.404+0530] {processor.py:830} INFO - Processing file /Users/aswin/Documents/data-engineering-practice/ETL_Airflow_DBT/airflow/airflow_env/lib/python3.11/site-packages/airflow/example_dags/example_branch_labels.py for tasks to queue
[2026-04-02T06:05:50.404+0530] {logging_mixin.py:188} INFO - [2026-04-02T06:05:50.404+0530] {dagbag.py:540} INFO - Filling up the DagBag from /Users/aswin/Documents/data-engineering-practice/ETL_Airflow_DBT/airflow/airflow_env/lib/python3.11/site-packages/airflow/example_dags/example_branch_labels.py
[2026-04-02T06:05:50.408+0530] {processor.py:840} INFO - DAG(s) 'example_branch_labels' retrieved from /Users/aswin/Documents/data-engineering-practice/ETL_Airflow_DBT/airflow/airflow_env/lib/python3.11/site-packages/airflow/example_dags/example_branch_labels.py
[2026-04-02T06:05:50.460+0530] {logging_mixin.py:188} INFO - [2026-04-02T06:05:50.460+0530] {dag.py:3096} INFO - Sync 1 DAGs
[2026-04-02T06:05:50.472+0530] {logging_mixin.py:188} INFO - [2026-04-02T06:05:50.472+0530] {dag.py:3954} INFO - Setting next_dagrun for example_branch_labels to 2026-04-01 00:00:00+00:00, run_after=2026-04-02 00:00:00+00:00
[2026-04-02T06:05:50.481+0530] {processor.py:183} INFO - Processing /Users/aswin/Documents/data-engineering-practice/ETL_Airflow_DBT/airflow/airflow_env/lib/python3.11/site-packages/airflow/example_dags/example_branch_labels.py took 0.078 seconds
[2026-04-02T06:06:21.406+0530] {processor.py:161} INFO - Started process (PID=28158) to work on /Users/aswin/Documents/data-engineering-practice/ETL_Airflow_DBT/airflow/airflow_env/lib/python3.11/site-packages/airflow/example_dags/example_branch_labels.py
[2026-04-02T06:06:21.407+0530] {processor.py:830} INFO - Processing file /Users/aswin/Documents/data-engineering-practice/ETL_Airflow_DBT/airflow/airflow_env/lib/python3.11/site-packages/airflow/example_dags/example_branch_labels.py for tasks to queue
[2026-04-02T06:06:21.407+0530] {logging_mixin.py:188} INFO - [2026-04-02T06:06:21.407+0530] {dagbag.py:540} INFO - Filling up the DagBag from /Users/aswin/Documents/data-engineering-practice/ETL_Airflow_DBT/airflow/airflow_env/lib/python3.11/site-packages/airflow/example_dags/example_branch_labels.py
[2026-04-02T06:06:21.411+0530] {processor.py:840} INFO - DAG(s) 'example_branch_labels' retrieved from /Users/aswin/Documents/data-engineering-practice/ETL_Airflow_DBT/airflow/airflow_env/lib/python3.11/site-packages/airflow/example_dags/example_branch_labels.py
[2026-04-02T06:06:21.467+0530] {logging_mixin.py:188} INFO - [2026-04-02T06:06:21.467+0530] {dag.py:3096} INFO - Sync 1 DAGs
[2026-04-02T06:06:21.479+0530] {logging_mixin.py:188} INFO - [2026-04-02T06:06:21.478+0530] {dag.py:3954} INFO - Setting next_dagrun for example_branch_labels to 2026-04-01 00:00:00+00:00, run_after=2026-04-02 00:00:00+00:00
[2026-04-02T06:06:21.486+0530] {processor.py:183} INFO - Processing /Users/aswin/Documents/data-engineering-practice/ETL_Airflow_DBT/airflow/airflow_env/lib/python3.11/site-packages/airflow/example_dags/example_branch_labels.py took 0.082 seconds
[2026-04-02T06:06:52.598+0530] {processor.py:161} INFO - Started process (PID=28278) to work on /Users/aswin/Documents/data-engineering-practice/ETL_Airflow_DBT/airflow/airflow_env/lib/python3.11/site-packages/airflow/example_dags/example_branch_labels.py
[2026-04-02T06:06:52.598+0530] {processor.py:830} INFO - Processing file /Users/aswin/Documents/data-engineering-practice/ETL_Airflow_DBT/airflow/airflow_env/lib/python3.11/site-packages/airflow/example_dags/example_branch_labels.py for tasks to queue
[2026-04-02T06:06:52.599+0530] {logging_mixin.py:188} INFO - [2026-04-02T06:06:52.598+0530] {dagbag.py:540} INFO - Filling up the DagBag from /Users/aswin/Documents/data-engineering-practice/ETL_Airflow_DBT/airflow/airflow_env/lib/python3.11/site-packages/airflow/example_dags/example_branch_labels.py
[2026-04-02T06:06:52.603+0530] {processor.py:840} INFO - DAG(s) 'example_branch_labels' retrieved from /Users/aswin/Documents/data-engineering-practice/ETL_Airflow_DBT/airflow/airflow_env/lib/python3.11/site-packages/airflow/example_dags/example_branch_labels.py
[2026-04-02T06:06:52.656+0530] {logging_mixin.py:188} INFO - [2026-04-02T06:06:52.656+0530] {dag.py:3096} INFO - Sync 1 DAGs
[2026-04-02T06:06:52.667+0530] {logging_mixin.py:188} INFO - [2026-04-02T06:06:52.667+0530] {dag.py:3954} INFO - Setting next_dagrun for example_branch_labels to 2026-04-01 00:00:00+00:00, run_after=2026-04-02 00:00:00+00:00
[2026-04-02T06:06:52.676+0530] {processor.py:183} INFO - Processing /Users/aswin/Documents/data-engineering-practice/ETL_Airflow_DBT/airflow/airflow_env/lib/python3.11/site-packages/airflow/example_dags/example_branch_labels.py took 0.079 seconds
