[2026-04-02T05:38:02.219+0530] {processor.py:161} INFO - Started process (PID=21114) to work on /Users/aswin/Documents/data-engineering-practice/ETL_Airflow_DBT/airflow/airflow_env/lib/python3.11/site-packages/airflow/example_dags/tutorial.py
[2026-04-02T05:38:02.220+0530] {processor.py:830} INFO - Processing file /Users/aswin/Documents/data-engineering-practice/ETL_Airflow_DBT/airflow/airflow_env/lib/python3.11/site-packages/airflow/example_dags/tutorial.py for tasks to queue
[2026-04-02T05:38:02.220+0530] {logging_mixin.py:188} INFO - [2026-04-02T05:38:02.220+0530] {dagbag.py:540} INFO - Filling up the DagBag from /Users/aswin/Documents/data-engineering-practice/ETL_Airflow_DBT/airflow/airflow_env/lib/python3.11/site-packages/airflow/example_dags/tutorial.py
[2026-04-02T05:38:02.223+0530] {processor.py:840} INFO - DAG(s) 'tutorial' retrieved from /Users/aswin/Documents/data-engineering-practice/ETL_Airflow_DBT/airflow/airflow_env/lib/python3.11/site-packages/airflow/example_dags/tutorial.py
[2026-04-02T05:38:02.276+0530] {logging_mixin.py:188} INFO - [2026-04-02T05:38:02.276+0530] {dag.py:3096} INFO - Sync 1 DAGs
[2026-04-02T05:38:02.289+0530] {logging_mixin.py:188} INFO - [2026-04-02T05:38:02.289+0530] {dag.py:3954} INFO - Setting next_dagrun for tutorial to 2026-04-01 00:00:00+00:00, run_after=2026-04-02 00:00:00+00:00
[2026-04-02T05:38:02.299+0530] {processor.py:183} INFO - Processing /Users/aswin/Documents/data-engineering-practice/ETL_Airflow_DBT/airflow/airflow_env/lib/python3.11/site-packages/airflow/example_dags/tutorial.py took 0.081 seconds
[2026-04-02T05:38:33.563+0530] {processor.py:161} INFO - Started process (PID=21242) to work on /Users/aswin/Documents/data-engineering-practice/ETL_Airflow_DBT/airflow/airflow_env/lib/python3.11/site-packages/airflow/example_dags/tutorial.py
[2026-04-02T05:38:33.564+0530] {processor.py:830} INFO - Processing file /Users/aswin/Documents/data-engineering-practice/ETL_Airflow_DBT/airflow/airflow_env/lib/python3.11/site-packages/airflow/example_dags/tutorial.py for tasks to queue
[2026-04-02T05:38:33.564+0530] {logging_mixin.py:188} INFO - [2026-04-02T05:38:33.564+0530] {dagbag.py:540} INFO - Filling up the DagBag from /Users/aswin/Documents/data-engineering-practice/ETL_Airflow_DBT/airflow/airflow_env/lib/python3.11/site-packages/airflow/example_dags/tutorial.py
[2026-04-02T05:38:33.567+0530] {processor.py:840} INFO - DAG(s) 'tutorial' retrieved from /Users/aswin/Documents/data-engineering-practice/ETL_Airflow_DBT/airflow/airflow_env/lib/python3.11/site-packages/airflow/example_dags/tutorial.py
[2026-04-02T05:38:33.619+0530] {logging_mixin.py:188} INFO - [2026-04-02T05:38:33.619+0530] {dag.py:3096} INFO - Sync 1 DAGs
[2026-04-02T05:38:33.632+0530] {logging_mixin.py:188} INFO - [2026-04-02T05:38:33.632+0530] {dag.py:3954} INFO - Setting next_dagrun for tutorial to 2026-04-01 00:00:00+00:00, run_after=2026-04-02 00:00:00+00:00
[2026-04-02T05:38:33.640+0530] {processor.py:183} INFO - Processing /Users/aswin/Documents/data-engineering-practice/ETL_Airflow_DBT/airflow/airflow_env/lib/python3.11/site-packages/airflow/example_dags/tutorial.py took 0.078 seconds
[2026-04-02T05:39:04.778+0530] {processor.py:161} INFO - Started process (PID=21376) to work on /Users/aswin/Documents/data-engineering-practice/ETL_Airflow_DBT/airflow/airflow_env/lib/python3.11/site-packages/airflow/example_dags/tutorial.py
[2026-04-02T05:39:04.779+0530] {processor.py:830} INFO - Processing file /Users/aswin/Documents/data-engineering-practice/ETL_Airflow_DBT/airflow/airflow_env/lib/python3.11/site-packages/airflow/example_dags/tutorial.py for tasks to queue
[2026-04-02T05:39:04.780+0530] {logging_mixin.py:188} INFO - [2026-04-02T05:39:04.780+0530] {dagbag.py:540} INFO - Filling up the DagBag from /Users/aswin/Documents/data-engineering-practice/ETL_Airflow_DBT/airflow/airflow_env/lib/python3.11/site-packages/airflow/example_dags/tutorial.py
[2026-04-02T05:39:04.783+0530] {processor.py:840} INFO - DAG(s) 'tutorial' retrieved from /Users/aswin/Documents/data-engineering-practice/ETL_Airflow_DBT/airflow/airflow_env/lib/python3.11/site-packages/airflow/example_dags/tutorial.py
[2026-04-02T05:39:04.834+0530] {logging_mixin.py:188} INFO - [2026-04-02T05:39:04.834+0530] {dag.py:3096} INFO - Sync 1 DAGs
[2026-04-02T05:39:04.844+0530] {logging_mixin.py:188} INFO - [2026-04-02T05:39:04.844+0530] {dag.py:3954} INFO - Setting next_dagrun for tutorial to 2026-04-01 00:00:00+00:00, run_after=2026-04-02 00:00:00+00:00
[2026-04-02T05:39:04.852+0530] {processor.py:183} INFO - Processing /Users/aswin/Documents/data-engineering-practice/ETL_Airflow_DBT/airflow/airflow_env/lib/python3.11/site-packages/airflow/example_dags/tutorial.py took 0.075 seconds
[2026-04-02T05:39:35.957+0530] {processor.py:161} INFO - Started process (PID=21502) to work on /Users/aswin/Documents/data-engineering-practice/ETL_Airflow_DBT/airflow/airflow_env/lib/python3.11/site-packages/airflow/example_dags/tutorial.py
[2026-04-02T05:39:35.958+0530] {processor.py:830} INFO - Processing file /Users/aswin/Documents/data-engineering-practice/ETL_Airflow_DBT/airflow/airflow_env/lib/python3.11/site-packages/airflow/example_dags/tutorial.py for tasks to queue
[2026-04-02T05:39:35.958+0530] {logging_mixin.py:188} INFO - [2026-04-02T05:39:35.958+0530] {dagbag.py:540} INFO - Filling up the DagBag from /Users/aswin/Documents/data-engineering-practice/ETL_Airflow_DBT/airflow/airflow_env/lib/python3.11/site-packages/airflow/example_dags/tutorial.py
[2026-04-02T05:39:35.961+0530] {processor.py:840} INFO - DAG(s) 'tutorial' retrieved from /Users/aswin/Documents/data-engineering-practice/ETL_Airflow_DBT/airflow/airflow_env/lib/python3.11/site-packages/airflow/example_dags/tutorial.py
[2026-04-02T05:39:36.014+0530] {logging_mixin.py:188} INFO - [2026-04-02T05:39:36.013+0530] {dag.py:3096} INFO - Sync 1 DAGs
[2026-04-02T05:39:36.024+0530] {logging_mixin.py:188} INFO - [2026-04-02T05:39:36.024+0530] {dag.py:3954} INFO - Setting next_dagrun for tutorial to 2026-04-01 00:00:00+00:00, run_after=2026-04-02 00:00:00+00:00
[2026-04-02T05:39:36.032+0530] {processor.py:183} INFO - Processing /Users/aswin/Documents/data-engineering-practice/ETL_Airflow_DBT/airflow/airflow_env/lib/python3.11/site-packages/airflow/example_dags/tutorial.py took 0.076 seconds
[2026-04-02T05:40:07.251+0530] {processor.py:161} INFO - Started process (PID=21627) to work on /Users/aswin/Documents/data-engineering-practice/ETL_Airflow_DBT/airflow/airflow_env/lib/python3.11/site-packages/airflow/example_dags/tutorial.py
[2026-04-02T05:40:07.252+0530] {processor.py:830} INFO - Processing file /Users/aswin/Documents/data-engineering-practice/ETL_Airflow_DBT/airflow/airflow_env/lib/python3.11/site-packages/airflow/example_dags/tutorial.py for tasks to queue
[2026-04-02T05:40:07.252+0530] {logging_mixin.py:188} INFO - [2026-04-02T05:40:07.252+0530] {dagbag.py:540} INFO - Filling up the DagBag from /Users/aswin/Documents/data-engineering-practice/ETL_Airflow_DBT/airflow/airflow_env/lib/python3.11/site-packages/airflow/example_dags/tutorial.py
[2026-04-02T05:40:07.256+0530] {processor.py:840} INFO - DAG(s) 'tutorial' retrieved from /Users/aswin/Documents/data-engineering-practice/ETL_Airflow_DBT/airflow/airflow_env/lib/python3.11/site-packages/airflow/example_dags/tutorial.py
[2026-04-02T05:40:07.309+0530] {logging_mixin.py:188} INFO - [2026-04-02T05:40:07.308+0530] {dag.py:3096} INFO - Sync 1 DAGs
[2026-04-02T05:40:07.318+0530] {logging_mixin.py:188} INFO - [2026-04-02T05:40:07.318+0530] {dag.py:3954} INFO - Setting next_dagrun for tutorial to 2026-04-01 00:00:00+00:00, run_after=2026-04-02 00:00:00+00:00
[2026-04-02T05:40:07.327+0530] {processor.py:183} INFO - Processing /Users/aswin/Documents/data-engineering-practice/ETL_Airflow_DBT/airflow/airflow_env/lib/python3.11/site-packages/airflow/example_dags/tutorial.py took 0.077 seconds
[2026-04-02T05:40:38.201+0530] {processor.py:161} INFO - Started process (PID=21754) to work on /Users/aswin/Documents/data-engineering-practice/ETL_Airflow_DBT/airflow/airflow_env/lib/python3.11/site-packages/airflow/example_dags/tutorial.py
[2026-04-02T05:40:38.202+0530] {processor.py:830} INFO - Processing file /Users/aswin/Documents/data-engineering-practice/ETL_Airflow_DBT/airflow/airflow_env/lib/python3.11/site-packages/airflow/example_dags/tutorial.py for tasks to queue
[2026-04-02T05:40:38.202+0530] {logging_mixin.py:188} INFO - [2026-04-02T05:40:38.202+0530] {dagbag.py:540} INFO - Filling up the DagBag from /Users/aswin/Documents/data-engineering-practice/ETL_Airflow_DBT/airflow/airflow_env/lib/python3.11/site-packages/airflow/example_dags/tutorial.py
[2026-04-02T05:40:38.206+0530] {processor.py:840} INFO - DAG(s) 'tutorial' retrieved from /Users/aswin/Documents/data-engineering-practice/ETL_Airflow_DBT/airflow/airflow_env/lib/python3.11/site-packages/airflow/example_dags/tutorial.py
[2026-04-02T05:40:38.258+0530] {logging_mixin.py:188} INFO - [2026-04-02T05:40:38.258+0530] {dag.py:3096} INFO - Sync 1 DAGs
[2026-04-02T05:40:38.271+0530] {logging_mixin.py:188} INFO - [2026-04-02T05:40:38.271+0530] {dag.py:3954} INFO - Setting next_dagrun for tutorial to 2026-04-01 00:00:00+00:00, run_after=2026-04-02 00:00:00+00:00
[2026-04-02T05:40:38.280+0530] {processor.py:183} INFO - Processing /Users/aswin/Documents/data-engineering-practice/ETL_Airflow_DBT/airflow/airflow_env/lib/python3.11/site-packages/airflow/example_dags/tutorial.py took 0.080 seconds
[2026-04-02T05:41:09.356+0530] {processor.py:161} INFO - Started process (PID=21889) to work on /Users/aswin/Documents/data-engineering-practice/ETL_Airflow_DBT/airflow/airflow_env/lib/python3.11/site-packages/airflow/example_dags/tutorial.py
[2026-04-02T05:41:09.357+0530] {processor.py:830} INFO - Processing file /Users/aswin/Documents/data-engineering-practice/ETL_Airflow_DBT/airflow/airflow_env/lib/python3.11/site-packages/airflow/example_dags/tutorial.py for tasks to queue
[2026-04-02T05:41:09.358+0530] {logging_mixin.py:188} INFO - [2026-04-02T05:41:09.358+0530] {dagbag.py:540} INFO - Filling up the DagBag from /Users/aswin/Documents/data-engineering-practice/ETL_Airflow_DBT/airflow/airflow_env/lib/python3.11/site-packages/airflow/example_dags/tutorial.py
[2026-04-02T05:41:09.361+0530] {processor.py:840} INFO - DAG(s) 'tutorial' retrieved from /Users/aswin/Documents/data-engineering-practice/ETL_Airflow_DBT/airflow/airflow_env/lib/python3.11/site-packages/airflow/example_dags/tutorial.py
[2026-04-02T05:41:09.413+0530] {logging_mixin.py:188} INFO - [2026-04-02T05:41:09.413+0530] {dag.py:3096} INFO - Sync 1 DAGs
[2026-04-02T05:41:09.426+0530] {logging_mixin.py:188} INFO - [2026-04-02T05:41:09.426+0530] {dag.py:3954} INFO - Setting next_dagrun for tutorial to 2026-04-01 00:00:00+00:00, run_after=2026-04-02 00:00:00+00:00
[2026-04-02T05:41:09.434+0530] {processor.py:183} INFO - Processing /Users/aswin/Documents/data-engineering-practice/ETL_Airflow_DBT/airflow/airflow_env/lib/python3.11/site-packages/airflow/example_dags/tutorial.py took 0.079 seconds
[2026-04-02T05:41:40.758+0530] {processor.py:161} INFO - Started process (PID=22016) to work on /Users/aswin/Documents/data-engineering-practice/ETL_Airflow_DBT/airflow/airflow_env/lib/python3.11/site-packages/airflow/example_dags/tutorial.py
[2026-04-02T05:41:40.758+0530] {processor.py:830} INFO - Processing file /Users/aswin/Documents/data-engineering-practice/ETL_Airflow_DBT/airflow/airflow_env/lib/python3.11/site-packages/airflow/example_dags/tutorial.py for tasks to queue
[2026-04-02T05:41:40.758+0530] {logging_mixin.py:188} INFO - [2026-04-02T05:41:40.758+0530] {dagbag.py:540} INFO - Filling up the DagBag from /Users/aswin/Documents/data-engineering-practice/ETL_Airflow_DBT/airflow/airflow_env/lib/python3.11/site-packages/airflow/example_dags/tutorial.py
[2026-04-02T05:41:40.762+0530] {processor.py:840} INFO - DAG(s) 'tutorial' retrieved from /Users/aswin/Documents/data-engineering-practice/ETL_Airflow_DBT/airflow/airflow_env/lib/python3.11/site-packages/airflow/example_dags/tutorial.py
[2026-04-02T05:41:40.816+0530] {logging_mixin.py:188} INFO - [2026-04-02T05:41:40.816+0530] {dag.py:3096} INFO - Sync 1 DAGs
[2026-04-02T05:41:40.829+0530] {logging_mixin.py:188} INFO - [2026-04-02T05:41:40.829+0530] {dag.py:3954} INFO - Setting next_dagrun for tutorial to 2026-04-01 00:00:00+00:00, run_after=2026-04-02 00:00:00+00:00
[2026-04-02T05:41:40.838+0530] {processor.py:183} INFO - Processing /Users/aswin/Documents/data-engineering-practice/ETL_Airflow_DBT/airflow/airflow_env/lib/python3.11/site-packages/airflow/example_dags/tutorial.py took 0.082 seconds
[2026-04-02T05:42:11.799+0530] {processor.py:161} INFO - Started process (PID=22142) to work on /Users/aswin/Documents/data-engineering-practice/ETL_Airflow_DBT/airflow/airflow_env/lib/python3.11/site-packages/airflow/example_dags/tutorial.py
[2026-04-02T05:42:11.800+0530] {processor.py:830} INFO - Processing file /Users/aswin/Documents/data-engineering-practice/ETL_Airflow_DBT/airflow/airflow_env/lib/python3.11/site-packages/airflow/example_dags/tutorial.py for tasks to queue
[2026-04-02T05:42:11.800+0530] {logging_mixin.py:188} INFO - [2026-04-02T05:42:11.800+0530] {dagbag.py:540} INFO - Filling up the DagBag from /Users/aswin/Documents/data-engineering-practice/ETL_Airflow_DBT/airflow/airflow_env/lib/python3.11/site-packages/airflow/example_dags/tutorial.py
[2026-04-02T05:42:11.803+0530] {processor.py:840} INFO - DAG(s) 'tutorial' retrieved from /Users/aswin/Documents/data-engineering-practice/ETL_Airflow_DBT/airflow/airflow_env/lib/python3.11/site-packages/airflow/example_dags/tutorial.py
[2026-04-02T05:42:11.876+0530] {logging_mixin.py:188} INFO - [2026-04-02T05:42:11.876+0530] {dag.py:3096} INFO - Sync 1 DAGs
[2026-04-02T05:42:11.885+0530] {logging_mixin.py:188} INFO - [2026-04-02T05:42:11.885+0530] {dag.py:3954} INFO - Setting next_dagrun for tutorial to 2026-04-01 00:00:00+00:00, run_after=2026-04-02 00:00:00+00:00
[2026-04-02T05:42:11.894+0530] {processor.py:183} INFO - Processing /Users/aswin/Documents/data-engineering-practice/ETL_Airflow_DBT/airflow/airflow_env/lib/python3.11/site-packages/airflow/example_dags/tutorial.py took 0.096 seconds
[2026-04-02T05:42:42.647+0530] {processor.py:161} INFO - Started process (PID=22272) to work on /Users/aswin/Documents/data-engineering-practice/ETL_Airflow_DBT/airflow/airflow_env/lib/python3.11/site-packages/airflow/example_dags/tutorial.py
[2026-04-02T05:42:42.647+0530] {processor.py:830} INFO - Processing file /Users/aswin/Documents/data-engineering-practice/ETL_Airflow_DBT/airflow/airflow_env/lib/python3.11/site-packages/airflow/example_dags/tutorial.py for tasks to queue
[2026-04-02T05:42:42.648+0530] {logging_mixin.py:188} INFO - [2026-04-02T05:42:42.648+0530] {dagbag.py:540} INFO - Filling up the DagBag from /Users/aswin/Documents/data-engineering-practice/ETL_Airflow_DBT/airflow/airflow_env/lib/python3.11/site-packages/airflow/example_dags/tutorial.py
[2026-04-02T05:42:42.651+0530] {processor.py:840} INFO - DAG(s) 'tutorial' retrieved from /Users/aswin/Documents/data-engineering-practice/ETL_Airflow_DBT/airflow/airflow_env/lib/python3.11/site-packages/airflow/example_dags/tutorial.py
[2026-04-02T05:42:42.702+0530] {logging_mixin.py:188} INFO - [2026-04-02T05:42:42.702+0530] {dag.py:3096} INFO - Sync 1 DAGs
[2026-04-02T05:42:42.714+0530] {logging_mixin.py:188} INFO - [2026-04-02T05:42:42.714+0530] {dag.py:3954} INFO - Setting next_dagrun for tutorial to 2026-04-01 00:00:00+00:00, run_after=2026-04-02 00:00:00+00:00
[2026-04-02T05:42:42.723+0530] {processor.py:183} INFO - Processing /Users/aswin/Documents/data-engineering-practice/ETL_Airflow_DBT/airflow/airflow_env/lib/python3.11/site-packages/airflow/example_dags/tutorial.py took 0.078 seconds
[2026-04-02T05:43:14.121+0530] {processor.py:161} INFO - Started process (PID=22400) to work on /Users/aswin/Documents/data-engineering-practice/ETL_Airflow_DBT/airflow/airflow_env/lib/python3.11/site-packages/airflow/example_dags/tutorial.py
[2026-04-02T05:43:14.122+0530] {processor.py:830} INFO - Processing file /Users/aswin/Documents/data-engineering-practice/ETL_Airflow_DBT/airflow/airflow_env/lib/python3.11/site-packages/airflow/example_dags/tutorial.py for tasks to queue
[2026-04-02T05:43:14.122+0530] {logging_mixin.py:188} INFO - [2026-04-02T05:43:14.122+0530] {dagbag.py:540} INFO - Filling up the DagBag from /Users/aswin/Documents/data-engineering-practice/ETL_Airflow_DBT/airflow/airflow_env/lib/python3.11/site-packages/airflow/example_dags/tutorial.py
[2026-04-02T05:43:14.125+0530] {processor.py:840} INFO - DAG(s) 'tutorial' retrieved from /Users/aswin/Documents/data-engineering-practice/ETL_Airflow_DBT/airflow/airflow_env/lib/python3.11/site-packages/airflow/example_dags/tutorial.py
[2026-04-02T05:43:14.187+0530] {logging_mixin.py:188} INFO - [2026-04-02T05:43:14.187+0530] {dag.py:3096} INFO - Sync 1 DAGs
[2026-04-02T05:43:14.198+0530] {logging_mixin.py:188} INFO - [2026-04-02T05:43:14.198+0530] {dag.py:3954} INFO - Setting next_dagrun for tutorial to 2026-04-01 00:00:00+00:00, run_after=2026-04-02 00:00:00+00:00
[2026-04-02T05:43:14.207+0530] {processor.py:183} INFO - Processing /Users/aswin/Documents/data-engineering-practice/ETL_Airflow_DBT/airflow/airflow_env/lib/python3.11/site-packages/airflow/example_dags/tutorial.py took 0.087 seconds
[2026-04-02T05:43:45.274+0530] {processor.py:161} INFO - Started process (PID=22539) to work on /Users/aswin/Documents/data-engineering-practice/ETL_Airflow_DBT/airflow/airflow_env/lib/python3.11/site-packages/airflow/example_dags/tutorial.py
[2026-04-02T05:43:45.275+0530] {processor.py:830} INFO - Processing file /Users/aswin/Documents/data-engineering-practice/ETL_Airflow_DBT/airflow/airflow_env/lib/python3.11/site-packages/airflow/example_dags/tutorial.py for tasks to queue
[2026-04-02T05:43:45.275+0530] {logging_mixin.py:188} INFO - [2026-04-02T05:43:45.275+0530] {dagbag.py:540} INFO - Filling up the DagBag from /Users/aswin/Documents/data-engineering-practice/ETL_Airflow_DBT/airflow/airflow_env/lib/python3.11/site-packages/airflow/example_dags/tutorial.py
[2026-04-02T05:43:45.279+0530] {processor.py:840} INFO - DAG(s) 'tutorial' retrieved from /Users/aswin/Documents/data-engineering-practice/ETL_Airflow_DBT/airflow/airflow_env/lib/python3.11/site-packages/airflow/example_dags/tutorial.py
[2026-04-02T05:43:45.333+0530] {logging_mixin.py:188} INFO - [2026-04-02T05:43:45.333+0530] {dag.py:3096} INFO - Sync 1 DAGs
[2026-04-02T05:43:45.344+0530] {logging_mixin.py:188} INFO - [2026-04-02T05:43:45.344+0530] {dag.py:3954} INFO - Setting next_dagrun for tutorial to 2026-04-01 00:00:00+00:00, run_after=2026-04-02 00:00:00+00:00
[2026-04-02T05:43:45.353+0530] {processor.py:183} INFO - Processing /Users/aswin/Documents/data-engineering-practice/ETL_Airflow_DBT/airflow/airflow_env/lib/python3.11/site-packages/airflow/example_dags/tutorial.py took 0.080 seconds
[2026-04-02T05:44:16.315+0530] {processor.py:161} INFO - Started process (PID=22669) to work on /Users/aswin/Documents/data-engineering-practice/ETL_Airflow_DBT/airflow/airflow_env/lib/python3.11/site-packages/airflow/example_dags/tutorial.py
[2026-04-02T05:44:16.315+0530] {processor.py:830} INFO - Processing file /Users/aswin/Documents/data-engineering-practice/ETL_Airflow_DBT/airflow/airflow_env/lib/python3.11/site-packages/airflow/example_dags/tutorial.py for tasks to queue
[2026-04-02T05:44:16.316+0530] {logging_mixin.py:188} INFO - [2026-04-02T05:44:16.316+0530] {dagbag.py:540} INFO - Filling up the DagBag from /Users/aswin/Documents/data-engineering-practice/ETL_Airflow_DBT/airflow/airflow_env/lib/python3.11/site-packages/airflow/example_dags/tutorial.py
[2026-04-02T05:44:16.319+0530] {processor.py:840} INFO - DAG(s) 'tutorial' retrieved from /Users/aswin/Documents/data-engineering-practice/ETL_Airflow_DBT/airflow/airflow_env/lib/python3.11/site-packages/airflow/example_dags/tutorial.py
[2026-04-02T05:44:16.373+0530] {logging_mixin.py:188} INFO - [2026-04-02T05:44:16.373+0530] {dag.py:3096} INFO - Sync 1 DAGs
[2026-04-02T05:44:16.387+0530] {logging_mixin.py:188} INFO - [2026-04-02T05:44:16.387+0530] {dag.py:3954} INFO - Setting next_dagrun for tutorial to 2026-04-01 00:00:00+00:00, run_after=2026-04-02 00:00:00+00:00
[2026-04-02T05:44:16.396+0530] {processor.py:183} INFO - Processing /Users/aswin/Documents/data-engineering-practice/ETL_Airflow_DBT/airflow/airflow_env/lib/python3.11/site-packages/airflow/example_dags/tutorial.py took 0.083 seconds
[2026-04-02T05:44:47.679+0530] {processor.py:161} INFO - Started process (PID=22797) to work on /Users/aswin/Documents/data-engineering-practice/ETL_Airflow_DBT/airflow/airflow_env/lib/python3.11/site-packages/airflow/example_dags/tutorial.py
[2026-04-02T05:44:47.680+0530] {processor.py:830} INFO - Processing file /Users/aswin/Documents/data-engineering-practice/ETL_Airflow_DBT/airflow/airflow_env/lib/python3.11/site-packages/airflow/example_dags/tutorial.py for tasks to queue
[2026-04-02T05:44:47.681+0530] {logging_mixin.py:188} INFO - [2026-04-02T05:44:47.681+0530] {dagbag.py:540} INFO - Filling up the DagBag from /Users/aswin/Documents/data-engineering-practice/ETL_Airflow_DBT/airflow/airflow_env/lib/python3.11/site-packages/airflow/example_dags/tutorial.py
[2026-04-02T05:44:47.683+0530] {processor.py:840} INFO - DAG(s) 'tutorial' retrieved from /Users/aswin/Documents/data-engineering-practice/ETL_Airflow_DBT/airflow/airflow_env/lib/python3.11/site-packages/airflow/example_dags/tutorial.py
[2026-04-02T05:44:47.736+0530] {logging_mixin.py:188} INFO - [2026-04-02T05:44:47.736+0530] {dag.py:3096} INFO - Sync 1 DAGs
[2026-04-02T05:44:47.747+0530] {logging_mixin.py:188} INFO - [2026-04-02T05:44:47.747+0530] {dag.py:3954} INFO - Setting next_dagrun for tutorial to 2026-04-01 00:00:00+00:00, run_after=2026-04-02 00:00:00+00:00
[2026-04-02T05:44:47.756+0530] {processor.py:183} INFO - Processing /Users/aswin/Documents/data-engineering-practice/ETL_Airflow_DBT/airflow/airflow_env/lib/python3.11/site-packages/airflow/example_dags/tutorial.py took 0.078 seconds
[2026-04-02T05:45:19.444+0530] {processor.py:161} INFO - Started process (PID=22920) to work on /Users/aswin/Documents/data-engineering-practice/ETL_Airflow_DBT/airflow/airflow_env/lib/python3.11/site-packages/airflow/example_dags/tutorial.py
[2026-04-02T05:45:19.445+0530] {processor.py:830} INFO - Processing file /Users/aswin/Documents/data-engineering-practice/ETL_Airflow_DBT/airflow/airflow_env/lib/python3.11/site-packages/airflow/example_dags/tutorial.py for tasks to queue
[2026-04-02T05:45:19.445+0530] {logging_mixin.py:188} INFO - [2026-04-02T05:45:19.445+0530] {dagbag.py:540} INFO - Filling up the DagBag from /Users/aswin/Documents/data-engineering-practice/ETL_Airflow_DBT/airflow/airflow_env/lib/python3.11/site-packages/airflow/example_dags/tutorial.py
[2026-04-02T05:45:19.448+0530] {processor.py:840} INFO - DAG(s) 'tutorial' retrieved from /Users/aswin/Documents/data-engineering-practice/ETL_Airflow_DBT/airflow/airflow_env/lib/python3.11/site-packages/airflow/example_dags/tutorial.py
[2026-04-02T05:45:19.501+0530] {logging_mixin.py:188} INFO - [2026-04-02T05:45:19.501+0530] {dag.py:3096} INFO - Sync 1 DAGs
[2026-04-02T05:45:19.514+0530] {logging_mixin.py:188} INFO - [2026-04-02T05:45:19.513+0530] {dag.py:3954} INFO - Setting next_dagrun for tutorial to 2026-04-01 00:00:00+00:00, run_after=2026-04-02 00:00:00+00:00
[2026-04-02T05:45:19.522+0530] {processor.py:183} INFO - Processing /Users/aswin/Documents/data-engineering-practice/ETL_Airflow_DBT/airflow/airflow_env/lib/python3.11/site-packages/airflow/example_dags/tutorial.py took 0.079 seconds
[2026-04-02T05:45:50.654+0530] {processor.py:161} INFO - Started process (PID=23034) to work on /Users/aswin/Documents/data-engineering-practice/ETL_Airflow_DBT/airflow/airflow_env/lib/python3.11/site-packages/airflow/example_dags/tutorial.py
[2026-04-02T05:45:50.655+0530] {processor.py:830} INFO - Processing file /Users/aswin/Documents/data-engineering-practice/ETL_Airflow_DBT/airflow/airflow_env/lib/python3.11/site-packages/airflow/example_dags/tutorial.py for tasks to queue
[2026-04-02T05:45:50.655+0530] {logging_mixin.py:188} INFO - [2026-04-02T05:45:50.655+0530] {dagbag.py:540} INFO - Filling up the DagBag from /Users/aswin/Documents/data-engineering-practice/ETL_Airflow_DBT/airflow/airflow_env/lib/python3.11/site-packages/airflow/example_dags/tutorial.py
[2026-04-02T05:45:50.658+0530] {processor.py:840} INFO - DAG(s) 'tutorial' retrieved from /Users/aswin/Documents/data-engineering-practice/ETL_Airflow_DBT/airflow/airflow_env/lib/python3.11/site-packages/airflow/example_dags/tutorial.py
[2026-04-02T05:45:50.711+0530] {logging_mixin.py:188} INFO - [2026-04-02T05:45:50.711+0530] {dag.py:3096} INFO - Sync 1 DAGs
[2026-04-02T05:45:50.723+0530] {logging_mixin.py:188} INFO - [2026-04-02T05:45:50.722+0530] {dag.py:3954} INFO - Setting next_dagrun for tutorial to 2026-04-01 00:00:00+00:00, run_after=2026-04-02 00:00:00+00:00
[2026-04-02T05:45:50.732+0530] {processor.py:183} INFO - Processing /Users/aswin/Documents/data-engineering-practice/ETL_Airflow_DBT/airflow/airflow_env/lib/python3.11/site-packages/airflow/example_dags/tutorial.py took 0.079 seconds
[2026-04-02T05:46:21.672+0530] {processor.py:161} INFO - Started process (PID=23151) to work on /Users/aswin/Documents/data-engineering-practice/ETL_Airflow_DBT/airflow/airflow_env/lib/python3.11/site-packages/airflow/example_dags/tutorial.py
[2026-04-02T05:46:21.672+0530] {processor.py:830} INFO - Processing file /Users/aswin/Documents/data-engineering-practice/ETL_Airflow_DBT/airflow/airflow_env/lib/python3.11/site-packages/airflow/example_dags/tutorial.py for tasks to queue
[2026-04-02T05:46:21.672+0530] {logging_mixin.py:188} INFO - [2026-04-02T05:46:21.672+0530] {dagbag.py:540} INFO - Filling up the DagBag from /Users/aswin/Documents/data-engineering-practice/ETL_Airflow_DBT/airflow/airflow_env/lib/python3.11/site-packages/airflow/example_dags/tutorial.py
[2026-04-02T05:46:21.675+0530] {processor.py:840} INFO - DAG(s) 'tutorial' retrieved from /Users/aswin/Documents/data-engineering-practice/ETL_Airflow_DBT/airflow/airflow_env/lib/python3.11/site-packages/airflow/example_dags/tutorial.py
[2026-04-02T05:46:21.726+0530] {logging_mixin.py:188} INFO - [2026-04-02T05:46:21.726+0530] {dag.py:3096} INFO - Sync 1 DAGs
[2026-04-02T05:46:21.737+0530] {logging_mixin.py:188} INFO - [2026-04-02T05:46:21.737+0530] {dag.py:3954} INFO - Setting next_dagrun for tutorial to 2026-04-01 00:00:00+00:00, run_after=2026-04-02 00:00:00+00:00
[2026-04-02T05:46:21.746+0530] {processor.py:183} INFO - Processing /Users/aswin/Documents/data-engineering-practice/ETL_Airflow_DBT/airflow/airflow_env/lib/python3.11/site-packages/airflow/example_dags/tutorial.py took 0.075 seconds
[2026-04-02T05:46:53.011+0530] {processor.py:161} INFO - Started process (PID=23264) to work on /Users/aswin/Documents/data-engineering-practice/ETL_Airflow_DBT/airflow/airflow_env/lib/python3.11/site-packages/airflow/example_dags/tutorial.py
[2026-04-02T05:46:53.012+0530] {processor.py:830} INFO - Processing file /Users/aswin/Documents/data-engineering-practice/ETL_Airflow_DBT/airflow/airflow_env/lib/python3.11/site-packages/airflow/example_dags/tutorial.py for tasks to queue
[2026-04-02T05:46:53.013+0530] {logging_mixin.py:188} INFO - [2026-04-02T05:46:53.013+0530] {dagbag.py:540} INFO - Filling up the DagBag from /Users/aswin/Documents/data-engineering-practice/ETL_Airflow_DBT/airflow/airflow_env/lib/python3.11/site-packages/airflow/example_dags/tutorial.py
[2026-04-02T05:46:53.016+0530] {processor.py:840} INFO - DAG(s) 'tutorial' retrieved from /Users/aswin/Documents/data-engineering-practice/ETL_Airflow_DBT/airflow/airflow_env/lib/python3.11/site-packages/airflow/example_dags/tutorial.py
[2026-04-02T05:46:53.077+0530] {logging_mixin.py:188} INFO - [2026-04-02T05:46:53.077+0530] {dag.py:3096} INFO - Sync 1 DAGs
[2026-04-02T05:46:53.087+0530] {logging_mixin.py:188} INFO - [2026-04-02T05:46:53.087+0530] {dag.py:3954} INFO - Setting next_dagrun for tutorial to 2026-04-01 00:00:00+00:00, run_after=2026-04-02 00:00:00+00:00
[2026-04-02T05:46:53.097+0530] {processor.py:183} INFO - Processing /Users/aswin/Documents/data-engineering-practice/ETL_Airflow_DBT/airflow/airflow_env/lib/python3.11/site-packages/airflow/example_dags/tutorial.py took 0.088 seconds
[2026-04-02T05:47:23.852+0530] {processor.py:161} INFO - Started process (PID=23378) to work on /Users/aswin/Documents/data-engineering-practice/ETL_Airflow_DBT/airflow/airflow_env/lib/python3.11/site-packages/airflow/example_dags/tutorial.py
[2026-04-02T05:47:23.853+0530] {processor.py:830} INFO - Processing file /Users/aswin/Documents/data-engineering-practice/ETL_Airflow_DBT/airflow/airflow_env/lib/python3.11/site-packages/airflow/example_dags/tutorial.py for tasks to queue
[2026-04-02T05:47:23.853+0530] {logging_mixin.py:188} INFO - [2026-04-02T05:47:23.853+0530] {dagbag.py:540} INFO - Filling up the DagBag from /Users/aswin/Documents/data-engineering-practice/ETL_Airflow_DBT/airflow/airflow_env/lib/python3.11/site-packages/airflow/example_dags/tutorial.py
[2026-04-02T05:47:23.857+0530] {processor.py:840} INFO - DAG(s) 'tutorial' retrieved from /Users/aswin/Documents/data-engineering-practice/ETL_Airflow_DBT/airflow/airflow_env/lib/python3.11/site-packages/airflow/example_dags/tutorial.py
[2026-04-02T05:47:23.913+0530] {logging_mixin.py:188} INFO - [2026-04-02T05:47:23.913+0530] {dag.py:3096} INFO - Sync 1 DAGs
[2026-04-02T05:47:23.924+0530] {logging_mixin.py:188} INFO - [2026-04-02T05:47:23.924+0530] {dag.py:3954} INFO - Setting next_dagrun for tutorial to 2026-04-01 00:00:00+00:00, run_after=2026-04-02 00:00:00+00:00
[2026-04-02T05:47:23.932+0530] {processor.py:183} INFO - Processing /Users/aswin/Documents/data-engineering-practice/ETL_Airflow_DBT/airflow/airflow_env/lib/python3.11/site-packages/airflow/example_dags/tutorial.py took 0.081 seconds
[2026-04-02T05:47:55.045+0530] {processor.py:161} INFO - Started process (PID=23494) to work on /Users/aswin/Documents/data-engineering-practice/ETL_Airflow_DBT/airflow/airflow_env/lib/python3.11/site-packages/airflow/example_dags/tutorial.py
[2026-04-02T05:47:55.046+0530] {processor.py:830} INFO - Processing file /Users/aswin/Documents/data-engineering-practice/ETL_Airflow_DBT/airflow/airflow_env/lib/python3.11/site-packages/airflow/example_dags/tutorial.py for tasks to queue
[2026-04-02T05:47:55.047+0530] {logging_mixin.py:188} INFO - [2026-04-02T05:47:55.046+0530] {dagbag.py:540} INFO - Filling up the DagBag from /Users/aswin/Documents/data-engineering-practice/ETL_Airflow_DBT/airflow/airflow_env/lib/python3.11/site-packages/airflow/example_dags/tutorial.py
[2026-04-02T05:47:55.050+0530] {processor.py:840} INFO - DAG(s) 'tutorial' retrieved from /Users/aswin/Documents/data-engineering-practice/ETL_Airflow_DBT/airflow/airflow_env/lib/python3.11/site-packages/airflow/example_dags/tutorial.py
[2026-04-02T05:47:55.110+0530] {logging_mixin.py:188} INFO - [2026-04-02T05:47:55.109+0530] {dag.py:3096} INFO - Sync 1 DAGs
[2026-04-02T05:47:55.120+0530] {logging_mixin.py:188} INFO - [2026-04-02T05:47:55.120+0530] {dag.py:3954} INFO - Setting next_dagrun for tutorial to 2026-04-01 00:00:00+00:00, run_after=2026-04-02 00:00:00+00:00
[2026-04-02T05:47:55.131+0530] {processor.py:183} INFO - Processing /Users/aswin/Documents/data-engineering-practice/ETL_Airflow_DBT/airflow/airflow_env/lib/python3.11/site-packages/airflow/example_dags/tutorial.py took 0.087 seconds
[2026-04-02T05:48:26.358+0530] {processor.py:161} INFO - Started process (PID=23606) to work on /Users/aswin/Documents/data-engineering-practice/ETL_Airflow_DBT/airflow/airflow_env/lib/python3.11/site-packages/airflow/example_dags/tutorial.py
[2026-04-02T05:48:26.359+0530] {processor.py:830} INFO - Processing file /Users/aswin/Documents/data-engineering-practice/ETL_Airflow_DBT/airflow/airflow_env/lib/python3.11/site-packages/airflow/example_dags/tutorial.py for tasks to queue
[2026-04-02T05:48:26.360+0530] {logging_mixin.py:188} INFO - [2026-04-02T05:48:26.359+0530] {dagbag.py:540} INFO - Filling up the DagBag from /Users/aswin/Documents/data-engineering-practice/ETL_Airflow_DBT/airflow/airflow_env/lib/python3.11/site-packages/airflow/example_dags/tutorial.py
[2026-04-02T05:48:26.363+0530] {processor.py:840} INFO - DAG(s) 'tutorial' retrieved from /Users/aswin/Documents/data-engineering-practice/ETL_Airflow_DBT/airflow/airflow_env/lib/python3.11/site-packages/airflow/example_dags/tutorial.py
[2026-04-02T05:48:26.420+0530] {logging_mixin.py:188} INFO - [2026-04-02T05:48:26.420+0530] {dag.py:3096} INFO - Sync 1 DAGs
[2026-04-02T05:48:26.432+0530] {logging_mixin.py:188} INFO - [2026-04-02T05:48:26.432+0530] {dag.py:3954} INFO - Setting next_dagrun for tutorial to 2026-04-01 00:00:00+00:00, run_after=2026-04-02 00:00:00+00:00
[2026-04-02T05:48:26.440+0530] {processor.py:183} INFO - Processing /Users/aswin/Documents/data-engineering-practice/ETL_Airflow_DBT/airflow/airflow_env/lib/python3.11/site-packages/airflow/example_dags/tutorial.py took 0.083 seconds
[2026-04-02T05:48:57.381+0530] {processor.py:161} INFO - Started process (PID=23718) to work on /Users/aswin/Documents/data-engineering-practice/ETL_Airflow_DBT/airflow/airflow_env/lib/python3.11/site-packages/airflow/example_dags/tutorial.py
[2026-04-02T05:48:57.382+0530] {processor.py:830} INFO - Processing file /Users/aswin/Documents/data-engineering-practice/ETL_Airflow_DBT/airflow/airflow_env/lib/python3.11/site-packages/airflow/example_dags/tutorial.py for tasks to queue
[2026-04-02T05:48:57.382+0530] {logging_mixin.py:188} INFO - [2026-04-02T05:48:57.382+0530] {dagbag.py:540} INFO - Filling up the DagBag from /Users/aswin/Documents/data-engineering-practice/ETL_Airflow_DBT/airflow/airflow_env/lib/python3.11/site-packages/airflow/example_dags/tutorial.py
[2026-04-02T05:48:57.385+0530] {processor.py:840} INFO - DAG(s) 'tutorial' retrieved from /Users/aswin/Documents/data-engineering-practice/ETL_Airflow_DBT/airflow/airflow_env/lib/python3.11/site-packages/airflow/example_dags/tutorial.py
[2026-04-02T05:48:57.438+0530] {logging_mixin.py:188} INFO - [2026-04-02T05:48:57.438+0530] {dag.py:3096} INFO - Sync 1 DAGs
[2026-04-02T05:48:57.449+0530] {logging_mixin.py:188} INFO - [2026-04-02T05:48:57.449+0530] {dag.py:3954} INFO - Setting next_dagrun for tutorial to 2026-04-01 00:00:00+00:00, run_after=2026-04-02 00:00:00+00:00
[2026-04-02T05:48:57.459+0530] {processor.py:183} INFO - Processing /Users/aswin/Documents/data-engineering-practice/ETL_Airflow_DBT/airflow/airflow_env/lib/python3.11/site-packages/airflow/example_dags/tutorial.py took 0.079 seconds
[2026-04-02T05:49:28.303+0530] {processor.py:161} INFO - Started process (PID=23844) to work on /Users/aswin/Documents/data-engineering-practice/ETL_Airflow_DBT/airflow/airflow_env/lib/python3.11/site-packages/airflow/example_dags/tutorial.py
[2026-04-02T05:49:28.304+0530] {processor.py:830} INFO - Processing file /Users/aswin/Documents/data-engineering-practice/ETL_Airflow_DBT/airflow/airflow_env/lib/python3.11/site-packages/airflow/example_dags/tutorial.py for tasks to queue
[2026-04-02T05:49:28.304+0530] {logging_mixin.py:188} INFO - [2026-04-02T05:49:28.304+0530] {dagbag.py:540} INFO - Filling up the DagBag from /Users/aswin/Documents/data-engineering-practice/ETL_Airflow_DBT/airflow/airflow_env/lib/python3.11/site-packages/airflow/example_dags/tutorial.py
[2026-04-02T05:49:28.307+0530] {processor.py:840} INFO - DAG(s) 'tutorial' retrieved from /Users/aswin/Documents/data-engineering-practice/ETL_Airflow_DBT/airflow/airflow_env/lib/python3.11/site-packages/airflow/example_dags/tutorial.py
[2026-04-02T05:49:28.359+0530] {logging_mixin.py:188} INFO - [2026-04-02T05:49:28.359+0530] {dag.py:3096} INFO - Sync 1 DAGs
[2026-04-02T05:49:28.373+0530] {logging_mixin.py:188} INFO - [2026-04-02T05:49:28.373+0530] {dag.py:3954} INFO - Setting next_dagrun for tutorial to 2026-04-01 00:00:00+00:00, run_after=2026-04-02 00:00:00+00:00
[2026-04-02T05:49:28.381+0530] {processor.py:183} INFO - Processing /Users/aswin/Documents/data-engineering-practice/ETL_Airflow_DBT/airflow/airflow_env/lib/python3.11/site-packages/airflow/example_dags/tutorial.py took 0.080 seconds
[2026-04-02T05:49:59.152+0530] {processor.py:161} INFO - Started process (PID=23987) to work on /Users/aswin/Documents/data-engineering-practice/ETL_Airflow_DBT/airflow/airflow_env/lib/python3.11/site-packages/airflow/example_dags/tutorial.py
[2026-04-02T05:49:59.153+0530] {processor.py:830} INFO - Processing file /Users/aswin/Documents/data-engineering-practice/ETL_Airflow_DBT/airflow/airflow_env/lib/python3.11/site-packages/airflow/example_dags/tutorial.py for tasks to queue
[2026-04-02T05:49:59.153+0530] {logging_mixin.py:188} INFO - [2026-04-02T05:49:59.153+0530] {dagbag.py:540} INFO - Filling up the DagBag from /Users/aswin/Documents/data-engineering-practice/ETL_Airflow_DBT/airflow/airflow_env/lib/python3.11/site-packages/airflow/example_dags/tutorial.py
[2026-04-02T05:49:59.156+0530] {processor.py:840} INFO - DAG(s) 'tutorial' retrieved from /Users/aswin/Documents/data-engineering-practice/ETL_Airflow_DBT/airflow/airflow_env/lib/python3.11/site-packages/airflow/example_dags/tutorial.py
[2026-04-02T05:49:59.206+0530] {logging_mixin.py:188} INFO - [2026-04-02T05:49:59.206+0530] {dag.py:3096} INFO - Sync 1 DAGs
[2026-04-02T05:49:59.217+0530] {logging_mixin.py:188} INFO - [2026-04-02T05:49:59.217+0530] {dag.py:3954} INFO - Setting next_dagrun for tutorial to 2026-04-01 00:00:00+00:00, run_after=2026-04-02 00:00:00+00:00
[2026-04-02T05:49:59.225+0530] {processor.py:183} INFO - Processing /Users/aswin/Documents/data-engineering-practice/ETL_Airflow_DBT/airflow/airflow_env/lib/python3.11/site-packages/airflow/example_dags/tutorial.py took 0.075 seconds
[2026-04-02T05:50:29.920+0530] {processor.py:161} INFO - Started process (PID=24116) to work on /Users/aswin/Documents/data-engineering-practice/ETL_Airflow_DBT/airflow/airflow_env/lib/python3.11/site-packages/airflow/example_dags/tutorial.py
[2026-04-02T05:50:29.921+0530] {processor.py:830} INFO - Processing file /Users/aswin/Documents/data-engineering-practice/ETL_Airflow_DBT/airflow/airflow_env/lib/python3.11/site-packages/airflow/example_dags/tutorial.py for tasks to queue
[2026-04-02T05:50:29.921+0530] {logging_mixin.py:188} INFO - [2026-04-02T05:50:29.921+0530] {dagbag.py:540} INFO - Filling up the DagBag from /Users/aswin/Documents/data-engineering-practice/ETL_Airflow_DBT/airflow/airflow_env/lib/python3.11/site-packages/airflow/example_dags/tutorial.py
[2026-04-02T05:50:29.924+0530] {processor.py:840} INFO - DAG(s) 'tutorial' retrieved from /Users/aswin/Documents/data-engineering-practice/ETL_Airflow_DBT/airflow/airflow_env/lib/python3.11/site-packages/airflow/example_dags/tutorial.py
[2026-04-02T05:50:29.974+0530] {logging_mixin.py:188} INFO - [2026-04-02T05:50:29.974+0530] {dag.py:3096} INFO - Sync 1 DAGs
[2026-04-02T05:50:29.984+0530] {logging_mixin.py:188} INFO - [2026-04-02T05:50:29.984+0530] {dag.py:3954} INFO - Setting next_dagrun for tutorial to 2026-04-01 00:00:00+00:00, run_after=2026-04-02 00:00:00+00:00
[2026-04-02T05:50:29.993+0530] {processor.py:183} INFO - Processing /Users/aswin/Documents/data-engineering-practice/ETL_Airflow_DBT/airflow/airflow_env/lib/python3.11/site-packages/airflow/example_dags/tutorial.py took 0.074 seconds
[2026-04-02T05:51:01.025+0530] {processor.py:161} INFO - Started process (PID=24249) to work on /Users/aswin/Documents/data-engineering-practice/ETL_Airflow_DBT/airflow/airflow_env/lib/python3.11/site-packages/airflow/example_dags/tutorial.py
[2026-04-02T05:51:01.025+0530] {processor.py:830} INFO - Processing file /Users/aswin/Documents/data-engineering-practice/ETL_Airflow_DBT/airflow/airflow_env/lib/python3.11/site-packages/airflow/example_dags/tutorial.py for tasks to queue
[2026-04-02T05:51:01.026+0530] {logging_mixin.py:188} INFO - [2026-04-02T05:51:01.026+0530] {dagbag.py:540} INFO - Filling up the DagBag from /Users/aswin/Documents/data-engineering-practice/ETL_Airflow_DBT/airflow/airflow_env/lib/python3.11/site-packages/airflow/example_dags/tutorial.py
[2026-04-02T05:51:01.029+0530] {processor.py:840} INFO - DAG(s) 'tutorial' retrieved from /Users/aswin/Documents/data-engineering-practice/ETL_Airflow_DBT/airflow/airflow_env/lib/python3.11/site-packages/airflow/example_dags/tutorial.py
[2026-04-02T05:51:01.089+0530] {logging_mixin.py:188} INFO - [2026-04-02T05:51:01.089+0530] {dag.py:3096} INFO - Sync 1 DAGs
[2026-04-02T05:51:01.100+0530] {logging_mixin.py:188} INFO - [2026-04-02T05:51:01.100+0530] {dag.py:3954} INFO - Setting next_dagrun for tutorial to 2026-04-01 00:00:00+00:00, run_after=2026-04-02 00:00:00+00:00
[2026-04-02T05:51:01.108+0530] {processor.py:183} INFO - Processing /Users/aswin/Documents/data-engineering-practice/ETL_Airflow_DBT/airflow/airflow_env/lib/python3.11/site-packages/airflow/example_dags/tutorial.py took 0.084 seconds
[2026-04-02T05:51:31.953+0530] {processor.py:161} INFO - Started process (PID=24375) to work on /Users/aswin/Documents/data-engineering-practice/ETL_Airflow_DBT/airflow/airflow_env/lib/python3.11/site-packages/airflow/example_dags/tutorial.py
[2026-04-02T05:51:31.953+0530] {processor.py:830} INFO - Processing file /Users/aswin/Documents/data-engineering-practice/ETL_Airflow_DBT/airflow/airflow_env/lib/python3.11/site-packages/airflow/example_dags/tutorial.py for tasks to queue
[2026-04-02T05:51:31.954+0530] {logging_mixin.py:188} INFO - [2026-04-02T05:51:31.954+0530] {dagbag.py:540} INFO - Filling up the DagBag from /Users/aswin/Documents/data-engineering-practice/ETL_Airflow_DBT/airflow/airflow_env/lib/python3.11/site-packages/airflow/example_dags/tutorial.py
[2026-04-02T05:51:31.956+0530] {processor.py:840} INFO - DAG(s) 'tutorial' retrieved from /Users/aswin/Documents/data-engineering-practice/ETL_Airflow_DBT/airflow/airflow_env/lib/python3.11/site-packages/airflow/example_dags/tutorial.py
[2026-04-02T05:51:32.008+0530] {logging_mixin.py:188} INFO - [2026-04-02T05:51:32.008+0530] {dag.py:3096} INFO - Sync 1 DAGs
[2026-04-02T05:51:32.021+0530] {logging_mixin.py:188} INFO - [2026-04-02T05:51:32.021+0530] {dag.py:3954} INFO - Setting next_dagrun for tutorial to 2026-04-01 00:00:00+00:00, run_after=2026-04-02 00:00:00+00:00
[2026-04-02T05:51:32.031+0530] {processor.py:183} INFO - Processing /Users/aswin/Documents/data-engineering-practice/ETL_Airflow_DBT/airflow/airflow_env/lib/python3.11/site-packages/airflow/example_dags/tutorial.py took 0.079 seconds
[2026-04-02T05:52:02.755+0530] {processor.py:161} INFO - Started process (PID=24501) to work on /Users/aswin/Documents/data-engineering-practice/ETL_Airflow_DBT/airflow/airflow_env/lib/python3.11/site-packages/airflow/example_dags/tutorial.py
[2026-04-02T05:52:02.755+0530] {processor.py:830} INFO - Processing file /Users/aswin/Documents/data-engineering-practice/ETL_Airflow_DBT/airflow/airflow_env/lib/python3.11/site-packages/airflow/example_dags/tutorial.py for tasks to queue
[2026-04-02T05:52:02.755+0530] {logging_mixin.py:188} INFO - [2026-04-02T05:52:02.755+0530] {dagbag.py:540} INFO - Filling up the DagBag from /Users/aswin/Documents/data-engineering-practice/ETL_Airflow_DBT/airflow/airflow_env/lib/python3.11/site-packages/airflow/example_dags/tutorial.py
[2026-04-02T05:52:02.758+0530] {processor.py:840} INFO - DAG(s) 'tutorial' retrieved from /Users/aswin/Documents/data-engineering-practice/ETL_Airflow_DBT/airflow/airflow_env/lib/python3.11/site-packages/airflow/example_dags/tutorial.py
[2026-04-02T05:52:02.809+0530] {logging_mixin.py:188} INFO - [2026-04-02T05:52:02.809+0530] {dag.py:3096} INFO - Sync 1 DAGs
[2026-04-02T05:52:02.823+0530] {logging_mixin.py:188} INFO - [2026-04-02T05:52:02.823+0530] {dag.py:3954} INFO - Setting next_dagrun for tutorial to 2026-04-01 00:00:00+00:00, run_after=2026-04-02 00:00:00+00:00
[2026-04-02T05:52:02.833+0530] {processor.py:183} INFO - Processing /Users/aswin/Documents/data-engineering-practice/ETL_Airflow_DBT/airflow/airflow_env/lib/python3.11/site-packages/airflow/example_dags/tutorial.py took 0.079 seconds
[2026-04-02T05:52:33.625+0530] {processor.py:161} INFO - Started process (PID=24626) to work on /Users/aswin/Documents/data-engineering-practice/ETL_Airflow_DBT/airflow/airflow_env/lib/python3.11/site-packages/airflow/example_dags/tutorial.py
[2026-04-02T05:52:33.626+0530] {processor.py:830} INFO - Processing file /Users/aswin/Documents/data-engineering-practice/ETL_Airflow_DBT/airflow/airflow_env/lib/python3.11/site-packages/airflow/example_dags/tutorial.py for tasks to queue
[2026-04-02T05:52:33.626+0530] {logging_mixin.py:188} INFO - [2026-04-02T05:52:33.626+0530] {dagbag.py:540} INFO - Filling up the DagBag from /Users/aswin/Documents/data-engineering-practice/ETL_Airflow_DBT/airflow/airflow_env/lib/python3.11/site-packages/airflow/example_dags/tutorial.py
[2026-04-02T05:52:33.629+0530] {processor.py:840} INFO - DAG(s) 'tutorial' retrieved from /Users/aswin/Documents/data-engineering-practice/ETL_Airflow_DBT/airflow/airflow_env/lib/python3.11/site-packages/airflow/example_dags/tutorial.py
[2026-04-02T05:52:33.681+0530] {logging_mixin.py:188} INFO - [2026-04-02T05:52:33.681+0530] {dag.py:3096} INFO - Sync 1 DAGs
[2026-04-02T05:52:33.693+0530] {logging_mixin.py:188} INFO - [2026-04-02T05:52:33.693+0530] {dag.py:3954} INFO - Setting next_dagrun for tutorial to 2026-04-01 00:00:00+00:00, run_after=2026-04-02 00:00:00+00:00
[2026-04-02T05:52:33.702+0530] {processor.py:183} INFO - Processing /Users/aswin/Documents/data-engineering-practice/ETL_Airflow_DBT/airflow/airflow_env/lib/python3.11/site-packages/airflow/example_dags/tutorial.py took 0.078 seconds
[2026-04-02T05:53:04.458+0530] {processor.py:161} INFO - Started process (PID=24751) to work on /Users/aswin/Documents/data-engineering-practice/ETL_Airflow_DBT/airflow/airflow_env/lib/python3.11/site-packages/airflow/example_dags/tutorial.py
[2026-04-02T05:53:04.459+0530] {processor.py:830} INFO - Processing file /Users/aswin/Documents/data-engineering-practice/ETL_Airflow_DBT/airflow/airflow_env/lib/python3.11/site-packages/airflow/example_dags/tutorial.py for tasks to queue
[2026-04-02T05:53:04.459+0530] {logging_mixin.py:188} INFO - [2026-04-02T05:53:04.459+0530] {dagbag.py:540} INFO - Filling up the DagBag from /Users/aswin/Documents/data-engineering-practice/ETL_Airflow_DBT/airflow/airflow_env/lib/python3.11/site-packages/airflow/example_dags/tutorial.py
[2026-04-02T05:53:04.461+0530] {processor.py:840} INFO - DAG(s) 'tutorial' retrieved from /Users/aswin/Documents/data-engineering-practice/ETL_Airflow_DBT/airflow/airflow_env/lib/python3.11/site-packages/airflow/example_dags/tutorial.py
[2026-04-02T05:53:04.512+0530] {logging_mixin.py:188} INFO - [2026-04-02T05:53:04.512+0530] {dag.py:3096} INFO - Sync 1 DAGs
[2026-04-02T05:53:04.523+0530] {logging_mixin.py:188} INFO - [2026-04-02T05:53:04.523+0530] {dag.py:3954} INFO - Setting next_dagrun for tutorial to 2026-04-01 00:00:00+00:00, run_after=2026-04-02 00:00:00+00:00
[2026-04-02T05:53:04.531+0530] {processor.py:183} INFO - Processing /Users/aswin/Documents/data-engineering-practice/ETL_Airflow_DBT/airflow/airflow_env/lib/python3.11/site-packages/airflow/example_dags/tutorial.py took 0.074 seconds
[2026-04-02T05:53:35.360+0530] {processor.py:161} INFO - Started process (PID=24879) to work on /Users/aswin/Documents/data-engineering-practice/ETL_Airflow_DBT/airflow/airflow_env/lib/python3.11/site-packages/airflow/example_dags/tutorial.py
[2026-04-02T05:53:35.360+0530] {processor.py:830} INFO - Processing file /Users/aswin/Documents/data-engineering-practice/ETL_Airflow_DBT/airflow/airflow_env/lib/python3.11/site-packages/airflow/example_dags/tutorial.py for tasks to queue
[2026-04-02T05:53:35.361+0530] {logging_mixin.py:188} INFO - [2026-04-02T05:53:35.361+0530] {dagbag.py:540} INFO - Filling up the DagBag from /Users/aswin/Documents/data-engineering-practice/ETL_Airflow_DBT/airflow/airflow_env/lib/python3.11/site-packages/airflow/example_dags/tutorial.py
[2026-04-02T05:53:35.363+0530] {processor.py:840} INFO - DAG(s) 'tutorial' retrieved from /Users/aswin/Documents/data-engineering-practice/ETL_Airflow_DBT/airflow/airflow_env/lib/python3.11/site-packages/airflow/example_dags/tutorial.py
[2026-04-02T05:53:35.415+0530] {logging_mixin.py:188} INFO - [2026-04-02T05:53:35.415+0530] {dag.py:3096} INFO - Sync 1 DAGs
[2026-04-02T05:53:35.426+0530] {logging_mixin.py:188} INFO - [2026-04-02T05:53:35.426+0530] {dag.py:3954} INFO - Setting next_dagrun for tutorial to 2026-04-01 00:00:00+00:00, run_after=2026-04-02 00:00:00+00:00
[2026-04-02T05:53:35.435+0530] {processor.py:183} INFO - Processing /Users/aswin/Documents/data-engineering-practice/ETL_Airflow_DBT/airflow/airflow_env/lib/python3.11/site-packages/airflow/example_dags/tutorial.py took 0.076 seconds
[2026-04-02T05:54:06.181+0530] {processor.py:161} INFO - Started process (PID=25014) to work on /Users/aswin/Documents/data-engineering-practice/ETL_Airflow_DBT/airflow/airflow_env/lib/python3.11/site-packages/airflow/example_dags/tutorial.py
[2026-04-02T05:54:06.181+0530] {processor.py:830} INFO - Processing file /Users/aswin/Documents/data-engineering-practice/ETL_Airflow_DBT/airflow/airflow_env/lib/python3.11/site-packages/airflow/example_dags/tutorial.py for tasks to queue
[2026-04-02T05:54:06.182+0530] {logging_mixin.py:188} INFO - [2026-04-02T05:54:06.182+0530] {dagbag.py:540} INFO - Filling up the DagBag from /Users/aswin/Documents/data-engineering-practice/ETL_Airflow_DBT/airflow/airflow_env/lib/python3.11/site-packages/airflow/example_dags/tutorial.py
[2026-04-02T05:54:06.184+0530] {processor.py:840} INFO - DAG(s) 'tutorial' retrieved from /Users/aswin/Documents/data-engineering-practice/ETL_Airflow_DBT/airflow/airflow_env/lib/python3.11/site-packages/airflow/example_dags/tutorial.py
[2026-04-02T05:54:06.237+0530] {logging_mixin.py:188} INFO - [2026-04-02T05:54:06.237+0530] {dag.py:3096} INFO - Sync 1 DAGs
[2026-04-02T05:54:06.248+0530] {logging_mixin.py:188} INFO - [2026-04-02T05:54:06.248+0530] {dag.py:3954} INFO - Setting next_dagrun for tutorial to 2026-04-01 00:00:00+00:00, run_after=2026-04-02 00:00:00+00:00
[2026-04-02T05:54:06.256+0530] {processor.py:183} INFO - Processing /Users/aswin/Documents/data-engineering-practice/ETL_Airflow_DBT/airflow/airflow_env/lib/python3.11/site-packages/airflow/example_dags/tutorial.py took 0.076 seconds
[2026-04-02T05:54:37.185+0530] {processor.py:161} INFO - Started process (PID=25148) to work on /Users/aswin/Documents/data-engineering-practice/ETL_Airflow_DBT/airflow/airflow_env/lib/python3.11/site-packages/airflow/example_dags/tutorial.py
[2026-04-02T05:54:37.186+0530] {processor.py:830} INFO - Processing file /Users/aswin/Documents/data-engineering-practice/ETL_Airflow_DBT/airflow/airflow_env/lib/python3.11/site-packages/airflow/example_dags/tutorial.py for tasks to queue
[2026-04-02T05:54:37.186+0530] {logging_mixin.py:188} INFO - [2026-04-02T05:54:37.186+0530] {dagbag.py:540} INFO - Filling up the DagBag from /Users/aswin/Documents/data-engineering-practice/ETL_Airflow_DBT/airflow/airflow_env/lib/python3.11/site-packages/airflow/example_dags/tutorial.py
[2026-04-02T05:54:37.189+0530] {processor.py:840} INFO - DAG(s) 'tutorial' retrieved from /Users/aswin/Documents/data-engineering-practice/ETL_Airflow_DBT/airflow/airflow_env/lib/python3.11/site-packages/airflow/example_dags/tutorial.py
[2026-04-02T05:54:37.240+0530] {logging_mixin.py:188} INFO - [2026-04-02T05:54:37.240+0530] {dag.py:3096} INFO - Sync 1 DAGs
[2026-04-02T05:54:37.252+0530] {logging_mixin.py:188} INFO - [2026-04-02T05:54:37.252+0530] {dag.py:3954} INFO - Setting next_dagrun for tutorial to 2026-04-01 00:00:00+00:00, run_after=2026-04-02 00:00:00+00:00
[2026-04-02T05:54:37.261+0530] {processor.py:183} INFO - Processing /Users/aswin/Documents/data-engineering-practice/ETL_Airflow_DBT/airflow/airflow_env/lib/python3.11/site-packages/airflow/example_dags/tutorial.py took 0.077 seconds
[2026-04-02T05:55:08.205+0530] {processor.py:161} INFO - Started process (PID=25272) to work on /Users/aswin/Documents/data-engineering-practice/ETL_Airflow_DBT/airflow/airflow_env/lib/python3.11/site-packages/airflow/example_dags/tutorial.py
[2026-04-02T05:55:08.206+0530] {processor.py:830} INFO - Processing file /Users/aswin/Documents/data-engineering-practice/ETL_Airflow_DBT/airflow/airflow_env/lib/python3.11/site-packages/airflow/example_dags/tutorial.py for tasks to queue
[2026-04-02T05:55:08.206+0530] {logging_mixin.py:188} INFO - [2026-04-02T05:55:08.206+0530] {dagbag.py:540} INFO - Filling up the DagBag from /Users/aswin/Documents/data-engineering-practice/ETL_Airflow_DBT/airflow/airflow_env/lib/python3.11/site-packages/airflow/example_dags/tutorial.py
[2026-04-02T05:55:08.209+0530] {processor.py:840} INFO - DAG(s) 'tutorial' retrieved from /Users/aswin/Documents/data-engineering-practice/ETL_Airflow_DBT/airflow/airflow_env/lib/python3.11/site-packages/airflow/example_dags/tutorial.py
[2026-04-02T05:55:08.260+0530] {logging_mixin.py:188} INFO - [2026-04-02T05:55:08.259+0530] {dag.py:3096} INFO - Sync 1 DAGs
[2026-04-02T05:55:08.272+0530] {logging_mixin.py:188} INFO - [2026-04-02T05:55:08.272+0530] {dag.py:3954} INFO - Setting next_dagrun for tutorial to 2026-04-01 00:00:00+00:00, run_after=2026-04-02 00:00:00+00:00
[2026-04-02T05:55:08.281+0530] {processor.py:183} INFO - Processing /Users/aswin/Documents/data-engineering-practice/ETL_Airflow_DBT/airflow/airflow_env/lib/python3.11/site-packages/airflow/example_dags/tutorial.py took 0.077 seconds
[2026-04-02T05:55:39.123+0530] {processor.py:161} INFO - Started process (PID=25445) to work on /Users/aswin/Documents/data-engineering-practice/ETL_Airflow_DBT/airflow/airflow_env/lib/python3.11/site-packages/airflow/example_dags/tutorial.py
[2026-04-02T05:55:39.124+0530] {processor.py:830} INFO - Processing file /Users/aswin/Documents/data-engineering-practice/ETL_Airflow_DBT/airflow/airflow_env/lib/python3.11/site-packages/airflow/example_dags/tutorial.py for tasks to queue
[2026-04-02T05:55:39.124+0530] {logging_mixin.py:188} INFO - [2026-04-02T05:55:39.124+0530] {dagbag.py:540} INFO - Filling up the DagBag from /Users/aswin/Documents/data-engineering-practice/ETL_Airflow_DBT/airflow/airflow_env/lib/python3.11/site-packages/airflow/example_dags/tutorial.py
[2026-04-02T05:55:39.127+0530] {processor.py:840} INFO - DAG(s) 'tutorial' retrieved from /Users/aswin/Documents/data-engineering-practice/ETL_Airflow_DBT/airflow/airflow_env/lib/python3.11/site-packages/airflow/example_dags/tutorial.py
[2026-04-02T05:55:39.180+0530] {logging_mixin.py:188} INFO - [2026-04-02T05:55:39.179+0530] {dag.py:3096} INFO - Sync 1 DAGs
[2026-04-02T05:55:39.192+0530] {logging_mixin.py:188} INFO - [2026-04-02T05:55:39.192+0530] {dag.py:3954} INFO - Setting next_dagrun for tutorial to 2026-04-01 00:00:00+00:00, run_after=2026-04-02 00:00:00+00:00
[2026-04-02T05:55:39.202+0530] {processor.py:183} INFO - Processing /Users/aswin/Documents/data-engineering-practice/ETL_Airflow_DBT/airflow/airflow_env/lib/python3.11/site-packages/airflow/example_dags/tutorial.py took 0.080 seconds
[2026-04-02T05:56:10.297+0530] {processor.py:161} INFO - Started process (PID=25577) to work on /Users/aswin/Documents/data-engineering-practice/ETL_Airflow_DBT/airflow/airflow_env/lib/python3.11/site-packages/airflow/example_dags/tutorial.py
[2026-04-02T05:56:10.298+0530] {processor.py:830} INFO - Processing file /Users/aswin/Documents/data-engineering-practice/ETL_Airflow_DBT/airflow/airflow_env/lib/python3.11/site-packages/airflow/example_dags/tutorial.py for tasks to queue
[2026-04-02T05:56:10.298+0530] {logging_mixin.py:188} INFO - [2026-04-02T05:56:10.298+0530] {dagbag.py:540} INFO - Filling up the DagBag from /Users/aswin/Documents/data-engineering-practice/ETL_Airflow_DBT/airflow/airflow_env/lib/python3.11/site-packages/airflow/example_dags/tutorial.py
[2026-04-02T05:56:10.302+0530] {processor.py:840} INFO - DAG(s) 'tutorial' retrieved from /Users/aswin/Documents/data-engineering-practice/ETL_Airflow_DBT/airflow/airflow_env/lib/python3.11/site-packages/airflow/example_dags/tutorial.py
[2026-04-02T05:56:10.353+0530] {logging_mixin.py:188} INFO - [2026-04-02T05:56:10.353+0530] {dag.py:3096} INFO - Sync 1 DAGs
[2026-04-02T05:56:10.365+0530] {logging_mixin.py:188} INFO - [2026-04-02T05:56:10.365+0530] {dag.py:3954} INFO - Setting next_dagrun for tutorial to 2026-04-01 00:00:00+00:00, run_after=2026-04-02 00:00:00+00:00
[2026-04-02T05:56:10.373+0530] {processor.py:183} INFO - Processing /Users/aswin/Documents/data-engineering-practice/ETL_Airflow_DBT/airflow/airflow_env/lib/python3.11/site-packages/airflow/example_dags/tutorial.py took 0.077 seconds
[2026-04-02T05:56:41.231+0530] {processor.py:161} INFO - Started process (PID=25703) to work on /Users/aswin/Documents/data-engineering-practice/ETL_Airflow_DBT/airflow/airflow_env/lib/python3.11/site-packages/airflow/example_dags/tutorial.py
[2026-04-02T05:56:41.233+0530] {processor.py:830} INFO - Processing file /Users/aswin/Documents/data-engineering-practice/ETL_Airflow_DBT/airflow/airflow_env/lib/python3.11/site-packages/airflow/example_dags/tutorial.py for tasks to queue
[2026-04-02T05:56:41.233+0530] {logging_mixin.py:188} INFO - [2026-04-02T05:56:41.233+0530] {dagbag.py:540} INFO - Filling up the DagBag from /Users/aswin/Documents/data-engineering-practice/ETL_Airflow_DBT/airflow/airflow_env/lib/python3.11/site-packages/airflow/example_dags/tutorial.py
[2026-04-02T05:56:41.237+0530] {processor.py:840} INFO - DAG(s) 'tutorial' retrieved from /Users/aswin/Documents/data-engineering-practice/ETL_Airflow_DBT/airflow/airflow_env/lib/python3.11/site-packages/airflow/example_dags/tutorial.py
[2026-04-02T05:56:41.288+0530] {logging_mixin.py:188} INFO - [2026-04-02T05:56:41.288+0530] {dag.py:3096} INFO - Sync 1 DAGs
[2026-04-02T05:56:41.300+0530] {logging_mixin.py:188} INFO - [2026-04-02T05:56:41.300+0530] {dag.py:3954} INFO - Setting next_dagrun for tutorial to 2026-04-01 00:00:00+00:00, run_after=2026-04-02 00:00:00+00:00
[2026-04-02T05:56:41.308+0530] {processor.py:183} INFO - Processing /Users/aswin/Documents/data-engineering-practice/ETL_Airflow_DBT/airflow/airflow_env/lib/python3.11/site-packages/airflow/example_dags/tutorial.py took 0.078 seconds
[2026-04-02T05:57:12.707+0530] {processor.py:161} INFO - Started process (PID=25828) to work on /Users/aswin/Documents/data-engineering-practice/ETL_Airflow_DBT/airflow/airflow_env/lib/python3.11/site-packages/airflow/example_dags/tutorial.py
[2026-04-02T05:57:12.708+0530] {processor.py:830} INFO - Processing file /Users/aswin/Documents/data-engineering-practice/ETL_Airflow_DBT/airflow/airflow_env/lib/python3.11/site-packages/airflow/example_dags/tutorial.py for tasks to queue
[2026-04-02T05:57:12.708+0530] {logging_mixin.py:188} INFO - [2026-04-02T05:57:12.708+0530] {dagbag.py:540} INFO - Filling up the DagBag from /Users/aswin/Documents/data-engineering-practice/ETL_Airflow_DBT/airflow/airflow_env/lib/python3.11/site-packages/airflow/example_dags/tutorial.py
[2026-04-02T05:57:12.711+0530] {processor.py:840} INFO - DAG(s) 'tutorial' retrieved from /Users/aswin/Documents/data-engineering-practice/ETL_Airflow_DBT/airflow/airflow_env/lib/python3.11/site-packages/airflow/example_dags/tutorial.py
[2026-04-02T05:57:12.770+0530] {logging_mixin.py:188} INFO - [2026-04-02T05:57:12.770+0530] {dag.py:3096} INFO - Sync 1 DAGs
[2026-04-02T05:57:12.780+0530] {logging_mixin.py:188} INFO - [2026-04-02T05:57:12.780+0530] {dag.py:3954} INFO - Setting next_dagrun for tutorial to 2026-04-01 00:00:00+00:00, run_after=2026-04-02 00:00:00+00:00
[2026-04-02T05:57:12.790+0530] {processor.py:183} INFO - Processing /Users/aswin/Documents/data-engineering-practice/ETL_Airflow_DBT/airflow/airflow_env/lib/python3.11/site-packages/airflow/example_dags/tutorial.py took 0.084 seconds
[2026-04-02T05:57:43.656+0530] {processor.py:161} INFO - Started process (PID=25961) to work on /Users/aswin/Documents/data-engineering-practice/ETL_Airflow_DBT/airflow/airflow_env/lib/python3.11/site-packages/airflow/example_dags/tutorial.py
[2026-04-02T05:57:43.657+0530] {processor.py:830} INFO - Processing file /Users/aswin/Documents/data-engineering-practice/ETL_Airflow_DBT/airflow/airflow_env/lib/python3.11/site-packages/airflow/example_dags/tutorial.py for tasks to queue
[2026-04-02T05:57:43.657+0530] {logging_mixin.py:188} INFO - [2026-04-02T05:57:43.657+0530] {dagbag.py:540} INFO - Filling up the DagBag from /Users/aswin/Documents/data-engineering-practice/ETL_Airflow_DBT/airflow/airflow_env/lib/python3.11/site-packages/airflow/example_dags/tutorial.py
[2026-04-02T05:57:43.660+0530] {processor.py:840} INFO - DAG(s) 'tutorial' retrieved from /Users/aswin/Documents/data-engineering-practice/ETL_Airflow_DBT/airflow/airflow_env/lib/python3.11/site-packages/airflow/example_dags/tutorial.py
[2026-04-02T05:57:43.714+0530] {logging_mixin.py:188} INFO - [2026-04-02T05:57:43.714+0530] {dag.py:3096} INFO - Sync 1 DAGs
[2026-04-02T05:57:43.726+0530] {logging_mixin.py:188} INFO - [2026-04-02T05:57:43.726+0530] {dag.py:3954} INFO - Setting next_dagrun for tutorial to 2026-04-01 00:00:00+00:00, run_after=2026-04-02 00:00:00+00:00
[2026-04-02T05:57:43.734+0530] {processor.py:183} INFO - Processing /Users/aswin/Documents/data-engineering-practice/ETL_Airflow_DBT/airflow/airflow_env/lib/python3.11/site-packages/airflow/example_dags/tutorial.py took 0.079 seconds
[2026-04-02T05:58:14.535+0530] {processor.py:161} INFO - Started process (PID=26085) to work on /Users/aswin/Documents/data-engineering-practice/ETL_Airflow_DBT/airflow/airflow_env/lib/python3.11/site-packages/airflow/example_dags/tutorial.py
[2026-04-02T05:58:14.535+0530] {processor.py:830} INFO - Processing file /Users/aswin/Documents/data-engineering-practice/ETL_Airflow_DBT/airflow/airflow_env/lib/python3.11/site-packages/airflow/example_dags/tutorial.py for tasks to queue
[2026-04-02T05:58:14.535+0530] {logging_mixin.py:188} INFO - [2026-04-02T05:58:14.535+0530] {dagbag.py:540} INFO - Filling up the DagBag from /Users/aswin/Documents/data-engineering-practice/ETL_Airflow_DBT/airflow/airflow_env/lib/python3.11/site-packages/airflow/example_dags/tutorial.py
[2026-04-02T05:58:14.539+0530] {processor.py:840} INFO - DAG(s) 'tutorial' retrieved from /Users/aswin/Documents/data-engineering-practice/ETL_Airflow_DBT/airflow/airflow_env/lib/python3.11/site-packages/airflow/example_dags/tutorial.py
[2026-04-02T05:58:14.594+0530] {logging_mixin.py:188} INFO - [2026-04-02T05:58:14.594+0530] {dag.py:3096} INFO - Sync 1 DAGs
[2026-04-02T05:58:14.604+0530] {logging_mixin.py:188} INFO - [2026-04-02T05:58:14.604+0530] {dag.py:3954} INFO - Setting next_dagrun for tutorial to 2026-04-01 00:00:00+00:00, run_after=2026-04-02 00:00:00+00:00
[2026-04-02T05:58:14.612+0530] {processor.py:183} INFO - Processing /Users/aswin/Documents/data-engineering-practice/ETL_Airflow_DBT/airflow/airflow_env/lib/python3.11/site-packages/airflow/example_dags/tutorial.py took 0.079 seconds
[2026-04-02T05:58:45.534+0530] {processor.py:161} INFO - Started process (PID=26211) to work on /Users/aswin/Documents/data-engineering-practice/ETL_Airflow_DBT/airflow/airflow_env/lib/python3.11/site-packages/airflow/example_dags/tutorial.py
[2026-04-02T05:58:45.534+0530] {processor.py:830} INFO - Processing file /Users/aswin/Documents/data-engineering-practice/ETL_Airflow_DBT/airflow/airflow_env/lib/python3.11/site-packages/airflow/example_dags/tutorial.py for tasks to queue
[2026-04-02T05:58:45.535+0530] {logging_mixin.py:188} INFO - [2026-04-02T05:58:45.535+0530] {dagbag.py:540} INFO - Filling up the DagBag from /Users/aswin/Documents/data-engineering-practice/ETL_Airflow_DBT/airflow/airflow_env/lib/python3.11/site-packages/airflow/example_dags/tutorial.py
[2026-04-02T05:58:45.538+0530] {processor.py:840} INFO - DAG(s) 'tutorial' retrieved from /Users/aswin/Documents/data-engineering-practice/ETL_Airflow_DBT/airflow/airflow_env/lib/python3.11/site-packages/airflow/example_dags/tutorial.py
[2026-04-02T05:58:45.593+0530] {logging_mixin.py:188} INFO - [2026-04-02T05:58:45.593+0530] {dag.py:3096} INFO - Sync 1 DAGs
[2026-04-02T05:58:45.605+0530] {logging_mixin.py:188} INFO - [2026-04-02T05:58:45.605+0530] {dag.py:3954} INFO - Setting next_dagrun for tutorial to 2026-04-01 00:00:00+00:00, run_after=2026-04-02 00:00:00+00:00
[2026-04-02T05:58:45.613+0530] {processor.py:183} INFO - Processing /Users/aswin/Documents/data-engineering-practice/ETL_Airflow_DBT/airflow/airflow_env/lib/python3.11/site-packages/airflow/example_dags/tutorial.py took 0.080 seconds
[2026-04-02T05:59:16.782+0530] {processor.py:161} INFO - Started process (PID=26340) to work on /Users/aswin/Documents/data-engineering-practice/ETL_Airflow_DBT/airflow/airflow_env/lib/python3.11/site-packages/airflow/example_dags/tutorial.py
[2026-04-02T05:59:16.783+0530] {processor.py:830} INFO - Processing file /Users/aswin/Documents/data-engineering-practice/ETL_Airflow_DBT/airflow/airflow_env/lib/python3.11/site-packages/airflow/example_dags/tutorial.py for tasks to queue
[2026-04-02T05:59:16.783+0530] {logging_mixin.py:188} INFO - [2026-04-02T05:59:16.783+0530] {dagbag.py:540} INFO - Filling up the DagBag from /Users/aswin/Documents/data-engineering-practice/ETL_Airflow_DBT/airflow/airflow_env/lib/python3.11/site-packages/airflow/example_dags/tutorial.py
[2026-04-02T05:59:16.786+0530] {processor.py:840} INFO - DAG(s) 'tutorial' retrieved from /Users/aswin/Documents/data-engineering-practice/ETL_Airflow_DBT/airflow/airflow_env/lib/python3.11/site-packages/airflow/example_dags/tutorial.py
[2026-04-02T05:59:16.845+0530] {logging_mixin.py:188} INFO - [2026-04-02T05:59:16.845+0530] {dag.py:3096} INFO - Sync 1 DAGs
[2026-04-02T05:59:16.856+0530] {logging_mixin.py:188} INFO - [2026-04-02T05:59:16.856+0530] {dag.py:3954} INFO - Setting next_dagrun for tutorial to 2026-04-01 00:00:00+00:00, run_after=2026-04-02 00:00:00+00:00
[2026-04-02T05:59:16.865+0530] {processor.py:183} INFO - Processing /Users/aswin/Documents/data-engineering-practice/ETL_Airflow_DBT/airflow/airflow_env/lib/python3.11/site-packages/airflow/example_dags/tutorial.py took 0.084 seconds
[2026-04-02T05:59:47.611+0530] {processor.py:161} INFO - Started process (PID=26474) to work on /Users/aswin/Documents/data-engineering-practice/ETL_Airflow_DBT/airflow/airflow_env/lib/python3.11/site-packages/airflow/example_dags/tutorial.py
[2026-04-02T05:59:47.613+0530] {processor.py:830} INFO - Processing file /Users/aswin/Documents/data-engineering-practice/ETL_Airflow_DBT/airflow/airflow_env/lib/python3.11/site-packages/airflow/example_dags/tutorial.py for tasks to queue
[2026-04-02T05:59:47.613+0530] {logging_mixin.py:188} INFO - [2026-04-02T05:59:47.613+0530] {dagbag.py:540} INFO - Filling up the DagBag from /Users/aswin/Documents/data-engineering-practice/ETL_Airflow_DBT/airflow/airflow_env/lib/python3.11/site-packages/airflow/example_dags/tutorial.py
[2026-04-02T05:59:47.617+0530] {processor.py:840} INFO - DAG(s) 'tutorial' retrieved from /Users/aswin/Documents/data-engineering-practice/ETL_Airflow_DBT/airflow/airflow_env/lib/python3.11/site-packages/airflow/example_dags/tutorial.py
[2026-04-02T05:59:47.671+0530] {logging_mixin.py:188} INFO - [2026-04-02T05:59:47.671+0530] {dag.py:3096} INFO - Sync 1 DAGs
[2026-04-02T05:59:47.681+0530] {logging_mixin.py:188} INFO - [2026-04-02T05:59:47.681+0530] {dag.py:3954} INFO - Setting next_dagrun for tutorial to 2026-04-01 00:00:00+00:00, run_after=2026-04-02 00:00:00+00:00
[2026-04-02T05:59:47.689+0530] {processor.py:183} INFO - Processing /Users/aswin/Documents/data-engineering-practice/ETL_Airflow_DBT/airflow/airflow_env/lib/python3.11/site-packages/airflow/example_dags/tutorial.py took 0.079 seconds
[2026-04-02T06:00:19.093+0530] {processor.py:161} INFO - Started process (PID=26602) to work on /Users/aswin/Documents/data-engineering-practice/ETL_Airflow_DBT/airflow/airflow_env/lib/python3.11/site-packages/airflow/example_dags/tutorial.py
[2026-04-02T06:00:19.094+0530] {processor.py:830} INFO - Processing file /Users/aswin/Documents/data-engineering-practice/ETL_Airflow_DBT/airflow/airflow_env/lib/python3.11/site-packages/airflow/example_dags/tutorial.py for tasks to queue
[2026-04-02T06:00:19.094+0530] {logging_mixin.py:188} INFO - [2026-04-02T06:00:19.094+0530] {dagbag.py:540} INFO - Filling up the DagBag from /Users/aswin/Documents/data-engineering-practice/ETL_Airflow_DBT/airflow/airflow_env/lib/python3.11/site-packages/airflow/example_dags/tutorial.py
[2026-04-02T06:00:19.098+0530] {processor.py:840} INFO - DAG(s) 'tutorial' retrieved from /Users/aswin/Documents/data-engineering-practice/ETL_Airflow_DBT/airflow/airflow_env/lib/python3.11/site-packages/airflow/example_dags/tutorial.py
[2026-04-02T06:00:19.157+0530] {logging_mixin.py:188} INFO - [2026-04-02T06:00:19.157+0530] {dag.py:3096} INFO - Sync 1 DAGs
[2026-04-02T06:00:19.168+0530] {logging_mixin.py:188} INFO - [2026-04-02T06:00:19.168+0530] {dag.py:3954} INFO - Setting next_dagrun for tutorial to 2026-04-01 00:00:00+00:00, run_after=2026-04-02 00:00:00+00:00
[2026-04-02T06:00:19.176+0530] {processor.py:183} INFO - Processing /Users/aswin/Documents/data-engineering-practice/ETL_Airflow_DBT/airflow/airflow_env/lib/python3.11/site-packages/airflow/example_dags/tutorial.py took 0.083 seconds
[2026-04-02T06:00:49.943+0530] {processor.py:161} INFO - Started process (PID=26728) to work on /Users/aswin/Documents/data-engineering-practice/ETL_Airflow_DBT/airflow/airflow_env/lib/python3.11/site-packages/airflow/example_dags/tutorial.py
[2026-04-02T06:00:49.944+0530] {processor.py:830} INFO - Processing file /Users/aswin/Documents/data-engineering-practice/ETL_Airflow_DBT/airflow/airflow_env/lib/python3.11/site-packages/airflow/example_dags/tutorial.py for tasks to queue
[2026-04-02T06:00:49.944+0530] {logging_mixin.py:188} INFO - [2026-04-02T06:00:49.944+0530] {dagbag.py:540} INFO - Filling up the DagBag from /Users/aswin/Documents/data-engineering-practice/ETL_Airflow_DBT/airflow/airflow_env/lib/python3.11/site-packages/airflow/example_dags/tutorial.py
[2026-04-02T06:00:49.948+0530] {processor.py:840} INFO - DAG(s) 'tutorial' retrieved from /Users/aswin/Documents/data-engineering-practice/ETL_Airflow_DBT/airflow/airflow_env/lib/python3.11/site-packages/airflow/example_dags/tutorial.py
[2026-04-02T06:00:50.003+0530] {logging_mixin.py:188} INFO - [2026-04-02T06:00:50.003+0530] {dag.py:3096} INFO - Sync 1 DAGs
[2026-04-02T06:00:50.014+0530] {logging_mixin.py:188} INFO - [2026-04-02T06:00:50.014+0530] {dag.py:3954} INFO - Setting next_dagrun for tutorial to 2026-04-01 00:00:00+00:00, run_after=2026-04-02 00:00:00+00:00
[2026-04-02T06:00:50.022+0530] {processor.py:183} INFO - Processing /Users/aswin/Documents/data-engineering-practice/ETL_Airflow_DBT/airflow/airflow_env/lib/python3.11/site-packages/airflow/example_dags/tutorial.py took 0.080 seconds
[2026-04-02T06:01:20.887+0530] {processor.py:161} INFO - Started process (PID=26859) to work on /Users/aswin/Documents/data-engineering-practice/ETL_Airflow_DBT/airflow/airflow_env/lib/python3.11/site-packages/airflow/example_dags/tutorial.py
[2026-04-02T06:01:20.888+0530] {processor.py:830} INFO - Processing file /Users/aswin/Documents/data-engineering-practice/ETL_Airflow_DBT/airflow/airflow_env/lib/python3.11/site-packages/airflow/example_dags/tutorial.py for tasks to queue
[2026-04-02T06:01:20.888+0530] {logging_mixin.py:188} INFO - [2026-04-02T06:01:20.888+0530] {dagbag.py:540} INFO - Filling up the DagBag from /Users/aswin/Documents/data-engineering-practice/ETL_Airflow_DBT/airflow/airflow_env/lib/python3.11/site-packages/airflow/example_dags/tutorial.py
[2026-04-02T06:01:20.892+0530] {processor.py:840} INFO - DAG(s) 'tutorial' retrieved from /Users/aswin/Documents/data-engineering-practice/ETL_Airflow_DBT/airflow/airflow_env/lib/python3.11/site-packages/airflow/example_dags/tutorial.py
[2026-04-02T06:01:20.945+0530] {logging_mixin.py:188} INFO - [2026-04-02T06:01:20.945+0530] {dag.py:3096} INFO - Sync 1 DAGs
[2026-04-02T06:01:20.956+0530] {logging_mixin.py:188} INFO - [2026-04-02T06:01:20.956+0530] {dag.py:3954} INFO - Setting next_dagrun for tutorial to 2026-04-01 00:00:00+00:00, run_after=2026-04-02 00:00:00+00:00
[2026-04-02T06:01:20.964+0530] {processor.py:183} INFO - Processing /Users/aswin/Documents/data-engineering-practice/ETL_Airflow_DBT/airflow/airflow_env/lib/python3.11/site-packages/airflow/example_dags/tutorial.py took 0.078 seconds
[2026-04-02T06:01:51.703+0530] {processor.py:161} INFO - Started process (PID=26990) to work on /Users/aswin/Documents/data-engineering-practice/ETL_Airflow_DBT/airflow/airflow_env/lib/python3.11/site-packages/airflow/example_dags/tutorial.py
[2026-04-02T06:01:51.704+0530] {processor.py:830} INFO - Processing file /Users/aswin/Documents/data-engineering-practice/ETL_Airflow_DBT/airflow/airflow_env/lib/python3.11/site-packages/airflow/example_dags/tutorial.py for tasks to queue
[2026-04-02T06:01:51.704+0530] {logging_mixin.py:188} INFO - [2026-04-02T06:01:51.704+0530] {dagbag.py:540} INFO - Filling up the DagBag from /Users/aswin/Documents/data-engineering-practice/ETL_Airflow_DBT/airflow/airflow_env/lib/python3.11/site-packages/airflow/example_dags/tutorial.py
[2026-04-02T06:01:51.707+0530] {processor.py:840} INFO - DAG(s) 'tutorial' retrieved from /Users/aswin/Documents/data-engineering-practice/ETL_Airflow_DBT/airflow/airflow_env/lib/python3.11/site-packages/airflow/example_dags/tutorial.py
[2026-04-02T06:01:51.765+0530] {logging_mixin.py:188} INFO - [2026-04-02T06:01:51.765+0530] {dag.py:3096} INFO - Sync 1 DAGs
[2026-04-02T06:01:51.777+0530] {logging_mixin.py:188} INFO - [2026-04-02T06:01:51.777+0530] {dag.py:3954} INFO - Setting next_dagrun for tutorial to 2026-04-01 00:00:00+00:00, run_after=2026-04-02 00:00:00+00:00
[2026-04-02T06:01:51.784+0530] {processor.py:183} INFO - Processing /Users/aswin/Documents/data-engineering-practice/ETL_Airflow_DBT/airflow/airflow_env/lib/python3.11/site-packages/airflow/example_dags/tutorial.py took 0.083 seconds
[2026-04-02T06:02:22.664+0530] {processor.py:161} INFO - Started process (PID=27126) to work on /Users/aswin/Documents/data-engineering-practice/ETL_Airflow_DBT/airflow/airflow_env/lib/python3.11/site-packages/airflow/example_dags/tutorial.py
[2026-04-02T06:02:22.666+0530] {processor.py:830} INFO - Processing file /Users/aswin/Documents/data-engineering-practice/ETL_Airflow_DBT/airflow/airflow_env/lib/python3.11/site-packages/airflow/example_dags/tutorial.py for tasks to queue
[2026-04-02T06:02:22.666+0530] {logging_mixin.py:188} INFO - [2026-04-02T06:02:22.666+0530] {dagbag.py:540} INFO - Filling up the DagBag from /Users/aswin/Documents/data-engineering-practice/ETL_Airflow_DBT/airflow/airflow_env/lib/python3.11/site-packages/airflow/example_dags/tutorial.py
[2026-04-02T06:02:22.669+0530] {processor.py:840} INFO - DAG(s) 'tutorial' retrieved from /Users/aswin/Documents/data-engineering-practice/ETL_Airflow_DBT/airflow/airflow_env/lib/python3.11/site-packages/airflow/example_dags/tutorial.py
[2026-04-02T06:02:22.723+0530] {logging_mixin.py:188} INFO - [2026-04-02T06:02:22.723+0530] {dag.py:3096} INFO - Sync 1 DAGs
[2026-04-02T06:02:22.735+0530] {logging_mixin.py:188} INFO - [2026-04-02T06:02:22.735+0530] {dag.py:3954} INFO - Setting next_dagrun for tutorial to 2026-04-01 00:00:00+00:00, run_after=2026-04-02 00:00:00+00:00
[2026-04-02T06:02:22.743+0530] {processor.py:183} INFO - Processing /Users/aswin/Documents/data-engineering-practice/ETL_Airflow_DBT/airflow/airflow_env/lib/python3.11/site-packages/airflow/example_dags/tutorial.py took 0.080 seconds
[2026-04-02T06:02:53.524+0530] {processor.py:161} INFO - Started process (PID=27252) to work on /Users/aswin/Documents/data-engineering-practice/ETL_Airflow_DBT/airflow/airflow_env/lib/python3.11/site-packages/airflow/example_dags/tutorial.py
[2026-04-02T06:02:53.524+0530] {processor.py:830} INFO - Processing file /Users/aswin/Documents/data-engineering-practice/ETL_Airflow_DBT/airflow/airflow_env/lib/python3.11/site-packages/airflow/example_dags/tutorial.py for tasks to queue
[2026-04-02T06:02:53.524+0530] {logging_mixin.py:188} INFO - [2026-04-02T06:02:53.524+0530] {dagbag.py:540} INFO - Filling up the DagBag from /Users/aswin/Documents/data-engineering-practice/ETL_Airflow_DBT/airflow/airflow_env/lib/python3.11/site-packages/airflow/example_dags/tutorial.py
[2026-04-02T06:02:53.528+0530] {processor.py:840} INFO - DAG(s) 'tutorial' retrieved from /Users/aswin/Documents/data-engineering-practice/ETL_Airflow_DBT/airflow/airflow_env/lib/python3.11/site-packages/airflow/example_dags/tutorial.py
[2026-04-02T06:02:53.582+0530] {logging_mixin.py:188} INFO - [2026-04-02T06:02:53.582+0530] {dag.py:3096} INFO - Sync 1 DAGs
[2026-04-02T06:02:53.593+0530] {logging_mixin.py:188} INFO - [2026-04-02T06:02:53.593+0530] {dag.py:3954} INFO - Setting next_dagrun for tutorial to 2026-04-01 00:00:00+00:00, run_after=2026-04-02 00:00:00+00:00
[2026-04-02T06:02:53.600+0530] {processor.py:183} INFO - Processing /Users/aswin/Documents/data-engineering-practice/ETL_Airflow_DBT/airflow/airflow_env/lib/python3.11/site-packages/airflow/example_dags/tutorial.py took 0.078 seconds
[2026-04-02T06:03:24.655+0530] {processor.py:161} INFO - Started process (PID=27378) to work on /Users/aswin/Documents/data-engineering-practice/ETL_Airflow_DBT/airflow/airflow_env/lib/python3.11/site-packages/airflow/example_dags/tutorial.py
[2026-04-02T06:03:24.655+0530] {processor.py:830} INFO - Processing file /Users/aswin/Documents/data-engineering-practice/ETL_Airflow_DBT/airflow/airflow_env/lib/python3.11/site-packages/airflow/example_dags/tutorial.py for tasks to queue
[2026-04-02T06:03:24.656+0530] {logging_mixin.py:188} INFO - [2026-04-02T06:03:24.656+0530] {dagbag.py:540} INFO - Filling up the DagBag from /Users/aswin/Documents/data-engineering-practice/ETL_Airflow_DBT/airflow/airflow_env/lib/python3.11/site-packages/airflow/example_dags/tutorial.py
[2026-04-02T06:03:24.659+0530] {processor.py:840} INFO - DAG(s) 'tutorial' retrieved from /Users/aswin/Documents/data-engineering-practice/ETL_Airflow_DBT/airflow/airflow_env/lib/python3.11/site-packages/airflow/example_dags/tutorial.py
[2026-04-02T06:03:24.715+0530] {logging_mixin.py:188} INFO - [2026-04-02T06:03:24.715+0530] {dag.py:3096} INFO - Sync 1 DAGs
[2026-04-02T06:03:24.727+0530] {logging_mixin.py:188} INFO - [2026-04-02T06:03:24.726+0530] {dag.py:3954} INFO - Setting next_dagrun for tutorial to 2026-04-01 00:00:00+00:00, run_after=2026-04-02 00:00:00+00:00
[2026-04-02T06:03:24.734+0530] {processor.py:183} INFO - Processing /Users/aswin/Documents/data-engineering-practice/ETL_Airflow_DBT/airflow/airflow_env/lib/python3.11/site-packages/airflow/example_dags/tutorial.py took 0.081 seconds
[2026-04-02T06:03:55.999+0530] {processor.py:161} INFO - Started process (PID=27504) to work on /Users/aswin/Documents/data-engineering-practice/ETL_Airflow_DBT/airflow/airflow_env/lib/python3.11/site-packages/airflow/example_dags/tutorial.py
[2026-04-02T06:03:56.001+0530] {processor.py:830} INFO - Processing file /Users/aswin/Documents/data-engineering-practice/ETL_Airflow_DBT/airflow/airflow_env/lib/python3.11/site-packages/airflow/example_dags/tutorial.py for tasks to queue
[2026-04-02T06:03:56.001+0530] {logging_mixin.py:188} INFO - [2026-04-02T06:03:56.001+0530] {dagbag.py:540} INFO - Filling up the DagBag from /Users/aswin/Documents/data-engineering-practice/ETL_Airflow_DBT/airflow/airflow_env/lib/python3.11/site-packages/airflow/example_dags/tutorial.py
[2026-04-02T06:03:56.004+0530] {processor.py:840} INFO - DAG(s) 'tutorial' retrieved from /Users/aswin/Documents/data-engineering-practice/ETL_Airflow_DBT/airflow/airflow_env/lib/python3.11/site-packages/airflow/example_dags/tutorial.py
[2026-04-02T06:03:56.064+0530] {logging_mixin.py:188} INFO - [2026-04-02T06:03:56.064+0530] {dag.py:3096} INFO - Sync 1 DAGs
[2026-04-02T06:03:56.076+0530] {logging_mixin.py:188} INFO - [2026-04-02T06:03:56.076+0530] {dag.py:3954} INFO - Setting next_dagrun for tutorial to 2026-04-01 00:00:00+00:00, run_after=2026-04-02 00:00:00+00:00
[2026-04-02T06:03:56.084+0530] {processor.py:183} INFO - Processing /Users/aswin/Documents/data-engineering-practice/ETL_Airflow_DBT/airflow/airflow_env/lib/python3.11/site-packages/airflow/example_dags/tutorial.py took 0.086 seconds
[2026-04-02T06:04:27.180+0530] {processor.py:161} INFO - Started process (PID=27644) to work on /Users/aswin/Documents/data-engineering-practice/ETL_Airflow_DBT/airflow/airflow_env/lib/python3.11/site-packages/airflow/example_dags/tutorial.py
[2026-04-02T06:04:27.181+0530] {processor.py:830} INFO - Processing file /Users/aswin/Documents/data-engineering-practice/ETL_Airflow_DBT/airflow/airflow_env/lib/python3.11/site-packages/airflow/example_dags/tutorial.py for tasks to queue
[2026-04-02T06:04:27.182+0530] {logging_mixin.py:188} INFO - [2026-04-02T06:04:27.182+0530] {dagbag.py:540} INFO - Filling up the DagBag from /Users/aswin/Documents/data-engineering-practice/ETL_Airflow_DBT/airflow/airflow_env/lib/python3.11/site-packages/airflow/example_dags/tutorial.py
[2026-04-02T06:04:27.186+0530] {processor.py:840} INFO - DAG(s) 'tutorial' retrieved from /Users/aswin/Documents/data-engineering-practice/ETL_Airflow_DBT/airflow/airflow_env/lib/python3.11/site-packages/airflow/example_dags/tutorial.py
[2026-04-02T06:04:27.246+0530] {logging_mixin.py:188} INFO - [2026-04-02T06:04:27.246+0530] {dag.py:3096} INFO - Sync 1 DAGs
[2026-04-02T06:04:27.258+0530] {logging_mixin.py:188} INFO - [2026-04-02T06:04:27.257+0530] {dag.py:3954} INFO - Setting next_dagrun for tutorial to 2026-04-01 00:00:00+00:00, run_after=2026-04-02 00:00:00+00:00
[2026-04-02T06:04:27.273+0530] {processor.py:183} INFO - Processing /Users/aswin/Documents/data-engineering-practice/ETL_Airflow_DBT/airflow/airflow_env/lib/python3.11/site-packages/airflow/example_dags/tutorial.py took 0.094 seconds
[2026-04-02T06:04:58.208+0530] {processor.py:161} INFO - Started process (PID=27781) to work on /Users/aswin/Documents/data-engineering-practice/ETL_Airflow_DBT/airflow/airflow_env/lib/python3.11/site-packages/airflow/example_dags/tutorial.py
[2026-04-02T06:04:58.209+0530] {processor.py:830} INFO - Processing file /Users/aswin/Documents/data-engineering-practice/ETL_Airflow_DBT/airflow/airflow_env/lib/python3.11/site-packages/airflow/example_dags/tutorial.py for tasks to queue
[2026-04-02T06:04:58.210+0530] {logging_mixin.py:188} INFO - [2026-04-02T06:04:58.210+0530] {dagbag.py:540} INFO - Filling up the DagBag from /Users/aswin/Documents/data-engineering-practice/ETL_Airflow_DBT/airflow/airflow_env/lib/python3.11/site-packages/airflow/example_dags/tutorial.py
[2026-04-02T06:04:58.213+0530] {processor.py:840} INFO - DAG(s) 'tutorial' retrieved from /Users/aswin/Documents/data-engineering-practice/ETL_Airflow_DBT/airflow/airflow_env/lib/python3.11/site-packages/airflow/example_dags/tutorial.py
[2026-04-02T06:04:58.264+0530] {logging_mixin.py:188} INFO - [2026-04-02T06:04:58.264+0530] {dag.py:3096} INFO - Sync 1 DAGs
[2026-04-02T06:04:58.276+0530] {logging_mixin.py:188} INFO - [2026-04-02T06:04:58.276+0530] {dag.py:3954} INFO - Setting next_dagrun for tutorial to 2026-04-01 00:00:00+00:00, run_after=2026-04-02 00:00:00+00:00
[2026-04-02T06:04:58.285+0530] {processor.py:183} INFO - Processing /Users/aswin/Documents/data-engineering-practice/ETL_Airflow_DBT/airflow/airflow_env/lib/python3.11/site-packages/airflow/example_dags/tutorial.py took 0.078 seconds
[2026-04-02T06:05:29.434+0530] {processor.py:161} INFO - Started process (PID=27916) to work on /Users/aswin/Documents/data-engineering-practice/ETL_Airflow_DBT/airflow/airflow_env/lib/python3.11/site-packages/airflow/example_dags/tutorial.py
[2026-04-02T06:05:29.434+0530] {processor.py:830} INFO - Processing file /Users/aswin/Documents/data-engineering-practice/ETL_Airflow_DBT/airflow/airflow_env/lib/python3.11/site-packages/airflow/example_dags/tutorial.py for tasks to queue
[2026-04-02T06:05:29.435+0530] {logging_mixin.py:188} INFO - [2026-04-02T06:05:29.434+0530] {dagbag.py:540} INFO - Filling up the DagBag from /Users/aswin/Documents/data-engineering-practice/ETL_Airflow_DBT/airflow/airflow_env/lib/python3.11/site-packages/airflow/example_dags/tutorial.py
[2026-04-02T06:05:29.437+0530] {processor.py:840} INFO - DAG(s) 'tutorial' retrieved from /Users/aswin/Documents/data-engineering-practice/ETL_Airflow_DBT/airflow/airflow_env/lib/python3.11/site-packages/airflow/example_dags/tutorial.py
[2026-04-02T06:05:29.490+0530] {logging_mixin.py:188} INFO - [2026-04-02T06:05:29.490+0530] {dag.py:3096} INFO - Sync 1 DAGs
[2026-04-02T06:05:29.501+0530] {logging_mixin.py:188} INFO - [2026-04-02T06:05:29.501+0530] {dag.py:3954} INFO - Setting next_dagrun for tutorial to 2026-04-01 00:00:00+00:00, run_after=2026-04-02 00:00:00+00:00
[2026-04-02T06:05:29.510+0530] {processor.py:183} INFO - Processing /Users/aswin/Documents/data-engineering-practice/ETL_Airflow_DBT/airflow/airflow_env/lib/python3.11/site-packages/airflow/example_dags/tutorial.py took 0.077 seconds
[2026-04-02T06:06:00.720+0530] {processor.py:161} INFO - Started process (PID=28067) to work on /Users/aswin/Documents/data-engineering-practice/ETL_Airflow_DBT/airflow/airflow_env/lib/python3.11/site-packages/airflow/example_dags/tutorial.py
[2026-04-02T06:06:00.721+0530] {processor.py:830} INFO - Processing file /Users/aswin/Documents/data-engineering-practice/ETL_Airflow_DBT/airflow/airflow_env/lib/python3.11/site-packages/airflow/example_dags/tutorial.py for tasks to queue
[2026-04-02T06:06:00.721+0530] {logging_mixin.py:188} INFO - [2026-04-02T06:06:00.721+0530] {dagbag.py:540} INFO - Filling up the DagBag from /Users/aswin/Documents/data-engineering-practice/ETL_Airflow_DBT/airflow/airflow_env/lib/python3.11/site-packages/airflow/example_dags/tutorial.py
[2026-04-02T06:06:00.724+0530] {processor.py:840} INFO - DAG(s) 'tutorial' retrieved from /Users/aswin/Documents/data-engineering-practice/ETL_Airflow_DBT/airflow/airflow_env/lib/python3.11/site-packages/airflow/example_dags/tutorial.py
[2026-04-02T06:06:00.776+0530] {logging_mixin.py:188} INFO - [2026-04-02T06:06:00.776+0530] {dag.py:3096} INFO - Sync 1 DAGs
[2026-04-02T06:06:00.789+0530] {logging_mixin.py:188} INFO - [2026-04-02T06:06:00.788+0530] {dag.py:3954} INFO - Setting next_dagrun for tutorial to 2026-04-01 00:00:00+00:00, run_after=2026-04-02 00:00:00+00:00
[2026-04-02T06:06:00.798+0530] {processor.py:183} INFO - Processing /Users/aswin/Documents/data-engineering-practice/ETL_Airflow_DBT/airflow/airflow_env/lib/python3.11/site-packages/airflow/example_dags/tutorial.py took 0.079 seconds
[2026-04-02T06:06:31.944+0530] {processor.py:161} INFO - Started process (PID=28196) to work on /Users/aswin/Documents/data-engineering-practice/ETL_Airflow_DBT/airflow/airflow_env/lib/python3.11/site-packages/airflow/example_dags/tutorial.py
[2026-04-02T06:06:31.946+0530] {processor.py:830} INFO - Processing file /Users/aswin/Documents/data-engineering-practice/ETL_Airflow_DBT/airflow/airflow_env/lib/python3.11/site-packages/airflow/example_dags/tutorial.py for tasks to queue
[2026-04-02T06:06:31.946+0530] {logging_mixin.py:188} INFO - [2026-04-02T06:06:31.946+0530] {dagbag.py:540} INFO - Filling up the DagBag from /Users/aswin/Documents/data-engineering-practice/ETL_Airflow_DBT/airflow/airflow_env/lib/python3.11/site-packages/airflow/example_dags/tutorial.py
[2026-04-02T06:06:31.949+0530] {processor.py:840} INFO - DAG(s) 'tutorial' retrieved from /Users/aswin/Documents/data-engineering-practice/ETL_Airflow_DBT/airflow/airflow_env/lib/python3.11/site-packages/airflow/example_dags/tutorial.py
[2026-04-02T06:06:32.008+0530] {logging_mixin.py:188} INFO - [2026-04-02T06:06:32.007+0530] {dag.py:3096} INFO - Sync 1 DAGs
[2026-04-02T06:06:32.023+0530] {logging_mixin.py:188} INFO - [2026-04-02T06:06:32.023+0530] {dag.py:3954} INFO - Setting next_dagrun for tutorial to 2026-04-01 00:00:00+00:00, run_after=2026-04-02 00:00:00+00:00
[2026-04-02T06:06:32.030+0530] {processor.py:183} INFO - Processing /Users/aswin/Documents/data-engineering-practice/ETL_Airflow_DBT/airflow/airflow_env/lib/python3.11/site-packages/airflow/example_dags/tutorial.py took 0.087 seconds
[2026-04-02T06:07:02.971+0530] {processor.py:161} INFO - Started process (PID=28315) to work on /Users/aswin/Documents/data-engineering-practice/ETL_Airflow_DBT/airflow/airflow_env/lib/python3.11/site-packages/airflow/example_dags/tutorial.py
[2026-04-02T06:07:02.971+0530] {processor.py:830} INFO - Processing file /Users/aswin/Documents/data-engineering-practice/ETL_Airflow_DBT/airflow/airflow_env/lib/python3.11/site-packages/airflow/example_dags/tutorial.py for tasks to queue
[2026-04-02T06:07:02.972+0530] {logging_mixin.py:188} INFO - [2026-04-02T06:07:02.972+0530] {dagbag.py:540} INFO - Filling up the DagBag from /Users/aswin/Documents/data-engineering-practice/ETL_Airflow_DBT/airflow/airflow_env/lib/python3.11/site-packages/airflow/example_dags/tutorial.py
[2026-04-02T06:07:02.975+0530] {processor.py:840} INFO - DAG(s) 'tutorial' retrieved from /Users/aswin/Documents/data-engineering-practice/ETL_Airflow_DBT/airflow/airflow_env/lib/python3.11/site-packages/airflow/example_dags/tutorial.py
[2026-04-02T06:07:03.029+0530] {logging_mixin.py:188} INFO - [2026-04-02T06:07:03.029+0530] {dag.py:3096} INFO - Sync 1 DAGs
[2026-04-02T06:07:03.040+0530] {logging_mixin.py:188} INFO - [2026-04-02T06:07:03.040+0530] {dag.py:3954} INFO - Setting next_dagrun for tutorial to 2026-04-01 00:00:00+00:00, run_after=2026-04-02 00:00:00+00:00
[2026-04-02T06:07:03.047+0530] {processor.py:183} INFO - Processing /Users/aswin/Documents/data-engineering-practice/ETL_Airflow_DBT/airflow/airflow_env/lib/python3.11/site-packages/airflow/example_dags/tutorial.py took 0.078 seconds
