[2026-04-01T04:49:27.092+0530] {processor.py:161} INFO - Started process (PID=71770) to work on /Users/aswin/Documents/data-engineering-practice/ETL_Airflow_DBT/airflow/dags/api_sales_pipeline.py
[2026-04-01T04:49:27.092+0530] {processor.py:830} INFO - Processing file /Users/aswin/Documents/data-engineering-practice/ETL_Airflow_DBT/airflow/dags/api_sales_pipeline.py for tasks to queue
[2026-04-01T04:49:27.092+0530] {logging_mixin.py:188} INFO - [2026-04-01T04:49:27.092+0530] {dagbag.py:540} INFO - Filling up the DagBag from /Users/aswin/Documents/data-engineering-practice/ETL_Airflow_DBT/airflow/dags/api_sales_pipeline.py
[2026-04-01T04:49:27.414+0530] {logging_mixin.py:188} INFO - Data loaded into public.sales
[2026-04-01T04:49:27.415+0530] {processor.py:840} INFO - DAG(s) 'api_sales_pipeline' retrieved from /Users/aswin/Documents/data-engineering-practice/ETL_Airflow_DBT/airflow/dags/api_sales_pipeline.py
[2026-04-01T04:49:27.445+0530] {logging_mixin.py:188} INFO - [2026-04-01T04:49:27.445+0530] {dag.py:3096} INFO - Sync 1 DAGs
[2026-04-01T04:49:27.448+0530] {logging_mixin.py:188} INFO - [2026-04-01T04:49:27.448+0530] {dag.py:3954} INFO - Setting next_dagrun for api_sales_pipeline to None, run_after=None
[2026-04-01T04:49:27.454+0530] {processor.py:183} INFO - Processing /Users/aswin/Documents/data-engineering-practice/ETL_Airflow_DBT/airflow/dags/api_sales_pipeline.py took 0.363 seconds
[2026-04-01T04:51:15.976+0530] {processor.py:161} INFO - Started process (PID=71860) to work on /Users/aswin/Documents/data-engineering-practice/ETL_Airflow_DBT/airflow/dags/api_sales_pipeline.py
[2026-04-01T04:51:15.977+0530] {processor.py:830} INFO - Processing file /Users/aswin/Documents/data-engineering-practice/ETL_Airflow_DBT/airflow/dags/api_sales_pipeline.py for tasks to queue
[2026-04-01T04:51:15.978+0530] {logging_mixin.py:188} INFO - [2026-04-01T04:51:15.978+0530] {dagbag.py:540} INFO - Filling up the DagBag from /Users/aswin/Documents/data-engineering-practice/ETL_Airflow_DBT/airflow/dags/api_sales_pipeline.py
[2026-04-01T04:51:16.314+0530] {logging_mixin.py:188} INFO - Data loaded into public.sales
[2026-04-01T04:51:16.315+0530] {processor.py:840} INFO - DAG(s) 'api_sales_pipeline' retrieved from /Users/aswin/Documents/data-engineering-practice/ETL_Airflow_DBT/airflow/dags/api_sales_pipeline.py
[2026-04-01T04:51:16.345+0530] {logging_mixin.py:188} INFO - [2026-04-01T04:51:16.345+0530] {dag.py:3096} INFO - Sync 1 DAGs
[2026-04-01T04:51:16.348+0530] {logging_mixin.py:188} INFO - [2026-04-01T04:51:16.348+0530] {dag.py:3954} INFO - Setting next_dagrun for api_sales_pipeline to None, run_after=None
[2026-04-01T04:51:16.354+0530] {processor.py:183} INFO - Processing /Users/aswin/Documents/data-engineering-practice/ETL_Airflow_DBT/airflow/dags/api_sales_pipeline.py took 0.378 seconds
[2026-04-01T04:53:01.801+0530] {processor.py:161} INFO - Started process (PID=71939) to work on /Users/aswin/Documents/data-engineering-practice/ETL_Airflow_DBT/airflow/dags/api_sales_pipeline.py
[2026-04-01T04:53:01.802+0530] {processor.py:830} INFO - Processing file /Users/aswin/Documents/data-engineering-practice/ETL_Airflow_DBT/airflow/dags/api_sales_pipeline.py for tasks to queue
[2026-04-01T04:53:01.802+0530] {logging_mixin.py:188} INFO - [2026-04-01T04:53:01.802+0530] {dagbag.py:540} INFO - Filling up the DagBag from /Users/aswin/Documents/data-engineering-practice/ETL_Airflow_DBT/airflow/dags/api_sales_pipeline.py
[2026-04-01T04:53:02.084+0530] {logging_mixin.py:188} INFO - Data loaded into public.sales
[2026-04-01T04:53:02.086+0530] {processor.py:840} INFO - DAG(s) 'api_sales_pipeline' retrieved from /Users/aswin/Documents/data-engineering-practice/ETL_Airflow_DBT/airflow/dags/api_sales_pipeline.py
[2026-04-01T04:53:02.116+0530] {logging_mixin.py:188} INFO - [2026-04-01T04:53:02.116+0530] {dag.py:3096} INFO - Sync 1 DAGs
[2026-04-01T04:53:02.119+0530] {logging_mixin.py:188} INFO - [2026-04-01T04:53:02.119+0530] {dag.py:3954} INFO - Setting next_dagrun for api_sales_pipeline to None, run_after=None
[2026-04-01T04:53:02.125+0530] {processor.py:183} INFO - Processing /Users/aswin/Documents/data-engineering-practice/ETL_Airflow_DBT/airflow/dags/api_sales_pipeline.py took 0.325 seconds
[2026-04-01T04:54:44.412+0530] {processor.py:161} INFO - Started process (PID=72018) to work on /Users/aswin/Documents/data-engineering-practice/ETL_Airflow_DBT/airflow/dags/api_sales_pipeline.py
[2026-04-01T04:54:44.413+0530] {processor.py:830} INFO - Processing file /Users/aswin/Documents/data-engineering-practice/ETL_Airflow_DBT/airflow/dags/api_sales_pipeline.py for tasks to queue
[2026-04-01T04:54:44.413+0530] {logging_mixin.py:188} INFO - [2026-04-01T04:54:44.413+0530] {dagbag.py:540} INFO - Filling up the DagBag from /Users/aswin/Documents/data-engineering-practice/ETL_Airflow_DBT/airflow/dags/api_sales_pipeline.py
[2026-04-01T04:54:44.723+0530] {logging_mixin.py:188} INFO - Data loaded into public.sales
[2026-04-01T04:54:44.725+0530] {processor.py:840} INFO - DAG(s) 'api_sales_pipeline' retrieved from /Users/aswin/Documents/data-engineering-practice/ETL_Airflow_DBT/airflow/dags/api_sales_pipeline.py
[2026-04-01T04:54:44.754+0530] {logging_mixin.py:188} INFO - [2026-04-01T04:54:44.754+0530] {dag.py:3096} INFO - Sync 1 DAGs
[2026-04-01T04:54:44.757+0530] {logging_mixin.py:188} INFO - [2026-04-01T04:54:44.757+0530] {dag.py:3954} INFO - Setting next_dagrun for api_sales_pipeline to None, run_after=None
[2026-04-01T04:54:44.763+0530] {processor.py:183} INFO - Processing /Users/aswin/Documents/data-engineering-practice/ETL_Airflow_DBT/airflow/dags/api_sales_pipeline.py took 0.353 seconds
[2026-04-01T04:56:24.638+0530] {processor.py:161} INFO - Started process (PID=72093) to work on /Users/aswin/Documents/data-engineering-practice/ETL_Airflow_DBT/airflow/dags/api_sales_pipeline.py
[2026-04-01T04:56:24.639+0530] {processor.py:830} INFO - Processing file /Users/aswin/Documents/data-engineering-practice/ETL_Airflow_DBT/airflow/dags/api_sales_pipeline.py for tasks to queue
[2026-04-01T04:56:24.639+0530] {logging_mixin.py:188} INFO - [2026-04-01T04:56:24.639+0530] {dagbag.py:540} INFO - Filling up the DagBag from /Users/aswin/Documents/data-engineering-practice/ETL_Airflow_DBT/airflow/dags/api_sales_pipeline.py
[2026-04-01T04:56:24.911+0530] {logging_mixin.py:188} INFO - Data loaded into public.sales
[2026-04-01T04:56:24.913+0530] {processor.py:840} INFO - DAG(s) 'api_sales_pipeline' retrieved from /Users/aswin/Documents/data-engineering-practice/ETL_Airflow_DBT/airflow/dags/api_sales_pipeline.py
[2026-04-01T04:56:24.942+0530] {logging_mixin.py:188} INFO - [2026-04-01T04:56:24.942+0530] {dag.py:3096} INFO - Sync 1 DAGs
[2026-04-01T04:56:24.946+0530] {logging_mixin.py:188} INFO - [2026-04-01T04:56:24.946+0530] {dag.py:3954} INFO - Setting next_dagrun for api_sales_pipeline to None, run_after=None
[2026-04-01T04:56:24.952+0530] {processor.py:183} INFO - Processing /Users/aswin/Documents/data-engineering-practice/ETL_Airflow_DBT/airflow/dags/api_sales_pipeline.py took 0.315 seconds
[2026-04-01T04:58:17.566+0530] {processor.py:161} INFO - Started process (PID=72323) to work on /Users/aswin/Documents/data-engineering-practice/ETL_Airflow_DBT/airflow/dags/api_sales_pipeline.py
[2026-04-01T04:58:17.567+0530] {processor.py:830} INFO - Processing file /Users/aswin/Documents/data-engineering-practice/ETL_Airflow_DBT/airflow/dags/api_sales_pipeline.py for tasks to queue
[2026-04-01T04:58:17.567+0530] {logging_mixin.py:188} INFO - [2026-04-01T04:58:17.567+0530] {dagbag.py:540} INFO - Filling up the DagBag from /Users/aswin/Documents/data-engineering-practice/ETL_Airflow_DBT/airflow/dags/api_sales_pipeline.py
[2026-04-01T04:58:17.870+0530] {logging_mixin.py:188} INFO - Data loaded into public.sales
[2026-04-01T04:58:17.871+0530] {processor.py:840} INFO - DAG(s) 'api_sales_pipeline' retrieved from /Users/aswin/Documents/data-engineering-practice/ETL_Airflow_DBT/airflow/dags/api_sales_pipeline.py
[2026-04-01T04:58:17.900+0530] {logging_mixin.py:188} INFO - [2026-04-01T04:58:17.900+0530] {dag.py:3096} INFO - Sync 1 DAGs
[2026-04-01T04:58:17.903+0530] {logging_mixin.py:188} INFO - [2026-04-01T04:58:17.903+0530] {dag.py:3954} INFO - Setting next_dagrun for api_sales_pipeline to None, run_after=None
[2026-04-01T04:58:17.908+0530] {processor.py:183} INFO - Processing /Users/aswin/Documents/data-engineering-practice/ETL_Airflow_DBT/airflow/dags/api_sales_pipeline.py took 0.344 seconds
[2026-04-01T05:00:12.728+0530] {processor.py:161} INFO - Started process (PID=72408) to work on /Users/aswin/Documents/data-engineering-practice/ETL_Airflow_DBT/airflow/dags/api_sales_pipeline.py
[2026-04-01T05:00:12.729+0530] {processor.py:830} INFO - Processing file /Users/aswin/Documents/data-engineering-practice/ETL_Airflow_DBT/airflow/dags/api_sales_pipeline.py for tasks to queue
[2026-04-01T05:00:12.729+0530] {logging_mixin.py:188} INFO - [2026-04-01T05:00:12.729+0530] {dagbag.py:540} INFO - Filling up the DagBag from /Users/aswin/Documents/data-engineering-practice/ETL_Airflow_DBT/airflow/dags/api_sales_pipeline.py
[2026-04-01T05:00:12.957+0530] {logging_mixin.py:188} INFO - Data loaded into public.sales
[2026-04-01T05:00:12.958+0530] {processor.py:840} INFO - DAG(s) 'api_sales_pipeline' retrieved from /Users/aswin/Documents/data-engineering-practice/ETL_Airflow_DBT/airflow/dags/api_sales_pipeline.py
[2026-04-01T05:00:12.987+0530] {logging_mixin.py:188} INFO - [2026-04-01T05:00:12.987+0530] {dag.py:3096} INFO - Sync 1 DAGs
[2026-04-01T05:00:12.990+0530] {logging_mixin.py:188} INFO - [2026-04-01T05:00:12.990+0530] {dag.py:3954} INFO - Setting next_dagrun for api_sales_pipeline to None, run_after=None
[2026-04-01T05:00:12.996+0530] {processor.py:183} INFO - Processing /Users/aswin/Documents/data-engineering-practice/ETL_Airflow_DBT/airflow/dags/api_sales_pipeline.py took 0.269 seconds
[2026-04-01T05:01:59.729+0530] {processor.py:161} INFO - Started process (PID=72485) to work on /Users/aswin/Documents/data-engineering-practice/ETL_Airflow_DBT/airflow/dags/api_sales_pipeline.py
[2026-04-01T05:01:59.729+0530] {processor.py:830} INFO - Processing file /Users/aswin/Documents/data-engineering-practice/ETL_Airflow_DBT/airflow/dags/api_sales_pipeline.py for tasks to queue
[2026-04-01T05:01:59.729+0530] {logging_mixin.py:188} INFO - [2026-04-01T05:01:59.729+0530] {dagbag.py:540} INFO - Filling up the DagBag from /Users/aswin/Documents/data-engineering-practice/ETL_Airflow_DBT/airflow/dags/api_sales_pipeline.py
[2026-04-01T05:01:59.964+0530] {logging_mixin.py:188} INFO - Data loaded into public.sales
[2026-04-01T05:01:59.966+0530] {processor.py:840} INFO - DAG(s) 'api_sales_pipeline' retrieved from /Users/aswin/Documents/data-engineering-practice/ETL_Airflow_DBT/airflow/dags/api_sales_pipeline.py
[2026-04-01T05:01:59.997+0530] {logging_mixin.py:188} INFO - [2026-04-01T05:01:59.996+0530] {dag.py:3096} INFO - Sync 1 DAGs
[2026-04-01T05:02:00.000+0530] {logging_mixin.py:188} INFO - [2026-04-01T05:02:00.000+0530] {dag.py:3954} INFO - Setting next_dagrun for api_sales_pipeline to None, run_after=None
[2026-04-01T05:02:00.006+0530] {processor.py:183} INFO - Processing /Users/aswin/Documents/data-engineering-practice/ETL_Airflow_DBT/airflow/dags/api_sales_pipeline.py took 0.279 seconds
[2026-04-01T05:04:01.326+0530] {processor.py:161} INFO - Started process (PID=72569) to work on /Users/aswin/Documents/data-engineering-practice/ETL_Airflow_DBT/airflow/dags/api_sales_pipeline.py
[2026-04-01T05:04:01.326+0530] {processor.py:830} INFO - Processing file /Users/aswin/Documents/data-engineering-practice/ETL_Airflow_DBT/airflow/dags/api_sales_pipeline.py for tasks to queue
[2026-04-01T05:04:01.327+0530] {logging_mixin.py:188} INFO - [2026-04-01T05:04:01.327+0530] {dagbag.py:540} INFO - Filling up the DagBag from /Users/aswin/Documents/data-engineering-practice/ETL_Airflow_DBT/airflow/dags/api_sales_pipeline.py
[2026-04-01T05:04:01.644+0530] {logging_mixin.py:188} INFO - Data loaded into public.sales
[2026-04-01T05:04:01.646+0530] {processor.py:840} INFO - DAG(s) 'api_sales_pipeline' retrieved from /Users/aswin/Documents/data-engineering-practice/ETL_Airflow_DBT/airflow/dags/api_sales_pipeline.py
[2026-04-01T05:04:01.675+0530] {logging_mixin.py:188} INFO - [2026-04-01T05:04:01.675+0530] {dag.py:3096} INFO - Sync 1 DAGs
[2026-04-01T05:04:01.678+0530] {logging_mixin.py:188} INFO - [2026-04-01T05:04:01.678+0530] {dag.py:3954} INFO - Setting next_dagrun for api_sales_pipeline to None, run_after=None
[2026-04-01T05:04:01.684+0530] {processor.py:183} INFO - Processing /Users/aswin/Documents/data-engineering-practice/ETL_Airflow_DBT/airflow/dags/api_sales_pipeline.py took 0.359 seconds
[2026-04-01T05:05:52.518+0530] {processor.py:161} INFO - Started process (PID=72657) to work on /Users/aswin/Documents/data-engineering-practice/ETL_Airflow_DBT/airflow/dags/api_sales_pipeline.py
[2026-04-01T05:05:52.519+0530] {processor.py:830} INFO - Processing file /Users/aswin/Documents/data-engineering-practice/ETL_Airflow_DBT/airflow/dags/api_sales_pipeline.py for tasks to queue
[2026-04-01T05:05:52.519+0530] {logging_mixin.py:188} INFO - [2026-04-01T05:05:52.519+0530] {dagbag.py:540} INFO - Filling up the DagBag from /Users/aswin/Documents/data-engineering-practice/ETL_Airflow_DBT/airflow/dags/api_sales_pipeline.py
[2026-04-01T05:05:52.841+0530] {logging_mixin.py:188} INFO - Data loaded into public.sales
[2026-04-01T05:05:52.843+0530] {processor.py:840} INFO - DAG(s) 'api_sales_pipeline' retrieved from /Users/aswin/Documents/data-engineering-practice/ETL_Airflow_DBT/airflow/dags/api_sales_pipeline.py
[2026-04-01T05:05:52.872+0530] {logging_mixin.py:188} INFO - [2026-04-01T05:05:52.872+0530] {dag.py:3096} INFO - Sync 1 DAGs
[2026-04-01T05:05:52.875+0530] {logging_mixin.py:188} INFO - [2026-04-01T05:05:52.875+0530] {dag.py:3954} INFO - Setting next_dagrun for api_sales_pipeline to None, run_after=None
[2026-04-01T05:05:52.881+0530] {processor.py:183} INFO - Processing /Users/aswin/Documents/data-engineering-practice/ETL_Airflow_DBT/airflow/dags/api_sales_pipeline.py took 0.364 seconds
[2026-04-01T05:20:01.052+0530] {processor.py:161} INFO - Started process (PID=72850) to work on /Users/aswin/Documents/data-engineering-practice/ETL_Airflow_DBT/airflow/dags/api_sales_pipeline.py
[2026-04-01T05:20:01.054+0530] {processor.py:830} INFO - Processing file /Users/aswin/Documents/data-engineering-practice/ETL_Airflow_DBT/airflow/dags/api_sales_pipeline.py for tasks to queue
[2026-04-01T05:20:01.054+0530] {logging_mixin.py:188} INFO - [2026-04-01T05:20:01.054+0530] {dagbag.py:540} INFO - Filling up the DagBag from /Users/aswin/Documents/data-engineering-practice/ETL_Airflow_DBT/airflow/dags/api_sales_pipeline.py
[2026-04-01T05:20:01.389+0530] {logging_mixin.py:188} INFO - Data loaded into public.sales
[2026-04-01T05:20:01.391+0530] {processor.py:840} INFO - DAG(s) 'api_sales_pipeline' retrieved from /Users/aswin/Documents/data-engineering-practice/ETL_Airflow_DBT/airflow/dags/api_sales_pipeline.py
[2026-04-01T05:20:01.421+0530] {logging_mixin.py:188} INFO - [2026-04-01T05:20:01.421+0530] {dag.py:3096} INFO - Sync 1 DAGs
[2026-04-01T05:20:01.425+0530] {logging_mixin.py:188} INFO - [2026-04-01T05:20:01.425+0530] {dag.py:3954} INFO - Setting next_dagrun for api_sales_pipeline to None, run_after=None
[2026-04-01T05:20:01.431+0530] {processor.py:183} INFO - Processing /Users/aswin/Documents/data-engineering-practice/ETL_Airflow_DBT/airflow/dags/api_sales_pipeline.py took 0.380 seconds
[2026-04-01T05:21:54.598+0530] {processor.py:161} INFO - Started process (PID=72942) to work on /Users/aswin/Documents/data-engineering-practice/ETL_Airflow_DBT/airflow/dags/api_sales_pipeline.py
[2026-04-01T05:21:54.599+0530] {processor.py:830} INFO - Processing file /Users/aswin/Documents/data-engineering-practice/ETL_Airflow_DBT/airflow/dags/api_sales_pipeline.py for tasks to queue
[2026-04-01T05:21:54.600+0530] {logging_mixin.py:188} INFO - [2026-04-01T05:21:54.600+0530] {dagbag.py:540} INFO - Filling up the DagBag from /Users/aswin/Documents/data-engineering-practice/ETL_Airflow_DBT/airflow/dags/api_sales_pipeline.py
[2026-04-01T05:21:54.918+0530] {logging_mixin.py:188} INFO - Data loaded into public.sales
[2026-04-01T05:21:54.920+0530] {processor.py:840} INFO - DAG(s) 'api_sales_pipeline' retrieved from /Users/aswin/Documents/data-engineering-practice/ETL_Airflow_DBT/airflow/dags/api_sales_pipeline.py
[2026-04-01T05:21:54.951+0530] {logging_mixin.py:188} INFO - [2026-04-01T05:21:54.951+0530] {dag.py:3096} INFO - Sync 1 DAGs
[2026-04-01T05:21:54.954+0530] {logging_mixin.py:188} INFO - [2026-04-01T05:21:54.954+0530] {dag.py:3954} INFO - Setting next_dagrun for api_sales_pipeline to None, run_after=None
[2026-04-01T05:21:54.961+0530] {processor.py:183} INFO - Processing /Users/aswin/Documents/data-engineering-practice/ETL_Airflow_DBT/airflow/dags/api_sales_pipeline.py took 0.364 seconds
[2026-04-01T05:23:46.847+0530] {processor.py:161} INFO - Started process (PID=73038) to work on /Users/aswin/Documents/data-engineering-practice/ETL_Airflow_DBT/airflow/dags/api_sales_pipeline.py
[2026-04-01T05:23:46.848+0530] {processor.py:830} INFO - Processing file /Users/aswin/Documents/data-engineering-practice/ETL_Airflow_DBT/airflow/dags/api_sales_pipeline.py for tasks to queue
[2026-04-01T05:23:46.849+0530] {logging_mixin.py:188} INFO - [2026-04-01T05:23:46.849+0530] {dagbag.py:540} INFO - Filling up the DagBag from /Users/aswin/Documents/data-engineering-practice/ETL_Airflow_DBT/airflow/dags/api_sales_pipeline.py
[2026-04-01T05:23:47.201+0530] {logging_mixin.py:188} INFO - Data loaded into public.sales
[2026-04-01T05:23:47.203+0530] {processor.py:840} INFO - DAG(s) 'api_sales_pipeline' retrieved from /Users/aswin/Documents/data-engineering-practice/ETL_Airflow_DBT/airflow/dags/api_sales_pipeline.py
[2026-04-01T05:23:47.235+0530] {logging_mixin.py:188} INFO - [2026-04-01T05:23:47.235+0530] {dag.py:3096} INFO - Sync 1 DAGs
[2026-04-01T05:23:47.239+0530] {logging_mixin.py:188} INFO - [2026-04-01T05:23:47.238+0530] {dag.py:3954} INFO - Setting next_dagrun for api_sales_pipeline to None, run_after=None
[2026-04-01T05:23:47.245+0530] {processor.py:183} INFO - Processing /Users/aswin/Documents/data-engineering-practice/ETL_Airflow_DBT/airflow/dags/api_sales_pipeline.py took 0.399 seconds
[2026-04-01T05:25:42.053+0530] {processor.py:161} INFO - Started process (PID=73124) to work on /Users/aswin/Documents/data-engineering-practice/ETL_Airflow_DBT/airflow/dags/api_sales_pipeline.py
[2026-04-01T05:25:42.054+0530] {processor.py:830} INFO - Processing file /Users/aswin/Documents/data-engineering-practice/ETL_Airflow_DBT/airflow/dags/api_sales_pipeline.py for tasks to queue
[2026-04-01T05:25:42.055+0530] {logging_mixin.py:188} INFO - [2026-04-01T05:25:42.055+0530] {dagbag.py:540} INFO - Filling up the DagBag from /Users/aswin/Documents/data-engineering-practice/ETL_Airflow_DBT/airflow/dags/api_sales_pipeline.py
[2026-04-01T05:25:42.413+0530] {logging_mixin.py:188} INFO - Data loaded into public.sales
[2026-04-01T05:25:42.415+0530] {processor.py:840} INFO - DAG(s) 'api_sales_pipeline' retrieved from /Users/aswin/Documents/data-engineering-practice/ETL_Airflow_DBT/airflow/dags/api_sales_pipeline.py
[2026-04-01T05:25:42.446+0530] {logging_mixin.py:188} INFO - [2026-04-01T05:25:42.446+0530] {dag.py:3096} INFO - Sync 1 DAGs
[2026-04-01T05:25:42.450+0530] {logging_mixin.py:188} INFO - [2026-04-01T05:25:42.450+0530] {dag.py:3954} INFO - Setting next_dagrun for api_sales_pipeline to None, run_after=None
[2026-04-01T05:25:42.457+0530] {processor.py:183} INFO - Processing /Users/aswin/Documents/data-engineering-practice/ETL_Airflow_DBT/airflow/dags/api_sales_pipeline.py took 0.404 seconds
[2026-04-01T05:27:33.442+0530] {processor.py:161} INFO - Started process (PID=73206) to work on /Users/aswin/Documents/data-engineering-practice/ETL_Airflow_DBT/airflow/dags/api_sales_pipeline.py
[2026-04-01T05:27:33.443+0530] {processor.py:830} INFO - Processing file /Users/aswin/Documents/data-engineering-practice/ETL_Airflow_DBT/airflow/dags/api_sales_pipeline.py for tasks to queue
[2026-04-01T05:27:33.443+0530] {logging_mixin.py:188} INFO - [2026-04-01T05:27:33.443+0530] {dagbag.py:540} INFO - Filling up the DagBag from /Users/aswin/Documents/data-engineering-practice/ETL_Airflow_DBT/airflow/dags/api_sales_pipeline.py
[2026-04-01T05:27:33.800+0530] {logging_mixin.py:188} INFO - Data loaded into public.sales
[2026-04-01T05:27:33.802+0530] {processor.py:840} INFO - DAG(s) 'api_sales_pipeline' retrieved from /Users/aswin/Documents/data-engineering-practice/ETL_Airflow_DBT/airflow/dags/api_sales_pipeline.py
[2026-04-01T05:27:33.833+0530] {logging_mixin.py:188} INFO - [2026-04-01T05:27:33.833+0530] {dag.py:3096} INFO - Sync 1 DAGs
[2026-04-01T05:27:33.836+0530] {logging_mixin.py:188} INFO - [2026-04-01T05:27:33.836+0530] {dag.py:3954} INFO - Setting next_dagrun for api_sales_pipeline to None, run_after=None
[2026-04-01T05:27:33.842+0530] {processor.py:183} INFO - Processing /Users/aswin/Documents/data-engineering-practice/ETL_Airflow_DBT/airflow/dags/api_sales_pipeline.py took 0.402 seconds
[2026-04-01T05:29:36.644+0530] {processor.py:161} INFO - Started process (PID=73305) to work on /Users/aswin/Documents/data-engineering-practice/ETL_Airflow_DBT/airflow/dags/api_sales_pipeline.py
[2026-04-01T05:29:36.645+0530] {processor.py:830} INFO - Processing file /Users/aswin/Documents/data-engineering-practice/ETL_Airflow_DBT/airflow/dags/api_sales_pipeline.py for tasks to queue
[2026-04-01T05:29:36.645+0530] {logging_mixin.py:188} INFO - [2026-04-01T05:29:36.645+0530] {dagbag.py:540} INFO - Filling up the DagBag from /Users/aswin/Documents/data-engineering-practice/ETL_Airflow_DBT/airflow/dags/api_sales_pipeline.py
[2026-04-01T05:29:36.981+0530] {logging_mixin.py:188} INFO - Data loaded into public.sales
[2026-04-01T05:29:36.983+0530] {processor.py:840} INFO - DAG(s) 'api_sales_pipeline' retrieved from /Users/aswin/Documents/data-engineering-practice/ETL_Airflow_DBT/airflow/dags/api_sales_pipeline.py
[2026-04-01T05:29:37.016+0530] {logging_mixin.py:188} INFO - [2026-04-01T05:29:37.016+0530] {dag.py:3096} INFO - Sync 1 DAGs
[2026-04-01T05:29:37.019+0530] {logging_mixin.py:188} INFO - [2026-04-01T05:29:37.019+0530] {dag.py:3954} INFO - Setting next_dagrun for api_sales_pipeline to None, run_after=None
[2026-04-01T05:29:37.026+0530] {processor.py:183} INFO - Processing /Users/aswin/Documents/data-engineering-practice/ETL_Airflow_DBT/airflow/dags/api_sales_pipeline.py took 0.383 seconds
