[2026-04-01T04:48:36.201+0530] {processor.py:161} INFO - Started process (PID=71736) to work on /Users/aswin/Documents/data-engineering-practice/ETL_Airflow_DBT/airflow/airflow_env/lib/python3.11/site-packages/airflow/example_dags/example_short_circuit_operator.py
[2026-04-01T04:48:36.201+0530] {processor.py:830} INFO - Processing file /Users/aswin/Documents/data-engineering-practice/ETL_Airflow_DBT/airflow/airflow_env/lib/python3.11/site-packages/airflow/example_dags/example_short_circuit_operator.py for tasks to queue
[2026-04-01T04:48:36.201+0530] {logging_mixin.py:188} INFO - [2026-04-01T04:48:36.201+0530] {dagbag.py:540} INFO - Filling up the DagBag from /Users/aswin/Documents/data-engineering-practice/ETL_Airflow_DBT/airflow/airflow_env/lib/python3.11/site-packages/airflow/example_dags/example_short_circuit_operator.py
[2026-04-01T04:48:36.214+0530] {processor.py:840} INFO - DAG(s) 'example_short_circuit_operator' retrieved from /Users/aswin/Documents/data-engineering-practice/ETL_Airflow_DBT/airflow/airflow_env/lib/python3.11/site-packages/airflow/example_dags/example_short_circuit_operator.py
[2026-04-01T04:48:36.274+0530] {logging_mixin.py:188} INFO - [2026-04-01T04:48:36.273+0530] {override.py:1829} INFO - Created Permission View: can edit on DAG:example_short_circuit_operator
[2026-04-01T04:48:36.276+0530] {logging_mixin.py:188} INFO - [2026-04-01T04:48:36.276+0530] {override.py:1829} INFO - Created Permission View: can read on DAG:example_short_circuit_operator
[2026-04-01T04:48:36.278+0530] {logging_mixin.py:188} INFO - [2026-04-01T04:48:36.278+0530] {override.py:1829} INFO - Created Permission View: can delete on DAG:example_short_circuit_operator
[2026-04-01T04:48:36.278+0530] {logging_mixin.py:188} INFO - [2026-04-01T04:48:36.278+0530] {dag.py:3096} INFO - Sync 1 DAGs
[2026-04-01T04:48:36.282+0530] {logging_mixin.py:188} INFO - [2026-04-01T04:48:36.282+0530] {dag.py:3118} INFO - Creating ORM DAG for example_short_circuit_operator
[2026-04-01T04:48:36.306+0530] {logging_mixin.py:188} INFO - [2026-04-01T04:48:36.306+0530] {dag.py:3954} INFO - Setting next_dagrun for example_short_circuit_operator to 2026-03-30 00:00:00+00:00, run_after=2026-03-31 00:00:00+00:00
[2026-04-01T04:48:36.313+0530] {processor.py:183} INFO - Processing /Users/aswin/Documents/data-engineering-practice/ETL_Airflow_DBT/airflow/airflow_env/lib/python3.11/site-packages/airflow/example_dags/example_short_circuit_operator.py took 0.113 seconds
[2026-04-01T04:50:05.383+0530] {processor.py:161} INFO - Started process (PID=71800) to work on /Users/aswin/Documents/data-engineering-practice/ETL_Airflow_DBT/airflow/airflow_env/lib/python3.11/site-packages/airflow/example_dags/example_short_circuit_operator.py
[2026-04-01T04:50:05.384+0530] {processor.py:830} INFO - Processing file /Users/aswin/Documents/data-engineering-practice/ETL_Airflow_DBT/airflow/airflow_env/lib/python3.11/site-packages/airflow/example_dags/example_short_circuit_operator.py for tasks to queue
[2026-04-01T04:50:05.384+0530] {logging_mixin.py:188} INFO - [2026-04-01T04:50:05.384+0530] {dagbag.py:540} INFO - Filling up the DagBag from /Users/aswin/Documents/data-engineering-practice/ETL_Airflow_DBT/airflow/airflow_env/lib/python3.11/site-packages/airflow/example_dags/example_short_circuit_operator.py
[2026-04-01T04:50:05.395+0530] {processor.py:840} INFO - DAG(s) 'example_short_circuit_operator' retrieved from /Users/aswin/Documents/data-engineering-practice/ETL_Airflow_DBT/airflow/airflow_env/lib/python3.11/site-packages/airflow/example_dags/example_short_circuit_operator.py
[2026-04-01T04:50:05.427+0530] {logging_mixin.py:188} INFO - [2026-04-01T04:50:05.427+0530] {dag.py:3096} INFO - Sync 1 DAGs
[2026-04-01T04:50:05.432+0530] {logging_mixin.py:188} INFO - [2026-04-01T04:50:05.431+0530] {dag.py:3954} INFO - Setting next_dagrun for example_short_circuit_operator to 2026-03-30 00:00:00+00:00, run_after=2026-03-31 00:00:00+00:00
[2026-04-01T04:50:05.438+0530] {processor.py:183} INFO - Processing /Users/aswin/Documents/data-engineering-practice/ETL_Airflow_DBT/airflow/airflow_env/lib/python3.11/site-packages/airflow/example_dags/example_short_circuit_operator.py took 0.056 seconds
[2026-04-01T04:51:52.680+0530] {processor.py:161} INFO - Started process (PID=71886) to work on /Users/aswin/Documents/data-engineering-practice/ETL_Airflow_DBT/airflow/airflow_env/lib/python3.11/site-packages/airflow/example_dags/example_short_circuit_operator.py
[2026-04-01T04:51:52.681+0530] {processor.py:830} INFO - Processing file /Users/aswin/Documents/data-engineering-practice/ETL_Airflow_DBT/airflow/airflow_env/lib/python3.11/site-packages/airflow/example_dags/example_short_circuit_operator.py for tasks to queue
[2026-04-01T04:51:52.681+0530] {logging_mixin.py:188} INFO - [2026-04-01T04:51:52.681+0530] {dagbag.py:540} INFO - Filling up the DagBag from /Users/aswin/Documents/data-engineering-practice/ETL_Airflow_DBT/airflow/airflow_env/lib/python3.11/site-packages/airflow/example_dags/example_short_circuit_operator.py
[2026-04-01T04:51:52.693+0530] {processor.py:840} INFO - DAG(s) 'example_short_circuit_operator' retrieved from /Users/aswin/Documents/data-engineering-practice/ETL_Airflow_DBT/airflow/airflow_env/lib/python3.11/site-packages/airflow/example_dags/example_short_circuit_operator.py
[2026-04-01T04:51:52.723+0530] {logging_mixin.py:188} INFO - [2026-04-01T04:51:52.723+0530] {dag.py:3096} INFO - Sync 1 DAGs
[2026-04-01T04:51:52.728+0530] {logging_mixin.py:188} INFO - [2026-04-01T04:51:52.727+0530] {dag.py:3954} INFO - Setting next_dagrun for example_short_circuit_operator to 2026-03-30 00:00:00+00:00, run_after=2026-03-31 00:00:00+00:00
[2026-04-01T04:51:52.733+0530] {processor.py:183} INFO - Processing /Users/aswin/Documents/data-engineering-practice/ETL_Airflow_DBT/airflow/airflow_env/lib/python3.11/site-packages/airflow/example_dags/example_short_circuit_operator.py took 0.054 seconds
[2026-04-01T04:53:36.653+0530] {processor.py:161} INFO - Started process (PID=71965) to work on /Users/aswin/Documents/data-engineering-practice/ETL_Airflow_DBT/airflow/airflow_env/lib/python3.11/site-packages/airflow/example_dags/example_short_circuit_operator.py
[2026-04-01T04:53:36.654+0530] {processor.py:830} INFO - Processing file /Users/aswin/Documents/data-engineering-practice/ETL_Airflow_DBT/airflow/airflow_env/lib/python3.11/site-packages/airflow/example_dags/example_short_circuit_operator.py for tasks to queue
[2026-04-01T04:53:36.654+0530] {logging_mixin.py:188} INFO - [2026-04-01T04:53:36.654+0530] {dagbag.py:540} INFO - Filling up the DagBag from /Users/aswin/Documents/data-engineering-practice/ETL_Airflow_DBT/airflow/airflow_env/lib/python3.11/site-packages/airflow/example_dags/example_short_circuit_operator.py
[2026-04-01T04:53:36.666+0530] {processor.py:840} INFO - DAG(s) 'example_short_circuit_operator' retrieved from /Users/aswin/Documents/data-engineering-practice/ETL_Airflow_DBT/airflow/airflow_env/lib/python3.11/site-packages/airflow/example_dags/example_short_circuit_operator.py
[2026-04-01T04:53:36.695+0530] {logging_mixin.py:188} INFO - [2026-04-01T04:53:36.695+0530] {dag.py:3096} INFO - Sync 1 DAGs
[2026-04-01T04:53:36.700+0530] {logging_mixin.py:188} INFO - [2026-04-01T04:53:36.700+0530] {dag.py:3954} INFO - Setting next_dagrun for example_short_circuit_operator to 2026-03-30 00:00:00+00:00, run_after=2026-03-31 00:00:00+00:00
[2026-04-01T04:53:36.706+0530] {processor.py:183} INFO - Processing /Users/aswin/Documents/data-engineering-practice/ETL_Airflow_DBT/airflow/airflow_env/lib/python3.11/site-packages/airflow/example_dags/example_short_circuit_operator.py took 0.054 seconds
[2026-04-01T04:55:17.077+0530] {processor.py:161} INFO - Started process (PID=72042) to work on /Users/aswin/Documents/data-engineering-practice/ETL_Airflow_DBT/airflow/airflow_env/lib/python3.11/site-packages/airflow/example_dags/example_short_circuit_operator.py
[2026-04-01T04:55:17.078+0530] {processor.py:830} INFO - Processing file /Users/aswin/Documents/data-engineering-practice/ETL_Airflow_DBT/airflow/airflow_env/lib/python3.11/site-packages/airflow/example_dags/example_short_circuit_operator.py for tasks to queue
[2026-04-01T04:55:17.078+0530] {logging_mixin.py:188} INFO - [2026-04-01T04:55:17.078+0530] {dagbag.py:540} INFO - Filling up the DagBag from /Users/aswin/Documents/data-engineering-practice/ETL_Airflow_DBT/airflow/airflow_env/lib/python3.11/site-packages/airflow/example_dags/example_short_circuit_operator.py
[2026-04-01T04:55:17.090+0530] {processor.py:840} INFO - DAG(s) 'example_short_circuit_operator' retrieved from /Users/aswin/Documents/data-engineering-practice/ETL_Airflow_DBT/airflow/airflow_env/lib/python3.11/site-packages/airflow/example_dags/example_short_circuit_operator.py
[2026-04-01T04:55:17.121+0530] {logging_mixin.py:188} INFO - [2026-04-01T04:55:17.121+0530] {dag.py:3096} INFO - Sync 1 DAGs
[2026-04-01T04:55:17.126+0530] {logging_mixin.py:188} INFO - [2026-04-01T04:55:17.126+0530] {dag.py:3954} INFO - Setting next_dagrun for example_short_circuit_operator to 2026-03-30 00:00:00+00:00, run_after=2026-03-31 00:00:00+00:00
[2026-04-01T04:55:17.132+0530] {processor.py:183} INFO - Processing /Users/aswin/Documents/data-engineering-practice/ETL_Airflow_DBT/airflow/airflow_env/lib/python3.11/site-packages/airflow/example_dags/example_short_circuit_operator.py took 0.056 seconds
[2026-04-01T04:57:04.655+0530] {processor.py:161} INFO - Started process (PID=72131) to work on /Users/aswin/Documents/data-engineering-practice/ETL_Airflow_DBT/airflow/airflow_env/lib/python3.11/site-packages/airflow/example_dags/example_short_circuit_operator.py
[2026-04-01T04:57:04.656+0530] {processor.py:830} INFO - Processing file /Users/aswin/Documents/data-engineering-practice/ETL_Airflow_DBT/airflow/airflow_env/lib/python3.11/site-packages/airflow/example_dags/example_short_circuit_operator.py for tasks to queue
[2026-04-01T04:57:04.656+0530] {logging_mixin.py:188} INFO - [2026-04-01T04:57:04.656+0530] {dagbag.py:540} INFO - Filling up the DagBag from /Users/aswin/Documents/data-engineering-practice/ETL_Airflow_DBT/airflow/airflow_env/lib/python3.11/site-packages/airflow/example_dags/example_short_circuit_operator.py
[2026-04-01T04:57:04.668+0530] {processor.py:840} INFO - DAG(s) 'example_short_circuit_operator' retrieved from /Users/aswin/Documents/data-engineering-practice/ETL_Airflow_DBT/airflow/airflow_env/lib/python3.11/site-packages/airflow/example_dags/example_short_circuit_operator.py
[2026-04-01T04:57:04.698+0530] {logging_mixin.py:188} INFO - [2026-04-01T04:57:04.698+0530] {dag.py:3096} INFO - Sync 1 DAGs
[2026-04-01T04:57:04.702+0530] {logging_mixin.py:188} INFO - [2026-04-01T04:57:04.702+0530] {dag.py:3954} INFO - Setting next_dagrun for example_short_circuit_operator to 2026-03-30 00:00:00+00:00, run_after=2026-03-31 00:00:00+00:00
[2026-04-01T04:57:04.708+0530] {processor.py:183} INFO - Processing /Users/aswin/Documents/data-engineering-practice/ETL_Airflow_DBT/airflow/airflow_env/lib/python3.11/site-packages/airflow/example_dags/example_short_circuit_operator.py took 0.054 seconds
[2026-04-01T04:58:55.164+0530] {processor.py:161} INFO - Started process (PID=72350) to work on /Users/aswin/Documents/data-engineering-practice/ETL_Airflow_DBT/airflow/airflow_env/lib/python3.11/site-packages/airflow/example_dags/example_short_circuit_operator.py
[2026-04-01T04:58:55.165+0530] {processor.py:830} INFO - Processing file /Users/aswin/Documents/data-engineering-practice/ETL_Airflow_DBT/airflow/airflow_env/lib/python3.11/site-packages/airflow/example_dags/example_short_circuit_operator.py for tasks to queue
[2026-04-01T04:58:55.165+0530] {logging_mixin.py:188} INFO - [2026-04-01T04:58:55.165+0530] {dagbag.py:540} INFO - Filling up the DagBag from /Users/aswin/Documents/data-engineering-practice/ETL_Airflow_DBT/airflow/airflow_env/lib/python3.11/site-packages/airflow/example_dags/example_short_circuit_operator.py
[2026-04-01T04:58:55.176+0530] {processor.py:840} INFO - DAG(s) 'example_short_circuit_operator' retrieved from /Users/aswin/Documents/data-engineering-practice/ETL_Airflow_DBT/airflow/airflow_env/lib/python3.11/site-packages/airflow/example_dags/example_short_circuit_operator.py
[2026-04-01T04:58:55.205+0530] {logging_mixin.py:188} INFO - [2026-04-01T04:58:55.205+0530] {dag.py:3096} INFO - Sync 1 DAGs
[2026-04-01T04:58:55.210+0530] {logging_mixin.py:188} INFO - [2026-04-01T04:58:55.210+0530] {dag.py:3954} INFO - Setting next_dagrun for example_short_circuit_operator to 2026-03-30 00:00:00+00:00, run_after=2026-03-31 00:00:00+00:00
[2026-04-01T04:58:55.216+0530] {processor.py:183} INFO - Processing /Users/aswin/Documents/data-engineering-practice/ETL_Airflow_DBT/airflow/airflow_env/lib/python3.11/site-packages/airflow/example_dags/example_short_circuit_operator.py took 0.053 seconds
[2026-04-01T05:00:47.559+0530] {processor.py:161} INFO - Started process (PID=72435) to work on /Users/aswin/Documents/data-engineering-practice/ETL_Airflow_DBT/airflow/airflow_env/lib/python3.11/site-packages/airflow/example_dags/example_short_circuit_operator.py
[2026-04-01T05:00:47.559+0530] {processor.py:830} INFO - Processing file /Users/aswin/Documents/data-engineering-practice/ETL_Airflow_DBT/airflow/airflow_env/lib/python3.11/site-packages/airflow/example_dags/example_short_circuit_operator.py for tasks to queue
[2026-04-01T05:00:47.560+0530] {logging_mixin.py:188} INFO - [2026-04-01T05:00:47.560+0530] {dagbag.py:540} INFO - Filling up the DagBag from /Users/aswin/Documents/data-engineering-practice/ETL_Airflow_DBT/airflow/airflow_env/lib/python3.11/site-packages/airflow/example_dags/example_short_circuit_operator.py
[2026-04-01T05:00:47.572+0530] {processor.py:840} INFO - DAG(s) 'example_short_circuit_operator' retrieved from /Users/aswin/Documents/data-engineering-practice/ETL_Airflow_DBT/airflow/airflow_env/lib/python3.11/site-packages/airflow/example_dags/example_short_circuit_operator.py
[2026-04-01T05:00:47.601+0530] {logging_mixin.py:188} INFO - [2026-04-01T05:00:47.601+0530] {dag.py:3096} INFO - Sync 1 DAGs
[2026-04-01T05:00:47.606+0530] {logging_mixin.py:188} INFO - [2026-04-01T05:00:47.606+0530] {dag.py:3954} INFO - Setting next_dagrun for example_short_circuit_operator to 2026-03-30 00:00:00+00:00, run_after=2026-03-31 00:00:00+00:00
[2026-04-01T05:00:47.612+0530] {processor.py:183} INFO - Processing /Users/aswin/Documents/data-engineering-practice/ETL_Airflow_DBT/airflow/airflow_env/lib/python3.11/site-packages/airflow/example_dags/example_short_circuit_operator.py took 0.054 seconds
[2026-04-01T05:02:39.210+0530] {processor.py:161} INFO - Started process (PID=72513) to work on /Users/aswin/Documents/data-engineering-practice/ETL_Airflow_DBT/airflow/airflow_env/lib/python3.11/site-packages/airflow/example_dags/example_short_circuit_operator.py
[2026-04-01T05:02:39.211+0530] {processor.py:830} INFO - Processing file /Users/aswin/Documents/data-engineering-practice/ETL_Airflow_DBT/airflow/airflow_env/lib/python3.11/site-packages/airflow/example_dags/example_short_circuit_operator.py for tasks to queue
[2026-04-01T05:02:39.211+0530] {logging_mixin.py:188} INFO - [2026-04-01T05:02:39.211+0530] {dagbag.py:540} INFO - Filling up the DagBag from /Users/aswin/Documents/data-engineering-practice/ETL_Airflow_DBT/airflow/airflow_env/lib/python3.11/site-packages/airflow/example_dags/example_short_circuit_operator.py
[2026-04-01T05:02:39.224+0530] {processor.py:840} INFO - DAG(s) 'example_short_circuit_operator' retrieved from /Users/aswin/Documents/data-engineering-practice/ETL_Airflow_DBT/airflow/airflow_env/lib/python3.11/site-packages/airflow/example_dags/example_short_circuit_operator.py
[2026-04-01T05:02:39.257+0530] {logging_mixin.py:188} INFO - [2026-04-01T05:02:39.257+0530] {dag.py:3096} INFO - Sync 1 DAGs
[2026-04-01T05:02:39.262+0530] {logging_mixin.py:188} INFO - [2026-04-01T05:02:39.262+0530] {dag.py:3954} INFO - Setting next_dagrun for example_short_circuit_operator to 2026-03-30 00:00:00+00:00, run_after=2026-03-31 00:00:00+00:00
[2026-04-01T05:02:39.268+0530] {processor.py:183} INFO - Processing /Users/aswin/Documents/data-engineering-practice/ETL_Airflow_DBT/airflow/airflow_env/lib/python3.11/site-packages/airflow/example_dags/example_short_circuit_operator.py took 0.059 seconds
[2026-04-01T05:04:38.550+0530] {processor.py:161} INFO - Started process (PID=72599) to work on /Users/aswin/Documents/data-engineering-practice/ETL_Airflow_DBT/airflow/airflow_env/lib/python3.11/site-packages/airflow/example_dags/example_short_circuit_operator.py
[2026-04-01T05:04:38.550+0530] {processor.py:830} INFO - Processing file /Users/aswin/Documents/data-engineering-practice/ETL_Airflow_DBT/airflow/airflow_env/lib/python3.11/site-packages/airflow/example_dags/example_short_circuit_operator.py for tasks to queue
[2026-04-01T05:04:38.551+0530] {logging_mixin.py:188} INFO - [2026-04-01T05:04:38.550+0530] {dagbag.py:540} INFO - Filling up the DagBag from /Users/aswin/Documents/data-engineering-practice/ETL_Airflow_DBT/airflow/airflow_env/lib/python3.11/site-packages/airflow/example_dags/example_short_circuit_operator.py
[2026-04-01T05:04:38.563+0530] {processor.py:840} INFO - DAG(s) 'example_short_circuit_operator' retrieved from /Users/aswin/Documents/data-engineering-practice/ETL_Airflow_DBT/airflow/airflow_env/lib/python3.11/site-packages/airflow/example_dags/example_short_circuit_operator.py
[2026-04-01T05:04:38.593+0530] {logging_mixin.py:188} INFO - [2026-04-01T05:04:38.593+0530] {dag.py:3096} INFO - Sync 1 DAGs
[2026-04-01T05:04:38.598+0530] {logging_mixin.py:188} INFO - [2026-04-01T05:04:38.598+0530] {dag.py:3954} INFO - Setting next_dagrun for example_short_circuit_operator to 2026-03-30 00:00:00+00:00, run_after=2026-03-31 00:00:00+00:00
[2026-04-01T05:04:38.604+0530] {processor.py:183} INFO - Processing /Users/aswin/Documents/data-engineering-practice/ETL_Airflow_DBT/airflow/airflow_env/lib/python3.11/site-packages/airflow/example_dags/example_short_circuit_operator.py took 0.056 seconds
[2026-04-01T05:06:25.524+0530] {processor.py:161} INFO - Started process (PID=72689) to work on /Users/aswin/Documents/data-engineering-practice/ETL_Airflow_DBT/airflow/airflow_env/lib/python3.11/site-packages/airflow/example_dags/example_short_circuit_operator.py
[2026-04-01T05:06:25.525+0530] {processor.py:830} INFO - Processing file /Users/aswin/Documents/data-engineering-practice/ETL_Airflow_DBT/airflow/airflow_env/lib/python3.11/site-packages/airflow/example_dags/example_short_circuit_operator.py for tasks to queue
[2026-04-01T05:06:25.526+0530] {logging_mixin.py:188} INFO - [2026-04-01T05:06:25.526+0530] {dagbag.py:540} INFO - Filling up the DagBag from /Users/aswin/Documents/data-engineering-practice/ETL_Airflow_DBT/airflow/airflow_env/lib/python3.11/site-packages/airflow/example_dags/example_short_circuit_operator.py
[2026-04-01T05:06:25.538+0530] {processor.py:840} INFO - DAG(s) 'example_short_circuit_operator' retrieved from /Users/aswin/Documents/data-engineering-practice/ETL_Airflow_DBT/airflow/airflow_env/lib/python3.11/site-packages/airflow/example_dags/example_short_circuit_operator.py
[2026-04-01T05:06:25.572+0530] {logging_mixin.py:188} INFO - [2026-04-01T05:06:25.572+0530] {dag.py:3096} INFO - Sync 1 DAGs
[2026-04-01T05:06:25.577+0530] {logging_mixin.py:188} INFO - [2026-04-01T05:06:25.577+0530] {dag.py:3954} INFO - Setting next_dagrun for example_short_circuit_operator to 2026-03-30 00:00:00+00:00, run_after=2026-03-31 00:00:00+00:00
[2026-04-01T05:06:25.584+0530] {processor.py:183} INFO - Processing /Users/aswin/Documents/data-engineering-practice/ETL_Airflow_DBT/airflow/airflow_env/lib/python3.11/site-packages/airflow/example_dags/example_short_circuit_operator.py took 0.061 seconds
[2026-04-01T05:19:08.319+0530] {processor.py:161} INFO - Started process (PID=72814) to work on /Users/aswin/Documents/data-engineering-practice/ETL_Airflow_DBT/airflow/airflow_env/lib/python3.11/site-packages/airflow/example_dags/example_short_circuit_operator.py
[2026-04-01T05:19:08.320+0530] {processor.py:830} INFO - Processing file /Users/aswin/Documents/data-engineering-practice/ETL_Airflow_DBT/airflow/airflow_env/lib/python3.11/site-packages/airflow/example_dags/example_short_circuit_operator.py for tasks to queue
[2026-04-01T05:19:08.321+0530] {logging_mixin.py:188} INFO - [2026-04-01T05:19:08.321+0530] {dagbag.py:540} INFO - Filling up the DagBag from /Users/aswin/Documents/data-engineering-practice/ETL_Airflow_DBT/airflow/airflow_env/lib/python3.11/site-packages/airflow/example_dags/example_short_circuit_operator.py
[2026-04-01T05:19:08.333+0530] {processor.py:840} INFO - DAG(s) 'example_short_circuit_operator' retrieved from /Users/aswin/Documents/data-engineering-practice/ETL_Airflow_DBT/airflow/airflow_env/lib/python3.11/site-packages/airflow/example_dags/example_short_circuit_operator.py
[2026-04-01T05:19:08.363+0530] {logging_mixin.py:188} INFO - [2026-04-01T05:19:08.363+0530] {dag.py:3096} INFO - Sync 1 DAGs
[2026-04-01T05:19:08.368+0530] {logging_mixin.py:188} INFO - [2026-04-01T05:19:08.368+0530] {dag.py:3954} INFO - Setting next_dagrun for example_short_circuit_operator to 2026-03-30 00:00:00+00:00, run_after=2026-03-31 00:00:00+00:00
[2026-04-01T05:19:08.374+0530] {processor.py:183} INFO - Processing /Users/aswin/Documents/data-engineering-practice/ETL_Airflow_DBT/airflow/airflow_env/lib/python3.11/site-packages/airflow/example_dags/example_short_circuit_operator.py took 0.056 seconds
[2026-04-01T05:20:38.395+0530] {processor.py:161} INFO - Started process (PID=72883) to work on /Users/aswin/Documents/data-engineering-practice/ETL_Airflow_DBT/airflow/airflow_env/lib/python3.11/site-packages/airflow/example_dags/example_short_circuit_operator.py
[2026-04-01T05:20:38.396+0530] {processor.py:830} INFO - Processing file /Users/aswin/Documents/data-engineering-practice/ETL_Airflow_DBT/airflow/airflow_env/lib/python3.11/site-packages/airflow/example_dags/example_short_circuit_operator.py for tasks to queue
[2026-04-01T05:20:38.396+0530] {logging_mixin.py:188} INFO - [2026-04-01T05:20:38.396+0530] {dagbag.py:540} INFO - Filling up the DagBag from /Users/aswin/Documents/data-engineering-practice/ETL_Airflow_DBT/airflow/airflow_env/lib/python3.11/site-packages/airflow/example_dags/example_short_circuit_operator.py
[2026-04-01T05:20:38.408+0530] {processor.py:840} INFO - DAG(s) 'example_short_circuit_operator' retrieved from /Users/aswin/Documents/data-engineering-practice/ETL_Airflow_DBT/airflow/airflow_env/lib/python3.11/site-packages/airflow/example_dags/example_short_circuit_operator.py
[2026-04-01T05:20:38.440+0530] {logging_mixin.py:188} INFO - [2026-04-01T05:20:38.440+0530] {dag.py:3096} INFO - Sync 1 DAGs
[2026-04-01T05:20:38.446+0530] {logging_mixin.py:188} INFO - [2026-04-01T05:20:38.446+0530] {dag.py:3954} INFO - Setting next_dagrun for example_short_circuit_operator to 2026-03-30 00:00:00+00:00, run_after=2026-03-31 00:00:00+00:00
[2026-04-01T05:20:38.453+0530] {processor.py:183} INFO - Processing /Users/aswin/Documents/data-engineering-practice/ETL_Airflow_DBT/airflow/airflow_env/lib/python3.11/site-packages/airflow/example_dags/example_short_circuit_operator.py took 0.059 seconds
[2026-04-01T05:22:26.245+0530] {processor.py:161} INFO - Started process (PID=72973) to work on /Users/aswin/Documents/data-engineering-practice/ETL_Airflow_DBT/airflow/airflow_env/lib/python3.11/site-packages/airflow/example_dags/example_short_circuit_operator.py
[2026-04-01T05:22:26.246+0530] {processor.py:830} INFO - Processing file /Users/aswin/Documents/data-engineering-practice/ETL_Airflow_DBT/airflow/airflow_env/lib/python3.11/site-packages/airflow/example_dags/example_short_circuit_operator.py for tasks to queue
[2026-04-01T05:22:26.246+0530] {logging_mixin.py:188} INFO - [2026-04-01T05:22:26.246+0530] {dagbag.py:540} INFO - Filling up the DagBag from /Users/aswin/Documents/data-engineering-practice/ETL_Airflow_DBT/airflow/airflow_env/lib/python3.11/site-packages/airflow/example_dags/example_short_circuit_operator.py
[2026-04-01T05:22:26.258+0530] {processor.py:840} INFO - DAG(s) 'example_short_circuit_operator' retrieved from /Users/aswin/Documents/data-engineering-practice/ETL_Airflow_DBT/airflow/airflow_env/lib/python3.11/site-packages/airflow/example_dags/example_short_circuit_operator.py
[2026-04-01T05:22:26.287+0530] {logging_mixin.py:188} INFO - [2026-04-01T05:22:26.287+0530] {dag.py:3096} INFO - Sync 1 DAGs
[2026-04-01T05:22:26.292+0530] {logging_mixin.py:188} INFO - [2026-04-01T05:22:26.292+0530] {dag.py:3954} INFO - Setting next_dagrun for example_short_circuit_operator to 2026-03-30 00:00:00+00:00, run_after=2026-03-31 00:00:00+00:00
[2026-04-01T05:22:26.299+0530] {processor.py:183} INFO - Processing /Users/aswin/Documents/data-engineering-practice/ETL_Airflow_DBT/airflow/airflow_env/lib/python3.11/site-packages/airflow/example_dags/example_short_circuit_operator.py took 0.055 seconds
[2026-04-01T05:24:25.129+0530] {processor.py:161} INFO - Started process (PID=73065) to work on /Users/aswin/Documents/data-engineering-practice/ETL_Airflow_DBT/airflow/airflow_env/lib/python3.11/site-packages/airflow/example_dags/example_short_circuit_operator.py
[2026-04-01T05:24:25.130+0530] {processor.py:830} INFO - Processing file /Users/aswin/Documents/data-engineering-practice/ETL_Airflow_DBT/airflow/airflow_env/lib/python3.11/site-packages/airflow/example_dags/example_short_circuit_operator.py for tasks to queue
[2026-04-01T05:24:25.130+0530] {logging_mixin.py:188} INFO - [2026-04-01T05:24:25.130+0530] {dagbag.py:540} INFO - Filling up the DagBag from /Users/aswin/Documents/data-engineering-practice/ETL_Airflow_DBT/airflow/airflow_env/lib/python3.11/site-packages/airflow/example_dags/example_short_circuit_operator.py
[2026-04-01T05:24:25.143+0530] {processor.py:840} INFO - DAG(s) 'example_short_circuit_operator' retrieved from /Users/aswin/Documents/data-engineering-practice/ETL_Airflow_DBT/airflow/airflow_env/lib/python3.11/site-packages/airflow/example_dags/example_short_circuit_operator.py
[2026-04-01T05:24:25.174+0530] {logging_mixin.py:188} INFO - [2026-04-01T05:24:25.174+0530] {dag.py:3096} INFO - Sync 1 DAGs
[2026-04-01T05:24:25.179+0530] {logging_mixin.py:188} INFO - [2026-04-01T05:24:25.179+0530] {dag.py:3954} INFO - Setting next_dagrun for example_short_circuit_operator to 2026-03-30 00:00:00+00:00, run_after=2026-03-31 00:00:00+00:00
[2026-04-01T05:24:25.185+0530] {processor.py:183} INFO - Processing /Users/aswin/Documents/data-engineering-practice/ETL_Airflow_DBT/airflow/airflow_env/lib/python3.11/site-packages/airflow/example_dags/example_short_circuit_operator.py took 0.058 seconds
[2026-04-01T05:26:18.676+0530] {processor.py:161} INFO - Started process (PID=73151) to work on /Users/aswin/Documents/data-engineering-practice/ETL_Airflow_DBT/airflow/airflow_env/lib/python3.11/site-packages/airflow/example_dags/example_short_circuit_operator.py
[2026-04-01T05:26:18.678+0530] {processor.py:830} INFO - Processing file /Users/aswin/Documents/data-engineering-practice/ETL_Airflow_DBT/airflow/airflow_env/lib/python3.11/site-packages/airflow/example_dags/example_short_circuit_operator.py for tasks to queue
[2026-04-01T05:26:18.678+0530] {logging_mixin.py:188} INFO - [2026-04-01T05:26:18.678+0530] {dagbag.py:540} INFO - Filling up the DagBag from /Users/aswin/Documents/data-engineering-practice/ETL_Airflow_DBT/airflow/airflow_env/lib/python3.11/site-packages/airflow/example_dags/example_short_circuit_operator.py
[2026-04-01T05:26:18.689+0530] {processor.py:840} INFO - DAG(s) 'example_short_circuit_operator' retrieved from /Users/aswin/Documents/data-engineering-practice/ETL_Airflow_DBT/airflow/airflow_env/lib/python3.11/site-packages/airflow/example_dags/example_short_circuit_operator.py
[2026-04-01T05:26:18.719+0530] {logging_mixin.py:188} INFO - [2026-04-01T05:26:18.719+0530] {dag.py:3096} INFO - Sync 1 DAGs
[2026-04-01T05:26:18.724+0530] {logging_mixin.py:188} INFO - [2026-04-01T05:26:18.724+0530] {dag.py:3954} INFO - Setting next_dagrun for example_short_circuit_operator to 2026-03-30 00:00:00+00:00, run_after=2026-03-31 00:00:00+00:00
[2026-04-01T05:26:18.729+0530] {processor.py:183} INFO - Processing /Users/aswin/Documents/data-engineering-practice/ETL_Airflow_DBT/airflow/airflow_env/lib/python3.11/site-packages/airflow/example_dags/example_short_circuit_operator.py took 0.054 seconds
[2026-04-01T05:28:06.886+0530] {processor.py:161} INFO - Started process (PID=73230) to work on /Users/aswin/Documents/data-engineering-practice/ETL_Airflow_DBT/airflow/airflow_env/lib/python3.11/site-packages/airflow/example_dags/example_short_circuit_operator.py
[2026-04-01T05:28:06.888+0530] {processor.py:830} INFO - Processing file /Users/aswin/Documents/data-engineering-practice/ETL_Airflow_DBT/airflow/airflow_env/lib/python3.11/site-packages/airflow/example_dags/example_short_circuit_operator.py for tasks to queue
[2026-04-01T05:28:06.888+0530] {logging_mixin.py:188} INFO - [2026-04-01T05:28:06.888+0530] {dagbag.py:540} INFO - Filling up the DagBag from /Users/aswin/Documents/data-engineering-practice/ETL_Airflow_DBT/airflow/airflow_env/lib/python3.11/site-packages/airflow/example_dags/example_short_circuit_operator.py
[2026-04-01T05:28:06.900+0530] {processor.py:840} INFO - DAG(s) 'example_short_circuit_operator' retrieved from /Users/aswin/Documents/data-engineering-practice/ETL_Airflow_DBT/airflow/airflow_env/lib/python3.11/site-packages/airflow/example_dags/example_short_circuit_operator.py
[2026-04-01T05:28:06.929+0530] {logging_mixin.py:188} INFO - [2026-04-01T05:28:06.929+0530] {dag.py:3096} INFO - Sync 1 DAGs
[2026-04-01T05:28:06.934+0530] {logging_mixin.py:188} INFO - [2026-04-01T05:28:06.934+0530] {dag.py:3954} INFO - Setting next_dagrun for example_short_circuit_operator to 2026-03-30 00:00:00+00:00, run_after=2026-03-31 00:00:00+00:00
[2026-04-01T05:28:06.940+0530] {processor.py:183} INFO - Processing /Users/aswin/Documents/data-engineering-practice/ETL_Airflow_DBT/airflow/airflow_env/lib/python3.11/site-packages/airflow/example_dags/example_short_circuit_operator.py took 0.055 seconds
