[2026-04-01T04:48:46.708+0530] {processor.py:161} INFO - Started process (PID=71742) to work on /Users/aswin/Documents/data-engineering-practice/ETL_Airflow_DBT/airflow/airflow_env/lib/python3.11/site-packages/airflow/example_dags/example_python_operator.py
[2026-04-01T04:48:46.709+0530] {processor.py:830} INFO - Processing file /Users/aswin/Documents/data-engineering-practice/ETL_Airflow_DBT/airflow/airflow_env/lib/python3.11/site-packages/airflow/example_dags/example_python_operator.py for tasks to queue
[2026-04-01T04:48:46.709+0530] {logging_mixin.py:188} INFO - [2026-04-01T04:48:46.709+0530] {dagbag.py:540} INFO - Filling up the DagBag from /Users/aswin/Documents/data-engineering-practice/ETL_Airflow_DBT/airflow/airflow_env/lib/python3.11/site-packages/airflow/example_dags/example_python_operator.py
[2026-04-01T04:48:46.720+0530] {logging_mixin.py:188} INFO - [2026-04-01T04:48:46.720+0530] {example_python_operator.py:93} WARNING - The virtalenv_python example task requires virtualenv, please install it.
[2026-04-01T04:48:46.721+0530] {processor.py:840} INFO - DAG(s) 'example_python_operator' retrieved from /Users/aswin/Documents/data-engineering-practice/ETL_Airflow_DBT/airflow/airflow_env/lib/python3.11/site-packages/airflow/example_dags/example_python_operator.py
[2026-04-01T04:48:46.780+0530] {logging_mixin.py:188} INFO - [2026-04-01T04:48:46.779+0530] {override.py:1829} INFO - Created Permission View: can edit on DAG:example_python_operator
[2026-04-01T04:48:46.782+0530] {logging_mixin.py:188} INFO - [2026-04-01T04:48:46.782+0530] {override.py:1829} INFO - Created Permission View: can delete on DAG:example_python_operator
[2026-04-01T04:48:46.784+0530] {logging_mixin.py:188} INFO - [2026-04-01T04:48:46.784+0530] {override.py:1829} INFO - Created Permission View: can read on DAG:example_python_operator
[2026-04-01T04:48:46.784+0530] {logging_mixin.py:188} INFO - [2026-04-01T04:48:46.784+0530] {dag.py:3096} INFO - Sync 1 DAGs
[2026-04-01T04:48:46.809+0530] {logging_mixin.py:188} INFO - [2026-04-01T04:48:46.809+0530] {dag.py:3118} INFO - Creating ORM DAG for example_python_operator
[2026-04-01T04:48:46.810+0530] {logging_mixin.py:188} INFO - [2026-04-01T04:48:46.810+0530] {dag.py:3954} INFO - Setting next_dagrun for example_python_operator to None, run_after=None
[2026-04-01T04:48:46.815+0530] {processor.py:183} INFO - Processing /Users/aswin/Documents/data-engineering-practice/ETL_Airflow_DBT/airflow/airflow_env/lib/python3.11/site-packages/airflow/example_dags/example_python_operator.py took 0.108 seconds
[2026-04-01T04:50:14.563+0530] {processor.py:161} INFO - Started process (PID=71808) to work on /Users/aswin/Documents/data-engineering-practice/ETL_Airflow_DBT/airflow/airflow_env/lib/python3.11/site-packages/airflow/example_dags/example_python_operator.py
[2026-04-01T04:50:14.564+0530] {processor.py:830} INFO - Processing file /Users/aswin/Documents/data-engineering-practice/ETL_Airflow_DBT/airflow/airflow_env/lib/python3.11/site-packages/airflow/example_dags/example_python_operator.py for tasks to queue
[2026-04-01T04:50:14.564+0530] {logging_mixin.py:188} INFO - [2026-04-01T04:50:14.564+0530] {dagbag.py:540} INFO - Filling up the DagBag from /Users/aswin/Documents/data-engineering-practice/ETL_Airflow_DBT/airflow/airflow_env/lib/python3.11/site-packages/airflow/example_dags/example_python_operator.py
[2026-04-01T04:50:14.575+0530] {logging_mixin.py:188} INFO - [2026-04-01T04:50:14.575+0530] {example_python_operator.py:93} WARNING - The virtalenv_python example task requires virtualenv, please install it.
[2026-04-01T04:50:14.576+0530] {processor.py:840} INFO - DAG(s) 'example_python_operator' retrieved from /Users/aswin/Documents/data-engineering-practice/ETL_Airflow_DBT/airflow/airflow_env/lib/python3.11/site-packages/airflow/example_dags/example_python_operator.py
[2026-04-01T04:50:14.605+0530] {logging_mixin.py:188} INFO - [2026-04-01T04:50:14.605+0530] {dag.py:3096} INFO - Sync 1 DAGs
[2026-04-01T04:50:14.608+0530] {logging_mixin.py:188} INFO - [2026-04-01T04:50:14.608+0530] {dag.py:3954} INFO - Setting next_dagrun for example_python_operator to None, run_after=None
[2026-04-01T04:50:14.616+0530] {processor.py:183} INFO - Processing /Users/aswin/Documents/data-engineering-practice/ETL_Airflow_DBT/airflow/airflow_env/lib/python3.11/site-packages/airflow/example_dags/example_python_operator.py took 0.055 seconds
[2026-04-01T04:52:01.108+0530] {processor.py:161} INFO - Started process (PID=71892) to work on /Users/aswin/Documents/data-engineering-practice/ETL_Airflow_DBT/airflow/airflow_env/lib/python3.11/site-packages/airflow/example_dags/example_python_operator.py
[2026-04-01T04:52:01.109+0530] {processor.py:830} INFO - Processing file /Users/aswin/Documents/data-engineering-practice/ETL_Airflow_DBT/airflow/airflow_env/lib/python3.11/site-packages/airflow/example_dags/example_python_operator.py for tasks to queue
[2026-04-01T04:52:01.109+0530] {logging_mixin.py:188} INFO - [2026-04-01T04:52:01.109+0530] {dagbag.py:540} INFO - Filling up the DagBag from /Users/aswin/Documents/data-engineering-practice/ETL_Airflow_DBT/airflow/airflow_env/lib/python3.11/site-packages/airflow/example_dags/example_python_operator.py
[2026-04-01T04:52:01.120+0530] {logging_mixin.py:188} INFO - [2026-04-01T04:52:01.120+0530] {example_python_operator.py:93} WARNING - The virtalenv_python example task requires virtualenv, please install it.
[2026-04-01T04:52:01.121+0530] {processor.py:840} INFO - DAG(s) 'example_python_operator' retrieved from /Users/aswin/Documents/data-engineering-practice/ETL_Airflow_DBT/airflow/airflow_env/lib/python3.11/site-packages/airflow/example_dags/example_python_operator.py
[2026-04-01T04:52:01.154+0530] {logging_mixin.py:188} INFO - [2026-04-01T04:52:01.153+0530] {dag.py:3096} INFO - Sync 1 DAGs
[2026-04-01T04:52:01.157+0530] {logging_mixin.py:188} INFO - [2026-04-01T04:52:01.157+0530] {dag.py:3954} INFO - Setting next_dagrun for example_python_operator to None, run_after=None
[2026-04-01T04:52:01.163+0530] {processor.py:183} INFO - Processing /Users/aswin/Documents/data-engineering-practice/ETL_Airflow_DBT/airflow/airflow_env/lib/python3.11/site-packages/airflow/example_dags/example_python_operator.py took 0.056 seconds
[2026-04-01T04:53:45.563+0530] {processor.py:161} INFO - Started process (PID=71971) to work on /Users/aswin/Documents/data-engineering-practice/ETL_Airflow_DBT/airflow/airflow_env/lib/python3.11/site-packages/airflow/example_dags/example_python_operator.py
[2026-04-01T04:53:45.564+0530] {processor.py:830} INFO - Processing file /Users/aswin/Documents/data-engineering-practice/ETL_Airflow_DBT/airflow/airflow_env/lib/python3.11/site-packages/airflow/example_dags/example_python_operator.py for tasks to queue
[2026-04-01T04:53:45.564+0530] {logging_mixin.py:188} INFO - [2026-04-01T04:53:45.564+0530] {dagbag.py:540} INFO - Filling up the DagBag from /Users/aswin/Documents/data-engineering-practice/ETL_Airflow_DBT/airflow/airflow_env/lib/python3.11/site-packages/airflow/example_dags/example_python_operator.py
[2026-04-01T04:53:45.575+0530] {logging_mixin.py:188} INFO - [2026-04-01T04:53:45.574+0530] {example_python_operator.py:93} WARNING - The virtalenv_python example task requires virtualenv, please install it.
[2026-04-01T04:53:45.576+0530] {processor.py:840} INFO - DAG(s) 'example_python_operator' retrieved from /Users/aswin/Documents/data-engineering-practice/ETL_Airflow_DBT/airflow/airflow_env/lib/python3.11/site-packages/airflow/example_dags/example_python_operator.py
[2026-04-01T04:53:45.605+0530] {logging_mixin.py:188} INFO - [2026-04-01T04:53:45.605+0530] {dag.py:3096} INFO - Sync 1 DAGs
[2026-04-01T04:53:45.608+0530] {logging_mixin.py:188} INFO - [2026-04-01T04:53:45.608+0530] {dag.py:3954} INFO - Setting next_dagrun for example_python_operator to None, run_after=None
[2026-04-01T04:53:45.614+0530] {processor.py:183} INFO - Processing /Users/aswin/Documents/data-engineering-practice/ETL_Airflow_DBT/airflow/airflow_env/lib/python3.11/site-packages/airflow/example_dags/example_python_operator.py took 0.052 seconds
[2026-04-01T04:55:26.164+0530] {processor.py:161} INFO - Started process (PID=72050) to work on /Users/aswin/Documents/data-engineering-practice/ETL_Airflow_DBT/airflow/airflow_env/lib/python3.11/site-packages/airflow/example_dags/example_python_operator.py
[2026-04-01T04:55:26.165+0530] {processor.py:830} INFO - Processing file /Users/aswin/Documents/data-engineering-practice/ETL_Airflow_DBT/airflow/airflow_env/lib/python3.11/site-packages/airflow/example_dags/example_python_operator.py for tasks to queue
[2026-04-01T04:55:26.166+0530] {logging_mixin.py:188} INFO - [2026-04-01T04:55:26.166+0530] {dagbag.py:540} INFO - Filling up the DagBag from /Users/aswin/Documents/data-engineering-practice/ETL_Airflow_DBT/airflow/airflow_env/lib/python3.11/site-packages/airflow/example_dags/example_python_operator.py
[2026-04-01T04:55:26.177+0530] {logging_mixin.py:188} INFO - [2026-04-01T04:55:26.177+0530] {example_python_operator.py:93} WARNING - The virtalenv_python example task requires virtualenv, please install it.
[2026-04-01T04:55:26.178+0530] {processor.py:840} INFO - DAG(s) 'example_python_operator' retrieved from /Users/aswin/Documents/data-engineering-practice/ETL_Airflow_DBT/airflow/airflow_env/lib/python3.11/site-packages/airflow/example_dags/example_python_operator.py
[2026-04-01T04:55:26.208+0530] {logging_mixin.py:188} INFO - [2026-04-01T04:55:26.208+0530] {dag.py:3096} INFO - Sync 1 DAGs
[2026-04-01T04:55:26.211+0530] {logging_mixin.py:188} INFO - [2026-04-01T04:55:26.211+0530] {dag.py:3954} INFO - Setting next_dagrun for example_python_operator to None, run_after=None
[2026-04-01T04:55:26.218+0530] {processor.py:183} INFO - Processing /Users/aswin/Documents/data-engineering-practice/ETL_Airflow_DBT/airflow/airflow_env/lib/python3.11/site-packages/airflow/example_dags/example_python_operator.py took 0.055 seconds
[2026-04-01T04:57:13.737+0530] {processor.py:161} INFO - Started process (PID=72137) to work on /Users/aswin/Documents/data-engineering-practice/ETL_Airflow_DBT/airflow/airflow_env/lib/python3.11/site-packages/airflow/example_dags/example_python_operator.py
[2026-04-01T04:57:13.738+0530] {processor.py:830} INFO - Processing file /Users/aswin/Documents/data-engineering-practice/ETL_Airflow_DBT/airflow/airflow_env/lib/python3.11/site-packages/airflow/example_dags/example_python_operator.py for tasks to queue
[2026-04-01T04:57:13.739+0530] {logging_mixin.py:188} INFO - [2026-04-01T04:57:13.738+0530] {dagbag.py:540} INFO - Filling up the DagBag from /Users/aswin/Documents/data-engineering-practice/ETL_Airflow_DBT/airflow/airflow_env/lib/python3.11/site-packages/airflow/example_dags/example_python_operator.py
[2026-04-01T04:57:13.749+0530] {logging_mixin.py:188} INFO - [2026-04-01T04:57:13.749+0530] {example_python_operator.py:93} WARNING - The virtalenv_python example task requires virtualenv, please install it.
[2026-04-01T04:57:13.750+0530] {processor.py:840} INFO - DAG(s) 'example_python_operator' retrieved from /Users/aswin/Documents/data-engineering-practice/ETL_Airflow_DBT/airflow/airflow_env/lib/python3.11/site-packages/airflow/example_dags/example_python_operator.py
[2026-04-01T04:57:13.779+0530] {logging_mixin.py:188} INFO - [2026-04-01T04:57:13.779+0530] {dag.py:3096} INFO - Sync 1 DAGs
[2026-04-01T04:57:13.782+0530] {logging_mixin.py:188} INFO - [2026-04-01T04:57:13.782+0530] {dag.py:3954} INFO - Setting next_dagrun for example_python_operator to None, run_after=None
[2026-04-01T04:57:13.787+0530] {processor.py:183} INFO - Processing /Users/aswin/Documents/data-engineering-practice/ETL_Airflow_DBT/airflow/airflow_env/lib/python3.11/site-packages/airflow/example_dags/example_python_operator.py took 0.051 seconds
[2026-04-01T04:59:05.241+0530] {processor.py:161} INFO - Started process (PID=72357) to work on /Users/aswin/Documents/data-engineering-practice/ETL_Airflow_DBT/airflow/airflow_env/lib/python3.11/site-packages/airflow/example_dags/example_python_operator.py
[2026-04-01T04:59:05.242+0530] {processor.py:830} INFO - Processing file /Users/aswin/Documents/data-engineering-practice/ETL_Airflow_DBT/airflow/airflow_env/lib/python3.11/site-packages/airflow/example_dags/example_python_operator.py for tasks to queue
[2026-04-01T04:59:05.242+0530] {logging_mixin.py:188} INFO - [2026-04-01T04:59:05.242+0530] {dagbag.py:540} INFO - Filling up the DagBag from /Users/aswin/Documents/data-engineering-practice/ETL_Airflow_DBT/airflow/airflow_env/lib/python3.11/site-packages/airflow/example_dags/example_python_operator.py
[2026-04-01T04:59:05.252+0530] {logging_mixin.py:188} INFO - [2026-04-01T04:59:05.252+0530] {example_python_operator.py:93} WARNING - The virtalenv_python example task requires virtualenv, please install it.
[2026-04-01T04:59:05.253+0530] {processor.py:840} INFO - DAG(s) 'example_python_operator' retrieved from /Users/aswin/Documents/data-engineering-practice/ETL_Airflow_DBT/airflow/airflow_env/lib/python3.11/site-packages/airflow/example_dags/example_python_operator.py
[2026-04-01T04:59:05.282+0530] {logging_mixin.py:188} INFO - [2026-04-01T04:59:05.282+0530] {dag.py:3096} INFO - Sync 1 DAGs
[2026-04-01T04:59:05.285+0530] {logging_mixin.py:188} INFO - [2026-04-01T04:59:05.285+0530] {dag.py:3954} INFO - Setting next_dagrun for example_python_operator to None, run_after=None
[2026-04-01T04:59:05.291+0530] {processor.py:183} INFO - Processing /Users/aswin/Documents/data-engineering-practice/ETL_Airflow_DBT/airflow/airflow_env/lib/python3.11/site-packages/airflow/example_dags/example_python_operator.py took 0.051 seconds
[2026-04-01T05:00:56.525+0530] {processor.py:161} INFO - Started process (PID=72441) to work on /Users/aswin/Documents/data-engineering-practice/ETL_Airflow_DBT/airflow/airflow_env/lib/python3.11/site-packages/airflow/example_dags/example_python_operator.py
[2026-04-01T05:00:56.526+0530] {processor.py:830} INFO - Processing file /Users/aswin/Documents/data-engineering-practice/ETL_Airflow_DBT/airflow/airflow_env/lib/python3.11/site-packages/airflow/example_dags/example_python_operator.py for tasks to queue
[2026-04-01T05:00:56.526+0530] {logging_mixin.py:188} INFO - [2026-04-01T05:00:56.526+0530] {dagbag.py:540} INFO - Filling up the DagBag from /Users/aswin/Documents/data-engineering-practice/ETL_Airflow_DBT/airflow/airflow_env/lib/python3.11/site-packages/airflow/example_dags/example_python_operator.py
[2026-04-01T05:00:56.536+0530] {logging_mixin.py:188} INFO - [2026-04-01T05:00:56.536+0530] {example_python_operator.py:93} WARNING - The virtalenv_python example task requires virtualenv, please install it.
[2026-04-01T05:00:56.537+0530] {processor.py:840} INFO - DAG(s) 'example_python_operator' retrieved from /Users/aswin/Documents/data-engineering-practice/ETL_Airflow_DBT/airflow/airflow_env/lib/python3.11/site-packages/airflow/example_dags/example_python_operator.py
[2026-04-01T05:00:56.567+0530] {logging_mixin.py:188} INFO - [2026-04-01T05:00:56.567+0530] {dag.py:3096} INFO - Sync 1 DAGs
[2026-04-01T05:00:56.569+0530] {logging_mixin.py:188} INFO - [2026-04-01T05:00:56.569+0530] {dag.py:3954} INFO - Setting next_dagrun for example_python_operator to None, run_after=None
[2026-04-01T05:00:56.575+0530] {processor.py:183} INFO - Processing /Users/aswin/Documents/data-engineering-practice/ETL_Airflow_DBT/airflow/airflow_env/lib/python3.11/site-packages/airflow/example_dags/example_python_operator.py took 0.051 seconds
[2026-04-01T05:02:49.753+0530] {processor.py:161} INFO - Started process (PID=72519) to work on /Users/aswin/Documents/data-engineering-practice/ETL_Airflow_DBT/airflow/airflow_env/lib/python3.11/site-packages/airflow/example_dags/example_python_operator.py
[2026-04-01T05:02:49.754+0530] {processor.py:830} INFO - Processing file /Users/aswin/Documents/data-engineering-practice/ETL_Airflow_DBT/airflow/airflow_env/lib/python3.11/site-packages/airflow/example_dags/example_python_operator.py for tasks to queue
[2026-04-01T05:02:49.754+0530] {logging_mixin.py:188} INFO - [2026-04-01T05:02:49.754+0530] {dagbag.py:540} INFO - Filling up the DagBag from /Users/aswin/Documents/data-engineering-practice/ETL_Airflow_DBT/airflow/airflow_env/lib/python3.11/site-packages/airflow/example_dags/example_python_operator.py
[2026-04-01T05:02:49.766+0530] {logging_mixin.py:188} INFO - [2026-04-01T05:02:49.766+0530] {example_python_operator.py:93} WARNING - The virtalenv_python example task requires virtualenv, please install it.
[2026-04-01T05:02:49.767+0530] {processor.py:840} INFO - DAG(s) 'example_python_operator' retrieved from /Users/aswin/Documents/data-engineering-practice/ETL_Airflow_DBT/airflow/airflow_env/lib/python3.11/site-packages/airflow/example_dags/example_python_operator.py
[2026-04-01T05:02:49.799+0530] {logging_mixin.py:188} INFO - [2026-04-01T05:02:49.799+0530] {dag.py:3096} INFO - Sync 1 DAGs
[2026-04-01T05:02:49.802+0530] {logging_mixin.py:188} INFO - [2026-04-01T05:02:49.802+0530] {dag.py:3954} INFO - Setting next_dagrun for example_python_operator to None, run_after=None
[2026-04-01T05:02:49.808+0530] {processor.py:183} INFO - Processing /Users/aswin/Documents/data-engineering-practice/ETL_Airflow_DBT/airflow/airflow_env/lib/python3.11/site-packages/airflow/example_dags/example_python_operator.py took 0.056 seconds
[2026-04-01T05:04:48.718+0530] {processor.py:161} INFO - Started process (PID=72605) to work on /Users/aswin/Documents/data-engineering-practice/ETL_Airflow_DBT/airflow/airflow_env/lib/python3.11/site-packages/airflow/example_dags/example_python_operator.py
[2026-04-01T05:04:48.718+0530] {processor.py:830} INFO - Processing file /Users/aswin/Documents/data-engineering-practice/ETL_Airflow_DBT/airflow/airflow_env/lib/python3.11/site-packages/airflow/example_dags/example_python_operator.py for tasks to queue
[2026-04-01T05:04:48.719+0530] {logging_mixin.py:188} INFO - [2026-04-01T05:04:48.719+0530] {dagbag.py:540} INFO - Filling up the DagBag from /Users/aswin/Documents/data-engineering-practice/ETL_Airflow_DBT/airflow/airflow_env/lib/python3.11/site-packages/airflow/example_dags/example_python_operator.py
[2026-04-01T05:04:48.730+0530] {logging_mixin.py:188} INFO - [2026-04-01T05:04:48.730+0530] {example_python_operator.py:93} WARNING - The virtalenv_python example task requires virtualenv, please install it.
[2026-04-01T05:04:48.732+0530] {processor.py:840} INFO - DAG(s) 'example_python_operator' retrieved from /Users/aswin/Documents/data-engineering-practice/ETL_Airflow_DBT/airflow/airflow_env/lib/python3.11/site-packages/airflow/example_dags/example_python_operator.py
[2026-04-01T05:04:48.765+0530] {logging_mixin.py:188} INFO - [2026-04-01T05:04:48.764+0530] {dag.py:3096} INFO - Sync 1 DAGs
[2026-04-01T05:04:48.768+0530] {logging_mixin.py:188} INFO - [2026-04-01T05:04:48.768+0530] {dag.py:3954} INFO - Setting next_dagrun for example_python_operator to None, run_after=None
[2026-04-01T05:04:48.775+0530] {processor.py:183} INFO - Processing /Users/aswin/Documents/data-engineering-practice/ETL_Airflow_DBT/airflow/airflow_env/lib/python3.11/site-packages/airflow/example_dags/example_python_operator.py took 0.059 seconds
[2026-04-01T05:06:36.069+0530] {processor.py:161} INFO - Started process (PID=72697) to work on /Users/aswin/Documents/data-engineering-practice/ETL_Airflow_DBT/airflow/airflow_env/lib/python3.11/site-packages/airflow/example_dags/example_python_operator.py
[2026-04-01T05:06:36.070+0530] {processor.py:830} INFO - Processing file /Users/aswin/Documents/data-engineering-practice/ETL_Airflow_DBT/airflow/airflow_env/lib/python3.11/site-packages/airflow/example_dags/example_python_operator.py for tasks to queue
[2026-04-01T05:06:36.071+0530] {logging_mixin.py:188} INFO - [2026-04-01T05:06:36.071+0530] {dagbag.py:540} INFO - Filling up the DagBag from /Users/aswin/Documents/data-engineering-practice/ETL_Airflow_DBT/airflow/airflow_env/lib/python3.11/site-packages/airflow/example_dags/example_python_operator.py
[2026-04-01T05:06:36.082+0530] {logging_mixin.py:188} INFO - [2026-04-01T05:06:36.082+0530] {example_python_operator.py:93} WARNING - The virtalenv_python example task requires virtualenv, please install it.
[2026-04-01T05:06:36.083+0530] {processor.py:840} INFO - DAG(s) 'example_python_operator' retrieved from /Users/aswin/Documents/data-engineering-practice/ETL_Airflow_DBT/airflow/airflow_env/lib/python3.11/site-packages/airflow/example_dags/example_python_operator.py
[2026-04-01T05:06:36.116+0530] {logging_mixin.py:188} INFO - [2026-04-01T05:06:36.116+0530] {dag.py:3096} INFO - Sync 1 DAGs
[2026-04-01T05:06:36.119+0530] {logging_mixin.py:188} INFO - [2026-04-01T05:06:36.119+0530] {dag.py:3954} INFO - Setting next_dagrun for example_python_operator to None, run_after=None
[2026-04-01T05:06:36.125+0530] {processor.py:183} INFO - Processing /Users/aswin/Documents/data-engineering-practice/ETL_Airflow_DBT/airflow/airflow_env/lib/python3.11/site-packages/airflow/example_dags/example_python_operator.py took 0.057 seconds
[2026-04-01T05:19:18.380+0530] {processor.py:161} INFO - Started process (PID=72821) to work on /Users/aswin/Documents/data-engineering-practice/ETL_Airflow_DBT/airflow/airflow_env/lib/python3.11/site-packages/airflow/example_dags/example_python_operator.py
[2026-04-01T05:19:18.380+0530] {processor.py:830} INFO - Processing file /Users/aswin/Documents/data-engineering-practice/ETL_Airflow_DBT/airflow/airflow_env/lib/python3.11/site-packages/airflow/example_dags/example_python_operator.py for tasks to queue
[2026-04-01T05:19:18.380+0530] {logging_mixin.py:188} INFO - [2026-04-01T05:19:18.380+0530] {dagbag.py:540} INFO - Filling up the DagBag from /Users/aswin/Documents/data-engineering-practice/ETL_Airflow_DBT/airflow/airflow_env/lib/python3.11/site-packages/airflow/example_dags/example_python_operator.py
[2026-04-01T05:19:18.391+0530] {logging_mixin.py:188} INFO - [2026-04-01T05:19:18.391+0530] {example_python_operator.py:93} WARNING - The virtalenv_python example task requires virtualenv, please install it.
[2026-04-01T05:19:18.392+0530] {processor.py:840} INFO - DAG(s) 'example_python_operator' retrieved from /Users/aswin/Documents/data-engineering-practice/ETL_Airflow_DBT/airflow/airflow_env/lib/python3.11/site-packages/airflow/example_dags/example_python_operator.py
[2026-04-01T05:19:18.422+0530] {logging_mixin.py:188} INFO - [2026-04-01T05:19:18.422+0530] {dag.py:3096} INFO - Sync 1 DAGs
[2026-04-01T05:19:18.425+0530] {logging_mixin.py:188} INFO - [2026-04-01T05:19:18.425+0530] {dag.py:3954} INFO - Setting next_dagrun for example_python_operator to None, run_after=None
[2026-04-01T05:19:18.431+0530] {processor.py:183} INFO - Processing /Users/aswin/Documents/data-engineering-practice/ETL_Airflow_DBT/airflow/airflow_env/lib/python3.11/site-packages/airflow/example_dags/example_python_operator.py took 0.053 seconds
[2026-04-01T05:20:48.177+0530] {processor.py:161} INFO - Started process (PID=72889) to work on /Users/aswin/Documents/data-engineering-practice/ETL_Airflow_DBT/airflow/airflow_env/lib/python3.11/site-packages/airflow/example_dags/example_python_operator.py
[2026-04-01T05:20:48.178+0530] {processor.py:830} INFO - Processing file /Users/aswin/Documents/data-engineering-practice/ETL_Airflow_DBT/airflow/airflow_env/lib/python3.11/site-packages/airflow/example_dags/example_python_operator.py for tasks to queue
[2026-04-01T05:20:48.179+0530] {logging_mixin.py:188} INFO - [2026-04-01T05:20:48.178+0530] {dagbag.py:540} INFO - Filling up the DagBag from /Users/aswin/Documents/data-engineering-practice/ETL_Airflow_DBT/airflow/airflow_env/lib/python3.11/site-packages/airflow/example_dags/example_python_operator.py
[2026-04-01T05:20:48.189+0530] {logging_mixin.py:188} INFO - [2026-04-01T05:20:48.189+0530] {example_python_operator.py:93} WARNING - The virtalenv_python example task requires virtualenv, please install it.
[2026-04-01T05:20:48.190+0530] {processor.py:840} INFO - DAG(s) 'example_python_operator' retrieved from /Users/aswin/Documents/data-engineering-practice/ETL_Airflow_DBT/airflow/airflow_env/lib/python3.11/site-packages/airflow/example_dags/example_python_operator.py
[2026-04-01T05:20:48.220+0530] {logging_mixin.py:188} INFO - [2026-04-01T05:20:48.220+0530] {dag.py:3096} INFO - Sync 1 DAGs
[2026-04-01T05:20:48.222+0530] {logging_mixin.py:188} INFO - [2026-04-01T05:20:48.222+0530] {dag.py:3954} INFO - Setting next_dagrun for example_python_operator to None, run_after=None
[2026-04-01T05:20:48.228+0530] {processor.py:183} INFO - Processing /Users/aswin/Documents/data-engineering-practice/ETL_Airflow_DBT/airflow/airflow_env/lib/python3.11/site-packages/airflow/example_dags/example_python_operator.py took 0.052 seconds
[2026-04-01T05:22:35.515+0530] {processor.py:161} INFO - Started process (PID=72980) to work on /Users/aswin/Documents/data-engineering-practice/ETL_Airflow_DBT/airflow/airflow_env/lib/python3.11/site-packages/airflow/example_dags/example_python_operator.py
[2026-04-01T05:22:35.517+0530] {processor.py:830} INFO - Processing file /Users/aswin/Documents/data-engineering-practice/ETL_Airflow_DBT/airflow/airflow_env/lib/python3.11/site-packages/airflow/example_dags/example_python_operator.py for tasks to queue
[2026-04-01T05:22:35.517+0530] {logging_mixin.py:188} INFO - [2026-04-01T05:22:35.517+0530] {dagbag.py:540} INFO - Filling up the DagBag from /Users/aswin/Documents/data-engineering-practice/ETL_Airflow_DBT/airflow/airflow_env/lib/python3.11/site-packages/airflow/example_dags/example_python_operator.py
[2026-04-01T05:22:35.528+0530] {logging_mixin.py:188} INFO - [2026-04-01T05:22:35.528+0530] {example_python_operator.py:93} WARNING - The virtalenv_python example task requires virtualenv, please install it.
[2026-04-01T05:22:35.529+0530] {processor.py:840} INFO - DAG(s) 'example_python_operator' retrieved from /Users/aswin/Documents/data-engineering-practice/ETL_Airflow_DBT/airflow/airflow_env/lib/python3.11/site-packages/airflow/example_dags/example_python_operator.py
[2026-04-01T05:22:35.559+0530] {logging_mixin.py:188} INFO - [2026-04-01T05:22:35.559+0530] {dag.py:3096} INFO - Sync 1 DAGs
[2026-04-01T05:22:35.562+0530] {logging_mixin.py:188} INFO - [2026-04-01T05:22:35.562+0530] {dag.py:3954} INFO - Setting next_dagrun for example_python_operator to None, run_after=None
[2026-04-01T05:22:35.568+0530] {processor.py:183} INFO - Processing /Users/aswin/Documents/data-engineering-practice/ETL_Airflow_DBT/airflow/airflow_env/lib/python3.11/site-packages/airflow/example_dags/example_python_operator.py took 0.053 seconds
[2026-04-01T05:24:34.203+0530] {processor.py:161} INFO - Started process (PID=73071) to work on /Users/aswin/Documents/data-engineering-practice/ETL_Airflow_DBT/airflow/airflow_env/lib/python3.11/site-packages/airflow/example_dags/example_python_operator.py
[2026-04-01T05:24:34.204+0530] {processor.py:830} INFO - Processing file /Users/aswin/Documents/data-engineering-practice/ETL_Airflow_DBT/airflow/airflow_env/lib/python3.11/site-packages/airflow/example_dags/example_python_operator.py for tasks to queue
[2026-04-01T05:24:34.204+0530] {logging_mixin.py:188} INFO - [2026-04-01T05:24:34.204+0530] {dagbag.py:540} INFO - Filling up the DagBag from /Users/aswin/Documents/data-engineering-practice/ETL_Airflow_DBT/airflow/airflow_env/lib/python3.11/site-packages/airflow/example_dags/example_python_operator.py
[2026-04-01T05:24:34.214+0530] {logging_mixin.py:188} INFO - [2026-04-01T05:24:34.214+0530] {example_python_operator.py:93} WARNING - The virtalenv_python example task requires virtualenv, please install it.
[2026-04-01T05:24:34.216+0530] {processor.py:840} INFO - DAG(s) 'example_python_operator' retrieved from /Users/aswin/Documents/data-engineering-practice/ETL_Airflow_DBT/airflow/airflow_env/lib/python3.11/site-packages/airflow/example_dags/example_python_operator.py
[2026-04-01T05:24:34.247+0530] {logging_mixin.py:188} INFO - [2026-04-01T05:24:34.247+0530] {dag.py:3096} INFO - Sync 1 DAGs
[2026-04-01T05:24:34.250+0530] {logging_mixin.py:188} INFO - [2026-04-01T05:24:34.250+0530] {dag.py:3954} INFO - Setting next_dagrun for example_python_operator to None, run_after=None
[2026-04-01T05:24:34.256+0530] {processor.py:183} INFO - Processing /Users/aswin/Documents/data-engineering-practice/ETL_Airflow_DBT/airflow/airflow_env/lib/python3.11/site-packages/airflow/example_dags/example_python_operator.py took 0.054 seconds
[2026-04-01T05:26:27.411+0530] {processor.py:161} INFO - Started process (PID=73157) to work on /Users/aswin/Documents/data-engineering-practice/ETL_Airflow_DBT/airflow/airflow_env/lib/python3.11/site-packages/airflow/example_dags/example_python_operator.py
[2026-04-01T05:26:27.413+0530] {processor.py:830} INFO - Processing file /Users/aswin/Documents/data-engineering-practice/ETL_Airflow_DBT/airflow/airflow_env/lib/python3.11/site-packages/airflow/example_dags/example_python_operator.py for tasks to queue
[2026-04-01T05:26:27.413+0530] {logging_mixin.py:188} INFO - [2026-04-01T05:26:27.413+0530] {dagbag.py:540} INFO - Filling up the DagBag from /Users/aswin/Documents/data-engineering-practice/ETL_Airflow_DBT/airflow/airflow_env/lib/python3.11/site-packages/airflow/example_dags/example_python_operator.py
[2026-04-01T05:26:27.424+0530] {logging_mixin.py:188} INFO - [2026-04-01T05:26:27.424+0530] {example_python_operator.py:93} WARNING - The virtalenv_python example task requires virtualenv, please install it.
[2026-04-01T05:26:27.425+0530] {processor.py:840} INFO - DAG(s) 'example_python_operator' retrieved from /Users/aswin/Documents/data-engineering-practice/ETL_Airflow_DBT/airflow/airflow_env/lib/python3.11/site-packages/airflow/example_dags/example_python_operator.py
[2026-04-01T05:26:27.456+0530] {logging_mixin.py:188} INFO - [2026-04-01T05:26:27.456+0530] {dag.py:3096} INFO - Sync 1 DAGs
[2026-04-01T05:26:27.459+0530] {logging_mixin.py:188} INFO - [2026-04-01T05:26:27.459+0530] {dag.py:3954} INFO - Setting next_dagrun for example_python_operator to None, run_after=None
[2026-04-01T05:26:27.465+0530] {processor.py:183} INFO - Processing /Users/aswin/Documents/data-engineering-practice/ETL_Airflow_DBT/airflow/airflow_env/lib/python3.11/site-packages/airflow/example_dags/example_python_operator.py took 0.055 seconds
[2026-04-01T05:28:16.173+0530] {processor.py:161} INFO - Started process (PID=73238) to work on /Users/aswin/Documents/data-engineering-practice/ETL_Airflow_DBT/airflow/airflow_env/lib/python3.11/site-packages/airflow/example_dags/example_python_operator.py
[2026-04-01T05:28:16.173+0530] {processor.py:830} INFO - Processing file /Users/aswin/Documents/data-engineering-practice/ETL_Airflow_DBT/airflow/airflow_env/lib/python3.11/site-packages/airflow/example_dags/example_python_operator.py for tasks to queue
[2026-04-01T05:28:16.174+0530] {logging_mixin.py:188} INFO - [2026-04-01T05:28:16.173+0530] {dagbag.py:540} INFO - Filling up the DagBag from /Users/aswin/Documents/data-engineering-practice/ETL_Airflow_DBT/airflow/airflow_env/lib/python3.11/site-packages/airflow/example_dags/example_python_operator.py
[2026-04-01T05:28:16.184+0530] {logging_mixin.py:188} INFO - [2026-04-01T05:28:16.184+0530] {example_python_operator.py:93} WARNING - The virtalenv_python example task requires virtualenv, please install it.
[2026-04-01T05:28:16.185+0530] {processor.py:840} INFO - DAG(s) 'example_python_operator' retrieved from /Users/aswin/Documents/data-engineering-practice/ETL_Airflow_DBT/airflow/airflow_env/lib/python3.11/site-packages/airflow/example_dags/example_python_operator.py
[2026-04-01T05:28:16.216+0530] {logging_mixin.py:188} INFO - [2026-04-01T05:28:16.216+0530] {dag.py:3096} INFO - Sync 1 DAGs
[2026-04-01T05:28:16.219+0530] {logging_mixin.py:188} INFO - [2026-04-01T05:28:16.219+0530] {dag.py:3954} INFO - Setting next_dagrun for example_python_operator to None, run_after=None
[2026-04-01T05:28:16.226+0530] {processor.py:183} INFO - Processing /Users/aswin/Documents/data-engineering-practice/ETL_Airflow_DBT/airflow/airflow_env/lib/python3.11/site-packages/airflow/example_dags/example_python_operator.py took 0.054 seconds
