[2026-04-01T04:49:22.431+0530] {processor.py:161} INFO - Started process (PID=71767) to work on /Users/aswin/Documents/data-engineering-practice/ETL_Airflow_DBT/airflow/airflow_env/lib/python3.11/site-packages/airflow/example_dags/example_branch_datetime_operator.py
[2026-04-01T04:49:22.431+0530] {processor.py:830} INFO - Processing file /Users/aswin/Documents/data-engineering-practice/ETL_Airflow_DBT/airflow/airflow_env/lib/python3.11/site-packages/airflow/example_dags/example_branch_datetime_operator.py for tasks to queue
[2026-04-01T04:49:22.432+0530] {logging_mixin.py:188} INFO - [2026-04-01T04:49:22.432+0530] {dagbag.py:540} INFO - Filling up the DagBag from /Users/aswin/Documents/data-engineering-practice/ETL_Airflow_DBT/airflow/airflow_env/lib/python3.11/site-packages/airflow/example_dags/example_branch_datetime_operator.py
[2026-04-01T04:49:22.437+0530] {processor.py:840} INFO - DAG(s) 'example_branch_datetime_operator_2', 'example_branch_datetime_operator', 'example_branch_datetime_operator_3' retrieved from /Users/aswin/Documents/data-engineering-practice/ETL_Airflow_DBT/airflow/airflow_env/lib/python3.11/site-packages/airflow/example_dags/example_branch_datetime_operator.py
[2026-04-01T04:49:22.470+0530] {logging_mixin.py:188} INFO - [2026-04-01T04:49:22.470+0530] {dag.py:3096} INFO - Sync 3 DAGs
[2026-04-01T04:49:22.476+0530] {logging_mixin.py:188} INFO - [2026-04-01T04:49:22.475+0530] {dag.py:3954} INFO - Setting next_dagrun for example_branch_datetime_operator to 2026-03-30 00:00:00+00:00, run_after=2026-03-31 00:00:00+00:00
[2026-04-01T04:49:22.477+0530] {logging_mixin.py:188} INFO - [2026-04-01T04:49:22.477+0530] {dag.py:3954} INFO - Setting next_dagrun for example_branch_datetime_operator_2 to 2026-03-30 00:00:00+00:00, run_after=2026-03-31 00:00:00+00:00
[2026-04-01T04:49:22.477+0530] {logging_mixin.py:188} INFO - [2026-04-01T04:49:22.477+0530] {dag.py:3954} INFO - Setting next_dagrun for example_branch_datetime_operator_3 to 2026-03-30 00:00:00+00:00, run_after=2026-03-31 00:00:00+00:00
[2026-04-01T04:49:22.482+0530] {processor.py:183} INFO - Processing /Users/aswin/Documents/data-engineering-practice/ETL_Airflow_DBT/airflow/airflow_env/lib/python3.11/site-packages/airflow/example_dags/example_branch_datetime_operator.py took 0.052 seconds
[2026-04-01T04:51:10.773+0530] {processor.py:161} INFO - Started process (PID=71856) to work on /Users/aswin/Documents/data-engineering-practice/ETL_Airflow_DBT/airflow/airflow_env/lib/python3.11/site-packages/airflow/example_dags/example_branch_datetime_operator.py
[2026-04-01T04:51:10.774+0530] {processor.py:830} INFO - Processing file /Users/aswin/Documents/data-engineering-practice/ETL_Airflow_DBT/airflow/airflow_env/lib/python3.11/site-packages/airflow/example_dags/example_branch_datetime_operator.py for tasks to queue
[2026-04-01T04:51:10.774+0530] {logging_mixin.py:188} INFO - [2026-04-01T04:51:10.774+0530] {dagbag.py:540} INFO - Filling up the DagBag from /Users/aswin/Documents/data-engineering-practice/ETL_Airflow_DBT/airflow/airflow_env/lib/python3.11/site-packages/airflow/example_dags/example_branch_datetime_operator.py
[2026-04-01T04:51:10.779+0530] {processor.py:840} INFO - DAG(s) 'example_branch_datetime_operator_2', 'example_branch_datetime_operator_3', 'example_branch_datetime_operator' retrieved from /Users/aswin/Documents/data-engineering-practice/ETL_Airflow_DBT/airflow/airflow_env/lib/python3.11/site-packages/airflow/example_dags/example_branch_datetime_operator.py
[2026-04-01T04:51:10.814+0530] {logging_mixin.py:188} INFO - [2026-04-01T04:51:10.813+0530] {dag.py:3096} INFO - Sync 3 DAGs
[2026-04-01T04:51:10.820+0530] {logging_mixin.py:188} INFO - [2026-04-01T04:51:10.820+0530] {dag.py:3954} INFO - Setting next_dagrun for example_branch_datetime_operator to 2026-03-30 00:00:00+00:00, run_after=2026-03-31 00:00:00+00:00
[2026-04-01T04:51:10.821+0530] {logging_mixin.py:188} INFO - [2026-04-01T04:51:10.821+0530] {dag.py:3954} INFO - Setting next_dagrun for example_branch_datetime_operator_2 to 2026-03-30 00:00:00+00:00, run_after=2026-03-31 00:00:00+00:00
[2026-04-01T04:51:10.822+0530] {logging_mixin.py:188} INFO - [2026-04-01T04:51:10.822+0530] {dag.py:3954} INFO - Setting next_dagrun for example_branch_datetime_operator_3 to 2026-03-30 00:00:00+00:00, run_after=2026-03-31 00:00:00+00:00
[2026-04-01T04:51:10.828+0530] {processor.py:183} INFO - Processing /Users/aswin/Documents/data-engineering-practice/ETL_Airflow_DBT/airflow/airflow_env/lib/python3.11/site-packages/airflow/example_dags/example_branch_datetime_operator.py took 0.056 seconds
[2026-04-01T04:52:56.955+0530] {processor.py:161} INFO - Started process (PID=71935) to work on /Users/aswin/Documents/data-engineering-practice/ETL_Airflow_DBT/airflow/airflow_env/lib/python3.11/site-packages/airflow/example_dags/example_branch_datetime_operator.py
[2026-04-01T04:52:56.956+0530] {processor.py:830} INFO - Processing file /Users/aswin/Documents/data-engineering-practice/ETL_Airflow_DBT/airflow/airflow_env/lib/python3.11/site-packages/airflow/example_dags/example_branch_datetime_operator.py for tasks to queue
[2026-04-01T04:52:56.956+0530] {logging_mixin.py:188} INFO - [2026-04-01T04:52:56.956+0530] {dagbag.py:540} INFO - Filling up the DagBag from /Users/aswin/Documents/data-engineering-practice/ETL_Airflow_DBT/airflow/airflow_env/lib/python3.11/site-packages/airflow/example_dags/example_branch_datetime_operator.py
[2026-04-01T04:52:56.961+0530] {processor.py:840} INFO - DAG(s) 'example_branch_datetime_operator', 'example_branch_datetime_operator_3', 'example_branch_datetime_operator_2' retrieved from /Users/aswin/Documents/data-engineering-practice/ETL_Airflow_DBT/airflow/airflow_env/lib/python3.11/site-packages/airflow/example_dags/example_branch_datetime_operator.py
[2026-04-01T04:52:56.992+0530] {logging_mixin.py:188} INFO - [2026-04-01T04:52:56.992+0530] {dag.py:3096} INFO - Sync 3 DAGs
[2026-04-01T04:52:56.998+0530] {logging_mixin.py:188} INFO - [2026-04-01T04:52:56.998+0530] {dag.py:3954} INFO - Setting next_dagrun for example_branch_datetime_operator to 2026-03-30 00:00:00+00:00, run_after=2026-03-31 00:00:00+00:00
[2026-04-01T04:52:57.000+0530] {logging_mixin.py:188} INFO - [2026-04-01T04:52:57.000+0530] {dag.py:3954} INFO - Setting next_dagrun for example_branch_datetime_operator_2 to 2026-03-30 00:00:00+00:00, run_after=2026-03-31 00:00:00+00:00
[2026-04-01T04:52:57.000+0530] {logging_mixin.py:188} INFO - [2026-04-01T04:52:57.000+0530] {dag.py:3954} INFO - Setting next_dagrun for example_branch_datetime_operator_3 to 2026-03-30 00:00:00+00:00, run_after=2026-03-31 00:00:00+00:00
[2026-04-01T04:52:57.005+0530] {processor.py:183} INFO - Processing /Users/aswin/Documents/data-engineering-practice/ETL_Airflow_DBT/airflow/airflow_env/lib/python3.11/site-packages/airflow/example_dags/example_branch_datetime_operator.py took 0.051 seconds
[2026-04-01T04:54:40.361+0530] {processor.py:161} INFO - Started process (PID=72015) to work on /Users/aswin/Documents/data-engineering-practice/ETL_Airflow_DBT/airflow/airflow_env/lib/python3.11/site-packages/airflow/example_dags/example_branch_datetime_operator.py
[2026-04-01T04:54:40.362+0530] {processor.py:830} INFO - Processing file /Users/aswin/Documents/data-engineering-practice/ETL_Airflow_DBT/airflow/airflow_env/lib/python3.11/site-packages/airflow/example_dags/example_branch_datetime_operator.py for tasks to queue
[2026-04-01T04:54:40.362+0530] {logging_mixin.py:188} INFO - [2026-04-01T04:54:40.362+0530] {dagbag.py:540} INFO - Filling up the DagBag from /Users/aswin/Documents/data-engineering-practice/ETL_Airflow_DBT/airflow/airflow_env/lib/python3.11/site-packages/airflow/example_dags/example_branch_datetime_operator.py
[2026-04-01T04:54:40.367+0530] {processor.py:840} INFO - DAG(s) 'example_branch_datetime_operator', 'example_branch_datetime_operator_2', 'example_branch_datetime_operator_3' retrieved from /Users/aswin/Documents/data-engineering-practice/ETL_Airflow_DBT/airflow/airflow_env/lib/python3.11/site-packages/airflow/example_dags/example_branch_datetime_operator.py
[2026-04-01T04:54:40.401+0530] {logging_mixin.py:188} INFO - [2026-04-01T04:54:40.400+0530] {dag.py:3096} INFO - Sync 3 DAGs
[2026-04-01T04:54:40.407+0530] {logging_mixin.py:188} INFO - [2026-04-01T04:54:40.407+0530] {dag.py:3954} INFO - Setting next_dagrun for example_branch_datetime_operator to 2026-03-30 00:00:00+00:00, run_after=2026-03-31 00:00:00+00:00
[2026-04-01T04:54:40.408+0530] {logging_mixin.py:188} INFO - [2026-04-01T04:54:40.408+0530] {dag.py:3954} INFO - Setting next_dagrun for example_branch_datetime_operator_2 to 2026-03-30 00:00:00+00:00, run_after=2026-03-31 00:00:00+00:00
[2026-04-01T04:54:40.409+0530] {logging_mixin.py:188} INFO - [2026-04-01T04:54:40.409+0530] {dag.py:3954} INFO - Setting next_dagrun for example_branch_datetime_operator_3 to 2026-03-30 00:00:00+00:00, run_after=2026-03-31 00:00:00+00:00
[2026-04-01T04:54:40.414+0530] {processor.py:183} INFO - Processing /Users/aswin/Documents/data-engineering-practice/ETL_Airflow_DBT/airflow/airflow_env/lib/python3.11/site-packages/airflow/example_dags/example_branch_datetime_operator.py took 0.054 seconds
[2026-04-01T04:56:20.532+0530] {processor.py:161} INFO - Started process (PID=72090) to work on /Users/aswin/Documents/data-engineering-practice/ETL_Airflow_DBT/airflow/airflow_env/lib/python3.11/site-packages/airflow/example_dags/example_branch_datetime_operator.py
[2026-04-01T04:56:20.533+0530] {processor.py:830} INFO - Processing file /Users/aswin/Documents/data-engineering-practice/ETL_Airflow_DBT/airflow/airflow_env/lib/python3.11/site-packages/airflow/example_dags/example_branch_datetime_operator.py for tasks to queue
[2026-04-01T04:56:20.533+0530] {logging_mixin.py:188} INFO - [2026-04-01T04:56:20.533+0530] {dagbag.py:540} INFO - Filling up the DagBag from /Users/aswin/Documents/data-engineering-practice/ETL_Airflow_DBT/airflow/airflow_env/lib/python3.11/site-packages/airflow/example_dags/example_branch_datetime_operator.py
[2026-04-01T04:56:20.538+0530] {processor.py:840} INFO - DAG(s) 'example_branch_datetime_operator_2', 'example_branch_datetime_operator', 'example_branch_datetime_operator_3' retrieved from /Users/aswin/Documents/data-engineering-practice/ETL_Airflow_DBT/airflow/airflow_env/lib/python3.11/site-packages/airflow/example_dags/example_branch_datetime_operator.py
[2026-04-01T04:56:20.571+0530] {logging_mixin.py:188} INFO - [2026-04-01T04:56:20.571+0530] {dag.py:3096} INFO - Sync 3 DAGs
[2026-04-01T04:56:20.577+0530] {logging_mixin.py:188} INFO - [2026-04-01T04:56:20.577+0530] {dag.py:3954} INFO - Setting next_dagrun for example_branch_datetime_operator to 2026-03-30 00:00:00+00:00, run_after=2026-03-31 00:00:00+00:00
[2026-04-01T04:56:20.579+0530] {logging_mixin.py:188} INFO - [2026-04-01T04:56:20.579+0530] {dag.py:3954} INFO - Setting next_dagrun for example_branch_datetime_operator_2 to 2026-03-30 00:00:00+00:00, run_after=2026-03-31 00:00:00+00:00
[2026-04-01T04:56:20.579+0530] {logging_mixin.py:188} INFO - [2026-04-01T04:56:20.579+0530] {dag.py:3954} INFO - Setting next_dagrun for example_branch_datetime_operator_3 to 2026-03-30 00:00:00+00:00, run_after=2026-03-31 00:00:00+00:00
[2026-04-01T04:56:20.585+0530] {processor.py:183} INFO - Processing /Users/aswin/Documents/data-engineering-practice/ETL_Airflow_DBT/airflow/airflow_env/lib/python3.11/site-packages/airflow/example_dags/example_branch_datetime_operator.py took 0.054 seconds
[2026-04-01T04:58:13.305+0530] {processor.py:161} INFO - Started process (PID=72319) to work on /Users/aswin/Documents/data-engineering-practice/ETL_Airflow_DBT/airflow/airflow_env/lib/python3.11/site-packages/airflow/example_dags/example_branch_datetime_operator.py
[2026-04-01T04:58:13.306+0530] {processor.py:830} INFO - Processing file /Users/aswin/Documents/data-engineering-practice/ETL_Airflow_DBT/airflow/airflow_env/lib/python3.11/site-packages/airflow/example_dags/example_branch_datetime_operator.py for tasks to queue
[2026-04-01T04:58:13.306+0530] {logging_mixin.py:188} INFO - [2026-04-01T04:58:13.306+0530] {dagbag.py:540} INFO - Filling up the DagBag from /Users/aswin/Documents/data-engineering-practice/ETL_Airflow_DBT/airflow/airflow_env/lib/python3.11/site-packages/airflow/example_dags/example_branch_datetime_operator.py
[2026-04-01T04:58:13.311+0530] {processor.py:840} INFO - DAG(s) 'example_branch_datetime_operator', 'example_branch_datetime_operator_3', 'example_branch_datetime_operator_2' retrieved from /Users/aswin/Documents/data-engineering-practice/ETL_Airflow_DBT/airflow/airflow_env/lib/python3.11/site-packages/airflow/example_dags/example_branch_datetime_operator.py
[2026-04-01T04:58:13.341+0530] {logging_mixin.py:188} INFO - [2026-04-01T04:58:13.341+0530] {dag.py:3096} INFO - Sync 3 DAGs
[2026-04-01T04:58:13.347+0530] {logging_mixin.py:188} INFO - [2026-04-01T04:58:13.347+0530] {dag.py:3954} INFO - Setting next_dagrun for example_branch_datetime_operator to 2026-03-30 00:00:00+00:00, run_after=2026-03-31 00:00:00+00:00
[2026-04-01T04:58:13.348+0530] {logging_mixin.py:188} INFO - [2026-04-01T04:58:13.348+0530] {dag.py:3954} INFO - Setting next_dagrun for example_branch_datetime_operator_2 to 2026-03-30 00:00:00+00:00, run_after=2026-03-31 00:00:00+00:00
[2026-04-01T04:58:13.349+0530] {logging_mixin.py:188} INFO - [2026-04-01T04:58:13.349+0530] {dag.py:3954} INFO - Setting next_dagrun for example_branch_datetime_operator_3 to 2026-03-30 00:00:00+00:00, run_after=2026-03-31 00:00:00+00:00
[2026-04-01T04:58:13.354+0530] {processor.py:183} INFO - Processing /Users/aswin/Documents/data-engineering-practice/ETL_Airflow_DBT/airflow/airflow_env/lib/python3.11/site-packages/airflow/example_dags/example_branch_datetime_operator.py took 0.049 seconds
[2026-04-01T05:00:08.572+0530] {processor.py:161} INFO - Started process (PID=72405) to work on /Users/aswin/Documents/data-engineering-practice/ETL_Airflow_DBT/airflow/airflow_env/lib/python3.11/site-packages/airflow/example_dags/example_branch_datetime_operator.py
[2026-04-01T05:00:08.572+0530] {processor.py:830} INFO - Processing file /Users/aswin/Documents/data-engineering-practice/ETL_Airflow_DBT/airflow/airflow_env/lib/python3.11/site-packages/airflow/example_dags/example_branch_datetime_operator.py for tasks to queue
[2026-04-01T05:00:08.572+0530] {logging_mixin.py:188} INFO - [2026-04-01T05:00:08.572+0530] {dagbag.py:540} INFO - Filling up the DagBag from /Users/aswin/Documents/data-engineering-practice/ETL_Airflow_DBT/airflow/airflow_env/lib/python3.11/site-packages/airflow/example_dags/example_branch_datetime_operator.py
[2026-04-01T05:00:08.577+0530] {processor.py:840} INFO - DAG(s) 'example_branch_datetime_operator', 'example_branch_datetime_operator_3', 'example_branch_datetime_operator_2' retrieved from /Users/aswin/Documents/data-engineering-practice/ETL_Airflow_DBT/airflow/airflow_env/lib/python3.11/site-packages/airflow/example_dags/example_branch_datetime_operator.py
[2026-04-01T05:00:08.608+0530] {logging_mixin.py:188} INFO - [2026-04-01T05:00:08.608+0530] {dag.py:3096} INFO - Sync 3 DAGs
[2026-04-01T05:00:08.614+0530] {logging_mixin.py:188} INFO - [2026-04-01T05:00:08.614+0530] {dag.py:3954} INFO - Setting next_dagrun for example_branch_datetime_operator to 2026-03-30 00:00:00+00:00, run_after=2026-03-31 00:00:00+00:00
[2026-04-01T05:00:08.616+0530] {logging_mixin.py:188} INFO - [2026-04-01T05:00:08.615+0530] {dag.py:3954} INFO - Setting next_dagrun for example_branch_datetime_operator_2 to 2026-03-30 00:00:00+00:00, run_after=2026-03-31 00:00:00+00:00
[2026-04-01T05:00:08.616+0530] {logging_mixin.py:188} INFO - [2026-04-01T05:00:08.616+0530] {dag.py:3954} INFO - Setting next_dagrun for example_branch_datetime_operator_3 to 2026-03-30 00:00:00+00:00, run_after=2026-03-31 00:00:00+00:00
[2026-04-01T05:00:08.622+0530] {processor.py:183} INFO - Processing /Users/aswin/Documents/data-engineering-practice/ETL_Airflow_DBT/airflow/airflow_env/lib/python3.11/site-packages/airflow/example_dags/example_branch_datetime_operator.py took 0.051 seconds
[2026-04-01T05:01:54.718+0530] {processor.py:161} INFO - Started process (PID=72482) to work on /Users/aswin/Documents/data-engineering-practice/ETL_Airflow_DBT/airflow/airflow_env/lib/python3.11/site-packages/airflow/example_dags/example_branch_datetime_operator.py
[2026-04-01T05:01:54.718+0530] {processor.py:830} INFO - Processing file /Users/aswin/Documents/data-engineering-practice/ETL_Airflow_DBT/airflow/airflow_env/lib/python3.11/site-packages/airflow/example_dags/example_branch_datetime_operator.py for tasks to queue
[2026-04-01T05:01:54.719+0530] {logging_mixin.py:188} INFO - [2026-04-01T05:01:54.718+0530] {dagbag.py:540} INFO - Filling up the DagBag from /Users/aswin/Documents/data-engineering-practice/ETL_Airflow_DBT/airflow/airflow_env/lib/python3.11/site-packages/airflow/example_dags/example_branch_datetime_operator.py
[2026-04-01T05:01:54.724+0530] {processor.py:840} INFO - DAG(s) 'example_branch_datetime_operator_2', 'example_branch_datetime_operator_3', 'example_branch_datetime_operator' retrieved from /Users/aswin/Documents/data-engineering-practice/ETL_Airflow_DBT/airflow/airflow_env/lib/python3.11/site-packages/airflow/example_dags/example_branch_datetime_operator.py
[2026-04-01T05:01:54.756+0530] {logging_mixin.py:188} INFO - [2026-04-01T05:01:54.756+0530] {dag.py:3096} INFO - Sync 3 DAGs
[2026-04-01T05:01:54.762+0530] {logging_mixin.py:188} INFO - [2026-04-01T05:01:54.762+0530] {dag.py:3954} INFO - Setting next_dagrun for example_branch_datetime_operator to 2026-03-30 00:00:00+00:00, run_after=2026-03-31 00:00:00+00:00
[2026-04-01T05:01:54.763+0530] {logging_mixin.py:188} INFO - [2026-04-01T05:01:54.763+0530] {dag.py:3954} INFO - Setting next_dagrun for example_branch_datetime_operator_2 to 2026-03-30 00:00:00+00:00, run_after=2026-03-31 00:00:00+00:00
[2026-04-01T05:01:54.764+0530] {logging_mixin.py:188} INFO - [2026-04-01T05:01:54.764+0530] {dag.py:3954} INFO - Setting next_dagrun for example_branch_datetime_operator_3 to 2026-03-30 00:00:00+00:00, run_after=2026-03-31 00:00:00+00:00
[2026-04-01T05:01:54.769+0530] {processor.py:183} INFO - Processing /Users/aswin/Documents/data-engineering-practice/ETL_Airflow_DBT/airflow/airflow_env/lib/python3.11/site-packages/airflow/example_dags/example_branch_datetime_operator.py took 0.053 seconds
[2026-04-01T05:03:55.845+0530] {processor.py:161} INFO - Started process (PID=72566) to work on /Users/aswin/Documents/data-engineering-practice/ETL_Airflow_DBT/airflow/airflow_env/lib/python3.11/site-packages/airflow/example_dags/example_branch_datetime_operator.py
[2026-04-01T05:03:55.845+0530] {processor.py:830} INFO - Processing file /Users/aswin/Documents/data-engineering-practice/ETL_Airflow_DBT/airflow/airflow_env/lib/python3.11/site-packages/airflow/example_dags/example_branch_datetime_operator.py for tasks to queue
[2026-04-01T05:03:55.846+0530] {logging_mixin.py:188} INFO - [2026-04-01T05:03:55.846+0530] {dagbag.py:540} INFO - Filling up the DagBag from /Users/aswin/Documents/data-engineering-practice/ETL_Airflow_DBT/airflow/airflow_env/lib/python3.11/site-packages/airflow/example_dags/example_branch_datetime_operator.py
[2026-04-01T05:03:55.851+0530] {processor.py:840} INFO - DAG(s) 'example_branch_datetime_operator_3', 'example_branch_datetime_operator_2', 'example_branch_datetime_operator' retrieved from /Users/aswin/Documents/data-engineering-practice/ETL_Airflow_DBT/airflow/airflow_env/lib/python3.11/site-packages/airflow/example_dags/example_branch_datetime_operator.py
[2026-04-01T05:03:55.886+0530] {logging_mixin.py:188} INFO - [2026-04-01T05:03:55.886+0530] {dag.py:3096} INFO - Sync 3 DAGs
[2026-04-01T05:03:55.893+0530] {logging_mixin.py:188} INFO - [2026-04-01T05:03:55.893+0530] {dag.py:3954} INFO - Setting next_dagrun for example_branch_datetime_operator to 2026-03-30 00:00:00+00:00, run_after=2026-03-31 00:00:00+00:00
[2026-04-01T05:03:55.894+0530] {logging_mixin.py:188} INFO - [2026-04-01T05:03:55.894+0530] {dag.py:3954} INFO - Setting next_dagrun for example_branch_datetime_operator_2 to 2026-03-30 00:00:00+00:00, run_after=2026-03-31 00:00:00+00:00
[2026-04-01T05:03:55.895+0530] {logging_mixin.py:188} INFO - [2026-04-01T05:03:55.895+0530] {dag.py:3954} INFO - Setting next_dagrun for example_branch_datetime_operator_3 to 2026-03-30 00:00:00+00:00, run_after=2026-03-31 00:00:00+00:00
[2026-04-01T05:03:55.901+0530] {processor.py:183} INFO - Processing /Users/aswin/Documents/data-engineering-practice/ETL_Airflow_DBT/airflow/airflow_env/lib/python3.11/site-packages/airflow/example_dags/example_branch_datetime_operator.py took 0.059 seconds
[2026-04-01T05:05:47.739+0530] {processor.py:161} INFO - Started process (PID=72654) to work on /Users/aswin/Documents/data-engineering-practice/ETL_Airflow_DBT/airflow/airflow_env/lib/python3.11/site-packages/airflow/example_dags/example_branch_datetime_operator.py
[2026-04-01T05:05:47.740+0530] {processor.py:830} INFO - Processing file /Users/aswin/Documents/data-engineering-practice/ETL_Airflow_DBT/airflow/airflow_env/lib/python3.11/site-packages/airflow/example_dags/example_branch_datetime_operator.py for tasks to queue
[2026-04-01T05:05:47.740+0530] {logging_mixin.py:188} INFO - [2026-04-01T05:05:47.740+0530] {dagbag.py:540} INFO - Filling up the DagBag from /Users/aswin/Documents/data-engineering-practice/ETL_Airflow_DBT/airflow/airflow_env/lib/python3.11/site-packages/airflow/example_dags/example_branch_datetime_operator.py
[2026-04-01T05:05:47.745+0530] {processor.py:840} INFO - DAG(s) 'example_branch_datetime_operator_3', 'example_branch_datetime_operator_2', 'example_branch_datetime_operator' retrieved from /Users/aswin/Documents/data-engineering-practice/ETL_Airflow_DBT/airflow/airflow_env/lib/python3.11/site-packages/airflow/example_dags/example_branch_datetime_operator.py
[2026-04-01T05:05:47.776+0530] {logging_mixin.py:188} INFO - [2026-04-01T05:05:47.776+0530] {dag.py:3096} INFO - Sync 3 DAGs
[2026-04-01T05:05:47.782+0530] {logging_mixin.py:188} INFO - [2026-04-01T05:05:47.782+0530] {dag.py:3954} INFO - Setting next_dagrun for example_branch_datetime_operator to 2026-03-30 00:00:00+00:00, run_after=2026-03-31 00:00:00+00:00
[2026-04-01T05:05:47.783+0530] {logging_mixin.py:188} INFO - [2026-04-01T05:05:47.783+0530] {dag.py:3954} INFO - Setting next_dagrun for example_branch_datetime_operator_2 to 2026-03-30 00:00:00+00:00, run_after=2026-03-31 00:00:00+00:00
[2026-04-01T05:05:47.784+0530] {logging_mixin.py:188} INFO - [2026-04-01T05:05:47.784+0530] {dag.py:3954} INFO - Setting next_dagrun for example_branch_datetime_operator_3 to 2026-03-30 00:00:00+00:00, run_after=2026-03-31 00:00:00+00:00
[2026-04-01T05:05:47.789+0530] {processor.py:183} INFO - Processing /Users/aswin/Documents/data-engineering-practice/ETL_Airflow_DBT/airflow/airflow_env/lib/python3.11/site-packages/airflow/example_dags/example_branch_datetime_operator.py took 0.051 seconds
[2026-04-01T05:19:55.789+0530] {processor.py:161} INFO - Started process (PID=72847) to work on /Users/aswin/Documents/data-engineering-practice/ETL_Airflow_DBT/airflow/airflow_env/lib/python3.11/site-packages/airflow/example_dags/example_branch_datetime_operator.py
[2026-04-01T05:19:55.790+0530] {processor.py:830} INFO - Processing file /Users/aswin/Documents/data-engineering-practice/ETL_Airflow_DBT/airflow/airflow_env/lib/python3.11/site-packages/airflow/example_dags/example_branch_datetime_operator.py for tasks to queue
[2026-04-01T05:19:55.790+0530] {logging_mixin.py:188} INFO - [2026-04-01T05:19:55.790+0530] {dagbag.py:540} INFO - Filling up the DagBag from /Users/aswin/Documents/data-engineering-practice/ETL_Airflow_DBT/airflow/airflow_env/lib/python3.11/site-packages/airflow/example_dags/example_branch_datetime_operator.py
[2026-04-01T05:19:55.795+0530] {processor.py:840} INFO - DAG(s) 'example_branch_datetime_operator_2', 'example_branch_datetime_operator', 'example_branch_datetime_operator_3' retrieved from /Users/aswin/Documents/data-engineering-practice/ETL_Airflow_DBT/airflow/airflow_env/lib/python3.11/site-packages/airflow/example_dags/example_branch_datetime_operator.py
[2026-04-01T05:19:55.827+0530] {logging_mixin.py:188} INFO - [2026-04-01T05:19:55.826+0530] {dag.py:3096} INFO - Sync 3 DAGs
[2026-04-01T05:19:55.833+0530] {logging_mixin.py:188} INFO - [2026-04-01T05:19:55.833+0530] {dag.py:3954} INFO - Setting next_dagrun for example_branch_datetime_operator to 2026-03-30 00:00:00+00:00, run_after=2026-03-31 00:00:00+00:00
[2026-04-01T05:19:55.834+0530] {logging_mixin.py:188} INFO - [2026-04-01T05:19:55.834+0530] {dag.py:3954} INFO - Setting next_dagrun for example_branch_datetime_operator_2 to 2026-03-30 00:00:00+00:00, run_after=2026-03-31 00:00:00+00:00
[2026-04-01T05:19:55.834+0530] {logging_mixin.py:188} INFO - [2026-04-01T05:19:55.834+0530] {dag.py:3954} INFO - Setting next_dagrun for example_branch_datetime_operator_3 to 2026-03-30 00:00:00+00:00, run_after=2026-03-31 00:00:00+00:00
[2026-04-01T05:19:55.840+0530] {processor.py:183} INFO - Processing /Users/aswin/Documents/data-engineering-practice/ETL_Airflow_DBT/airflow/airflow_env/lib/python3.11/site-packages/airflow/example_dags/example_branch_datetime_operator.py took 0.051 seconds
[2026-04-01T05:21:51.384+0530] {processor.py:161} INFO - Started process (PID=72939) to work on /Users/aswin/Documents/data-engineering-practice/ETL_Airflow_DBT/airflow/airflow_env/lib/python3.11/site-packages/airflow/example_dags/example_branch_datetime_operator.py
[2026-04-01T05:21:51.385+0530] {processor.py:830} INFO - Processing file /Users/aswin/Documents/data-engineering-practice/ETL_Airflow_DBT/airflow/airflow_env/lib/python3.11/site-packages/airflow/example_dags/example_branch_datetime_operator.py for tasks to queue
[2026-04-01T05:21:51.385+0530] {logging_mixin.py:188} INFO - [2026-04-01T05:21:51.385+0530] {dagbag.py:540} INFO - Filling up the DagBag from /Users/aswin/Documents/data-engineering-practice/ETL_Airflow_DBT/airflow/airflow_env/lib/python3.11/site-packages/airflow/example_dags/example_branch_datetime_operator.py
[2026-04-01T05:21:51.389+0530] {processor.py:840} INFO - DAG(s) 'example_branch_datetime_operator', 'example_branch_datetime_operator_3', 'example_branch_datetime_operator_2' retrieved from /Users/aswin/Documents/data-engineering-practice/ETL_Airflow_DBT/airflow/airflow_env/lib/python3.11/site-packages/airflow/example_dags/example_branch_datetime_operator.py
[2026-04-01T05:21:51.421+0530] {logging_mixin.py:188} INFO - [2026-04-01T05:21:51.421+0530] {dag.py:3096} INFO - Sync 3 DAGs
[2026-04-01T05:21:51.427+0530] {logging_mixin.py:188} INFO - [2026-04-01T05:21:51.427+0530] {dag.py:3954} INFO - Setting next_dagrun for example_branch_datetime_operator to 2026-03-30 00:00:00+00:00, run_after=2026-03-31 00:00:00+00:00
[2026-04-01T05:21:51.428+0530] {logging_mixin.py:188} INFO - [2026-04-01T05:21:51.428+0530] {dag.py:3954} INFO - Setting next_dagrun for example_branch_datetime_operator_2 to 2026-03-30 00:00:00+00:00, run_after=2026-03-31 00:00:00+00:00
[2026-04-01T05:21:51.428+0530] {logging_mixin.py:188} INFO - [2026-04-01T05:21:51.428+0530] {dag.py:3954} INFO - Setting next_dagrun for example_branch_datetime_operator_3 to 2026-03-30 00:00:00+00:00, run_after=2026-03-31 00:00:00+00:00
[2026-04-01T05:21:51.434+0530] {processor.py:183} INFO - Processing /Users/aswin/Documents/data-engineering-practice/ETL_Airflow_DBT/airflow/airflow_env/lib/python3.11/site-packages/airflow/example_dags/example_branch_datetime_operator.py took 0.051 seconds
[2026-04-01T05:23:41.652+0530] {processor.py:161} INFO - Started process (PID=73035) to work on /Users/aswin/Documents/data-engineering-practice/ETL_Airflow_DBT/airflow/airflow_env/lib/python3.11/site-packages/airflow/example_dags/example_branch_datetime_operator.py
[2026-04-01T05:23:41.653+0530] {processor.py:830} INFO - Processing file /Users/aswin/Documents/data-engineering-practice/ETL_Airflow_DBT/airflow/airflow_env/lib/python3.11/site-packages/airflow/example_dags/example_branch_datetime_operator.py for tasks to queue
[2026-04-01T05:23:41.653+0530] {logging_mixin.py:188} INFO - [2026-04-01T05:23:41.653+0530] {dagbag.py:540} INFO - Filling up the DagBag from /Users/aswin/Documents/data-engineering-practice/ETL_Airflow_DBT/airflow/airflow_env/lib/python3.11/site-packages/airflow/example_dags/example_branch_datetime_operator.py
[2026-04-01T05:23:41.658+0530] {processor.py:840} INFO - DAG(s) 'example_branch_datetime_operator', 'example_branch_datetime_operator_2', 'example_branch_datetime_operator_3' retrieved from /Users/aswin/Documents/data-engineering-practice/ETL_Airflow_DBT/airflow/airflow_env/lib/python3.11/site-packages/airflow/example_dags/example_branch_datetime_operator.py
[2026-04-01T05:23:41.692+0530] {logging_mixin.py:188} INFO - [2026-04-01T05:23:41.692+0530] {dag.py:3096} INFO - Sync 3 DAGs
[2026-04-01T05:23:41.699+0530] {logging_mixin.py:188} INFO - [2026-04-01T05:23:41.699+0530] {dag.py:3954} INFO - Setting next_dagrun for example_branch_datetime_operator to 2026-03-30 00:00:00+00:00, run_after=2026-03-31 00:00:00+00:00
[2026-04-01T05:23:41.700+0530] {logging_mixin.py:188} INFO - [2026-04-01T05:23:41.700+0530] {dag.py:3954} INFO - Setting next_dagrun for example_branch_datetime_operator_2 to 2026-03-30 00:00:00+00:00, run_after=2026-03-31 00:00:00+00:00
[2026-04-01T05:23:41.701+0530] {logging_mixin.py:188} INFO - [2026-04-01T05:23:41.701+0530] {dag.py:3954} INFO - Setting next_dagrun for example_branch_datetime_operator_3 to 2026-03-30 00:00:00+00:00, run_after=2026-03-31 00:00:00+00:00
[2026-04-01T05:23:41.706+0530] {processor.py:183} INFO - Processing /Users/aswin/Documents/data-engineering-practice/ETL_Airflow_DBT/airflow/airflow_env/lib/python3.11/site-packages/airflow/example_dags/example_branch_datetime_operator.py took 0.055 seconds
[2026-04-01T05:25:36.606+0530] {processor.py:161} INFO - Started process (PID=73121) to work on /Users/aswin/Documents/data-engineering-practice/ETL_Airflow_DBT/airflow/airflow_env/lib/python3.11/site-packages/airflow/example_dags/example_branch_datetime_operator.py
[2026-04-01T05:25:36.608+0530] {processor.py:830} INFO - Processing file /Users/aswin/Documents/data-engineering-practice/ETL_Airflow_DBT/airflow/airflow_env/lib/python3.11/site-packages/airflow/example_dags/example_branch_datetime_operator.py for tasks to queue
[2026-04-01T05:25:36.608+0530] {logging_mixin.py:188} INFO - [2026-04-01T05:25:36.608+0530] {dagbag.py:540} INFO - Filling up the DagBag from /Users/aswin/Documents/data-engineering-practice/ETL_Airflow_DBT/airflow/airflow_env/lib/python3.11/site-packages/airflow/example_dags/example_branch_datetime_operator.py
[2026-04-01T05:25:36.613+0530] {processor.py:840} INFO - DAG(s) 'example_branch_datetime_operator_2', 'example_branch_datetime_operator_3', 'example_branch_datetime_operator' retrieved from /Users/aswin/Documents/data-engineering-practice/ETL_Airflow_DBT/airflow/airflow_env/lib/python3.11/site-packages/airflow/example_dags/example_branch_datetime_operator.py
[2026-04-01T05:25:36.644+0530] {logging_mixin.py:188} INFO - [2026-04-01T05:25:36.643+0530] {dag.py:3096} INFO - Sync 3 DAGs
[2026-04-01T05:25:36.650+0530] {logging_mixin.py:188} INFO - [2026-04-01T05:25:36.649+0530] {dag.py:3954} INFO - Setting next_dagrun for example_branch_datetime_operator to 2026-03-30 00:00:00+00:00, run_after=2026-03-31 00:00:00+00:00
[2026-04-01T05:25:36.651+0530] {logging_mixin.py:188} INFO - [2026-04-01T05:25:36.651+0530] {dag.py:3954} INFO - Setting next_dagrun for example_branch_datetime_operator_2 to 2026-03-30 00:00:00+00:00, run_after=2026-03-31 00:00:00+00:00
[2026-04-01T05:25:36.651+0530] {logging_mixin.py:188} INFO - [2026-04-01T05:25:36.651+0530] {dag.py:3954} INFO - Setting next_dagrun for example_branch_datetime_operator_3 to 2026-03-30 00:00:00+00:00, run_after=2026-03-31 00:00:00+00:00
[2026-04-01T05:25:36.656+0530] {processor.py:183} INFO - Processing /Users/aswin/Documents/data-engineering-practice/ETL_Airflow_DBT/airflow/airflow_env/lib/python3.11/site-packages/airflow/example_dags/example_branch_datetime_operator.py took 0.052 seconds
[2026-04-01T05:27:28.772+0530] {processor.py:161} INFO - Started process (PID=73203) to work on /Users/aswin/Documents/data-engineering-practice/ETL_Airflow_DBT/airflow/airflow_env/lib/python3.11/site-packages/airflow/example_dags/example_branch_datetime_operator.py
[2026-04-01T05:27:28.772+0530] {processor.py:830} INFO - Processing file /Users/aswin/Documents/data-engineering-practice/ETL_Airflow_DBT/airflow/airflow_env/lib/python3.11/site-packages/airflow/example_dags/example_branch_datetime_operator.py for tasks to queue
[2026-04-01T05:27:28.772+0530] {logging_mixin.py:188} INFO - [2026-04-01T05:27:28.772+0530] {dagbag.py:540} INFO - Filling up the DagBag from /Users/aswin/Documents/data-engineering-practice/ETL_Airflow_DBT/airflow/airflow_env/lib/python3.11/site-packages/airflow/example_dags/example_branch_datetime_operator.py
[2026-04-01T05:27:28.777+0530] {processor.py:840} INFO - DAG(s) 'example_branch_datetime_operator', 'example_branch_datetime_operator_2', 'example_branch_datetime_operator_3' retrieved from /Users/aswin/Documents/data-engineering-practice/ETL_Airflow_DBT/airflow/airflow_env/lib/python3.11/site-packages/airflow/example_dags/example_branch_datetime_operator.py
[2026-04-01T05:27:28.808+0530] {logging_mixin.py:188} INFO - [2026-04-01T05:27:28.808+0530] {dag.py:3096} INFO - Sync 3 DAGs
[2026-04-01T05:27:28.815+0530] {logging_mixin.py:188} INFO - [2026-04-01T05:27:28.814+0530] {dag.py:3954} INFO - Setting next_dagrun for example_branch_datetime_operator to 2026-03-30 00:00:00+00:00, run_after=2026-03-31 00:00:00+00:00
[2026-04-01T05:27:28.816+0530] {logging_mixin.py:188} INFO - [2026-04-01T05:27:28.816+0530] {dag.py:3954} INFO - Setting next_dagrun for example_branch_datetime_operator_2 to 2026-03-30 00:00:00+00:00, run_after=2026-03-31 00:00:00+00:00
[2026-04-01T05:27:28.816+0530] {logging_mixin.py:188} INFO - [2026-04-01T05:27:28.816+0530] {dag.py:3954} INFO - Setting next_dagrun for example_branch_datetime_operator_3 to 2026-03-30 00:00:00+00:00, run_after=2026-03-31 00:00:00+00:00
[2026-04-01T05:27:28.822+0530] {processor.py:183} INFO - Processing /Users/aswin/Documents/data-engineering-practice/ETL_Airflow_DBT/airflow/airflow_env/lib/python3.11/site-packages/airflow/example_dags/example_branch_datetime_operator.py took 0.051 seconds
[2026-04-01T05:29:31.371+0530] {processor.py:161} INFO - Started process (PID=73302) to work on /Users/aswin/Documents/data-engineering-practice/ETL_Airflow_DBT/airflow/airflow_env/lib/python3.11/site-packages/airflow/example_dags/example_branch_datetime_operator.py
[2026-04-01T05:29:31.373+0530] {processor.py:830} INFO - Processing file /Users/aswin/Documents/data-engineering-practice/ETL_Airflow_DBT/airflow/airflow_env/lib/python3.11/site-packages/airflow/example_dags/example_branch_datetime_operator.py for tasks to queue
[2026-04-01T05:29:31.373+0530] {logging_mixin.py:188} INFO - [2026-04-01T05:29:31.373+0530] {dagbag.py:540} INFO - Filling up the DagBag from /Users/aswin/Documents/data-engineering-practice/ETL_Airflow_DBT/airflow/airflow_env/lib/python3.11/site-packages/airflow/example_dags/example_branch_datetime_operator.py
[2026-04-01T05:29:31.378+0530] {processor.py:840} INFO - DAG(s) 'example_branch_datetime_operator', 'example_branch_datetime_operator_3', 'example_branch_datetime_operator_2' retrieved from /Users/aswin/Documents/data-engineering-practice/ETL_Airflow_DBT/airflow/airflow_env/lib/python3.11/site-packages/airflow/example_dags/example_branch_datetime_operator.py
[2026-04-01T05:29:31.412+0530] {logging_mixin.py:188} INFO - [2026-04-01T05:29:31.412+0530] {dag.py:3096} INFO - Sync 3 DAGs
[2026-04-01T05:29:31.418+0530] {logging_mixin.py:188} INFO - [2026-04-01T05:29:31.418+0530] {dag.py:3954} INFO - Setting next_dagrun for example_branch_datetime_operator to 2026-03-30 00:00:00+00:00, run_after=2026-03-31 00:00:00+00:00
[2026-04-01T05:29:31.420+0530] {logging_mixin.py:188} INFO - [2026-04-01T05:29:31.420+0530] {dag.py:3954} INFO - Setting next_dagrun for example_branch_datetime_operator_2 to 2026-03-30 00:00:00+00:00, run_after=2026-03-31 00:00:00+00:00
[2026-04-01T05:29:31.420+0530] {logging_mixin.py:188} INFO - [2026-04-01T05:29:31.420+0530] {dag.py:3954} INFO - Setting next_dagrun for example_branch_datetime_operator_3 to 2026-03-30 00:00:00+00:00, run_after=2026-03-31 00:00:00+00:00
[2026-04-01T05:29:31.426+0530] {processor.py:183} INFO - Processing /Users/aswin/Documents/data-engineering-practice/ETL_Airflow_DBT/airflow/airflow_env/lib/python3.11/site-packages/airflow/example_dags/example_branch_datetime_operator.py took 0.056 seconds
