[2026-04-01T04:48:22.292+0530] {processor.py:161} INFO - Started process (PID=71724) to work on /Users/aswin/Documents/data-engineering-practice/ETL_Airflow_DBT/airflow/airflow_env/lib/python3.11/site-packages/airflow/example_dags/example_trigger_target_dag.py
[2026-04-01T04:48:22.293+0530] {processor.py:830} INFO - Processing file /Users/aswin/Documents/data-engineering-practice/ETL_Airflow_DBT/airflow/airflow_env/lib/python3.11/site-packages/airflow/example_dags/example_trigger_target_dag.py for tasks to queue
[2026-04-01T04:48:22.293+0530] {logging_mixin.py:188} INFO - [2026-04-01T04:48:22.293+0530] {dagbag.py:540} INFO - Filling up the DagBag from /Users/aswin/Documents/data-engineering-practice/ETL_Airflow_DBT/airflow/airflow_env/lib/python3.11/site-packages/airflow/example_dags/example_trigger_target_dag.py
[2026-04-01T04:48:22.308+0530] {processor.py:840} INFO - DAG(s) 'example_trigger_target_dag' retrieved from /Users/aswin/Documents/data-engineering-practice/ETL_Airflow_DBT/airflow/airflow_env/lib/python3.11/site-packages/airflow/example_dags/example_trigger_target_dag.py
[2026-04-01T04:48:22.371+0530] {logging_mixin.py:188} INFO - [2026-04-01T04:48:22.370+0530] {override.py:1829} INFO - Created Permission View: can delete on DAG:example_trigger_target_dag
[2026-04-01T04:48:22.374+0530] {logging_mixin.py:188} INFO - [2026-04-01T04:48:22.374+0530] {override.py:1829} INFO - Created Permission View: can edit on DAG:example_trigger_target_dag
[2026-04-01T04:48:22.376+0530] {logging_mixin.py:188} INFO - [2026-04-01T04:48:22.376+0530] {override.py:1829} INFO - Created Permission View: can read on DAG:example_trigger_target_dag
[2026-04-01T04:48:22.376+0530] {logging_mixin.py:188} INFO - [2026-04-01T04:48:22.376+0530] {dag.py:3096} INFO - Sync 1 DAGs
[2026-04-01T04:48:22.405+0530] {logging_mixin.py:188} INFO - [2026-04-01T04:48:22.405+0530] {dag.py:3118} INFO - Creating ORM DAG for example_trigger_target_dag
[2026-04-01T04:48:22.405+0530] {logging_mixin.py:188} INFO - [2026-04-01T04:48:22.405+0530] {dag.py:3954} INFO - Setting next_dagrun for example_trigger_target_dag to None, run_after=None
[2026-04-01T04:48:22.411+0530] {processor.py:183} INFO - Processing /Users/aswin/Documents/data-engineering-practice/ETL_Airflow_DBT/airflow/airflow_env/lib/python3.11/site-packages/airflow/example_dags/example_trigger_target_dag.py took 0.120 seconds
[2026-04-01T04:49:54.753+0530] {processor.py:161} INFO - Started process (PID=71790) to work on /Users/aswin/Documents/data-engineering-practice/ETL_Airflow_DBT/airflow/airflow_env/lib/python3.11/site-packages/airflow/example_dags/example_trigger_target_dag.py
[2026-04-01T04:49:54.754+0530] {processor.py:830} INFO - Processing file /Users/aswin/Documents/data-engineering-practice/ETL_Airflow_DBT/airflow/airflow_env/lib/python3.11/site-packages/airflow/example_dags/example_trigger_target_dag.py for tasks to queue
[2026-04-01T04:49:54.754+0530] {logging_mixin.py:188} INFO - [2026-04-01T04:49:54.754+0530] {dagbag.py:540} INFO - Filling up the DagBag from /Users/aswin/Documents/data-engineering-practice/ETL_Airflow_DBT/airflow/airflow_env/lib/python3.11/site-packages/airflow/example_dags/example_trigger_target_dag.py
[2026-04-01T04:49:54.770+0530] {processor.py:840} INFO - DAG(s) 'example_trigger_target_dag' retrieved from /Users/aswin/Documents/data-engineering-practice/ETL_Airflow_DBT/airflow/airflow_env/lib/python3.11/site-packages/airflow/example_dags/example_trigger_target_dag.py
[2026-04-01T04:49:54.799+0530] {logging_mixin.py:188} INFO - [2026-04-01T04:49:54.799+0530] {dag.py:3096} INFO - Sync 1 DAGs
[2026-04-01T04:49:54.802+0530] {logging_mixin.py:188} INFO - [2026-04-01T04:49:54.802+0530] {dag.py:3954} INFO - Setting next_dagrun for example_trigger_target_dag to None, run_after=None
[2026-04-01T04:49:54.808+0530] {processor.py:183} INFO - Processing /Users/aswin/Documents/data-engineering-practice/ETL_Airflow_DBT/airflow/airflow_env/lib/python3.11/site-packages/airflow/example_dags/example_trigger_target_dag.py took 0.056 seconds
[2026-04-01T04:50:47.550+0530] {processor.py:161} INFO - Started process (PID=71834) to work on /Users/aswin/Documents/data-engineering-practice/ETL_Airflow_DBT/airflow/airflow_env/lib/python3.11/site-packages/airflow/example_dags/example_trigger_target_dag.py
[2026-04-01T04:50:47.550+0530] {processor.py:830} INFO - Processing file /Users/aswin/Documents/data-engineering-practice/ETL_Airflow_DBT/airflow/airflow_env/lib/python3.11/site-packages/airflow/example_dags/example_trigger_target_dag.py for tasks to queue
[2026-04-01T04:50:47.551+0530] {logging_mixin.py:188} INFO - [2026-04-01T04:50:47.551+0530] {dagbag.py:540} INFO - Filling up the DagBag from /Users/aswin/Documents/data-engineering-practice/ETL_Airflow_DBT/airflow/airflow_env/lib/python3.11/site-packages/airflow/example_dags/example_trigger_target_dag.py
[2026-04-01T04:50:47.566+0530] {processor.py:840} INFO - DAG(s) 'example_trigger_target_dag' retrieved from /Users/aswin/Documents/data-engineering-practice/ETL_Airflow_DBT/airflow/airflow_env/lib/python3.11/site-packages/airflow/example_dags/example_trigger_target_dag.py
[2026-04-01T04:50:47.596+0530] {logging_mixin.py:188} INFO - [2026-04-01T04:50:47.596+0530] {dag.py:3096} INFO - Sync 1 DAGs
[2026-04-01T04:50:47.599+0530] {logging_mixin.py:188} INFO - [2026-04-01T04:50:47.599+0530] {dag.py:3954} INFO - Setting next_dagrun for example_trigger_target_dag to None, run_after=None
[2026-04-01T04:50:47.605+0530] {processor.py:183} INFO - Processing /Users/aswin/Documents/data-engineering-practice/ETL_Airflow_DBT/airflow/airflow_env/lib/python3.11/site-packages/airflow/example_dags/example_trigger_target_dag.py took 0.056 seconds
[2026-04-01T04:51:40.449+0530] {processor.py:161} INFO - Started process (PID=71878) to work on /Users/aswin/Documents/data-engineering-practice/ETL_Airflow_DBT/airflow/airflow_env/lib/python3.11/site-packages/airflow/example_dags/example_trigger_target_dag.py
[2026-04-01T04:51:40.450+0530] {processor.py:830} INFO - Processing file /Users/aswin/Documents/data-engineering-practice/ETL_Airflow_DBT/airflow/airflow_env/lib/python3.11/site-packages/airflow/example_dags/example_trigger_target_dag.py for tasks to queue
[2026-04-01T04:51:40.450+0530] {logging_mixin.py:188} INFO - [2026-04-01T04:51:40.450+0530] {dagbag.py:540} INFO - Filling up the DagBag from /Users/aswin/Documents/data-engineering-practice/ETL_Airflow_DBT/airflow/airflow_env/lib/python3.11/site-packages/airflow/example_dags/example_trigger_target_dag.py
[2026-04-01T04:51:40.465+0530] {processor.py:840} INFO - DAG(s) 'example_trigger_target_dag' retrieved from /Users/aswin/Documents/data-engineering-practice/ETL_Airflow_DBT/airflow/airflow_env/lib/python3.11/site-packages/airflow/example_dags/example_trigger_target_dag.py
[2026-04-01T04:51:40.494+0530] {logging_mixin.py:188} INFO - [2026-04-01T04:51:40.494+0530] {dag.py:3096} INFO - Sync 1 DAGs
[2026-04-01T04:51:40.497+0530] {logging_mixin.py:188} INFO - [2026-04-01T04:51:40.497+0530] {dag.py:3954} INFO - Setting next_dagrun for example_trigger_target_dag to None, run_after=None
[2026-04-01T04:51:40.502+0530] {processor.py:183} INFO - Processing /Users/aswin/Documents/data-engineering-practice/ETL_Airflow_DBT/airflow/airflow_env/lib/python3.11/site-packages/airflow/example_dags/example_trigger_target_dag.py took 0.054 seconds
[2026-04-01T04:52:33.984+0530] {processor.py:161} INFO - Started process (PID=71917) to work on /Users/aswin/Documents/data-engineering-practice/ETL_Airflow_DBT/airflow/airflow_env/lib/python3.11/site-packages/airflow/example_dags/example_trigger_target_dag.py
[2026-04-01T04:52:33.985+0530] {processor.py:830} INFO - Processing file /Users/aswin/Documents/data-engineering-practice/ETL_Airflow_DBT/airflow/airflow_env/lib/python3.11/site-packages/airflow/example_dags/example_trigger_target_dag.py for tasks to queue
[2026-04-01T04:52:33.985+0530] {logging_mixin.py:188} INFO - [2026-04-01T04:52:33.985+0530] {dagbag.py:540} INFO - Filling up the DagBag from /Users/aswin/Documents/data-engineering-practice/ETL_Airflow_DBT/airflow/airflow_env/lib/python3.11/site-packages/airflow/example_dags/example_trigger_target_dag.py
[2026-04-01T04:52:33.999+0530] {processor.py:840} INFO - DAG(s) 'example_trigger_target_dag' retrieved from /Users/aswin/Documents/data-engineering-practice/ETL_Airflow_DBT/airflow/airflow_env/lib/python3.11/site-packages/airflow/example_dags/example_trigger_target_dag.py
[2026-04-01T04:52:34.027+0530] {logging_mixin.py:188} INFO - [2026-04-01T04:52:34.027+0530] {dag.py:3096} INFO - Sync 1 DAGs
[2026-04-01T04:52:34.030+0530] {logging_mixin.py:188} INFO - [2026-04-01T04:52:34.030+0530] {dag.py:3954} INFO - Setting next_dagrun for example_trigger_target_dag to None, run_after=None
[2026-04-01T04:52:34.036+0530] {processor.py:183} INFO - Processing /Users/aswin/Documents/data-engineering-practice/ETL_Airflow_DBT/airflow/airflow_env/lib/python3.11/site-packages/airflow/example_dags/example_trigger_target_dag.py took 0.052 seconds
[2026-04-01T04:53:27.004+0530] {processor.py:161} INFO - Started process (PID=71957) to work on /Users/aswin/Documents/data-engineering-practice/ETL_Airflow_DBT/airflow/airflow_env/lib/python3.11/site-packages/airflow/example_dags/example_trigger_target_dag.py
[2026-04-01T04:53:27.004+0530] {processor.py:830} INFO - Processing file /Users/aswin/Documents/data-engineering-practice/ETL_Airflow_DBT/airflow/airflow_env/lib/python3.11/site-packages/airflow/example_dags/example_trigger_target_dag.py for tasks to queue
[2026-04-01T04:53:27.005+0530] {logging_mixin.py:188} INFO - [2026-04-01T04:53:27.005+0530] {dagbag.py:540} INFO - Filling up the DagBag from /Users/aswin/Documents/data-engineering-practice/ETL_Airflow_DBT/airflow/airflow_env/lib/python3.11/site-packages/airflow/example_dags/example_trigger_target_dag.py
[2026-04-01T04:53:27.019+0530] {processor.py:840} INFO - DAG(s) 'example_trigger_target_dag' retrieved from /Users/aswin/Documents/data-engineering-practice/ETL_Airflow_DBT/airflow/airflow_env/lib/python3.11/site-packages/airflow/example_dags/example_trigger_target_dag.py
[2026-04-01T04:53:27.048+0530] {logging_mixin.py:188} INFO - [2026-04-01T04:53:27.048+0530] {dag.py:3096} INFO - Sync 1 DAGs
[2026-04-01T04:53:27.051+0530] {logging_mixin.py:188} INFO - [2026-04-01T04:53:27.051+0530] {dag.py:3954} INFO - Setting next_dagrun for example_trigger_target_dag to None, run_after=None
[2026-04-01T04:53:27.057+0530] {processor.py:183} INFO - Processing /Users/aswin/Documents/data-engineering-practice/ETL_Airflow_DBT/airflow/airflow_env/lib/python3.11/site-packages/airflow/example_dags/example_trigger_target_dag.py took 0.054 seconds
[2026-04-01T04:54:18.362+0530] {processor.py:161} INFO - Started process (PID=71997) to work on /Users/aswin/Documents/data-engineering-practice/ETL_Airflow_DBT/airflow/airflow_env/lib/python3.11/site-packages/airflow/example_dags/example_trigger_target_dag.py
[2026-04-01T04:54:18.364+0530] {processor.py:830} INFO - Processing file /Users/aswin/Documents/data-engineering-practice/ETL_Airflow_DBT/airflow/airflow_env/lib/python3.11/site-packages/airflow/example_dags/example_trigger_target_dag.py for tasks to queue
[2026-04-01T04:54:18.364+0530] {logging_mixin.py:188} INFO - [2026-04-01T04:54:18.364+0530] {dagbag.py:540} INFO - Filling up the DagBag from /Users/aswin/Documents/data-engineering-practice/ETL_Airflow_DBT/airflow/airflow_env/lib/python3.11/site-packages/airflow/example_dags/example_trigger_target_dag.py
[2026-04-01T04:54:18.378+0530] {processor.py:840} INFO - DAG(s) 'example_trigger_target_dag' retrieved from /Users/aswin/Documents/data-engineering-practice/ETL_Airflow_DBT/airflow/airflow_env/lib/python3.11/site-packages/airflow/example_dags/example_trigger_target_dag.py
[2026-04-01T04:54:18.407+0530] {logging_mixin.py:188} INFO - [2026-04-01T04:54:18.406+0530] {dag.py:3096} INFO - Sync 1 DAGs
[2026-04-01T04:54:18.409+0530] {logging_mixin.py:188} INFO - [2026-04-01T04:54:18.409+0530] {dag.py:3954} INFO - Setting next_dagrun for example_trigger_target_dag to None, run_after=None
[2026-04-01T04:54:18.415+0530] {processor.py:183} INFO - Processing /Users/aswin/Documents/data-engineering-practice/ETL_Airflow_DBT/airflow/airflow_env/lib/python3.11/site-packages/airflow/example_dags/example_trigger_target_dag.py took 0.054 seconds
[2026-04-01T04:55:58.051+0530] {processor.py:161} INFO - Started process (PID=72073) to work on /Users/aswin/Documents/data-engineering-practice/ETL_Airflow_DBT/airflow/airflow_env/lib/python3.11/site-packages/airflow/example_dags/example_trigger_target_dag.py
[2026-04-01T04:55:58.052+0530] {processor.py:830} INFO - Processing file /Users/aswin/Documents/data-engineering-practice/ETL_Airflow_DBT/airflow/airflow_env/lib/python3.11/site-packages/airflow/example_dags/example_trigger_target_dag.py for tasks to queue
[2026-04-01T04:55:58.052+0530] {logging_mixin.py:188} INFO - [2026-04-01T04:55:58.052+0530] {dagbag.py:540} INFO - Filling up the DagBag from /Users/aswin/Documents/data-engineering-practice/ETL_Airflow_DBT/airflow/airflow_env/lib/python3.11/site-packages/airflow/example_dags/example_trigger_target_dag.py
[2026-04-01T04:55:58.067+0530] {processor.py:840} INFO - DAG(s) 'example_trigger_target_dag' retrieved from /Users/aswin/Documents/data-engineering-practice/ETL_Airflow_DBT/airflow/airflow_env/lib/python3.11/site-packages/airflow/example_dags/example_trigger_target_dag.py
[2026-04-01T04:55:58.096+0530] {logging_mixin.py:188} INFO - [2026-04-01T04:55:58.096+0530] {dag.py:3096} INFO - Sync 1 DAGs
[2026-04-01T04:55:58.099+0530] {logging_mixin.py:188} INFO - [2026-04-01T04:55:58.099+0530] {dag.py:3954} INFO - Setting next_dagrun for example_trigger_target_dag to None, run_after=None
[2026-04-01T04:55:58.104+0530] {processor.py:183} INFO - Processing /Users/aswin/Documents/data-engineering-practice/ETL_Airflow_DBT/airflow/airflow_env/lib/python3.11/site-packages/airflow/example_dags/example_trigger_target_dag.py took 0.054 seconds
[2026-04-01T04:56:51.233+0530] {processor.py:161} INFO - Started process (PID=72122) to work on /Users/aswin/Documents/data-engineering-practice/ETL_Airflow_DBT/airflow/airflow_env/lib/python3.11/site-packages/airflow/example_dags/example_trigger_target_dag.py
[2026-04-01T04:56:51.234+0530] {processor.py:830} INFO - Processing file /Users/aswin/Documents/data-engineering-practice/ETL_Airflow_DBT/airflow/airflow_env/lib/python3.11/site-packages/airflow/example_dags/example_trigger_target_dag.py for tasks to queue
[2026-04-01T04:56:51.235+0530] {logging_mixin.py:188} INFO - [2026-04-01T04:56:51.235+0530] {dagbag.py:540} INFO - Filling up the DagBag from /Users/aswin/Documents/data-engineering-practice/ETL_Airflow_DBT/airflow/airflow_env/lib/python3.11/site-packages/airflow/example_dags/example_trigger_target_dag.py
[2026-04-01T04:56:51.250+0530] {processor.py:840} INFO - DAG(s) 'example_trigger_target_dag' retrieved from /Users/aswin/Documents/data-engineering-practice/ETL_Airflow_DBT/airflow/airflow_env/lib/python3.11/site-packages/airflow/example_dags/example_trigger_target_dag.py
[2026-04-01T04:56:51.279+0530] {logging_mixin.py:188} INFO - [2026-04-01T04:56:51.279+0530] {dag.py:3096} INFO - Sync 1 DAGs
[2026-04-01T04:56:51.282+0530] {logging_mixin.py:188} INFO - [2026-04-01T04:56:51.282+0530] {dag.py:3954} INFO - Setting next_dagrun for example_trigger_target_dag to None, run_after=None
[2026-04-01T04:56:51.288+0530] {processor.py:183} INFO - Processing /Users/aswin/Documents/data-engineering-practice/ETL_Airflow_DBT/airflow/airflow_env/lib/python3.11/site-packages/airflow/example_dags/example_trigger_target_dag.py took 0.056 seconds
[2026-04-01T04:57:46.731+0530] {processor.py:161} INFO - Started process (PID=72184) to work on /Users/aswin/Documents/data-engineering-practice/ETL_Airflow_DBT/airflow/airflow_env/lib/python3.11/site-packages/airflow/example_dags/example_trigger_target_dag.py
[2026-04-01T04:57:46.732+0530] {processor.py:830} INFO - Processing file /Users/aswin/Documents/data-engineering-practice/ETL_Airflow_DBT/airflow/airflow_env/lib/python3.11/site-packages/airflow/example_dags/example_trigger_target_dag.py for tasks to queue
[2026-04-01T04:57:46.732+0530] {logging_mixin.py:188} INFO - [2026-04-01T04:57:46.732+0530] {dagbag.py:540} INFO - Filling up the DagBag from /Users/aswin/Documents/data-engineering-practice/ETL_Airflow_DBT/airflow/airflow_env/lib/python3.11/site-packages/airflow/example_dags/example_trigger_target_dag.py
[2026-04-01T04:57:46.750+0530] {processor.py:840} INFO - DAG(s) 'example_trigger_target_dag' retrieved from /Users/aswin/Documents/data-engineering-practice/ETL_Airflow_DBT/airflow/airflow_env/lib/python3.11/site-packages/airflow/example_dags/example_trigger_target_dag.py
[2026-04-01T04:57:46.784+0530] {logging_mixin.py:188} INFO - [2026-04-01T04:57:46.784+0530] {dag.py:3096} INFO - Sync 1 DAGs
[2026-04-01T04:57:46.787+0530] {logging_mixin.py:188} INFO - [2026-04-01T04:57:46.787+0530] {dag.py:3954} INFO - Setting next_dagrun for example_trigger_target_dag to None, run_after=None
[2026-04-01T04:57:46.794+0530] {processor.py:183} INFO - Processing /Users/aswin/Documents/data-engineering-practice/ETL_Airflow_DBT/airflow/airflow_env/lib/python3.11/site-packages/airflow/example_dags/example_trigger_target_dag.py took 0.064 seconds
[2026-04-01T04:58:42.831+0530] {processor.py:161} INFO - Started process (PID=72342) to work on /Users/aswin/Documents/data-engineering-practice/ETL_Airflow_DBT/airflow/airflow_env/lib/python3.11/site-packages/airflow/example_dags/example_trigger_target_dag.py
[2026-04-01T04:58:42.832+0530] {processor.py:830} INFO - Processing file /Users/aswin/Documents/data-engineering-practice/ETL_Airflow_DBT/airflow/airflow_env/lib/python3.11/site-packages/airflow/example_dags/example_trigger_target_dag.py for tasks to queue
[2026-04-01T04:58:42.832+0530] {logging_mixin.py:188} INFO - [2026-04-01T04:58:42.832+0530] {dagbag.py:540} INFO - Filling up the DagBag from /Users/aswin/Documents/data-engineering-practice/ETL_Airflow_DBT/airflow/airflow_env/lib/python3.11/site-packages/airflow/example_dags/example_trigger_target_dag.py
[2026-04-01T04:58:42.846+0530] {processor.py:840} INFO - DAG(s) 'example_trigger_target_dag' retrieved from /Users/aswin/Documents/data-engineering-practice/ETL_Airflow_DBT/airflow/airflow_env/lib/python3.11/site-packages/airflow/example_dags/example_trigger_target_dag.py
[2026-04-01T04:58:42.875+0530] {logging_mixin.py:188} INFO - [2026-04-01T04:58:42.875+0530] {dag.py:3096} INFO - Sync 1 DAGs
[2026-04-01T04:58:42.878+0530] {logging_mixin.py:188} INFO - [2026-04-01T04:58:42.878+0530] {dag.py:3954} INFO - Setting next_dagrun for example_trigger_target_dag to None, run_after=None
[2026-04-01T04:58:42.884+0530] {processor.py:183} INFO - Processing /Users/aswin/Documents/data-engineering-practice/ETL_Airflow_DBT/airflow/airflow_env/lib/python3.11/site-packages/airflow/example_dags/example_trigger_target_dag.py took 0.054 seconds
[2026-04-01T04:59:41.316+0530] {processor.py:161} INFO - Started process (PID=72384) to work on /Users/aswin/Documents/data-engineering-practice/ETL_Airflow_DBT/airflow/airflow_env/lib/python3.11/site-packages/airflow/example_dags/example_trigger_target_dag.py
[2026-04-01T04:59:41.316+0530] {processor.py:830} INFO - Processing file /Users/aswin/Documents/data-engineering-practice/ETL_Airflow_DBT/airflow/airflow_env/lib/python3.11/site-packages/airflow/example_dags/example_trigger_target_dag.py for tasks to queue
[2026-04-01T04:59:41.317+0530] {logging_mixin.py:188} INFO - [2026-04-01T04:59:41.317+0530] {dagbag.py:540} INFO - Filling up the DagBag from /Users/aswin/Documents/data-engineering-practice/ETL_Airflow_DBT/airflow/airflow_env/lib/python3.11/site-packages/airflow/example_dags/example_trigger_target_dag.py
[2026-04-01T04:59:41.331+0530] {processor.py:840} INFO - DAG(s) 'example_trigger_target_dag' retrieved from /Users/aswin/Documents/data-engineering-practice/ETL_Airflow_DBT/airflow/airflow_env/lib/python3.11/site-packages/airflow/example_dags/example_trigger_target_dag.py
[2026-04-01T04:59:41.359+0530] {logging_mixin.py:188} INFO - [2026-04-01T04:59:41.359+0530] {dag.py:3096} INFO - Sync 1 DAGs
[2026-04-01T04:59:41.362+0530] {logging_mixin.py:188} INFO - [2026-04-01T04:59:41.362+0530] {dag.py:3954} INFO - Setting next_dagrun for example_trigger_target_dag to None, run_after=None
[2026-04-01T04:59:41.368+0530] {processor.py:183} INFO - Processing /Users/aswin/Documents/data-engineering-practice/ETL_Airflow_DBT/airflow/airflow_env/lib/python3.11/site-packages/airflow/example_dags/example_trigger_target_dag.py took 0.053 seconds
[2026-04-01T05:00:37.597+0530] {processor.py:161} INFO - Started process (PID=72428) to work on /Users/aswin/Documents/data-engineering-practice/ETL_Airflow_DBT/airflow/airflow_env/lib/python3.11/site-packages/airflow/example_dags/example_trigger_target_dag.py
[2026-04-01T05:00:37.597+0530] {processor.py:830} INFO - Processing file /Users/aswin/Documents/data-engineering-practice/ETL_Airflow_DBT/airflow/airflow_env/lib/python3.11/site-packages/airflow/example_dags/example_trigger_target_dag.py for tasks to queue
[2026-04-01T05:00:37.597+0530] {logging_mixin.py:188} INFO - [2026-04-01T05:00:37.597+0530] {dagbag.py:540} INFO - Filling up the DagBag from /Users/aswin/Documents/data-engineering-practice/ETL_Airflow_DBT/airflow/airflow_env/lib/python3.11/site-packages/airflow/example_dags/example_trigger_target_dag.py
[2026-04-01T05:00:37.611+0530] {processor.py:840} INFO - DAG(s) 'example_trigger_target_dag' retrieved from /Users/aswin/Documents/data-engineering-practice/ETL_Airflow_DBT/airflow/airflow_env/lib/python3.11/site-packages/airflow/example_dags/example_trigger_target_dag.py
[2026-04-01T05:00:37.640+0530] {logging_mixin.py:188} INFO - [2026-04-01T05:00:37.640+0530] {dag.py:3096} INFO - Sync 1 DAGs
[2026-04-01T05:00:37.643+0530] {logging_mixin.py:188} INFO - [2026-04-01T05:00:37.643+0530] {dag.py:3954} INFO - Setting next_dagrun for example_trigger_target_dag to None, run_after=None
[2026-04-01T05:00:37.649+0530] {processor.py:183} INFO - Processing /Users/aswin/Documents/data-engineering-practice/ETL_Airflow_DBT/airflow/airflow_env/lib/python3.11/site-packages/airflow/example_dags/example_trigger_target_dag.py took 0.053 seconds
[2026-04-01T05:01:30.224+0530] {processor.py:161} INFO - Started process (PID=72465) to work on /Users/aswin/Documents/data-engineering-practice/ETL_Airflow_DBT/airflow/airflow_env/lib/python3.11/site-packages/airflow/example_dags/example_trigger_target_dag.py
[2026-04-01T05:01:30.224+0530] {processor.py:830} INFO - Processing file /Users/aswin/Documents/data-engineering-practice/ETL_Airflow_DBT/airflow/airflow_env/lib/python3.11/site-packages/airflow/example_dags/example_trigger_target_dag.py for tasks to queue
[2026-04-01T05:01:30.224+0530] {logging_mixin.py:188} INFO - [2026-04-01T05:01:30.224+0530] {dagbag.py:540} INFO - Filling up the DagBag from /Users/aswin/Documents/data-engineering-practice/ETL_Airflow_DBT/airflow/airflow_env/lib/python3.11/site-packages/airflow/example_dags/example_trigger_target_dag.py
[2026-04-01T05:01:30.238+0530] {processor.py:840} INFO - DAG(s) 'example_trigger_target_dag' retrieved from /Users/aswin/Documents/data-engineering-practice/ETL_Airflow_DBT/airflow/airflow_env/lib/python3.11/site-packages/airflow/example_dags/example_trigger_target_dag.py
[2026-04-01T05:01:30.267+0530] {logging_mixin.py:188} INFO - [2026-04-01T05:01:30.267+0530] {dag.py:3096} INFO - Sync 1 DAGs
[2026-04-01T05:01:30.270+0530] {logging_mixin.py:188} INFO - [2026-04-01T05:01:30.270+0530] {dag.py:3954} INFO - Setting next_dagrun for example_trigger_target_dag to None, run_after=None
[2026-04-01T05:01:30.276+0530] {processor.py:183} INFO - Processing /Users/aswin/Documents/data-engineering-practice/ETL_Airflow_DBT/airflow/airflow_env/lib/python3.11/site-packages/airflow/example_dags/example_trigger_target_dag.py took 0.053 seconds
[2026-04-01T05:02:25.688+0530] {processor.py:161} INFO - Started process (PID=72503) to work on /Users/aswin/Documents/data-engineering-practice/ETL_Airflow_DBT/airflow/airflow_env/lib/python3.11/site-packages/airflow/example_dags/example_trigger_target_dag.py
[2026-04-01T05:02:25.688+0530] {processor.py:830} INFO - Processing file /Users/aswin/Documents/data-engineering-practice/ETL_Airflow_DBT/airflow/airflow_env/lib/python3.11/site-packages/airflow/example_dags/example_trigger_target_dag.py for tasks to queue
[2026-04-01T05:02:25.688+0530] {logging_mixin.py:188} INFO - [2026-04-01T05:02:25.688+0530] {dagbag.py:540} INFO - Filling up the DagBag from /Users/aswin/Documents/data-engineering-practice/ETL_Airflow_DBT/airflow/airflow_env/lib/python3.11/site-packages/airflow/example_dags/example_trigger_target_dag.py
[2026-04-01T05:02:25.702+0530] {processor.py:840} INFO - DAG(s) 'example_trigger_target_dag' retrieved from /Users/aswin/Documents/data-engineering-practice/ETL_Airflow_DBT/airflow/airflow_env/lib/python3.11/site-packages/airflow/example_dags/example_trigger_target_dag.py
[2026-04-01T05:02:25.731+0530] {logging_mixin.py:188} INFO - [2026-04-01T05:02:25.731+0530] {dag.py:3096} INFO - Sync 1 DAGs
[2026-04-01T05:02:25.734+0530] {logging_mixin.py:188} INFO - [2026-04-01T05:02:25.734+0530] {dag.py:3954} INFO - Setting next_dagrun for example_trigger_target_dag to None, run_after=None
[2026-04-01T05:02:25.740+0530] {processor.py:183} INFO - Processing /Users/aswin/Documents/data-engineering-practice/ETL_Airflow_DBT/airflow/airflow_env/lib/python3.11/site-packages/airflow/example_dags/example_trigger_target_dag.py took 0.053 seconds
[2026-04-01T05:03:23.101+0530] {processor.py:161} INFO - Started process (PID=72546) to work on /Users/aswin/Documents/data-engineering-practice/ETL_Airflow_DBT/airflow/airflow_env/lib/python3.11/site-packages/airflow/example_dags/example_trigger_target_dag.py
[2026-04-01T05:03:23.102+0530] {processor.py:830} INFO - Processing file /Users/aswin/Documents/data-engineering-practice/ETL_Airflow_DBT/airflow/airflow_env/lib/python3.11/site-packages/airflow/example_dags/example_trigger_target_dag.py for tasks to queue
[2026-04-01T05:03:23.102+0530] {logging_mixin.py:188} INFO - [2026-04-01T05:03:23.102+0530] {dagbag.py:540} INFO - Filling up the DagBag from /Users/aswin/Documents/data-engineering-practice/ETL_Airflow_DBT/airflow/airflow_env/lib/python3.11/site-packages/airflow/example_dags/example_trigger_target_dag.py
[2026-04-01T05:03:23.116+0530] {processor.py:840} INFO - DAG(s) 'example_trigger_target_dag' retrieved from /Users/aswin/Documents/data-engineering-practice/ETL_Airflow_DBT/airflow/airflow_env/lib/python3.11/site-packages/airflow/example_dags/example_trigger_target_dag.py
[2026-04-01T05:03:23.145+0530] {logging_mixin.py:188} INFO - [2026-04-01T05:03:23.145+0530] {dag.py:3096} INFO - Sync 1 DAGs
[2026-04-01T05:03:23.148+0530] {logging_mixin.py:188} INFO - [2026-04-01T05:03:23.148+0530] {dag.py:3954} INFO - Setting next_dagrun for example_trigger_target_dag to None, run_after=None
[2026-04-01T05:03:23.154+0530] {processor.py:183} INFO - Processing /Users/aswin/Documents/data-engineering-practice/ETL_Airflow_DBT/airflow/airflow_env/lib/python3.11/site-packages/airflow/example_dags/example_trigger_target_dag.py took 0.053 seconds
[2026-04-01T05:04:26.122+0530] {processor.py:161} INFO - Started process (PID=72590) to work on /Users/aswin/Documents/data-engineering-practice/ETL_Airflow_DBT/airflow/airflow_env/lib/python3.11/site-packages/airflow/example_dags/example_trigger_target_dag.py
[2026-04-01T05:04:26.122+0530] {processor.py:830} INFO - Processing file /Users/aswin/Documents/data-engineering-practice/ETL_Airflow_DBT/airflow/airflow_env/lib/python3.11/site-packages/airflow/example_dags/example_trigger_target_dag.py for tasks to queue
[2026-04-01T05:04:26.123+0530] {logging_mixin.py:188} INFO - [2026-04-01T05:04:26.123+0530] {dagbag.py:540} INFO - Filling up the DagBag from /Users/aswin/Documents/data-engineering-practice/ETL_Airflow_DBT/airflow/airflow_env/lib/python3.11/site-packages/airflow/example_dags/example_trigger_target_dag.py
[2026-04-01T05:04:26.140+0530] {processor.py:840} INFO - DAG(s) 'example_trigger_target_dag' retrieved from /Users/aswin/Documents/data-engineering-practice/ETL_Airflow_DBT/airflow/airflow_env/lib/python3.11/site-packages/airflow/example_dags/example_trigger_target_dag.py
[2026-04-01T05:04:26.172+0530] {logging_mixin.py:188} INFO - [2026-04-01T05:04:26.172+0530] {dag.py:3096} INFO - Sync 1 DAGs
[2026-04-01T05:04:26.175+0530] {logging_mixin.py:188} INFO - [2026-04-01T05:04:26.175+0530] {dag.py:3954} INFO - Setting next_dagrun for example_trigger_target_dag to None, run_after=None
[2026-04-01T05:04:26.182+0530] {processor.py:183} INFO - Processing /Users/aswin/Documents/data-engineering-practice/ETL_Airflow_DBT/airflow/airflow_env/lib/python3.11/site-packages/airflow/example_dags/example_trigger_target_dag.py took 0.061 seconds
[2026-04-01T05:05:23.381+0530] {processor.py:161} INFO - Started process (PID=72632) to work on /Users/aswin/Documents/data-engineering-practice/ETL_Airflow_DBT/airflow/airflow_env/lib/python3.11/site-packages/airflow/example_dags/example_trigger_target_dag.py
[2026-04-01T05:05:23.381+0530] {processor.py:830} INFO - Processing file /Users/aswin/Documents/data-engineering-practice/ETL_Airflow_DBT/airflow/airflow_env/lib/python3.11/site-packages/airflow/example_dags/example_trigger_target_dag.py for tasks to queue
[2026-04-01T05:05:23.382+0530] {logging_mixin.py:188} INFO - [2026-04-01T05:05:23.382+0530] {dagbag.py:540} INFO - Filling up the DagBag from /Users/aswin/Documents/data-engineering-practice/ETL_Airflow_DBT/airflow/airflow_env/lib/python3.11/site-packages/airflow/example_dags/example_trigger_target_dag.py
[2026-04-01T05:05:23.397+0530] {processor.py:840} INFO - DAG(s) 'example_trigger_target_dag' retrieved from /Users/aswin/Documents/data-engineering-practice/ETL_Airflow_DBT/airflow/airflow_env/lib/python3.11/site-packages/airflow/example_dags/example_trigger_target_dag.py
[2026-04-01T05:05:23.427+0530] {logging_mixin.py:188} INFO - [2026-04-01T05:05:23.427+0530] {dag.py:3096} INFO - Sync 1 DAGs
[2026-04-01T05:05:23.430+0530] {logging_mixin.py:188} INFO - [2026-04-01T05:05:23.430+0530] {dag.py:3954} INFO - Setting next_dagrun for example_trigger_target_dag to None, run_after=None
[2026-04-01T05:05:23.436+0530] {processor.py:183} INFO - Processing /Users/aswin/Documents/data-engineering-practice/ETL_Airflow_DBT/airflow/airflow_env/lib/python3.11/site-packages/airflow/example_dags/example_trigger_target_dag.py took 0.056 seconds
[2026-04-01T05:06:15.491+0530] {processor.py:161} INFO - Started process (PID=72682) to work on /Users/aswin/Documents/data-engineering-practice/ETL_Airflow_DBT/airflow/airflow_env/lib/python3.11/site-packages/airflow/example_dags/example_trigger_target_dag.py
[2026-04-01T05:06:15.492+0530] {processor.py:830} INFO - Processing file /Users/aswin/Documents/data-engineering-practice/ETL_Airflow_DBT/airflow/airflow_env/lib/python3.11/site-packages/airflow/example_dags/example_trigger_target_dag.py for tasks to queue
[2026-04-01T05:06:15.492+0530] {logging_mixin.py:188} INFO - [2026-04-01T05:06:15.492+0530] {dagbag.py:540} INFO - Filling up the DagBag from /Users/aswin/Documents/data-engineering-practice/ETL_Airflow_DBT/airflow/airflow_env/lib/python3.11/site-packages/airflow/example_dags/example_trigger_target_dag.py
[2026-04-01T05:06:15.506+0530] {processor.py:840} INFO - DAG(s) 'example_trigger_target_dag' retrieved from /Users/aswin/Documents/data-engineering-practice/ETL_Airflow_DBT/airflow/airflow_env/lib/python3.11/site-packages/airflow/example_dags/example_trigger_target_dag.py
[2026-04-01T05:06:15.536+0530] {logging_mixin.py:188} INFO - [2026-04-01T05:06:15.536+0530] {dag.py:3096} INFO - Sync 1 DAGs
[2026-04-01T05:06:15.539+0530] {logging_mixin.py:188} INFO - [2026-04-01T05:06:15.539+0530] {dag.py:3954} INFO - Setting next_dagrun for example_trigger_target_dag to None, run_after=None
[2026-04-01T05:06:15.546+0530] {processor.py:183} INFO - Processing /Users/aswin/Documents/data-engineering-practice/ETL_Airflow_DBT/airflow/airflow_env/lib/python3.11/site-packages/airflow/example_dags/example_trigger_target_dag.py took 0.056 seconds
[2026-04-01T05:18:54.812+0530] {processor.py:161} INFO - Started process (PID=72805) to work on /Users/aswin/Documents/data-engineering-practice/ETL_Airflow_DBT/airflow/airflow_env/lib/python3.11/site-packages/airflow/example_dags/example_trigger_target_dag.py
[2026-04-01T05:18:54.813+0530] {processor.py:830} INFO - Processing file /Users/aswin/Documents/data-engineering-practice/ETL_Airflow_DBT/airflow/airflow_env/lib/python3.11/site-packages/airflow/example_dags/example_trigger_target_dag.py for tasks to queue
[2026-04-01T05:18:54.813+0530] {logging_mixin.py:188} INFO - [2026-04-01T05:18:54.813+0530] {dagbag.py:540} INFO - Filling up the DagBag from /Users/aswin/Documents/data-engineering-practice/ETL_Airflow_DBT/airflow/airflow_env/lib/python3.11/site-packages/airflow/example_dags/example_trigger_target_dag.py
[2026-04-01T05:18:54.827+0530] {processor.py:840} INFO - DAG(s) 'example_trigger_target_dag' retrieved from /Users/aswin/Documents/data-engineering-practice/ETL_Airflow_DBT/airflow/airflow_env/lib/python3.11/site-packages/airflow/example_dags/example_trigger_target_dag.py
[2026-04-01T05:18:54.855+0530] {logging_mixin.py:188} INFO - [2026-04-01T05:18:54.855+0530] {dag.py:3096} INFO - Sync 1 DAGs
[2026-04-01T05:18:54.858+0530] {logging_mixin.py:188} INFO - [2026-04-01T05:18:54.858+0530] {dag.py:3954} INFO - Setting next_dagrun for example_trigger_target_dag to None, run_after=None
[2026-04-01T05:18:54.864+0530] {processor.py:183} INFO - Processing /Users/aswin/Documents/data-engineering-practice/ETL_Airflow_DBT/airflow/airflow_env/lib/python3.11/site-packages/airflow/example_dags/example_trigger_target_dag.py took 0.053 seconds
[2026-04-01T05:20:26.656+0530] {processor.py:161} INFO - Started process (PID=72873) to work on /Users/aswin/Documents/data-engineering-practice/ETL_Airflow_DBT/airflow/airflow_env/lib/python3.11/site-packages/airflow/example_dags/example_trigger_target_dag.py
[2026-04-01T05:20:26.657+0530] {processor.py:830} INFO - Processing file /Users/aswin/Documents/data-engineering-practice/ETL_Airflow_DBT/airflow/airflow_env/lib/python3.11/site-packages/airflow/example_dags/example_trigger_target_dag.py for tasks to queue
[2026-04-01T05:20:26.657+0530] {logging_mixin.py:188} INFO - [2026-04-01T05:20:26.657+0530] {dagbag.py:540} INFO - Filling up the DagBag from /Users/aswin/Documents/data-engineering-practice/ETL_Airflow_DBT/airflow/airflow_env/lib/python3.11/site-packages/airflow/example_dags/example_trigger_target_dag.py
[2026-04-01T05:20:26.671+0530] {processor.py:840} INFO - DAG(s) 'example_trigger_target_dag' retrieved from /Users/aswin/Documents/data-engineering-practice/ETL_Airflow_DBT/airflow/airflow_env/lib/python3.11/site-packages/airflow/example_dags/example_trigger_target_dag.py
[2026-04-01T05:20:26.703+0530] {logging_mixin.py:188} INFO - [2026-04-01T05:20:26.703+0530] {dag.py:3096} INFO - Sync 1 DAGs
[2026-04-01T05:20:26.706+0530] {logging_mixin.py:188} INFO - [2026-04-01T05:20:26.706+0530] {dag.py:3954} INFO - Setting next_dagrun for example_trigger_target_dag to None, run_after=None
[2026-04-01T05:20:26.712+0530] {processor.py:183} INFO - Processing /Users/aswin/Documents/data-engineering-practice/ETL_Airflow_DBT/airflow/airflow_env/lib/python3.11/site-packages/airflow/example_dags/example_trigger_target_dag.py took 0.057 seconds
[2026-04-01T05:21:26.572+0530] {processor.py:161} INFO - Started process (PID=72916) to work on /Users/aswin/Documents/data-engineering-practice/ETL_Airflow_DBT/airflow/airflow_env/lib/python3.11/site-packages/airflow/example_dags/example_trigger_target_dag.py
[2026-04-01T05:21:26.573+0530] {processor.py:830} INFO - Processing file /Users/aswin/Documents/data-engineering-practice/ETL_Airflow_DBT/airflow/airflow_env/lib/python3.11/site-packages/airflow/example_dags/example_trigger_target_dag.py for tasks to queue
[2026-04-01T05:21:26.573+0530] {logging_mixin.py:188} INFO - [2026-04-01T05:21:26.573+0530] {dagbag.py:540} INFO - Filling up the DagBag from /Users/aswin/Documents/data-engineering-practice/ETL_Airflow_DBT/airflow/airflow_env/lib/python3.11/site-packages/airflow/example_dags/example_trigger_target_dag.py
[2026-04-01T05:21:26.587+0530] {processor.py:840} INFO - DAG(s) 'example_trigger_target_dag' retrieved from /Users/aswin/Documents/data-engineering-practice/ETL_Airflow_DBT/airflow/airflow_env/lib/python3.11/site-packages/airflow/example_dags/example_trigger_target_dag.py
[2026-04-01T05:21:26.616+0530] {logging_mixin.py:188} INFO - [2026-04-01T05:21:26.616+0530] {dag.py:3096} INFO - Sync 1 DAGs
[2026-04-01T05:21:26.619+0530] {logging_mixin.py:188} INFO - [2026-04-01T05:21:26.619+0530] {dag.py:3954} INFO - Setting next_dagrun for example_trigger_target_dag to None, run_after=None
[2026-04-01T05:21:26.625+0530] {processor.py:183} INFO - Processing /Users/aswin/Documents/data-engineering-practice/ETL_Airflow_DBT/airflow/airflow_env/lib/python3.11/site-packages/airflow/example_dags/example_trigger_target_dag.py took 0.054 seconds
[2026-04-01T05:22:17.930+0530] {processor.py:161} INFO - Started process (PID=72968) to work on /Users/aswin/Documents/data-engineering-practice/ETL_Airflow_DBT/airflow/airflow_env/lib/python3.11/site-packages/airflow/example_dags/example_trigger_target_dag.py
[2026-04-01T05:22:17.931+0530] {processor.py:830} INFO - Processing file /Users/aswin/Documents/data-engineering-practice/ETL_Airflow_DBT/airflow/airflow_env/lib/python3.11/site-packages/airflow/example_dags/example_trigger_target_dag.py for tasks to queue
[2026-04-01T05:22:17.931+0530] {logging_mixin.py:188} INFO - [2026-04-01T05:22:17.931+0530] {dagbag.py:540} INFO - Filling up the DagBag from /Users/aswin/Documents/data-engineering-practice/ETL_Airflow_DBT/airflow/airflow_env/lib/python3.11/site-packages/airflow/example_dags/example_trigger_target_dag.py
[2026-04-01T05:22:17.946+0530] {processor.py:840} INFO - DAG(s) 'example_trigger_target_dag' retrieved from /Users/aswin/Documents/data-engineering-practice/ETL_Airflow_DBT/airflow/airflow_env/lib/python3.11/site-packages/airflow/example_dags/example_trigger_target_dag.py
[2026-04-01T05:22:17.975+0530] {logging_mixin.py:188} INFO - [2026-04-01T05:22:17.975+0530] {dag.py:3096} INFO - Sync 1 DAGs
[2026-04-01T05:22:17.978+0530] {logging_mixin.py:188} INFO - [2026-04-01T05:22:17.978+0530] {dag.py:3954} INFO - Setting next_dagrun for example_trigger_target_dag to None, run_after=None
[2026-04-01T05:22:17.984+0530] {processor.py:183} INFO - Processing /Users/aswin/Documents/data-engineering-practice/ETL_Airflow_DBT/airflow/airflow_env/lib/python3.11/site-packages/airflow/example_dags/example_trigger_target_dag.py took 0.055 seconds
[2026-04-01T05:23:14.179+0530] {processor.py:161} INFO - Started process (PID=73017) to work on /Users/aswin/Documents/data-engineering-practice/ETL_Airflow_DBT/airflow/airflow_env/lib/python3.11/site-packages/airflow/example_dags/example_trigger_target_dag.py
[2026-04-01T05:23:14.180+0530] {processor.py:830} INFO - Processing file /Users/aswin/Documents/data-engineering-practice/ETL_Airflow_DBT/airflow/airflow_env/lib/python3.11/site-packages/airflow/example_dags/example_trigger_target_dag.py for tasks to queue
[2026-04-01T05:23:14.181+0530] {logging_mixin.py:188} INFO - [2026-04-01T05:23:14.181+0530] {dagbag.py:540} INFO - Filling up the DagBag from /Users/aswin/Documents/data-engineering-practice/ETL_Airflow_DBT/airflow/airflow_env/lib/python3.11/site-packages/airflow/example_dags/example_trigger_target_dag.py
[2026-04-01T05:23:14.195+0530] {processor.py:840} INFO - DAG(s) 'example_trigger_target_dag' retrieved from /Users/aswin/Documents/data-engineering-practice/ETL_Airflow_DBT/airflow/airflow_env/lib/python3.11/site-packages/airflow/example_dags/example_trigger_target_dag.py
[2026-04-01T05:23:14.223+0530] {logging_mixin.py:188} INFO - [2026-04-01T05:23:14.223+0530] {dag.py:3096} INFO - Sync 1 DAGs
[2026-04-01T05:23:14.226+0530] {logging_mixin.py:188} INFO - [2026-04-01T05:23:14.226+0530] {dag.py:3954} INFO - Setting next_dagrun for example_trigger_target_dag to None, run_after=None
[2026-04-01T05:23:14.232+0530] {processor.py:183} INFO - Processing /Users/aswin/Documents/data-engineering-practice/ETL_Airflow_DBT/airflow/airflow_env/lib/python3.11/site-packages/airflow/example_dags/example_trigger_target_dag.py took 0.054 seconds
[2026-04-01T05:24:12.669+0530] {processor.py:161} INFO - Started process (PID=73055) to work on /Users/aswin/Documents/data-engineering-practice/ETL_Airflow_DBT/airflow/airflow_env/lib/python3.11/site-packages/airflow/example_dags/example_trigger_target_dag.py
[2026-04-01T05:24:12.670+0530] {processor.py:830} INFO - Processing file /Users/aswin/Documents/data-engineering-practice/ETL_Airflow_DBT/airflow/airflow_env/lib/python3.11/site-packages/airflow/example_dags/example_trigger_target_dag.py for tasks to queue
[2026-04-01T05:24:12.671+0530] {logging_mixin.py:188} INFO - [2026-04-01T05:24:12.670+0530] {dagbag.py:540} INFO - Filling up the DagBag from /Users/aswin/Documents/data-engineering-practice/ETL_Airflow_DBT/airflow/airflow_env/lib/python3.11/site-packages/airflow/example_dags/example_trigger_target_dag.py
[2026-04-01T05:24:12.685+0530] {processor.py:840} INFO - DAG(s) 'example_trigger_target_dag' retrieved from /Users/aswin/Documents/data-engineering-practice/ETL_Airflow_DBT/airflow/airflow_env/lib/python3.11/site-packages/airflow/example_dags/example_trigger_target_dag.py
[2026-04-01T05:24:12.716+0530] {logging_mixin.py:188} INFO - [2026-04-01T05:24:12.715+0530] {dag.py:3096} INFO - Sync 1 DAGs
[2026-04-01T05:24:12.720+0530] {logging_mixin.py:188} INFO - [2026-04-01T05:24:12.720+0530] {dag.py:3954} INFO - Setting next_dagrun for example_trigger_target_dag to None, run_after=None
[2026-04-01T05:24:12.726+0530] {processor.py:183} INFO - Processing /Users/aswin/Documents/data-engineering-practice/ETL_Airflow_DBT/airflow/airflow_env/lib/python3.11/site-packages/airflow/example_dags/example_trigger_target_dag.py took 0.058 seconds
[2026-04-01T05:25:11.857+0530] {processor.py:161} INFO - Started process (PID=73097) to work on /Users/aswin/Documents/data-engineering-practice/ETL_Airflow_DBT/airflow/airflow_env/lib/python3.11/site-packages/airflow/example_dags/example_trigger_target_dag.py
[2026-04-01T05:25:11.859+0530] {processor.py:830} INFO - Processing file /Users/aswin/Documents/data-engineering-practice/ETL_Airflow_DBT/airflow/airflow_env/lib/python3.11/site-packages/airflow/example_dags/example_trigger_target_dag.py for tasks to queue
[2026-04-01T05:25:11.859+0530] {logging_mixin.py:188} INFO - [2026-04-01T05:25:11.859+0530] {dagbag.py:540} INFO - Filling up the DagBag from /Users/aswin/Documents/data-engineering-practice/ETL_Airflow_DBT/airflow/airflow_env/lib/python3.11/site-packages/airflow/example_dags/example_trigger_target_dag.py
[2026-04-01T05:25:11.873+0530] {processor.py:840} INFO - DAG(s) 'example_trigger_target_dag' retrieved from /Users/aswin/Documents/data-engineering-practice/ETL_Airflow_DBT/airflow/airflow_env/lib/python3.11/site-packages/airflow/example_dags/example_trigger_target_dag.py
[2026-04-01T05:25:11.901+0530] {logging_mixin.py:188} INFO - [2026-04-01T05:25:11.901+0530] {dag.py:3096} INFO - Sync 1 DAGs
[2026-04-01T05:25:11.904+0530] {logging_mixin.py:188} INFO - [2026-04-01T05:25:11.904+0530] {dag.py:3954} INFO - Setting next_dagrun for example_trigger_target_dag to None, run_after=None
[2026-04-01T05:25:11.910+0530] {processor.py:183} INFO - Processing /Users/aswin/Documents/data-engineering-practice/ETL_Airflow_DBT/airflow/airflow_env/lib/python3.11/site-packages/airflow/example_dags/example_trigger_target_dag.py took 0.054 seconds
[2026-04-01T05:26:09.175+0530] {processor.py:161} INFO - Started process (PID=73141) to work on /Users/aswin/Documents/data-engineering-practice/ETL_Airflow_DBT/airflow/airflow_env/lib/python3.11/site-packages/airflow/example_dags/example_trigger_target_dag.py
[2026-04-01T05:26:09.176+0530] {processor.py:830} INFO - Processing file /Users/aswin/Documents/data-engineering-practice/ETL_Airflow_DBT/airflow/airflow_env/lib/python3.11/site-packages/airflow/example_dags/example_trigger_target_dag.py for tasks to queue
[2026-04-01T05:26:09.176+0530] {logging_mixin.py:188} INFO - [2026-04-01T05:26:09.176+0530] {dagbag.py:540} INFO - Filling up the DagBag from /Users/aswin/Documents/data-engineering-practice/ETL_Airflow_DBT/airflow/airflow_env/lib/python3.11/site-packages/airflow/example_dags/example_trigger_target_dag.py
[2026-04-01T05:26:09.191+0530] {processor.py:840} INFO - DAG(s) 'example_trigger_target_dag' retrieved from /Users/aswin/Documents/data-engineering-practice/ETL_Airflow_DBT/airflow/airflow_env/lib/python3.11/site-packages/airflow/example_dags/example_trigger_target_dag.py
[2026-04-01T05:26:09.220+0530] {logging_mixin.py:188} INFO - [2026-04-01T05:26:09.220+0530] {dag.py:3096} INFO - Sync 1 DAGs
[2026-04-01T05:26:09.223+0530] {logging_mixin.py:188} INFO - [2026-04-01T05:26:09.223+0530] {dag.py:3954} INFO - Setting next_dagrun for example_trigger_target_dag to None, run_after=None
[2026-04-01T05:26:09.229+0530] {processor.py:183} INFO - Processing /Users/aswin/Documents/data-engineering-practice/ETL_Airflow_DBT/airflow/airflow_env/lib/python3.11/site-packages/airflow/example_dags/example_trigger_target_dag.py took 0.055 seconds
[2026-04-01T05:27:05.073+0530] {processor.py:161} INFO - Started process (PID=73184) to work on /Users/aswin/Documents/data-engineering-practice/ETL_Airflow_DBT/airflow/airflow_env/lib/python3.11/site-packages/airflow/example_dags/example_trigger_target_dag.py
[2026-04-01T05:27:05.074+0530] {processor.py:830} INFO - Processing file /Users/aswin/Documents/data-engineering-practice/ETL_Airflow_DBT/airflow/airflow_env/lib/python3.11/site-packages/airflow/example_dags/example_trigger_target_dag.py for tasks to queue
[2026-04-01T05:27:05.075+0530] {logging_mixin.py:188} INFO - [2026-04-01T05:27:05.075+0530] {dagbag.py:540} INFO - Filling up the DagBag from /Users/aswin/Documents/data-engineering-practice/ETL_Airflow_DBT/airflow/airflow_env/lib/python3.11/site-packages/airflow/example_dags/example_trigger_target_dag.py
[2026-04-01T05:27:05.089+0530] {processor.py:840} INFO - DAG(s) 'example_trigger_target_dag' retrieved from /Users/aswin/Documents/data-engineering-practice/ETL_Airflow_DBT/airflow/airflow_env/lib/python3.11/site-packages/airflow/example_dags/example_trigger_target_dag.py
[2026-04-01T05:27:05.118+0530] {logging_mixin.py:188} INFO - [2026-04-01T05:27:05.118+0530] {dag.py:3096} INFO - Sync 1 DAGs
[2026-04-01T05:27:05.121+0530] {logging_mixin.py:188} INFO - [2026-04-01T05:27:05.121+0530] {dag.py:3954} INFO - Setting next_dagrun for example_trigger_target_dag to None, run_after=None
[2026-04-01T05:27:05.127+0530] {processor.py:183} INFO - Processing /Users/aswin/Documents/data-engineering-practice/ETL_Airflow_DBT/airflow/airflow_env/lib/python3.11/site-packages/airflow/example_dags/example_trigger_target_dag.py took 0.054 seconds
[2026-04-01T05:28:00.079+0530] {processor.py:161} INFO - Started process (PID=73225) to work on /Users/aswin/Documents/data-engineering-practice/ETL_Airflow_DBT/airflow/airflow_env/lib/python3.11/site-packages/airflow/example_dags/example_trigger_target_dag.py
[2026-04-01T05:28:00.080+0530] {processor.py:830} INFO - Processing file /Users/aswin/Documents/data-engineering-practice/ETL_Airflow_DBT/airflow/airflow_env/lib/python3.11/site-packages/airflow/example_dags/example_trigger_target_dag.py for tasks to queue
[2026-04-01T05:28:00.080+0530] {logging_mixin.py:188} INFO - [2026-04-01T05:28:00.080+0530] {dagbag.py:540} INFO - Filling up the DagBag from /Users/aswin/Documents/data-engineering-practice/ETL_Airflow_DBT/airflow/airflow_env/lib/python3.11/site-packages/airflow/example_dags/example_trigger_target_dag.py
[2026-04-01T05:28:00.094+0530] {processor.py:840} INFO - DAG(s) 'example_trigger_target_dag' retrieved from /Users/aswin/Documents/data-engineering-practice/ETL_Airflow_DBT/airflow/airflow_env/lib/python3.11/site-packages/airflow/example_dags/example_trigger_target_dag.py
[2026-04-01T05:28:00.123+0530] {logging_mixin.py:188} INFO - [2026-04-01T05:28:00.123+0530] {dag.py:3096} INFO - Sync 1 DAGs
[2026-04-01T05:28:00.126+0530] {logging_mixin.py:188} INFO - [2026-04-01T05:28:00.126+0530] {dag.py:3954} INFO - Setting next_dagrun for example_trigger_target_dag to None, run_after=None
[2026-04-01T05:28:00.132+0530] {processor.py:183} INFO - Processing /Users/aswin/Documents/data-engineering-practice/ETL_Airflow_DBT/airflow/airflow_env/lib/python3.11/site-packages/airflow/example_dags/example_trigger_target_dag.py took 0.054 seconds
[2026-04-01T05:29:04.776+0530] {processor.py:161} INFO - Started process (PID=73283) to work on /Users/aswin/Documents/data-engineering-practice/ETL_Airflow_DBT/airflow/airflow_env/lib/python3.11/site-packages/airflow/example_dags/example_trigger_target_dag.py
[2026-04-01T05:29:04.777+0530] {processor.py:830} INFO - Processing file /Users/aswin/Documents/data-engineering-practice/ETL_Airflow_DBT/airflow/airflow_env/lib/python3.11/site-packages/airflow/example_dags/example_trigger_target_dag.py for tasks to queue
[2026-04-01T05:29:04.777+0530] {logging_mixin.py:188} INFO - [2026-04-01T05:29:04.777+0530] {dagbag.py:540} INFO - Filling up the DagBag from /Users/aswin/Documents/data-engineering-practice/ETL_Airflow_DBT/airflow/airflow_env/lib/python3.11/site-packages/airflow/example_dags/example_trigger_target_dag.py
[2026-04-01T05:29:04.791+0530] {processor.py:840} INFO - DAG(s) 'example_trigger_target_dag' retrieved from /Users/aswin/Documents/data-engineering-practice/ETL_Airflow_DBT/airflow/airflow_env/lib/python3.11/site-packages/airflow/example_dags/example_trigger_target_dag.py
[2026-04-01T05:29:04.819+0530] {logging_mixin.py:188} INFO - [2026-04-01T05:29:04.819+0530] {dag.py:3096} INFO - Sync 1 DAGs
[2026-04-01T05:29:04.822+0530] {logging_mixin.py:188} INFO - [2026-04-01T05:29:04.822+0530] {dag.py:3954} INFO - Setting next_dagrun for example_trigger_target_dag to None, run_after=None
[2026-04-01T05:29:04.828+0530] {processor.py:183} INFO - Processing /Users/aswin/Documents/data-engineering-practice/ETL_Airflow_DBT/airflow/airflow_env/lib/python3.11/site-packages/airflow/example_dags/example_trigger_target_dag.py took 0.053 seconds
