[2026-04-01T04:49:00.801+0530] {processor.py:161} INFO - Started process (PID=71750) to work on /Users/aswin/Documents/data-engineering-practice/ETL_Airflow_DBT/airflow/airflow_env/lib/python3.11/site-packages/airflow/example_dags/example_latest_only.py
[2026-04-01T04:49:00.802+0530] {processor.py:830} INFO - Processing file /Users/aswin/Documents/data-engineering-practice/ETL_Airflow_DBT/airflow/airflow_env/lib/python3.11/site-packages/airflow/example_dags/example_latest_only.py for tasks to queue
[2026-04-01T04:49:00.802+0530] {logging_mixin.py:188} INFO - [2026-04-01T04:49:00.802+0530] {dagbag.py:540} INFO - Filling up the DagBag from /Users/aswin/Documents/data-engineering-practice/ETL_Airflow_DBT/airflow/airflow_env/lib/python3.11/site-packages/airflow/example_dags/example_latest_only.py
[2026-04-01T04:49:00.805+0530] {processor.py:840} INFO - DAG(s) 'latest_only' retrieved from /Users/aswin/Documents/data-engineering-practice/ETL_Airflow_DBT/airflow/airflow_env/lib/python3.11/site-packages/airflow/example_dags/example_latest_only.py
[2026-04-01T04:49:00.864+0530] {logging_mixin.py:188} INFO - [2026-04-01T04:49:00.864+0530] {override.py:1829} INFO - Created Permission View: can read on DAG:latest_only
[2026-04-01T04:49:00.867+0530] {logging_mixin.py:188} INFO - [2026-04-01T04:49:00.867+0530] {override.py:1829} INFO - Created Permission View: can edit on DAG:latest_only
[2026-04-01T04:49:00.869+0530] {logging_mixin.py:188} INFO - [2026-04-01T04:49:00.869+0530] {override.py:1829} INFO - Created Permission View: can delete on DAG:latest_only
[2026-04-01T04:49:00.869+0530] {logging_mixin.py:188} INFO - [2026-04-01T04:49:00.869+0530] {dag.py:3096} INFO - Sync 1 DAGs
[2026-04-01T04:49:00.872+0530] {logging_mixin.py:188} INFO - [2026-04-01T04:49:00.872+0530] {dag.py:3118} INFO - Creating ORM DAG for latest_only
[2026-04-01T04:49:00.874+0530] {logging_mixin.py:188} INFO - [2026-04-01T04:49:00.874+0530] {dag.py:3954} INFO - Setting next_dagrun for latest_only to 2026-03-31 16:00:00+00:00, run_after=2026-03-31 20:00:00+00:00
[2026-04-01T04:49:00.879+0530] {processor.py:183} INFO - Processing /Users/aswin/Documents/data-engineering-practice/ETL_Airflow_DBT/airflow/airflow_env/lib/python3.11/site-packages/airflow/example_dags/example_latest_only.py took 0.079 seconds
[2026-04-01T04:50:25.961+0530] {processor.py:161} INFO - Started process (PID=71818) to work on /Users/aswin/Documents/data-engineering-practice/ETL_Airflow_DBT/airflow/airflow_env/lib/python3.11/site-packages/airflow/example_dags/example_latest_only.py
[2026-04-01T04:50:25.962+0530] {processor.py:830} INFO - Processing file /Users/aswin/Documents/data-engineering-practice/ETL_Airflow_DBT/airflow/airflow_env/lib/python3.11/site-packages/airflow/example_dags/example_latest_only.py for tasks to queue
[2026-04-01T04:50:25.962+0530] {logging_mixin.py:188} INFO - [2026-04-01T04:50:25.962+0530] {dagbag.py:540} INFO - Filling up the DagBag from /Users/aswin/Documents/data-engineering-practice/ETL_Airflow_DBT/airflow/airflow_env/lib/python3.11/site-packages/airflow/example_dags/example_latest_only.py
[2026-04-01T04:50:25.965+0530] {processor.py:840} INFO - DAG(s) 'latest_only' retrieved from /Users/aswin/Documents/data-engineering-practice/ETL_Airflow_DBT/airflow/airflow_env/lib/python3.11/site-packages/airflow/example_dags/example_latest_only.py
[2026-04-01T04:50:25.997+0530] {logging_mixin.py:188} INFO - [2026-04-01T04:50:25.997+0530] {dag.py:3096} INFO - Sync 1 DAGs
[2026-04-01T04:50:26.003+0530] {logging_mixin.py:188} INFO - [2026-04-01T04:50:26.003+0530] {dag.py:3954} INFO - Setting next_dagrun for latest_only to 2026-03-31 16:00:00+00:00, run_after=2026-03-31 20:00:00+00:00
[2026-04-01T04:50:26.009+0530] {processor.py:183} INFO - Processing /Users/aswin/Documents/data-engineering-practice/ETL_Airflow_DBT/airflow/airflow_env/lib/python3.11/site-packages/airflow/example_dags/example_latest_only.py took 0.049 seconds
[2026-04-01T04:52:13.463+0530] {processor.py:161} INFO - Started process (PID=71902) to work on /Users/aswin/Documents/data-engineering-practice/ETL_Airflow_DBT/airflow/airflow_env/lib/python3.11/site-packages/airflow/example_dags/example_latest_only.py
[2026-04-01T04:52:13.464+0530] {processor.py:830} INFO - Processing file /Users/aswin/Documents/data-engineering-practice/ETL_Airflow_DBT/airflow/airflow_env/lib/python3.11/site-packages/airflow/example_dags/example_latest_only.py for tasks to queue
[2026-04-01T04:52:13.464+0530] {logging_mixin.py:188} INFO - [2026-04-01T04:52:13.464+0530] {dagbag.py:540} INFO - Filling up the DagBag from /Users/aswin/Documents/data-engineering-practice/ETL_Airflow_DBT/airflow/airflow_env/lib/python3.11/site-packages/airflow/example_dags/example_latest_only.py
[2026-04-01T04:52:13.467+0530] {processor.py:840} INFO - DAG(s) 'latest_only' retrieved from /Users/aswin/Documents/data-engineering-practice/ETL_Airflow_DBT/airflow/airflow_env/lib/python3.11/site-packages/airflow/example_dags/example_latest_only.py
[2026-04-01T04:52:13.495+0530] {logging_mixin.py:188} INFO - [2026-04-01T04:52:13.495+0530] {dag.py:3096} INFO - Sync 1 DAGs
[2026-04-01T04:52:13.501+0530] {logging_mixin.py:188} INFO - [2026-04-01T04:52:13.501+0530] {dag.py:3954} INFO - Setting next_dagrun for latest_only to 2026-03-31 16:00:00+00:00, run_after=2026-03-31 20:00:00+00:00
[2026-04-01T04:52:13.507+0530] {processor.py:183} INFO - Processing /Users/aswin/Documents/data-engineering-practice/ETL_Airflow_DBT/airflow/airflow_env/lib/python3.11/site-packages/airflow/example_dags/example_latest_only.py took 0.045 seconds
[2026-04-01T04:53:58.018+0530] {processor.py:161} INFO - Started process (PID=71979) to work on /Users/aswin/Documents/data-engineering-practice/ETL_Airflow_DBT/airflow/airflow_env/lib/python3.11/site-packages/airflow/example_dags/example_latest_only.py
[2026-04-01T04:53:58.019+0530] {processor.py:830} INFO - Processing file /Users/aswin/Documents/data-engineering-practice/ETL_Airflow_DBT/airflow/airflow_env/lib/python3.11/site-packages/airflow/example_dags/example_latest_only.py for tasks to queue
[2026-04-01T04:53:58.019+0530] {logging_mixin.py:188} INFO - [2026-04-01T04:53:58.019+0530] {dagbag.py:540} INFO - Filling up the DagBag from /Users/aswin/Documents/data-engineering-practice/ETL_Airflow_DBT/airflow/airflow_env/lib/python3.11/site-packages/airflow/example_dags/example_latest_only.py
[2026-04-01T04:53:58.021+0530] {processor.py:840} INFO - DAG(s) 'latest_only' retrieved from /Users/aswin/Documents/data-engineering-practice/ETL_Airflow_DBT/airflow/airflow_env/lib/python3.11/site-packages/airflow/example_dags/example_latest_only.py
[2026-04-01T04:53:58.050+0530] {logging_mixin.py:188} INFO - [2026-04-01T04:53:58.050+0530] {dag.py:3096} INFO - Sync 1 DAGs
[2026-04-01T04:53:58.056+0530] {logging_mixin.py:188} INFO - [2026-04-01T04:53:58.056+0530] {dag.py:3954} INFO - Setting next_dagrun for latest_only to 2026-03-31 16:00:00+00:00, run_after=2026-03-31 20:00:00+00:00
[2026-04-01T04:53:58.062+0530] {processor.py:183} INFO - Processing /Users/aswin/Documents/data-engineering-practice/ETL_Airflow_DBT/airflow/airflow_env/lib/python3.11/site-packages/airflow/example_dags/example_latest_only.py took 0.044 seconds
[2026-04-01T04:55:36.732+0530] {processor.py:161} INFO - Started process (PID=72059) to work on /Users/aswin/Documents/data-engineering-practice/ETL_Airflow_DBT/airflow/airflow_env/lib/python3.11/site-packages/airflow/example_dags/example_latest_only.py
[2026-04-01T04:55:36.732+0530] {processor.py:830} INFO - Processing file /Users/aswin/Documents/data-engineering-practice/ETL_Airflow_DBT/airflow/airflow_env/lib/python3.11/site-packages/airflow/example_dags/example_latest_only.py for tasks to queue
[2026-04-01T04:55:36.733+0530] {logging_mixin.py:188} INFO - [2026-04-01T04:55:36.733+0530] {dagbag.py:540} INFO - Filling up the DagBag from /Users/aswin/Documents/data-engineering-practice/ETL_Airflow_DBT/airflow/airflow_env/lib/python3.11/site-packages/airflow/example_dags/example_latest_only.py
[2026-04-01T04:55:36.736+0530] {processor.py:840} INFO - DAG(s) 'latest_only' retrieved from /Users/aswin/Documents/data-engineering-practice/ETL_Airflow_DBT/airflow/airflow_env/lib/python3.11/site-packages/airflow/example_dags/example_latest_only.py
[2026-04-01T04:55:36.766+0530] {logging_mixin.py:188} INFO - [2026-04-01T04:55:36.766+0530] {dag.py:3096} INFO - Sync 1 DAGs
[2026-04-01T04:55:36.772+0530] {logging_mixin.py:188} INFO - [2026-04-01T04:55:36.772+0530] {dag.py:3954} INFO - Setting next_dagrun for latest_only to 2026-03-31 16:00:00+00:00, run_after=2026-03-31 20:00:00+00:00
[2026-04-01T04:55:36.778+0530] {processor.py:183} INFO - Processing /Users/aswin/Documents/data-engineering-practice/ETL_Airflow_DBT/airflow/airflow_env/lib/python3.11/site-packages/airflow/example_dags/example_latest_only.py took 0.047 seconds
[2026-04-01T04:57:26.064+0530] {processor.py:161} INFO - Started process (PID=72146) to work on /Users/aswin/Documents/data-engineering-practice/ETL_Airflow_DBT/airflow/airflow_env/lib/python3.11/site-packages/airflow/example_dags/example_latest_only.py
[2026-04-01T04:57:26.065+0530] {processor.py:830} INFO - Processing file /Users/aswin/Documents/data-engineering-practice/ETL_Airflow_DBT/airflow/airflow_env/lib/python3.11/site-packages/airflow/example_dags/example_latest_only.py for tasks to queue
[2026-04-01T04:57:26.065+0530] {logging_mixin.py:188} INFO - [2026-04-01T04:57:26.065+0530] {dagbag.py:540} INFO - Filling up the DagBag from /Users/aswin/Documents/data-engineering-practice/ETL_Airflow_DBT/airflow/airflow_env/lib/python3.11/site-packages/airflow/example_dags/example_latest_only.py
[2026-04-01T04:57:26.068+0530] {processor.py:840} INFO - DAG(s) 'latest_only' retrieved from /Users/aswin/Documents/data-engineering-practice/ETL_Airflow_DBT/airflow/airflow_env/lib/python3.11/site-packages/airflow/example_dags/example_latest_only.py
[2026-04-01T04:57:26.098+0530] {logging_mixin.py:188} INFO - [2026-04-01T04:57:26.098+0530] {dag.py:3096} INFO - Sync 1 DAGs
[2026-04-01T04:57:26.104+0530] {logging_mixin.py:188} INFO - [2026-04-01T04:57:26.103+0530] {dag.py:3954} INFO - Setting next_dagrun for latest_only to 2026-03-31 16:00:00+00:00, run_after=2026-03-31 20:00:00+00:00
[2026-04-01T04:57:26.109+0530] {processor.py:183} INFO - Processing /Users/aswin/Documents/data-engineering-practice/ETL_Airflow_DBT/airflow/airflow_env/lib/python3.11/site-packages/airflow/example_dags/example_latest_only.py took 0.046 seconds
[2026-04-01T04:59:17.587+0530] {processor.py:161} INFO - Started process (PID=72366) to work on /Users/aswin/Documents/data-engineering-practice/ETL_Airflow_DBT/airflow/airflow_env/lib/python3.11/site-packages/airflow/example_dags/example_latest_only.py
[2026-04-01T04:59:17.588+0530] {processor.py:830} INFO - Processing file /Users/aswin/Documents/data-engineering-practice/ETL_Airflow_DBT/airflow/airflow_env/lib/python3.11/site-packages/airflow/example_dags/example_latest_only.py for tasks to queue
[2026-04-01T04:59:17.588+0530] {logging_mixin.py:188} INFO - [2026-04-01T04:59:17.588+0530] {dagbag.py:540} INFO - Filling up the DagBag from /Users/aswin/Documents/data-engineering-practice/ETL_Airflow_DBT/airflow/airflow_env/lib/python3.11/site-packages/airflow/example_dags/example_latest_only.py
[2026-04-01T04:59:17.591+0530] {processor.py:840} INFO - DAG(s) 'latest_only' retrieved from /Users/aswin/Documents/data-engineering-practice/ETL_Airflow_DBT/airflow/airflow_env/lib/python3.11/site-packages/airflow/example_dags/example_latest_only.py
[2026-04-01T04:59:17.620+0530] {logging_mixin.py:188} INFO - [2026-04-01T04:59:17.620+0530] {dag.py:3096} INFO - Sync 1 DAGs
[2026-04-01T04:59:17.625+0530] {logging_mixin.py:188} INFO - [2026-04-01T04:59:17.625+0530] {dag.py:3954} INFO - Setting next_dagrun for latest_only to 2026-03-31 16:00:00+00:00, run_after=2026-03-31 20:00:00+00:00
[2026-04-01T04:59:17.631+0530] {processor.py:183} INFO - Processing /Users/aswin/Documents/data-engineering-practice/ETL_Airflow_DBT/airflow/airflow_env/lib/python3.11/site-packages/airflow/example_dags/example_latest_only.py took 0.044 seconds
[2026-04-01T05:01:08.884+0530] {processor.py:161} INFO - Started process (PID=72450) to work on /Users/aswin/Documents/data-engineering-practice/ETL_Airflow_DBT/airflow/airflow_env/lib/python3.11/site-packages/airflow/example_dags/example_latest_only.py
[2026-04-01T05:01:08.884+0530] {processor.py:830} INFO - Processing file /Users/aswin/Documents/data-engineering-practice/ETL_Airflow_DBT/airflow/airflow_env/lib/python3.11/site-packages/airflow/example_dags/example_latest_only.py for tasks to queue
[2026-04-01T05:01:08.884+0530] {logging_mixin.py:188} INFO - [2026-04-01T05:01:08.884+0530] {dagbag.py:540} INFO - Filling up the DagBag from /Users/aswin/Documents/data-engineering-practice/ETL_Airflow_DBT/airflow/airflow_env/lib/python3.11/site-packages/airflow/example_dags/example_latest_only.py
[2026-04-01T05:01:08.887+0530] {processor.py:840} INFO - DAG(s) 'latest_only' retrieved from /Users/aswin/Documents/data-engineering-practice/ETL_Airflow_DBT/airflow/airflow_env/lib/python3.11/site-packages/airflow/example_dags/example_latest_only.py
[2026-04-01T05:01:08.916+0530] {logging_mixin.py:188} INFO - [2026-04-01T05:01:08.916+0530] {dag.py:3096} INFO - Sync 1 DAGs
[2026-04-01T05:01:08.921+0530] {logging_mixin.py:188} INFO - [2026-04-01T05:01:08.921+0530] {dag.py:3954} INFO - Setting next_dagrun for latest_only to 2026-03-31 16:00:00+00:00, run_after=2026-03-31 20:00:00+00:00
[2026-04-01T05:01:08.927+0530] {processor.py:183} INFO - Processing /Users/aswin/Documents/data-engineering-practice/ETL_Airflow_DBT/airflow/airflow_env/lib/python3.11/site-packages/airflow/example_dags/example_latest_only.py took 0.045 seconds
[2026-04-01T05:03:03.439+0530] {processor.py:161} INFO - Started process (PID=72529) to work on /Users/aswin/Documents/data-engineering-practice/ETL_Airflow_DBT/airflow/airflow_env/lib/python3.11/site-packages/airflow/example_dags/example_latest_only.py
[2026-04-01T05:03:03.440+0530] {processor.py:830} INFO - Processing file /Users/aswin/Documents/data-engineering-practice/ETL_Airflow_DBT/airflow/airflow_env/lib/python3.11/site-packages/airflow/example_dags/example_latest_only.py for tasks to queue
[2026-04-01T05:03:03.440+0530] {logging_mixin.py:188} INFO - [2026-04-01T05:03:03.440+0530] {dagbag.py:540} INFO - Filling up the DagBag from /Users/aswin/Documents/data-engineering-practice/ETL_Airflow_DBT/airflow/airflow_env/lib/python3.11/site-packages/airflow/example_dags/example_latest_only.py
[2026-04-01T05:03:03.442+0530] {processor.py:840} INFO - DAG(s) 'latest_only' retrieved from /Users/aswin/Documents/data-engineering-practice/ETL_Airflow_DBT/airflow/airflow_env/lib/python3.11/site-packages/airflow/example_dags/example_latest_only.py
[2026-04-01T05:03:03.472+0530] {logging_mixin.py:188} INFO - [2026-04-01T05:03:03.471+0530] {dag.py:3096} INFO - Sync 1 DAGs
[2026-04-01T05:03:03.477+0530] {logging_mixin.py:188} INFO - [2026-04-01T05:03:03.477+0530] {dag.py:3954} INFO - Setting next_dagrun for latest_only to 2026-03-31 16:00:00+00:00, run_after=2026-03-31 20:00:00+00:00
[2026-04-01T05:03:03.484+0530] {processor.py:183} INFO - Processing /Users/aswin/Documents/data-engineering-practice/ETL_Airflow_DBT/airflow/airflow_env/lib/python3.11/site-packages/airflow/example_dags/example_latest_only.py took 0.045 seconds
[2026-04-01T05:05:00.032+0530] {processor.py:161} INFO - Started process (PID=72613) to work on /Users/aswin/Documents/data-engineering-practice/ETL_Airflow_DBT/airflow/airflow_env/lib/python3.11/site-packages/airflow/example_dags/example_latest_only.py
[2026-04-01T05:05:00.033+0530] {processor.py:830} INFO - Processing file /Users/aswin/Documents/data-engineering-practice/ETL_Airflow_DBT/airflow/airflow_env/lib/python3.11/site-packages/airflow/example_dags/example_latest_only.py for tasks to queue
[2026-04-01T05:05:00.033+0530] {logging_mixin.py:188} INFO - [2026-04-01T05:05:00.033+0530] {dagbag.py:540} INFO - Filling up the DagBag from /Users/aswin/Documents/data-engineering-practice/ETL_Airflow_DBT/airflow/airflow_env/lib/python3.11/site-packages/airflow/example_dags/example_latest_only.py
[2026-04-01T05:05:00.036+0530] {processor.py:840} INFO - DAG(s) 'latest_only' retrieved from /Users/aswin/Documents/data-engineering-practice/ETL_Airflow_DBT/airflow/airflow_env/lib/python3.11/site-packages/airflow/example_dags/example_latest_only.py
[2026-04-01T05:05:00.068+0530] {logging_mixin.py:188} INFO - [2026-04-01T05:05:00.068+0530] {dag.py:3096} INFO - Sync 1 DAGs
[2026-04-01T05:05:00.074+0530] {logging_mixin.py:188} INFO - [2026-04-01T05:05:00.074+0530] {dag.py:3954} INFO - Setting next_dagrun for latest_only to 2026-03-31 16:00:00+00:00, run_after=2026-03-31 20:00:00+00:00
[2026-04-01T05:05:00.080+0530] {processor.py:183} INFO - Processing /Users/aswin/Documents/data-engineering-practice/ETL_Airflow_DBT/airflow/airflow_env/lib/python3.11/site-packages/airflow/example_dags/example_latest_only.py took 0.049 seconds
[2026-04-01T05:19:31.891+0530] {processor.py:161} INFO - Started process (PID=72830) to work on /Users/aswin/Documents/data-engineering-practice/ETL_Airflow_DBT/airflow/airflow_env/lib/python3.11/site-packages/airflow/example_dags/example_latest_only.py
[2026-04-01T05:19:31.892+0530] {processor.py:830} INFO - Processing file /Users/aswin/Documents/data-engineering-practice/ETL_Airflow_DBT/airflow/airflow_env/lib/python3.11/site-packages/airflow/example_dags/example_latest_only.py for tasks to queue
[2026-04-01T05:19:31.892+0530] {logging_mixin.py:188} INFO - [2026-04-01T05:19:31.892+0530] {dagbag.py:540} INFO - Filling up the DagBag from /Users/aswin/Documents/data-engineering-practice/ETL_Airflow_DBT/airflow/airflow_env/lib/python3.11/site-packages/airflow/example_dags/example_latest_only.py
[2026-04-01T05:19:31.895+0530] {processor.py:840} INFO - DAG(s) 'latest_only' retrieved from /Users/aswin/Documents/data-engineering-practice/ETL_Airflow_DBT/airflow/airflow_env/lib/python3.11/site-packages/airflow/example_dags/example_latest_only.py
[2026-04-01T05:19:31.926+0530] {logging_mixin.py:188} INFO - [2026-04-01T05:19:31.926+0530] {dag.py:3096} INFO - Sync 1 DAGs
[2026-04-01T05:19:31.931+0530] {logging_mixin.py:188} INFO - [2026-04-01T05:19:31.931+0530] {dag.py:3954} INFO - Setting next_dagrun for latest_only to 2026-03-31 16:00:00+00:00, run_after=2026-03-31 20:00:00+00:00
[2026-04-01T05:19:31.937+0530] {processor.py:183} INFO - Processing /Users/aswin/Documents/data-engineering-practice/ETL_Airflow_DBT/airflow/airflow_env/lib/python3.11/site-packages/airflow/example_dags/example_latest_only.py took 0.047 seconds
[2026-04-01T05:20:59.762+0530] {processor.py:161} INFO - Started process (PID=72897) to work on /Users/aswin/Documents/data-engineering-practice/ETL_Airflow_DBT/airflow/airflow_env/lib/python3.11/site-packages/airflow/example_dags/example_latest_only.py
[2026-04-01T05:20:59.763+0530] {processor.py:830} INFO - Processing file /Users/aswin/Documents/data-engineering-practice/ETL_Airflow_DBT/airflow/airflow_env/lib/python3.11/site-packages/airflow/example_dags/example_latest_only.py for tasks to queue
[2026-04-01T05:20:59.764+0530] {logging_mixin.py:188} INFO - [2026-04-01T05:20:59.764+0530] {dagbag.py:540} INFO - Filling up the DagBag from /Users/aswin/Documents/data-engineering-practice/ETL_Airflow_DBT/airflow/airflow_env/lib/python3.11/site-packages/airflow/example_dags/example_latest_only.py
[2026-04-01T05:20:59.766+0530] {processor.py:840} INFO - DAG(s) 'latest_only' retrieved from /Users/aswin/Documents/data-engineering-practice/ETL_Airflow_DBT/airflow/airflow_env/lib/python3.11/site-packages/airflow/example_dags/example_latest_only.py
[2026-04-01T05:20:59.795+0530] {logging_mixin.py:188} INFO - [2026-04-01T05:20:59.795+0530] {dag.py:3096} INFO - Sync 1 DAGs
[2026-04-01T05:20:59.801+0530] {logging_mixin.py:188} INFO - [2026-04-01T05:20:59.801+0530] {dag.py:3954} INFO - Setting next_dagrun for latest_only to 2026-03-31 16:00:00+00:00, run_after=2026-03-31 20:00:00+00:00
[2026-04-01T05:20:59.806+0530] {processor.py:183} INFO - Processing /Users/aswin/Documents/data-engineering-practice/ETL_Airflow_DBT/airflow/airflow_env/lib/python3.11/site-packages/airflow/example_dags/example_latest_only.py took 0.045 seconds
[2026-04-01T05:22:47.889+0530] {processor.py:161} INFO - Started process (PID=72998) to work on /Users/aswin/Documents/data-engineering-practice/ETL_Airflow_DBT/airflow/airflow_env/lib/python3.11/site-packages/airflow/example_dags/example_latest_only.py
[2026-04-01T05:22:47.890+0530] {processor.py:830} INFO - Processing file /Users/aswin/Documents/data-engineering-practice/ETL_Airflow_DBT/airflow/airflow_env/lib/python3.11/site-packages/airflow/example_dags/example_latest_only.py for tasks to queue
[2026-04-01T05:22:47.890+0530] {logging_mixin.py:188} INFO - [2026-04-01T05:22:47.890+0530] {dagbag.py:540} INFO - Filling up the DagBag from /Users/aswin/Documents/data-engineering-practice/ETL_Airflow_DBT/airflow/airflow_env/lib/python3.11/site-packages/airflow/example_dags/example_latest_only.py
[2026-04-01T05:22:47.893+0530] {processor.py:840} INFO - DAG(s) 'latest_only' retrieved from /Users/aswin/Documents/data-engineering-practice/ETL_Airflow_DBT/airflow/airflow_env/lib/python3.11/site-packages/airflow/example_dags/example_latest_only.py
[2026-04-01T05:22:47.922+0530] {logging_mixin.py:188} INFO - [2026-04-01T05:22:47.922+0530] {dag.py:3096} INFO - Sync 1 DAGs
[2026-04-01T05:22:47.927+0530] {logging_mixin.py:188} INFO - [2026-04-01T05:22:47.927+0530] {dag.py:3954} INFO - Setting next_dagrun for latest_only to 2026-03-31 16:00:00+00:00, run_after=2026-03-31 20:00:00+00:00
[2026-04-01T05:22:47.933+0530] {processor.py:183} INFO - Processing /Users/aswin/Documents/data-engineering-practice/ETL_Airflow_DBT/airflow/airflow_env/lib/python3.11/site-packages/airflow/example_dags/example_latest_only.py took 0.045 seconds
[2026-04-01T05:24:46.790+0530] {processor.py:161} INFO - Started process (PID=73080) to work on /Users/aswin/Documents/data-engineering-practice/ETL_Airflow_DBT/airflow/airflow_env/lib/python3.11/site-packages/airflow/example_dags/example_latest_only.py
[2026-04-01T05:24:46.791+0530] {processor.py:830} INFO - Processing file /Users/aswin/Documents/data-engineering-practice/ETL_Airflow_DBT/airflow/airflow_env/lib/python3.11/site-packages/airflow/example_dags/example_latest_only.py for tasks to queue
[2026-04-01T05:24:46.791+0530] {logging_mixin.py:188} INFO - [2026-04-01T05:24:46.791+0530] {dagbag.py:540} INFO - Filling up the DagBag from /Users/aswin/Documents/data-engineering-practice/ETL_Airflow_DBT/airflow/airflow_env/lib/python3.11/site-packages/airflow/example_dags/example_latest_only.py
[2026-04-01T05:24:46.794+0530] {processor.py:840} INFO - DAG(s) 'latest_only' retrieved from /Users/aswin/Documents/data-engineering-practice/ETL_Airflow_DBT/airflow/airflow_env/lib/python3.11/site-packages/airflow/example_dags/example_latest_only.py
[2026-04-01T05:24:46.823+0530] {logging_mixin.py:188} INFO - [2026-04-01T05:24:46.823+0530] {dag.py:3096} INFO - Sync 1 DAGs
[2026-04-01T05:24:46.829+0530] {logging_mixin.py:188} INFO - [2026-04-01T05:24:46.829+0530] {dag.py:3954} INFO - Setting next_dagrun for latest_only to 2026-03-31 16:00:00+00:00, run_after=2026-03-31 20:00:00+00:00
[2026-04-01T05:24:46.834+0530] {processor.py:183} INFO - Processing /Users/aswin/Documents/data-engineering-practice/ETL_Airflow_DBT/airflow/airflow_env/lib/python3.11/site-packages/airflow/example_dags/example_latest_only.py took 0.046 seconds
[2026-04-01T05:26:41.219+0530] {processor.py:161} INFO - Started process (PID=73166) to work on /Users/aswin/Documents/data-engineering-practice/ETL_Airflow_DBT/airflow/airflow_env/lib/python3.11/site-packages/airflow/example_dags/example_latest_only.py
[2026-04-01T05:26:41.219+0530] {processor.py:830} INFO - Processing file /Users/aswin/Documents/data-engineering-practice/ETL_Airflow_DBT/airflow/airflow_env/lib/python3.11/site-packages/airflow/example_dags/example_latest_only.py for tasks to queue
[2026-04-01T05:26:41.220+0530] {logging_mixin.py:188} INFO - [2026-04-01T05:26:41.219+0530] {dagbag.py:540} INFO - Filling up the DagBag from /Users/aswin/Documents/data-engineering-practice/ETL_Airflow_DBT/airflow/airflow_env/lib/python3.11/site-packages/airflow/example_dags/example_latest_only.py
[2026-04-01T05:26:41.222+0530] {processor.py:840} INFO - DAG(s) 'latest_only' retrieved from /Users/aswin/Documents/data-engineering-practice/ETL_Airflow_DBT/airflow/airflow_env/lib/python3.11/site-packages/airflow/example_dags/example_latest_only.py
[2026-04-01T05:26:41.252+0530] {logging_mixin.py:188} INFO - [2026-04-01T05:26:41.252+0530] {dag.py:3096} INFO - Sync 1 DAGs
[2026-04-01T05:26:41.257+0530] {logging_mixin.py:188} INFO - [2026-04-01T05:26:41.257+0530] {dag.py:3954} INFO - Setting next_dagrun for latest_only to 2026-03-31 16:00:00+00:00, run_after=2026-03-31 20:00:00+00:00
[2026-04-01T05:26:41.263+0530] {processor.py:183} INFO - Processing /Users/aswin/Documents/data-engineering-practice/ETL_Airflow_DBT/airflow/airflow_env/lib/python3.11/site-packages/airflow/example_dags/example_latest_only.py took 0.046 seconds
[2026-04-01T05:28:28.800+0530] {processor.py:161} INFO - Started process (PID=73246) to work on /Users/aswin/Documents/data-engineering-practice/ETL_Airflow_DBT/airflow/airflow_env/lib/python3.11/site-packages/airflow/example_dags/example_latest_only.py
[2026-04-01T05:28:28.802+0530] {processor.py:830} INFO - Processing file /Users/aswin/Documents/data-engineering-practice/ETL_Airflow_DBT/airflow/airflow_env/lib/python3.11/site-packages/airflow/example_dags/example_latest_only.py for tasks to queue
[2026-04-01T05:28:28.802+0530] {logging_mixin.py:188} INFO - [2026-04-01T05:28:28.802+0530] {dagbag.py:540} INFO - Filling up the DagBag from /Users/aswin/Documents/data-engineering-practice/ETL_Airflow_DBT/airflow/airflow_env/lib/python3.11/site-packages/airflow/example_dags/example_latest_only.py
[2026-04-01T05:28:28.805+0530] {processor.py:840} INFO - DAG(s) 'latest_only' retrieved from /Users/aswin/Documents/data-engineering-practice/ETL_Airflow_DBT/airflow/airflow_env/lib/python3.11/site-packages/airflow/example_dags/example_latest_only.py
[2026-04-01T05:28:28.834+0530] {logging_mixin.py:188} INFO - [2026-04-01T05:28:28.834+0530] {dag.py:3096} INFO - Sync 1 DAGs
[2026-04-01T05:28:28.840+0530] {logging_mixin.py:188} INFO - [2026-04-01T05:28:28.840+0530] {dag.py:3954} INFO - Setting next_dagrun for latest_only to 2026-03-31 16:00:00+00:00, run_after=2026-03-31 20:00:00+00:00
[2026-04-01T05:28:28.845+0530] {processor.py:183} INFO - Processing /Users/aswin/Documents/data-engineering-practice/ETL_Airflow_DBT/airflow/airflow_env/lib/python3.11/site-packages/airflow/example_dags/example_latest_only.py took 0.046 seconds
