[2026-04-01T04:48:48.448+0530] {processor.py:161} INFO - Started process (PID=71743) to work on /Users/aswin/Documents/data-engineering-practice/ETL_Airflow_DBT/airflow/airflow_env/lib/python3.11/site-packages/airflow/example_dags/example_python_decorator.py
[2026-04-01T04:48:48.449+0530] {processor.py:830} INFO - Processing file /Users/aswin/Documents/data-engineering-practice/ETL_Airflow_DBT/airflow/airflow_env/lib/python3.11/site-packages/airflow/example_dags/example_python_decorator.py for tasks to queue
[2026-04-01T04:48:48.449+0530] {logging_mixin.py:188} INFO - [2026-04-01T04:48:48.449+0530] {dagbag.py:540} INFO - Filling up the DagBag from /Users/aswin/Documents/data-engineering-practice/ETL_Airflow_DBT/airflow/airflow_env/lib/python3.11/site-packages/airflow/example_dags/example_python_decorator.py
[2026-04-01T04:48:48.465+0530] {logging_mixin.py:188} INFO - [2026-04-01T04:48:48.464+0530] {example_python_decorator.py:80} WARNING - The virtalenv_python example task requires virtualenv, please install it.
[2026-04-01T04:48:48.465+0530] {processor.py:840} INFO - DAG(s) 'example_python_decorator' retrieved from /Users/aswin/Documents/data-engineering-practice/ETL_Airflow_DBT/airflow/airflow_env/lib/python3.11/site-packages/airflow/example_dags/example_python_decorator.py
[2026-04-01T04:48:48.523+0530] {logging_mixin.py:188} INFO - [2026-04-01T04:48:48.523+0530] {override.py:1829} INFO - Created Permission View: can read on DAG:example_python_decorator
[2026-04-01T04:48:48.526+0530] {logging_mixin.py:188} INFO - [2026-04-01T04:48:48.526+0530] {override.py:1829} INFO - Created Permission View: can edit on DAG:example_python_decorator
[2026-04-01T04:48:48.528+0530] {logging_mixin.py:188} INFO - [2026-04-01T04:48:48.528+0530] {override.py:1829} INFO - Created Permission View: can delete on DAG:example_python_decorator
[2026-04-01T04:48:48.528+0530] {logging_mixin.py:188} INFO - [2026-04-01T04:48:48.528+0530] {dag.py:3096} INFO - Sync 1 DAGs
[2026-04-01T04:48:48.552+0530] {logging_mixin.py:188} INFO - [2026-04-01T04:48:48.552+0530] {dag.py:3118} INFO - Creating ORM DAG for example_python_decorator
[2026-04-01T04:48:48.552+0530] {logging_mixin.py:188} INFO - [2026-04-01T04:48:48.552+0530] {dag.py:3954} INFO - Setting next_dagrun for example_python_decorator to None, run_after=None
[2026-04-01T04:48:48.558+0530] {processor.py:183} INFO - Processing /Users/aswin/Documents/data-engineering-practice/ETL_Airflow_DBT/airflow/airflow_env/lib/python3.11/site-packages/airflow/example_dags/example_python_decorator.py took 0.111 seconds
[2026-04-01T04:50:16.257+0530] {processor.py:161} INFO - Started process (PID=71809) to work on /Users/aswin/Documents/data-engineering-practice/ETL_Airflow_DBT/airflow/airflow_env/lib/python3.11/site-packages/airflow/example_dags/example_python_decorator.py
[2026-04-01T04:50:16.258+0530] {processor.py:830} INFO - Processing file /Users/aswin/Documents/data-engineering-practice/ETL_Airflow_DBT/airflow/airflow_env/lib/python3.11/site-packages/airflow/example_dags/example_python_decorator.py for tasks to queue
[2026-04-01T04:50:16.258+0530] {logging_mixin.py:188} INFO - [2026-04-01T04:50:16.258+0530] {dagbag.py:540} INFO - Filling up the DagBag from /Users/aswin/Documents/data-engineering-practice/ETL_Airflow_DBT/airflow/airflow_env/lib/python3.11/site-packages/airflow/example_dags/example_python_decorator.py
[2026-04-01T04:50:16.273+0530] {logging_mixin.py:188} INFO - [2026-04-01T04:50:16.273+0530] {example_python_decorator.py:80} WARNING - The virtalenv_python example task requires virtualenv, please install it.
[2026-04-01T04:50:16.273+0530] {processor.py:840} INFO - DAG(s) 'example_python_decorator' retrieved from /Users/aswin/Documents/data-engineering-practice/ETL_Airflow_DBT/airflow/airflow_env/lib/python3.11/site-packages/airflow/example_dags/example_python_decorator.py
[2026-04-01T04:50:16.303+0530] {logging_mixin.py:188} INFO - [2026-04-01T04:50:16.302+0530] {dag.py:3096} INFO - Sync 1 DAGs
[2026-04-01T04:50:16.305+0530] {logging_mixin.py:188} INFO - [2026-04-01T04:50:16.305+0530] {dag.py:3954} INFO - Setting next_dagrun for example_python_decorator to None, run_after=None
[2026-04-01T04:50:16.311+0530] {processor.py:183} INFO - Processing /Users/aswin/Documents/data-engineering-practice/ETL_Airflow_DBT/airflow/airflow_env/lib/python3.11/site-packages/airflow/example_dags/example_python_decorator.py took 0.055 seconds
[2026-04-01T04:52:02.784+0530] {processor.py:161} INFO - Started process (PID=71894) to work on /Users/aswin/Documents/data-engineering-practice/ETL_Airflow_DBT/airflow/airflow_env/lib/python3.11/site-packages/airflow/example_dags/example_python_decorator.py
[2026-04-01T04:52:02.785+0530] {processor.py:830} INFO - Processing file /Users/aswin/Documents/data-engineering-practice/ETL_Airflow_DBT/airflow/airflow_env/lib/python3.11/site-packages/airflow/example_dags/example_python_decorator.py for tasks to queue
[2026-04-01T04:52:02.786+0530] {logging_mixin.py:188} INFO - [2026-04-01T04:52:02.786+0530] {dagbag.py:540} INFO - Filling up the DagBag from /Users/aswin/Documents/data-engineering-practice/ETL_Airflow_DBT/airflow/airflow_env/lib/python3.11/site-packages/airflow/example_dags/example_python_decorator.py
[2026-04-01T04:52:02.800+0530] {logging_mixin.py:188} INFO - [2026-04-01T04:52:02.800+0530] {example_python_decorator.py:80} WARNING - The virtalenv_python example task requires virtualenv, please install it.
[2026-04-01T04:52:02.801+0530] {processor.py:840} INFO - DAG(s) 'example_python_decorator' retrieved from /Users/aswin/Documents/data-engineering-practice/ETL_Airflow_DBT/airflow/airflow_env/lib/python3.11/site-packages/airflow/example_dags/example_python_decorator.py
[2026-04-01T04:52:02.830+0530] {logging_mixin.py:188} INFO - [2026-04-01T04:52:02.830+0530] {dag.py:3096} INFO - Sync 1 DAGs
[2026-04-01T04:52:02.833+0530] {logging_mixin.py:188} INFO - [2026-04-01T04:52:02.832+0530] {dag.py:3954} INFO - Setting next_dagrun for example_python_decorator to None, run_after=None
[2026-04-01T04:52:02.838+0530] {processor.py:183} INFO - Processing /Users/aswin/Documents/data-engineering-practice/ETL_Airflow_DBT/airflow/airflow_env/lib/python3.11/site-packages/airflow/example_dags/example_python_decorator.py took 0.055 seconds
[2026-04-01T04:53:47.226+0530] {processor.py:161} INFO - Started process (PID=71972) to work on /Users/aswin/Documents/data-engineering-practice/ETL_Airflow_DBT/airflow/airflow_env/lib/python3.11/site-packages/airflow/example_dags/example_python_decorator.py
[2026-04-01T04:53:47.227+0530] {processor.py:830} INFO - Processing file /Users/aswin/Documents/data-engineering-practice/ETL_Airflow_DBT/airflow/airflow_env/lib/python3.11/site-packages/airflow/example_dags/example_python_decorator.py for tasks to queue
[2026-04-01T04:53:47.227+0530] {logging_mixin.py:188} INFO - [2026-04-01T04:53:47.227+0530] {dagbag.py:540} INFO - Filling up the DagBag from /Users/aswin/Documents/data-engineering-practice/ETL_Airflow_DBT/airflow/airflow_env/lib/python3.11/site-packages/airflow/example_dags/example_python_decorator.py
[2026-04-01T04:53:47.242+0530] {logging_mixin.py:188} INFO - [2026-04-01T04:53:47.242+0530] {example_python_decorator.py:80} WARNING - The virtalenv_python example task requires virtualenv, please install it.
[2026-04-01T04:53:47.243+0530] {processor.py:840} INFO - DAG(s) 'example_python_decorator' retrieved from /Users/aswin/Documents/data-engineering-practice/ETL_Airflow_DBT/airflow/airflow_env/lib/python3.11/site-packages/airflow/example_dags/example_python_decorator.py
[2026-04-01T04:53:47.274+0530] {logging_mixin.py:188} INFO - [2026-04-01T04:53:47.274+0530] {dag.py:3096} INFO - Sync 1 DAGs
[2026-04-01T04:53:47.277+0530] {logging_mixin.py:188} INFO - [2026-04-01T04:53:47.277+0530] {dag.py:3954} INFO - Setting next_dagrun for example_python_decorator to None, run_after=None
[2026-04-01T04:53:47.283+0530] {processor.py:183} INFO - Processing /Users/aswin/Documents/data-engineering-practice/ETL_Airflow_DBT/airflow/airflow_env/lib/python3.11/site-packages/airflow/example_dags/example_python_decorator.py took 0.058 seconds
[2026-04-01T04:55:27.838+0530] {processor.py:161} INFO - Started process (PID=72051) to work on /Users/aswin/Documents/data-engineering-practice/ETL_Airflow_DBT/airflow/airflow_env/lib/python3.11/site-packages/airflow/example_dags/example_python_decorator.py
[2026-04-01T04:55:27.839+0530] {processor.py:830} INFO - Processing file /Users/aswin/Documents/data-engineering-practice/ETL_Airflow_DBT/airflow/airflow_env/lib/python3.11/site-packages/airflow/example_dags/example_python_decorator.py for tasks to queue
[2026-04-01T04:55:27.839+0530] {logging_mixin.py:188} INFO - [2026-04-01T04:55:27.839+0530] {dagbag.py:540} INFO - Filling up the DagBag from /Users/aswin/Documents/data-engineering-practice/ETL_Airflow_DBT/airflow/airflow_env/lib/python3.11/site-packages/airflow/example_dags/example_python_decorator.py
[2026-04-01T04:55:27.854+0530] {logging_mixin.py:188} INFO - [2026-04-01T04:55:27.854+0530] {example_python_decorator.py:80} WARNING - The virtalenv_python example task requires virtualenv, please install it.
[2026-04-01T04:55:27.855+0530] {processor.py:840} INFO - DAG(s) 'example_python_decorator' retrieved from /Users/aswin/Documents/data-engineering-practice/ETL_Airflow_DBT/airflow/airflow_env/lib/python3.11/site-packages/airflow/example_dags/example_python_decorator.py
[2026-04-01T04:55:27.884+0530] {logging_mixin.py:188} INFO - [2026-04-01T04:55:27.884+0530] {dag.py:3096} INFO - Sync 1 DAGs
[2026-04-01T04:55:27.887+0530] {logging_mixin.py:188} INFO - [2026-04-01T04:55:27.887+0530] {dag.py:3954} INFO - Setting next_dagrun for example_python_decorator to None, run_after=None
[2026-04-01T04:55:27.893+0530] {processor.py:183} INFO - Processing /Users/aswin/Documents/data-engineering-practice/ETL_Airflow_DBT/airflow/airflow_env/lib/python3.11/site-packages/airflow/example_dags/example_python_decorator.py took 0.056 seconds
[2026-04-01T04:57:15.415+0530] {processor.py:161} INFO - Started process (PID=72139) to work on /Users/aswin/Documents/data-engineering-practice/ETL_Airflow_DBT/airflow/airflow_env/lib/python3.11/site-packages/airflow/example_dags/example_python_decorator.py
[2026-04-01T04:57:15.416+0530] {processor.py:830} INFO - Processing file /Users/aswin/Documents/data-engineering-practice/ETL_Airflow_DBT/airflow/airflow_env/lib/python3.11/site-packages/airflow/example_dags/example_python_decorator.py for tasks to queue
[2026-04-01T04:57:15.416+0530] {logging_mixin.py:188} INFO - [2026-04-01T04:57:15.416+0530] {dagbag.py:540} INFO - Filling up the DagBag from /Users/aswin/Documents/data-engineering-practice/ETL_Airflow_DBT/airflow/airflow_env/lib/python3.11/site-packages/airflow/example_dags/example_python_decorator.py
[2026-04-01T04:57:15.430+0530] {logging_mixin.py:188} INFO - [2026-04-01T04:57:15.430+0530] {example_python_decorator.py:80} WARNING - The virtalenv_python example task requires virtualenv, please install it.
[2026-04-01T04:57:15.431+0530] {processor.py:840} INFO - DAG(s) 'example_python_decorator' retrieved from /Users/aswin/Documents/data-engineering-practice/ETL_Airflow_DBT/airflow/airflow_env/lib/python3.11/site-packages/airflow/example_dags/example_python_decorator.py
[2026-04-01T04:57:15.460+0530] {logging_mixin.py:188} INFO - [2026-04-01T04:57:15.460+0530] {dag.py:3096} INFO - Sync 1 DAGs
[2026-04-01T04:57:15.463+0530] {logging_mixin.py:188} INFO - [2026-04-01T04:57:15.463+0530] {dag.py:3954} INFO - Setting next_dagrun for example_python_decorator to None, run_after=None
[2026-04-01T04:57:15.469+0530] {processor.py:183} INFO - Processing /Users/aswin/Documents/data-engineering-practice/ETL_Airflow_DBT/airflow/airflow_env/lib/python3.11/site-packages/airflow/example_dags/example_python_decorator.py took 0.056 seconds
[2026-04-01T04:59:06.927+0530] {processor.py:161} INFO - Started process (PID=72358) to work on /Users/aswin/Documents/data-engineering-practice/ETL_Airflow_DBT/airflow/airflow_env/lib/python3.11/site-packages/airflow/example_dags/example_python_decorator.py
[2026-04-01T04:59:06.928+0530] {processor.py:830} INFO - Processing file /Users/aswin/Documents/data-engineering-practice/ETL_Airflow_DBT/airflow/airflow_env/lib/python3.11/site-packages/airflow/example_dags/example_python_decorator.py for tasks to queue
[2026-04-01T04:59:06.928+0530] {logging_mixin.py:188} INFO - [2026-04-01T04:59:06.928+0530] {dagbag.py:540} INFO - Filling up the DagBag from /Users/aswin/Documents/data-engineering-practice/ETL_Airflow_DBT/airflow/airflow_env/lib/python3.11/site-packages/airflow/example_dags/example_python_decorator.py
[2026-04-01T04:59:06.942+0530] {logging_mixin.py:188} INFO - [2026-04-01T04:59:06.942+0530] {example_python_decorator.py:80} WARNING - The virtalenv_python example task requires virtualenv, please install it.
[2026-04-01T04:59:06.943+0530] {processor.py:840} INFO - DAG(s) 'example_python_decorator' retrieved from /Users/aswin/Documents/data-engineering-practice/ETL_Airflow_DBT/airflow/airflow_env/lib/python3.11/site-packages/airflow/example_dags/example_python_decorator.py
[2026-04-01T04:59:06.972+0530] {logging_mixin.py:188} INFO - [2026-04-01T04:59:06.972+0530] {dag.py:3096} INFO - Sync 1 DAGs
[2026-04-01T04:59:06.975+0530] {logging_mixin.py:188} INFO - [2026-04-01T04:59:06.975+0530] {dag.py:3954} INFO - Setting next_dagrun for example_python_decorator to None, run_after=None
[2026-04-01T04:59:06.981+0530] {processor.py:183} INFO - Processing /Users/aswin/Documents/data-engineering-practice/ETL_Airflow_DBT/airflow/airflow_env/lib/python3.11/site-packages/airflow/example_dags/example_python_decorator.py took 0.055 seconds
[2026-04-01T05:00:57.483+0530] {processor.py:161} INFO - Started process (PID=72442) to work on /Users/aswin/Documents/data-engineering-practice/ETL_Airflow_DBT/airflow/airflow_env/lib/python3.11/site-packages/airflow/example_dags/example_python_decorator.py
[2026-04-01T05:00:57.484+0530] {processor.py:830} INFO - Processing file /Users/aswin/Documents/data-engineering-practice/ETL_Airflow_DBT/airflow/airflow_env/lib/python3.11/site-packages/airflow/example_dags/example_python_decorator.py for tasks to queue
[2026-04-01T05:00:57.484+0530] {logging_mixin.py:188} INFO - [2026-04-01T05:00:57.484+0530] {dagbag.py:540} INFO - Filling up the DagBag from /Users/aswin/Documents/data-engineering-practice/ETL_Airflow_DBT/airflow/airflow_env/lib/python3.11/site-packages/airflow/example_dags/example_python_decorator.py
[2026-04-01T05:00:57.498+0530] {logging_mixin.py:188} INFO - [2026-04-01T05:00:57.498+0530] {example_python_decorator.py:80} WARNING - The virtalenv_python example task requires virtualenv, please install it.
[2026-04-01T05:00:57.499+0530] {processor.py:840} INFO - DAG(s) 'example_python_decorator' retrieved from /Users/aswin/Documents/data-engineering-practice/ETL_Airflow_DBT/airflow/airflow_env/lib/python3.11/site-packages/airflow/example_dags/example_python_decorator.py
[2026-04-01T05:00:57.528+0530] {logging_mixin.py:188} INFO - [2026-04-01T05:00:57.528+0530] {dag.py:3096} INFO - Sync 1 DAGs
[2026-04-01T05:00:57.531+0530] {logging_mixin.py:188} INFO - [2026-04-01T05:00:57.531+0530] {dag.py:3954} INFO - Setting next_dagrun for example_python_decorator to None, run_after=None
[2026-04-01T05:00:57.537+0530] {processor.py:183} INFO - Processing /Users/aswin/Documents/data-engineering-practice/ETL_Airflow_DBT/airflow/airflow_env/lib/python3.11/site-packages/airflow/example_dags/example_python_decorator.py took 0.055 seconds
[2026-04-01T05:02:51.506+0530] {processor.py:161} INFO - Started process (PID=72520) to work on /Users/aswin/Documents/data-engineering-practice/ETL_Airflow_DBT/airflow/airflow_env/lib/python3.11/site-packages/airflow/example_dags/example_python_decorator.py
[2026-04-01T05:02:51.506+0530] {processor.py:830} INFO - Processing file /Users/aswin/Documents/data-engineering-practice/ETL_Airflow_DBT/airflow/airflow_env/lib/python3.11/site-packages/airflow/example_dags/example_python_decorator.py for tasks to queue
[2026-04-01T05:02:51.506+0530] {logging_mixin.py:188} INFO - [2026-04-01T05:02:51.506+0530] {dagbag.py:540} INFO - Filling up the DagBag from /Users/aswin/Documents/data-engineering-practice/ETL_Airflow_DBT/airflow/airflow_env/lib/python3.11/site-packages/airflow/example_dags/example_python_decorator.py
[2026-04-01T05:02:51.524+0530] {logging_mixin.py:188} INFO - [2026-04-01T05:02:51.524+0530] {example_python_decorator.py:80} WARNING - The virtalenv_python example task requires virtualenv, please install it.
[2026-04-01T05:02:51.525+0530] {processor.py:840} INFO - DAG(s) 'example_python_decorator' retrieved from /Users/aswin/Documents/data-engineering-practice/ETL_Airflow_DBT/airflow/airflow_env/lib/python3.11/site-packages/airflow/example_dags/example_python_decorator.py
[2026-04-01T05:02:51.560+0530] {logging_mixin.py:188} INFO - [2026-04-01T05:02:51.560+0530] {dag.py:3096} INFO - Sync 1 DAGs
[2026-04-01T05:02:51.563+0530] {logging_mixin.py:188} INFO - [2026-04-01T05:02:51.563+0530] {dag.py:3954} INFO - Setting next_dagrun for example_python_decorator to None, run_after=None
[2026-04-01T05:02:51.571+0530] {processor.py:183} INFO - Processing /Users/aswin/Documents/data-engineering-practice/ETL_Airflow_DBT/airflow/airflow_env/lib/python3.11/site-packages/airflow/example_dags/example_python_decorator.py took 0.066 seconds
[2026-04-01T05:04:50.449+0530] {processor.py:161} INFO - Started process (PID=72606) to work on /Users/aswin/Documents/data-engineering-practice/ETL_Airflow_DBT/airflow/airflow_env/lib/python3.11/site-packages/airflow/example_dags/example_python_decorator.py
[2026-04-01T05:04:50.450+0530] {processor.py:830} INFO - Processing file /Users/aswin/Documents/data-engineering-practice/ETL_Airflow_DBT/airflow/airflow_env/lib/python3.11/site-packages/airflow/example_dags/example_python_decorator.py for tasks to queue
[2026-04-01T05:04:50.450+0530] {logging_mixin.py:188} INFO - [2026-04-01T05:04:50.450+0530] {dagbag.py:540} INFO - Filling up the DagBag from /Users/aswin/Documents/data-engineering-practice/ETL_Airflow_DBT/airflow/airflow_env/lib/python3.11/site-packages/airflow/example_dags/example_python_decorator.py
[2026-04-01T05:04:50.465+0530] {logging_mixin.py:188} INFO - [2026-04-01T05:04:50.465+0530] {example_python_decorator.py:80} WARNING - The virtalenv_python example task requires virtualenv, please install it.
[2026-04-01T05:04:50.466+0530] {processor.py:840} INFO - DAG(s) 'example_python_decorator' retrieved from /Users/aswin/Documents/data-engineering-practice/ETL_Airflow_DBT/airflow/airflow_env/lib/python3.11/site-packages/airflow/example_dags/example_python_decorator.py
[2026-04-01T05:04:50.499+0530] {logging_mixin.py:188} INFO - [2026-04-01T05:04:50.499+0530] {dag.py:3096} INFO - Sync 1 DAGs
[2026-04-01T05:04:50.502+0530] {logging_mixin.py:188} INFO - [2026-04-01T05:04:50.502+0530] {dag.py:3954} INFO - Setting next_dagrun for example_python_decorator to None, run_after=None
[2026-04-01T05:04:50.509+0530] {processor.py:183} INFO - Processing /Users/aswin/Documents/data-engineering-practice/ETL_Airflow_DBT/airflow/airflow_env/lib/python3.11/site-packages/airflow/example_dags/example_python_decorator.py took 0.061 seconds
[2026-04-01T05:06:37.784+0530] {processor.py:161} INFO - Started process (PID=72698) to work on /Users/aswin/Documents/data-engineering-practice/ETL_Airflow_DBT/airflow/airflow_env/lib/python3.11/site-packages/airflow/example_dags/example_python_decorator.py
[2026-04-01T05:06:37.785+0530] {processor.py:830} INFO - Processing file /Users/aswin/Documents/data-engineering-practice/ETL_Airflow_DBT/airflow/airflow_env/lib/python3.11/site-packages/airflow/example_dags/example_python_decorator.py for tasks to queue
[2026-04-01T05:06:37.785+0530] {logging_mixin.py:188} INFO - [2026-04-01T05:06:37.785+0530] {dagbag.py:540} INFO - Filling up the DagBag from /Users/aswin/Documents/data-engineering-practice/ETL_Airflow_DBT/airflow/airflow_env/lib/python3.11/site-packages/airflow/example_dags/example_python_decorator.py
[2026-04-01T05:06:37.802+0530] {logging_mixin.py:188} INFO - [2026-04-01T05:06:37.802+0530] {example_python_decorator.py:80} WARNING - The virtalenv_python example task requires virtualenv, please install it.
[2026-04-01T05:06:37.803+0530] {processor.py:840} INFO - DAG(s) 'example_python_decorator' retrieved from /Users/aswin/Documents/data-engineering-practice/ETL_Airflow_DBT/airflow/airflow_env/lib/python3.11/site-packages/airflow/example_dags/example_python_decorator.py
[2026-04-01T05:06:37.836+0530] {logging_mixin.py:188} INFO - [2026-04-01T05:06:37.835+0530] {dag.py:3096} INFO - Sync 1 DAGs
[2026-04-01T05:06:37.839+0530] {logging_mixin.py:188} INFO - [2026-04-01T05:06:37.839+0530] {dag.py:3954} INFO - Setting next_dagrun for example_python_decorator to None, run_after=None
[2026-04-01T05:06:37.845+0530] {processor.py:183} INFO - Processing /Users/aswin/Documents/data-engineering-practice/ETL_Airflow_DBT/airflow/airflow_env/lib/python3.11/site-packages/airflow/example_dags/example_python_decorator.py took 0.062 seconds
[2026-04-01T05:19:20.060+0530] {processor.py:161} INFO - Started process (PID=72822) to work on /Users/aswin/Documents/data-engineering-practice/ETL_Airflow_DBT/airflow/airflow_env/lib/python3.11/site-packages/airflow/example_dags/example_python_decorator.py
[2026-04-01T05:19:20.061+0530] {processor.py:830} INFO - Processing file /Users/aswin/Documents/data-engineering-practice/ETL_Airflow_DBT/airflow/airflow_env/lib/python3.11/site-packages/airflow/example_dags/example_python_decorator.py for tasks to queue
[2026-04-01T05:19:20.061+0530] {logging_mixin.py:188} INFO - [2026-04-01T05:19:20.061+0530] {dagbag.py:540} INFO - Filling up the DagBag from /Users/aswin/Documents/data-engineering-practice/ETL_Airflow_DBT/airflow/airflow_env/lib/python3.11/site-packages/airflow/example_dags/example_python_decorator.py
[2026-04-01T05:19:20.076+0530] {logging_mixin.py:188} INFO - [2026-04-01T05:19:20.076+0530] {example_python_decorator.py:80} WARNING - The virtalenv_python example task requires virtualenv, please install it.
[2026-04-01T05:19:20.076+0530] {processor.py:840} INFO - DAG(s) 'example_python_decorator' retrieved from /Users/aswin/Documents/data-engineering-practice/ETL_Airflow_DBT/airflow/airflow_env/lib/python3.11/site-packages/airflow/example_dags/example_python_decorator.py
[2026-04-01T05:19:20.106+0530] {logging_mixin.py:188} INFO - [2026-04-01T05:19:20.105+0530] {dag.py:3096} INFO - Sync 1 DAGs
[2026-04-01T05:19:20.109+0530] {logging_mixin.py:188} INFO - [2026-04-01T05:19:20.108+0530] {dag.py:3954} INFO - Setting next_dagrun for example_python_decorator to None, run_after=None
[2026-04-01T05:19:20.114+0530] {processor.py:183} INFO - Processing /Users/aswin/Documents/data-engineering-practice/ETL_Airflow_DBT/airflow/airflow_env/lib/python3.11/site-packages/airflow/example_dags/example_python_decorator.py took 0.055 seconds
[2026-04-01T05:20:49.118+0530] {processor.py:161} INFO - Started process (PID=72890) to work on /Users/aswin/Documents/data-engineering-practice/ETL_Airflow_DBT/airflow/airflow_env/lib/python3.11/site-packages/airflow/example_dags/example_python_decorator.py
[2026-04-01T05:20:49.119+0530] {processor.py:830} INFO - Processing file /Users/aswin/Documents/data-engineering-practice/ETL_Airflow_DBT/airflow/airflow_env/lib/python3.11/site-packages/airflow/example_dags/example_python_decorator.py for tasks to queue
[2026-04-01T05:20:49.119+0530] {logging_mixin.py:188} INFO - [2026-04-01T05:20:49.119+0530] {dagbag.py:540} INFO - Filling up the DagBag from /Users/aswin/Documents/data-engineering-practice/ETL_Airflow_DBT/airflow/airflow_env/lib/python3.11/site-packages/airflow/example_dags/example_python_decorator.py
[2026-04-01T05:20:49.134+0530] {logging_mixin.py:188} INFO - [2026-04-01T05:20:49.134+0530] {example_python_decorator.py:80} WARNING - The virtalenv_python example task requires virtualenv, please install it.
[2026-04-01T05:20:49.134+0530] {processor.py:840} INFO - DAG(s) 'example_python_decorator' retrieved from /Users/aswin/Documents/data-engineering-practice/ETL_Airflow_DBT/airflow/airflow_env/lib/python3.11/site-packages/airflow/example_dags/example_python_decorator.py
[2026-04-01T05:20:49.163+0530] {logging_mixin.py:188} INFO - [2026-04-01T05:20:49.163+0530] {dag.py:3096} INFO - Sync 1 DAGs
[2026-04-01T05:20:49.166+0530] {logging_mixin.py:188} INFO - [2026-04-01T05:20:49.166+0530] {dag.py:3954} INFO - Setting next_dagrun for example_python_decorator to None, run_after=None
[2026-04-01T05:20:49.172+0530] {processor.py:183} INFO - Processing /Users/aswin/Documents/data-engineering-practice/ETL_Airflow_DBT/airflow/airflow_env/lib/python3.11/site-packages/airflow/example_dags/example_python_decorator.py took 0.055 seconds
[2026-04-01T05:22:37.248+0530] {processor.py:161} INFO - Started process (PID=72983) to work on /Users/aswin/Documents/data-engineering-practice/ETL_Airflow_DBT/airflow/airflow_env/lib/python3.11/site-packages/airflow/example_dags/example_python_decorator.py
[2026-04-01T05:22:37.249+0530] {processor.py:830} INFO - Processing file /Users/aswin/Documents/data-engineering-practice/ETL_Airflow_DBT/airflow/airflow_env/lib/python3.11/site-packages/airflow/example_dags/example_python_decorator.py for tasks to queue
[2026-04-01T05:22:37.249+0530] {logging_mixin.py:188} INFO - [2026-04-01T05:22:37.249+0530] {dagbag.py:540} INFO - Filling up the DagBag from /Users/aswin/Documents/data-engineering-practice/ETL_Airflow_DBT/airflow/airflow_env/lib/python3.11/site-packages/airflow/example_dags/example_python_decorator.py
[2026-04-01T05:22:37.264+0530] {logging_mixin.py:188} INFO - [2026-04-01T05:22:37.264+0530] {example_python_decorator.py:80} WARNING - The virtalenv_python example task requires virtualenv, please install it.
[2026-04-01T05:22:37.265+0530] {processor.py:840} INFO - DAG(s) 'example_python_decorator' retrieved from /Users/aswin/Documents/data-engineering-practice/ETL_Airflow_DBT/airflow/airflow_env/lib/python3.11/site-packages/airflow/example_dags/example_python_decorator.py
[2026-04-01T05:22:37.294+0530] {logging_mixin.py:188} INFO - [2026-04-01T05:22:37.294+0530] {dag.py:3096} INFO - Sync 1 DAGs
[2026-04-01T05:22:37.297+0530] {logging_mixin.py:188} INFO - [2026-04-01T05:22:37.297+0530] {dag.py:3954} INFO - Setting next_dagrun for example_python_decorator to None, run_after=None
[2026-04-01T05:22:37.303+0530] {processor.py:183} INFO - Processing /Users/aswin/Documents/data-engineering-practice/ETL_Airflow_DBT/airflow/airflow_env/lib/python3.11/site-packages/airflow/example_dags/example_python_decorator.py took 0.056 seconds
[2026-04-01T05:24:35.904+0530] {processor.py:161} INFO - Started process (PID=73073) to work on /Users/aswin/Documents/data-engineering-practice/ETL_Airflow_DBT/airflow/airflow_env/lib/python3.11/site-packages/airflow/example_dags/example_python_decorator.py
[2026-04-01T05:24:35.904+0530] {processor.py:830} INFO - Processing file /Users/aswin/Documents/data-engineering-practice/ETL_Airflow_DBT/airflow/airflow_env/lib/python3.11/site-packages/airflow/example_dags/example_python_decorator.py for tasks to queue
[2026-04-01T05:24:35.904+0530] {logging_mixin.py:188} INFO - [2026-04-01T05:24:35.904+0530] {dagbag.py:540} INFO - Filling up the DagBag from /Users/aswin/Documents/data-engineering-practice/ETL_Airflow_DBT/airflow/airflow_env/lib/python3.11/site-packages/airflow/example_dags/example_python_decorator.py
[2026-04-01T05:24:35.920+0530] {logging_mixin.py:188} INFO - [2026-04-01T05:24:35.920+0530] {example_python_decorator.py:80} WARNING - The virtalenv_python example task requires virtualenv, please install it.
[2026-04-01T05:24:35.921+0530] {processor.py:840} INFO - DAG(s) 'example_python_decorator' retrieved from /Users/aswin/Documents/data-engineering-practice/ETL_Airflow_DBT/airflow/airflow_env/lib/python3.11/site-packages/airflow/example_dags/example_python_decorator.py
[2026-04-01T05:24:35.950+0530] {logging_mixin.py:188} INFO - [2026-04-01T05:24:35.950+0530] {dag.py:3096} INFO - Sync 1 DAGs
[2026-04-01T05:24:35.953+0530] {logging_mixin.py:188} INFO - [2026-04-01T05:24:35.953+0530] {dag.py:3954} INFO - Setting next_dagrun for example_python_decorator to None, run_after=None
[2026-04-01T05:24:35.959+0530] {processor.py:183} INFO - Processing /Users/aswin/Documents/data-engineering-practice/ETL_Airflow_DBT/airflow/airflow_env/lib/python3.11/site-packages/airflow/example_dags/example_python_decorator.py took 0.056 seconds
[2026-04-01T05:26:29.100+0530] {processor.py:161} INFO - Started process (PID=73158) to work on /Users/aswin/Documents/data-engineering-practice/ETL_Airflow_DBT/airflow/airflow_env/lib/python3.11/site-packages/airflow/example_dags/example_python_decorator.py
[2026-04-01T05:26:29.101+0530] {processor.py:830} INFO - Processing file /Users/aswin/Documents/data-engineering-practice/ETL_Airflow_DBT/airflow/airflow_env/lib/python3.11/site-packages/airflow/example_dags/example_python_decorator.py for tasks to queue
[2026-04-01T05:26:29.102+0530] {logging_mixin.py:188} INFO - [2026-04-01T05:26:29.102+0530] {dagbag.py:540} INFO - Filling up the DagBag from /Users/aswin/Documents/data-engineering-practice/ETL_Airflow_DBT/airflow/airflow_env/lib/python3.11/site-packages/airflow/example_dags/example_python_decorator.py
[2026-04-01T05:26:29.116+0530] {logging_mixin.py:188} INFO - [2026-04-01T05:26:29.116+0530] {example_python_decorator.py:80} WARNING - The virtalenv_python example task requires virtualenv, please install it.
[2026-04-01T05:26:29.117+0530] {processor.py:840} INFO - DAG(s) 'example_python_decorator' retrieved from /Users/aswin/Documents/data-engineering-practice/ETL_Airflow_DBT/airflow/airflow_env/lib/python3.11/site-packages/airflow/example_dags/example_python_decorator.py
[2026-04-01T05:26:29.146+0530] {logging_mixin.py:188} INFO - [2026-04-01T05:26:29.145+0530] {dag.py:3096} INFO - Sync 1 DAGs
[2026-04-01T05:26:29.148+0530] {logging_mixin.py:188} INFO - [2026-04-01T05:26:29.148+0530] {dag.py:3954} INFO - Setting next_dagrun for example_python_decorator to None, run_after=None
[2026-04-01T05:26:29.154+0530] {processor.py:183} INFO - Processing /Users/aswin/Documents/data-engineering-practice/ETL_Airflow_DBT/airflow/airflow_env/lib/python3.11/site-packages/airflow/example_dags/example_python_decorator.py took 0.055 seconds
[2026-04-01T05:28:17.900+0530] {processor.py:161} INFO - Started process (PID=73239) to work on /Users/aswin/Documents/data-engineering-practice/ETL_Airflow_DBT/airflow/airflow_env/lib/python3.11/site-packages/airflow/example_dags/example_python_decorator.py
[2026-04-01T05:28:17.900+0530] {processor.py:830} INFO - Processing file /Users/aswin/Documents/data-engineering-practice/ETL_Airflow_DBT/airflow/airflow_env/lib/python3.11/site-packages/airflow/example_dags/example_python_decorator.py for tasks to queue
[2026-04-01T05:28:17.901+0530] {logging_mixin.py:188} INFO - [2026-04-01T05:28:17.901+0530] {dagbag.py:540} INFO - Filling up the DagBag from /Users/aswin/Documents/data-engineering-practice/ETL_Airflow_DBT/airflow/airflow_env/lib/python3.11/site-packages/airflow/example_dags/example_python_decorator.py
[2026-04-01T05:28:17.916+0530] {logging_mixin.py:188} INFO - [2026-04-01T05:28:17.916+0530] {example_python_decorator.py:80} WARNING - The virtalenv_python example task requires virtualenv, please install it.
[2026-04-01T05:28:17.917+0530] {processor.py:840} INFO - DAG(s) 'example_python_decorator' retrieved from /Users/aswin/Documents/data-engineering-practice/ETL_Airflow_DBT/airflow/airflow_env/lib/python3.11/site-packages/airflow/example_dags/example_python_decorator.py
[2026-04-01T05:28:17.949+0530] {logging_mixin.py:188} INFO - [2026-04-01T05:28:17.949+0530] {dag.py:3096} INFO - Sync 1 DAGs
[2026-04-01T05:28:17.953+0530] {logging_mixin.py:188} INFO - [2026-04-01T05:28:17.953+0530] {dag.py:3954} INFO - Setting next_dagrun for example_python_decorator to None, run_after=None
[2026-04-01T05:28:17.959+0530] {processor.py:183} INFO - Processing /Users/aswin/Documents/data-engineering-practice/ETL_Airflow_DBT/airflow/airflow_env/lib/python3.11/site-packages/airflow/example_dags/example_python_decorator.py took 0.060 seconds
