[2026-04-01T04:48:30.937+0530] {processor.py:161} INFO - Started process (PID=71732) to work on /Users/aswin/Documents/data-engineering-practice/ETL_Airflow_DBT/airflow/airflow_env/lib/python3.11/site-packages/airflow/example_dags/example_subdag_operator.py
[2026-04-01T04:48:30.937+0530] {processor.py:830} INFO - Processing file /Users/aswin/Documents/data-engineering-practice/ETL_Airflow_DBT/airflow/airflow_env/lib/python3.11/site-packages/airflow/example_dags/example_subdag_operator.py for tasks to queue
[2026-04-01T04:48:30.937+0530] {logging_mixin.py:188} INFO - [2026-04-01T04:48:30.937+0530] {dagbag.py:540} INFO - Filling up the DagBag from /Users/aswin/Documents/data-engineering-practice/ETL_Airflow_DBT/airflow/airflow_env/lib/python3.11/site-packages/airflow/example_dags/example_subdag_operator.py
[2026-04-01T04:48:30.969+0530] {processor.py:840} INFO - DAG(s) 'example_subdag_operator.section-1', 'example_subdag_operator.section-2', 'example_subdag_operator' retrieved from /Users/aswin/Documents/data-engineering-practice/ETL_Airflow_DBT/airflow/airflow_env/lib/python3.11/site-packages/airflow/example_dags/example_subdag_operator.py
[2026-04-01T04:48:31.014+0530] {logging_mixin.py:188} INFO - [2026-04-01T04:48:31.014+0530] {override.py:1829} INFO - Created Permission View: can read on DAG:example_subdag_operator
[2026-04-01T04:48:31.017+0530] {logging_mixin.py:188} INFO - [2026-04-01T04:48:31.017+0530] {override.py:1829} INFO - Created Permission View: can edit on DAG:example_subdag_operator
[2026-04-01T04:48:31.019+0530] {logging_mixin.py:188} INFO - [2026-04-01T04:48:31.019+0530] {override.py:1829} INFO - Created Permission View: can delete on DAG:example_subdag_operator
[2026-04-01T04:48:31.019+0530] {logging_mixin.py:188} INFO - [2026-04-01T04:48:31.019+0530] {dag.py:3096} INFO - Sync 3 DAGs
[2026-04-01T04:48:31.023+0530] {logging_mixin.py:188} INFO - [2026-04-01T04:48:31.023+0530] {dag.py:3118} INFO - Creating ORM DAG for example_subdag_operator
[2026-04-01T04:48:31.023+0530] {logging_mixin.py:188} INFO - [2026-04-01T04:48:31.023+0530] {dag.py:3118} INFO - Creating ORM DAG for example_subdag_operator.section-1
[2026-04-01T04:48:31.023+0530] {logging_mixin.py:188} INFO - [2026-04-01T04:48:31.023+0530] {dag.py:3118} INFO - Creating ORM DAG for example_subdag_operator.section-2
[2026-04-01T04:48:31.025+0530] {logging_mixin.py:188} INFO - [2026-04-01T04:48:31.025+0530] {dag.py:3954} INFO - Setting next_dagrun for example_subdag_operator to 2022-01-01 00:00:00+00:00, run_after=2022-01-01 00:00:00+00:00
[2026-04-01T04:48:31.026+0530] {logging_mixin.py:188} INFO - [2026-04-01T04:48:31.026+0530] {dag.py:3954} INFO - Setting next_dagrun for example_subdag_operator.section-1 to None, run_after=None
[2026-04-01T04:48:31.026+0530] {logging_mixin.py:188} INFO - [2026-04-01T04:48:31.026+0530] {dag.py:3954} INFO - Setting next_dagrun for example_subdag_operator.section-2 to None, run_after=None
[2026-04-01T04:48:31.028+0530] {logging_mixin.py:188} INFO - [2026-04-01T04:48:31.028+0530] {dag.py:3096} INFO - Sync 2 DAGs
[2026-04-01T04:48:31.030+0530] {logging_mixin.py:188} INFO - [2026-04-01T04:48:31.030+0530] {dag.py:3954} INFO - Setting next_dagrun for example_subdag_operator.section-1 to None, run_after=None
[2026-04-01T04:48:31.031+0530] {logging_mixin.py:188} INFO - [2026-04-01T04:48:31.031+0530] {dag.py:3954} INFO - Setting next_dagrun for example_subdag_operator.section-2 to None, run_after=None
[2026-04-01T04:48:31.059+0530] {processor.py:183} INFO - Processing /Users/aswin/Documents/data-engineering-practice/ETL_Airflow_DBT/airflow/airflow_env/lib/python3.11/site-packages/airflow/example_dags/example_subdag_operator.py took 0.123 seconds
[2026-04-01T04:50:02.237+0530] {processor.py:161} INFO - Started process (PID=71797) to work on /Users/aswin/Documents/data-engineering-practice/ETL_Airflow_DBT/airflow/airflow_env/lib/python3.11/site-packages/airflow/example_dags/example_subdag_operator.py
[2026-04-01T04:50:02.238+0530] {processor.py:830} INFO - Processing file /Users/aswin/Documents/data-engineering-practice/ETL_Airflow_DBT/airflow/airflow_env/lib/python3.11/site-packages/airflow/example_dags/example_subdag_operator.py for tasks to queue
[2026-04-01T04:50:02.238+0530] {logging_mixin.py:188} INFO - [2026-04-01T04:50:02.238+0530] {dagbag.py:540} INFO - Filling up the DagBag from /Users/aswin/Documents/data-engineering-practice/ETL_Airflow_DBT/airflow/airflow_env/lib/python3.11/site-packages/airflow/example_dags/example_subdag_operator.py
[2026-04-01T04:50:02.268+0530] {processor.py:840} INFO - DAG(s) 'example_subdag_operator.section-1', 'example_subdag_operator.section-2', 'example_subdag_operator' retrieved from /Users/aswin/Documents/data-engineering-practice/ETL_Airflow_DBT/airflow/airflow_env/lib/python3.11/site-packages/airflow/example_dags/example_subdag_operator.py
[2026-04-01T04:50:02.278+0530] {logging_mixin.py:188} INFO - [2026-04-01T04:50:02.278+0530] {dag.py:3096} INFO - Sync 3 DAGs
[2026-04-01T04:50:02.284+0530] {logging_mixin.py:188} INFO - [2026-04-01T04:50:02.284+0530] {dag.py:3954} INFO - Setting next_dagrun for example_subdag_operator to 2022-01-01 00:00:00+00:00, run_after=2022-01-01 00:00:00+00:00
[2026-04-01T04:50:02.285+0530] {logging_mixin.py:188} INFO - [2026-04-01T04:50:02.285+0530] {dag.py:3954} INFO - Setting next_dagrun for example_subdag_operator.section-1 to None, run_after=None
[2026-04-01T04:50:02.285+0530] {logging_mixin.py:188} INFO - [2026-04-01T04:50:02.285+0530] {dag.py:3954} INFO - Setting next_dagrun for example_subdag_operator.section-2 to None, run_after=None
[2026-04-01T04:50:02.287+0530] {logging_mixin.py:188} INFO - [2026-04-01T04:50:02.287+0530] {dag.py:3096} INFO - Sync 2 DAGs
[2026-04-01T04:50:02.288+0530] {logging_mixin.py:188} INFO - [2026-04-01T04:50:02.288+0530] {dag.py:3954} INFO - Setting next_dagrun for example_subdag_operator.section-1 to None, run_after=None
[2026-04-01T04:50:02.288+0530] {logging_mixin.py:188} INFO - [2026-04-01T04:50:02.288+0530] {dag.py:3954} INFO - Setting next_dagrun for example_subdag_operator.section-2 to None, run_after=None
[2026-04-01T04:50:02.292+0530] {processor.py:183} INFO - Processing /Users/aswin/Documents/data-engineering-practice/ETL_Airflow_DBT/airflow/airflow_env/lib/python3.11/site-packages/airflow/example_dags/example_subdag_operator.py took 0.056 seconds
[2026-04-01T04:51:47.668+0530] {processor.py:161} INFO - Started process (PID=71883) to work on /Users/aswin/Documents/data-engineering-practice/ETL_Airflow_DBT/airflow/airflow_env/lib/python3.11/site-packages/airflow/example_dags/example_subdag_operator.py
[2026-04-01T04:51:47.669+0530] {processor.py:830} INFO - Processing file /Users/aswin/Documents/data-engineering-practice/ETL_Airflow_DBT/airflow/airflow_env/lib/python3.11/site-packages/airflow/example_dags/example_subdag_operator.py for tasks to queue
[2026-04-01T04:51:47.669+0530] {logging_mixin.py:188} INFO - [2026-04-01T04:51:47.669+0530] {dagbag.py:540} INFO - Filling up the DagBag from /Users/aswin/Documents/data-engineering-practice/ETL_Airflow_DBT/airflow/airflow_env/lib/python3.11/site-packages/airflow/example_dags/example_subdag_operator.py
[2026-04-01T04:51:47.699+0530] {processor.py:840} INFO - DAG(s) 'example_subdag_operator.section-1', 'example_subdag_operator.section-2', 'example_subdag_operator' retrieved from /Users/aswin/Documents/data-engineering-practice/ETL_Airflow_DBT/airflow/airflow_env/lib/python3.11/site-packages/airflow/example_dags/example_subdag_operator.py
[2026-04-01T04:51:47.711+0530] {logging_mixin.py:188} INFO - [2026-04-01T04:51:47.711+0530] {dag.py:3096} INFO - Sync 3 DAGs
[2026-04-01T04:51:47.717+0530] {logging_mixin.py:188} INFO - [2026-04-01T04:51:47.716+0530] {dag.py:3954} INFO - Setting next_dagrun for example_subdag_operator to 2022-01-01 00:00:00+00:00, run_after=2022-01-01 00:00:00+00:00
[2026-04-01T04:51:47.717+0530] {logging_mixin.py:188} INFO - [2026-04-01T04:51:47.717+0530] {dag.py:3954} INFO - Setting next_dagrun for example_subdag_operator.section-1 to None, run_after=None
[2026-04-01T04:51:47.718+0530] {logging_mixin.py:188} INFO - [2026-04-01T04:51:47.718+0530] {dag.py:3954} INFO - Setting next_dagrun for example_subdag_operator.section-2 to None, run_after=None
[2026-04-01T04:51:47.719+0530] {logging_mixin.py:188} INFO - [2026-04-01T04:51:47.719+0530] {dag.py:3096} INFO - Sync 2 DAGs
[2026-04-01T04:51:47.721+0530] {logging_mixin.py:188} INFO - [2026-04-01T04:51:47.720+0530] {dag.py:3954} INFO - Setting next_dagrun for example_subdag_operator.section-1 to None, run_after=None
[2026-04-01T04:51:47.721+0530] {logging_mixin.py:188} INFO - [2026-04-01T04:51:47.721+0530] {dag.py:3954} INFO - Setting next_dagrun for example_subdag_operator.section-2 to None, run_after=None
[2026-04-01T04:51:47.724+0530] {processor.py:183} INFO - Processing /Users/aswin/Documents/data-engineering-practice/ETL_Airflow_DBT/airflow/airflow_env/lib/python3.11/site-packages/airflow/example_dags/example_subdag_operator.py took 0.058 seconds
[2026-04-01T04:53:32.676+0530] {processor.py:161} INFO - Started process (PID=71961) to work on /Users/aswin/Documents/data-engineering-practice/ETL_Airflow_DBT/airflow/airflow_env/lib/python3.11/site-packages/airflow/example_dags/example_subdag_operator.py
[2026-04-01T04:53:32.678+0530] {processor.py:830} INFO - Processing file /Users/aswin/Documents/data-engineering-practice/ETL_Airflow_DBT/airflow/airflow_env/lib/python3.11/site-packages/airflow/example_dags/example_subdag_operator.py for tasks to queue
[2026-04-01T04:53:32.678+0530] {logging_mixin.py:188} INFO - [2026-04-01T04:53:32.678+0530] {dagbag.py:540} INFO - Filling up the DagBag from /Users/aswin/Documents/data-engineering-practice/ETL_Airflow_DBT/airflow/airflow_env/lib/python3.11/site-packages/airflow/example_dags/example_subdag_operator.py
[2026-04-01T04:53:32.708+0530] {processor.py:840} INFO - DAG(s) 'example_subdag_operator.section-1', 'example_subdag_operator.section-2', 'example_subdag_operator' retrieved from /Users/aswin/Documents/data-engineering-practice/ETL_Airflow_DBT/airflow/airflow_env/lib/python3.11/site-packages/airflow/example_dags/example_subdag_operator.py
[2026-04-01T04:53:32.719+0530] {logging_mixin.py:188} INFO - [2026-04-01T04:53:32.719+0530] {dag.py:3096} INFO - Sync 3 DAGs
[2026-04-01T04:53:32.725+0530] {logging_mixin.py:188} INFO - [2026-04-01T04:53:32.725+0530] {dag.py:3954} INFO - Setting next_dagrun for example_subdag_operator to 2022-01-01 00:00:00+00:00, run_after=2022-01-01 00:00:00+00:00
[2026-04-01T04:53:32.726+0530] {logging_mixin.py:188} INFO - [2026-04-01T04:53:32.726+0530] {dag.py:3954} INFO - Setting next_dagrun for example_subdag_operator.section-1 to None, run_after=None
[2026-04-01T04:53:32.726+0530] {logging_mixin.py:188} INFO - [2026-04-01T04:53:32.726+0530] {dag.py:3954} INFO - Setting next_dagrun for example_subdag_operator.section-2 to None, run_after=None
[2026-04-01T04:53:32.728+0530] {logging_mixin.py:188} INFO - [2026-04-01T04:53:32.728+0530] {dag.py:3096} INFO - Sync 2 DAGs
[2026-04-01T04:53:32.729+0530] {logging_mixin.py:188} INFO - [2026-04-01T04:53:32.729+0530] {dag.py:3954} INFO - Setting next_dagrun for example_subdag_operator.section-1 to None, run_after=None
[2026-04-01T04:53:32.729+0530] {logging_mixin.py:188} INFO - [2026-04-01T04:53:32.729+0530] {dag.py:3954} INFO - Setting next_dagrun for example_subdag_operator.section-2 to None, run_after=None
[2026-04-01T04:53:32.733+0530] {processor.py:183} INFO - Processing /Users/aswin/Documents/data-engineering-practice/ETL_Airflow_DBT/airflow/airflow_env/lib/python3.11/site-packages/airflow/example_dags/example_subdag_operator.py took 0.058 seconds
[2026-04-01T04:55:12.077+0530] {processor.py:161} INFO - Started process (PID=72038) to work on /Users/aswin/Documents/data-engineering-practice/ETL_Airflow_DBT/airflow/airflow_env/lib/python3.11/site-packages/airflow/example_dags/example_subdag_operator.py
[2026-04-01T04:55:12.078+0530] {processor.py:830} INFO - Processing file /Users/aswin/Documents/data-engineering-practice/ETL_Airflow_DBT/airflow/airflow_env/lib/python3.11/site-packages/airflow/example_dags/example_subdag_operator.py for tasks to queue
[2026-04-01T04:55:12.078+0530] {logging_mixin.py:188} INFO - [2026-04-01T04:55:12.078+0530] {dagbag.py:540} INFO - Filling up the DagBag from /Users/aswin/Documents/data-engineering-practice/ETL_Airflow_DBT/airflow/airflow_env/lib/python3.11/site-packages/airflow/example_dags/example_subdag_operator.py
[2026-04-01T04:55:12.107+0530] {processor.py:840} INFO - DAG(s) 'example_subdag_operator.section-1', 'example_subdag_operator.section-2', 'example_subdag_operator' retrieved from /Users/aswin/Documents/data-engineering-practice/ETL_Airflow_DBT/airflow/airflow_env/lib/python3.11/site-packages/airflow/example_dags/example_subdag_operator.py
[2026-04-01T04:55:12.118+0530] {logging_mixin.py:188} INFO - [2026-04-01T04:55:12.118+0530] {dag.py:3096} INFO - Sync 3 DAGs
[2026-04-01T04:55:12.123+0530] {logging_mixin.py:188} INFO - [2026-04-01T04:55:12.123+0530] {dag.py:3954} INFO - Setting next_dagrun for example_subdag_operator to 2022-01-01 00:00:00+00:00, run_after=2022-01-01 00:00:00+00:00
[2026-04-01T04:55:12.124+0530] {logging_mixin.py:188} INFO - [2026-04-01T04:55:12.124+0530] {dag.py:3954} INFO - Setting next_dagrun for example_subdag_operator.section-1 to None, run_after=None
[2026-04-01T04:55:12.124+0530] {logging_mixin.py:188} INFO - [2026-04-01T04:55:12.124+0530] {dag.py:3954} INFO - Setting next_dagrun for example_subdag_operator.section-2 to None, run_after=None
[2026-04-01T04:55:12.126+0530] {logging_mixin.py:188} INFO - [2026-04-01T04:55:12.126+0530] {dag.py:3096} INFO - Sync 2 DAGs
[2026-04-01T04:55:12.127+0530] {logging_mixin.py:188} INFO - [2026-04-01T04:55:12.127+0530] {dag.py:3954} INFO - Setting next_dagrun for example_subdag_operator.section-1 to None, run_after=None
[2026-04-01T04:55:12.127+0530] {logging_mixin.py:188} INFO - [2026-04-01T04:55:12.127+0530] {dag.py:3954} INFO - Setting next_dagrun for example_subdag_operator.section-2 to None, run_after=None
[2026-04-01T04:55:12.131+0530] {processor.py:183} INFO - Processing /Users/aswin/Documents/data-engineering-practice/ETL_Airflow_DBT/airflow/airflow_env/lib/python3.11/site-packages/airflow/example_dags/example_subdag_operator.py took 0.055 seconds
[2026-04-01T04:56:59.625+0530] {processor.py:161} INFO - Started process (PID=72127) to work on /Users/aswin/Documents/data-engineering-practice/ETL_Airflow_DBT/airflow/airflow_env/lib/python3.11/site-packages/airflow/example_dags/example_subdag_operator.py
[2026-04-01T04:56:59.627+0530] {processor.py:830} INFO - Processing file /Users/aswin/Documents/data-engineering-practice/ETL_Airflow_DBT/airflow/airflow_env/lib/python3.11/site-packages/airflow/example_dags/example_subdag_operator.py for tasks to queue
[2026-04-01T04:56:59.627+0530] {logging_mixin.py:188} INFO - [2026-04-01T04:56:59.627+0530] {dagbag.py:540} INFO - Filling up the DagBag from /Users/aswin/Documents/data-engineering-practice/ETL_Airflow_DBT/airflow/airflow_env/lib/python3.11/site-packages/airflow/example_dags/example_subdag_operator.py
[2026-04-01T04:56:59.656+0530] {processor.py:840} INFO - DAG(s) 'example_subdag_operator.section-1', 'example_subdag_operator.section-2', 'example_subdag_operator' retrieved from /Users/aswin/Documents/data-engineering-practice/ETL_Airflow_DBT/airflow/airflow_env/lib/python3.11/site-packages/airflow/example_dags/example_subdag_operator.py
[2026-04-01T04:56:59.667+0530] {logging_mixin.py:188} INFO - [2026-04-01T04:56:59.667+0530] {dag.py:3096} INFO - Sync 3 DAGs
[2026-04-01T04:56:59.672+0530] {logging_mixin.py:188} INFO - [2026-04-01T04:56:59.672+0530] {dag.py:3954} INFO - Setting next_dagrun for example_subdag_operator to 2022-01-01 00:00:00+00:00, run_after=2022-01-01 00:00:00+00:00
[2026-04-01T04:56:59.673+0530] {logging_mixin.py:188} INFO - [2026-04-01T04:56:59.673+0530] {dag.py:3954} INFO - Setting next_dagrun for example_subdag_operator.section-1 to None, run_after=None
[2026-04-01T04:56:59.673+0530] {logging_mixin.py:188} INFO - [2026-04-01T04:56:59.673+0530] {dag.py:3954} INFO - Setting next_dagrun for example_subdag_operator.section-2 to None, run_after=None
[2026-04-01T04:56:59.675+0530] {logging_mixin.py:188} INFO - [2026-04-01T04:56:59.675+0530] {dag.py:3096} INFO - Sync 2 DAGs
[2026-04-01T04:56:59.676+0530] {logging_mixin.py:188} INFO - [2026-04-01T04:56:59.676+0530] {dag.py:3954} INFO - Setting next_dagrun for example_subdag_operator.section-1 to None, run_after=None
[2026-04-01T04:56:59.676+0530] {logging_mixin.py:188} INFO - [2026-04-01T04:56:59.676+0530] {dag.py:3954} INFO - Setting next_dagrun for example_subdag_operator.section-2 to None, run_after=None
[2026-04-01T04:56:59.680+0530] {processor.py:183} INFO - Processing /Users/aswin/Documents/data-engineering-practice/ETL_Airflow_DBT/airflow/airflow_env/lib/python3.11/site-packages/airflow/example_dags/example_subdag_operator.py took 0.056 seconds
[2026-04-01T04:58:50.151+0530] {processor.py:161} INFO - Started process (PID=72347) to work on /Users/aswin/Documents/data-engineering-practice/ETL_Airflow_DBT/airflow/airflow_env/lib/python3.11/site-packages/airflow/example_dags/example_subdag_operator.py
[2026-04-01T04:58:50.152+0530] {processor.py:830} INFO - Processing file /Users/aswin/Documents/data-engineering-practice/ETL_Airflow_DBT/airflow/airflow_env/lib/python3.11/site-packages/airflow/example_dags/example_subdag_operator.py for tasks to queue
[2026-04-01T04:58:50.152+0530] {logging_mixin.py:188} INFO - [2026-04-01T04:58:50.152+0530] {dagbag.py:540} INFO - Filling up the DagBag from /Users/aswin/Documents/data-engineering-practice/ETL_Airflow_DBT/airflow/airflow_env/lib/python3.11/site-packages/airflow/example_dags/example_subdag_operator.py
[2026-04-01T04:58:50.180+0530] {processor.py:840} INFO - DAG(s) 'example_subdag_operator.section-1', 'example_subdag_operator.section-2', 'example_subdag_operator' retrieved from /Users/aswin/Documents/data-engineering-practice/ETL_Airflow_DBT/airflow/airflow_env/lib/python3.11/site-packages/airflow/example_dags/example_subdag_operator.py
[2026-04-01T04:58:50.191+0530] {logging_mixin.py:188} INFO - [2026-04-01T04:58:50.191+0530] {dag.py:3096} INFO - Sync 3 DAGs
[2026-04-01T04:58:50.196+0530] {logging_mixin.py:188} INFO - [2026-04-01T04:58:50.196+0530] {dag.py:3954} INFO - Setting next_dagrun for example_subdag_operator to 2022-01-01 00:00:00+00:00, run_after=2022-01-01 00:00:00+00:00
[2026-04-01T04:58:50.197+0530] {logging_mixin.py:188} INFO - [2026-04-01T04:58:50.197+0530] {dag.py:3954} INFO - Setting next_dagrun for example_subdag_operator.section-1 to None, run_after=None
[2026-04-01T04:58:50.198+0530] {logging_mixin.py:188} INFO - [2026-04-01T04:58:50.197+0530] {dag.py:3954} INFO - Setting next_dagrun for example_subdag_operator.section-2 to None, run_after=None
[2026-04-01T04:58:50.199+0530] {logging_mixin.py:188} INFO - [2026-04-01T04:58:50.199+0530] {dag.py:3096} INFO - Sync 2 DAGs
[2026-04-01T04:58:50.200+0530] {logging_mixin.py:188} INFO - [2026-04-01T04:58:50.200+0530] {dag.py:3954} INFO - Setting next_dagrun for example_subdag_operator.section-1 to None, run_after=None
[2026-04-01T04:58:50.200+0530] {logging_mixin.py:188} INFO - [2026-04-01T04:58:50.200+0530] {dag.py:3954} INFO - Setting next_dagrun for example_subdag_operator.section-2 to None, run_after=None
[2026-04-01T04:58:50.204+0530] {processor.py:183} INFO - Processing /Users/aswin/Documents/data-engineering-practice/ETL_Airflow_DBT/airflow/airflow_env/lib/python3.11/site-packages/airflow/example_dags/example_subdag_operator.py took 0.055 seconds
[2026-04-01T05:00:43.288+0530] {processor.py:161} INFO - Started process (PID=72432) to work on /Users/aswin/Documents/data-engineering-practice/ETL_Airflow_DBT/airflow/airflow_env/lib/python3.11/site-packages/airflow/example_dags/example_subdag_operator.py
[2026-04-01T05:00:43.288+0530] {processor.py:830} INFO - Processing file /Users/aswin/Documents/data-engineering-practice/ETL_Airflow_DBT/airflow/airflow_env/lib/python3.11/site-packages/airflow/example_dags/example_subdag_operator.py for tasks to queue
[2026-04-01T05:00:43.289+0530] {logging_mixin.py:188} INFO - [2026-04-01T05:00:43.289+0530] {dagbag.py:540} INFO - Filling up the DagBag from /Users/aswin/Documents/data-engineering-practice/ETL_Airflow_DBT/airflow/airflow_env/lib/python3.11/site-packages/airflow/example_dags/example_subdag_operator.py
[2026-04-01T05:00:43.317+0530] {processor.py:840} INFO - DAG(s) 'example_subdag_operator.section-1', 'example_subdag_operator.section-2', 'example_subdag_operator' retrieved from /Users/aswin/Documents/data-engineering-practice/ETL_Airflow_DBT/airflow/airflow_env/lib/python3.11/site-packages/airflow/example_dags/example_subdag_operator.py
[2026-04-01T05:00:43.328+0530] {logging_mixin.py:188} INFO - [2026-04-01T05:00:43.328+0530] {dag.py:3096} INFO - Sync 3 DAGs
[2026-04-01T05:00:43.333+0530] {logging_mixin.py:188} INFO - [2026-04-01T05:00:43.333+0530] {dag.py:3954} INFO - Setting next_dagrun for example_subdag_operator to 2022-01-01 00:00:00+00:00, run_after=2022-01-01 00:00:00+00:00
[2026-04-01T05:00:43.335+0530] {logging_mixin.py:188} INFO - [2026-04-01T05:00:43.335+0530] {dag.py:3954} INFO - Setting next_dagrun for example_subdag_operator.section-1 to None, run_after=None
[2026-04-01T05:00:43.335+0530] {logging_mixin.py:188} INFO - [2026-04-01T05:00:43.335+0530] {dag.py:3954} INFO - Setting next_dagrun for example_subdag_operator.section-2 to None, run_after=None
[2026-04-01T05:00:43.337+0530] {logging_mixin.py:188} INFO - [2026-04-01T05:00:43.337+0530] {dag.py:3096} INFO - Sync 2 DAGs
[2026-04-01T05:00:43.338+0530] {logging_mixin.py:188} INFO - [2026-04-01T05:00:43.338+0530] {dag.py:3954} INFO - Setting next_dagrun for example_subdag_operator.section-1 to None, run_after=None
[2026-04-01T05:00:43.338+0530] {logging_mixin.py:188} INFO - [2026-04-01T05:00:43.338+0530] {dag.py:3954} INFO - Setting next_dagrun for example_subdag_operator.section-2 to None, run_after=None
[2026-04-01T05:00:43.342+0530] {processor.py:183} INFO - Processing /Users/aswin/Documents/data-engineering-practice/ETL_Airflow_DBT/airflow/airflow_env/lib/python3.11/site-packages/airflow/example_dags/example_subdag_operator.py took 0.055 seconds
[2026-04-01T05:02:34.069+0530] {processor.py:161} INFO - Started process (PID=72509) to work on /Users/aswin/Documents/data-engineering-practice/ETL_Airflow_DBT/airflow/airflow_env/lib/python3.11/site-packages/airflow/example_dags/example_subdag_operator.py
[2026-04-01T05:02:34.069+0530] {processor.py:830} INFO - Processing file /Users/aswin/Documents/data-engineering-practice/ETL_Airflow_DBT/airflow/airflow_env/lib/python3.11/site-packages/airflow/example_dags/example_subdag_operator.py for tasks to queue
[2026-04-01T05:02:34.070+0530] {logging_mixin.py:188} INFO - [2026-04-01T05:02:34.070+0530] {dagbag.py:540} INFO - Filling up the DagBag from /Users/aswin/Documents/data-engineering-practice/ETL_Airflow_DBT/airflow/airflow_env/lib/python3.11/site-packages/airflow/example_dags/example_subdag_operator.py
[2026-04-01T05:02:34.098+0530] {processor.py:840} INFO - DAG(s) 'example_subdag_operator.section-1', 'example_subdag_operator.section-2', 'example_subdag_operator' retrieved from /Users/aswin/Documents/data-engineering-practice/ETL_Airflow_DBT/airflow/airflow_env/lib/python3.11/site-packages/airflow/example_dags/example_subdag_operator.py
[2026-04-01T05:02:34.109+0530] {logging_mixin.py:188} INFO - [2026-04-01T05:02:34.109+0530] {dag.py:3096} INFO - Sync 3 DAGs
[2026-04-01T05:02:34.114+0530] {logging_mixin.py:188} INFO - [2026-04-01T05:02:34.114+0530] {dag.py:3954} INFO - Setting next_dagrun for example_subdag_operator to 2022-01-01 00:00:00+00:00, run_after=2022-01-01 00:00:00+00:00
[2026-04-01T05:02:34.115+0530] {logging_mixin.py:188} INFO - [2026-04-01T05:02:34.115+0530] {dag.py:3954} INFO - Setting next_dagrun for example_subdag_operator.section-1 to None, run_after=None
[2026-04-01T05:02:34.115+0530] {logging_mixin.py:188} INFO - [2026-04-01T05:02:34.115+0530] {dag.py:3954} INFO - Setting next_dagrun for example_subdag_operator.section-2 to None, run_after=None
[2026-04-01T05:02:34.117+0530] {logging_mixin.py:188} INFO - [2026-04-01T05:02:34.117+0530] {dag.py:3096} INFO - Sync 2 DAGs
[2026-04-01T05:02:34.118+0530] {logging_mixin.py:188} INFO - [2026-04-01T05:02:34.118+0530] {dag.py:3954} INFO - Setting next_dagrun for example_subdag_operator.section-1 to None, run_after=None
[2026-04-01T05:02:34.118+0530] {logging_mixin.py:188} INFO - [2026-04-01T05:02:34.118+0530] {dag.py:3954} INFO - Setting next_dagrun for example_subdag_operator.section-2 to None, run_after=None
[2026-04-01T05:02:34.122+0530] {processor.py:183} INFO - Processing /Users/aswin/Documents/data-engineering-practice/ETL_Airflow_DBT/airflow/airflow_env/lib/python3.11/site-packages/airflow/example_dags/example_subdag_operator.py took 0.054 seconds
[2026-04-01T05:03:31.395+0530] {processor.py:161} INFO - Started process (PID=72551) to work on /Users/aswin/Documents/data-engineering-practice/ETL_Airflow_DBT/airflow/airflow_env/lib/python3.11/site-packages/airflow/example_dags/example_subdag_operator.py
[2026-04-01T05:03:31.396+0530] {processor.py:830} INFO - Processing file /Users/aswin/Documents/data-engineering-practice/ETL_Airflow_DBT/airflow/airflow_env/lib/python3.11/site-packages/airflow/example_dags/example_subdag_operator.py for tasks to queue
[2026-04-01T05:03:31.396+0530] {logging_mixin.py:188} INFO - [2026-04-01T05:03:31.396+0530] {dagbag.py:540} INFO - Filling up the DagBag from /Users/aswin/Documents/data-engineering-practice/ETL_Airflow_DBT/airflow/airflow_env/lib/python3.11/site-packages/airflow/example_dags/example_subdag_operator.py
[2026-04-01T05:03:31.426+0530] {processor.py:840} INFO - DAG(s) 'example_subdag_operator.section-1', 'example_subdag_operator.section-2', 'example_subdag_operator' retrieved from /Users/aswin/Documents/data-engineering-practice/ETL_Airflow_DBT/airflow/airflow_env/lib/python3.11/site-packages/airflow/example_dags/example_subdag_operator.py
[2026-04-01T05:03:31.437+0530] {logging_mixin.py:188} INFO - [2026-04-01T05:03:31.437+0530] {dag.py:3096} INFO - Sync 3 DAGs
[2026-04-01T05:03:31.443+0530] {logging_mixin.py:188} INFO - [2026-04-01T05:03:31.442+0530] {dag.py:3954} INFO - Setting next_dagrun for example_subdag_operator to 2022-01-01 00:00:00+00:00, run_after=2022-01-01 00:00:00+00:00
[2026-04-01T05:03:31.443+0530] {logging_mixin.py:188} INFO - [2026-04-01T05:03:31.443+0530] {dag.py:3954} INFO - Setting next_dagrun for example_subdag_operator.section-1 to None, run_after=None
[2026-04-01T05:03:31.444+0530] {logging_mixin.py:188} INFO - [2026-04-01T05:03:31.444+0530] {dag.py:3954} INFO - Setting next_dagrun for example_subdag_operator.section-2 to None, run_after=None
[2026-04-01T05:03:31.445+0530] {logging_mixin.py:188} INFO - [2026-04-01T05:03:31.445+0530] {dag.py:3096} INFO - Sync 2 DAGs
[2026-04-01T05:03:31.447+0530] {logging_mixin.py:188} INFO - [2026-04-01T05:03:31.446+0530] {dag.py:3954} INFO - Setting next_dagrun for example_subdag_operator.section-1 to None, run_after=None
[2026-04-01T05:03:31.447+0530] {logging_mixin.py:188} INFO - [2026-04-01T05:03:31.447+0530] {dag.py:3954} INFO - Setting next_dagrun for example_subdag_operator.section-2 to None, run_after=None
[2026-04-01T05:03:31.451+0530] {processor.py:183} INFO - Processing /Users/aswin/Documents/data-engineering-practice/ETL_Airflow_DBT/airflow/airflow_env/lib/python3.11/site-packages/airflow/example_dags/example_subdag_operator.py took 0.057 seconds
[2026-04-01T05:04:34.822+0530] {processor.py:161} INFO - Started process (PID=72596) to work on /Users/aswin/Documents/data-engineering-practice/ETL_Airflow_DBT/airflow/airflow_env/lib/python3.11/site-packages/airflow/example_dags/example_subdag_operator.py
[2026-04-01T05:04:34.823+0530] {processor.py:830} INFO - Processing file /Users/aswin/Documents/data-engineering-practice/ETL_Airflow_DBT/airflow/airflow_env/lib/python3.11/site-packages/airflow/example_dags/example_subdag_operator.py for tasks to queue
[2026-04-01T05:04:34.823+0530] {logging_mixin.py:188} INFO - [2026-04-01T05:04:34.823+0530] {dagbag.py:540} INFO - Filling up the DagBag from /Users/aswin/Documents/data-engineering-practice/ETL_Airflow_DBT/airflow/airflow_env/lib/python3.11/site-packages/airflow/example_dags/example_subdag_operator.py
[2026-04-01T05:04:34.855+0530] {processor.py:840} INFO - DAG(s) 'example_subdag_operator.section-1', 'example_subdag_operator.section-2', 'example_subdag_operator' retrieved from /Users/aswin/Documents/data-engineering-practice/ETL_Airflow_DBT/airflow/airflow_env/lib/python3.11/site-packages/airflow/example_dags/example_subdag_operator.py
[2026-04-01T05:04:34.867+0530] {logging_mixin.py:188} INFO - [2026-04-01T05:04:34.866+0530] {dag.py:3096} INFO - Sync 3 DAGs
[2026-04-01T05:04:34.872+0530] {logging_mixin.py:188} INFO - [2026-04-01T05:04:34.872+0530] {dag.py:3954} INFO - Setting next_dagrun for example_subdag_operator to 2022-01-01 00:00:00+00:00, run_after=2022-01-01 00:00:00+00:00
[2026-04-01T05:04:34.873+0530] {logging_mixin.py:188} INFO - [2026-04-01T05:04:34.873+0530] {dag.py:3954} INFO - Setting next_dagrun for example_subdag_operator.section-1 to None, run_after=None
[2026-04-01T05:04:34.873+0530] {logging_mixin.py:188} INFO - [2026-04-01T05:04:34.873+0530] {dag.py:3954} INFO - Setting next_dagrun for example_subdag_operator.section-2 to None, run_after=None
[2026-04-01T05:04:34.875+0530] {logging_mixin.py:188} INFO - [2026-04-01T05:04:34.875+0530] {dag.py:3096} INFO - Sync 2 DAGs
[2026-04-01T05:04:34.876+0530] {logging_mixin.py:188} INFO - [2026-04-01T05:04:34.876+0530] {dag.py:3954} INFO - Setting next_dagrun for example_subdag_operator.section-1 to None, run_after=None
[2026-04-01T05:04:34.876+0530] {logging_mixin.py:188} INFO - [2026-04-01T05:04:34.876+0530] {dag.py:3954} INFO - Setting next_dagrun for example_subdag_operator.section-2 to None, run_after=None
[2026-04-01T05:04:34.880+0530] {processor.py:183} INFO - Processing /Users/aswin/Documents/data-engineering-practice/ETL_Airflow_DBT/airflow/airflow_env/lib/python3.11/site-packages/airflow/example_dags/example_subdag_operator.py took 0.059 seconds
[2026-04-01T05:06:20.526+0530] {processor.py:161} INFO - Started process (PID=72686) to work on /Users/aswin/Documents/data-engineering-practice/ETL_Airflow_DBT/airflow/airflow_env/lib/python3.11/site-packages/airflow/example_dags/example_subdag_operator.py
[2026-04-01T05:06:20.527+0530] {processor.py:830} INFO - Processing file /Users/aswin/Documents/data-engineering-practice/ETL_Airflow_DBT/airflow/airflow_env/lib/python3.11/site-packages/airflow/example_dags/example_subdag_operator.py for tasks to queue
[2026-04-01T05:06:20.527+0530] {logging_mixin.py:188} INFO - [2026-04-01T05:06:20.527+0530] {dagbag.py:540} INFO - Filling up the DagBag from /Users/aswin/Documents/data-engineering-practice/ETL_Airflow_DBT/airflow/airflow_env/lib/python3.11/site-packages/airflow/example_dags/example_subdag_operator.py
[2026-04-01T05:06:20.556+0530] {processor.py:840} INFO - DAG(s) 'example_subdag_operator.section-1', 'example_subdag_operator.section-2', 'example_subdag_operator' retrieved from /Users/aswin/Documents/data-engineering-practice/ETL_Airflow_DBT/airflow/airflow_env/lib/python3.11/site-packages/airflow/example_dags/example_subdag_operator.py
[2026-04-01T05:06:20.567+0530] {logging_mixin.py:188} INFO - [2026-04-01T05:06:20.567+0530] {dag.py:3096} INFO - Sync 3 DAGs
[2026-04-01T05:06:20.572+0530] {logging_mixin.py:188} INFO - [2026-04-01T05:06:20.572+0530] {dag.py:3954} INFO - Setting next_dagrun for example_subdag_operator to 2022-01-01 00:00:00+00:00, run_after=2022-01-01 00:00:00+00:00
[2026-04-01T05:06:20.573+0530] {logging_mixin.py:188} INFO - [2026-04-01T05:06:20.573+0530] {dag.py:3954} INFO - Setting next_dagrun for example_subdag_operator.section-1 to None, run_after=None
[2026-04-01T05:06:20.573+0530] {logging_mixin.py:188} INFO - [2026-04-01T05:06:20.573+0530] {dag.py:3954} INFO - Setting next_dagrun for example_subdag_operator.section-2 to None, run_after=None
[2026-04-01T05:06:20.575+0530] {logging_mixin.py:188} INFO - [2026-04-01T05:06:20.575+0530] {dag.py:3096} INFO - Sync 2 DAGs
[2026-04-01T05:06:20.576+0530] {logging_mixin.py:188} INFO - [2026-04-01T05:06:20.576+0530] {dag.py:3954} INFO - Setting next_dagrun for example_subdag_operator.section-1 to None, run_after=None
[2026-04-01T05:06:20.576+0530] {logging_mixin.py:188} INFO - [2026-04-01T05:06:20.576+0530] {dag.py:3954} INFO - Setting next_dagrun for example_subdag_operator.section-2 to None, run_after=None
[2026-04-01T05:06:20.580+0530] {processor.py:183} INFO - Processing /Users/aswin/Documents/data-engineering-practice/ETL_Airflow_DBT/airflow/airflow_env/lib/python3.11/site-packages/airflow/example_dags/example_subdag_operator.py took 0.055 seconds
[2026-04-01T05:19:03.227+0530] {processor.py:161} INFO - Started process (PID=72811) to work on /Users/aswin/Documents/data-engineering-practice/ETL_Airflow_DBT/airflow/airflow_env/lib/python3.11/site-packages/airflow/example_dags/example_subdag_operator.py
[2026-04-01T05:19:03.228+0530] {processor.py:830} INFO - Processing file /Users/aswin/Documents/data-engineering-practice/ETL_Airflow_DBT/airflow/airflow_env/lib/python3.11/site-packages/airflow/example_dags/example_subdag_operator.py for tasks to queue
[2026-04-01T05:19:03.228+0530] {logging_mixin.py:188} INFO - [2026-04-01T05:19:03.228+0530] {dagbag.py:540} INFO - Filling up the DagBag from /Users/aswin/Documents/data-engineering-practice/ETL_Airflow_DBT/airflow/airflow_env/lib/python3.11/site-packages/airflow/example_dags/example_subdag_operator.py
[2026-04-01T05:19:03.259+0530] {processor.py:840} INFO - DAG(s) 'example_subdag_operator.section-1', 'example_subdag_operator.section-2', 'example_subdag_operator' retrieved from /Users/aswin/Documents/data-engineering-practice/ETL_Airflow_DBT/airflow/airflow_env/lib/python3.11/site-packages/airflow/example_dags/example_subdag_operator.py
[2026-04-01T05:19:03.271+0530] {logging_mixin.py:188} INFO - [2026-04-01T05:19:03.271+0530] {dag.py:3096} INFO - Sync 3 DAGs
[2026-04-01T05:19:03.277+0530] {logging_mixin.py:188} INFO - [2026-04-01T05:19:03.277+0530] {dag.py:3954} INFO - Setting next_dagrun for example_subdag_operator to 2022-01-01 00:00:00+00:00, run_after=2022-01-01 00:00:00+00:00
[2026-04-01T05:19:03.278+0530] {logging_mixin.py:188} INFO - [2026-04-01T05:19:03.278+0530] {dag.py:3954} INFO - Setting next_dagrun for example_subdag_operator.section-1 to None, run_after=None
[2026-04-01T05:19:03.278+0530] {logging_mixin.py:188} INFO - [2026-04-01T05:19:03.278+0530] {dag.py:3954} INFO - Setting next_dagrun for example_subdag_operator.section-2 to None, run_after=None
[2026-04-01T05:19:03.280+0530] {logging_mixin.py:188} INFO - [2026-04-01T05:19:03.280+0530] {dag.py:3096} INFO - Sync 2 DAGs
[2026-04-01T05:19:03.281+0530] {logging_mixin.py:188} INFO - [2026-04-01T05:19:03.281+0530] {dag.py:3954} INFO - Setting next_dagrun for example_subdag_operator.section-1 to None, run_after=None
[2026-04-01T05:19:03.281+0530] {logging_mixin.py:188} INFO - [2026-04-01T05:19:03.281+0530] {dag.py:3954} INFO - Setting next_dagrun for example_subdag_operator.section-2 to None, run_after=None
[2026-04-01T05:19:03.285+0530] {processor.py:183} INFO - Processing /Users/aswin/Documents/data-engineering-practice/ETL_Airflow_DBT/airflow/airflow_env/lib/python3.11/site-packages/airflow/example_dags/example_subdag_operator.py took 0.059 seconds
[2026-04-01T05:20:34.015+0530] {processor.py:161} INFO - Started process (PID=72878) to work on /Users/aswin/Documents/data-engineering-practice/ETL_Airflow_DBT/airflow/airflow_env/lib/python3.11/site-packages/airflow/example_dags/example_subdag_operator.py
[2026-04-01T05:20:34.016+0530] {processor.py:830} INFO - Processing file /Users/aswin/Documents/data-engineering-practice/ETL_Airflow_DBT/airflow/airflow_env/lib/python3.11/site-packages/airflow/example_dags/example_subdag_operator.py for tasks to queue
[2026-04-01T05:20:34.016+0530] {logging_mixin.py:188} INFO - [2026-04-01T05:20:34.016+0530] {dagbag.py:540} INFO - Filling up the DagBag from /Users/aswin/Documents/data-engineering-practice/ETL_Airflow_DBT/airflow/airflow_env/lib/python3.11/site-packages/airflow/example_dags/example_subdag_operator.py
[2026-04-01T05:20:34.049+0530] {processor.py:840} INFO - DAG(s) 'example_subdag_operator.section-1', 'example_subdag_operator.section-2', 'example_subdag_operator' retrieved from /Users/aswin/Documents/data-engineering-practice/ETL_Airflow_DBT/airflow/airflow_env/lib/python3.11/site-packages/airflow/example_dags/example_subdag_operator.py
[2026-04-01T05:20:34.061+0530] {logging_mixin.py:188} INFO - [2026-04-01T05:20:34.061+0530] {dag.py:3096} INFO - Sync 3 DAGs
[2026-04-01T05:20:34.066+0530] {logging_mixin.py:188} INFO - [2026-04-01T05:20:34.066+0530] {dag.py:3954} INFO - Setting next_dagrun for example_subdag_operator to 2022-01-01 00:00:00+00:00, run_after=2022-01-01 00:00:00+00:00
[2026-04-01T05:20:34.067+0530] {logging_mixin.py:188} INFO - [2026-04-01T05:20:34.067+0530] {dag.py:3954} INFO - Setting next_dagrun for example_subdag_operator.section-1 to None, run_after=None
[2026-04-01T05:20:34.068+0530] {logging_mixin.py:188} INFO - [2026-04-01T05:20:34.068+0530] {dag.py:3954} INFO - Setting next_dagrun for example_subdag_operator.section-2 to None, run_after=None
[2026-04-01T05:20:34.069+0530] {logging_mixin.py:188} INFO - [2026-04-01T05:20:34.069+0530] {dag.py:3096} INFO - Sync 2 DAGs
[2026-04-01T05:20:34.070+0530] {logging_mixin.py:188} INFO - [2026-04-01T05:20:34.070+0530] {dag.py:3954} INFO - Setting next_dagrun for example_subdag_operator.section-1 to None, run_after=None
[2026-04-01T05:20:34.071+0530] {logging_mixin.py:188} INFO - [2026-04-01T05:20:34.071+0530] {dag.py:3954} INFO - Setting next_dagrun for example_subdag_operator.section-2 to None, run_after=None
[2026-04-01T05:20:34.075+0530] {processor.py:183} INFO - Processing /Users/aswin/Documents/data-engineering-practice/ETL_Airflow_DBT/airflow/airflow_env/lib/python3.11/site-packages/airflow/example_dags/example_subdag_operator.py took 0.062 seconds
[2026-04-01T05:22:21.385+0530] {processor.py:161} INFO - Started process (PID=72970) to work on /Users/aswin/Documents/data-engineering-practice/ETL_Airflow_DBT/airflow/airflow_env/lib/python3.11/site-packages/airflow/example_dags/example_subdag_operator.py
[2026-04-01T05:22:21.385+0530] {processor.py:830} INFO - Processing file /Users/aswin/Documents/data-engineering-practice/ETL_Airflow_DBT/airflow/airflow_env/lib/python3.11/site-packages/airflow/example_dags/example_subdag_operator.py for tasks to queue
[2026-04-01T05:22:21.385+0530] {logging_mixin.py:188} INFO - [2026-04-01T05:22:21.385+0530] {dagbag.py:540} INFO - Filling up the DagBag from /Users/aswin/Documents/data-engineering-practice/ETL_Airflow_DBT/airflow/airflow_env/lib/python3.11/site-packages/airflow/example_dags/example_subdag_operator.py
[2026-04-01T05:22:21.419+0530] {processor.py:840} INFO - DAG(s) 'example_subdag_operator.section-1', 'example_subdag_operator.section-2', 'example_subdag_operator' retrieved from /Users/aswin/Documents/data-engineering-practice/ETL_Airflow_DBT/airflow/airflow_env/lib/python3.11/site-packages/airflow/example_dags/example_subdag_operator.py
[2026-04-01T05:22:21.431+0530] {logging_mixin.py:188} INFO - [2026-04-01T05:22:21.431+0530] {dag.py:3096} INFO - Sync 3 DAGs
[2026-04-01T05:22:21.437+0530] {logging_mixin.py:188} INFO - [2026-04-01T05:22:21.437+0530] {dag.py:3954} INFO - Setting next_dagrun for example_subdag_operator to 2022-01-01 00:00:00+00:00, run_after=2022-01-01 00:00:00+00:00
[2026-04-01T05:22:21.438+0530] {logging_mixin.py:188} INFO - [2026-04-01T05:22:21.438+0530] {dag.py:3954} INFO - Setting next_dagrun for example_subdag_operator.section-1 to None, run_after=None
[2026-04-01T05:22:21.438+0530] {logging_mixin.py:188} INFO - [2026-04-01T05:22:21.438+0530] {dag.py:3954} INFO - Setting next_dagrun for example_subdag_operator.section-2 to None, run_after=None
[2026-04-01T05:22:21.440+0530] {logging_mixin.py:188} INFO - [2026-04-01T05:22:21.440+0530] {dag.py:3096} INFO - Sync 2 DAGs
[2026-04-01T05:22:21.441+0530] {logging_mixin.py:188} INFO - [2026-04-01T05:22:21.441+0530] {dag.py:3954} INFO - Setting next_dagrun for example_subdag_operator.section-1 to None, run_after=None
[2026-04-01T05:22:21.441+0530] {logging_mixin.py:188} INFO - [2026-04-01T05:22:21.441+0530] {dag.py:3954} INFO - Setting next_dagrun for example_subdag_operator.section-2 to None, run_after=None
[2026-04-01T05:22:21.445+0530] {processor.py:183} INFO - Processing /Users/aswin/Documents/data-engineering-practice/ETL_Airflow_DBT/airflow/airflow_env/lib/python3.11/site-packages/airflow/example_dags/example_subdag_operator.py took 0.062 seconds
[2026-04-01T05:24:20.918+0530] {processor.py:161} INFO - Started process (PID=73061) to work on /Users/aswin/Documents/data-engineering-practice/ETL_Airflow_DBT/airflow/airflow_env/lib/python3.11/site-packages/airflow/example_dags/example_subdag_operator.py
[2026-04-01T05:24:20.918+0530] {processor.py:830} INFO - Processing file /Users/aswin/Documents/data-engineering-practice/ETL_Airflow_DBT/airflow/airflow_env/lib/python3.11/site-packages/airflow/example_dags/example_subdag_operator.py for tasks to queue
[2026-04-01T05:24:20.918+0530] {logging_mixin.py:188} INFO - [2026-04-01T05:24:20.918+0530] {dagbag.py:540} INFO - Filling up the DagBag from /Users/aswin/Documents/data-engineering-practice/ETL_Airflow_DBT/airflow/airflow_env/lib/python3.11/site-packages/airflow/example_dags/example_subdag_operator.py
[2026-04-01T05:24:20.950+0530] {processor.py:840} INFO - DAG(s) 'example_subdag_operator.section-1', 'example_subdag_operator.section-2', 'example_subdag_operator' retrieved from /Users/aswin/Documents/data-engineering-practice/ETL_Airflow_DBT/airflow/airflow_env/lib/python3.11/site-packages/airflow/example_dags/example_subdag_operator.py
[2026-04-01T05:24:20.963+0530] {logging_mixin.py:188} INFO - [2026-04-01T05:24:20.963+0530] {dag.py:3096} INFO - Sync 3 DAGs
[2026-04-01T05:24:20.968+0530] {logging_mixin.py:188} INFO - [2026-04-01T05:24:20.968+0530] {dag.py:3954} INFO - Setting next_dagrun for example_subdag_operator to 2022-01-01 00:00:00+00:00, run_after=2022-01-01 00:00:00+00:00
[2026-04-01T05:24:20.969+0530] {logging_mixin.py:188} INFO - [2026-04-01T05:24:20.969+0530] {dag.py:3954} INFO - Setting next_dagrun for example_subdag_operator.section-1 to None, run_after=None
[2026-04-01T05:24:20.970+0530] {logging_mixin.py:188} INFO - [2026-04-01T05:24:20.970+0530] {dag.py:3954} INFO - Setting next_dagrun for example_subdag_operator.section-2 to None, run_after=None
[2026-04-01T05:24:20.971+0530] {logging_mixin.py:188} INFO - [2026-04-01T05:24:20.971+0530] {dag.py:3096} INFO - Sync 2 DAGs
[2026-04-01T05:24:20.973+0530] {logging_mixin.py:188} INFO - [2026-04-01T05:24:20.973+0530] {dag.py:3954} INFO - Setting next_dagrun for example_subdag_operator.section-1 to None, run_after=None
[2026-04-01T05:24:20.973+0530] {logging_mixin.py:188} INFO - [2026-04-01T05:24:20.973+0530] {dag.py:3954} INFO - Setting next_dagrun for example_subdag_operator.section-2 to None, run_after=None
[2026-04-01T05:24:20.978+0530] {processor.py:183} INFO - Processing /Users/aswin/Documents/data-engineering-practice/ETL_Airflow_DBT/airflow/airflow_env/lib/python3.11/site-packages/airflow/example_dags/example_subdag_operator.py took 0.061 seconds
[2026-04-01T05:26:15.351+0530] {processor.py:161} INFO - Started process (PID=73146) to work on /Users/aswin/Documents/data-engineering-practice/ETL_Airflow_DBT/airflow/airflow_env/lib/python3.11/site-packages/airflow/example_dags/example_subdag_operator.py
[2026-04-01T05:26:15.352+0530] {processor.py:830} INFO - Processing file /Users/aswin/Documents/data-engineering-practice/ETL_Airflow_DBT/airflow/airflow_env/lib/python3.11/site-packages/airflow/example_dags/example_subdag_operator.py for tasks to queue
[2026-04-01T05:26:15.352+0530] {logging_mixin.py:188} INFO - [2026-04-01T05:26:15.352+0530] {dagbag.py:540} INFO - Filling up the DagBag from /Users/aswin/Documents/data-engineering-practice/ETL_Airflow_DBT/airflow/airflow_env/lib/python3.11/site-packages/airflow/example_dags/example_subdag_operator.py
[2026-04-01T05:26:15.383+0530] {processor.py:840} INFO - DAG(s) 'example_subdag_operator.section-1', 'example_subdag_operator.section-2', 'example_subdag_operator' retrieved from /Users/aswin/Documents/data-engineering-practice/ETL_Airflow_DBT/airflow/airflow_env/lib/python3.11/site-packages/airflow/example_dags/example_subdag_operator.py
[2026-04-01T05:26:15.394+0530] {logging_mixin.py:188} INFO - [2026-04-01T05:26:15.394+0530] {dag.py:3096} INFO - Sync 3 DAGs
[2026-04-01T05:26:15.400+0530] {logging_mixin.py:188} INFO - [2026-04-01T05:26:15.400+0530] {dag.py:3954} INFO - Setting next_dagrun for example_subdag_operator to 2022-01-01 00:00:00+00:00, run_after=2022-01-01 00:00:00+00:00
[2026-04-01T05:26:15.401+0530] {logging_mixin.py:188} INFO - [2026-04-01T05:26:15.401+0530] {dag.py:3954} INFO - Setting next_dagrun for example_subdag_operator.section-1 to None, run_after=None
[2026-04-01T05:26:15.401+0530] {logging_mixin.py:188} INFO - [2026-04-01T05:26:15.401+0530] {dag.py:3954} INFO - Setting next_dagrun for example_subdag_operator.section-2 to None, run_after=None
[2026-04-01T05:26:15.403+0530] {logging_mixin.py:188} INFO - [2026-04-01T05:26:15.403+0530] {dag.py:3096} INFO - Sync 2 DAGs
[2026-04-01T05:26:15.404+0530] {logging_mixin.py:188} INFO - [2026-04-01T05:26:15.404+0530] {dag.py:3954} INFO - Setting next_dagrun for example_subdag_operator.section-1 to None, run_after=None
[2026-04-01T05:26:15.404+0530] {logging_mixin.py:188} INFO - [2026-04-01T05:26:15.404+0530] {dag.py:3954} INFO - Setting next_dagrun for example_subdag_operator.section-2 to None, run_after=None
[2026-04-01T05:26:15.408+0530] {processor.py:183} INFO - Processing /Users/aswin/Documents/data-engineering-practice/ETL_Airflow_DBT/airflow/airflow_env/lib/python3.11/site-packages/airflow/example_dags/example_subdag_operator.py took 0.057 seconds
[2026-04-01T05:27:12.407+0530] {processor.py:161} INFO - Started process (PID=73189) to work on /Users/aswin/Documents/data-engineering-practice/ETL_Airflow_DBT/airflow/airflow_env/lib/python3.11/site-packages/airflow/example_dags/example_subdag_operator.py
[2026-04-01T05:27:12.408+0530] {processor.py:830} INFO - Processing file /Users/aswin/Documents/data-engineering-practice/ETL_Airflow_DBT/airflow/airflow_env/lib/python3.11/site-packages/airflow/example_dags/example_subdag_operator.py for tasks to queue
[2026-04-01T05:27:12.408+0530] {logging_mixin.py:188} INFO - [2026-04-01T05:27:12.408+0530] {dagbag.py:540} INFO - Filling up the DagBag from /Users/aswin/Documents/data-engineering-practice/ETL_Airflow_DBT/airflow/airflow_env/lib/python3.11/site-packages/airflow/example_dags/example_subdag_operator.py
[2026-04-01T05:27:12.437+0530] {processor.py:840} INFO - DAG(s) 'example_subdag_operator.section-1', 'example_subdag_operator.section-2', 'example_subdag_operator' retrieved from /Users/aswin/Documents/data-engineering-practice/ETL_Airflow_DBT/airflow/airflow_env/lib/python3.11/site-packages/airflow/example_dags/example_subdag_operator.py
[2026-04-01T05:27:12.448+0530] {logging_mixin.py:188} INFO - [2026-04-01T05:27:12.448+0530] {dag.py:3096} INFO - Sync 3 DAGs
[2026-04-01T05:27:12.454+0530] {logging_mixin.py:188} INFO - [2026-04-01T05:27:12.454+0530] {dag.py:3954} INFO - Setting next_dagrun for example_subdag_operator to 2022-01-01 00:00:00+00:00, run_after=2022-01-01 00:00:00+00:00
[2026-04-01T05:27:12.455+0530] {logging_mixin.py:188} INFO - [2026-04-01T05:27:12.455+0530] {dag.py:3954} INFO - Setting next_dagrun for example_subdag_operator.section-1 to None, run_after=None
[2026-04-01T05:27:12.455+0530] {logging_mixin.py:188} INFO - [2026-04-01T05:27:12.455+0530] {dag.py:3954} INFO - Setting next_dagrun for example_subdag_operator.section-2 to None, run_after=None
[2026-04-01T05:27:12.457+0530] {logging_mixin.py:188} INFO - [2026-04-01T05:27:12.457+0530] {dag.py:3096} INFO - Sync 2 DAGs
[2026-04-01T05:27:12.458+0530] {logging_mixin.py:188} INFO - [2026-04-01T05:27:12.458+0530] {dag.py:3954} INFO - Setting next_dagrun for example_subdag_operator.section-1 to None, run_after=None
[2026-04-01T05:27:12.458+0530] {logging_mixin.py:188} INFO - [2026-04-01T05:27:12.458+0530] {dag.py:3954} INFO - Setting next_dagrun for example_subdag_operator.section-2 to None, run_after=None
[2026-04-01T05:27:12.462+0530] {processor.py:183} INFO - Processing /Users/aswin/Documents/data-engineering-practice/ETL_Airflow_DBT/airflow/airflow_env/lib/python3.11/site-packages/airflow/example_dags/example_subdag_operator.py took 0.056 seconds
[2026-04-01T05:29:12.112+0530] {processor.py:161} INFO - Started process (PID=73288) to work on /Users/aswin/Documents/data-engineering-practice/ETL_Airflow_DBT/airflow/airflow_env/lib/python3.11/site-packages/airflow/example_dags/example_subdag_operator.py
[2026-04-01T05:29:12.113+0530] {processor.py:830} INFO - Processing file /Users/aswin/Documents/data-engineering-practice/ETL_Airflow_DBT/airflow/airflow_env/lib/python3.11/site-packages/airflow/example_dags/example_subdag_operator.py for tasks to queue
[2026-04-01T05:29:12.114+0530] {logging_mixin.py:188} INFO - [2026-04-01T05:29:12.114+0530] {dagbag.py:540} INFO - Filling up the DagBag from /Users/aswin/Documents/data-engineering-practice/ETL_Airflow_DBT/airflow/airflow_env/lib/python3.11/site-packages/airflow/example_dags/example_subdag_operator.py
[2026-04-01T05:29:12.143+0530] {processor.py:840} INFO - DAG(s) 'example_subdag_operator.section-1', 'example_subdag_operator.section-2', 'example_subdag_operator' retrieved from /Users/aswin/Documents/data-engineering-practice/ETL_Airflow_DBT/airflow/airflow_env/lib/python3.11/site-packages/airflow/example_dags/example_subdag_operator.py
[2026-04-01T05:29:12.154+0530] {logging_mixin.py:188} INFO - [2026-04-01T05:29:12.154+0530] {dag.py:3096} INFO - Sync 3 DAGs
[2026-04-01T05:29:12.160+0530] {logging_mixin.py:188} INFO - [2026-04-01T05:29:12.160+0530] {dag.py:3954} INFO - Setting next_dagrun for example_subdag_operator to 2022-01-01 00:00:00+00:00, run_after=2022-01-01 00:00:00+00:00
[2026-04-01T05:29:12.161+0530] {logging_mixin.py:188} INFO - [2026-04-01T05:29:12.161+0530] {dag.py:3954} INFO - Setting next_dagrun for example_subdag_operator.section-1 to None, run_after=None
[2026-04-01T05:29:12.161+0530] {logging_mixin.py:188} INFO - [2026-04-01T05:29:12.161+0530] {dag.py:3954} INFO - Setting next_dagrun for example_subdag_operator.section-2 to None, run_after=None
[2026-04-01T05:29:12.163+0530] {logging_mixin.py:188} INFO - [2026-04-01T05:29:12.163+0530] {dag.py:3096} INFO - Sync 2 DAGs
[2026-04-01T05:29:12.164+0530] {logging_mixin.py:188} INFO - [2026-04-01T05:29:12.164+0530] {dag.py:3954} INFO - Setting next_dagrun for example_subdag_operator.section-1 to None, run_after=None
[2026-04-01T05:29:12.164+0530] {logging_mixin.py:188} INFO - [2026-04-01T05:29:12.164+0530] {dag.py:3954} INFO - Setting next_dagrun for example_subdag_operator.section-2 to None, run_after=None
[2026-04-01T05:29:12.169+0530] {processor.py:183} INFO - Processing /Users/aswin/Documents/data-engineering-practice/ETL_Airflow_DBT/airflow/airflow_env/lib/python3.11/site-packages/airflow/example_dags/example_subdag_operator.py took 0.057 seconds
