[2026-04-01T04:49:08.202+0530] {processor.py:161} INFO - Started process (PID=71756) to work on /Users/aswin/Documents/data-engineering-practice/ETL_Airflow_DBT/airflow/airflow_env/lib/python3.11/site-packages/airflow/example_dags/example_display_name.py
[2026-04-01T04:49:08.202+0530] {processor.py:830} INFO - Processing file /Users/aswin/Documents/data-engineering-practice/ETL_Airflow_DBT/airflow/airflow_env/lib/python3.11/site-packages/airflow/example_dags/example_display_name.py for tasks to queue
[2026-04-01T04:49:08.203+0530] {logging_mixin.py:188} INFO - [2026-04-01T04:49:08.203+0530] {dagbag.py:540} INFO - Filling up the DagBag from /Users/aswin/Documents/data-engineering-practice/ETL_Airflow_DBT/airflow/airflow_env/lib/python3.11/site-packages/airflow/example_dags/example_display_name.py
[2026-04-01T04:49:08.218+0530] {processor.py:840} INFO - DAG(s) 'example_display_name' retrieved from /Users/aswin/Documents/data-engineering-practice/ETL_Airflow_DBT/airflow/airflow_env/lib/python3.11/site-packages/airflow/example_dags/example_display_name.py
[2026-04-01T04:49:08.246+0530] {logging_mixin.py:188} INFO - [2026-04-01T04:49:08.246+0530] {dag.py:3096} INFO - Sync 1 DAGs
[2026-04-01T04:49:08.249+0530] {logging_mixin.py:188} INFO - [2026-04-01T04:49:08.248+0530] {dag.py:3954} INFO - Setting next_dagrun for example_display_name to None, run_after=None
[2026-04-01T04:49:08.255+0530] {processor.py:183} INFO - Processing /Users/aswin/Documents/data-engineering-practice/ETL_Airflow_DBT/airflow/airflow_env/lib/python3.11/site-packages/airflow/example_dags/example_display_name.py took 0.053 seconds
[2026-04-01T04:50:56.704+0530] {processor.py:161} INFO - Started process (PID=71845) to work on /Users/aswin/Documents/data-engineering-practice/ETL_Airflow_DBT/airflow/airflow_env/lib/python3.11/site-packages/airflow/example_dags/example_display_name.py
[2026-04-01T04:50:56.705+0530] {processor.py:830} INFO - Processing file /Users/aswin/Documents/data-engineering-practice/ETL_Airflow_DBT/airflow/airflow_env/lib/python3.11/site-packages/airflow/example_dags/example_display_name.py for tasks to queue
[2026-04-01T04:50:56.705+0530] {logging_mixin.py:188} INFO - [2026-04-01T04:50:56.705+0530] {dagbag.py:540} INFO - Filling up the DagBag from /Users/aswin/Documents/data-engineering-practice/ETL_Airflow_DBT/airflow/airflow_env/lib/python3.11/site-packages/airflow/example_dags/example_display_name.py
[2026-04-01T04:50:56.722+0530] {processor.py:840} INFO - DAG(s) 'example_display_name' retrieved from /Users/aswin/Documents/data-engineering-practice/ETL_Airflow_DBT/airflow/airflow_env/lib/python3.11/site-packages/airflow/example_dags/example_display_name.py
[2026-04-01T04:50:56.754+0530] {logging_mixin.py:188} INFO - [2026-04-01T04:50:56.754+0530] {dag.py:3096} INFO - Sync 1 DAGs
[2026-04-01T04:50:56.757+0530] {logging_mixin.py:188} INFO - [2026-04-01T04:50:56.757+0530] {dag.py:3954} INFO - Setting next_dagrun for example_display_name to None, run_after=None
[2026-04-01T04:50:56.763+0530] {processor.py:183} INFO - Processing /Users/aswin/Documents/data-engineering-practice/ETL_Airflow_DBT/airflow/airflow_env/lib/python3.11/site-packages/airflow/example_dags/example_display_name.py took 0.061 seconds
[2026-04-01T04:52:43.589+0530] {processor.py:161} INFO - Started process (PID=71925) to work on /Users/aswin/Documents/data-engineering-practice/ETL_Airflow_DBT/airflow/airflow_env/lib/python3.11/site-packages/airflow/example_dags/example_display_name.py
[2026-04-01T04:52:43.590+0530] {processor.py:830} INFO - Processing file /Users/aswin/Documents/data-engineering-practice/ETL_Airflow_DBT/airflow/airflow_env/lib/python3.11/site-packages/airflow/example_dags/example_display_name.py for tasks to queue
[2026-04-01T04:52:43.590+0530] {logging_mixin.py:188} INFO - [2026-04-01T04:52:43.590+0530] {dagbag.py:540} INFO - Filling up the DagBag from /Users/aswin/Documents/data-engineering-practice/ETL_Airflow_DBT/airflow/airflow_env/lib/python3.11/site-packages/airflow/example_dags/example_display_name.py
[2026-04-01T04:52:43.604+0530] {processor.py:840} INFO - DAG(s) 'example_display_name' retrieved from /Users/aswin/Documents/data-engineering-practice/ETL_Airflow_DBT/airflow/airflow_env/lib/python3.11/site-packages/airflow/example_dags/example_display_name.py
[2026-04-01T04:52:43.632+0530] {logging_mixin.py:188} INFO - [2026-04-01T04:52:43.632+0530] {dag.py:3096} INFO - Sync 1 DAGs
[2026-04-01T04:52:43.635+0530] {logging_mixin.py:188} INFO - [2026-04-01T04:52:43.635+0530] {dag.py:3954} INFO - Setting next_dagrun for example_display_name to None, run_after=None
[2026-04-01T04:52:43.641+0530] {processor.py:183} INFO - Processing /Users/aswin/Documents/data-engineering-practice/ETL_Airflow_DBT/airflow/airflow_env/lib/python3.11/site-packages/airflow/example_dags/example_display_name.py took 0.053 seconds
[2026-04-01T04:54:27.386+0530] {processor.py:161} INFO - Started process (PID=72005) to work on /Users/aswin/Documents/data-engineering-practice/ETL_Airflow_DBT/airflow/airflow_env/lib/python3.11/site-packages/airflow/example_dags/example_display_name.py
[2026-04-01T04:54:27.387+0530] {processor.py:830} INFO - Processing file /Users/aswin/Documents/data-engineering-practice/ETL_Airflow_DBT/airflow/airflow_env/lib/python3.11/site-packages/airflow/example_dags/example_display_name.py for tasks to queue
[2026-04-01T04:54:27.387+0530] {logging_mixin.py:188} INFO - [2026-04-01T04:54:27.387+0530] {dagbag.py:540} INFO - Filling up the DagBag from /Users/aswin/Documents/data-engineering-practice/ETL_Airflow_DBT/airflow/airflow_env/lib/python3.11/site-packages/airflow/example_dags/example_display_name.py
[2026-04-01T04:54:27.401+0530] {processor.py:840} INFO - DAG(s) 'example_display_name' retrieved from /Users/aswin/Documents/data-engineering-practice/ETL_Airflow_DBT/airflow/airflow_env/lib/python3.11/site-packages/airflow/example_dags/example_display_name.py
[2026-04-01T04:54:27.430+0530] {logging_mixin.py:188} INFO - [2026-04-01T04:54:27.429+0530] {dag.py:3096} INFO - Sync 1 DAGs
[2026-04-01T04:54:27.432+0530] {logging_mixin.py:188} INFO - [2026-04-01T04:54:27.432+0530] {dag.py:3954} INFO - Setting next_dagrun for example_display_name to None, run_after=None
[2026-04-01T04:54:27.438+0530] {processor.py:183} INFO - Processing /Users/aswin/Documents/data-engineering-practice/ETL_Airflow_DBT/airflow/airflow_env/lib/python3.11/site-packages/airflow/example_dags/example_display_name.py took 0.053 seconds
[2026-04-01T04:56:06.426+0530] {processor.py:161} INFO - Started process (PID=72080) to work on /Users/aswin/Documents/data-engineering-practice/ETL_Airflow_DBT/airflow/airflow_env/lib/python3.11/site-packages/airflow/example_dags/example_display_name.py
[2026-04-01T04:56:06.427+0530] {processor.py:830} INFO - Processing file /Users/aswin/Documents/data-engineering-practice/ETL_Airflow_DBT/airflow/airflow_env/lib/python3.11/site-packages/airflow/example_dags/example_display_name.py for tasks to queue
[2026-04-01T04:56:06.427+0530] {logging_mixin.py:188} INFO - [2026-04-01T04:56:06.427+0530] {dagbag.py:540} INFO - Filling up the DagBag from /Users/aswin/Documents/data-engineering-practice/ETL_Airflow_DBT/airflow/airflow_env/lib/python3.11/site-packages/airflow/example_dags/example_display_name.py
[2026-04-01T04:56:06.442+0530] {processor.py:840} INFO - DAG(s) 'example_display_name' retrieved from /Users/aswin/Documents/data-engineering-practice/ETL_Airflow_DBT/airflow/airflow_env/lib/python3.11/site-packages/airflow/example_dags/example_display_name.py
[2026-04-01T04:56:06.470+0530] {logging_mixin.py:188} INFO - [2026-04-01T04:56:06.470+0530] {dag.py:3096} INFO - Sync 1 DAGs
[2026-04-01T04:56:06.473+0530] {logging_mixin.py:188} INFO - [2026-04-01T04:56:06.473+0530] {dag.py:3954} INFO - Setting next_dagrun for example_display_name to None, run_after=None
[2026-04-01T04:56:06.479+0530] {processor.py:183} INFO - Processing /Users/aswin/Documents/data-engineering-practice/ETL_Airflow_DBT/airflow/airflow_env/lib/python3.11/site-packages/airflow/example_dags/example_display_name.py took 0.054 seconds
[2026-04-01T04:57:59.197+0530] {processor.py:161} INFO - Started process (PID=72302) to work on /Users/aswin/Documents/data-engineering-practice/ETL_Airflow_DBT/airflow/airflow_env/lib/python3.11/site-packages/airflow/example_dags/example_display_name.py
[2026-04-01T04:57:59.197+0530] {processor.py:830} INFO - Processing file /Users/aswin/Documents/data-engineering-practice/ETL_Airflow_DBT/airflow/airflow_env/lib/python3.11/site-packages/airflow/example_dags/example_display_name.py for tasks to queue
[2026-04-01T04:57:59.198+0530] {logging_mixin.py:188} INFO - [2026-04-01T04:57:59.198+0530] {dagbag.py:540} INFO - Filling up the DagBag from /Users/aswin/Documents/data-engineering-practice/ETL_Airflow_DBT/airflow/airflow_env/lib/python3.11/site-packages/airflow/example_dags/example_display_name.py
[2026-04-01T04:57:59.214+0530] {processor.py:840} INFO - DAG(s) 'example_display_name' retrieved from /Users/aswin/Documents/data-engineering-practice/ETL_Airflow_DBT/airflow/airflow_env/lib/python3.11/site-packages/airflow/example_dags/example_display_name.py
[2026-04-01T04:57:59.245+0530] {logging_mixin.py:188} INFO - [2026-04-01T04:57:59.245+0530] {dag.py:3096} INFO - Sync 1 DAGs
[2026-04-01T04:57:59.248+0530] {logging_mixin.py:188} INFO - [2026-04-01T04:57:59.248+0530] {dag.py:3954} INFO - Setting next_dagrun for example_display_name to None, run_after=None
[2026-04-01T04:57:59.254+0530] {processor.py:183} INFO - Processing /Users/aswin/Documents/data-engineering-practice/ETL_Airflow_DBT/airflow/airflow_env/lib/python3.11/site-packages/airflow/example_dags/example_display_name.py took 0.058 seconds
[2026-04-01T04:59:55.333+0530] {processor.py:161} INFO - Started process (PID=72393) to work on /Users/aswin/Documents/data-engineering-practice/ETL_Airflow_DBT/airflow/airflow_env/lib/python3.11/site-packages/airflow/example_dags/example_display_name.py
[2026-04-01T04:59:55.334+0530] {processor.py:830} INFO - Processing file /Users/aswin/Documents/data-engineering-practice/ETL_Airflow_DBT/airflow/airflow_env/lib/python3.11/site-packages/airflow/example_dags/example_display_name.py for tasks to queue
[2026-04-01T04:59:55.334+0530] {logging_mixin.py:188} INFO - [2026-04-01T04:59:55.334+0530] {dagbag.py:540} INFO - Filling up the DagBag from /Users/aswin/Documents/data-engineering-practice/ETL_Airflow_DBT/airflow/airflow_env/lib/python3.11/site-packages/airflow/example_dags/example_display_name.py
[2026-04-01T04:59:55.349+0530] {processor.py:840} INFO - DAG(s) 'example_display_name' retrieved from /Users/aswin/Documents/data-engineering-practice/ETL_Airflow_DBT/airflow/airflow_env/lib/python3.11/site-packages/airflow/example_dags/example_display_name.py
[2026-04-01T04:59:55.378+0530] {logging_mixin.py:188} INFO - [2026-04-01T04:59:55.377+0530] {dag.py:3096} INFO - Sync 1 DAGs
[2026-04-01T04:59:55.380+0530] {logging_mixin.py:188} INFO - [2026-04-01T04:59:55.380+0530] {dag.py:3954} INFO - Setting next_dagrun for example_display_name to None, run_after=None
[2026-04-01T04:59:55.387+0530] {processor.py:183} INFO - Processing /Users/aswin/Documents/data-engineering-practice/ETL_Airflow_DBT/airflow/airflow_env/lib/python3.11/site-packages/airflow/example_dags/example_display_name.py took 0.054 seconds
[2026-04-01T05:01:40.881+0530] {processor.py:161} INFO - Started process (PID=72473) to work on /Users/aswin/Documents/data-engineering-practice/ETL_Airflow_DBT/airflow/airflow_env/lib/python3.11/site-packages/airflow/example_dags/example_display_name.py
[2026-04-01T05:01:40.881+0530] {processor.py:830} INFO - Processing file /Users/aswin/Documents/data-engineering-practice/ETL_Airflow_DBT/airflow/airflow_env/lib/python3.11/site-packages/airflow/example_dags/example_display_name.py for tasks to queue
[2026-04-01T05:01:40.881+0530] {logging_mixin.py:188} INFO - [2026-04-01T05:01:40.881+0530] {dagbag.py:540} INFO - Filling up the DagBag from /Users/aswin/Documents/data-engineering-practice/ETL_Airflow_DBT/airflow/airflow_env/lib/python3.11/site-packages/airflow/example_dags/example_display_name.py
[2026-04-01T05:01:40.895+0530] {processor.py:840} INFO - DAG(s) 'example_display_name' retrieved from /Users/aswin/Documents/data-engineering-practice/ETL_Airflow_DBT/airflow/airflow_env/lib/python3.11/site-packages/airflow/example_dags/example_display_name.py
[2026-04-01T05:01:40.924+0530] {logging_mixin.py:188} INFO - [2026-04-01T05:01:40.924+0530] {dag.py:3096} INFO - Sync 1 DAGs
[2026-04-01T05:01:40.926+0530] {logging_mixin.py:188} INFO - [2026-04-01T05:01:40.926+0530] {dag.py:3954} INFO - Setting next_dagrun for example_display_name to None, run_after=None
[2026-04-01T05:01:40.933+0530] {processor.py:183} INFO - Processing /Users/aswin/Documents/data-engineering-practice/ETL_Airflow_DBT/airflow/airflow_env/lib/python3.11/site-packages/airflow/example_dags/example_display_name.py took 0.053 seconds
[2026-04-01T05:03:40.064+0530] {processor.py:161} INFO - Started process (PID=72557) to work on /Users/aswin/Documents/data-engineering-practice/ETL_Airflow_DBT/airflow/airflow_env/lib/python3.11/site-packages/airflow/example_dags/example_display_name.py
[2026-04-01T05:03:40.065+0530] {processor.py:830} INFO - Processing file /Users/aswin/Documents/data-engineering-practice/ETL_Airflow_DBT/airflow/airflow_env/lib/python3.11/site-packages/airflow/example_dags/example_display_name.py for tasks to queue
[2026-04-01T05:03:40.065+0530] {logging_mixin.py:188} INFO - [2026-04-01T05:03:40.065+0530] {dagbag.py:540} INFO - Filling up the DagBag from /Users/aswin/Documents/data-engineering-practice/ETL_Airflow_DBT/airflow/airflow_env/lib/python3.11/site-packages/airflow/example_dags/example_display_name.py
[2026-04-01T05:03:40.080+0530] {processor.py:840} INFO - DAG(s) 'example_display_name' retrieved from /Users/aswin/Documents/data-engineering-practice/ETL_Airflow_DBT/airflow/airflow_env/lib/python3.11/site-packages/airflow/example_dags/example_display_name.py
[2026-04-01T05:03:40.110+0530] {logging_mixin.py:188} INFO - [2026-04-01T05:03:40.110+0530] {dag.py:3096} INFO - Sync 1 DAGs
[2026-04-01T05:03:40.114+0530] {logging_mixin.py:188} INFO - [2026-04-01T05:03:40.114+0530] {dag.py:3954} INFO - Setting next_dagrun for example_display_name to None, run_after=None
[2026-04-01T05:03:40.120+0530] {processor.py:183} INFO - Processing /Users/aswin/Documents/data-engineering-practice/ETL_Airflow_DBT/airflow/airflow_env/lib/python3.11/site-packages/airflow/example_dags/example_display_name.py took 0.057 seconds
[2026-04-01T05:05:33.511+0530] {processor.py:161} INFO - Started process (PID=72644) to work on /Users/aswin/Documents/data-engineering-practice/ETL_Airflow_DBT/airflow/airflow_env/lib/python3.11/site-packages/airflow/example_dags/example_display_name.py
[2026-04-01T05:05:33.512+0530] {processor.py:830} INFO - Processing file /Users/aswin/Documents/data-engineering-practice/ETL_Airflow_DBT/airflow/airflow_env/lib/python3.11/site-packages/airflow/example_dags/example_display_name.py for tasks to queue
[2026-04-01T05:05:33.512+0530] {logging_mixin.py:188} INFO - [2026-04-01T05:05:33.512+0530] {dagbag.py:540} INFO - Filling up the DagBag from /Users/aswin/Documents/data-engineering-practice/ETL_Airflow_DBT/airflow/airflow_env/lib/python3.11/site-packages/airflow/example_dags/example_display_name.py
[2026-04-01T05:05:33.526+0530] {processor.py:840} INFO - DAG(s) 'example_display_name' retrieved from /Users/aswin/Documents/data-engineering-practice/ETL_Airflow_DBT/airflow/airflow_env/lib/python3.11/site-packages/airflow/example_dags/example_display_name.py
[2026-04-01T05:05:33.555+0530] {logging_mixin.py:188} INFO - [2026-04-01T05:05:33.554+0530] {dag.py:3096} INFO - Sync 1 DAGs
[2026-04-01T05:05:33.557+0530] {logging_mixin.py:188} INFO - [2026-04-01T05:05:33.557+0530] {dag.py:3954} INFO - Setting next_dagrun for example_display_name to None, run_after=None
[2026-04-01T05:05:33.563+0530] {processor.py:183} INFO - Processing /Users/aswin/Documents/data-engineering-practice/ETL_Airflow_DBT/airflow/airflow_env/lib/python3.11/site-packages/airflow/example_dags/example_display_name.py took 0.053 seconds
[2026-04-01T05:19:40.297+0530] {processor.py:161} INFO - Started process (PID=72836) to work on /Users/aswin/Documents/data-engineering-practice/ETL_Airflow_DBT/airflow/airflow_env/lib/python3.11/site-packages/airflow/example_dags/example_display_name.py
[2026-04-01T05:19:40.298+0530] {processor.py:830} INFO - Processing file /Users/aswin/Documents/data-engineering-practice/ETL_Airflow_DBT/airflow/airflow_env/lib/python3.11/site-packages/airflow/example_dags/example_display_name.py for tasks to queue
[2026-04-01T05:19:40.299+0530] {logging_mixin.py:188} INFO - [2026-04-01T05:19:40.299+0530] {dagbag.py:540} INFO - Filling up the DagBag from /Users/aswin/Documents/data-engineering-practice/ETL_Airflow_DBT/airflow/airflow_env/lib/python3.11/site-packages/airflow/example_dags/example_display_name.py
[2026-04-01T05:19:40.313+0530] {processor.py:840} INFO - DAG(s) 'example_display_name' retrieved from /Users/aswin/Documents/data-engineering-practice/ETL_Airflow_DBT/airflow/airflow_env/lib/python3.11/site-packages/airflow/example_dags/example_display_name.py
[2026-04-01T05:19:40.341+0530] {logging_mixin.py:188} INFO - [2026-04-01T05:19:40.341+0530] {dag.py:3096} INFO - Sync 1 DAGs
[2026-04-01T05:19:40.344+0530] {logging_mixin.py:188} INFO - [2026-04-01T05:19:40.344+0530] {dag.py:3954} INFO - Setting next_dagrun for example_display_name to None, run_after=None
[2026-04-01T05:19:40.350+0530] {processor.py:183} INFO - Processing /Users/aswin/Documents/data-engineering-practice/ETL_Airflow_DBT/airflow/airflow_env/lib/python3.11/site-packages/airflow/example_dags/example_display_name.py took 0.053 seconds
[2026-04-01T05:21:37.237+0530] {processor.py:161} INFO - Started process (PID=72926) to work on /Users/aswin/Documents/data-engineering-practice/ETL_Airflow_DBT/airflow/airflow_env/lib/python3.11/site-packages/airflow/example_dags/example_display_name.py
[2026-04-01T05:21:37.238+0530] {processor.py:830} INFO - Processing file /Users/aswin/Documents/data-engineering-practice/ETL_Airflow_DBT/airflow/airflow_env/lib/python3.11/site-packages/airflow/example_dags/example_display_name.py for tasks to queue
[2026-04-01T05:21:37.238+0530] {logging_mixin.py:188} INFO - [2026-04-01T05:21:37.238+0530] {dagbag.py:540} INFO - Filling up the DagBag from /Users/aswin/Documents/data-engineering-practice/ETL_Airflow_DBT/airflow/airflow_env/lib/python3.11/site-packages/airflow/example_dags/example_display_name.py
[2026-04-01T05:21:37.253+0530] {processor.py:840} INFO - DAG(s) 'example_display_name' retrieved from /Users/aswin/Documents/data-engineering-practice/ETL_Airflow_DBT/airflow/airflow_env/lib/python3.11/site-packages/airflow/example_dags/example_display_name.py
[2026-04-01T05:21:37.282+0530] {logging_mixin.py:188} INFO - [2026-04-01T05:21:37.282+0530] {dag.py:3096} INFO - Sync 1 DAGs
[2026-04-01T05:21:37.285+0530] {logging_mixin.py:188} INFO - [2026-04-01T05:21:37.285+0530] {dag.py:3954} INFO - Setting next_dagrun for example_display_name to None, run_after=None
[2026-04-01T05:21:37.290+0530] {processor.py:183} INFO - Processing /Users/aswin/Documents/data-engineering-practice/ETL_Airflow_DBT/airflow/airflow_env/lib/python3.11/site-packages/airflow/example_dags/example_display_name.py took 0.054 seconds
[2026-04-01T05:23:26.235+0530] {processor.py:161} INFO - Started process (PID=73025) to work on /Users/aswin/Documents/data-engineering-practice/ETL_Airflow_DBT/airflow/airflow_env/lib/python3.11/site-packages/airflow/example_dags/example_display_name.py
[2026-04-01T05:23:26.236+0530] {processor.py:830} INFO - Processing file /Users/aswin/Documents/data-engineering-practice/ETL_Airflow_DBT/airflow/airflow_env/lib/python3.11/site-packages/airflow/example_dags/example_display_name.py for tasks to queue
[2026-04-01T05:23:26.237+0530] {logging_mixin.py:188} INFO - [2026-04-01T05:23:26.237+0530] {dagbag.py:540} INFO - Filling up the DagBag from /Users/aswin/Documents/data-engineering-practice/ETL_Airflow_DBT/airflow/airflow_env/lib/python3.11/site-packages/airflow/example_dags/example_display_name.py
[2026-04-01T05:23:26.253+0530] {processor.py:840} INFO - DAG(s) 'example_display_name' retrieved from /Users/aswin/Documents/data-engineering-practice/ETL_Airflow_DBT/airflow/airflow_env/lib/python3.11/site-packages/airflow/example_dags/example_display_name.py
[2026-04-01T05:23:26.286+0530] {logging_mixin.py:188} INFO - [2026-04-01T05:23:26.286+0530] {dag.py:3096} INFO - Sync 1 DAGs
[2026-04-01T05:23:26.290+0530] {logging_mixin.py:188} INFO - [2026-04-01T05:23:26.290+0530] {dag.py:3954} INFO - Setting next_dagrun for example_display_name to None, run_after=None
[2026-04-01T05:23:26.296+0530] {processor.py:183} INFO - Processing /Users/aswin/Documents/data-engineering-practice/ETL_Airflow_DBT/airflow/airflow_env/lib/python3.11/site-packages/airflow/example_dags/example_display_name.py took 0.062 seconds
[2026-04-01T05:25:22.559+0530] {processor.py:161} INFO - Started process (PID=73109) to work on /Users/aswin/Documents/data-engineering-practice/ETL_Airflow_DBT/airflow/airflow_env/lib/python3.11/site-packages/airflow/example_dags/example_display_name.py
[2026-04-01T05:25:22.560+0530] {processor.py:830} INFO - Processing file /Users/aswin/Documents/data-engineering-practice/ETL_Airflow_DBT/airflow/airflow_env/lib/python3.11/site-packages/airflow/example_dags/example_display_name.py for tasks to queue
[2026-04-01T05:25:22.560+0530] {logging_mixin.py:188} INFO - [2026-04-01T05:25:22.560+0530] {dagbag.py:540} INFO - Filling up the DagBag from /Users/aswin/Documents/data-engineering-practice/ETL_Airflow_DBT/airflow/airflow_env/lib/python3.11/site-packages/airflow/example_dags/example_display_name.py
[2026-04-01T05:25:22.575+0530] {processor.py:840} INFO - DAG(s) 'example_display_name' retrieved from /Users/aswin/Documents/data-engineering-practice/ETL_Airflow_DBT/airflow/airflow_env/lib/python3.11/site-packages/airflow/example_dags/example_display_name.py
[2026-04-01T05:25:22.604+0530] {logging_mixin.py:188} INFO - [2026-04-01T05:25:22.603+0530] {dag.py:3096} INFO - Sync 1 DAGs
[2026-04-01T05:25:22.606+0530] {logging_mixin.py:188} INFO - [2026-04-01T05:25:22.606+0530] {dag.py:3954} INFO - Setting next_dagrun for example_display_name to None, run_after=None
[2026-04-01T05:25:22.612+0530] {processor.py:183} INFO - Processing /Users/aswin/Documents/data-engineering-practice/ETL_Airflow_DBT/airflow/airflow_env/lib/python3.11/site-packages/airflow/example_dags/example_display_name.py took 0.054 seconds
[2026-04-01T05:27:16.382+0530] {processor.py:161} INFO - Started process (PID=73194) to work on /Users/aswin/Documents/data-engineering-practice/ETL_Airflow_DBT/airflow/airflow_env/lib/python3.11/site-packages/airflow/example_dags/example_display_name.py
[2026-04-01T05:27:16.383+0530] {processor.py:830} INFO - Processing file /Users/aswin/Documents/data-engineering-practice/ETL_Airflow_DBT/airflow/airflow_env/lib/python3.11/site-packages/airflow/example_dags/example_display_name.py for tasks to queue
[2026-04-01T05:27:16.383+0530] {logging_mixin.py:188} INFO - [2026-04-01T05:27:16.383+0530] {dagbag.py:540} INFO - Filling up the DagBag from /Users/aswin/Documents/data-engineering-practice/ETL_Airflow_DBT/airflow/airflow_env/lib/python3.11/site-packages/airflow/example_dags/example_display_name.py
[2026-04-01T05:27:16.398+0530] {processor.py:840} INFO - DAG(s) 'example_display_name' retrieved from /Users/aswin/Documents/data-engineering-practice/ETL_Airflow_DBT/airflow/airflow_env/lib/python3.11/site-packages/airflow/example_dags/example_display_name.py
[2026-04-01T05:27:16.426+0530] {logging_mixin.py:188} INFO - [2026-04-01T05:27:16.426+0530] {dag.py:3096} INFO - Sync 1 DAGs
[2026-04-01T05:27:16.429+0530] {logging_mixin.py:188} INFO - [2026-04-01T05:27:16.429+0530] {dag.py:3954} INFO - Setting next_dagrun for example_display_name to None, run_after=None
[2026-04-01T05:27:16.435+0530] {processor.py:183} INFO - Processing /Users/aswin/Documents/data-engineering-practice/ETL_Airflow_DBT/airflow/airflow_env/lib/python3.11/site-packages/airflow/example_dags/example_display_name.py took 0.054 seconds
[2026-04-01T05:29:17.190+0530] {processor.py:161} INFO - Started process (PID=73293) to work on /Users/aswin/Documents/data-engineering-practice/ETL_Airflow_DBT/airflow/airflow_env/lib/python3.11/site-packages/airflow/example_dags/example_display_name.py
[2026-04-01T05:29:17.191+0530] {processor.py:830} INFO - Processing file /Users/aswin/Documents/data-engineering-practice/ETL_Airflow_DBT/airflow/airflow_env/lib/python3.11/site-packages/airflow/example_dags/example_display_name.py for tasks to queue
[2026-04-01T05:29:17.191+0530] {logging_mixin.py:188} INFO - [2026-04-01T05:29:17.191+0530] {dagbag.py:540} INFO - Filling up the DagBag from /Users/aswin/Documents/data-engineering-practice/ETL_Airflow_DBT/airflow/airflow_env/lib/python3.11/site-packages/airflow/example_dags/example_display_name.py
[2026-04-01T05:29:17.206+0530] {processor.py:840} INFO - DAG(s) 'example_display_name' retrieved from /Users/aswin/Documents/data-engineering-practice/ETL_Airflow_DBT/airflow/airflow_env/lib/python3.11/site-packages/airflow/example_dags/example_display_name.py
[2026-04-01T05:29:17.238+0530] {logging_mixin.py:188} INFO - [2026-04-01T05:29:17.238+0530] {dag.py:3096} INFO - Sync 1 DAGs
[2026-04-01T05:29:17.241+0530] {logging_mixin.py:188} INFO - [2026-04-01T05:29:17.241+0530] {dag.py:3954} INFO - Setting next_dagrun for example_display_name to None, run_after=None
[2026-04-01T05:29:17.247+0530] {processor.py:183} INFO - Processing /Users/aswin/Documents/data-engineering-practice/ETL_Airflow_DBT/airflow/airflow_env/lib/python3.11/site-packages/airflow/example_dags/example_display_name.py took 0.058 seconds
