[2026-04-01T04:48:32.707+0530] {processor.py:161} INFO - Started process (PID=71733) to work on /Users/aswin/Documents/data-engineering-practice/ETL_Airflow_DBT/airflow/airflow_env/lib/python3.11/site-packages/airflow/example_dags/example_sla_dag.py
[2026-04-01T04:48:32.708+0530] {processor.py:830} INFO - Processing file /Users/aswin/Documents/data-engineering-practice/ETL_Airflow_DBT/airflow/airflow_env/lib/python3.11/site-packages/airflow/example_dags/example_sla_dag.py for tasks to queue
[2026-04-01T04:48:32.708+0530] {logging_mixin.py:188} INFO - [2026-04-01T04:48:32.708+0530] {dagbag.py:540} INFO - Filling up the DagBag from /Users/aswin/Documents/data-engineering-practice/ETL_Airflow_DBT/airflow/airflow_env/lib/python3.11/site-packages/airflow/example_dags/example_sla_dag.py
[2026-04-01T04:48:32.723+0530] {processor.py:840} INFO - DAG(s) 'example_sla_dag' retrieved from /Users/aswin/Documents/data-engineering-practice/ETL_Airflow_DBT/airflow/airflow_env/lib/python3.11/site-packages/airflow/example_dags/example_sla_dag.py
[2026-04-01T04:48:32.779+0530] {logging_mixin.py:188} INFO - [2026-04-01T04:48:32.779+0530] {override.py:1829} INFO - Created Permission View: can edit on DAG:example_sla_dag
[2026-04-01T04:48:32.782+0530] {logging_mixin.py:188} INFO - [2026-04-01T04:48:32.782+0530] {override.py:1829} INFO - Created Permission View: can delete on DAG:example_sla_dag
[2026-04-01T04:48:32.784+0530] {logging_mixin.py:188} INFO - [2026-04-01T04:48:32.784+0530] {override.py:1829} INFO - Created Permission View: can read on DAG:example_sla_dag
[2026-04-01T04:48:32.784+0530] {logging_mixin.py:188} INFO - [2026-04-01T04:48:32.784+0530] {dag.py:3096} INFO - Sync 1 DAGs
[2026-04-01T04:48:32.807+0530] {logging_mixin.py:188} INFO - [2026-04-01T04:48:32.807+0530] {dag.py:3118} INFO - Creating ORM DAG for example_sla_dag
[2026-04-01T04:48:32.811+0530] {logging_mixin.py:188} INFO - [2026-04-01T04:48:32.811+0530] {dag.py:3954} INFO - Setting next_dagrun for example_sla_dag to 2026-03-31 23:16:00+00:00, run_after=2026-03-31 23:18:00+00:00
[2026-04-01T04:48:32.817+0530] {processor.py:183} INFO - Processing /Users/aswin/Documents/data-engineering-practice/ETL_Airflow_DBT/airflow/airflow_env/lib/python3.11/site-packages/airflow/example_dags/example_sla_dag.py took 0.110 seconds
[2026-04-01T04:50:02.924+0530] {processor.py:161} INFO - Started process (PID=71798) to work on /Users/aswin/Documents/data-engineering-practice/ETL_Airflow_DBT/airflow/airflow_env/lib/python3.11/site-packages/airflow/example_dags/example_sla_dag.py
[2026-04-01T04:50:02.925+0530] {processor.py:830} INFO - Processing file /Users/aswin/Documents/data-engineering-practice/ETL_Airflow_DBT/airflow/airflow_env/lib/python3.11/site-packages/airflow/example_dags/example_sla_dag.py for tasks to queue
[2026-04-01T04:50:02.925+0530] {logging_mixin.py:188} INFO - [2026-04-01T04:50:02.925+0530] {dagbag.py:540} INFO - Filling up the DagBag from /Users/aswin/Documents/data-engineering-practice/ETL_Airflow_DBT/airflow/airflow_env/lib/python3.11/site-packages/airflow/example_dags/example_sla_dag.py
[2026-04-01T04:50:02.940+0530] {processor.py:840} INFO - DAG(s) 'example_sla_dag' retrieved from /Users/aswin/Documents/data-engineering-practice/ETL_Airflow_DBT/airflow/airflow_env/lib/python3.11/site-packages/airflow/example_dags/example_sla_dag.py
[2026-04-01T04:50:02.968+0530] {logging_mixin.py:188} INFO - [2026-04-01T04:50:02.968+0530] {dag.py:3096} INFO - Sync 1 DAGs
[2026-04-01T04:50:02.974+0530] {logging_mixin.py:188} INFO - [2026-04-01T04:50:02.974+0530] {dag.py:3954} INFO - Setting next_dagrun for example_sla_dag to 2026-03-31 23:18:00+00:00, run_after=2026-03-31 23:20:00+00:00
[2026-04-01T04:50:02.980+0530] {processor.py:183} INFO - Processing /Users/aswin/Documents/data-engineering-practice/ETL_Airflow_DBT/airflow/airflow_env/lib/python3.11/site-packages/airflow/example_dags/example_sla_dag.py took 0.057 seconds
[2026-04-01T04:51:49.351+0530] {processor.py:161} INFO - Started process (PID=71884) to work on /Users/aswin/Documents/data-engineering-practice/ETL_Airflow_DBT/airflow/airflow_env/lib/python3.11/site-packages/airflow/example_dags/example_sla_dag.py
[2026-04-01T04:51:49.352+0530] {processor.py:830} INFO - Processing file /Users/aswin/Documents/data-engineering-practice/ETL_Airflow_DBT/airflow/airflow_env/lib/python3.11/site-packages/airflow/example_dags/example_sla_dag.py for tasks to queue
[2026-04-01T04:51:49.352+0530] {logging_mixin.py:188} INFO - [2026-04-01T04:51:49.352+0530] {dagbag.py:540} INFO - Filling up the DagBag from /Users/aswin/Documents/data-engineering-practice/ETL_Airflow_DBT/airflow/airflow_env/lib/python3.11/site-packages/airflow/example_dags/example_sla_dag.py
[2026-04-01T04:51:49.367+0530] {processor.py:840} INFO - DAG(s) 'example_sla_dag' retrieved from /Users/aswin/Documents/data-engineering-practice/ETL_Airflow_DBT/airflow/airflow_env/lib/python3.11/site-packages/airflow/example_dags/example_sla_dag.py
[2026-04-01T04:51:49.396+0530] {logging_mixin.py:188} INFO - [2026-04-01T04:51:49.396+0530] {dag.py:3096} INFO - Sync 1 DAGs
[2026-04-01T04:51:49.402+0530] {logging_mixin.py:188} INFO - [2026-04-01T04:51:49.402+0530] {dag.py:3954} INFO - Setting next_dagrun for example_sla_dag to 2026-03-31 23:18:00+00:00, run_after=2026-03-31 23:20:00+00:00
[2026-04-01T04:51:49.408+0530] {processor.py:183} INFO - Processing /Users/aswin/Documents/data-engineering-practice/ETL_Airflow_DBT/airflow/airflow_env/lib/python3.11/site-packages/airflow/example_dags/example_sla_dag.py took 0.058 seconds
[2026-04-01T04:53:34.327+0530] {processor.py:161} INFO - Started process (PID=71963) to work on /Users/aswin/Documents/data-engineering-practice/ETL_Airflow_DBT/airflow/airflow_env/lib/python3.11/site-packages/airflow/example_dags/example_sla_dag.py
[2026-04-01T04:53:34.328+0530] {processor.py:830} INFO - Processing file /Users/aswin/Documents/data-engineering-practice/ETL_Airflow_DBT/airflow/airflow_env/lib/python3.11/site-packages/airflow/example_dags/example_sla_dag.py for tasks to queue
[2026-04-01T04:53:34.328+0530] {logging_mixin.py:188} INFO - [2026-04-01T04:53:34.328+0530] {dagbag.py:540} INFO - Filling up the DagBag from /Users/aswin/Documents/data-engineering-practice/ETL_Airflow_DBT/airflow/airflow_env/lib/python3.11/site-packages/airflow/example_dags/example_sla_dag.py
[2026-04-01T04:53:34.343+0530] {processor.py:840} INFO - DAG(s) 'example_sla_dag' retrieved from /Users/aswin/Documents/data-engineering-practice/ETL_Airflow_DBT/airflow/airflow_env/lib/python3.11/site-packages/airflow/example_dags/example_sla_dag.py
[2026-04-01T04:53:34.371+0530] {logging_mixin.py:188} INFO - [2026-04-01T04:53:34.371+0530] {dag.py:3096} INFO - Sync 1 DAGs
[2026-04-01T04:53:34.377+0530] {logging_mixin.py:188} INFO - [2026-04-01T04:53:34.377+0530] {dag.py:3954} INFO - Setting next_dagrun for example_sla_dag to 2026-03-31 23:20:00+00:00, run_after=2026-03-31 23:22:00+00:00
[2026-04-01T04:53:34.383+0530] {processor.py:183} INFO - Processing /Users/aswin/Documents/data-engineering-practice/ETL_Airflow_DBT/airflow/airflow_env/lib/python3.11/site-packages/airflow/example_dags/example_sla_dag.py took 0.057 seconds
[2026-04-01T04:55:13.748+0530] {processor.py:161} INFO - Started process (PID=72039) to work on /Users/aswin/Documents/data-engineering-practice/ETL_Airflow_DBT/airflow/airflow_env/lib/python3.11/site-packages/airflow/example_dags/example_sla_dag.py
[2026-04-01T04:55:13.749+0530] {processor.py:830} INFO - Processing file /Users/aswin/Documents/data-engineering-practice/ETL_Airflow_DBT/airflow/airflow_env/lib/python3.11/site-packages/airflow/example_dags/example_sla_dag.py for tasks to queue
[2026-04-01T04:55:13.749+0530] {logging_mixin.py:188} INFO - [2026-04-01T04:55:13.749+0530] {dagbag.py:540} INFO - Filling up the DagBag from /Users/aswin/Documents/data-engineering-practice/ETL_Airflow_DBT/airflow/airflow_env/lib/python3.11/site-packages/airflow/example_dags/example_sla_dag.py
[2026-04-01T04:55:13.764+0530] {processor.py:840} INFO - DAG(s) 'example_sla_dag' retrieved from /Users/aswin/Documents/data-engineering-practice/ETL_Airflow_DBT/airflow/airflow_env/lib/python3.11/site-packages/airflow/example_dags/example_sla_dag.py
[2026-04-01T04:55:13.795+0530] {logging_mixin.py:188} INFO - [2026-04-01T04:55:13.795+0530] {dag.py:3096} INFO - Sync 1 DAGs
[2026-04-01T04:55:13.802+0530] {logging_mixin.py:188} INFO - [2026-04-01T04:55:13.802+0530] {dag.py:3954} INFO - Setting next_dagrun for example_sla_dag to 2026-03-31 23:22:00+00:00, run_after=2026-03-31 23:24:00+00:00
[2026-04-01T04:55:13.808+0530] {processor.py:183} INFO - Processing /Users/aswin/Documents/data-engineering-practice/ETL_Airflow_DBT/airflow/airflow_env/lib/python3.11/site-packages/airflow/example_dags/example_sla_dag.py took 0.061 seconds
[2026-04-01T04:57:01.308+0530] {processor.py:161} INFO - Started process (PID=72128) to work on /Users/aswin/Documents/data-engineering-practice/ETL_Airflow_DBT/airflow/airflow_env/lib/python3.11/site-packages/airflow/example_dags/example_sla_dag.py
[2026-04-01T04:57:01.309+0530] {processor.py:830} INFO - Processing file /Users/aswin/Documents/data-engineering-practice/ETL_Airflow_DBT/airflow/airflow_env/lib/python3.11/site-packages/airflow/example_dags/example_sla_dag.py for tasks to queue
[2026-04-01T04:57:01.310+0530] {logging_mixin.py:188} INFO - [2026-04-01T04:57:01.309+0530] {dagbag.py:540} INFO - Filling up the DagBag from /Users/aswin/Documents/data-engineering-practice/ETL_Airflow_DBT/airflow/airflow_env/lib/python3.11/site-packages/airflow/example_dags/example_sla_dag.py
[2026-04-01T04:57:01.324+0530] {processor.py:840} INFO - DAG(s) 'example_sla_dag' retrieved from /Users/aswin/Documents/data-engineering-practice/ETL_Airflow_DBT/airflow/airflow_env/lib/python3.11/site-packages/airflow/example_dags/example_sla_dag.py
[2026-04-01T04:57:01.353+0530] {logging_mixin.py:188} INFO - [2026-04-01T04:57:01.353+0530] {dag.py:3096} INFO - Sync 1 DAGs
[2026-04-01T04:57:01.359+0530] {logging_mixin.py:188} INFO - [2026-04-01T04:57:01.359+0530] {dag.py:3954} INFO - Setting next_dagrun for example_sla_dag to 2026-03-31 23:24:00+00:00, run_after=2026-03-31 23:26:00+00:00
[2026-04-01T04:57:01.365+0530] {processor.py:183} INFO - Processing /Users/aswin/Documents/data-engineering-practice/ETL_Airflow_DBT/airflow/airflow_env/lib/python3.11/site-packages/airflow/example_dags/example_sla_dag.py took 0.057 seconds
[2026-04-01T04:58:51.829+0530] {processor.py:161} INFO - Started process (PID=72348) to work on /Users/aswin/Documents/data-engineering-practice/ETL_Airflow_DBT/airflow/airflow_env/lib/python3.11/site-packages/airflow/example_dags/example_sla_dag.py
[2026-04-01T04:58:51.830+0530] {processor.py:830} INFO - Processing file /Users/aswin/Documents/data-engineering-practice/ETL_Airflow_DBT/airflow/airflow_env/lib/python3.11/site-packages/airflow/example_dags/example_sla_dag.py for tasks to queue
[2026-04-01T04:58:51.830+0530] {logging_mixin.py:188} INFO - [2026-04-01T04:58:51.830+0530] {dagbag.py:540} INFO - Filling up the DagBag from /Users/aswin/Documents/data-engineering-practice/ETL_Airflow_DBT/airflow/airflow_env/lib/python3.11/site-packages/airflow/example_dags/example_sla_dag.py
[2026-04-01T04:58:51.845+0530] {processor.py:840} INFO - DAG(s) 'example_sla_dag' retrieved from /Users/aswin/Documents/data-engineering-practice/ETL_Airflow_DBT/airflow/airflow_env/lib/python3.11/site-packages/airflow/example_dags/example_sla_dag.py
[2026-04-01T04:58:51.874+0530] {logging_mixin.py:188} INFO - [2026-04-01T04:58:51.873+0530] {dag.py:3096} INFO - Sync 1 DAGs
[2026-04-01T04:58:51.879+0530] {logging_mixin.py:188} INFO - [2026-04-01T04:58:51.879+0530] {dag.py:3954} INFO - Setting next_dagrun for example_sla_dag to 2026-03-31 23:26:00+00:00, run_after=2026-03-31 23:28:00+00:00
[2026-04-01T04:58:51.885+0530] {processor.py:183} INFO - Processing /Users/aswin/Documents/data-engineering-practice/ETL_Airflow_DBT/airflow/airflow_env/lib/python3.11/site-packages/airflow/example_dags/example_sla_dag.py took 0.057 seconds
[2026-04-01T05:00:44.939+0530] {processor.py:161} INFO - Started process (PID=72433) to work on /Users/aswin/Documents/data-engineering-practice/ETL_Airflow_DBT/airflow/airflow_env/lib/python3.11/site-packages/airflow/example_dags/example_sla_dag.py
[2026-04-01T05:00:44.939+0530] {processor.py:830} INFO - Processing file /Users/aswin/Documents/data-engineering-practice/ETL_Airflow_DBT/airflow/airflow_env/lib/python3.11/site-packages/airflow/example_dags/example_sla_dag.py for tasks to queue
[2026-04-01T05:00:44.939+0530] {logging_mixin.py:188} INFO - [2026-04-01T05:00:44.939+0530] {dagbag.py:540} INFO - Filling up the DagBag from /Users/aswin/Documents/data-engineering-practice/ETL_Airflow_DBT/airflow/airflow_env/lib/python3.11/site-packages/airflow/example_dags/example_sla_dag.py
[2026-04-01T05:00:44.955+0530] {processor.py:840} INFO - DAG(s) 'example_sla_dag' retrieved from /Users/aswin/Documents/data-engineering-practice/ETL_Airflow_DBT/airflow/airflow_env/lib/python3.11/site-packages/airflow/example_dags/example_sla_dag.py
[2026-04-01T05:00:44.983+0530] {logging_mixin.py:188} INFO - [2026-04-01T05:00:44.983+0530] {dag.py:3096} INFO - Sync 1 DAGs
[2026-04-01T05:00:44.989+0530] {logging_mixin.py:188} INFO - [2026-04-01T05:00:44.989+0530] {dag.py:3954} INFO - Setting next_dagrun for example_sla_dag to 2026-03-31 23:28:00+00:00, run_after=2026-03-31 23:30:00+00:00
[2026-04-01T05:00:44.995+0530] {processor.py:183} INFO - Processing /Users/aswin/Documents/data-engineering-practice/ETL_Airflow_DBT/airflow/airflow_env/lib/python3.11/site-packages/airflow/example_dags/example_sla_dag.py took 0.057 seconds
[2026-04-01T05:02:35.751+0530] {processor.py:161} INFO - Started process (PID=72511) to work on /Users/aswin/Documents/data-engineering-practice/ETL_Airflow_DBT/airflow/airflow_env/lib/python3.11/site-packages/airflow/example_dags/example_sla_dag.py
[2026-04-01T05:02:35.751+0530] {processor.py:830} INFO - Processing file /Users/aswin/Documents/data-engineering-practice/ETL_Airflow_DBT/airflow/airflow_env/lib/python3.11/site-packages/airflow/example_dags/example_sla_dag.py for tasks to queue
[2026-04-01T05:02:35.751+0530] {logging_mixin.py:188} INFO - [2026-04-01T05:02:35.751+0530] {dagbag.py:540} INFO - Filling up the DagBag from /Users/aswin/Documents/data-engineering-practice/ETL_Airflow_DBT/airflow/airflow_env/lib/python3.11/site-packages/airflow/example_dags/example_sla_dag.py
[2026-04-01T05:02:35.766+0530] {processor.py:840} INFO - DAG(s) 'example_sla_dag' retrieved from /Users/aswin/Documents/data-engineering-practice/ETL_Airflow_DBT/airflow/airflow_env/lib/python3.11/site-packages/airflow/example_dags/example_sla_dag.py
[2026-04-01T05:02:35.795+0530] {logging_mixin.py:188} INFO - [2026-04-01T05:02:35.795+0530] {dag.py:3096} INFO - Sync 1 DAGs
[2026-04-01T05:02:35.801+0530] {logging_mixin.py:188} INFO - [2026-04-01T05:02:35.801+0530] {dag.py:3954} INFO - Setting next_dagrun for example_sla_dag to 2026-03-31 23:30:00+00:00, run_after=2026-03-31 23:32:00+00:00
[2026-04-01T05:02:35.807+0530] {processor.py:183} INFO - Processing /Users/aswin/Documents/data-engineering-practice/ETL_Airflow_DBT/airflow/airflow_env/lib/python3.11/site-packages/airflow/example_dags/example_sla_dag.py took 0.057 seconds
[2026-04-01T05:04:36.084+0530] {processor.py:161} INFO - Started process (PID=72597) to work on /Users/aswin/Documents/data-engineering-practice/ETL_Airflow_DBT/airflow/airflow_env/lib/python3.11/site-packages/airflow/example_dags/example_sla_dag.py
[2026-04-01T05:04:36.085+0530] {processor.py:830} INFO - Processing file /Users/aswin/Documents/data-engineering-practice/ETL_Airflow_DBT/airflow/airflow_env/lib/python3.11/site-packages/airflow/example_dags/example_sla_dag.py for tasks to queue
[2026-04-01T05:04:36.086+0530] {logging_mixin.py:188} INFO - [2026-04-01T05:04:36.086+0530] {dagbag.py:540} INFO - Filling up the DagBag from /Users/aswin/Documents/data-engineering-practice/ETL_Airflow_DBT/airflow/airflow_env/lib/python3.11/site-packages/airflow/example_dags/example_sla_dag.py
[2026-04-01T05:04:36.101+0530] {processor.py:840} INFO - DAG(s) 'example_sla_dag' retrieved from /Users/aswin/Documents/data-engineering-practice/ETL_Airflow_DBT/airflow/airflow_env/lib/python3.11/site-packages/airflow/example_dags/example_sla_dag.py
[2026-04-01T05:04:36.130+0530] {logging_mixin.py:188} INFO - [2026-04-01T05:04:36.130+0530] {dag.py:3096} INFO - Sync 1 DAGs
[2026-04-01T05:04:36.136+0530] {logging_mixin.py:188} INFO - [2026-04-01T05:04:36.136+0530] {dag.py:3954} INFO - Setting next_dagrun for example_sla_dag to 2026-03-31 23:32:00+00:00, run_after=2026-03-31 23:34:00+00:00
[2026-04-01T05:04:36.142+0530] {processor.py:183} INFO - Processing /Users/aswin/Documents/data-engineering-practice/ETL_Airflow_DBT/airflow/airflow_env/lib/python3.11/site-packages/airflow/example_dags/example_sla_dag.py took 0.058 seconds
[2026-04-01T05:06:22.224+0530] {processor.py:161} INFO - Started process (PID=72687) to work on /Users/aswin/Documents/data-engineering-practice/ETL_Airflow_DBT/airflow/airflow_env/lib/python3.11/site-packages/airflow/example_dags/example_sla_dag.py
[2026-04-01T05:06:22.225+0530] {processor.py:830} INFO - Processing file /Users/aswin/Documents/data-engineering-practice/ETL_Airflow_DBT/airflow/airflow_env/lib/python3.11/site-packages/airflow/example_dags/example_sla_dag.py for tasks to queue
[2026-04-01T05:06:22.225+0530] {logging_mixin.py:188} INFO - [2026-04-01T05:06:22.225+0530] {dagbag.py:540} INFO - Filling up the DagBag from /Users/aswin/Documents/data-engineering-practice/ETL_Airflow_DBT/airflow/airflow_env/lib/python3.11/site-packages/airflow/example_dags/example_sla_dag.py
[2026-04-01T05:06:22.240+0530] {processor.py:840} INFO - DAG(s) 'example_sla_dag' retrieved from /Users/aswin/Documents/data-engineering-practice/ETL_Airflow_DBT/airflow/airflow_env/lib/python3.11/site-packages/airflow/example_dags/example_sla_dag.py
[2026-04-01T05:06:22.269+0530] {logging_mixin.py:188} INFO - [2026-04-01T05:06:22.269+0530] {dag.py:3096} INFO - Sync 1 DAGs
[2026-04-01T05:06:22.275+0530] {logging_mixin.py:188} INFO - [2026-04-01T05:06:22.275+0530] {dag.py:3954} INFO - Setting next_dagrun for example_sla_dag to 2026-03-31 23:34:00+00:00, run_after=2026-03-31 23:36:00+00:00
[2026-04-01T05:06:22.281+0530] {processor.py:183} INFO - Processing /Users/aswin/Documents/data-engineering-practice/ETL_Airflow_DBT/airflow/airflow_env/lib/python3.11/site-packages/airflow/example_dags/example_sla_dag.py took 0.058 seconds
[2026-04-01T05:19:04.947+0530] {processor.py:161} INFO - Started process (PID=72812) to work on /Users/aswin/Documents/data-engineering-practice/ETL_Airflow_DBT/airflow/airflow_env/lib/python3.11/site-packages/airflow/example_dags/example_sla_dag.py
[2026-04-01T05:19:04.948+0530] {processor.py:830} INFO - Processing file /Users/aswin/Documents/data-engineering-practice/ETL_Airflow_DBT/airflow/airflow_env/lib/python3.11/site-packages/airflow/example_dags/example_sla_dag.py for tasks to queue
[2026-04-01T05:19:04.949+0530] {logging_mixin.py:188} INFO - [2026-04-01T05:19:04.949+0530] {dagbag.py:540} INFO - Filling up the DagBag from /Users/aswin/Documents/data-engineering-practice/ETL_Airflow_DBT/airflow/airflow_env/lib/python3.11/site-packages/airflow/example_dags/example_sla_dag.py
[2026-04-01T05:19:04.964+0530] {processor.py:840} INFO - DAG(s) 'example_sla_dag' retrieved from /Users/aswin/Documents/data-engineering-practice/ETL_Airflow_DBT/airflow/airflow_env/lib/python3.11/site-packages/airflow/example_dags/example_sla_dag.py
[2026-04-01T05:19:04.998+0530] {logging_mixin.py:188} INFO - [2026-04-01T05:19:04.998+0530] {dag.py:3096} INFO - Sync 1 DAGs
[2026-04-01T05:19:05.005+0530] {logging_mixin.py:188} INFO - [2026-04-01T05:19:05.005+0530] {dag.py:3954} INFO - Setting next_dagrun for example_sla_dag to 2026-03-31 23:46:00+00:00, run_after=2026-03-31 23:48:00+00:00
[2026-04-01T05:19:05.012+0530] {processor.py:183} INFO - Processing /Users/aswin/Documents/data-engineering-practice/ETL_Airflow_DBT/airflow/airflow_env/lib/python3.11/site-packages/airflow/example_dags/example_sla_dag.py took 0.066 seconds
[2026-04-01T05:20:35.745+0530] {processor.py:161} INFO - Started process (PID=72880) to work on /Users/aswin/Documents/data-engineering-practice/ETL_Airflow_DBT/airflow/airflow_env/lib/python3.11/site-packages/airflow/example_dags/example_sla_dag.py
[2026-04-01T05:20:35.746+0530] {processor.py:830} INFO - Processing file /Users/aswin/Documents/data-engineering-practice/ETL_Airflow_DBT/airflow/airflow_env/lib/python3.11/site-packages/airflow/example_dags/example_sla_dag.py for tasks to queue
[2026-04-01T05:20:35.746+0530] {logging_mixin.py:188} INFO - [2026-04-01T05:20:35.746+0530] {dagbag.py:540} INFO - Filling up the DagBag from /Users/aswin/Documents/data-engineering-practice/ETL_Airflow_DBT/airflow/airflow_env/lib/python3.11/site-packages/airflow/example_dags/example_sla_dag.py
[2026-04-01T05:20:35.762+0530] {processor.py:840} INFO - DAG(s) 'example_sla_dag' retrieved from /Users/aswin/Documents/data-engineering-practice/ETL_Airflow_DBT/airflow/airflow_env/lib/python3.11/site-packages/airflow/example_dags/example_sla_dag.py
[2026-04-01T05:20:35.791+0530] {logging_mixin.py:188} INFO - [2026-04-01T05:20:35.791+0530] {dag.py:3096} INFO - Sync 1 DAGs
[2026-04-01T05:20:35.797+0530] {logging_mixin.py:188} INFO - [2026-04-01T05:20:35.797+0530] {dag.py:3954} INFO - Setting next_dagrun for example_sla_dag to 2026-03-31 23:48:00+00:00, run_after=2026-03-31 23:50:00+00:00
[2026-04-01T05:20:35.803+0530] {processor.py:183} INFO - Processing /Users/aswin/Documents/data-engineering-practice/ETL_Airflow_DBT/airflow/airflow_env/lib/python3.11/site-packages/airflow/example_dags/example_sla_dag.py took 0.059 seconds
[2026-04-01T05:22:23.083+0530] {processor.py:161} INFO - Started process (PID=72971) to work on /Users/aswin/Documents/data-engineering-practice/ETL_Airflow_DBT/airflow/airflow_env/lib/python3.11/site-packages/airflow/example_dags/example_sla_dag.py
[2026-04-01T05:22:23.084+0530] {processor.py:830} INFO - Processing file /Users/aswin/Documents/data-engineering-practice/ETL_Airflow_DBT/airflow/airflow_env/lib/python3.11/site-packages/airflow/example_dags/example_sla_dag.py for tasks to queue
[2026-04-01T05:22:23.084+0530] {logging_mixin.py:188} INFO - [2026-04-01T05:22:23.084+0530] {dagbag.py:540} INFO - Filling up the DagBag from /Users/aswin/Documents/data-engineering-practice/ETL_Airflow_DBT/airflow/airflow_env/lib/python3.11/site-packages/airflow/example_dags/example_sla_dag.py
[2026-04-01T05:22:23.101+0530] {processor.py:840} INFO - DAG(s) 'example_sla_dag' retrieved from /Users/aswin/Documents/data-engineering-practice/ETL_Airflow_DBT/airflow/airflow_env/lib/python3.11/site-packages/airflow/example_dags/example_sla_dag.py
[2026-04-01T05:22:23.133+0530] {logging_mixin.py:188} INFO - [2026-04-01T05:22:23.133+0530] {dag.py:3096} INFO - Sync 1 DAGs
[2026-04-01T05:22:23.140+0530] {logging_mixin.py:188} INFO - [2026-04-01T05:22:23.140+0530] {dag.py:3954} INFO - Setting next_dagrun for example_sla_dag to 2026-03-31 23:50:00+00:00, run_after=2026-03-31 23:52:00+00:00
[2026-04-01T05:22:23.146+0530] {processor.py:183} INFO - Processing /Users/aswin/Documents/data-engineering-practice/ETL_Airflow_DBT/airflow/airflow_env/lib/python3.11/site-packages/airflow/example_dags/example_sla_dag.py took 0.064 seconds
[2026-04-01T05:24:22.674+0530] {processor.py:161} INFO - Started process (PID=73063) to work on /Users/aswin/Documents/data-engineering-practice/ETL_Airflow_DBT/airflow/airflow_env/lib/python3.11/site-packages/airflow/example_dags/example_sla_dag.py
[2026-04-01T05:24:22.675+0530] {processor.py:830} INFO - Processing file /Users/aswin/Documents/data-engineering-practice/ETL_Airflow_DBT/airflow/airflow_env/lib/python3.11/site-packages/airflow/example_dags/example_sla_dag.py for tasks to queue
[2026-04-01T05:24:22.675+0530] {logging_mixin.py:188} INFO - [2026-04-01T05:24:22.675+0530] {dagbag.py:540} INFO - Filling up the DagBag from /Users/aswin/Documents/data-engineering-practice/ETL_Airflow_DBT/airflow/airflow_env/lib/python3.11/site-packages/airflow/example_dags/example_sla_dag.py
[2026-04-01T05:24:22.691+0530] {processor.py:840} INFO - DAG(s) 'example_sla_dag' retrieved from /Users/aswin/Documents/data-engineering-practice/ETL_Airflow_DBT/airflow/airflow_env/lib/python3.11/site-packages/airflow/example_dags/example_sla_dag.py
[2026-04-01T05:24:22.720+0530] {logging_mixin.py:188} INFO - [2026-04-01T05:24:22.720+0530] {dag.py:3096} INFO - Sync 1 DAGs
[2026-04-01T05:24:22.727+0530] {logging_mixin.py:188} INFO - [2026-04-01T05:24:22.726+0530] {dag.py:3954} INFO - Setting next_dagrun for example_sla_dag to 2026-03-31 23:52:00+00:00, run_after=2026-03-31 23:54:00+00:00
[2026-04-01T05:24:22.732+0530] {processor.py:183} INFO - Processing /Users/aswin/Documents/data-engineering-practice/ETL_Airflow_DBT/airflow/airflow_env/lib/python3.11/site-packages/airflow/example_dags/example_sla_dag.py took 0.060 seconds
[2026-04-01T05:26:16.014+0530] {processor.py:161} INFO - Started process (PID=73147) to work on /Users/aswin/Documents/data-engineering-practice/ETL_Airflow_DBT/airflow/airflow_env/lib/python3.11/site-packages/airflow/example_dags/example_sla_dag.py
[2026-04-01T05:26:16.015+0530] {processor.py:830} INFO - Processing file /Users/aswin/Documents/data-engineering-practice/ETL_Airflow_DBT/airflow/airflow_env/lib/python3.11/site-packages/airflow/example_dags/example_sla_dag.py for tasks to queue
[2026-04-01T05:26:16.015+0530] {logging_mixin.py:188} INFO - [2026-04-01T05:26:16.015+0530] {dagbag.py:540} INFO - Filling up the DagBag from /Users/aswin/Documents/data-engineering-practice/ETL_Airflow_DBT/airflow/airflow_env/lib/python3.11/site-packages/airflow/example_dags/example_sla_dag.py
[2026-04-01T05:26:16.030+0530] {processor.py:840} INFO - DAG(s) 'example_sla_dag' retrieved from /Users/aswin/Documents/data-engineering-practice/ETL_Airflow_DBT/airflow/airflow_env/lib/python3.11/site-packages/airflow/example_dags/example_sla_dag.py
[2026-04-01T05:26:16.059+0530] {logging_mixin.py:188} INFO - [2026-04-01T05:26:16.059+0530] {dag.py:3096} INFO - Sync 1 DAGs
[2026-04-01T05:26:16.065+0530] {logging_mixin.py:188} INFO - [2026-04-01T05:26:16.065+0530] {dag.py:3954} INFO - Setting next_dagrun for example_sla_dag to 2026-03-31 23:54:00+00:00, run_after=2026-03-31 23:56:00+00:00
[2026-04-01T05:26:16.071+0530] {processor.py:183} INFO - Processing /Users/aswin/Documents/data-engineering-practice/ETL_Airflow_DBT/airflow/airflow_env/lib/python3.11/site-packages/airflow/example_dags/example_sla_dag.py took 0.057 seconds
[2026-04-01T05:28:03.478+0530] {processor.py:161} INFO - Started process (PID=73228) to work on /Users/aswin/Documents/data-engineering-practice/ETL_Airflow_DBT/airflow/airflow_env/lib/python3.11/site-packages/airflow/example_dags/example_sla_dag.py
[2026-04-01T05:28:03.478+0530] {processor.py:830} INFO - Processing file /Users/aswin/Documents/data-engineering-practice/ETL_Airflow_DBT/airflow/airflow_env/lib/python3.11/site-packages/airflow/example_dags/example_sla_dag.py for tasks to queue
[2026-04-01T05:28:03.479+0530] {logging_mixin.py:188} INFO - [2026-04-01T05:28:03.479+0530] {dagbag.py:540} INFO - Filling up the DagBag from /Users/aswin/Documents/data-engineering-practice/ETL_Airflow_DBT/airflow/airflow_env/lib/python3.11/site-packages/airflow/example_dags/example_sla_dag.py
[2026-04-01T05:28:03.494+0530] {processor.py:840} INFO - DAG(s) 'example_sla_dag' retrieved from /Users/aswin/Documents/data-engineering-practice/ETL_Airflow_DBT/airflow/airflow_env/lib/python3.11/site-packages/airflow/example_dags/example_sla_dag.py
[2026-04-01T05:28:03.524+0530] {logging_mixin.py:188} INFO - [2026-04-01T05:28:03.524+0530] {dag.py:3096} INFO - Sync 1 DAGs
[2026-04-01T05:28:03.531+0530] {logging_mixin.py:188} INFO - [2026-04-01T05:28:03.530+0530] {dag.py:3954} INFO - Setting next_dagrun for example_sla_dag to 2026-03-31 23:56:00+00:00, run_after=2026-03-31 23:58:00+00:00
[2026-04-01T05:28:03.538+0530] {processor.py:183} INFO - Processing /Users/aswin/Documents/data-engineering-practice/ETL_Airflow_DBT/airflow/airflow_env/lib/python3.11/site-packages/airflow/example_dags/example_sla_dag.py took 0.061 seconds
