[2026-04-01T04:48:29.182+0530] {processor.py:161} INFO - Started process (PID=71731) to work on /Users/aswin/Documents/data-engineering-practice/ETL_Airflow_DBT/airflow/airflow_env/lib/python3.11/site-packages/airflow/example_dags/example_task_group.py
[2026-04-01T04:48:29.182+0530] {processor.py:830} INFO - Processing file /Users/aswin/Documents/data-engineering-practice/ETL_Airflow_DBT/airflow/airflow_env/lib/python3.11/site-packages/airflow/example_dags/example_task_group.py for tasks to queue
[2026-04-01T04:48:29.183+0530] {logging_mixin.py:188} INFO - [2026-04-01T04:48:29.183+0530] {dagbag.py:540} INFO - Filling up the DagBag from /Users/aswin/Documents/data-engineering-practice/ETL_Airflow_DBT/airflow/airflow_env/lib/python3.11/site-packages/airflow/example_dags/example_task_group.py
[2026-04-01T04:48:29.187+0530] {processor.py:840} INFO - DAG(s) 'example_task_group' retrieved from /Users/aswin/Documents/data-engineering-practice/ETL_Airflow_DBT/airflow/airflow_env/lib/python3.11/site-packages/airflow/example_dags/example_task_group.py
[2026-04-01T04:48:29.248+0530] {logging_mixin.py:188} INFO - [2026-04-01T04:48:29.248+0530] {override.py:1829} INFO - Created Permission View: can delete on DAG:example_task_group
[2026-04-01T04:48:29.251+0530] {logging_mixin.py:188} INFO - [2026-04-01T04:48:29.251+0530] {override.py:1829} INFO - Created Permission View: can read on DAG:example_task_group
[2026-04-01T04:48:29.253+0530] {logging_mixin.py:188} INFO - [2026-04-01T04:48:29.252+0530] {override.py:1829} INFO - Created Permission View: can edit on DAG:example_task_group
[2026-04-01T04:48:29.253+0530] {logging_mixin.py:188} INFO - [2026-04-01T04:48:29.253+0530] {dag.py:3096} INFO - Sync 1 DAGs
[2026-04-01T04:48:29.256+0530] {logging_mixin.py:188} INFO - [2026-04-01T04:48:29.256+0530] {dag.py:3118} INFO - Creating ORM DAG for example_task_group
[2026-04-01T04:48:29.258+0530] {logging_mixin.py:188} INFO - [2026-04-01T04:48:29.258+0530] {dag.py:3954} INFO - Setting next_dagrun for example_task_group to 2026-03-30 00:00:00+00:00, run_after=2026-03-31 00:00:00+00:00
[2026-04-01T04:48:29.263+0530] {processor.py:183} INFO - Processing /Users/aswin/Documents/data-engineering-practice/ETL_Airflow_DBT/airflow/airflow_env/lib/python3.11/site-packages/airflow/example_dags/example_task_group.py took 0.082 seconds
[2026-04-01T04:50:01.532+0530] {processor.py:161} INFO - Started process (PID=71795) to work on /Users/aswin/Documents/data-engineering-practice/ETL_Airflow_DBT/airflow/airflow_env/lib/python3.11/site-packages/airflow/example_dags/example_task_group.py
[2026-04-01T04:50:01.534+0530] {processor.py:830} INFO - Processing file /Users/aswin/Documents/data-engineering-practice/ETL_Airflow_DBT/airflow/airflow_env/lib/python3.11/site-packages/airflow/example_dags/example_task_group.py for tasks to queue
[2026-04-01T04:50:01.534+0530] {logging_mixin.py:188} INFO - [2026-04-01T04:50:01.534+0530] {dagbag.py:540} INFO - Filling up the DagBag from /Users/aswin/Documents/data-engineering-practice/ETL_Airflow_DBT/airflow/airflow_env/lib/python3.11/site-packages/airflow/example_dags/example_task_group.py
[2026-04-01T04:50:01.537+0530] {processor.py:840} INFO - DAG(s) 'example_task_group' retrieved from /Users/aswin/Documents/data-engineering-practice/ETL_Airflow_DBT/airflow/airflow_env/lib/python3.11/site-packages/airflow/example_dags/example_task_group.py
[2026-04-01T04:50:01.568+0530] {logging_mixin.py:188} INFO - [2026-04-01T04:50:01.568+0530] {dag.py:3096} INFO - Sync 1 DAGs
[2026-04-01T04:50:01.574+0530] {logging_mixin.py:188} INFO - [2026-04-01T04:50:01.574+0530] {dag.py:3954} INFO - Setting next_dagrun for example_task_group to 2026-03-30 00:00:00+00:00, run_after=2026-03-31 00:00:00+00:00
[2026-04-01T04:50:01.582+0530] {processor.py:183} INFO - Processing /Users/aswin/Documents/data-engineering-practice/ETL_Airflow_DBT/airflow/airflow_env/lib/python3.11/site-packages/airflow/example_dags/example_task_group.py took 0.050 seconds
[2026-04-01T04:51:46.082+0530] {processor.py:161} INFO - Started process (PID=71882) to work on /Users/aswin/Documents/data-engineering-practice/ETL_Airflow_DBT/airflow/airflow_env/lib/python3.11/site-packages/airflow/example_dags/example_task_group.py
[2026-04-01T04:51:46.083+0530] {processor.py:830} INFO - Processing file /Users/aswin/Documents/data-engineering-practice/ETL_Airflow_DBT/airflow/airflow_env/lib/python3.11/site-packages/airflow/example_dags/example_task_group.py for tasks to queue
[2026-04-01T04:51:46.083+0530] {logging_mixin.py:188} INFO - [2026-04-01T04:51:46.083+0530] {dagbag.py:540} INFO - Filling up the DagBag from /Users/aswin/Documents/data-engineering-practice/ETL_Airflow_DBT/airflow/airflow_env/lib/python3.11/site-packages/airflow/example_dags/example_task_group.py
[2026-04-01T04:51:46.086+0530] {processor.py:840} INFO - DAG(s) 'example_task_group' retrieved from /Users/aswin/Documents/data-engineering-practice/ETL_Airflow_DBT/airflow/airflow_env/lib/python3.11/site-packages/airflow/example_dags/example_task_group.py
[2026-04-01T04:51:46.117+0530] {logging_mixin.py:188} INFO - [2026-04-01T04:51:46.117+0530] {dag.py:3096} INFO - Sync 1 DAGs
[2026-04-01T04:51:46.122+0530] {logging_mixin.py:188} INFO - [2026-04-01T04:51:46.122+0530] {dag.py:3954} INFO - Setting next_dagrun for example_task_group to 2026-03-30 00:00:00+00:00, run_after=2026-03-31 00:00:00+00:00
[2026-04-01T04:51:46.128+0530] {processor.py:183} INFO - Processing /Users/aswin/Documents/data-engineering-practice/ETL_Airflow_DBT/airflow/airflow_env/lib/python3.11/site-packages/airflow/example_dags/example_task_group.py took 0.048 seconds
[2026-04-01T04:53:31.015+0530] {processor.py:161} INFO - Started process (PID=71960) to work on /Users/aswin/Documents/data-engineering-practice/ETL_Airflow_DBT/airflow/airflow_env/lib/python3.11/site-packages/airflow/example_dags/example_task_group.py
[2026-04-01T04:53:31.017+0530] {processor.py:830} INFO - Processing file /Users/aswin/Documents/data-engineering-practice/ETL_Airflow_DBT/airflow/airflow_env/lib/python3.11/site-packages/airflow/example_dags/example_task_group.py for tasks to queue
[2026-04-01T04:53:31.017+0530] {logging_mixin.py:188} INFO - [2026-04-01T04:53:31.017+0530] {dagbag.py:540} INFO - Filling up the DagBag from /Users/aswin/Documents/data-engineering-practice/ETL_Airflow_DBT/airflow/airflow_env/lib/python3.11/site-packages/airflow/example_dags/example_task_group.py
[2026-04-01T04:53:31.020+0530] {processor.py:840} INFO - DAG(s) 'example_task_group' retrieved from /Users/aswin/Documents/data-engineering-practice/ETL_Airflow_DBT/airflow/airflow_env/lib/python3.11/site-packages/airflow/example_dags/example_task_group.py
[2026-04-01T04:53:31.050+0530] {logging_mixin.py:188} INFO - [2026-04-01T04:53:31.050+0530] {dag.py:3096} INFO - Sync 1 DAGs
[2026-04-01T04:53:31.056+0530] {logging_mixin.py:188} INFO - [2026-04-01T04:53:31.056+0530] {dag.py:3954} INFO - Setting next_dagrun for example_task_group to 2026-03-30 00:00:00+00:00, run_after=2026-03-31 00:00:00+00:00
[2026-04-01T04:53:31.062+0530] {processor.py:183} INFO - Processing /Users/aswin/Documents/data-engineering-practice/ETL_Airflow_DBT/airflow/airflow_env/lib/python3.11/site-packages/airflow/example_dags/example_task_group.py took 0.047 seconds
[2026-04-01T04:55:10.425+0530] {processor.py:161} INFO - Started process (PID=72037) to work on /Users/aswin/Documents/data-engineering-practice/ETL_Airflow_DBT/airflow/airflow_env/lib/python3.11/site-packages/airflow/example_dags/example_task_group.py
[2026-04-01T04:55:10.427+0530] {processor.py:830} INFO - Processing file /Users/aswin/Documents/data-engineering-practice/ETL_Airflow_DBT/airflow/airflow_env/lib/python3.11/site-packages/airflow/example_dags/example_task_group.py for tasks to queue
[2026-04-01T04:55:10.427+0530] {logging_mixin.py:188} INFO - [2026-04-01T04:55:10.427+0530] {dagbag.py:540} INFO - Filling up the DagBag from /Users/aswin/Documents/data-engineering-practice/ETL_Airflow_DBT/airflow/airflow_env/lib/python3.11/site-packages/airflow/example_dags/example_task_group.py
[2026-04-01T04:55:10.430+0530] {processor.py:840} INFO - DAG(s) 'example_task_group' retrieved from /Users/aswin/Documents/data-engineering-practice/ETL_Airflow_DBT/airflow/airflow_env/lib/python3.11/site-packages/airflow/example_dags/example_task_group.py
[2026-04-01T04:55:10.462+0530] {logging_mixin.py:188} INFO - [2026-04-01T04:55:10.462+0530] {dag.py:3096} INFO - Sync 1 DAGs
[2026-04-01T04:55:10.467+0530] {logging_mixin.py:188} INFO - [2026-04-01T04:55:10.467+0530] {dag.py:3954} INFO - Setting next_dagrun for example_task_group to 2026-03-30 00:00:00+00:00, run_after=2026-03-31 00:00:00+00:00
[2026-04-01T04:55:10.474+0530] {processor.py:183} INFO - Processing /Users/aswin/Documents/data-engineering-practice/ETL_Airflow_DBT/airflow/airflow_env/lib/python3.11/site-packages/airflow/example_dags/example_task_group.py took 0.049 seconds
[2026-04-01T04:56:57.951+0530] {processor.py:161} INFO - Started process (PID=72126) to work on /Users/aswin/Documents/data-engineering-practice/ETL_Airflow_DBT/airflow/airflow_env/lib/python3.11/site-packages/airflow/example_dags/example_task_group.py
[2026-04-01T04:56:57.952+0530] {processor.py:830} INFO - Processing file /Users/aswin/Documents/data-engineering-practice/ETL_Airflow_DBT/airflow/airflow_env/lib/python3.11/site-packages/airflow/example_dags/example_task_group.py for tasks to queue
[2026-04-01T04:56:57.953+0530] {logging_mixin.py:188} INFO - [2026-04-01T04:56:57.953+0530] {dagbag.py:540} INFO - Filling up the DagBag from /Users/aswin/Documents/data-engineering-practice/ETL_Airflow_DBT/airflow/airflow_env/lib/python3.11/site-packages/airflow/example_dags/example_task_group.py
[2026-04-01T04:56:57.956+0530] {processor.py:840} INFO - DAG(s) 'example_task_group' retrieved from /Users/aswin/Documents/data-engineering-practice/ETL_Airflow_DBT/airflow/airflow_env/lib/python3.11/site-packages/airflow/example_dags/example_task_group.py
[2026-04-01T04:56:57.986+0530] {logging_mixin.py:188} INFO - [2026-04-01T04:56:57.986+0530] {dag.py:3096} INFO - Sync 1 DAGs
[2026-04-01T04:56:57.991+0530] {logging_mixin.py:188} INFO - [2026-04-01T04:56:57.991+0530] {dag.py:3954} INFO - Setting next_dagrun for example_task_group to 2026-03-30 00:00:00+00:00, run_after=2026-03-31 00:00:00+00:00
[2026-04-01T04:56:57.997+0530] {processor.py:183} INFO - Processing /Users/aswin/Documents/data-engineering-practice/ETL_Airflow_DBT/airflow/airflow_env/lib/python3.11/site-packages/airflow/example_dags/example_task_group.py took 0.046 seconds
[2026-04-01T04:58:48.495+0530] {processor.py:161} INFO - Started process (PID=72346) to work on /Users/aswin/Documents/data-engineering-practice/ETL_Airflow_DBT/airflow/airflow_env/lib/python3.11/site-packages/airflow/example_dags/example_task_group.py
[2026-04-01T04:58:48.496+0530] {processor.py:830} INFO - Processing file /Users/aswin/Documents/data-engineering-practice/ETL_Airflow_DBT/airflow/airflow_env/lib/python3.11/site-packages/airflow/example_dags/example_task_group.py for tasks to queue
[2026-04-01T04:58:48.497+0530] {logging_mixin.py:188} INFO - [2026-04-01T04:58:48.497+0530] {dagbag.py:540} INFO - Filling up the DagBag from /Users/aswin/Documents/data-engineering-practice/ETL_Airflow_DBT/airflow/airflow_env/lib/python3.11/site-packages/airflow/example_dags/example_task_group.py
[2026-04-01T04:58:48.500+0530] {processor.py:840} INFO - DAG(s) 'example_task_group' retrieved from /Users/aswin/Documents/data-engineering-practice/ETL_Airflow_DBT/airflow/airflow_env/lib/python3.11/site-packages/airflow/example_dags/example_task_group.py
[2026-04-01T04:58:48.531+0530] {logging_mixin.py:188} INFO - [2026-04-01T04:58:48.531+0530] {dag.py:3096} INFO - Sync 1 DAGs
[2026-04-01T04:58:48.536+0530] {logging_mixin.py:188} INFO - [2026-04-01T04:58:48.536+0530] {dag.py:3954} INFO - Setting next_dagrun for example_task_group to 2026-03-30 00:00:00+00:00, run_after=2026-03-31 00:00:00+00:00
[2026-04-01T04:58:48.542+0530] {processor.py:183} INFO - Processing /Users/aswin/Documents/data-engineering-practice/ETL_Airflow_DBT/airflow/airflow_env/lib/python3.11/site-packages/airflow/example_dags/example_task_group.py took 0.048 seconds
[2026-04-01T04:59:48.023+0530] {processor.py:161} INFO - Started process (PID=72388) to work on /Users/aswin/Documents/data-engineering-practice/ETL_Airflow_DBT/airflow/airflow_env/lib/python3.11/site-packages/airflow/example_dags/example_task_group.py
[2026-04-01T04:59:48.024+0530] {processor.py:830} INFO - Processing file /Users/aswin/Documents/data-engineering-practice/ETL_Airflow_DBT/airflow/airflow_env/lib/python3.11/site-packages/airflow/example_dags/example_task_group.py for tasks to queue
[2026-04-01T04:59:48.024+0530] {logging_mixin.py:188} INFO - [2026-04-01T04:59:48.024+0530] {dagbag.py:540} INFO - Filling up the DagBag from /Users/aswin/Documents/data-engineering-practice/ETL_Airflow_DBT/airflow/airflow_env/lib/python3.11/site-packages/airflow/example_dags/example_task_group.py
[2026-04-01T04:59:48.027+0530] {processor.py:840} INFO - DAG(s) 'example_task_group' retrieved from /Users/aswin/Documents/data-engineering-practice/ETL_Airflow_DBT/airflow/airflow_env/lib/python3.11/site-packages/airflow/example_dags/example_task_group.py
[2026-04-01T04:59:48.056+0530] {logging_mixin.py:188} INFO - [2026-04-01T04:59:48.056+0530] {dag.py:3096} INFO - Sync 1 DAGs
[2026-04-01T04:59:48.061+0530] {logging_mixin.py:188} INFO - [2026-04-01T04:59:48.061+0530] {dag.py:3954} INFO - Setting next_dagrun for example_task_group to 2026-03-30 00:00:00+00:00, run_after=2026-03-31 00:00:00+00:00
[2026-04-01T04:59:48.068+0530] {processor.py:183} INFO - Processing /Users/aswin/Documents/data-engineering-practice/ETL_Airflow_DBT/airflow/airflow_env/lib/python3.11/site-packages/airflow/example_dags/example_task_group.py took 0.046 seconds
[2026-04-01T05:01:33.184+0530] {processor.py:161} INFO - Started process (PID=72467) to work on /Users/aswin/Documents/data-engineering-practice/ETL_Airflow_DBT/airflow/airflow_env/lib/python3.11/site-packages/airflow/example_dags/example_task_group.py
[2026-04-01T05:01:33.184+0530] {processor.py:830} INFO - Processing file /Users/aswin/Documents/data-engineering-practice/ETL_Airflow_DBT/airflow/airflow_env/lib/python3.11/site-packages/airflow/example_dags/example_task_group.py for tasks to queue
[2026-04-01T05:01:33.185+0530] {logging_mixin.py:188} INFO - [2026-04-01T05:01:33.185+0530] {dagbag.py:540} INFO - Filling up the DagBag from /Users/aswin/Documents/data-engineering-practice/ETL_Airflow_DBT/airflow/airflow_env/lib/python3.11/site-packages/airflow/example_dags/example_task_group.py
[2026-04-01T05:01:33.188+0530] {processor.py:840} INFO - DAG(s) 'example_task_group' retrieved from /Users/aswin/Documents/data-engineering-practice/ETL_Airflow_DBT/airflow/airflow_env/lib/python3.11/site-packages/airflow/example_dags/example_task_group.py
[2026-04-01T05:01:33.217+0530] {logging_mixin.py:188} INFO - [2026-04-01T05:01:33.217+0530] {dag.py:3096} INFO - Sync 1 DAGs
[2026-04-01T05:01:33.222+0530] {logging_mixin.py:188} INFO - [2026-04-01T05:01:33.222+0530] {dag.py:3954} INFO - Setting next_dagrun for example_task_group to 2026-03-30 00:00:00+00:00, run_after=2026-03-31 00:00:00+00:00
[2026-04-01T05:01:33.229+0530] {processor.py:183} INFO - Processing /Users/aswin/Documents/data-engineering-practice/ETL_Airflow_DBT/airflow/airflow_env/lib/python3.11/site-packages/airflow/example_dags/example_task_group.py took 0.046 seconds
[2026-04-01T05:02:32.392+0530] {processor.py:161} INFO - Started process (PID=72508) to work on /Users/aswin/Documents/data-engineering-practice/ETL_Airflow_DBT/airflow/airflow_env/lib/python3.11/site-packages/airflow/example_dags/example_task_group.py
[2026-04-01T05:02:32.392+0530] {processor.py:830} INFO - Processing file /Users/aswin/Documents/data-engineering-practice/ETL_Airflow_DBT/airflow/airflow_env/lib/python3.11/site-packages/airflow/example_dags/example_task_group.py for tasks to queue
[2026-04-01T05:02:32.392+0530] {logging_mixin.py:188} INFO - [2026-04-01T05:02:32.392+0530] {dagbag.py:540} INFO - Filling up the DagBag from /Users/aswin/Documents/data-engineering-practice/ETL_Airflow_DBT/airflow/airflow_env/lib/python3.11/site-packages/airflow/example_dags/example_task_group.py
[2026-04-01T05:02:32.395+0530] {processor.py:840} INFO - DAG(s) 'example_task_group' retrieved from /Users/aswin/Documents/data-engineering-practice/ETL_Airflow_DBT/airflow/airflow_env/lib/python3.11/site-packages/airflow/example_dags/example_task_group.py
[2026-04-01T05:02:32.425+0530] {logging_mixin.py:188} INFO - [2026-04-01T05:02:32.425+0530] {dag.py:3096} INFO - Sync 1 DAGs
[2026-04-01T05:02:32.430+0530] {logging_mixin.py:188} INFO - [2026-04-01T05:02:32.430+0530] {dag.py:3954} INFO - Setting next_dagrun for example_task_group to 2026-03-30 00:00:00+00:00, run_after=2026-03-31 00:00:00+00:00
[2026-04-01T05:02:32.436+0530] {processor.py:183} INFO - Processing /Users/aswin/Documents/data-engineering-practice/ETL_Airflow_DBT/airflow/airflow_env/lib/python3.11/site-packages/airflow/example_dags/example_task_group.py took 0.046 seconds
[2026-04-01T05:03:29.701+0530] {processor.py:161} INFO - Started process (PID=72550) to work on /Users/aswin/Documents/data-engineering-practice/ETL_Airflow_DBT/airflow/airflow_env/lib/python3.11/site-packages/airflow/example_dags/example_task_group.py
[2026-04-01T05:03:29.702+0530] {processor.py:830} INFO - Processing file /Users/aswin/Documents/data-engineering-practice/ETL_Airflow_DBT/airflow/airflow_env/lib/python3.11/site-packages/airflow/example_dags/example_task_group.py for tasks to queue
[2026-04-01T05:03:29.702+0530] {logging_mixin.py:188} INFO - [2026-04-01T05:03:29.702+0530] {dagbag.py:540} INFO - Filling up the DagBag from /Users/aswin/Documents/data-engineering-practice/ETL_Airflow_DBT/airflow/airflow_env/lib/python3.11/site-packages/airflow/example_dags/example_task_group.py
[2026-04-01T05:03:29.705+0530] {processor.py:840} INFO - DAG(s) 'example_task_group' retrieved from /Users/aswin/Documents/data-engineering-practice/ETL_Airflow_DBT/airflow/airflow_env/lib/python3.11/site-packages/airflow/example_dags/example_task_group.py
[2026-04-01T05:03:29.738+0530] {logging_mixin.py:188} INFO - [2026-04-01T05:03:29.738+0530] {dag.py:3096} INFO - Sync 1 DAGs
[2026-04-01T05:03:29.744+0530] {logging_mixin.py:188} INFO - [2026-04-01T05:03:29.744+0530] {dag.py:3954} INFO - Setting next_dagrun for example_task_group to 2026-03-30 00:00:00+00:00, run_after=2026-03-31 00:00:00+00:00
[2026-04-01T05:03:29.750+0530] {processor.py:183} INFO - Processing /Users/aswin/Documents/data-engineering-practice/ETL_Airflow_DBT/airflow/airflow_env/lib/python3.11/site-packages/airflow/example_dags/example_task_group.py took 0.050 seconds
[2026-04-01T05:04:33.114+0530] {processor.py:161} INFO - Started process (PID=72594) to work on /Users/aswin/Documents/data-engineering-practice/ETL_Airflow_DBT/airflow/airflow_env/lib/python3.11/site-packages/airflow/example_dags/example_task_group.py
[2026-04-01T05:04:33.114+0530] {processor.py:830} INFO - Processing file /Users/aswin/Documents/data-engineering-practice/ETL_Airflow_DBT/airflow/airflow_env/lib/python3.11/site-packages/airflow/example_dags/example_task_group.py for tasks to queue
[2026-04-01T05:04:33.115+0530] {logging_mixin.py:188} INFO - [2026-04-01T05:04:33.115+0530] {dagbag.py:540} INFO - Filling up the DagBag from /Users/aswin/Documents/data-engineering-practice/ETL_Airflow_DBT/airflow/airflow_env/lib/python3.11/site-packages/airflow/example_dags/example_task_group.py
[2026-04-01T05:04:33.118+0530] {processor.py:840} INFO - DAG(s) 'example_task_group' retrieved from /Users/aswin/Documents/data-engineering-practice/ETL_Airflow_DBT/airflow/airflow_env/lib/python3.11/site-packages/airflow/example_dags/example_task_group.py
[2026-04-01T05:04:33.151+0530] {logging_mixin.py:188} INFO - [2026-04-01T05:04:33.151+0530] {dag.py:3096} INFO - Sync 1 DAGs
[2026-04-01T05:04:33.157+0530] {logging_mixin.py:188} INFO - [2026-04-01T05:04:33.157+0530] {dag.py:3954} INFO - Setting next_dagrun for example_task_group to 2026-03-30 00:00:00+00:00, run_after=2026-03-31 00:00:00+00:00
[2026-04-01T05:04:33.163+0530] {processor.py:183} INFO - Processing /Users/aswin/Documents/data-engineering-practice/ETL_Airflow_DBT/airflow/airflow_env/lib/python3.11/site-packages/airflow/example_dags/example_task_group.py took 0.050 seconds
[2026-04-01T05:05:29.401+0530] {processor.py:161} INFO - Started process (PID=72641) to work on /Users/aswin/Documents/data-engineering-practice/ETL_Airflow_DBT/airflow/airflow_env/lib/python3.11/site-packages/airflow/example_dags/example_task_group.py
[2026-04-01T05:05:29.402+0530] {processor.py:830} INFO - Processing file /Users/aswin/Documents/data-engineering-practice/ETL_Airflow_DBT/airflow/airflow_env/lib/python3.11/site-packages/airflow/example_dags/example_task_group.py for tasks to queue
[2026-04-01T05:05:29.402+0530] {logging_mixin.py:188} INFO - [2026-04-01T05:05:29.402+0530] {dagbag.py:540} INFO - Filling up the DagBag from /Users/aswin/Documents/data-engineering-practice/ETL_Airflow_DBT/airflow/airflow_env/lib/python3.11/site-packages/airflow/example_dags/example_task_group.py
[2026-04-01T05:05:29.406+0530] {processor.py:840} INFO - DAG(s) 'example_task_group' retrieved from /Users/aswin/Documents/data-engineering-practice/ETL_Airflow_DBT/airflow/airflow_env/lib/python3.11/site-packages/airflow/example_dags/example_task_group.py
[2026-04-01T05:05:29.435+0530] {logging_mixin.py:188} INFO - [2026-04-01T05:05:29.435+0530] {dag.py:3096} INFO - Sync 1 DAGs
[2026-04-01T05:05:29.441+0530] {logging_mixin.py:188} INFO - [2026-04-01T05:05:29.441+0530] {dag.py:3954} INFO - Setting next_dagrun for example_task_group to 2026-03-30 00:00:00+00:00, run_after=2026-03-31 00:00:00+00:00
[2026-04-01T05:05:29.447+0530] {processor.py:183} INFO - Processing /Users/aswin/Documents/data-engineering-practice/ETL_Airflow_DBT/airflow/airflow_env/lib/python3.11/site-packages/airflow/example_dags/example_task_group.py took 0.047 seconds
[2026-04-01T05:19:01.545+0530] {processor.py:161} INFO - Started process (PID=72809) to work on /Users/aswin/Documents/data-engineering-practice/ETL_Airflow_DBT/airflow/airflow_env/lib/python3.11/site-packages/airflow/example_dags/example_task_group.py
[2026-04-01T05:19:01.546+0530] {processor.py:830} INFO - Processing file /Users/aswin/Documents/data-engineering-practice/ETL_Airflow_DBT/airflow/airflow_env/lib/python3.11/site-packages/airflow/example_dags/example_task_group.py for tasks to queue
[2026-04-01T05:19:01.546+0530] {logging_mixin.py:188} INFO - [2026-04-01T05:19:01.546+0530] {dagbag.py:540} INFO - Filling up the DagBag from /Users/aswin/Documents/data-engineering-practice/ETL_Airflow_DBT/airflow/airflow_env/lib/python3.11/site-packages/airflow/example_dags/example_task_group.py
[2026-04-01T05:19:01.550+0530] {processor.py:840} INFO - DAG(s) 'example_task_group' retrieved from /Users/aswin/Documents/data-engineering-practice/ETL_Airflow_DBT/airflow/airflow_env/lib/python3.11/site-packages/airflow/example_dags/example_task_group.py
[2026-04-01T05:19:01.584+0530] {logging_mixin.py:188} INFO - [2026-04-01T05:19:01.584+0530] {dag.py:3096} INFO - Sync 1 DAGs
[2026-04-01T05:19:01.590+0530] {logging_mixin.py:188} INFO - [2026-04-01T05:19:01.589+0530] {dag.py:3954} INFO - Setting next_dagrun for example_task_group to 2026-03-30 00:00:00+00:00, run_after=2026-03-31 00:00:00+00:00
[2026-04-01T05:19:01.596+0530] {processor.py:183} INFO - Processing /Users/aswin/Documents/data-engineering-practice/ETL_Airflow_DBT/airflow/airflow_env/lib/python3.11/site-packages/airflow/example_dags/example_task_group.py took 0.051 seconds
[2026-04-01T05:20:32.206+0530] {processor.py:161} INFO - Started process (PID=72877) to work on /Users/aswin/Documents/data-engineering-practice/ETL_Airflow_DBT/airflow/airflow_env/lib/python3.11/site-packages/airflow/example_dags/example_task_group.py
[2026-04-01T05:20:32.207+0530] {processor.py:830} INFO - Processing file /Users/aswin/Documents/data-engineering-practice/ETL_Airflow_DBT/airflow/airflow_env/lib/python3.11/site-packages/airflow/example_dags/example_task_group.py for tasks to queue
[2026-04-01T05:20:32.207+0530] {logging_mixin.py:188} INFO - [2026-04-01T05:20:32.207+0530] {dagbag.py:540} INFO - Filling up the DagBag from /Users/aswin/Documents/data-engineering-practice/ETL_Airflow_DBT/airflow/airflow_env/lib/python3.11/site-packages/airflow/example_dags/example_task_group.py
[2026-04-01T05:20:32.210+0530] {processor.py:840} INFO - DAG(s) 'example_task_group' retrieved from /Users/aswin/Documents/data-engineering-practice/ETL_Airflow_DBT/airflow/airflow_env/lib/python3.11/site-packages/airflow/example_dags/example_task_group.py
[2026-04-01T05:20:32.240+0530] {logging_mixin.py:188} INFO - [2026-04-01T05:20:32.240+0530] {dag.py:3096} INFO - Sync 1 DAGs
[2026-04-01T05:20:32.246+0530] {logging_mixin.py:188} INFO - [2026-04-01T05:20:32.246+0530] {dag.py:3954} INFO - Setting next_dagrun for example_task_group to 2026-03-30 00:00:00+00:00, run_after=2026-03-31 00:00:00+00:00
[2026-04-01T05:20:32.252+0530] {processor.py:183} INFO - Processing /Users/aswin/Documents/data-engineering-practice/ETL_Airflow_DBT/airflow/airflow_env/lib/python3.11/site-packages/airflow/example_dags/example_task_group.py took 0.047 seconds
[2026-04-01T05:21:33.263+0530] {processor.py:161} INFO - Started process (PID=72922) to work on /Users/aswin/Documents/data-engineering-practice/ETL_Airflow_DBT/airflow/airflow_env/lib/python3.11/site-packages/airflow/example_dags/example_task_group.py
[2026-04-01T05:21:33.263+0530] {processor.py:830} INFO - Processing file /Users/aswin/Documents/data-engineering-practice/ETL_Airflow_DBT/airflow/airflow_env/lib/python3.11/site-packages/airflow/example_dags/example_task_group.py for tasks to queue
[2026-04-01T05:21:33.264+0530] {logging_mixin.py:188} INFO - [2026-04-01T05:21:33.264+0530] {dagbag.py:540} INFO - Filling up the DagBag from /Users/aswin/Documents/data-engineering-practice/ETL_Airflow_DBT/airflow/airflow_env/lib/python3.11/site-packages/airflow/example_dags/example_task_group.py
[2026-04-01T05:21:33.268+0530] {processor.py:840} INFO - DAG(s) 'example_task_group' retrieved from /Users/aswin/Documents/data-engineering-practice/ETL_Airflow_DBT/airflow/airflow_env/lib/python3.11/site-packages/airflow/example_dags/example_task_group.py
[2026-04-01T05:21:33.298+0530] {logging_mixin.py:188} INFO - [2026-04-01T05:21:33.298+0530] {dag.py:3096} INFO - Sync 1 DAGs
[2026-04-01T05:21:33.304+0530] {logging_mixin.py:188} INFO - [2026-04-01T05:21:33.304+0530] {dag.py:3954} INFO - Setting next_dagrun for example_task_group to 2026-03-30 00:00:00+00:00, run_after=2026-03-31 00:00:00+00:00
[2026-04-01T05:21:33.310+0530] {processor.py:183} INFO - Processing /Users/aswin/Documents/data-engineering-practice/ETL_Airflow_DBT/airflow/airflow_env/lib/python3.11/site-packages/airflow/example_dags/example_task_group.py took 0.048 seconds
[2026-04-01T05:23:21.079+0530] {processor.py:161} INFO - Started process (PID=73022) to work on /Users/aswin/Documents/data-engineering-practice/ETL_Airflow_DBT/airflow/airflow_env/lib/python3.11/site-packages/airflow/example_dags/example_task_group.py
[2026-04-01T05:23:21.079+0530] {processor.py:830} INFO - Processing file /Users/aswin/Documents/data-engineering-practice/ETL_Airflow_DBT/airflow/airflow_env/lib/python3.11/site-packages/airflow/example_dags/example_task_group.py for tasks to queue
[2026-04-01T05:23:21.080+0530] {logging_mixin.py:188} INFO - [2026-04-01T05:23:21.080+0530] {dagbag.py:540} INFO - Filling up the DagBag from /Users/aswin/Documents/data-engineering-practice/ETL_Airflow_DBT/airflow/airflow_env/lib/python3.11/site-packages/airflow/example_dags/example_task_group.py
[2026-04-01T05:23:21.084+0530] {processor.py:840} INFO - DAG(s) 'example_task_group' retrieved from /Users/aswin/Documents/data-engineering-practice/ETL_Airflow_DBT/airflow/airflow_env/lib/python3.11/site-packages/airflow/example_dags/example_task_group.py
[2026-04-01T05:23:21.120+0530] {logging_mixin.py:188} INFO - [2026-04-01T05:23:21.120+0530] {dag.py:3096} INFO - Sync 1 DAGs
[2026-04-01T05:23:21.127+0530] {logging_mixin.py:188} INFO - [2026-04-01T05:23:21.127+0530] {dag.py:3954} INFO - Setting next_dagrun for example_task_group to 2026-03-30 00:00:00+00:00, run_after=2026-03-31 00:00:00+00:00
[2026-04-01T05:23:21.134+0530] {processor.py:183} INFO - Processing /Users/aswin/Documents/data-engineering-practice/ETL_Airflow_DBT/airflow/airflow_env/lib/python3.11/site-packages/airflow/example_dags/example_task_group.py took 0.057 seconds
[2026-04-01T05:24:19.125+0530] {processor.py:161} INFO - Started process (PID=73060) to work on /Users/aswin/Documents/data-engineering-practice/ETL_Airflow_DBT/airflow/airflow_env/lib/python3.11/site-packages/airflow/example_dags/example_task_group.py
[2026-04-01T05:24:19.125+0530] {processor.py:830} INFO - Processing file /Users/aswin/Documents/data-engineering-practice/ETL_Airflow_DBT/airflow/airflow_env/lib/python3.11/site-packages/airflow/example_dags/example_task_group.py for tasks to queue
[2026-04-01T05:24:19.126+0530] {logging_mixin.py:188} INFO - [2026-04-01T05:24:19.125+0530] {dagbag.py:540} INFO - Filling up the DagBag from /Users/aswin/Documents/data-engineering-practice/ETL_Airflow_DBT/airflow/airflow_env/lib/python3.11/site-packages/airflow/example_dags/example_task_group.py
[2026-04-01T05:24:19.129+0530] {processor.py:840} INFO - DAG(s) 'example_task_group' retrieved from /Users/aswin/Documents/data-engineering-practice/ETL_Airflow_DBT/airflow/airflow_env/lib/python3.11/site-packages/airflow/example_dags/example_task_group.py
[2026-04-01T05:24:19.159+0530] {logging_mixin.py:188} INFO - [2026-04-01T05:24:19.159+0530] {dag.py:3096} INFO - Sync 1 DAGs
[2026-04-01T05:24:19.165+0530] {logging_mixin.py:188} INFO - [2026-04-01T05:24:19.165+0530] {dag.py:3954} INFO - Setting next_dagrun for example_task_group to 2026-03-30 00:00:00+00:00, run_after=2026-03-31 00:00:00+00:00
[2026-04-01T05:24:19.171+0530] {processor.py:183} INFO - Processing /Users/aswin/Documents/data-engineering-practice/ETL_Airflow_DBT/airflow/airflow_env/lib/python3.11/site-packages/airflow/example_dags/example_task_group.py took 0.047 seconds
[2026-04-01T05:25:17.535+0530] {processor.py:161} INFO - Started process (PID=73105) to work on /Users/aswin/Documents/data-engineering-practice/ETL_Airflow_DBT/airflow/airflow_env/lib/python3.11/site-packages/airflow/example_dags/example_task_group.py
[2026-04-01T05:25:17.536+0530] {processor.py:830} INFO - Processing file /Users/aswin/Documents/data-engineering-practice/ETL_Airflow_DBT/airflow/airflow_env/lib/python3.11/site-packages/airflow/example_dags/example_task_group.py for tasks to queue
[2026-04-01T05:25:17.537+0530] {logging_mixin.py:188} INFO - [2026-04-01T05:25:17.537+0530] {dagbag.py:540} INFO - Filling up the DagBag from /Users/aswin/Documents/data-engineering-practice/ETL_Airflow_DBT/airflow/airflow_env/lib/python3.11/site-packages/airflow/example_dags/example_task_group.py
[2026-04-01T05:25:17.540+0530] {processor.py:840} INFO - DAG(s) 'example_task_group' retrieved from /Users/aswin/Documents/data-engineering-practice/ETL_Airflow_DBT/airflow/airflow_env/lib/python3.11/site-packages/airflow/example_dags/example_task_group.py
[2026-04-01T05:25:17.570+0530] {logging_mixin.py:188} INFO - [2026-04-01T05:25:17.570+0530] {dag.py:3096} INFO - Sync 1 DAGs
[2026-04-01T05:25:17.576+0530] {logging_mixin.py:188} INFO - [2026-04-01T05:25:17.575+0530] {dag.py:3954} INFO - Setting next_dagrun for example_task_group to 2026-03-30 00:00:00+00:00, run_after=2026-03-31 00:00:00+00:00
[2026-04-01T05:25:17.581+0530] {processor.py:183} INFO - Processing /Users/aswin/Documents/data-engineering-practice/ETL_Airflow_DBT/airflow/airflow_env/lib/python3.11/site-packages/airflow/example_dags/example_task_group.py took 0.047 seconds
[2026-04-01T05:27:10.746+0530] {processor.py:161} INFO - Started process (PID=73188) to work on /Users/aswin/Documents/data-engineering-practice/ETL_Airflow_DBT/airflow/airflow_env/lib/python3.11/site-packages/airflow/example_dags/example_task_group.py
[2026-04-01T05:27:10.747+0530] {processor.py:830} INFO - Processing file /Users/aswin/Documents/data-engineering-practice/ETL_Airflow_DBT/airflow/airflow_env/lib/python3.11/site-packages/airflow/example_dags/example_task_group.py for tasks to queue
[2026-04-01T05:27:10.747+0530] {logging_mixin.py:188} INFO - [2026-04-01T05:27:10.747+0530] {dagbag.py:540} INFO - Filling up the DagBag from /Users/aswin/Documents/data-engineering-practice/ETL_Airflow_DBT/airflow/airflow_env/lib/python3.11/site-packages/airflow/example_dags/example_task_group.py
[2026-04-01T05:27:10.750+0530] {processor.py:840} INFO - DAG(s) 'example_task_group' retrieved from /Users/aswin/Documents/data-engineering-practice/ETL_Airflow_DBT/airflow/airflow_env/lib/python3.11/site-packages/airflow/example_dags/example_task_group.py
[2026-04-01T05:27:10.780+0530] {logging_mixin.py:188} INFO - [2026-04-01T05:27:10.780+0530] {dag.py:3096} INFO - Sync 1 DAGs
[2026-04-01T05:27:10.785+0530] {logging_mixin.py:188} INFO - [2026-04-01T05:27:10.785+0530] {dag.py:3954} INFO - Setting next_dagrun for example_task_group to 2026-03-30 00:00:00+00:00, run_after=2026-03-31 00:00:00+00:00
[2026-04-01T05:27:10.791+0530] {processor.py:183} INFO - Processing /Users/aswin/Documents/data-engineering-practice/ETL_Airflow_DBT/airflow/airflow_env/lib/python3.11/site-packages/airflow/example_dags/example_task_group.py took 0.046 seconds
[2026-04-01T05:29:11.467+0530] {processor.py:161} INFO - Started process (PID=73287) to work on /Users/aswin/Documents/data-engineering-practice/ETL_Airflow_DBT/airflow/airflow_env/lib/python3.11/site-packages/airflow/example_dags/example_task_group.py
[2026-04-01T05:29:11.467+0530] {processor.py:830} INFO - Processing file /Users/aswin/Documents/data-engineering-practice/ETL_Airflow_DBT/airflow/airflow_env/lib/python3.11/site-packages/airflow/example_dags/example_task_group.py for tasks to queue
[2026-04-01T05:29:11.467+0530] {logging_mixin.py:188} INFO - [2026-04-01T05:29:11.467+0530] {dagbag.py:540} INFO - Filling up the DagBag from /Users/aswin/Documents/data-engineering-practice/ETL_Airflow_DBT/airflow/airflow_env/lib/python3.11/site-packages/airflow/example_dags/example_task_group.py
[2026-04-01T05:29:11.470+0530] {processor.py:840} INFO - DAG(s) 'example_task_group' retrieved from /Users/aswin/Documents/data-engineering-practice/ETL_Airflow_DBT/airflow/airflow_env/lib/python3.11/site-packages/airflow/example_dags/example_task_group.py
[2026-04-01T05:29:11.500+0530] {logging_mixin.py:188} INFO - [2026-04-01T05:29:11.500+0530] {dag.py:3096} INFO - Sync 1 DAGs
[2026-04-01T05:29:11.505+0530] {logging_mixin.py:188} INFO - [2026-04-01T05:29:11.505+0530] {dag.py:3954} INFO - Setting next_dagrun for example_task_group to 2026-03-30 00:00:00+00:00, run_after=2026-03-31 00:00:00+00:00
[2026-04-01T05:29:11.511+0530] {processor.py:183} INFO - Processing /Users/aswin/Documents/data-engineering-practice/ETL_Airflow_DBT/airflow/airflow_env/lib/python3.11/site-packages/airflow/example_dags/example_task_group.py took 0.046 seconds
