[2026-02-24T04:38:44.023+0530] {processor.py:161} INFO - Started process (PID=42416) to work on /Users/aswin/Documents/data-engineering-practice/ETL_Airflow_DBT/airflow/airflow_env/lib/python3.11/site-packages/airflow/example_dags/example_xcomargs.py
[2026-02-24T04:38:44.023+0530] {processor.py:830} INFO - Processing file /Users/aswin/Documents/data-engineering-practice/ETL_Airflow_DBT/airflow/airflow_env/lib/python3.11/site-packages/airflow/example_dags/example_xcomargs.py for tasks to queue
[2026-02-24T04:38:44.023+0530] {logging_mixin.py:188} INFO - [2026-02-24T04:38:44.023+0530] {dagbag.py:540} INFO - Filling up the DagBag from /Users/aswin/Documents/data-engineering-practice/ETL_Airflow_DBT/airflow/airflow_env/lib/python3.11/site-packages/airflow/example_dags/example_xcomargs.py
[2026-02-24T04:38:44.037+0530] {processor.py:840} INFO - DAG(s) 'example_xcom_args', 'example_xcom_args_with_operators' retrieved from /Users/aswin/Documents/data-engineering-practice/ETL_Airflow_DBT/airflow/airflow_env/lib/python3.11/site-packages/airflow/example_dags/example_xcomargs.py
[2026-02-24T04:38:44.091+0530] {logging_mixin.py:188} INFO - [2026-02-24T04:38:44.091+0530] {override.py:1829} INFO - Created Permission View: can edit on DAG:example_xcom_args
[2026-02-24T04:38:44.094+0530] {logging_mixin.py:188} INFO - [2026-02-24T04:38:44.094+0530] {override.py:1829} INFO - Created Permission View: can read on DAG:example_xcom_args
[2026-02-24T04:38:44.096+0530] {logging_mixin.py:188} INFO - [2026-02-24T04:38:44.096+0530] {override.py:1829} INFO - Created Permission View: can delete on DAG:example_xcom_args
[2026-02-24T04:38:44.099+0530] {logging_mixin.py:188} INFO - [2026-02-24T04:38:44.099+0530] {override.py:1829} INFO - Created Permission View: can edit on DAG:example_xcom_args_with_operators
[2026-02-24T04:38:44.101+0530] {logging_mixin.py:188} INFO - [2026-02-24T04:38:44.101+0530] {override.py:1829} INFO - Created Permission View: can read on DAG:example_xcom_args_with_operators
[2026-02-24T04:38:44.103+0530] {logging_mixin.py:188} INFO - [2026-02-24T04:38:44.103+0530] {override.py:1829} INFO - Created Permission View: can delete on DAG:example_xcom_args_with_operators
[2026-02-24T04:38:44.103+0530] {logging_mixin.py:188} INFO - [2026-02-24T04:38:44.103+0530] {dag.py:3096} INFO - Sync 2 DAGs
[2026-02-24T04:38:44.106+0530] {logging_mixin.py:188} INFO - [2026-02-24T04:38:44.106+0530] {dag.py:3118} INFO - Creating ORM DAG for example_xcom_args
[2026-02-24T04:38:44.106+0530] {logging_mixin.py:188} INFO - [2026-02-24T04:38:44.106+0530] {dag.py:3118} INFO - Creating ORM DAG for example_xcom_args_with_operators
[2026-02-24T04:38:44.106+0530] {logging_mixin.py:188} INFO - [2026-02-24T04:38:44.106+0530] {dag.py:3954} INFO - Setting next_dagrun for example_xcom_args to None, run_after=None
[2026-02-24T04:38:44.107+0530] {logging_mixin.py:188} INFO - [2026-02-24T04:38:44.106+0530] {dag.py:3954} INFO - Setting next_dagrun for example_xcom_args_with_operators to None, run_after=None
[2026-02-24T04:38:44.133+0530] {processor.py:183} INFO - Processing /Users/aswin/Documents/data-engineering-practice/ETL_Airflow_DBT/airflow/airflow_env/lib/python3.11/site-packages/airflow/example_dags/example_xcomargs.py took 0.112 seconds
[2026-02-24T04:40:07.878+0530] {processor.py:161} INFO - Started process (PID=42488) to work on /Users/aswin/Documents/data-engineering-practice/ETL_Airflow_DBT/airflow/airflow_env/lib/python3.11/site-packages/airflow/example_dags/example_xcomargs.py
[2026-02-24T04:40:07.879+0530] {processor.py:830} INFO - Processing file /Users/aswin/Documents/data-engineering-practice/ETL_Airflow_DBT/airflow/airflow_env/lib/python3.11/site-packages/airflow/example_dags/example_xcomargs.py for tasks to queue
[2026-02-24T04:40:07.879+0530] {logging_mixin.py:188} INFO - [2026-02-24T04:40:07.879+0530] {dagbag.py:540} INFO - Filling up the DagBag from /Users/aswin/Documents/data-engineering-practice/ETL_Airflow_DBT/airflow/airflow_env/lib/python3.11/site-packages/airflow/example_dags/example_xcomargs.py
[2026-02-24T04:40:07.894+0530] {processor.py:840} INFO - DAG(s) 'example_xcom_args', 'example_xcom_args_with_operators' retrieved from /Users/aswin/Documents/data-engineering-practice/ETL_Airflow_DBT/airflow/airflow_env/lib/python3.11/site-packages/airflow/example_dags/example_xcomargs.py
[2026-02-24T04:40:07.927+0530] {logging_mixin.py:188} INFO - [2026-02-24T04:40:07.926+0530] {dag.py:3096} INFO - Sync 2 DAGs
[2026-02-24T04:40:07.930+0530] {logging_mixin.py:188} INFO - [2026-02-24T04:40:07.930+0530] {dag.py:3954} INFO - Setting next_dagrun for example_xcom_args to None, run_after=None
[2026-02-24T04:40:07.931+0530] {logging_mixin.py:188} INFO - [2026-02-24T04:40:07.931+0530] {dag.py:3954} INFO - Setting next_dagrun for example_xcom_args_with_operators to None, run_after=None
[2026-02-24T04:40:07.936+0530] {processor.py:183} INFO - Processing /Users/aswin/Documents/data-engineering-practice/ETL_Airflow_DBT/airflow/airflow_env/lib/python3.11/site-packages/airflow/example_dags/example_xcomargs.py took 0.059 seconds
[2026-02-24T04:40:56.975+0530] {processor.py:161} INFO - Started process (PID=42526) to work on /Users/aswin/Documents/data-engineering-practice/ETL_Airflow_DBT/airflow/airflow_env/lib/python3.11/site-packages/airflow/example_dags/example_xcomargs.py
[2026-02-24T04:40:56.976+0530] {processor.py:830} INFO - Processing file /Users/aswin/Documents/data-engineering-practice/ETL_Airflow_DBT/airflow/airflow_env/lib/python3.11/site-packages/airflow/example_dags/example_xcomargs.py for tasks to queue
[2026-02-24T04:40:56.976+0530] {logging_mixin.py:188} INFO - [2026-02-24T04:40:56.976+0530] {dagbag.py:540} INFO - Filling up the DagBag from /Users/aswin/Documents/data-engineering-practice/ETL_Airflow_DBT/airflow/airflow_env/lib/python3.11/site-packages/airflow/example_dags/example_xcomargs.py
[2026-02-24T04:40:56.991+0530] {processor.py:840} INFO - DAG(s) 'example_xcom_args', 'example_xcom_args_with_operators' retrieved from /Users/aswin/Documents/data-engineering-practice/ETL_Airflow_DBT/airflow/airflow_env/lib/python3.11/site-packages/airflow/example_dags/example_xcomargs.py
[2026-02-24T04:40:57.023+0530] {logging_mixin.py:188} INFO - [2026-02-24T04:40:57.023+0530] {dag.py:3096} INFO - Sync 2 DAGs
[2026-02-24T04:40:57.026+0530] {logging_mixin.py:188} INFO - [2026-02-24T04:40:57.026+0530] {dag.py:3954} INFO - Setting next_dagrun for example_xcom_args to None, run_after=None
[2026-02-24T04:40:57.027+0530] {logging_mixin.py:188} INFO - [2026-02-24T04:40:57.027+0530] {dag.py:3954} INFO - Setting next_dagrun for example_xcom_args_with_operators to None, run_after=None
[2026-02-24T04:40:57.032+0530] {processor.py:183} INFO - Processing /Users/aswin/Documents/data-engineering-practice/ETL_Airflow_DBT/airflow/airflow_env/lib/python3.11/site-packages/airflow/example_dags/example_xcomargs.py took 0.058 seconds
[2026-02-24T04:41:43.799+0530] {processor.py:161} INFO - Started process (PID=42582) to work on /Users/aswin/Documents/data-engineering-practice/ETL_Airflow_DBT/airflow/airflow_env/lib/python3.11/site-packages/airflow/example_dags/example_xcomargs.py
[2026-02-24T04:41:43.800+0530] {processor.py:830} INFO - Processing file /Users/aswin/Documents/data-engineering-practice/ETL_Airflow_DBT/airflow/airflow_env/lib/python3.11/site-packages/airflow/example_dags/example_xcomargs.py for tasks to queue
[2026-02-24T04:41:43.800+0530] {logging_mixin.py:188} INFO - [2026-02-24T04:41:43.800+0530] {dagbag.py:540} INFO - Filling up the DagBag from /Users/aswin/Documents/data-engineering-practice/ETL_Airflow_DBT/airflow/airflow_env/lib/python3.11/site-packages/airflow/example_dags/example_xcomargs.py
[2026-02-24T04:41:43.814+0530] {processor.py:840} INFO - DAG(s) 'example_xcom_args_with_operators', 'example_xcom_args' retrieved from /Users/aswin/Documents/data-engineering-practice/ETL_Airflow_DBT/airflow/airflow_env/lib/python3.11/site-packages/airflow/example_dags/example_xcomargs.py
[2026-02-24T04:41:43.843+0530] {logging_mixin.py:188} INFO - [2026-02-24T04:41:43.843+0530] {dag.py:3096} INFO - Sync 2 DAGs
[2026-02-24T04:41:43.846+0530] {logging_mixin.py:188} INFO - [2026-02-24T04:41:43.846+0530] {dag.py:3954} INFO - Setting next_dagrun for example_xcom_args to None, run_after=None
[2026-02-24T04:41:43.847+0530] {logging_mixin.py:188} INFO - [2026-02-24T04:41:43.847+0530] {dag.py:3954} INFO - Setting next_dagrun for example_xcom_args_with_operators to None, run_after=None
[2026-02-24T04:41:43.852+0530] {processor.py:183} INFO - Processing /Users/aswin/Documents/data-engineering-practice/ETL_Airflow_DBT/airflow/airflow_env/lib/python3.11/site-packages/airflow/example_dags/example_xcomargs.py took 0.054 seconds
[2026-02-24T04:42:31.338+0530] {processor.py:161} INFO - Started process (PID=42641) to work on /Users/aswin/Documents/data-engineering-practice/ETL_Airflow_DBT/airflow/airflow_env/lib/python3.11/site-packages/airflow/example_dags/example_xcomargs.py
[2026-02-24T04:42:31.339+0530] {processor.py:830} INFO - Processing file /Users/aswin/Documents/data-engineering-practice/ETL_Airflow_DBT/airflow/airflow_env/lib/python3.11/site-packages/airflow/example_dags/example_xcomargs.py for tasks to queue
[2026-02-24T04:42:31.340+0530] {logging_mixin.py:188} INFO - [2026-02-24T04:42:31.340+0530] {dagbag.py:540} INFO - Filling up the DagBag from /Users/aswin/Documents/data-engineering-practice/ETL_Airflow_DBT/airflow/airflow_env/lib/python3.11/site-packages/airflow/example_dags/example_xcomargs.py
[2026-02-24T04:42:31.354+0530] {processor.py:840} INFO - DAG(s) 'example_xcom_args_with_operators', 'example_xcom_args' retrieved from /Users/aswin/Documents/data-engineering-practice/ETL_Airflow_DBT/airflow/airflow_env/lib/python3.11/site-packages/airflow/example_dags/example_xcomargs.py
[2026-02-24T04:42:31.383+0530] {logging_mixin.py:188} INFO - [2026-02-24T04:42:31.383+0530] {dag.py:3096} INFO - Sync 2 DAGs
[2026-02-24T04:42:31.386+0530] {logging_mixin.py:188} INFO - [2026-02-24T04:42:31.386+0530] {dag.py:3954} INFO - Setting next_dagrun for example_xcom_args to None, run_after=None
[2026-02-24T04:42:31.387+0530] {logging_mixin.py:188} INFO - [2026-02-24T04:42:31.387+0530] {dag.py:3954} INFO - Setting next_dagrun for example_xcom_args_with_operators to None, run_after=None
[2026-02-24T04:42:31.392+0530] {processor.py:183} INFO - Processing /Users/aswin/Documents/data-engineering-practice/ETL_Airflow_DBT/airflow/airflow_env/lib/python3.11/site-packages/airflow/example_dags/example_xcomargs.py took 0.054 seconds
[2026-02-24T04:43:19.271+0530] {processor.py:161} INFO - Started process (PID=42692) to work on /Users/aswin/Documents/data-engineering-practice/ETL_Airflow_DBT/airflow/airflow_env/lib/python3.11/site-packages/airflow/example_dags/example_xcomargs.py
[2026-02-24T04:43:19.272+0530] {processor.py:830} INFO - Processing file /Users/aswin/Documents/data-engineering-practice/ETL_Airflow_DBT/airflow/airflow_env/lib/python3.11/site-packages/airflow/example_dags/example_xcomargs.py for tasks to queue
[2026-02-24T04:43:19.272+0530] {logging_mixin.py:188} INFO - [2026-02-24T04:43:19.272+0530] {dagbag.py:540} INFO - Filling up the DagBag from /Users/aswin/Documents/data-engineering-practice/ETL_Airflow_DBT/airflow/airflow_env/lib/python3.11/site-packages/airflow/example_dags/example_xcomargs.py
[2026-02-24T04:43:19.287+0530] {processor.py:840} INFO - DAG(s) 'example_xcom_args_with_operators', 'example_xcom_args' retrieved from /Users/aswin/Documents/data-engineering-practice/ETL_Airflow_DBT/airflow/airflow_env/lib/python3.11/site-packages/airflow/example_dags/example_xcomargs.py
[2026-02-24T04:43:19.317+0530] {logging_mixin.py:188} INFO - [2026-02-24T04:43:19.317+0530] {dag.py:3096} INFO - Sync 2 DAGs
[2026-02-24T04:43:19.320+0530] {logging_mixin.py:188} INFO - [2026-02-24T04:43:19.320+0530] {dag.py:3954} INFO - Setting next_dagrun for example_xcom_args to None, run_after=None
[2026-02-24T04:43:19.321+0530] {logging_mixin.py:188} INFO - [2026-02-24T04:43:19.321+0530] {dag.py:3954} INFO - Setting next_dagrun for example_xcom_args_with_operators to None, run_after=None
[2026-02-24T04:43:19.326+0530] {processor.py:183} INFO - Processing /Users/aswin/Documents/data-engineering-practice/ETL_Airflow_DBT/airflow/airflow_env/lib/python3.11/site-packages/airflow/example_dags/example_xcomargs.py took 0.057 seconds
[2026-02-24T04:44:44.913+0530] {processor.py:161} INFO - Started process (PID=42763) to work on /Users/aswin/Documents/data-engineering-practice/ETL_Airflow_DBT/airflow/airflow_env/lib/python3.11/site-packages/airflow/example_dags/example_xcomargs.py
[2026-02-24T04:44:44.914+0530] {processor.py:830} INFO - Processing file /Users/aswin/Documents/data-engineering-practice/ETL_Airflow_DBT/airflow/airflow_env/lib/python3.11/site-packages/airflow/example_dags/example_xcomargs.py for tasks to queue
[2026-02-24T04:44:44.914+0530] {logging_mixin.py:188} INFO - [2026-02-24T04:44:44.914+0530] {dagbag.py:540} INFO - Filling up the DagBag from /Users/aswin/Documents/data-engineering-practice/ETL_Airflow_DBT/airflow/airflow_env/lib/python3.11/site-packages/airflow/example_dags/example_xcomargs.py
[2026-02-24T04:44:44.928+0530] {processor.py:840} INFO - DAG(s) 'example_xcom_args_with_operators', 'example_xcom_args' retrieved from /Users/aswin/Documents/data-engineering-practice/ETL_Airflow_DBT/airflow/airflow_env/lib/python3.11/site-packages/airflow/example_dags/example_xcomargs.py
[2026-02-24T04:44:44.957+0530] {logging_mixin.py:188} INFO - [2026-02-24T04:44:44.957+0530] {dag.py:3096} INFO - Sync 2 DAGs
[2026-02-24T04:44:44.960+0530] {logging_mixin.py:188} INFO - [2026-02-24T04:44:44.960+0530] {dag.py:3954} INFO - Setting next_dagrun for example_xcom_args to None, run_after=None
[2026-02-24T04:44:44.961+0530] {logging_mixin.py:188} INFO - [2026-02-24T04:44:44.961+0530] {dag.py:3954} INFO - Setting next_dagrun for example_xcom_args_with_operators to None, run_after=None
[2026-02-24T04:44:44.967+0530] {processor.py:183} INFO - Processing /Users/aswin/Documents/data-engineering-practice/ETL_Airflow_DBT/airflow/airflow_env/lib/python3.11/site-packages/airflow/example_dags/example_xcomargs.py took 0.055 seconds
[2026-02-24T04:45:29.396+0530] {processor.py:161} INFO - Started process (PID=42802) to work on /Users/aswin/Documents/data-engineering-practice/ETL_Airflow_DBT/airflow/airflow_env/lib/python3.11/site-packages/airflow/example_dags/example_xcomargs.py
[2026-02-24T04:45:29.397+0530] {processor.py:830} INFO - Processing file /Users/aswin/Documents/data-engineering-practice/ETL_Airflow_DBT/airflow/airflow_env/lib/python3.11/site-packages/airflow/example_dags/example_xcomargs.py for tasks to queue
[2026-02-24T04:45:29.397+0530] {logging_mixin.py:188} INFO - [2026-02-24T04:45:29.397+0530] {dagbag.py:540} INFO - Filling up the DagBag from /Users/aswin/Documents/data-engineering-practice/ETL_Airflow_DBT/airflow/airflow_env/lib/python3.11/site-packages/airflow/example_dags/example_xcomargs.py
[2026-02-24T04:45:29.411+0530] {processor.py:840} INFO - DAG(s) 'example_xcom_args_with_operators', 'example_xcom_args' retrieved from /Users/aswin/Documents/data-engineering-practice/ETL_Airflow_DBT/airflow/airflow_env/lib/python3.11/site-packages/airflow/example_dags/example_xcomargs.py
[2026-02-24T04:45:29.440+0530] {logging_mixin.py:188} INFO - [2026-02-24T04:45:29.440+0530] {dag.py:3096} INFO - Sync 2 DAGs
[2026-02-24T04:45:29.443+0530] {logging_mixin.py:188} INFO - [2026-02-24T04:45:29.443+0530] {dag.py:3954} INFO - Setting next_dagrun for example_xcom_args to None, run_after=None
[2026-02-24T04:45:29.444+0530] {logging_mixin.py:188} INFO - [2026-02-24T04:45:29.444+0530] {dag.py:3954} INFO - Setting next_dagrun for example_xcom_args_with_operators to None, run_after=None
[2026-02-24T04:45:29.449+0530] {processor.py:183} INFO - Processing /Users/aswin/Documents/data-engineering-practice/ETL_Airflow_DBT/airflow/airflow_env/lib/python3.11/site-packages/airflow/example_dags/example_xcomargs.py took 0.054 seconds
[2026-02-24T04:46:55.885+0530] {processor.py:161} INFO - Started process (PID=42871) to work on /Users/aswin/Documents/data-engineering-practice/ETL_Airflow_DBT/airflow/airflow_env/lib/python3.11/site-packages/airflow/example_dags/example_xcomargs.py
[2026-02-24T04:46:55.886+0530] {processor.py:830} INFO - Processing file /Users/aswin/Documents/data-engineering-practice/ETL_Airflow_DBT/airflow/airflow_env/lib/python3.11/site-packages/airflow/example_dags/example_xcomargs.py for tasks to queue
[2026-02-24T04:46:55.886+0530] {logging_mixin.py:188} INFO - [2026-02-24T04:46:55.886+0530] {dagbag.py:540} INFO - Filling up the DagBag from /Users/aswin/Documents/data-engineering-practice/ETL_Airflow_DBT/airflow/airflow_env/lib/python3.11/site-packages/airflow/example_dags/example_xcomargs.py
[2026-02-24T04:46:55.900+0530] {processor.py:840} INFO - DAG(s) 'example_xcom_args', 'example_xcom_args_with_operators' retrieved from /Users/aswin/Documents/data-engineering-practice/ETL_Airflow_DBT/airflow/airflow_env/lib/python3.11/site-packages/airflow/example_dags/example_xcomargs.py
[2026-02-24T04:46:55.929+0530] {logging_mixin.py:188} INFO - [2026-02-24T04:46:55.929+0530] {dag.py:3096} INFO - Sync 2 DAGs
[2026-02-24T04:46:55.932+0530] {logging_mixin.py:188} INFO - [2026-02-24T04:46:55.932+0530] {dag.py:3954} INFO - Setting next_dagrun for example_xcom_args to None, run_after=None
[2026-02-24T04:46:55.933+0530] {logging_mixin.py:188} INFO - [2026-02-24T04:46:55.933+0530] {dag.py:3954} INFO - Setting next_dagrun for example_xcom_args_with_operators to None, run_after=None
[2026-02-24T04:46:55.938+0530] {processor.py:183} INFO - Processing /Users/aswin/Documents/data-engineering-practice/ETL_Airflow_DBT/airflow/airflow_env/lib/python3.11/site-packages/airflow/example_dags/example_xcomargs.py took 0.054 seconds
[2026-02-24T04:47:41.473+0530] {processor.py:161} INFO - Started process (PID=42904) to work on /Users/aswin/Documents/data-engineering-practice/ETL_Airflow_DBT/airflow/airflow_env/lib/python3.11/site-packages/airflow/example_dags/example_xcomargs.py
[2026-02-24T04:47:41.474+0530] {processor.py:830} INFO - Processing file /Users/aswin/Documents/data-engineering-practice/ETL_Airflow_DBT/airflow/airflow_env/lib/python3.11/site-packages/airflow/example_dags/example_xcomargs.py for tasks to queue
[2026-02-24T04:47:41.474+0530] {logging_mixin.py:188} INFO - [2026-02-24T04:47:41.474+0530] {dagbag.py:540} INFO - Filling up the DagBag from /Users/aswin/Documents/data-engineering-practice/ETL_Airflow_DBT/airflow/airflow_env/lib/python3.11/site-packages/airflow/example_dags/example_xcomargs.py
[2026-02-24T04:47:41.487+0530] {processor.py:840} INFO - DAG(s) 'example_xcom_args_with_operators', 'example_xcom_args' retrieved from /Users/aswin/Documents/data-engineering-practice/ETL_Airflow_DBT/airflow/airflow_env/lib/python3.11/site-packages/airflow/example_dags/example_xcomargs.py
[2026-02-24T04:47:41.517+0530] {logging_mixin.py:188} INFO - [2026-02-24T04:47:41.517+0530] {dag.py:3096} INFO - Sync 2 DAGs
[2026-02-24T04:47:41.519+0530] {logging_mixin.py:188} INFO - [2026-02-24T04:47:41.519+0530] {dag.py:3954} INFO - Setting next_dagrun for example_xcom_args to None, run_after=None
[2026-02-24T04:47:41.520+0530] {logging_mixin.py:188} INFO - [2026-02-24T04:47:41.520+0530] {dag.py:3954} INFO - Setting next_dagrun for example_xcom_args_with_operators to None, run_after=None
[2026-02-24T04:47:41.525+0530] {processor.py:183} INFO - Processing /Users/aswin/Documents/data-engineering-practice/ETL_Airflow_DBT/airflow/airflow_env/lib/python3.11/site-packages/airflow/example_dags/example_xcomargs.py took 0.054 seconds
[2026-02-24T04:48:27.891+0530] {processor.py:161} INFO - Started process (PID=42944) to work on /Users/aswin/Documents/data-engineering-practice/ETL_Airflow_DBT/airflow/airflow_env/lib/python3.11/site-packages/airflow/example_dags/example_xcomargs.py
[2026-02-24T04:48:27.892+0530] {processor.py:830} INFO - Processing file /Users/aswin/Documents/data-engineering-practice/ETL_Airflow_DBT/airflow/airflow_env/lib/python3.11/site-packages/airflow/example_dags/example_xcomargs.py for tasks to queue
[2026-02-24T04:48:27.892+0530] {logging_mixin.py:188} INFO - [2026-02-24T04:48:27.892+0530] {dagbag.py:540} INFO - Filling up the DagBag from /Users/aswin/Documents/data-engineering-practice/ETL_Airflow_DBT/airflow/airflow_env/lib/python3.11/site-packages/airflow/example_dags/example_xcomargs.py
[2026-02-24T04:48:27.906+0530] {processor.py:840} INFO - DAG(s) 'example_xcom_args', 'example_xcom_args_with_operators' retrieved from /Users/aswin/Documents/data-engineering-practice/ETL_Airflow_DBT/airflow/airflow_env/lib/python3.11/site-packages/airflow/example_dags/example_xcomargs.py
[2026-02-24T04:48:27.937+0530] {logging_mixin.py:188} INFO - [2026-02-24T04:48:27.936+0530] {dag.py:3096} INFO - Sync 2 DAGs
[2026-02-24T04:48:27.939+0530] {logging_mixin.py:188} INFO - [2026-02-24T04:48:27.939+0530] {dag.py:3954} INFO - Setting next_dagrun for example_xcom_args to None, run_after=None
[2026-02-24T04:48:27.940+0530] {logging_mixin.py:188} INFO - [2026-02-24T04:48:27.940+0530] {dag.py:3954} INFO - Setting next_dagrun for example_xcom_args_with_operators to None, run_after=None
[2026-02-24T04:48:27.946+0530] {processor.py:183} INFO - Processing /Users/aswin/Documents/data-engineering-practice/ETL_Airflow_DBT/airflow/airflow_env/lib/python3.11/site-packages/airflow/example_dags/example_xcomargs.py took 0.056 seconds
[2026-02-24T04:49:18.983+0530] {processor.py:161} INFO - Started process (PID=42979) to work on /Users/aswin/Documents/data-engineering-practice/ETL_Airflow_DBT/airflow/airflow_env/lib/python3.11/site-packages/airflow/example_dags/example_xcomargs.py
[2026-02-24T04:49:18.984+0530] {processor.py:830} INFO - Processing file /Users/aswin/Documents/data-engineering-practice/ETL_Airflow_DBT/airflow/airflow_env/lib/python3.11/site-packages/airflow/example_dags/example_xcomargs.py for tasks to queue
[2026-02-24T04:49:18.984+0530] {logging_mixin.py:188} INFO - [2026-02-24T04:49:18.984+0530] {dagbag.py:540} INFO - Filling up the DagBag from /Users/aswin/Documents/data-engineering-practice/ETL_Airflow_DBT/airflow/airflow_env/lib/python3.11/site-packages/airflow/example_dags/example_xcomargs.py
[2026-02-24T04:49:18.998+0530] {processor.py:840} INFO - DAG(s) 'example_xcom_args_with_operators', 'example_xcom_args' retrieved from /Users/aswin/Documents/data-engineering-practice/ETL_Airflow_DBT/airflow/airflow_env/lib/python3.11/site-packages/airflow/example_dags/example_xcomargs.py
[2026-02-24T04:49:19.028+0530] {logging_mixin.py:188} INFO - [2026-02-24T04:49:19.028+0530] {dag.py:3096} INFO - Sync 2 DAGs
[2026-02-24T04:49:19.031+0530] {logging_mixin.py:188} INFO - [2026-02-24T04:49:19.031+0530] {dag.py:3954} INFO - Setting next_dagrun for example_xcom_args to None, run_after=None
[2026-02-24T04:49:19.032+0530] {logging_mixin.py:188} INFO - [2026-02-24T04:49:19.032+0530] {dag.py:3954} INFO - Setting next_dagrun for example_xcom_args_with_operators to None, run_after=None
[2026-02-24T04:49:19.037+0530] {processor.py:183} INFO - Processing /Users/aswin/Documents/data-engineering-practice/ETL_Airflow_DBT/airflow/airflow_env/lib/python3.11/site-packages/airflow/example_dags/example_xcomargs.py took 0.055 seconds
[2026-02-24T04:50:10.789+0530] {processor.py:161} INFO - Started process (PID=43014) to work on /Users/aswin/Documents/data-engineering-practice/ETL_Airflow_DBT/airflow/airflow_env/lib/python3.11/site-packages/airflow/example_dags/example_xcomargs.py
[2026-02-24T04:50:10.790+0530] {processor.py:830} INFO - Processing file /Users/aswin/Documents/data-engineering-practice/ETL_Airflow_DBT/airflow/airflow_env/lib/python3.11/site-packages/airflow/example_dags/example_xcomargs.py for tasks to queue
[2026-02-24T04:50:10.790+0530] {logging_mixin.py:188} INFO - [2026-02-24T04:50:10.790+0530] {dagbag.py:540} INFO - Filling up the DagBag from /Users/aswin/Documents/data-engineering-practice/ETL_Airflow_DBT/airflow/airflow_env/lib/python3.11/site-packages/airflow/example_dags/example_xcomargs.py
[2026-02-24T04:50:10.804+0530] {processor.py:840} INFO - DAG(s) 'example_xcom_args_with_operators', 'example_xcom_args' retrieved from /Users/aswin/Documents/data-engineering-practice/ETL_Airflow_DBT/airflow/airflow_env/lib/python3.11/site-packages/airflow/example_dags/example_xcomargs.py
[2026-02-24T04:50:10.834+0530] {logging_mixin.py:188} INFO - [2026-02-24T04:50:10.834+0530] {dag.py:3096} INFO - Sync 2 DAGs
[2026-02-24T04:50:10.837+0530] {logging_mixin.py:188} INFO - [2026-02-24T04:50:10.837+0530] {dag.py:3954} INFO - Setting next_dagrun for example_xcom_args to None, run_after=None
[2026-02-24T04:50:10.838+0530] {logging_mixin.py:188} INFO - [2026-02-24T04:50:10.838+0530] {dag.py:3954} INFO - Setting next_dagrun for example_xcom_args_with_operators to None, run_after=None
[2026-02-24T04:50:10.844+0530] {processor.py:183} INFO - Processing /Users/aswin/Documents/data-engineering-practice/ETL_Airflow_DBT/airflow/airflow_env/lib/python3.11/site-packages/airflow/example_dags/example_xcomargs.py took 0.056 seconds
[2026-02-24T04:51:00.841+0530] {processor.py:161} INFO - Started process (PID=43054) to work on /Users/aswin/Documents/data-engineering-practice/ETL_Airflow_DBT/airflow/airflow_env/lib/python3.11/site-packages/airflow/example_dags/example_xcomargs.py
[2026-02-24T04:51:00.842+0530] {processor.py:830} INFO - Processing file /Users/aswin/Documents/data-engineering-practice/ETL_Airflow_DBT/airflow/airflow_env/lib/python3.11/site-packages/airflow/example_dags/example_xcomargs.py for tasks to queue
[2026-02-24T04:51:00.843+0530] {logging_mixin.py:188} INFO - [2026-02-24T04:51:00.842+0530] {dagbag.py:540} INFO - Filling up the DagBag from /Users/aswin/Documents/data-engineering-practice/ETL_Airflow_DBT/airflow/airflow_env/lib/python3.11/site-packages/airflow/example_dags/example_xcomargs.py
[2026-02-24T04:51:00.856+0530] {processor.py:840} INFO - DAG(s) 'example_xcom_args', 'example_xcom_args_with_operators' retrieved from /Users/aswin/Documents/data-engineering-practice/ETL_Airflow_DBT/airflow/airflow_env/lib/python3.11/site-packages/airflow/example_dags/example_xcomargs.py
[2026-02-24T04:51:00.887+0530] {logging_mixin.py:188} INFO - [2026-02-24T04:51:00.886+0530] {dag.py:3096} INFO - Sync 2 DAGs
[2026-02-24T04:51:00.889+0530] {logging_mixin.py:188} INFO - [2026-02-24T04:51:00.889+0530] {dag.py:3954} INFO - Setting next_dagrun for example_xcom_args to None, run_after=None
[2026-02-24T04:51:00.890+0530] {logging_mixin.py:188} INFO - [2026-02-24T04:51:00.890+0530] {dag.py:3954} INFO - Setting next_dagrun for example_xcom_args_with_operators to None, run_after=None
[2026-02-24T04:51:00.896+0530] {processor.py:183} INFO - Processing /Users/aswin/Documents/data-engineering-practice/ETL_Airflow_DBT/airflow/airflow_env/lib/python3.11/site-packages/airflow/example_dags/example_xcomargs.py took 0.055 seconds
[2026-02-24T04:51:47.289+0530] {processor.py:161} INFO - Started process (PID=43089) to work on /Users/aswin/Documents/data-engineering-practice/ETL_Airflow_DBT/airflow/airflow_env/lib/python3.11/site-packages/airflow/example_dags/example_xcomargs.py
[2026-02-24T04:51:47.290+0530] {processor.py:830} INFO - Processing file /Users/aswin/Documents/data-engineering-practice/ETL_Airflow_DBT/airflow/airflow_env/lib/python3.11/site-packages/airflow/example_dags/example_xcomargs.py for tasks to queue
[2026-02-24T04:51:47.290+0530] {logging_mixin.py:188} INFO - [2026-02-24T04:51:47.290+0530] {dagbag.py:540} INFO - Filling up the DagBag from /Users/aswin/Documents/data-engineering-practice/ETL_Airflow_DBT/airflow/airflow_env/lib/python3.11/site-packages/airflow/example_dags/example_xcomargs.py
[2026-02-24T04:51:47.304+0530] {processor.py:840} INFO - DAG(s) 'example_xcom_args', 'example_xcom_args_with_operators' retrieved from /Users/aswin/Documents/data-engineering-practice/ETL_Airflow_DBT/airflow/airflow_env/lib/python3.11/site-packages/airflow/example_dags/example_xcomargs.py
[2026-02-24T04:51:47.341+0530] {logging_mixin.py:188} INFO - [2026-02-24T04:51:47.341+0530] {dag.py:3096} INFO - Sync 2 DAGs
[2026-02-24T04:51:47.344+0530] {logging_mixin.py:188} INFO - [2026-02-24T04:51:47.344+0530] {dag.py:3954} INFO - Setting next_dagrun for example_xcom_args to None, run_after=None
[2026-02-24T04:51:47.345+0530] {logging_mixin.py:188} INFO - [2026-02-24T04:51:47.345+0530] {dag.py:3954} INFO - Setting next_dagrun for example_xcom_args_with_operators to None, run_after=None
[2026-02-24T04:51:47.352+0530] {processor.py:183} INFO - Processing /Users/aswin/Documents/data-engineering-practice/ETL_Airflow_DBT/airflow/airflow_env/lib/python3.11/site-packages/airflow/example_dags/example_xcomargs.py took 0.065 seconds
[2026-02-24T04:52:34.649+0530] {processor.py:161} INFO - Started process (PID=43123) to work on /Users/aswin/Documents/data-engineering-practice/ETL_Airflow_DBT/airflow/airflow_env/lib/python3.11/site-packages/airflow/example_dags/example_xcomargs.py
[2026-02-24T04:52:34.650+0530] {processor.py:830} INFO - Processing file /Users/aswin/Documents/data-engineering-practice/ETL_Airflow_DBT/airflow/airflow_env/lib/python3.11/site-packages/airflow/example_dags/example_xcomargs.py for tasks to queue
[2026-02-24T04:52:34.651+0530] {logging_mixin.py:188} INFO - [2026-02-24T04:52:34.650+0530] {dagbag.py:540} INFO - Filling up the DagBag from /Users/aswin/Documents/data-engineering-practice/ETL_Airflow_DBT/airflow/airflow_env/lib/python3.11/site-packages/airflow/example_dags/example_xcomargs.py
[2026-02-24T04:52:34.664+0530] {processor.py:840} INFO - DAG(s) 'example_xcom_args_with_operators', 'example_xcom_args' retrieved from /Users/aswin/Documents/data-engineering-practice/ETL_Airflow_DBT/airflow/airflow_env/lib/python3.11/site-packages/airflow/example_dags/example_xcomargs.py
[2026-02-24T04:52:34.694+0530] {logging_mixin.py:188} INFO - [2026-02-24T04:52:34.694+0530] {dag.py:3096} INFO - Sync 2 DAGs
[2026-02-24T04:52:34.697+0530] {logging_mixin.py:188} INFO - [2026-02-24T04:52:34.697+0530] {dag.py:3954} INFO - Setting next_dagrun for example_xcom_args to None, run_after=None
[2026-02-24T04:52:34.698+0530] {logging_mixin.py:188} INFO - [2026-02-24T04:52:34.698+0530] {dag.py:3954} INFO - Setting next_dagrun for example_xcom_args_with_operators to None, run_after=None
[2026-02-24T04:52:34.703+0530] {processor.py:183} INFO - Processing /Users/aswin/Documents/data-engineering-practice/ETL_Airflow_DBT/airflow/airflow_env/lib/python3.11/site-packages/airflow/example_dags/example_xcomargs.py took 0.055 seconds
[2026-02-24T04:53:20.970+0530] {processor.py:161} INFO - Started process (PID=43159) to work on /Users/aswin/Documents/data-engineering-practice/ETL_Airflow_DBT/airflow/airflow_env/lib/python3.11/site-packages/airflow/example_dags/example_xcomargs.py
[2026-02-24T04:53:20.971+0530] {processor.py:830} INFO - Processing file /Users/aswin/Documents/data-engineering-practice/ETL_Airflow_DBT/airflow/airflow_env/lib/python3.11/site-packages/airflow/example_dags/example_xcomargs.py for tasks to queue
[2026-02-24T04:53:20.971+0530] {logging_mixin.py:188} INFO - [2026-02-24T04:53:20.971+0530] {dagbag.py:540} INFO - Filling up the DagBag from /Users/aswin/Documents/data-engineering-practice/ETL_Airflow_DBT/airflow/airflow_env/lib/python3.11/site-packages/airflow/example_dags/example_xcomargs.py
[2026-02-24T04:53:20.985+0530] {processor.py:840} INFO - DAG(s) 'example_xcom_args', 'example_xcom_args_with_operators' retrieved from /Users/aswin/Documents/data-engineering-practice/ETL_Airflow_DBT/airflow/airflow_env/lib/python3.11/site-packages/airflow/example_dags/example_xcomargs.py
[2026-02-24T04:53:21.014+0530] {logging_mixin.py:188} INFO - [2026-02-24T04:53:21.014+0530] {dag.py:3096} INFO - Sync 2 DAGs
[2026-02-24T04:53:21.017+0530] {logging_mixin.py:188} INFO - [2026-02-24T04:53:21.017+0530] {dag.py:3954} INFO - Setting next_dagrun for example_xcom_args to None, run_after=None
[2026-02-24T04:53:21.018+0530] {logging_mixin.py:188} INFO - [2026-02-24T04:53:21.018+0530] {dag.py:3954} INFO - Setting next_dagrun for example_xcom_args_with_operators to None, run_after=None
[2026-02-24T04:53:21.023+0530] {processor.py:183} INFO - Processing /Users/aswin/Documents/data-engineering-practice/ETL_Airflow_DBT/airflow/airflow_env/lib/python3.11/site-packages/airflow/example_dags/example_xcomargs.py took 0.054 seconds
[2026-02-24T04:54:46.632+0530] {processor.py:161} INFO - Started process (PID=43225) to work on /Users/aswin/Documents/data-engineering-practice/ETL_Airflow_DBT/airflow/airflow_env/lib/python3.11/site-packages/airflow/example_dags/example_xcomargs.py
[2026-02-24T04:54:46.633+0530] {processor.py:830} INFO - Processing file /Users/aswin/Documents/data-engineering-practice/ETL_Airflow_DBT/airflow/airflow_env/lib/python3.11/site-packages/airflow/example_dags/example_xcomargs.py for tasks to queue
[2026-02-24T04:54:46.633+0530] {logging_mixin.py:188} INFO - [2026-02-24T04:54:46.633+0530] {dagbag.py:540} INFO - Filling up the DagBag from /Users/aswin/Documents/data-engineering-practice/ETL_Airflow_DBT/airflow/airflow_env/lib/python3.11/site-packages/airflow/example_dags/example_xcomargs.py
[2026-02-24T04:54:46.647+0530] {processor.py:840} INFO - DAG(s) 'example_xcom_args', 'example_xcom_args_with_operators' retrieved from /Users/aswin/Documents/data-engineering-practice/ETL_Airflow_DBT/airflow/airflow_env/lib/python3.11/site-packages/airflow/example_dags/example_xcomargs.py
[2026-02-24T04:54:46.676+0530] {logging_mixin.py:188} INFO - [2026-02-24T04:54:46.676+0530] {dag.py:3096} INFO - Sync 2 DAGs
[2026-02-24T04:54:46.679+0530] {logging_mixin.py:188} INFO - [2026-02-24T04:54:46.679+0530] {dag.py:3954} INFO - Setting next_dagrun for example_xcom_args to None, run_after=None
[2026-02-24T04:54:46.680+0530] {logging_mixin.py:188} INFO - [2026-02-24T04:54:46.680+0530] {dag.py:3954} INFO - Setting next_dagrun for example_xcom_args_with_operators to None, run_after=None
[2026-02-24T04:54:46.685+0530] {processor.py:183} INFO - Processing /Users/aswin/Documents/data-engineering-practice/ETL_Airflow_DBT/airflow/airflow_env/lib/python3.11/site-packages/airflow/example_dags/example_xcomargs.py took 0.054 seconds
[2026-02-24T04:55:32.040+0530] {processor.py:161} INFO - Started process (PID=43262) to work on /Users/aswin/Documents/data-engineering-practice/ETL_Airflow_DBT/airflow/airflow_env/lib/python3.11/site-packages/airflow/example_dags/example_xcomargs.py
[2026-02-24T04:55:32.041+0530] {processor.py:830} INFO - Processing file /Users/aswin/Documents/data-engineering-practice/ETL_Airflow_DBT/airflow/airflow_env/lib/python3.11/site-packages/airflow/example_dags/example_xcomargs.py for tasks to queue
[2026-02-24T04:55:32.041+0530] {logging_mixin.py:188} INFO - [2026-02-24T04:55:32.041+0530] {dagbag.py:540} INFO - Filling up the DagBag from /Users/aswin/Documents/data-engineering-practice/ETL_Airflow_DBT/airflow/airflow_env/lib/python3.11/site-packages/airflow/example_dags/example_xcomargs.py
[2026-02-24T04:55:32.055+0530] {processor.py:840} INFO - DAG(s) 'example_xcom_args_with_operators', 'example_xcom_args' retrieved from /Users/aswin/Documents/data-engineering-practice/ETL_Airflow_DBT/airflow/airflow_env/lib/python3.11/site-packages/airflow/example_dags/example_xcomargs.py
[2026-02-24T04:55:32.085+0530] {logging_mixin.py:188} INFO - [2026-02-24T04:55:32.085+0530] {dag.py:3096} INFO - Sync 2 DAGs
[2026-02-24T04:55:32.088+0530] {logging_mixin.py:188} INFO - [2026-02-24T04:55:32.088+0530] {dag.py:3954} INFO - Setting next_dagrun for example_xcom_args to None, run_after=None
[2026-02-24T04:55:32.089+0530] {logging_mixin.py:188} INFO - [2026-02-24T04:55:32.089+0530] {dag.py:3954} INFO - Setting next_dagrun for example_xcom_args_with_operators to None, run_after=None
[2026-02-24T04:55:32.094+0530] {processor.py:183} INFO - Processing /Users/aswin/Documents/data-engineering-practice/ETL_Airflow_DBT/airflow/airflow_env/lib/python3.11/site-packages/airflow/example_dags/example_xcomargs.py took 0.056 seconds
[2026-02-24T04:56:58.550+0530] {processor.py:161} INFO - Started process (PID=43339) to work on /Users/aswin/Documents/data-engineering-practice/ETL_Airflow_DBT/airflow/airflow_env/lib/python3.11/site-packages/airflow/example_dags/example_xcomargs.py
[2026-02-24T04:56:58.551+0530] {processor.py:830} INFO - Processing file /Users/aswin/Documents/data-engineering-practice/ETL_Airflow_DBT/airflow/airflow_env/lib/python3.11/site-packages/airflow/example_dags/example_xcomargs.py for tasks to queue
[2026-02-24T04:56:58.551+0530] {logging_mixin.py:188} INFO - [2026-02-24T04:56:58.551+0530] {dagbag.py:540} INFO - Filling up the DagBag from /Users/aswin/Documents/data-engineering-practice/ETL_Airflow_DBT/airflow/airflow_env/lib/python3.11/site-packages/airflow/example_dags/example_xcomargs.py
[2026-02-24T04:56:58.565+0530] {processor.py:840} INFO - DAG(s) 'example_xcom_args_with_operators', 'example_xcom_args' retrieved from /Users/aswin/Documents/data-engineering-practice/ETL_Airflow_DBT/airflow/airflow_env/lib/python3.11/site-packages/airflow/example_dags/example_xcomargs.py
[2026-02-24T04:56:58.595+0530] {logging_mixin.py:188} INFO - [2026-02-24T04:56:58.595+0530] {dag.py:3096} INFO - Sync 2 DAGs
[2026-02-24T04:56:58.598+0530] {logging_mixin.py:188} INFO - [2026-02-24T04:56:58.598+0530] {dag.py:3954} INFO - Setting next_dagrun for example_xcom_args to None, run_after=None
[2026-02-24T04:56:58.599+0530] {logging_mixin.py:188} INFO - [2026-02-24T04:56:58.599+0530] {dag.py:3954} INFO - Setting next_dagrun for example_xcom_args_with_operators to None, run_after=None
[2026-02-24T04:56:58.604+0530] {processor.py:183} INFO - Processing /Users/aswin/Documents/data-engineering-practice/ETL_Airflow_DBT/airflow/airflow_env/lib/python3.11/site-packages/airflow/example_dags/example_xcomargs.py took 0.055 seconds
[2026-02-24T04:57:49.686+0530] {processor.py:161} INFO - Started process (PID=43374) to work on /Users/aswin/Documents/data-engineering-practice/ETL_Airflow_DBT/airflow/airflow_env/lib/python3.11/site-packages/airflow/example_dags/example_xcomargs.py
[2026-02-24T04:57:49.687+0530] {processor.py:830} INFO - Processing file /Users/aswin/Documents/data-engineering-practice/ETL_Airflow_DBT/airflow/airflow_env/lib/python3.11/site-packages/airflow/example_dags/example_xcomargs.py for tasks to queue
[2026-02-24T04:57:49.687+0530] {logging_mixin.py:188} INFO - [2026-02-24T04:57:49.687+0530] {dagbag.py:540} INFO - Filling up the DagBag from /Users/aswin/Documents/data-engineering-practice/ETL_Airflow_DBT/airflow/airflow_env/lib/python3.11/site-packages/airflow/example_dags/example_xcomargs.py
[2026-02-24T04:57:49.701+0530] {processor.py:840} INFO - DAG(s) 'example_xcom_args_with_operators', 'example_xcom_args' retrieved from /Users/aswin/Documents/data-engineering-practice/ETL_Airflow_DBT/airflow/airflow_env/lib/python3.11/site-packages/airflow/example_dags/example_xcomargs.py
[2026-02-24T04:57:49.731+0530] {logging_mixin.py:188} INFO - [2026-02-24T04:57:49.731+0530] {dag.py:3096} INFO - Sync 2 DAGs
[2026-02-24T04:57:49.734+0530] {logging_mixin.py:188} INFO - [2026-02-24T04:57:49.734+0530] {dag.py:3954} INFO - Setting next_dagrun for example_xcom_args to None, run_after=None
[2026-02-24T04:57:49.735+0530] {logging_mixin.py:188} INFO - [2026-02-24T04:57:49.735+0530] {dag.py:3954} INFO - Setting next_dagrun for example_xcom_args_with_operators to None, run_after=None
[2026-02-24T04:57:49.740+0530] {processor.py:183} INFO - Processing /Users/aswin/Documents/data-engineering-practice/ETL_Airflow_DBT/airflow/airflow_env/lib/python3.11/site-packages/airflow/example_dags/example_xcomargs.py took 0.055 seconds
[2026-02-24T04:58:36.799+0530] {processor.py:161} INFO - Started process (PID=43410) to work on /Users/aswin/Documents/data-engineering-practice/ETL_Airflow_DBT/airflow/airflow_env/lib/python3.11/site-packages/airflow/example_dags/example_xcomargs.py
[2026-02-24T04:58:36.799+0530] {processor.py:830} INFO - Processing file /Users/aswin/Documents/data-engineering-practice/ETL_Airflow_DBT/airflow/airflow_env/lib/python3.11/site-packages/airflow/example_dags/example_xcomargs.py for tasks to queue
[2026-02-24T04:58:36.799+0530] {logging_mixin.py:188} INFO - [2026-02-24T04:58:36.799+0530] {dagbag.py:540} INFO - Filling up the DagBag from /Users/aswin/Documents/data-engineering-practice/ETL_Airflow_DBT/airflow/airflow_env/lib/python3.11/site-packages/airflow/example_dags/example_xcomargs.py
[2026-02-24T04:58:36.813+0530] {processor.py:840} INFO - DAG(s) 'example_xcom_args_with_operators', 'example_xcom_args' retrieved from /Users/aswin/Documents/data-engineering-practice/ETL_Airflow_DBT/airflow/airflow_env/lib/python3.11/site-packages/airflow/example_dags/example_xcomargs.py
[2026-02-24T04:58:36.842+0530] {logging_mixin.py:188} INFO - [2026-02-24T04:58:36.842+0530] {dag.py:3096} INFO - Sync 2 DAGs
[2026-02-24T04:58:36.845+0530] {logging_mixin.py:188} INFO - [2026-02-24T04:58:36.845+0530] {dag.py:3954} INFO - Setting next_dagrun for example_xcom_args to None, run_after=None
[2026-02-24T04:58:36.846+0530] {logging_mixin.py:188} INFO - [2026-02-24T04:58:36.846+0530] {dag.py:3954} INFO - Setting next_dagrun for example_xcom_args_with_operators to None, run_after=None
[2026-02-24T04:58:36.851+0530] {processor.py:183} INFO - Processing /Users/aswin/Documents/data-engineering-practice/ETL_Airflow_DBT/airflow/airflow_env/lib/python3.11/site-packages/airflow/example_dags/example_xcomargs.py took 0.053 seconds
[2026-02-24T05:00:02.500+0530] {processor.py:161} INFO - Started process (PID=43479) to work on /Users/aswin/Documents/data-engineering-practice/ETL_Airflow_DBT/airflow/airflow_env/lib/python3.11/site-packages/airflow/example_dags/example_xcomargs.py
[2026-02-24T05:00:02.501+0530] {processor.py:830} INFO - Processing file /Users/aswin/Documents/data-engineering-practice/ETL_Airflow_DBT/airflow/airflow_env/lib/python3.11/site-packages/airflow/example_dags/example_xcomargs.py for tasks to queue
[2026-02-24T05:00:02.501+0530] {logging_mixin.py:188} INFO - [2026-02-24T05:00:02.501+0530] {dagbag.py:540} INFO - Filling up the DagBag from /Users/aswin/Documents/data-engineering-practice/ETL_Airflow_DBT/airflow/airflow_env/lib/python3.11/site-packages/airflow/example_dags/example_xcomargs.py
[2026-02-24T05:00:02.515+0530] {processor.py:840} INFO - DAG(s) 'example_xcom_args', 'example_xcom_args_with_operators' retrieved from /Users/aswin/Documents/data-engineering-practice/ETL_Airflow_DBT/airflow/airflow_env/lib/python3.11/site-packages/airflow/example_dags/example_xcomargs.py
[2026-02-24T05:00:02.544+0530] {logging_mixin.py:188} INFO - [2026-02-24T05:00:02.544+0530] {dag.py:3096} INFO - Sync 2 DAGs
[2026-02-24T05:00:02.547+0530] {logging_mixin.py:188} INFO - [2026-02-24T05:00:02.547+0530] {dag.py:3954} INFO - Setting next_dagrun for example_xcom_args to None, run_after=None
[2026-02-24T05:00:02.548+0530] {logging_mixin.py:188} INFO - [2026-02-24T05:00:02.548+0530] {dag.py:3954} INFO - Setting next_dagrun for example_xcom_args_with_operators to None, run_after=None
[2026-02-24T05:00:02.553+0530] {processor.py:183} INFO - Processing /Users/aswin/Documents/data-engineering-practice/ETL_Airflow_DBT/airflow/airflow_env/lib/python3.11/site-packages/airflow/example_dags/example_xcomargs.py took 0.054 seconds
[2026-02-24T05:01:33.013+0530] {processor.py:161} INFO - Started process (PID=43564) to work on /Users/aswin/Documents/data-engineering-practice/ETL_Airflow_DBT/airflow/airflow_env/lib/python3.11/site-packages/airflow/example_dags/example_xcomargs.py
[2026-02-24T05:01:33.014+0530] {processor.py:830} INFO - Processing file /Users/aswin/Documents/data-engineering-practice/ETL_Airflow_DBT/airflow/airflow_env/lib/python3.11/site-packages/airflow/example_dags/example_xcomargs.py for tasks to queue
[2026-02-24T05:01:33.014+0530] {logging_mixin.py:188} INFO - [2026-02-24T05:01:33.014+0530] {dagbag.py:540} INFO - Filling up the DagBag from /Users/aswin/Documents/data-engineering-practice/ETL_Airflow_DBT/airflow/airflow_env/lib/python3.11/site-packages/airflow/example_dags/example_xcomargs.py
[2026-02-24T05:01:33.028+0530] {processor.py:840} INFO - DAG(s) 'example_xcom_args_with_operators', 'example_xcom_args' retrieved from /Users/aswin/Documents/data-engineering-practice/ETL_Airflow_DBT/airflow/airflow_env/lib/python3.11/site-packages/airflow/example_dags/example_xcomargs.py
[2026-02-24T05:01:33.058+0530] {logging_mixin.py:188} INFO - [2026-02-24T05:01:33.058+0530] {dag.py:3096} INFO - Sync 2 DAGs
[2026-02-24T05:01:33.060+0530] {logging_mixin.py:188} INFO - [2026-02-24T05:01:33.060+0530] {dag.py:3954} INFO - Setting next_dagrun for example_xcom_args to None, run_after=None
[2026-02-24T05:01:33.061+0530] {logging_mixin.py:188} INFO - [2026-02-24T05:01:33.061+0530] {dag.py:3954} INFO - Setting next_dagrun for example_xcom_args_with_operators to None, run_after=None
[2026-02-24T05:01:33.066+0530] {processor.py:183} INFO - Processing /Users/aswin/Documents/data-engineering-practice/ETL_Airflow_DBT/airflow/airflow_env/lib/python3.11/site-packages/airflow/example_dags/example_xcomargs.py took 0.054 seconds
[2026-02-24T05:02:19.779+0530] {processor.py:161} INFO - Started process (PID=43611) to work on /Users/aswin/Documents/data-engineering-practice/ETL_Airflow_DBT/airflow/airflow_env/lib/python3.11/site-packages/airflow/example_dags/example_xcomargs.py
[2026-02-24T05:02:19.779+0530] {processor.py:830} INFO - Processing file /Users/aswin/Documents/data-engineering-practice/ETL_Airflow_DBT/airflow/airflow_env/lib/python3.11/site-packages/airflow/example_dags/example_xcomargs.py for tasks to queue
[2026-02-24T05:02:19.779+0530] {logging_mixin.py:188} INFO - [2026-02-24T05:02:19.779+0530] {dagbag.py:540} INFO - Filling up the DagBag from /Users/aswin/Documents/data-engineering-practice/ETL_Airflow_DBT/airflow/airflow_env/lib/python3.11/site-packages/airflow/example_dags/example_xcomargs.py
[2026-02-24T05:02:19.794+0530] {processor.py:840} INFO - DAG(s) 'example_xcom_args_with_operators', 'example_xcom_args' retrieved from /Users/aswin/Documents/data-engineering-practice/ETL_Airflow_DBT/airflow/airflow_env/lib/python3.11/site-packages/airflow/example_dags/example_xcomargs.py
[2026-02-24T05:02:19.824+0530] {logging_mixin.py:188} INFO - [2026-02-24T05:02:19.823+0530] {dag.py:3096} INFO - Sync 2 DAGs
[2026-02-24T05:02:19.826+0530] {logging_mixin.py:188} INFO - [2026-02-24T05:02:19.826+0530] {dag.py:3954} INFO - Setting next_dagrun for example_xcom_args to None, run_after=None
[2026-02-24T05:02:19.827+0530] {logging_mixin.py:188} INFO - [2026-02-24T05:02:19.827+0530] {dag.py:3954} INFO - Setting next_dagrun for example_xcom_args_with_operators to None, run_after=None
[2026-02-24T05:02:19.832+0530] {processor.py:183} INFO - Processing /Users/aswin/Documents/data-engineering-practice/ETL_Airflow_DBT/airflow/airflow_env/lib/python3.11/site-packages/airflow/example_dags/example_xcomargs.py took 0.055 seconds
[2026-02-24T05:03:46.018+0530] {processor.py:161} INFO - Started process (PID=43723) to work on /Users/aswin/Documents/data-engineering-practice/ETL_Airflow_DBT/airflow/airflow_env/lib/python3.11/site-packages/airflow/example_dags/example_xcomargs.py
[2026-02-24T05:03:46.019+0530] {processor.py:830} INFO - Processing file /Users/aswin/Documents/data-engineering-practice/ETL_Airflow_DBT/airflow/airflow_env/lib/python3.11/site-packages/airflow/example_dags/example_xcomargs.py for tasks to queue
[2026-02-24T05:03:46.019+0530] {logging_mixin.py:188} INFO - [2026-02-24T05:03:46.019+0530] {dagbag.py:540} INFO - Filling up the DagBag from /Users/aswin/Documents/data-engineering-practice/ETL_Airflow_DBT/airflow/airflow_env/lib/python3.11/site-packages/airflow/example_dags/example_xcomargs.py
[2026-02-24T05:03:46.033+0530] {processor.py:840} INFO - DAG(s) 'example_xcom_args', 'example_xcom_args_with_operators' retrieved from /Users/aswin/Documents/data-engineering-practice/ETL_Airflow_DBT/airflow/airflow_env/lib/python3.11/site-packages/airflow/example_dags/example_xcomargs.py
[2026-02-24T05:03:46.064+0530] {logging_mixin.py:188} INFO - [2026-02-24T05:03:46.064+0530] {dag.py:3096} INFO - Sync 2 DAGs
[2026-02-24T05:03:46.067+0530] {logging_mixin.py:188} INFO - [2026-02-24T05:03:46.067+0530] {dag.py:3954} INFO - Setting next_dagrun for example_xcom_args to None, run_after=None
[2026-02-24T05:03:46.068+0530] {logging_mixin.py:188} INFO - [2026-02-24T05:03:46.068+0530] {dag.py:3954} INFO - Setting next_dagrun for example_xcom_args_with_operators to None, run_after=None
[2026-02-24T05:03:46.073+0530] {processor.py:183} INFO - Processing /Users/aswin/Documents/data-engineering-practice/ETL_Airflow_DBT/airflow/airflow_env/lib/python3.11/site-packages/airflow/example_dags/example_xcomargs.py took 0.056 seconds
[2026-02-24T05:04:34.620+0530] {processor.py:161} INFO - Started process (PID=43773) to work on /Users/aswin/Documents/data-engineering-practice/ETL_Airflow_DBT/airflow/airflow_env/lib/python3.11/site-packages/airflow/example_dags/example_xcomargs.py
[2026-02-24T05:04:34.621+0530] {processor.py:830} INFO - Processing file /Users/aswin/Documents/data-engineering-practice/ETL_Airflow_DBT/airflow/airflow_env/lib/python3.11/site-packages/airflow/example_dags/example_xcomargs.py for tasks to queue
[2026-02-24T05:04:34.621+0530] {logging_mixin.py:188} INFO - [2026-02-24T05:04:34.621+0530] {dagbag.py:540} INFO - Filling up the DagBag from /Users/aswin/Documents/data-engineering-practice/ETL_Airflow_DBT/airflow/airflow_env/lib/python3.11/site-packages/airflow/example_dags/example_xcomargs.py
[2026-02-24T05:04:34.636+0530] {processor.py:840} INFO - DAG(s) 'example_xcom_args', 'example_xcom_args_with_operators' retrieved from /Users/aswin/Documents/data-engineering-practice/ETL_Airflow_DBT/airflow/airflow_env/lib/python3.11/site-packages/airflow/example_dags/example_xcomargs.py
[2026-02-24T05:04:34.668+0530] {logging_mixin.py:188} INFO - [2026-02-24T05:04:34.668+0530] {dag.py:3096} INFO - Sync 2 DAGs
[2026-02-24T05:04:34.671+0530] {logging_mixin.py:188} INFO - [2026-02-24T05:04:34.671+0530] {dag.py:3954} INFO - Setting next_dagrun for example_xcom_args to None, run_after=None
[2026-02-24T05:04:34.672+0530] {logging_mixin.py:188} INFO - [2026-02-24T05:04:34.672+0530] {dag.py:3954} INFO - Setting next_dagrun for example_xcom_args_with_operators to None, run_after=None
[2026-02-24T05:04:34.677+0530] {processor.py:183} INFO - Processing /Users/aswin/Documents/data-engineering-practice/ETL_Airflow_DBT/airflow/airflow_env/lib/python3.11/site-packages/airflow/example_dags/example_xcomargs.py took 0.058 seconds
[2026-02-24T05:05:21.256+0530] {processor.py:161} INFO - Started process (PID=44610) to work on /Users/aswin/Documents/data-engineering-practice/ETL_Airflow_DBT/airflow/airflow_env/lib/python3.11/site-packages/airflow/example_dags/example_xcomargs.py
[2026-02-24T05:05:21.257+0530] {processor.py:830} INFO - Processing file /Users/aswin/Documents/data-engineering-practice/ETL_Airflow_DBT/airflow/airflow_env/lib/python3.11/site-packages/airflow/example_dags/example_xcomargs.py for tasks to queue
[2026-02-24T05:05:21.258+0530] {logging_mixin.py:188} INFO - [2026-02-24T05:05:21.257+0530] {dagbag.py:540} INFO - Filling up the DagBag from /Users/aswin/Documents/data-engineering-practice/ETL_Airflow_DBT/airflow/airflow_env/lib/python3.11/site-packages/airflow/example_dags/example_xcomargs.py
[2026-02-24T05:05:21.271+0530] {processor.py:840} INFO - DAG(s) 'example_xcom_args_with_operators', 'example_xcom_args' retrieved from /Users/aswin/Documents/data-engineering-practice/ETL_Airflow_DBT/airflow/airflow_env/lib/python3.11/site-packages/airflow/example_dags/example_xcomargs.py
[2026-02-24T05:05:21.301+0530] {logging_mixin.py:188} INFO - [2026-02-24T05:05:21.301+0530] {dag.py:3096} INFO - Sync 2 DAGs
[2026-02-24T05:05:21.304+0530] {logging_mixin.py:188} INFO - [2026-02-24T05:05:21.303+0530] {dag.py:3954} INFO - Setting next_dagrun for example_xcom_args to None, run_after=None
[2026-02-24T05:05:21.304+0530] {logging_mixin.py:188} INFO - [2026-02-24T05:05:21.304+0530] {dag.py:3954} INFO - Setting next_dagrun for example_xcom_args_with_operators to None, run_after=None
[2026-02-24T05:05:21.310+0530] {processor.py:183} INFO - Processing /Users/aswin/Documents/data-engineering-practice/ETL_Airflow_DBT/airflow/airflow_env/lib/python3.11/site-packages/airflow/example_dags/example_xcomargs.py took 0.054 seconds
[2026-02-24T05:06:08.555+0530] {processor.py:161} INFO - Started process (PID=44985) to work on /Users/aswin/Documents/data-engineering-practice/ETL_Airflow_DBT/airflow/airflow_env/lib/python3.11/site-packages/airflow/example_dags/example_xcomargs.py
[2026-02-24T05:06:08.556+0530] {processor.py:830} INFO - Processing file /Users/aswin/Documents/data-engineering-practice/ETL_Airflow_DBT/airflow/airflow_env/lib/python3.11/site-packages/airflow/example_dags/example_xcomargs.py for tasks to queue
[2026-02-24T05:06:08.557+0530] {logging_mixin.py:188} INFO - [2026-02-24T05:06:08.556+0530] {dagbag.py:540} INFO - Filling up the DagBag from /Users/aswin/Documents/data-engineering-practice/ETL_Airflow_DBT/airflow/airflow_env/lib/python3.11/site-packages/airflow/example_dags/example_xcomargs.py
[2026-02-24T05:06:08.570+0530] {processor.py:840} INFO - DAG(s) 'example_xcom_args_with_operators', 'example_xcom_args' retrieved from /Users/aswin/Documents/data-engineering-practice/ETL_Airflow_DBT/airflow/airflow_env/lib/python3.11/site-packages/airflow/example_dags/example_xcomargs.py
[2026-02-24T05:06:08.600+0530] {logging_mixin.py:188} INFO - [2026-02-24T05:06:08.600+0530] {dag.py:3096} INFO - Sync 2 DAGs
[2026-02-24T05:06:08.603+0530] {logging_mixin.py:188} INFO - [2026-02-24T05:06:08.603+0530] {dag.py:3954} INFO - Setting next_dagrun for example_xcom_args to None, run_after=None
[2026-02-24T05:06:08.604+0530] {logging_mixin.py:188} INFO - [2026-02-24T05:06:08.604+0530] {dag.py:3954} INFO - Setting next_dagrun for example_xcom_args_with_operators to None, run_after=None
[2026-02-24T05:06:08.609+0530] {processor.py:183} INFO - Processing /Users/aswin/Documents/data-engineering-practice/ETL_Airflow_DBT/airflow/airflow_env/lib/python3.11/site-packages/airflow/example_dags/example_xcomargs.py took 0.055 seconds
[2026-02-24T05:06:57.375+0530] {processor.py:161} INFO - Started process (PID=45025) to work on /Users/aswin/Documents/data-engineering-practice/ETL_Airflow_DBT/airflow/airflow_env/lib/python3.11/site-packages/airflow/example_dags/example_xcomargs.py
[2026-02-24T05:06:57.376+0530] {processor.py:830} INFO - Processing file /Users/aswin/Documents/data-engineering-practice/ETL_Airflow_DBT/airflow/airflow_env/lib/python3.11/site-packages/airflow/example_dags/example_xcomargs.py for tasks to queue
[2026-02-24T05:06:57.377+0530] {logging_mixin.py:188} INFO - [2026-02-24T05:06:57.377+0530] {dagbag.py:540} INFO - Filling up the DagBag from /Users/aswin/Documents/data-engineering-practice/ETL_Airflow_DBT/airflow/airflow_env/lib/python3.11/site-packages/airflow/example_dags/example_xcomargs.py
[2026-02-24T05:06:57.390+0530] {processor.py:840} INFO - DAG(s) 'example_xcom_args_with_operators', 'example_xcom_args' retrieved from /Users/aswin/Documents/data-engineering-practice/ETL_Airflow_DBT/airflow/airflow_env/lib/python3.11/site-packages/airflow/example_dags/example_xcomargs.py
[2026-02-24T05:06:57.419+0530] {logging_mixin.py:188} INFO - [2026-02-24T05:06:57.419+0530] {dag.py:3096} INFO - Sync 2 DAGs
[2026-02-24T05:06:57.422+0530] {logging_mixin.py:188} INFO - [2026-02-24T05:06:57.422+0530] {dag.py:3954} INFO - Setting next_dagrun for example_xcom_args to None, run_after=None
[2026-02-24T05:06:57.423+0530] {logging_mixin.py:188} INFO - [2026-02-24T05:06:57.423+0530] {dag.py:3954} INFO - Setting next_dagrun for example_xcom_args_with_operators to None, run_after=None
[2026-02-24T05:06:57.428+0530] {processor.py:183} INFO - Processing /Users/aswin/Documents/data-engineering-practice/ETL_Airflow_DBT/airflow/airflow_env/lib/python3.11/site-packages/airflow/example_dags/example_xcomargs.py took 0.054 seconds
[2026-02-24T05:07:45.369+0530] {processor.py:161} INFO - Started process (PID=45072) to work on /Users/aswin/Documents/data-engineering-practice/ETL_Airflow_DBT/airflow/airflow_env/lib/python3.11/site-packages/airflow/example_dags/example_xcomargs.py
[2026-02-24T05:07:45.370+0530] {processor.py:830} INFO - Processing file /Users/aswin/Documents/data-engineering-practice/ETL_Airflow_DBT/airflow/airflow_env/lib/python3.11/site-packages/airflow/example_dags/example_xcomargs.py for tasks to queue
[2026-02-24T05:07:45.370+0530] {logging_mixin.py:188} INFO - [2026-02-24T05:07:45.370+0530] {dagbag.py:540} INFO - Filling up the DagBag from /Users/aswin/Documents/data-engineering-practice/ETL_Airflow_DBT/airflow/airflow_env/lib/python3.11/site-packages/airflow/example_dags/example_xcomargs.py
[2026-02-24T05:07:45.385+0530] {processor.py:840} INFO - DAG(s) 'example_xcom_args', 'example_xcom_args_with_operators' retrieved from /Users/aswin/Documents/data-engineering-practice/ETL_Airflow_DBT/airflow/airflow_env/lib/python3.11/site-packages/airflow/example_dags/example_xcomargs.py
[2026-02-24T05:07:45.414+0530] {logging_mixin.py:188} INFO - [2026-02-24T05:07:45.414+0530] {dag.py:3096} INFO - Sync 2 DAGs
[2026-02-24T05:07:45.417+0530] {logging_mixin.py:188} INFO - [2026-02-24T05:07:45.417+0530] {dag.py:3954} INFO - Setting next_dagrun for example_xcom_args to None, run_after=None
[2026-02-24T05:07:45.418+0530] {logging_mixin.py:188} INFO - [2026-02-24T05:07:45.418+0530] {dag.py:3954} INFO - Setting next_dagrun for example_xcom_args_with_operators to None, run_after=None
[2026-02-24T05:07:45.423+0530] {processor.py:183} INFO - Processing /Users/aswin/Documents/data-engineering-practice/ETL_Airflow_DBT/airflow/airflow_env/lib/python3.11/site-packages/airflow/example_dags/example_xcomargs.py took 0.054 seconds
[2026-02-24T05:09:14.726+0530] {processor.py:161} INFO - Started process (PID=45141) to work on /Users/aswin/Documents/data-engineering-practice/ETL_Airflow_DBT/airflow/airflow_env/lib/python3.11/site-packages/airflow/example_dags/example_xcomargs.py
[2026-02-24T05:09:14.726+0530] {processor.py:830} INFO - Processing file /Users/aswin/Documents/data-engineering-practice/ETL_Airflow_DBT/airflow/airflow_env/lib/python3.11/site-packages/airflow/example_dags/example_xcomargs.py for tasks to queue
[2026-02-24T05:09:14.727+0530] {logging_mixin.py:188} INFO - [2026-02-24T05:09:14.726+0530] {dagbag.py:540} INFO - Filling up the DagBag from /Users/aswin/Documents/data-engineering-practice/ETL_Airflow_DBT/airflow/airflow_env/lib/python3.11/site-packages/airflow/example_dags/example_xcomargs.py
[2026-02-24T05:09:14.740+0530] {processor.py:840} INFO - DAG(s) 'example_xcom_args', 'example_xcom_args_with_operators' retrieved from /Users/aswin/Documents/data-engineering-practice/ETL_Airflow_DBT/airflow/airflow_env/lib/python3.11/site-packages/airflow/example_dags/example_xcomargs.py
[2026-02-24T05:09:14.770+0530] {logging_mixin.py:188} INFO - [2026-02-24T05:09:14.770+0530] {dag.py:3096} INFO - Sync 2 DAGs
[2026-02-24T05:09:14.773+0530] {logging_mixin.py:188} INFO - [2026-02-24T05:09:14.773+0530] {dag.py:3954} INFO - Setting next_dagrun for example_xcom_args to None, run_after=None
[2026-02-24T05:09:14.773+0530] {logging_mixin.py:188} INFO - [2026-02-24T05:09:14.773+0530] {dag.py:3954} INFO - Setting next_dagrun for example_xcom_args_with_operators to None, run_after=None
[2026-02-24T05:09:14.778+0530] {processor.py:183} INFO - Processing /Users/aswin/Documents/data-engineering-practice/ETL_Airflow_DBT/airflow/airflow_env/lib/python3.11/site-packages/airflow/example_dags/example_xcomargs.py took 0.054 seconds
[2026-02-24T05:10:39.876+0530] {processor.py:161} INFO - Started process (PID=45208) to work on /Users/aswin/Documents/data-engineering-practice/ETL_Airflow_DBT/airflow/airflow_env/lib/python3.11/site-packages/airflow/example_dags/example_xcomargs.py
[2026-02-24T05:10:39.877+0530] {processor.py:830} INFO - Processing file /Users/aswin/Documents/data-engineering-practice/ETL_Airflow_DBT/airflow/airflow_env/lib/python3.11/site-packages/airflow/example_dags/example_xcomargs.py for tasks to queue
[2026-02-24T05:10:39.877+0530] {logging_mixin.py:188} INFO - [2026-02-24T05:10:39.877+0530] {dagbag.py:540} INFO - Filling up the DagBag from /Users/aswin/Documents/data-engineering-practice/ETL_Airflow_DBT/airflow/airflow_env/lib/python3.11/site-packages/airflow/example_dags/example_xcomargs.py
[2026-02-24T05:10:39.892+0530] {processor.py:840} INFO - DAG(s) 'example_xcom_args_with_operators', 'example_xcom_args' retrieved from /Users/aswin/Documents/data-engineering-practice/ETL_Airflow_DBT/airflow/airflow_env/lib/python3.11/site-packages/airflow/example_dags/example_xcomargs.py
[2026-02-24T05:10:39.921+0530] {logging_mixin.py:188} INFO - [2026-02-24T05:10:39.921+0530] {dag.py:3096} INFO - Sync 2 DAGs
[2026-02-24T05:10:39.924+0530] {logging_mixin.py:188} INFO - [2026-02-24T05:10:39.924+0530] {dag.py:3954} INFO - Setting next_dagrun for example_xcom_args to None, run_after=None
[2026-02-24T05:10:39.925+0530] {logging_mixin.py:188} INFO - [2026-02-24T05:10:39.925+0530] {dag.py:3954} INFO - Setting next_dagrun for example_xcom_args_with_operators to None, run_after=None
[2026-02-24T05:10:39.930+0530] {processor.py:183} INFO - Processing /Users/aswin/Documents/data-engineering-practice/ETL_Airflow_DBT/airflow/airflow_env/lib/python3.11/site-packages/airflow/example_dags/example_xcomargs.py took 0.055 seconds
[2026-02-24T05:12:02.384+0530] {processor.py:161} INFO - Started process (PID=45274) to work on /Users/aswin/Documents/data-engineering-practice/ETL_Airflow_DBT/airflow/airflow_env/lib/python3.11/site-packages/airflow/example_dags/example_xcomargs.py
[2026-02-24T05:12:02.385+0530] {processor.py:830} INFO - Processing file /Users/aswin/Documents/data-engineering-practice/ETL_Airflow_DBT/airflow/airflow_env/lib/python3.11/site-packages/airflow/example_dags/example_xcomargs.py for tasks to queue
[2026-02-24T05:12:02.385+0530] {logging_mixin.py:188} INFO - [2026-02-24T05:12:02.385+0530] {dagbag.py:540} INFO - Filling up the DagBag from /Users/aswin/Documents/data-engineering-practice/ETL_Airflow_DBT/airflow/airflow_env/lib/python3.11/site-packages/airflow/example_dags/example_xcomargs.py
[2026-02-24T05:12:02.399+0530] {processor.py:840} INFO - DAG(s) 'example_xcom_args_with_operators', 'example_xcom_args' retrieved from /Users/aswin/Documents/data-engineering-practice/ETL_Airflow_DBT/airflow/airflow_env/lib/python3.11/site-packages/airflow/example_dags/example_xcomargs.py
[2026-02-24T05:12:02.429+0530] {logging_mixin.py:188} INFO - [2026-02-24T05:12:02.429+0530] {dag.py:3096} INFO - Sync 2 DAGs
[2026-02-24T05:12:02.432+0530] {logging_mixin.py:188} INFO - [2026-02-24T05:12:02.432+0530] {dag.py:3954} INFO - Setting next_dagrun for example_xcom_args to None, run_after=None
[2026-02-24T05:12:02.433+0530] {logging_mixin.py:188} INFO - [2026-02-24T05:12:02.433+0530] {dag.py:3954} INFO - Setting next_dagrun for example_xcom_args_with_operators to None, run_after=None
[2026-02-24T05:12:02.438+0530] {processor.py:183} INFO - Processing /Users/aswin/Documents/data-engineering-practice/ETL_Airflow_DBT/airflow/airflow_env/lib/python3.11/site-packages/airflow/example_dags/example_xcomargs.py took 0.055 seconds
[2026-02-24T05:13:32.309+0530] {processor.py:161} INFO - Started process (PID=45619) to work on /Users/aswin/Documents/data-engineering-practice/ETL_Airflow_DBT/airflow/airflow_env/lib/python3.11/site-packages/airflow/example_dags/example_xcomargs.py
[2026-02-24T05:13:32.309+0530] {processor.py:830} INFO - Processing file /Users/aswin/Documents/data-engineering-practice/ETL_Airflow_DBT/airflow/airflow_env/lib/python3.11/site-packages/airflow/example_dags/example_xcomargs.py for tasks to queue
[2026-02-24T05:13:32.310+0530] {logging_mixin.py:188} INFO - [2026-02-24T05:13:32.310+0530] {dagbag.py:540} INFO - Filling up the DagBag from /Users/aswin/Documents/data-engineering-practice/ETL_Airflow_DBT/airflow/airflow_env/lib/python3.11/site-packages/airflow/example_dags/example_xcomargs.py
[2026-02-24T05:13:32.323+0530] {processor.py:840} INFO - DAG(s) 'example_xcom_args', 'example_xcom_args_with_operators' retrieved from /Users/aswin/Documents/data-engineering-practice/ETL_Airflow_DBT/airflow/airflow_env/lib/python3.11/site-packages/airflow/example_dags/example_xcomargs.py
[2026-02-24T05:13:32.353+0530] {logging_mixin.py:188} INFO - [2026-02-24T05:13:32.353+0530] {dag.py:3096} INFO - Sync 2 DAGs
[2026-02-24T05:13:32.356+0530] {logging_mixin.py:188} INFO - [2026-02-24T05:13:32.356+0530] {dag.py:3954} INFO - Setting next_dagrun for example_xcom_args to None, run_after=None
[2026-02-24T05:13:32.357+0530] {logging_mixin.py:188} INFO - [2026-02-24T05:13:32.357+0530] {dag.py:3954} INFO - Setting next_dagrun for example_xcom_args_with_operators to None, run_after=None
[2026-02-24T05:13:32.362+0530] {processor.py:183} INFO - Processing /Users/aswin/Documents/data-engineering-practice/ETL_Airflow_DBT/airflow/airflow_env/lib/python3.11/site-packages/airflow/example_dags/example_xcomargs.py took 0.054 seconds
[2026-02-24T05:14:21.551+0530] {processor.py:161} INFO - Started process (PID=45725) to work on /Users/aswin/Documents/data-engineering-practice/ETL_Airflow_DBT/airflow/airflow_env/lib/python3.11/site-packages/airflow/example_dags/example_xcomargs.py
[2026-02-24T05:14:21.552+0530] {processor.py:830} INFO - Processing file /Users/aswin/Documents/data-engineering-practice/ETL_Airflow_DBT/airflow/airflow_env/lib/python3.11/site-packages/airflow/example_dags/example_xcomargs.py for tasks to queue
[2026-02-24T05:14:21.552+0530] {logging_mixin.py:188} INFO - [2026-02-24T05:14:21.552+0530] {dagbag.py:540} INFO - Filling up the DagBag from /Users/aswin/Documents/data-engineering-practice/ETL_Airflow_DBT/airflow/airflow_env/lib/python3.11/site-packages/airflow/example_dags/example_xcomargs.py
[2026-02-24T05:14:21.566+0530] {processor.py:840} INFO - DAG(s) 'example_xcom_args_with_operators', 'example_xcom_args' retrieved from /Users/aswin/Documents/data-engineering-practice/ETL_Airflow_DBT/airflow/airflow_env/lib/python3.11/site-packages/airflow/example_dags/example_xcomargs.py
[2026-02-24T05:14:21.595+0530] {logging_mixin.py:188} INFO - [2026-02-24T05:14:21.595+0530] {dag.py:3096} INFO - Sync 2 DAGs
[2026-02-24T05:14:21.598+0530] {logging_mixin.py:188} INFO - [2026-02-24T05:14:21.598+0530] {dag.py:3954} INFO - Setting next_dagrun for example_xcom_args to None, run_after=None
[2026-02-24T05:14:21.599+0530] {logging_mixin.py:188} INFO - [2026-02-24T05:14:21.599+0530] {dag.py:3954} INFO - Setting next_dagrun for example_xcom_args_with_operators to None, run_after=None
[2026-02-24T05:14:21.604+0530] {processor.py:183} INFO - Processing /Users/aswin/Documents/data-engineering-practice/ETL_Airflow_DBT/airflow/airflow_env/lib/python3.11/site-packages/airflow/example_dags/example_xcomargs.py took 0.054 seconds
[2026-02-24T05:15:50.671+0530] {processor.py:161} INFO - Started process (PID=45806) to work on /Users/aswin/Documents/data-engineering-practice/ETL_Airflow_DBT/airflow/airflow_env/lib/python3.11/site-packages/airflow/example_dags/example_xcomargs.py
[2026-02-24T05:15:50.672+0530] {processor.py:830} INFO - Processing file /Users/aswin/Documents/data-engineering-practice/ETL_Airflow_DBT/airflow/airflow_env/lib/python3.11/site-packages/airflow/example_dags/example_xcomargs.py for tasks to queue
[2026-02-24T05:15:50.672+0530] {logging_mixin.py:188} INFO - [2026-02-24T05:15:50.672+0530] {dagbag.py:540} INFO - Filling up the DagBag from /Users/aswin/Documents/data-engineering-practice/ETL_Airflow_DBT/airflow/airflow_env/lib/python3.11/site-packages/airflow/example_dags/example_xcomargs.py
[2026-02-24T05:15:50.685+0530] {processor.py:840} INFO - DAG(s) 'example_xcom_args', 'example_xcom_args_with_operators' retrieved from /Users/aswin/Documents/data-engineering-practice/ETL_Airflow_DBT/airflow/airflow_env/lib/python3.11/site-packages/airflow/example_dags/example_xcomargs.py
[2026-02-24T05:15:50.714+0530] {logging_mixin.py:188} INFO - [2026-02-24T05:15:50.714+0530] {dag.py:3096} INFO - Sync 2 DAGs
[2026-02-24T05:15:50.717+0530] {logging_mixin.py:188} INFO - [2026-02-24T05:15:50.717+0530] {dag.py:3954} INFO - Setting next_dagrun for example_xcom_args to None, run_after=None
[2026-02-24T05:15:50.718+0530] {logging_mixin.py:188} INFO - [2026-02-24T05:15:50.718+0530] {dag.py:3954} INFO - Setting next_dagrun for example_xcom_args_with_operators to None, run_after=None
[2026-02-24T05:15:50.723+0530] {processor.py:183} INFO - Processing /Users/aswin/Documents/data-engineering-practice/ETL_Airflow_DBT/airflow/airflow_env/lib/python3.11/site-packages/airflow/example_dags/example_xcomargs.py took 0.053 seconds
[2026-02-24T05:16:38.709+0530] {processor.py:161} INFO - Started process (PID=46400) to work on /Users/aswin/Documents/data-engineering-practice/ETL_Airflow_DBT/airflow/airflow_env/lib/python3.11/site-packages/airflow/example_dags/example_xcomargs.py
[2026-02-24T05:16:38.710+0530] {processor.py:830} INFO - Processing file /Users/aswin/Documents/data-engineering-practice/ETL_Airflow_DBT/airflow/airflow_env/lib/python3.11/site-packages/airflow/example_dags/example_xcomargs.py for tasks to queue
[2026-02-24T05:16:38.711+0530] {logging_mixin.py:188} INFO - [2026-02-24T05:16:38.711+0530] {dagbag.py:540} INFO - Filling up the DagBag from /Users/aswin/Documents/data-engineering-practice/ETL_Airflow_DBT/airflow/airflow_env/lib/python3.11/site-packages/airflow/example_dags/example_xcomargs.py
[2026-02-24T05:16:38.725+0530] {processor.py:840} INFO - DAG(s) 'example_xcom_args', 'example_xcom_args_with_operators' retrieved from /Users/aswin/Documents/data-engineering-practice/ETL_Airflow_DBT/airflow/airflow_env/lib/python3.11/site-packages/airflow/example_dags/example_xcomargs.py
[2026-02-24T05:16:38.756+0530] {logging_mixin.py:188} INFO - [2026-02-24T05:16:38.756+0530] {dag.py:3096} INFO - Sync 2 DAGs
[2026-02-24T05:16:38.759+0530] {logging_mixin.py:188} INFO - [2026-02-24T05:16:38.759+0530] {dag.py:3954} INFO - Setting next_dagrun for example_xcom_args to None, run_after=None
[2026-02-24T05:16:38.760+0530] {logging_mixin.py:188} INFO - [2026-02-24T05:16:38.760+0530] {dag.py:3954} INFO - Setting next_dagrun for example_xcom_args_with_operators to None, run_after=None
[2026-02-24T05:16:38.765+0530] {processor.py:183} INFO - Processing /Users/aswin/Documents/data-engineering-practice/ETL_Airflow_DBT/airflow/airflow_env/lib/python3.11/site-packages/airflow/example_dags/example_xcomargs.py took 0.057 seconds
[2026-02-24T05:18:07.056+0530] {processor.py:161} INFO - Started process (PID=46476) to work on /Users/aswin/Documents/data-engineering-practice/ETL_Airflow_DBT/airflow/airflow_env/lib/python3.11/site-packages/airflow/example_dags/example_xcomargs.py
[2026-02-24T05:18:07.057+0530] {processor.py:830} INFO - Processing file /Users/aswin/Documents/data-engineering-practice/ETL_Airflow_DBT/airflow/airflow_env/lib/python3.11/site-packages/airflow/example_dags/example_xcomargs.py for tasks to queue
[2026-02-24T05:18:07.057+0530] {logging_mixin.py:188} INFO - [2026-02-24T05:18:07.057+0530] {dagbag.py:540} INFO - Filling up the DagBag from /Users/aswin/Documents/data-engineering-practice/ETL_Airflow_DBT/airflow/airflow_env/lib/python3.11/site-packages/airflow/example_dags/example_xcomargs.py
[2026-02-24T05:18:07.072+0530] {processor.py:840} INFO - DAG(s) 'example_xcom_args_with_operators', 'example_xcom_args' retrieved from /Users/aswin/Documents/data-engineering-practice/ETL_Airflow_DBT/airflow/airflow_env/lib/python3.11/site-packages/airflow/example_dags/example_xcomargs.py
[2026-02-24T05:18:07.103+0530] {logging_mixin.py:188} INFO - [2026-02-24T05:18:07.103+0530] {dag.py:3096} INFO - Sync 2 DAGs
[2026-02-24T05:18:07.106+0530] {logging_mixin.py:188} INFO - [2026-02-24T05:18:07.106+0530] {dag.py:3954} INFO - Setting next_dagrun for example_xcom_args to None, run_after=None
[2026-02-24T05:18:07.107+0530] {logging_mixin.py:188} INFO - [2026-02-24T05:18:07.106+0530] {dag.py:3954} INFO - Setting next_dagrun for example_xcom_args_with_operators to None, run_after=None
[2026-02-24T05:18:07.112+0530] {processor.py:183} INFO - Processing /Users/aswin/Documents/data-engineering-practice/ETL_Airflow_DBT/airflow/airflow_env/lib/python3.11/site-packages/airflow/example_dags/example_xcomargs.py took 0.057 seconds
[2026-02-24T05:18:53.913+0530] {processor.py:161} INFO - Started process (PID=46512) to work on /Users/aswin/Documents/data-engineering-practice/ETL_Airflow_DBT/airflow/airflow_env/lib/python3.11/site-packages/airflow/example_dags/example_xcomargs.py
[2026-02-24T05:18:53.913+0530] {processor.py:830} INFO - Processing file /Users/aswin/Documents/data-engineering-practice/ETL_Airflow_DBT/airflow/airflow_env/lib/python3.11/site-packages/airflow/example_dags/example_xcomargs.py for tasks to queue
[2026-02-24T05:18:53.913+0530] {logging_mixin.py:188} INFO - [2026-02-24T05:18:53.913+0530] {dagbag.py:540} INFO - Filling up the DagBag from /Users/aswin/Documents/data-engineering-practice/ETL_Airflow_DBT/airflow/airflow_env/lib/python3.11/site-packages/airflow/example_dags/example_xcomargs.py
[2026-02-24T05:18:53.929+0530] {processor.py:840} INFO - DAG(s) 'example_xcom_args', 'example_xcom_args_with_operators' retrieved from /Users/aswin/Documents/data-engineering-practice/ETL_Airflow_DBT/airflow/airflow_env/lib/python3.11/site-packages/airflow/example_dags/example_xcomargs.py
[2026-02-24T05:18:53.959+0530] {logging_mixin.py:188} INFO - [2026-02-24T05:18:53.959+0530] {dag.py:3096} INFO - Sync 2 DAGs
[2026-02-24T05:18:53.962+0530] {logging_mixin.py:188} INFO - [2026-02-24T05:18:53.962+0530] {dag.py:3954} INFO - Setting next_dagrun for example_xcom_args to None, run_after=None
[2026-02-24T05:18:53.963+0530] {logging_mixin.py:188} INFO - [2026-02-24T05:18:53.963+0530] {dag.py:3954} INFO - Setting next_dagrun for example_xcom_args_with_operators to None, run_after=None
[2026-02-24T05:18:53.969+0530] {processor.py:183} INFO - Processing /Users/aswin/Documents/data-engineering-practice/ETL_Airflow_DBT/airflow/airflow_env/lib/python3.11/site-packages/airflow/example_dags/example_xcomargs.py took 0.057 seconds
[2026-02-24T05:19:42.068+0530] {processor.py:161} INFO - Started process (PID=46549) to work on /Users/aswin/Documents/data-engineering-practice/ETL_Airflow_DBT/airflow/airflow_env/lib/python3.11/site-packages/airflow/example_dags/example_xcomargs.py
[2026-02-24T05:19:42.068+0530] {processor.py:830} INFO - Processing file /Users/aswin/Documents/data-engineering-practice/ETL_Airflow_DBT/airflow/airflow_env/lib/python3.11/site-packages/airflow/example_dags/example_xcomargs.py for tasks to queue
[2026-02-24T05:19:42.069+0530] {logging_mixin.py:188} INFO - [2026-02-24T05:19:42.069+0530] {dagbag.py:540} INFO - Filling up the DagBag from /Users/aswin/Documents/data-engineering-practice/ETL_Airflow_DBT/airflow/airflow_env/lib/python3.11/site-packages/airflow/example_dags/example_xcomargs.py
[2026-02-24T05:19:42.083+0530] {processor.py:840} INFO - DAG(s) 'example_xcom_args_with_operators', 'example_xcom_args' retrieved from /Users/aswin/Documents/data-engineering-practice/ETL_Airflow_DBT/airflow/airflow_env/lib/python3.11/site-packages/airflow/example_dags/example_xcomargs.py
[2026-02-24T05:19:42.112+0530] {logging_mixin.py:188} INFO - [2026-02-24T05:19:42.112+0530] {dag.py:3096} INFO - Sync 2 DAGs
[2026-02-24T05:19:42.115+0530] {logging_mixin.py:188} INFO - [2026-02-24T05:19:42.115+0530] {dag.py:3954} INFO - Setting next_dagrun for example_xcom_args to None, run_after=None
[2026-02-24T05:19:42.116+0530] {logging_mixin.py:188} INFO - [2026-02-24T05:19:42.116+0530] {dag.py:3954} INFO - Setting next_dagrun for example_xcom_args_with_operators to None, run_after=None
[2026-02-24T05:19:42.121+0530] {processor.py:183} INFO - Processing /Users/aswin/Documents/data-engineering-practice/ETL_Airflow_DBT/airflow/airflow_env/lib/python3.11/site-packages/airflow/example_dags/example_xcomargs.py took 0.054 seconds
[2026-02-24T05:20:32.919+0530] {processor.py:161} INFO - Started process (PID=46600) to work on /Users/aswin/Documents/data-engineering-practice/ETL_Airflow_DBT/airflow/airflow_env/lib/python3.11/site-packages/airflow/example_dags/example_xcomargs.py
[2026-02-24T05:20:32.920+0530] {processor.py:830} INFO - Processing file /Users/aswin/Documents/data-engineering-practice/ETL_Airflow_DBT/airflow/airflow_env/lib/python3.11/site-packages/airflow/example_dags/example_xcomargs.py for tasks to queue
[2026-02-24T05:20:32.920+0530] {logging_mixin.py:188} INFO - [2026-02-24T05:20:32.920+0530] {dagbag.py:540} INFO - Filling up the DagBag from /Users/aswin/Documents/data-engineering-practice/ETL_Airflow_DBT/airflow/airflow_env/lib/python3.11/site-packages/airflow/example_dags/example_xcomargs.py
[2026-02-24T05:20:32.934+0530] {processor.py:840} INFO - DAG(s) 'example_xcom_args_with_operators', 'example_xcom_args' retrieved from /Users/aswin/Documents/data-engineering-practice/ETL_Airflow_DBT/airflow/airflow_env/lib/python3.11/site-packages/airflow/example_dags/example_xcomargs.py
[2026-02-24T05:20:32.963+0530] {logging_mixin.py:188} INFO - [2026-02-24T05:20:32.963+0530] {dag.py:3096} INFO - Sync 2 DAGs
[2026-02-24T05:20:32.966+0530] {logging_mixin.py:188} INFO - [2026-02-24T05:20:32.966+0530] {dag.py:3954} INFO - Setting next_dagrun for example_xcom_args to None, run_after=None
[2026-02-24T05:20:32.967+0530] {logging_mixin.py:188} INFO - [2026-02-24T05:20:32.967+0530] {dag.py:3954} INFO - Setting next_dagrun for example_xcom_args_with_operators to None, run_after=None
[2026-02-24T05:20:32.972+0530] {processor.py:183} INFO - Processing /Users/aswin/Documents/data-engineering-practice/ETL_Airflow_DBT/airflow/airflow_env/lib/python3.11/site-packages/airflow/example_dags/example_xcomargs.py took 0.054 seconds
[2026-02-24T05:21:21.086+0530] {processor.py:161} INFO - Started process (PID=46637) to work on /Users/aswin/Documents/data-engineering-practice/ETL_Airflow_DBT/airflow/airflow_env/lib/python3.11/site-packages/airflow/example_dags/example_xcomargs.py
[2026-02-24T05:21:21.087+0530] {processor.py:830} INFO - Processing file /Users/aswin/Documents/data-engineering-practice/ETL_Airflow_DBT/airflow/airflow_env/lib/python3.11/site-packages/airflow/example_dags/example_xcomargs.py for tasks to queue
[2026-02-24T05:21:21.088+0530] {logging_mixin.py:188} INFO - [2026-02-24T05:21:21.088+0530] {dagbag.py:540} INFO - Filling up the DagBag from /Users/aswin/Documents/data-engineering-practice/ETL_Airflow_DBT/airflow/airflow_env/lib/python3.11/site-packages/airflow/example_dags/example_xcomargs.py
[2026-02-24T05:21:21.101+0530] {processor.py:840} INFO - DAG(s) 'example_xcom_args_with_operators', 'example_xcom_args' retrieved from /Users/aswin/Documents/data-engineering-practice/ETL_Airflow_DBT/airflow/airflow_env/lib/python3.11/site-packages/airflow/example_dags/example_xcomargs.py
[2026-02-24T05:21:21.132+0530] {logging_mixin.py:188} INFO - [2026-02-24T05:21:21.132+0530] {dag.py:3096} INFO - Sync 2 DAGs
[2026-02-24T05:21:21.136+0530] {logging_mixin.py:188} INFO - [2026-02-24T05:21:21.135+0530] {dag.py:3954} INFO - Setting next_dagrun for example_xcom_args to None, run_after=None
[2026-02-24T05:21:21.136+0530] {logging_mixin.py:188} INFO - [2026-02-24T05:21:21.136+0530] {dag.py:3954} INFO - Setting next_dagrun for example_xcom_args_with_operators to None, run_after=None
[2026-02-24T05:21:21.142+0530] {processor.py:183} INFO - Processing /Users/aswin/Documents/data-engineering-practice/ETL_Airflow_DBT/airflow/airflow_env/lib/python3.11/site-packages/airflow/example_dags/example_xcomargs.py took 0.057 seconds
[2026-02-24T05:22:50.299+0530] {processor.py:161} INFO - Started process (PID=46708) to work on /Users/aswin/Documents/data-engineering-practice/ETL_Airflow_DBT/airflow/airflow_env/lib/python3.11/site-packages/airflow/example_dags/example_xcomargs.py
[2026-02-24T05:22:50.300+0530] {processor.py:830} INFO - Processing file /Users/aswin/Documents/data-engineering-practice/ETL_Airflow_DBT/airflow/airflow_env/lib/python3.11/site-packages/airflow/example_dags/example_xcomargs.py for tasks to queue
[2026-02-24T05:22:50.300+0530] {logging_mixin.py:188} INFO - [2026-02-24T05:22:50.300+0530] {dagbag.py:540} INFO - Filling up the DagBag from /Users/aswin/Documents/data-engineering-practice/ETL_Airflow_DBT/airflow/airflow_env/lib/python3.11/site-packages/airflow/example_dags/example_xcomargs.py
[2026-02-24T05:22:50.314+0530] {processor.py:840} INFO - DAG(s) 'example_xcom_args_with_operators', 'example_xcom_args' retrieved from /Users/aswin/Documents/data-engineering-practice/ETL_Airflow_DBT/airflow/airflow_env/lib/python3.11/site-packages/airflow/example_dags/example_xcomargs.py
[2026-02-24T05:22:50.344+0530] {logging_mixin.py:188} INFO - [2026-02-24T05:22:50.343+0530] {dag.py:3096} INFO - Sync 2 DAGs
[2026-02-24T05:22:50.346+0530] {logging_mixin.py:188} INFO - [2026-02-24T05:22:50.346+0530] {dag.py:3954} INFO - Setting next_dagrun for example_xcom_args to None, run_after=None
[2026-02-24T05:22:50.347+0530] {logging_mixin.py:188} INFO - [2026-02-24T05:22:50.347+0530] {dag.py:3954} INFO - Setting next_dagrun for example_xcom_args_with_operators to None, run_after=None
[2026-02-24T05:22:50.353+0530] {processor.py:183} INFO - Processing /Users/aswin/Documents/data-engineering-practice/ETL_Airflow_DBT/airflow/airflow_env/lib/python3.11/site-packages/airflow/example_dags/example_xcomargs.py took 0.054 seconds
[2026-02-24T05:24:18.288+0530] {processor.py:161} INFO - Started process (PID=46774) to work on /Users/aswin/Documents/data-engineering-practice/ETL_Airflow_DBT/airflow/airflow_env/lib/python3.11/site-packages/airflow/example_dags/example_xcomargs.py
[2026-02-24T05:24:18.289+0530] {processor.py:830} INFO - Processing file /Users/aswin/Documents/data-engineering-practice/ETL_Airflow_DBT/airflow/airflow_env/lib/python3.11/site-packages/airflow/example_dags/example_xcomargs.py for tasks to queue
[2026-02-24T05:24:18.289+0530] {logging_mixin.py:188} INFO - [2026-02-24T05:24:18.289+0530] {dagbag.py:540} INFO - Filling up the DagBag from /Users/aswin/Documents/data-engineering-practice/ETL_Airflow_DBT/airflow/airflow_env/lib/python3.11/site-packages/airflow/example_dags/example_xcomargs.py
[2026-02-24T05:24:18.303+0530] {processor.py:840} INFO - DAG(s) 'example_xcom_args_with_operators', 'example_xcom_args' retrieved from /Users/aswin/Documents/data-engineering-practice/ETL_Airflow_DBT/airflow/airflow_env/lib/python3.11/site-packages/airflow/example_dags/example_xcomargs.py
[2026-02-24T05:24:18.332+0530] {logging_mixin.py:188} INFO - [2026-02-24T05:24:18.332+0530] {dag.py:3096} INFO - Sync 2 DAGs
[2026-02-24T05:24:18.335+0530] {logging_mixin.py:188} INFO - [2026-02-24T05:24:18.335+0530] {dag.py:3954} INFO - Setting next_dagrun for example_xcom_args to None, run_after=None
[2026-02-24T05:24:18.336+0530] {logging_mixin.py:188} INFO - [2026-02-24T05:24:18.336+0530] {dag.py:3954} INFO - Setting next_dagrun for example_xcom_args_with_operators to None, run_after=None
[2026-02-24T05:24:18.341+0530] {processor.py:183} INFO - Processing /Users/aswin/Documents/data-engineering-practice/ETL_Airflow_DBT/airflow/airflow_env/lib/python3.11/site-packages/airflow/example_dags/example_xcomargs.py took 0.054 seconds
[2026-02-24T05:25:50.366+0530] {processor.py:161} INFO - Started process (PID=46870) to work on /Users/aswin/Documents/data-engineering-practice/ETL_Airflow_DBT/airflow/airflow_env/lib/python3.11/site-packages/airflow/example_dags/example_xcomargs.py
[2026-02-24T05:25:50.367+0530] {processor.py:830} INFO - Processing file /Users/aswin/Documents/data-engineering-practice/ETL_Airflow_DBT/airflow/airflow_env/lib/python3.11/site-packages/airflow/example_dags/example_xcomargs.py for tasks to queue
[2026-02-24T05:25:50.367+0530] {logging_mixin.py:188} INFO - [2026-02-24T05:25:50.367+0530] {dagbag.py:540} INFO - Filling up the DagBag from /Users/aswin/Documents/data-engineering-practice/ETL_Airflow_DBT/airflow/airflow_env/lib/python3.11/site-packages/airflow/example_dags/example_xcomargs.py
[2026-02-24T05:25:50.381+0530] {processor.py:840} INFO - DAG(s) 'example_xcom_args_with_operators', 'example_xcom_args' retrieved from /Users/aswin/Documents/data-engineering-practice/ETL_Airflow_DBT/airflow/airflow_env/lib/python3.11/site-packages/airflow/example_dags/example_xcomargs.py
[2026-02-24T05:25:50.410+0530] {logging_mixin.py:188} INFO - [2026-02-24T05:25:50.410+0530] {dag.py:3096} INFO - Sync 2 DAGs
[2026-02-24T05:25:50.413+0530] {logging_mixin.py:188} INFO - [2026-02-24T05:25:50.413+0530] {dag.py:3954} INFO - Setting next_dagrun for example_xcom_args to None, run_after=None
[2026-02-24T05:25:50.413+0530] {logging_mixin.py:188} INFO - [2026-02-24T05:25:50.413+0530] {dag.py:3954} INFO - Setting next_dagrun for example_xcom_args_with_operators to None, run_after=None
[2026-02-24T05:25:50.419+0530] {processor.py:183} INFO - Processing /Users/aswin/Documents/data-engineering-practice/ETL_Airflow_DBT/airflow/airflow_env/lib/python3.11/site-packages/airflow/example_dags/example_xcomargs.py took 0.054 seconds
[2026-02-24T05:26:37.283+0530] {processor.py:161} INFO - Started process (PID=46906) to work on /Users/aswin/Documents/data-engineering-practice/ETL_Airflow_DBT/airflow/airflow_env/lib/python3.11/site-packages/airflow/example_dags/example_xcomargs.py
[2026-02-24T05:26:37.284+0530] {processor.py:830} INFO - Processing file /Users/aswin/Documents/data-engineering-practice/ETL_Airflow_DBT/airflow/airflow_env/lib/python3.11/site-packages/airflow/example_dags/example_xcomargs.py for tasks to queue
[2026-02-24T05:26:37.284+0530] {logging_mixin.py:188} INFO - [2026-02-24T05:26:37.284+0530] {dagbag.py:540} INFO - Filling up the DagBag from /Users/aswin/Documents/data-engineering-practice/ETL_Airflow_DBT/airflow/airflow_env/lib/python3.11/site-packages/airflow/example_dags/example_xcomargs.py
[2026-02-24T05:26:37.298+0530] {processor.py:840} INFO - DAG(s) 'example_xcom_args_with_operators', 'example_xcom_args' retrieved from /Users/aswin/Documents/data-engineering-practice/ETL_Airflow_DBT/airflow/airflow_env/lib/python3.11/site-packages/airflow/example_dags/example_xcomargs.py
[2026-02-24T05:26:37.328+0530] {logging_mixin.py:188} INFO - [2026-02-24T05:26:37.328+0530] {dag.py:3096} INFO - Sync 2 DAGs
[2026-02-24T05:26:37.331+0530] {logging_mixin.py:188} INFO - [2026-02-24T05:26:37.331+0530] {dag.py:3954} INFO - Setting next_dagrun for example_xcom_args to None, run_after=None
[2026-02-24T05:26:37.332+0530] {logging_mixin.py:188} INFO - [2026-02-24T05:26:37.332+0530] {dag.py:3954} INFO - Setting next_dagrun for example_xcom_args_with_operators to None, run_after=None
[2026-02-24T05:26:37.337+0530] {processor.py:183} INFO - Processing /Users/aswin/Documents/data-engineering-practice/ETL_Airflow_DBT/airflow/airflow_env/lib/python3.11/site-packages/airflow/example_dags/example_xcomargs.py took 0.055 seconds
[2026-02-24T05:28:06.054+0530] {processor.py:161} INFO - Started process (PID=46978) to work on /Users/aswin/Documents/data-engineering-practice/ETL_Airflow_DBT/airflow/airflow_env/lib/python3.11/site-packages/airflow/example_dags/example_xcomargs.py
[2026-02-24T05:28:06.054+0530] {processor.py:830} INFO - Processing file /Users/aswin/Documents/data-engineering-practice/ETL_Airflow_DBT/airflow/airflow_env/lib/python3.11/site-packages/airflow/example_dags/example_xcomargs.py for tasks to queue
[2026-02-24T05:28:06.055+0530] {logging_mixin.py:188} INFO - [2026-02-24T05:28:06.055+0530] {dagbag.py:540} INFO - Filling up the DagBag from /Users/aswin/Documents/data-engineering-practice/ETL_Airflow_DBT/airflow/airflow_env/lib/python3.11/site-packages/airflow/example_dags/example_xcomargs.py
[2026-02-24T05:28:06.068+0530] {processor.py:840} INFO - DAG(s) 'example_xcom_args', 'example_xcom_args_with_operators' retrieved from /Users/aswin/Documents/data-engineering-practice/ETL_Airflow_DBT/airflow/airflow_env/lib/python3.11/site-packages/airflow/example_dags/example_xcomargs.py
[2026-02-24T05:28:06.097+0530] {logging_mixin.py:188} INFO - [2026-02-24T05:28:06.097+0530] {dag.py:3096} INFO - Sync 2 DAGs
[2026-02-24T05:28:06.100+0530] {logging_mixin.py:188} INFO - [2026-02-24T05:28:06.100+0530] {dag.py:3954} INFO - Setting next_dagrun for example_xcom_args to None, run_after=None
[2026-02-24T05:28:06.101+0530] {logging_mixin.py:188} INFO - [2026-02-24T05:28:06.101+0530] {dag.py:3954} INFO - Setting next_dagrun for example_xcom_args_with_operators to None, run_after=None
[2026-02-24T05:28:06.106+0530] {processor.py:183} INFO - Processing /Users/aswin/Documents/data-engineering-practice/ETL_Airflow_DBT/airflow/airflow_env/lib/python3.11/site-packages/airflow/example_dags/example_xcomargs.py took 0.053 seconds
[2026-02-24T05:29:33.413+0530] {processor.py:161} INFO - Started process (PID=47044) to work on /Users/aswin/Documents/data-engineering-practice/ETL_Airflow_DBT/airflow/airflow_env/lib/python3.11/site-packages/airflow/example_dags/example_xcomargs.py
[2026-02-24T05:29:33.414+0530] {processor.py:830} INFO - Processing file /Users/aswin/Documents/data-engineering-practice/ETL_Airflow_DBT/airflow/airflow_env/lib/python3.11/site-packages/airflow/example_dags/example_xcomargs.py for tasks to queue
[2026-02-24T05:29:33.414+0530] {logging_mixin.py:188} INFO - [2026-02-24T05:29:33.414+0530] {dagbag.py:540} INFO - Filling up the DagBag from /Users/aswin/Documents/data-engineering-practice/ETL_Airflow_DBT/airflow/airflow_env/lib/python3.11/site-packages/airflow/example_dags/example_xcomargs.py
[2026-02-24T05:29:33.429+0530] {processor.py:840} INFO - DAG(s) 'example_xcom_args_with_operators', 'example_xcom_args' retrieved from /Users/aswin/Documents/data-engineering-practice/ETL_Airflow_DBT/airflow/airflow_env/lib/python3.11/site-packages/airflow/example_dags/example_xcomargs.py
[2026-02-24T05:29:33.459+0530] {logging_mixin.py:188} INFO - [2026-02-24T05:29:33.459+0530] {dag.py:3096} INFO - Sync 2 DAGs
[2026-02-24T05:29:33.462+0530] {logging_mixin.py:188} INFO - [2026-02-24T05:29:33.462+0530] {dag.py:3954} INFO - Setting next_dagrun for example_xcom_args to None, run_after=None
[2026-02-24T05:29:33.463+0530] {logging_mixin.py:188} INFO - [2026-02-24T05:29:33.463+0530] {dag.py:3954} INFO - Setting next_dagrun for example_xcom_args_with_operators to None, run_after=None
[2026-02-24T05:29:33.468+0530] {processor.py:183} INFO - Processing /Users/aswin/Documents/data-engineering-practice/ETL_Airflow_DBT/airflow/airflow_env/lib/python3.11/site-packages/airflow/example_dags/example_xcomargs.py took 0.056 seconds
