[2026-02-24T04:38:57.766+0530] {processor.py:161} INFO - Started process (PID=42425) to work on /Users/aswin/Documents/data-engineering-practice/ETL_Airflow_DBT/airflow/airflow_env/lib/python3.11/site-packages/airflow/example_dags/example_sla_dag.py
[2026-02-24T04:38:57.767+0530] {processor.py:830} INFO - Processing file /Users/aswin/Documents/data-engineering-practice/ETL_Airflow_DBT/airflow/airflow_env/lib/python3.11/site-packages/airflow/example_dags/example_sla_dag.py for tasks to queue
[2026-02-24T04:38:57.767+0530] {logging_mixin.py:188} INFO - [2026-02-24T04:38:57.767+0530] {dagbag.py:540} INFO - Filling up the DagBag from /Users/aswin/Documents/data-engineering-practice/ETL_Airflow_DBT/airflow/airflow_env/lib/python3.11/site-packages/airflow/example_dags/example_sla_dag.py
[2026-02-24T04:38:57.782+0530] {processor.py:840} INFO - DAG(s) 'example_sla_dag' retrieved from /Users/aswin/Documents/data-engineering-practice/ETL_Airflow_DBT/airflow/airflow_env/lib/python3.11/site-packages/airflow/example_dags/example_sla_dag.py
[2026-02-24T04:38:57.838+0530] {logging_mixin.py:188} INFO - [2026-02-24T04:38:57.838+0530] {override.py:1829} INFO - Created Permission View: can delete on DAG:example_sla_dag
[2026-02-24T04:38:57.840+0530] {logging_mixin.py:188} INFO - [2026-02-24T04:38:57.840+0530] {override.py:1829} INFO - Created Permission View: can edit on DAG:example_sla_dag
[2026-02-24T04:38:57.842+0530] {logging_mixin.py:188} INFO - [2026-02-24T04:38:57.842+0530] {override.py:1829} INFO - Created Permission View: can read on DAG:example_sla_dag
[2026-02-24T04:38:57.842+0530] {logging_mixin.py:188} INFO - [2026-02-24T04:38:57.842+0530] {dag.py:3096} INFO - Sync 1 DAGs
[2026-02-24T04:38:57.845+0530] {logging_mixin.py:188} INFO - [2026-02-24T04:38:57.845+0530] {dag.py:3118} INFO - Creating ORM DAG for example_sla_dag
[2026-02-24T04:38:57.849+0530] {logging_mixin.py:188} INFO - [2026-02-24T04:38:57.849+0530] {dag.py:3954} INFO - Setting next_dagrun for example_sla_dag to 2026-02-23 23:06:00+00:00, run_after=2026-02-23 23:08:00+00:00
[2026-02-24T04:38:57.876+0530] {processor.py:183} INFO - Processing /Users/aswin/Documents/data-engineering-practice/ETL_Airflow_DBT/airflow/airflow_env/lib/python3.11/site-packages/airflow/example_dags/example_sla_dag.py took 0.110 seconds
[2026-02-24T04:40:20.303+0530] {processor.py:161} INFO - Started process (PID=42498) to work on /Users/aswin/Documents/data-engineering-practice/ETL_Airflow_DBT/airflow/airflow_env/lib/python3.11/site-packages/airflow/example_dags/example_sla_dag.py
[2026-02-24T04:40:20.304+0530] {processor.py:830} INFO - Processing file /Users/aswin/Documents/data-engineering-practice/ETL_Airflow_DBT/airflow/airflow_env/lib/python3.11/site-packages/airflow/example_dags/example_sla_dag.py for tasks to queue
[2026-02-24T04:40:20.304+0530] {logging_mixin.py:188} INFO - [2026-02-24T04:40:20.304+0530] {dagbag.py:540} INFO - Filling up the DagBag from /Users/aswin/Documents/data-engineering-practice/ETL_Airflow_DBT/airflow/airflow_env/lib/python3.11/site-packages/airflow/example_dags/example_sla_dag.py
[2026-02-24T04:40:20.318+0530] {processor.py:840} INFO - DAG(s) 'example_sla_dag' retrieved from /Users/aswin/Documents/data-engineering-practice/ETL_Airflow_DBT/airflow/airflow_env/lib/python3.11/site-packages/airflow/example_dags/example_sla_dag.py
[2026-02-24T04:40:20.346+0530] {logging_mixin.py:188} INFO - [2026-02-24T04:40:20.346+0530] {dag.py:3096} INFO - Sync 1 DAGs
[2026-02-24T04:40:20.352+0530] {logging_mixin.py:188} INFO - [2026-02-24T04:40:20.352+0530] {dag.py:3954} INFO - Setting next_dagrun for example_sla_dag to 2026-02-23 23:08:00+00:00, run_after=2026-02-23 23:10:00+00:00
[2026-02-24T04:40:20.357+0530] {processor.py:183} INFO - Processing /Users/aswin/Documents/data-engineering-practice/ETL_Airflow_DBT/airflow/airflow_env/lib/python3.11/site-packages/airflow/example_dags/example_sla_dag.py took 0.055 seconds
[2026-02-24T04:41:53.519+0530] {processor.py:161} INFO - Started process (PID=42604) to work on /Users/aswin/Documents/data-engineering-practice/ETL_Airflow_DBT/airflow/airflow_env/lib/python3.11/site-packages/airflow/example_dags/example_sla_dag.py
[2026-02-24T04:41:53.520+0530] {processor.py:830} INFO - Processing file /Users/aswin/Documents/data-engineering-practice/ETL_Airflow_DBT/airflow/airflow_env/lib/python3.11/site-packages/airflow/example_dags/example_sla_dag.py for tasks to queue
[2026-02-24T04:41:53.520+0530] {logging_mixin.py:188} INFO - [2026-02-24T04:41:53.520+0530] {dagbag.py:540} INFO - Filling up the DagBag from /Users/aswin/Documents/data-engineering-practice/ETL_Airflow_DBT/airflow/airflow_env/lib/python3.11/site-packages/airflow/example_dags/example_sla_dag.py
[2026-02-24T04:41:53.534+0530] {processor.py:840} INFO - DAG(s) 'example_sla_dag' retrieved from /Users/aswin/Documents/data-engineering-practice/ETL_Airflow_DBT/airflow/airflow_env/lib/python3.11/site-packages/airflow/example_dags/example_sla_dag.py
[2026-02-24T04:41:53.562+0530] {logging_mixin.py:188} INFO - [2026-02-24T04:41:53.562+0530] {dag.py:3096} INFO - Sync 1 DAGs
[2026-02-24T04:41:53.568+0530] {logging_mixin.py:188} INFO - [2026-02-24T04:41:53.568+0530] {dag.py:3954} INFO - Setting next_dagrun for example_sla_dag to 2026-02-23 23:08:00+00:00, run_after=2026-02-23 23:10:00+00:00
[2026-02-24T04:41:53.574+0530] {processor.py:183} INFO - Processing /Users/aswin/Documents/data-engineering-practice/ETL_Airflow_DBT/airflow/airflow_env/lib/python3.11/site-packages/airflow/example_dags/example_sla_dag.py took 0.056 seconds
[2026-02-24T04:43:28.675+0530] {processor.py:161} INFO - Started process (PID=42700) to work on /Users/aswin/Documents/data-engineering-practice/ETL_Airflow_DBT/airflow/airflow_env/lib/python3.11/site-packages/airflow/example_dags/example_sla_dag.py
[2026-02-24T04:43:28.676+0530] {processor.py:830} INFO - Processing file /Users/aswin/Documents/data-engineering-practice/ETL_Airflow_DBT/airflow/airflow_env/lib/python3.11/site-packages/airflow/example_dags/example_sla_dag.py for tasks to queue
[2026-02-24T04:43:28.676+0530] {logging_mixin.py:188} INFO - [2026-02-24T04:43:28.676+0530] {dagbag.py:540} INFO - Filling up the DagBag from /Users/aswin/Documents/data-engineering-practice/ETL_Airflow_DBT/airflow/airflow_env/lib/python3.11/site-packages/airflow/example_dags/example_sla_dag.py
[2026-02-24T04:43:28.690+0530] {processor.py:840} INFO - DAG(s) 'example_sla_dag' retrieved from /Users/aswin/Documents/data-engineering-practice/ETL_Airflow_DBT/airflow/airflow_env/lib/python3.11/site-packages/airflow/example_dags/example_sla_dag.py
[2026-02-24T04:43:28.719+0530] {logging_mixin.py:188} INFO - [2026-02-24T04:43:28.719+0530] {dag.py:3096} INFO - Sync 1 DAGs
[2026-02-24T04:43:28.725+0530] {logging_mixin.py:188} INFO - [2026-02-24T04:43:28.725+0530] {dag.py:3954} INFO - Setting next_dagrun for example_sla_dag to 2026-02-23 23:10:00+00:00, run_after=2026-02-23 23:12:00+00:00
[2026-02-24T04:43:28.731+0530] {processor.py:183} INFO - Processing /Users/aswin/Documents/data-engineering-practice/ETL_Airflow_DBT/airflow/airflow_env/lib/python3.11/site-packages/airflow/example_dags/example_sla_dag.py took 0.056 seconds
[2026-02-24T04:44:55.583+0530] {processor.py:161} INFO - Started process (PID=42773) to work on /Users/aswin/Documents/data-engineering-practice/ETL_Airflow_DBT/airflow/airflow_env/lib/python3.11/site-packages/airflow/example_dags/example_sla_dag.py
[2026-02-24T04:44:55.584+0530] {processor.py:830} INFO - Processing file /Users/aswin/Documents/data-engineering-practice/ETL_Airflow_DBT/airflow/airflow_env/lib/python3.11/site-packages/airflow/example_dags/example_sla_dag.py for tasks to queue
[2026-02-24T04:44:55.584+0530] {logging_mixin.py:188} INFO - [2026-02-24T04:44:55.584+0530] {dagbag.py:540} INFO - Filling up the DagBag from /Users/aswin/Documents/data-engineering-practice/ETL_Airflow_DBT/airflow/airflow_env/lib/python3.11/site-packages/airflow/example_dags/example_sla_dag.py
[2026-02-24T04:44:55.601+0530] {processor.py:840} INFO - DAG(s) 'example_sla_dag' retrieved from /Users/aswin/Documents/data-engineering-practice/ETL_Airflow_DBT/airflow/airflow_env/lib/python3.11/site-packages/airflow/example_dags/example_sla_dag.py
[2026-02-24T04:44:55.629+0530] {logging_mixin.py:188} INFO - [2026-02-24T04:44:55.629+0530] {dag.py:3096} INFO - Sync 1 DAGs
[2026-02-24T04:44:55.635+0530] {logging_mixin.py:188} INFO - [2026-02-24T04:44:55.635+0530] {dag.py:3954} INFO - Setting next_dagrun for example_sla_dag to 2026-02-23 23:12:00+00:00, run_after=2026-02-23 23:14:00+00:00
[2026-02-24T04:44:55.640+0530] {processor.py:183} INFO - Processing /Users/aswin/Documents/data-engineering-practice/ETL_Airflow_DBT/airflow/airflow_env/lib/python3.11/site-packages/airflow/example_dags/example_sla_dag.py took 0.058 seconds
[2026-02-24T04:46:24.019+0530] {processor.py:161} INFO - Started process (PID=42845) to work on /Users/aswin/Documents/data-engineering-practice/ETL_Airflow_DBT/airflow/airflow_env/lib/python3.11/site-packages/airflow/example_dags/example_sla_dag.py
[2026-02-24T04:46:24.020+0530] {processor.py:830} INFO - Processing file /Users/aswin/Documents/data-engineering-practice/ETL_Airflow_DBT/airflow/airflow_env/lib/python3.11/site-packages/airflow/example_dags/example_sla_dag.py for tasks to queue
[2026-02-24T04:46:24.020+0530] {logging_mixin.py:188} INFO - [2026-02-24T04:46:24.020+0530] {dagbag.py:540} INFO - Filling up the DagBag from /Users/aswin/Documents/data-engineering-practice/ETL_Airflow_DBT/airflow/airflow_env/lib/python3.11/site-packages/airflow/example_dags/example_sla_dag.py
[2026-02-24T04:46:24.034+0530] {processor.py:840} INFO - DAG(s) 'example_sla_dag' retrieved from /Users/aswin/Documents/data-engineering-practice/ETL_Airflow_DBT/airflow/airflow_env/lib/python3.11/site-packages/airflow/example_dags/example_sla_dag.py
[2026-02-24T04:46:24.062+0530] {logging_mixin.py:188} INFO - [2026-02-24T04:46:24.062+0530] {dag.py:3096} INFO - Sync 1 DAGs
[2026-02-24T04:46:24.068+0530] {logging_mixin.py:188} INFO - [2026-02-24T04:46:24.068+0530] {dag.py:3954} INFO - Setting next_dagrun for example_sla_dag to 2026-02-23 23:14:00+00:00, run_after=2026-02-23 23:16:00+00:00
[2026-02-24T04:46:24.073+0530] {processor.py:183} INFO - Processing /Users/aswin/Documents/data-engineering-practice/ETL_Airflow_DBT/airflow/airflow_env/lib/python3.11/site-packages/airflow/example_dags/example_sla_dag.py took 0.055 seconds
[2026-02-24T04:47:51.120+0530] {processor.py:161} INFO - Started process (PID=42912) to work on /Users/aswin/Documents/data-engineering-practice/ETL_Airflow_DBT/airflow/airflow_env/lib/python3.11/site-packages/airflow/example_dags/example_sla_dag.py
[2026-02-24T04:47:51.121+0530] {processor.py:830} INFO - Processing file /Users/aswin/Documents/data-engineering-practice/ETL_Airflow_DBT/airflow/airflow_env/lib/python3.11/site-packages/airflow/example_dags/example_sla_dag.py for tasks to queue
[2026-02-24T04:47:51.121+0530] {logging_mixin.py:188} INFO - [2026-02-24T04:47:51.121+0530] {dagbag.py:540} INFO - Filling up the DagBag from /Users/aswin/Documents/data-engineering-practice/ETL_Airflow_DBT/airflow/airflow_env/lib/python3.11/site-packages/airflow/example_dags/example_sla_dag.py
[2026-02-24T04:47:51.134+0530] {processor.py:840} INFO - DAG(s) 'example_sla_dag' retrieved from /Users/aswin/Documents/data-engineering-practice/ETL_Airflow_DBT/airflow/airflow_env/lib/python3.11/site-packages/airflow/example_dags/example_sla_dag.py
[2026-02-24T04:47:51.163+0530] {logging_mixin.py:188} INFO - [2026-02-24T04:47:51.162+0530] {dag.py:3096} INFO - Sync 1 DAGs
[2026-02-24T04:47:51.168+0530] {logging_mixin.py:188} INFO - [2026-02-24T04:47:51.168+0530] {dag.py:3954} INFO - Setting next_dagrun for example_sla_dag to 2026-02-23 23:14:00+00:00, run_after=2026-02-23 23:16:00+00:00
[2026-02-24T04:47:51.174+0530] {processor.py:183} INFO - Processing /Users/aswin/Documents/data-engineering-practice/ETL_Airflow_DBT/airflow/airflow_env/lib/python3.11/site-packages/airflow/example_dags/example_sla_dag.py took 0.055 seconds
[2026-02-24T04:49:31.314+0530] {processor.py:161} INFO - Started process (PID=42988) to work on /Users/aswin/Documents/data-engineering-practice/ETL_Airflow_DBT/airflow/airflow_env/lib/python3.11/site-packages/airflow/example_dags/example_sla_dag.py
[2026-02-24T04:49:31.315+0530] {processor.py:830} INFO - Processing file /Users/aswin/Documents/data-engineering-practice/ETL_Airflow_DBT/airflow/airflow_env/lib/python3.11/site-packages/airflow/example_dags/example_sla_dag.py for tasks to queue
[2026-02-24T04:49:31.315+0530] {logging_mixin.py:188} INFO - [2026-02-24T04:49:31.315+0530] {dagbag.py:540} INFO - Filling up the DagBag from /Users/aswin/Documents/data-engineering-practice/ETL_Airflow_DBT/airflow/airflow_env/lib/python3.11/site-packages/airflow/example_dags/example_sla_dag.py
[2026-02-24T04:49:31.328+0530] {processor.py:840} INFO - DAG(s) 'example_sla_dag' retrieved from /Users/aswin/Documents/data-engineering-practice/ETL_Airflow_DBT/airflow/airflow_env/lib/python3.11/site-packages/airflow/example_dags/example_sla_dag.py
[2026-02-24T04:49:31.357+0530] {logging_mixin.py:188} INFO - [2026-02-24T04:49:31.357+0530] {dag.py:3096} INFO - Sync 1 DAGs
[2026-02-24T04:49:31.362+0530] {logging_mixin.py:188} INFO - [2026-02-24T04:49:31.362+0530] {dag.py:3954} INFO - Setting next_dagrun for example_sla_dag to 2026-02-23 23:16:00+00:00, run_after=2026-02-23 23:18:00+00:00
[2026-02-24T04:49:31.368+0530] {processor.py:183} INFO - Processing /Users/aswin/Documents/data-engineering-practice/ETL_Airflow_DBT/airflow/airflow_env/lib/python3.11/site-packages/airflow/example_dags/example_sla_dag.py took 0.055 seconds
[2026-02-24T04:51:10.541+0530] {processor.py:161} INFO - Started process (PID=43062) to work on /Users/aswin/Documents/data-engineering-practice/ETL_Airflow_DBT/airflow/airflow_env/lib/python3.11/site-packages/airflow/example_dags/example_sla_dag.py
[2026-02-24T04:51:10.542+0530] {processor.py:830} INFO - Processing file /Users/aswin/Documents/data-engineering-practice/ETL_Airflow_DBT/airflow/airflow_env/lib/python3.11/site-packages/airflow/example_dags/example_sla_dag.py for tasks to queue
[2026-02-24T04:51:10.543+0530] {logging_mixin.py:188} INFO - [2026-02-24T04:51:10.542+0530] {dagbag.py:540} INFO - Filling up the DagBag from /Users/aswin/Documents/data-engineering-practice/ETL_Airflow_DBT/airflow/airflow_env/lib/python3.11/site-packages/airflow/example_dags/example_sla_dag.py
[2026-02-24T04:51:10.556+0530] {processor.py:840} INFO - DAG(s) 'example_sla_dag' retrieved from /Users/aswin/Documents/data-engineering-practice/ETL_Airflow_DBT/airflow/airflow_env/lib/python3.11/site-packages/airflow/example_dags/example_sla_dag.py
[2026-02-24T04:51:10.585+0530] {logging_mixin.py:188} INFO - [2026-02-24T04:51:10.585+0530] {dag.py:3096} INFO - Sync 1 DAGs
[2026-02-24T04:51:10.591+0530] {logging_mixin.py:188} INFO - [2026-02-24T04:51:10.591+0530] {dag.py:3954} INFO - Setting next_dagrun for example_sla_dag to 2026-02-23 23:18:00+00:00, run_after=2026-02-23 23:20:00+00:00
[2026-02-24T04:51:10.596+0530] {processor.py:183} INFO - Processing /Users/aswin/Documents/data-engineering-practice/ETL_Airflow_DBT/airflow/airflow_env/lib/python3.11/site-packages/airflow/example_dags/example_sla_dag.py took 0.056 seconds
[2026-02-24T04:52:45.927+0530] {processor.py:161} INFO - Started process (PID=43132) to work on /Users/aswin/Documents/data-engineering-practice/ETL_Airflow_DBT/airflow/airflow_env/lib/python3.11/site-packages/airflow/example_dags/example_sla_dag.py
[2026-02-24T04:52:45.928+0530] {processor.py:830} INFO - Processing file /Users/aswin/Documents/data-engineering-practice/ETL_Airflow_DBT/airflow/airflow_env/lib/python3.11/site-packages/airflow/example_dags/example_sla_dag.py for tasks to queue
[2026-02-24T04:52:45.928+0530] {logging_mixin.py:188} INFO - [2026-02-24T04:52:45.928+0530] {dagbag.py:540} INFO - Filling up the DagBag from /Users/aswin/Documents/data-engineering-practice/ETL_Airflow_DBT/airflow/airflow_env/lib/python3.11/site-packages/airflow/example_dags/example_sla_dag.py
[2026-02-24T04:52:45.942+0530] {processor.py:840} INFO - DAG(s) 'example_sla_dag' retrieved from /Users/aswin/Documents/data-engineering-practice/ETL_Airflow_DBT/airflow/airflow_env/lib/python3.11/site-packages/airflow/example_dags/example_sla_dag.py
[2026-02-24T04:52:45.970+0530] {logging_mixin.py:188} INFO - [2026-02-24T04:52:45.970+0530] {dag.py:3096} INFO - Sync 1 DAGs
[2026-02-24T04:52:45.977+0530] {logging_mixin.py:188} INFO - [2026-02-24T04:52:45.976+0530] {dag.py:3954} INFO - Setting next_dagrun for example_sla_dag to 2026-02-23 23:20:00+00:00, run_after=2026-02-23 23:22:00+00:00
[2026-02-24T04:52:45.982+0530] {processor.py:183} INFO - Processing /Users/aswin/Documents/data-engineering-practice/ETL_Airflow_DBT/airflow/airflow_env/lib/python3.11/site-packages/airflow/example_dags/example_sla_dag.py took 0.056 seconds
[2026-02-24T04:54:12.881+0530] {processor.py:161} INFO - Started process (PID=43198) to work on /Users/aswin/Documents/data-engineering-practice/ETL_Airflow_DBT/airflow/airflow_env/lib/python3.11/site-packages/airflow/example_dags/example_sla_dag.py
[2026-02-24T04:54:12.882+0530] {processor.py:830} INFO - Processing file /Users/aswin/Documents/data-engineering-practice/ETL_Airflow_DBT/airflow/airflow_env/lib/python3.11/site-packages/airflow/example_dags/example_sla_dag.py for tasks to queue
[2026-02-24T04:54:12.882+0530] {logging_mixin.py:188} INFO - [2026-02-24T04:54:12.882+0530] {dagbag.py:540} INFO - Filling up the DagBag from /Users/aswin/Documents/data-engineering-practice/ETL_Airflow_DBT/airflow/airflow_env/lib/python3.11/site-packages/airflow/example_dags/example_sla_dag.py
[2026-02-24T04:54:12.896+0530] {processor.py:840} INFO - DAG(s) 'example_sla_dag' retrieved from /Users/aswin/Documents/data-engineering-practice/ETL_Airflow_DBT/airflow/airflow_env/lib/python3.11/site-packages/airflow/example_dags/example_sla_dag.py
[2026-02-24T04:54:12.925+0530] {logging_mixin.py:188} INFO - [2026-02-24T04:54:12.924+0530] {dag.py:3096} INFO - Sync 1 DAGs
[2026-02-24T04:54:12.930+0530] {logging_mixin.py:188} INFO - [2026-02-24T04:54:12.930+0530] {dag.py:3954} INFO - Setting next_dagrun for example_sla_dag to 2026-02-23 23:22:00+00:00, run_after=2026-02-23 23:24:00+00:00
[2026-02-24T04:54:12.936+0530] {processor.py:183} INFO - Processing /Users/aswin/Documents/data-engineering-practice/ETL_Airflow_DBT/airflow/airflow_env/lib/python3.11/site-packages/airflow/example_dags/example_sla_dag.py took 0.056 seconds
[2026-02-24T04:55:42.255+0530] {processor.py:161} INFO - Started process (PID=43281) to work on /Users/aswin/Documents/data-engineering-practice/ETL_Airflow_DBT/airflow/airflow_env/lib/python3.11/site-packages/airflow/example_dags/example_sla_dag.py
[2026-02-24T04:55:42.256+0530] {processor.py:830} INFO - Processing file /Users/aswin/Documents/data-engineering-practice/ETL_Airflow_DBT/airflow/airflow_env/lib/python3.11/site-packages/airflow/example_dags/example_sla_dag.py for tasks to queue
[2026-02-24T04:55:42.256+0530] {logging_mixin.py:188} INFO - [2026-02-24T04:55:42.256+0530] {dagbag.py:540} INFO - Filling up the DagBag from /Users/aswin/Documents/data-engineering-practice/ETL_Airflow_DBT/airflow/airflow_env/lib/python3.11/site-packages/airflow/example_dags/example_sla_dag.py
[2026-02-24T04:55:42.270+0530] {processor.py:840} INFO - DAG(s) 'example_sla_dag' retrieved from /Users/aswin/Documents/data-engineering-practice/ETL_Airflow_DBT/airflow/airflow_env/lib/python3.11/site-packages/airflow/example_dags/example_sla_dag.py
[2026-02-24T04:55:42.299+0530] {logging_mixin.py:188} INFO - [2026-02-24T04:55:42.298+0530] {dag.py:3096} INFO - Sync 1 DAGs
[2026-02-24T04:55:42.304+0530] {logging_mixin.py:188} INFO - [2026-02-24T04:55:42.304+0530] {dag.py:3954} INFO - Setting next_dagrun for example_sla_dag to 2026-02-23 23:22:00+00:00, run_after=2026-02-23 23:24:00+00:00
[2026-02-24T04:55:42.310+0530] {processor.py:183} INFO - Processing /Users/aswin/Documents/data-engineering-practice/ETL_Airflow_DBT/airflow/airflow_env/lib/python3.11/site-packages/airflow/example_dags/example_sla_dag.py took 0.056 seconds
[2026-02-24T04:57:11.071+0530] {processor.py:161} INFO - Started process (PID=43348) to work on /Users/aswin/Documents/data-engineering-practice/ETL_Airflow_DBT/airflow/airflow_env/lib/python3.11/site-packages/airflow/example_dags/example_sla_dag.py
[2026-02-24T04:57:11.072+0530] {processor.py:830} INFO - Processing file /Users/aswin/Documents/data-engineering-practice/ETL_Airflow_DBT/airflow/airflow_env/lib/python3.11/site-packages/airflow/example_dags/example_sla_dag.py for tasks to queue
[2026-02-24T04:57:11.072+0530] {logging_mixin.py:188} INFO - [2026-02-24T04:57:11.072+0530] {dagbag.py:540} INFO - Filling up the DagBag from /Users/aswin/Documents/data-engineering-practice/ETL_Airflow_DBT/airflow/airflow_env/lib/python3.11/site-packages/airflow/example_dags/example_sla_dag.py
[2026-02-24T04:57:11.089+0530] {processor.py:840} INFO - DAG(s) 'example_sla_dag' retrieved from /Users/aswin/Documents/data-engineering-practice/ETL_Airflow_DBT/airflow/airflow_env/lib/python3.11/site-packages/airflow/example_dags/example_sla_dag.py
[2026-02-24T04:57:11.119+0530] {logging_mixin.py:188} INFO - [2026-02-24T04:57:11.119+0530] {dag.py:3096} INFO - Sync 1 DAGs
[2026-02-24T04:57:11.125+0530] {logging_mixin.py:188} INFO - [2026-02-24T04:57:11.125+0530] {dag.py:3954} INFO - Setting next_dagrun for example_sla_dag to 2026-02-23 23:24:00+00:00, run_after=2026-02-23 23:26:00+00:00
[2026-02-24T04:57:11.131+0530] {processor.py:183} INFO - Processing /Users/aswin/Documents/data-engineering-practice/ETL_Airflow_DBT/airflow/airflow_env/lib/python3.11/site-packages/airflow/example_dags/example_sla_dag.py took 0.061 seconds
[2026-02-24T04:58:44.733+0530] {processor.py:161} INFO - Started process (PID=43416) to work on /Users/aswin/Documents/data-engineering-practice/ETL_Airflow_DBT/airflow/airflow_env/lib/python3.11/site-packages/airflow/example_dags/example_sla_dag.py
[2026-02-24T04:58:44.734+0530] {processor.py:830} INFO - Processing file /Users/aswin/Documents/data-engineering-practice/ETL_Airflow_DBT/airflow/airflow_env/lib/python3.11/site-packages/airflow/example_dags/example_sla_dag.py for tasks to queue
[2026-02-24T04:58:44.734+0530] {logging_mixin.py:188} INFO - [2026-02-24T04:58:44.734+0530] {dagbag.py:540} INFO - Filling up the DagBag from /Users/aswin/Documents/data-engineering-practice/ETL_Airflow_DBT/airflow/airflow_env/lib/python3.11/site-packages/airflow/example_dags/example_sla_dag.py
[2026-02-24T04:58:44.748+0530] {processor.py:840} INFO - DAG(s) 'example_sla_dag' retrieved from /Users/aswin/Documents/data-engineering-practice/ETL_Airflow_DBT/airflow/airflow_env/lib/python3.11/site-packages/airflow/example_dags/example_sla_dag.py
[2026-02-24T04:58:44.776+0530] {logging_mixin.py:188} INFO - [2026-02-24T04:58:44.776+0530] {dag.py:3096} INFO - Sync 1 DAGs
[2026-02-24T04:58:44.782+0530] {logging_mixin.py:188} INFO - [2026-02-24T04:58:44.782+0530] {dag.py:3954} INFO - Setting next_dagrun for example_sla_dag to 2026-02-23 23:26:00+00:00, run_after=2026-02-23 23:28:00+00:00
[2026-02-24T04:58:44.787+0530] {processor.py:183} INFO - Processing /Users/aswin/Documents/data-engineering-practice/ETL_Airflow_DBT/airflow/airflow_env/lib/python3.11/site-packages/airflow/example_dags/example_sla_dag.py took 0.055 seconds
[2026-02-24T05:00:12.118+0530] {processor.py:161} INFO - Started process (PID=43487) to work on /Users/aswin/Documents/data-engineering-practice/ETL_Airflow_DBT/airflow/airflow_env/lib/python3.11/site-packages/airflow/example_dags/example_sla_dag.py
[2026-02-24T05:00:12.119+0530] {processor.py:830} INFO - Processing file /Users/aswin/Documents/data-engineering-practice/ETL_Airflow_DBT/airflow/airflow_env/lib/python3.11/site-packages/airflow/example_dags/example_sla_dag.py for tasks to queue
[2026-02-24T05:00:12.119+0530] {logging_mixin.py:188} INFO - [2026-02-24T05:00:12.119+0530] {dagbag.py:540} INFO - Filling up the DagBag from /Users/aswin/Documents/data-engineering-practice/ETL_Airflow_DBT/airflow/airflow_env/lib/python3.11/site-packages/airflow/example_dags/example_sla_dag.py
[2026-02-24T05:00:12.133+0530] {processor.py:840} INFO - DAG(s) 'example_sla_dag' retrieved from /Users/aswin/Documents/data-engineering-practice/ETL_Airflow_DBT/airflow/airflow_env/lib/python3.11/site-packages/airflow/example_dags/example_sla_dag.py
[2026-02-24T05:00:12.161+0530] {logging_mixin.py:188} INFO - [2026-02-24T05:00:12.161+0530] {dag.py:3096} INFO - Sync 1 DAGs
[2026-02-24T05:00:12.167+0530] {logging_mixin.py:188} INFO - [2026-02-24T05:00:12.167+0530] {dag.py:3954} INFO - Setting next_dagrun for example_sla_dag to 2026-02-23 23:28:00+00:00, run_after=2026-02-23 23:30:00+00:00
[2026-02-24T05:00:12.173+0530] {processor.py:183} INFO - Processing /Users/aswin/Documents/data-engineering-practice/ETL_Airflow_DBT/airflow/airflow_env/lib/python3.11/site-packages/airflow/example_dags/example_sla_dag.py took 0.056 seconds
[2026-02-24T05:01:44.273+0530] {processor.py:161} INFO - Started process (PID=43573) to work on /Users/aswin/Documents/data-engineering-practice/ETL_Airflow_DBT/airflow/airflow_env/lib/python3.11/site-packages/airflow/example_dags/example_sla_dag.py
[2026-02-24T05:01:44.274+0530] {processor.py:830} INFO - Processing file /Users/aswin/Documents/data-engineering-practice/ETL_Airflow_DBT/airflow/airflow_env/lib/python3.11/site-packages/airflow/example_dags/example_sla_dag.py for tasks to queue
[2026-02-24T05:01:44.274+0530] {logging_mixin.py:188} INFO - [2026-02-24T05:01:44.274+0530] {dagbag.py:540} INFO - Filling up the DagBag from /Users/aswin/Documents/data-engineering-practice/ETL_Airflow_DBT/airflow/airflow_env/lib/python3.11/site-packages/airflow/example_dags/example_sla_dag.py
[2026-02-24T05:01:44.288+0530] {processor.py:840} INFO - DAG(s) 'example_sla_dag' retrieved from /Users/aswin/Documents/data-engineering-practice/ETL_Airflow_DBT/airflow/airflow_env/lib/python3.11/site-packages/airflow/example_dags/example_sla_dag.py
[2026-02-24T05:01:44.316+0530] {logging_mixin.py:188} INFO - [2026-02-24T05:01:44.316+0530] {dag.py:3096} INFO - Sync 1 DAGs
[2026-02-24T05:01:44.323+0530] {logging_mixin.py:188} INFO - [2026-02-24T05:01:44.323+0530] {dag.py:3954} INFO - Setting next_dagrun for example_sla_dag to 2026-02-23 23:28:00+00:00, run_after=2026-02-23 23:30:00+00:00
[2026-02-24T05:01:44.328+0530] {processor.py:183} INFO - Processing /Users/aswin/Documents/data-engineering-practice/ETL_Airflow_DBT/airflow/airflow_env/lib/python3.11/site-packages/airflow/example_dags/example_sla_dag.py took 0.056 seconds
[2026-02-24T05:03:11.162+0530] {processor.py:161} INFO - Started process (PID=43685) to work on /Users/aswin/Documents/data-engineering-practice/ETL_Airflow_DBT/airflow/airflow_env/lib/python3.11/site-packages/airflow/example_dags/example_sla_dag.py
[2026-02-24T05:03:11.162+0530] {processor.py:830} INFO - Processing file /Users/aswin/Documents/data-engineering-practice/ETL_Airflow_DBT/airflow/airflow_env/lib/python3.11/site-packages/airflow/example_dags/example_sla_dag.py for tasks to queue
[2026-02-24T05:03:11.162+0530] {logging_mixin.py:188} INFO - [2026-02-24T05:03:11.162+0530] {dagbag.py:540} INFO - Filling up the DagBag from /Users/aswin/Documents/data-engineering-practice/ETL_Airflow_DBT/airflow/airflow_env/lib/python3.11/site-packages/airflow/example_dags/example_sla_dag.py
[2026-02-24T05:03:11.176+0530] {processor.py:840} INFO - DAG(s) 'example_sla_dag' retrieved from /Users/aswin/Documents/data-engineering-practice/ETL_Airflow_DBT/airflow/airflow_env/lib/python3.11/site-packages/airflow/example_dags/example_sla_dag.py
[2026-02-24T05:03:11.204+0530] {logging_mixin.py:188} INFO - [2026-02-24T05:03:11.204+0530] {dag.py:3096} INFO - Sync 1 DAGs
[2026-02-24T05:03:11.210+0530] {logging_mixin.py:188} INFO - [2026-02-24T05:03:11.210+0530] {dag.py:3954} INFO - Setting next_dagrun for example_sla_dag to 2026-02-23 23:30:00+00:00, run_after=2026-02-23 23:32:00+00:00
[2026-02-24T05:03:11.216+0530] {processor.py:183} INFO - Processing /Users/aswin/Documents/data-engineering-practice/ETL_Airflow_DBT/airflow/airflow_env/lib/python3.11/site-packages/airflow/example_dags/example_sla_dag.py took 0.055 seconds
[2026-02-24T05:04:45.315+0530] {processor.py:161} INFO - Started process (PID=44080) to work on /Users/aswin/Documents/data-engineering-practice/ETL_Airflow_DBT/airflow/airflow_env/lib/python3.11/site-packages/airflow/example_dags/example_sla_dag.py
[2026-02-24T05:04:45.316+0530] {processor.py:830} INFO - Processing file /Users/aswin/Documents/data-engineering-practice/ETL_Airflow_DBT/airflow/airflow_env/lib/python3.11/site-packages/airflow/example_dags/example_sla_dag.py for tasks to queue
[2026-02-24T05:04:45.316+0530] {logging_mixin.py:188} INFO - [2026-02-24T05:04:45.316+0530] {dagbag.py:540} INFO - Filling up the DagBag from /Users/aswin/Documents/data-engineering-practice/ETL_Airflow_DBT/airflow/airflow_env/lib/python3.11/site-packages/airflow/example_dags/example_sla_dag.py
[2026-02-24T05:04:45.330+0530] {processor.py:840} INFO - DAG(s) 'example_sla_dag' retrieved from /Users/aswin/Documents/data-engineering-practice/ETL_Airflow_DBT/airflow/airflow_env/lib/python3.11/site-packages/airflow/example_dags/example_sla_dag.py
[2026-02-24T05:04:45.358+0530] {logging_mixin.py:188} INFO - [2026-02-24T05:04:45.358+0530] {dag.py:3096} INFO - Sync 1 DAGs
[2026-02-24T05:04:45.364+0530] {logging_mixin.py:188} INFO - [2026-02-24T05:04:45.364+0530] {dag.py:3954} INFO - Setting next_dagrun for example_sla_dag to 2026-02-23 23:32:00+00:00, run_after=2026-02-23 23:34:00+00:00
[2026-02-24T05:04:45.369+0530] {processor.py:183} INFO - Processing /Users/aswin/Documents/data-engineering-practice/ETL_Airflow_DBT/airflow/airflow_env/lib/python3.11/site-packages/airflow/example_dags/example_sla_dag.py took 0.056 seconds
[2026-02-24T05:06:19.613+0530] {processor.py:161} INFO - Started process (PID=44993) to work on /Users/aswin/Documents/data-engineering-practice/ETL_Airflow_DBT/airflow/airflow_env/lib/python3.11/site-packages/airflow/example_dags/example_sla_dag.py
[2026-02-24T05:06:19.613+0530] {processor.py:830} INFO - Processing file /Users/aswin/Documents/data-engineering-practice/ETL_Airflow_DBT/airflow/airflow_env/lib/python3.11/site-packages/airflow/example_dags/example_sla_dag.py for tasks to queue
[2026-02-24T05:06:19.613+0530] {logging_mixin.py:188} INFO - [2026-02-24T05:06:19.613+0530] {dagbag.py:540} INFO - Filling up the DagBag from /Users/aswin/Documents/data-engineering-practice/ETL_Airflow_DBT/airflow/airflow_env/lib/python3.11/site-packages/airflow/example_dags/example_sla_dag.py
[2026-02-24T05:06:19.629+0530] {processor.py:840} INFO - DAG(s) 'example_sla_dag' retrieved from /Users/aswin/Documents/data-engineering-practice/ETL_Airflow_DBT/airflow/airflow_env/lib/python3.11/site-packages/airflow/example_dags/example_sla_dag.py
[2026-02-24T05:06:19.658+0530] {logging_mixin.py:188} INFO - [2026-02-24T05:06:19.658+0530] {dag.py:3096} INFO - Sync 1 DAGs
[2026-02-24T05:06:19.665+0530] {logging_mixin.py:188} INFO - [2026-02-24T05:06:19.665+0530] {dag.py:3954} INFO - Setting next_dagrun for example_sla_dag to 2026-02-23 23:34:00+00:00, run_after=2026-02-23 23:36:00+00:00
[2026-02-24T05:06:19.671+0530] {processor.py:183} INFO - Processing /Users/aswin/Documents/data-engineering-practice/ETL_Airflow_DBT/airflow/airflow_env/lib/python3.11/site-packages/airflow/example_dags/example_sla_dag.py took 0.059 seconds
[2026-02-24T05:07:53.756+0530] {processor.py:161} INFO - Started process (PID=45078) to work on /Users/aswin/Documents/data-engineering-practice/ETL_Airflow_DBT/airflow/airflow_env/lib/python3.11/site-packages/airflow/example_dags/example_sla_dag.py
[2026-02-24T05:07:53.757+0530] {processor.py:830} INFO - Processing file /Users/aswin/Documents/data-engineering-practice/ETL_Airflow_DBT/airflow/airflow_env/lib/python3.11/site-packages/airflow/example_dags/example_sla_dag.py for tasks to queue
[2026-02-24T05:07:53.757+0530] {logging_mixin.py:188} INFO - [2026-02-24T05:07:53.757+0530] {dagbag.py:540} INFO - Filling up the DagBag from /Users/aswin/Documents/data-engineering-practice/ETL_Airflow_DBT/airflow/airflow_env/lib/python3.11/site-packages/airflow/example_dags/example_sla_dag.py
[2026-02-24T05:07:53.771+0530] {processor.py:840} INFO - DAG(s) 'example_sla_dag' retrieved from /Users/aswin/Documents/data-engineering-practice/ETL_Airflow_DBT/airflow/airflow_env/lib/python3.11/site-packages/airflow/example_dags/example_sla_dag.py
[2026-02-24T05:07:53.799+0530] {logging_mixin.py:188} INFO - [2026-02-24T05:07:53.799+0530] {dag.py:3096} INFO - Sync 1 DAGs
[2026-02-24T05:07:53.805+0530] {logging_mixin.py:188} INFO - [2026-02-24T05:07:53.805+0530] {dag.py:3954} INFO - Setting next_dagrun for example_sla_dag to 2026-02-23 23:34:00+00:00, run_after=2026-02-23 23:36:00+00:00
[2026-02-24T05:07:53.811+0530] {processor.py:183} INFO - Processing /Users/aswin/Documents/data-engineering-practice/ETL_Airflow_DBT/airflow/airflow_env/lib/python3.11/site-packages/airflow/example_dags/example_sla_dag.py took 0.056 seconds
[2026-02-24T05:09:22.005+0530] {processor.py:161} INFO - Started process (PID=45147) to work on /Users/aswin/Documents/data-engineering-practice/ETL_Airflow_DBT/airflow/airflow_env/lib/python3.11/site-packages/airflow/example_dags/example_sla_dag.py
[2026-02-24T05:09:22.006+0530] {processor.py:830} INFO - Processing file /Users/aswin/Documents/data-engineering-practice/ETL_Airflow_DBT/airflow/airflow_env/lib/python3.11/site-packages/airflow/example_dags/example_sla_dag.py for tasks to queue
[2026-02-24T05:09:22.006+0530] {logging_mixin.py:188} INFO - [2026-02-24T05:09:22.006+0530] {dagbag.py:540} INFO - Filling up the DagBag from /Users/aswin/Documents/data-engineering-practice/ETL_Airflow_DBT/airflow/airflow_env/lib/python3.11/site-packages/airflow/example_dags/example_sla_dag.py
[2026-02-24T05:09:22.020+0530] {processor.py:840} INFO - DAG(s) 'example_sla_dag' retrieved from /Users/aswin/Documents/data-engineering-practice/ETL_Airflow_DBT/airflow/airflow_env/lib/python3.11/site-packages/airflow/example_dags/example_sla_dag.py
[2026-02-24T05:09:22.048+0530] {logging_mixin.py:188} INFO - [2026-02-24T05:09:22.048+0530] {dag.py:3096} INFO - Sync 1 DAGs
[2026-02-24T05:09:22.054+0530] {logging_mixin.py:188} INFO - [2026-02-24T05:09:22.054+0530] {dag.py:3954} INFO - Setting next_dagrun for example_sla_dag to 2026-02-23 23:36:00+00:00, run_after=2026-02-23 23:38:00+00:00
[2026-02-24T05:09:22.059+0530] {processor.py:183} INFO - Processing /Users/aswin/Documents/data-engineering-practice/ETL_Airflow_DBT/airflow/airflow_env/lib/python3.11/site-packages/airflow/example_dags/example_sla_dag.py took 0.056 seconds
[2026-02-24T05:10:46.785+0530] {processor.py:161} INFO - Started process (PID=45214) to work on /Users/aswin/Documents/data-engineering-practice/ETL_Airflow_DBT/airflow/airflow_env/lib/python3.11/site-packages/airflow/example_dags/example_sla_dag.py
[2026-02-24T05:10:46.786+0530] {processor.py:830} INFO - Processing file /Users/aswin/Documents/data-engineering-practice/ETL_Airflow_DBT/airflow/airflow_env/lib/python3.11/site-packages/airflow/example_dags/example_sla_dag.py for tasks to queue
[2026-02-24T05:10:46.786+0530] {logging_mixin.py:188} INFO - [2026-02-24T05:10:46.786+0530] {dagbag.py:540} INFO - Filling up the DagBag from /Users/aswin/Documents/data-engineering-practice/ETL_Airflow_DBT/airflow/airflow_env/lib/python3.11/site-packages/airflow/example_dags/example_sla_dag.py
[2026-02-24T05:10:46.800+0530] {processor.py:840} INFO - DAG(s) 'example_sla_dag' retrieved from /Users/aswin/Documents/data-engineering-practice/ETL_Airflow_DBT/airflow/airflow_env/lib/python3.11/site-packages/airflow/example_dags/example_sla_dag.py
[2026-02-24T05:10:46.828+0530] {logging_mixin.py:188} INFO - [2026-02-24T05:10:46.828+0530] {dag.py:3096} INFO - Sync 1 DAGs
[2026-02-24T05:10:46.834+0530] {logging_mixin.py:188} INFO - [2026-02-24T05:10:46.834+0530] {dag.py:3954} INFO - Setting next_dagrun for example_sla_dag to 2026-02-23 23:38:00+00:00, run_after=2026-02-23 23:40:00+00:00
[2026-02-24T05:10:46.839+0530] {processor.py:183} INFO - Processing /Users/aswin/Documents/data-engineering-practice/ETL_Airflow_DBT/airflow/airflow_env/lib/python3.11/site-packages/airflow/example_dags/example_sla_dag.py took 0.055 seconds
[2026-02-24T05:12:09.783+0530] {processor.py:161} INFO - Started process (PID=45304) to work on /Users/aswin/Documents/data-engineering-practice/ETL_Airflow_DBT/airflow/airflow_env/lib/python3.11/site-packages/airflow/example_dags/example_sla_dag.py
[2026-02-24T05:12:09.784+0530] {processor.py:830} INFO - Processing file /Users/aswin/Documents/data-engineering-practice/ETL_Airflow_DBT/airflow/airflow_env/lib/python3.11/site-packages/airflow/example_dags/example_sla_dag.py for tasks to queue
[2026-02-24T05:12:09.784+0530] {logging_mixin.py:188} INFO - [2026-02-24T05:12:09.784+0530] {dagbag.py:540} INFO - Filling up the DagBag from /Users/aswin/Documents/data-engineering-practice/ETL_Airflow_DBT/airflow/airflow_env/lib/python3.11/site-packages/airflow/example_dags/example_sla_dag.py
[2026-02-24T05:12:09.798+0530] {processor.py:840} INFO - DAG(s) 'example_sla_dag' retrieved from /Users/aswin/Documents/data-engineering-practice/ETL_Airflow_DBT/airflow/airflow_env/lib/python3.11/site-packages/airflow/example_dags/example_sla_dag.py
[2026-02-24T05:12:09.826+0530] {logging_mixin.py:188} INFO - [2026-02-24T05:12:09.826+0530] {dag.py:3096} INFO - Sync 1 DAGs
[2026-02-24T05:12:09.832+0530] {logging_mixin.py:188} INFO - [2026-02-24T05:12:09.832+0530] {dag.py:3954} INFO - Setting next_dagrun for example_sla_dag to 2026-02-23 23:40:00+00:00, run_after=2026-02-23 23:42:00+00:00
[2026-02-24T05:12:09.838+0530] {processor.py:183} INFO - Processing /Users/aswin/Documents/data-engineering-practice/ETL_Airflow_DBT/airflow/airflow_env/lib/python3.11/site-packages/airflow/example_dags/example_sla_dag.py took 0.055 seconds
[2026-02-24T05:13:42.780+0530] {processor.py:161} INFO - Started process (PID=45638) to work on /Users/aswin/Documents/data-engineering-practice/ETL_Airflow_DBT/airflow/airflow_env/lib/python3.11/site-packages/airflow/example_dags/example_sla_dag.py
[2026-02-24T05:13:42.782+0530] {processor.py:830} INFO - Processing file /Users/aswin/Documents/data-engineering-practice/ETL_Airflow_DBT/airflow/airflow_env/lib/python3.11/site-packages/airflow/example_dags/example_sla_dag.py for tasks to queue
[2026-02-24T05:13:42.782+0530] {logging_mixin.py:188} INFO - [2026-02-24T05:13:42.782+0530] {dagbag.py:540} INFO - Filling up the DagBag from /Users/aswin/Documents/data-engineering-practice/ETL_Airflow_DBT/airflow/airflow_env/lib/python3.11/site-packages/airflow/example_dags/example_sla_dag.py
[2026-02-24T05:13:42.796+0530] {processor.py:840} INFO - DAG(s) 'example_sla_dag' retrieved from /Users/aswin/Documents/data-engineering-practice/ETL_Airflow_DBT/airflow/airflow_env/lib/python3.11/site-packages/airflow/example_dags/example_sla_dag.py
[2026-02-24T05:13:42.824+0530] {logging_mixin.py:188} INFO - [2026-02-24T05:13:42.824+0530] {dag.py:3096} INFO - Sync 1 DAGs
[2026-02-24T05:13:42.830+0530] {logging_mixin.py:188} INFO - [2026-02-24T05:13:42.830+0530] {dag.py:3954} INFO - Setting next_dagrun for example_sla_dag to 2026-02-23 23:40:00+00:00, run_after=2026-02-23 23:42:00+00:00
[2026-02-24T05:13:42.836+0530] {processor.py:183} INFO - Processing /Users/aswin/Documents/data-engineering-practice/ETL_Airflow_DBT/airflow/airflow_env/lib/python3.11/site-packages/airflow/example_dags/example_sla_dag.py took 0.056 seconds
[2026-02-24T05:15:13.825+0530] {processor.py:161} INFO - Started process (PID=45769) to work on /Users/aswin/Documents/data-engineering-practice/ETL_Airflow_DBT/airflow/airflow_env/lib/python3.11/site-packages/airflow/example_dags/example_sla_dag.py
[2026-02-24T05:15:13.827+0530] {processor.py:830} INFO - Processing file /Users/aswin/Documents/data-engineering-practice/ETL_Airflow_DBT/airflow/airflow_env/lib/python3.11/site-packages/airflow/example_dags/example_sla_dag.py for tasks to queue
[2026-02-24T05:15:13.827+0530] {logging_mixin.py:188} INFO - [2026-02-24T05:15:13.827+0530] {dagbag.py:540} INFO - Filling up the DagBag from /Users/aswin/Documents/data-engineering-practice/ETL_Airflow_DBT/airflow/airflow_env/lib/python3.11/site-packages/airflow/example_dags/example_sla_dag.py
[2026-02-24T05:15:13.841+0530] {processor.py:840} INFO - DAG(s) 'example_sla_dag' retrieved from /Users/aswin/Documents/data-engineering-practice/ETL_Airflow_DBT/airflow/airflow_env/lib/python3.11/site-packages/airflow/example_dags/example_sla_dag.py
[2026-02-24T05:15:13.869+0530] {logging_mixin.py:188} INFO - [2026-02-24T05:15:13.869+0530] {dag.py:3096} INFO - Sync 1 DAGs
[2026-02-24T05:15:13.875+0530] {logging_mixin.py:188} INFO - [2026-02-24T05:15:13.875+0530] {dag.py:3954} INFO - Setting next_dagrun for example_sla_dag to 2026-02-23 23:42:00+00:00, run_after=2026-02-23 23:44:00+00:00
[2026-02-24T05:15:13.881+0530] {processor.py:183} INFO - Processing /Users/aswin/Documents/data-engineering-practice/ETL_Airflow_DBT/airflow/airflow_env/lib/python3.11/site-packages/airflow/example_dags/example_sla_dag.py took 0.056 seconds
[2026-02-24T05:16:46.432+0530] {processor.py:161} INFO - Started process (PID=46406) to work on /Users/aswin/Documents/data-engineering-practice/ETL_Airflow_DBT/airflow/airflow_env/lib/python3.11/site-packages/airflow/example_dags/example_sla_dag.py
[2026-02-24T05:16:46.433+0530] {processor.py:830} INFO - Processing file /Users/aswin/Documents/data-engineering-practice/ETL_Airflow_DBT/airflow/airflow_env/lib/python3.11/site-packages/airflow/example_dags/example_sla_dag.py for tasks to queue
[2026-02-24T05:16:46.433+0530] {logging_mixin.py:188} INFO - [2026-02-24T05:16:46.433+0530] {dagbag.py:540} INFO - Filling up the DagBag from /Users/aswin/Documents/data-engineering-practice/ETL_Airflow_DBT/airflow/airflow_env/lib/python3.11/site-packages/airflow/example_dags/example_sla_dag.py
[2026-02-24T05:16:46.446+0530] {processor.py:840} INFO - DAG(s) 'example_sla_dag' retrieved from /Users/aswin/Documents/data-engineering-practice/ETL_Airflow_DBT/airflow/airflow_env/lib/python3.11/site-packages/airflow/example_dags/example_sla_dag.py
[2026-02-24T05:16:46.475+0530] {logging_mixin.py:188} INFO - [2026-02-24T05:16:46.475+0530] {dag.py:3096} INFO - Sync 1 DAGs
[2026-02-24T05:16:46.481+0530] {logging_mixin.py:188} INFO - [2026-02-24T05:16:46.481+0530] {dag.py:3954} INFO - Setting next_dagrun for example_sla_dag to 2026-02-23 23:44:00+00:00, run_after=2026-02-23 23:46:00+00:00
[2026-02-24T05:16:46.486+0530] {processor.py:183} INFO - Processing /Users/aswin/Documents/data-engineering-practice/ETL_Airflow_DBT/airflow/airflow_env/lib/python3.11/site-packages/airflow/example_dags/example_sla_dag.py took 0.055 seconds
[2026-02-24T05:18:15.911+0530] {processor.py:161} INFO - Started process (PID=46482) to work on /Users/aswin/Documents/data-engineering-practice/ETL_Airflow_DBT/airflow/airflow_env/lib/python3.11/site-packages/airflow/example_dags/example_sla_dag.py
[2026-02-24T05:18:15.912+0530] {processor.py:830} INFO - Processing file /Users/aswin/Documents/data-engineering-practice/ETL_Airflow_DBT/airflow/airflow_env/lib/python3.11/site-packages/airflow/example_dags/example_sla_dag.py for tasks to queue
[2026-02-24T05:18:15.913+0530] {logging_mixin.py:188} INFO - [2026-02-24T05:18:15.913+0530] {dagbag.py:540} INFO - Filling up the DagBag from /Users/aswin/Documents/data-engineering-practice/ETL_Airflow_DBT/airflow/airflow_env/lib/python3.11/site-packages/airflow/example_dags/example_sla_dag.py
[2026-02-24T05:18:15.927+0530] {processor.py:840} INFO - DAG(s) 'example_sla_dag' retrieved from /Users/aswin/Documents/data-engineering-practice/ETL_Airflow_DBT/airflow/airflow_env/lib/python3.11/site-packages/airflow/example_dags/example_sla_dag.py
[2026-02-24T05:18:15.955+0530] {logging_mixin.py:188} INFO - [2026-02-24T05:18:15.955+0530] {dag.py:3096} INFO - Sync 1 DAGs
[2026-02-24T05:18:15.961+0530] {logging_mixin.py:188} INFO - [2026-02-24T05:18:15.961+0530] {dag.py:3954} INFO - Setting next_dagrun for example_sla_dag to 2026-02-23 23:46:00+00:00, run_after=2026-02-23 23:48:00+00:00
[2026-02-24T05:18:15.966+0530] {processor.py:183} INFO - Processing /Users/aswin/Documents/data-engineering-practice/ETL_Airflow_DBT/airflow/airflow_env/lib/python3.11/site-packages/airflow/example_dags/example_sla_dag.py took 0.056 seconds
[2026-02-24T05:19:51.041+0530] {processor.py:161} INFO - Started process (PID=46556) to work on /Users/aswin/Documents/data-engineering-practice/ETL_Airflow_DBT/airflow/airflow_env/lib/python3.11/site-packages/airflow/example_dags/example_sla_dag.py
[2026-02-24T05:19:51.041+0530] {processor.py:830} INFO - Processing file /Users/aswin/Documents/data-engineering-practice/ETL_Airflow_DBT/airflow/airflow_env/lib/python3.11/site-packages/airflow/example_dags/example_sla_dag.py for tasks to queue
[2026-02-24T05:19:51.042+0530] {logging_mixin.py:188} INFO - [2026-02-24T05:19:51.042+0530] {dagbag.py:540} INFO - Filling up the DagBag from /Users/aswin/Documents/data-engineering-practice/ETL_Airflow_DBT/airflow/airflow_env/lib/python3.11/site-packages/airflow/example_dags/example_sla_dag.py
[2026-02-24T05:19:51.057+0530] {processor.py:840} INFO - DAG(s) 'example_sla_dag' retrieved from /Users/aswin/Documents/data-engineering-practice/ETL_Airflow_DBT/airflow/airflow_env/lib/python3.11/site-packages/airflow/example_dags/example_sla_dag.py
[2026-02-24T05:19:51.086+0530] {logging_mixin.py:188} INFO - [2026-02-24T05:19:51.086+0530] {dag.py:3096} INFO - Sync 1 DAGs
[2026-02-24T05:19:51.092+0530] {logging_mixin.py:188} INFO - [2026-02-24T05:19:51.092+0530] {dag.py:3954} INFO - Setting next_dagrun for example_sla_dag to 2026-02-23 23:46:00+00:00, run_after=2026-02-23 23:48:00+00:00
[2026-02-24T05:19:51.098+0530] {processor.py:183} INFO - Processing /Users/aswin/Documents/data-engineering-practice/ETL_Airflow_DBT/airflow/airflow_env/lib/python3.11/site-packages/airflow/example_dags/example_sla_dag.py took 0.058 seconds
[2026-02-24T05:21:26.710+0530] {processor.py:161} INFO - Started process (PID=46642) to work on /Users/aswin/Documents/data-engineering-practice/ETL_Airflow_DBT/airflow/airflow_env/lib/python3.11/site-packages/airflow/example_dags/example_sla_dag.py
[2026-02-24T05:21:26.711+0530] {processor.py:830} INFO - Processing file /Users/aswin/Documents/data-engineering-practice/ETL_Airflow_DBT/airflow/airflow_env/lib/python3.11/site-packages/airflow/example_dags/example_sla_dag.py for tasks to queue
[2026-02-24T05:21:26.711+0530] {logging_mixin.py:188} INFO - [2026-02-24T05:21:26.711+0530] {dagbag.py:540} INFO - Filling up the DagBag from /Users/aswin/Documents/data-engineering-practice/ETL_Airflow_DBT/airflow/airflow_env/lib/python3.11/site-packages/airflow/example_dags/example_sla_dag.py
[2026-02-24T05:21:26.726+0530] {processor.py:840} INFO - DAG(s) 'example_sla_dag' retrieved from /Users/aswin/Documents/data-engineering-practice/ETL_Airflow_DBT/airflow/airflow_env/lib/python3.11/site-packages/airflow/example_dags/example_sla_dag.py
[2026-02-24T05:21:26.756+0530] {logging_mixin.py:188} INFO - [2026-02-24T05:21:26.756+0530] {dag.py:3096} INFO - Sync 1 DAGs
[2026-02-24T05:21:26.763+0530] {logging_mixin.py:188} INFO - [2026-02-24T05:21:26.762+0530] {dag.py:3954} INFO - Setting next_dagrun for example_sla_dag to 2026-02-23 23:48:00+00:00, run_after=2026-02-23 23:50:00+00:00
[2026-02-24T05:21:26.768+0530] {processor.py:183} INFO - Processing /Users/aswin/Documents/data-engineering-practice/ETL_Airflow_DBT/airflow/airflow_env/lib/python3.11/site-packages/airflow/example_dags/example_sla_dag.py took 0.059 seconds
[2026-02-24T05:22:58.643+0530] {processor.py:161} INFO - Started process (PID=46713) to work on /Users/aswin/Documents/data-engineering-practice/ETL_Airflow_DBT/airflow/airflow_env/lib/python3.11/site-packages/airflow/example_dags/example_sla_dag.py
[2026-02-24T05:22:58.643+0530] {processor.py:830} INFO - Processing file /Users/aswin/Documents/data-engineering-practice/ETL_Airflow_DBT/airflow/airflow_env/lib/python3.11/site-packages/airflow/example_dags/example_sla_dag.py for tasks to queue
[2026-02-24T05:22:58.644+0530] {logging_mixin.py:188} INFO - [2026-02-24T05:22:58.644+0530] {dagbag.py:540} INFO - Filling up the DagBag from /Users/aswin/Documents/data-engineering-practice/ETL_Airflow_DBT/airflow/airflow_env/lib/python3.11/site-packages/airflow/example_dags/example_sla_dag.py
[2026-02-24T05:22:58.657+0530] {processor.py:840} INFO - DAG(s) 'example_sla_dag' retrieved from /Users/aswin/Documents/data-engineering-practice/ETL_Airflow_DBT/airflow/airflow_env/lib/python3.11/site-packages/airflow/example_dags/example_sla_dag.py
[2026-02-24T05:22:58.686+0530] {logging_mixin.py:188} INFO - [2026-02-24T05:22:58.685+0530] {dag.py:3096} INFO - Sync 1 DAGs
[2026-02-24T05:22:58.692+0530] {logging_mixin.py:188} INFO - [2026-02-24T05:22:58.692+0530] {dag.py:3954} INFO - Setting next_dagrun for example_sla_dag to 2026-02-23 23:50:00+00:00, run_after=2026-02-23 23:52:00+00:00
[2026-02-24T05:22:58.697+0530] {processor.py:183} INFO - Processing /Users/aswin/Documents/data-engineering-practice/ETL_Airflow_DBT/airflow/airflow_env/lib/python3.11/site-packages/airflow/example_dags/example_sla_dag.py took 0.055 seconds
[2026-02-24T05:24:26.727+0530] {processor.py:161} INFO - Started process (PID=46782) to work on /Users/aswin/Documents/data-engineering-practice/ETL_Airflow_DBT/airflow/airflow_env/lib/python3.11/site-packages/airflow/example_dags/example_sla_dag.py
[2026-02-24T05:24:26.728+0530] {processor.py:830} INFO - Processing file /Users/aswin/Documents/data-engineering-practice/ETL_Airflow_DBT/airflow/airflow_env/lib/python3.11/site-packages/airflow/example_dags/example_sla_dag.py for tasks to queue
[2026-02-24T05:24:26.728+0530] {logging_mixin.py:188} INFO - [2026-02-24T05:24:26.728+0530] {dagbag.py:540} INFO - Filling up the DagBag from /Users/aswin/Documents/data-engineering-practice/ETL_Airflow_DBT/airflow/airflow_env/lib/python3.11/site-packages/airflow/example_dags/example_sla_dag.py
[2026-02-24T05:24:26.743+0530] {processor.py:840} INFO - DAG(s) 'example_sla_dag' retrieved from /Users/aswin/Documents/data-engineering-practice/ETL_Airflow_DBT/airflow/airflow_env/lib/python3.11/site-packages/airflow/example_dags/example_sla_dag.py
[2026-02-24T05:24:26.774+0530] {logging_mixin.py:188} INFO - [2026-02-24T05:24:26.774+0530] {dag.py:3096} INFO - Sync 1 DAGs
[2026-02-24T05:24:26.780+0530] {logging_mixin.py:188} INFO - [2026-02-24T05:24:26.780+0530] {dag.py:3954} INFO - Setting next_dagrun for example_sla_dag to 2026-02-23 23:52:00+00:00, run_after=2026-02-23 23:54:00+00:00
[2026-02-24T05:24:26.786+0530] {processor.py:183} INFO - Processing /Users/aswin/Documents/data-engineering-practice/ETL_Airflow_DBT/airflow/airflow_env/lib/python3.11/site-packages/airflow/example_dags/example_sla_dag.py took 0.060 seconds
[2026-02-24T05:25:59.795+0530] {processor.py:161} INFO - Started process (PID=46878) to work on /Users/aswin/Documents/data-engineering-practice/ETL_Airflow_DBT/airflow/airflow_env/lib/python3.11/site-packages/airflow/example_dags/example_sla_dag.py
[2026-02-24T05:25:59.796+0530] {processor.py:830} INFO - Processing file /Users/aswin/Documents/data-engineering-practice/ETL_Airflow_DBT/airflow/airflow_env/lib/python3.11/site-packages/airflow/example_dags/example_sla_dag.py for tasks to queue
[2026-02-24T05:25:59.796+0530] {logging_mixin.py:188} INFO - [2026-02-24T05:25:59.796+0530] {dagbag.py:540} INFO - Filling up the DagBag from /Users/aswin/Documents/data-engineering-practice/ETL_Airflow_DBT/airflow/airflow_env/lib/python3.11/site-packages/airflow/example_dags/example_sla_dag.py
[2026-02-24T05:25:59.809+0530] {processor.py:840} INFO - DAG(s) 'example_sla_dag' retrieved from /Users/aswin/Documents/data-engineering-practice/ETL_Airflow_DBT/airflow/airflow_env/lib/python3.11/site-packages/airflow/example_dags/example_sla_dag.py
[2026-02-24T05:25:59.838+0530] {logging_mixin.py:188} INFO - [2026-02-24T05:25:59.838+0530] {dag.py:3096} INFO - Sync 1 DAGs
[2026-02-24T05:25:59.844+0530] {logging_mixin.py:188} INFO - [2026-02-24T05:25:59.844+0530] {dag.py:3954} INFO - Setting next_dagrun for example_sla_dag to 2026-02-23 23:52:00+00:00, run_after=2026-02-23 23:54:00+00:00
[2026-02-24T05:25:59.849+0530] {processor.py:183} INFO - Processing /Users/aswin/Documents/data-engineering-practice/ETL_Airflow_DBT/airflow/airflow_env/lib/python3.11/site-packages/airflow/example_dags/example_sla_dag.py took 0.055 seconds
[2026-02-24T05:27:30.168+0530] {processor.py:161} INFO - Started process (PID=46951) to work on /Users/aswin/Documents/data-engineering-practice/ETL_Airflow_DBT/airflow/airflow_env/lib/python3.11/site-packages/airflow/example_dags/example_sla_dag.py
[2026-02-24T05:27:30.169+0530] {processor.py:830} INFO - Processing file /Users/aswin/Documents/data-engineering-practice/ETL_Airflow_DBT/airflow/airflow_env/lib/python3.11/site-packages/airflow/example_dags/example_sla_dag.py for tasks to queue
[2026-02-24T05:27:30.170+0530] {logging_mixin.py:188} INFO - [2026-02-24T05:27:30.170+0530] {dagbag.py:540} INFO - Filling up the DagBag from /Users/aswin/Documents/data-engineering-practice/ETL_Airflow_DBT/airflow/airflow_env/lib/python3.11/site-packages/airflow/example_dags/example_sla_dag.py
[2026-02-24T05:27:30.183+0530] {processor.py:840} INFO - DAG(s) 'example_sla_dag' retrieved from /Users/aswin/Documents/data-engineering-practice/ETL_Airflow_DBT/airflow/airflow_env/lib/python3.11/site-packages/airflow/example_dags/example_sla_dag.py
[2026-02-24T05:27:30.212+0530] {logging_mixin.py:188} INFO - [2026-02-24T05:27:30.212+0530] {dag.py:3096} INFO - Sync 1 DAGs
[2026-02-24T05:27:30.218+0530] {logging_mixin.py:188} INFO - [2026-02-24T05:27:30.218+0530] {dag.py:3954} INFO - Setting next_dagrun for example_sla_dag to 2026-02-23 23:54:00+00:00, run_after=2026-02-23 23:56:00+00:00
[2026-02-24T05:27:30.223+0530] {processor.py:183} INFO - Processing /Users/aswin/Documents/data-engineering-practice/ETL_Airflow_DBT/airflow/airflow_env/lib/python3.11/site-packages/airflow/example_dags/example_sla_dag.py took 0.056 seconds
[2026-02-24T05:28:58.406+0530] {processor.py:161} INFO - Started process (PID=47018) to work on /Users/aswin/Documents/data-engineering-practice/ETL_Airflow_DBT/airflow/airflow_env/lib/python3.11/site-packages/airflow/example_dags/example_sla_dag.py
[2026-02-24T05:28:58.408+0530] {processor.py:830} INFO - Processing file /Users/aswin/Documents/data-engineering-practice/ETL_Airflow_DBT/airflow/airflow_env/lib/python3.11/site-packages/airflow/example_dags/example_sla_dag.py for tasks to queue
[2026-02-24T05:28:58.408+0530] {logging_mixin.py:188} INFO - [2026-02-24T05:28:58.408+0530] {dagbag.py:540} INFO - Filling up the DagBag from /Users/aswin/Documents/data-engineering-practice/ETL_Airflow_DBT/airflow/airflow_env/lib/python3.11/site-packages/airflow/example_dags/example_sla_dag.py
[2026-02-24T05:28:58.422+0530] {processor.py:840} INFO - DAG(s) 'example_sla_dag' retrieved from /Users/aswin/Documents/data-engineering-practice/ETL_Airflow_DBT/airflow/airflow_env/lib/python3.11/site-packages/airflow/example_dags/example_sla_dag.py
[2026-02-24T05:28:58.450+0530] {logging_mixin.py:188} INFO - [2026-02-24T05:28:58.450+0530] {dag.py:3096} INFO - Sync 1 DAGs
[2026-02-24T05:28:58.456+0530] {logging_mixin.py:188} INFO - [2026-02-24T05:28:58.456+0530] {dag.py:3954} INFO - Setting next_dagrun for example_sla_dag to 2026-02-23 23:56:00+00:00, run_after=2026-02-23 23:58:00+00:00
[2026-02-24T05:28:58.461+0530] {processor.py:183} INFO - Processing /Users/aswin/Documents/data-engineering-practice/ETL_Airflow_DBT/airflow/airflow_env/lib/python3.11/site-packages/airflow/example_dags/example_sla_dag.py took 0.056 seconds
