[2026-02-24T04:39:30.799+0530] {processor.py:161} INFO - Started process (PID=42448) to work on /Users/aswin/Documents/data-engineering-practice/ETL_Airflow_DBT/airflow/airflow_env/lib/python3.11/site-packages/airflow/example_dags/example_dynamic_task_mapping.py
[2026-02-24T04:39:30.800+0530] {processor.py:830} INFO - Processing file /Users/aswin/Documents/data-engineering-practice/ETL_Airflow_DBT/airflow/airflow_env/lib/python3.11/site-packages/airflow/example_dags/example_dynamic_task_mapping.py for tasks to queue
[2026-02-24T04:39:30.800+0530] {logging_mixin.py:188} INFO - [2026-02-24T04:39:30.800+0530] {dagbag.py:540} INFO - Filling up the DagBag from /Users/aswin/Documents/data-engineering-practice/ETL_Airflow_DBT/airflow/airflow_env/lib/python3.11/site-packages/airflow/example_dags/example_dynamic_task_mapping.py
[2026-02-24T04:39:30.815+0530] {processor.py:840} INFO - DAG(s) 'example_dynamic_task_mapping' retrieved from /Users/aswin/Documents/data-engineering-practice/ETL_Airflow_DBT/airflow/airflow_env/lib/python3.11/site-packages/airflow/example_dags/example_dynamic_task_mapping.py
[2026-02-24T04:39:30.871+0530] {logging_mixin.py:188} INFO - [2026-02-24T04:39:30.871+0530] {override.py:1829} INFO - Created Permission View: can read on DAG:example_dynamic_task_mapping
[2026-02-24T04:39:30.874+0530] {logging_mixin.py:188} INFO - [2026-02-24T04:39:30.874+0530] {override.py:1829} INFO - Created Permission View: can delete on DAG:example_dynamic_task_mapping
[2026-02-24T04:39:30.875+0530] {logging_mixin.py:188} INFO - [2026-02-24T04:39:30.875+0530] {override.py:1829} INFO - Created Permission View: can edit on DAG:example_dynamic_task_mapping
[2026-02-24T04:39:30.876+0530] {logging_mixin.py:188} INFO - [2026-02-24T04:39:30.876+0530] {dag.py:3096} INFO - Sync 1 DAGs
[2026-02-24T04:39:30.879+0530] {logging_mixin.py:188} INFO - [2026-02-24T04:39:30.878+0530] {dag.py:3118} INFO - Creating ORM DAG for example_dynamic_task_mapping
[2026-02-24T04:39:30.881+0530] {logging_mixin.py:188} INFO - [2026-02-24T04:39:30.881+0530] {dag.py:3954} INFO - Setting next_dagrun for example_dynamic_task_mapping to 2022-03-04 00:00:00+00:00, run_after=2022-03-05 00:00:00+00:00
[2026-02-24T04:39:30.909+0530] {processor.py:183} INFO - Processing /Users/aswin/Documents/data-engineering-practice/ETL_Airflow_DBT/airflow/airflow_env/lib/python3.11/site-packages/airflow/example_dags/example_dynamic_task_mapping.py took 0.111 seconds
[2026-02-24T04:41:10.474+0530] {processor.py:161} INFO - Started process (PID=42535) to work on /Users/aswin/Documents/data-engineering-practice/ETL_Airflow_DBT/airflow/airflow_env/lib/python3.11/site-packages/airflow/example_dags/example_dynamic_task_mapping.py
[2026-02-24T04:41:10.474+0530] {processor.py:830} INFO - Processing file /Users/aswin/Documents/data-engineering-practice/ETL_Airflow_DBT/airflow/airflow_env/lib/python3.11/site-packages/airflow/example_dags/example_dynamic_task_mapping.py for tasks to queue
[2026-02-24T04:41:10.475+0530] {logging_mixin.py:188} INFO - [2026-02-24T04:41:10.475+0530] {dagbag.py:540} INFO - Filling up the DagBag from /Users/aswin/Documents/data-engineering-practice/ETL_Airflow_DBT/airflow/airflow_env/lib/python3.11/site-packages/airflow/example_dags/example_dynamic_task_mapping.py
[2026-02-24T04:41:10.489+0530] {processor.py:840} INFO - DAG(s) 'example_dynamic_task_mapping' retrieved from /Users/aswin/Documents/data-engineering-practice/ETL_Airflow_DBT/airflow/airflow_env/lib/python3.11/site-packages/airflow/example_dags/example_dynamic_task_mapping.py
[2026-02-24T04:41:10.521+0530] {logging_mixin.py:188} INFO - [2026-02-24T04:41:10.521+0530] {dag.py:3096} INFO - Sync 1 DAGs
[2026-02-24T04:41:10.526+0530] {logging_mixin.py:188} INFO - [2026-02-24T04:41:10.526+0530] {dag.py:3954} INFO - Setting next_dagrun for example_dynamic_task_mapping to 2022-03-04 00:00:00+00:00, run_after=2022-03-05 00:00:00+00:00
[2026-02-24T04:41:10.533+0530] {processor.py:183} INFO - Processing /Users/aswin/Documents/data-engineering-practice/ETL_Airflow_DBT/airflow/airflow_env/lib/python3.11/site-packages/airflow/example_dags/example_dynamic_task_mapping.py took 0.060 seconds
[2026-02-24T04:42:43.758+0530] {processor.py:161} INFO - Started process (PID=42650) to work on /Users/aswin/Documents/data-engineering-practice/ETL_Airflow_DBT/airflow/airflow_env/lib/python3.11/site-packages/airflow/example_dags/example_dynamic_task_mapping.py
[2026-02-24T04:42:43.759+0530] {processor.py:830} INFO - Processing file /Users/aswin/Documents/data-engineering-practice/ETL_Airflow_DBT/airflow/airflow_env/lib/python3.11/site-packages/airflow/example_dags/example_dynamic_task_mapping.py for tasks to queue
[2026-02-24T04:42:43.759+0530] {logging_mixin.py:188} INFO - [2026-02-24T04:42:43.759+0530] {dagbag.py:540} INFO - Filling up the DagBag from /Users/aswin/Documents/data-engineering-practice/ETL_Airflow_DBT/airflow/airflow_env/lib/python3.11/site-packages/airflow/example_dags/example_dynamic_task_mapping.py
[2026-02-24T04:42:43.772+0530] {processor.py:840} INFO - DAG(s) 'example_dynamic_task_mapping' retrieved from /Users/aswin/Documents/data-engineering-practice/ETL_Airflow_DBT/airflow/airflow_env/lib/python3.11/site-packages/airflow/example_dags/example_dynamic_task_mapping.py
[2026-02-24T04:42:43.800+0530] {logging_mixin.py:188} INFO - [2026-02-24T04:42:43.800+0530] {dag.py:3096} INFO - Sync 1 DAGs
[2026-02-24T04:42:43.805+0530] {logging_mixin.py:188} INFO - [2026-02-24T04:42:43.805+0530] {dag.py:3954} INFO - Setting next_dagrun for example_dynamic_task_mapping to 2022-03-04 00:00:00+00:00, run_after=2022-03-05 00:00:00+00:00
[2026-02-24T04:42:43.811+0530] {processor.py:183} INFO - Processing /Users/aswin/Documents/data-engineering-practice/ETL_Airflow_DBT/airflow/airflow_env/lib/python3.11/site-packages/airflow/example_dags/example_dynamic_task_mapping.py took 0.053 seconds
[2026-02-24T04:44:13.572+0530] {processor.py:161} INFO - Started process (PID=42736) to work on /Users/aswin/Documents/data-engineering-practice/ETL_Airflow_DBT/airflow/airflow_env/lib/python3.11/site-packages/airflow/example_dags/example_dynamic_task_mapping.py
[2026-02-24T04:44:13.573+0530] {processor.py:830} INFO - Processing file /Users/aswin/Documents/data-engineering-practice/ETL_Airflow_DBT/airflow/airflow_env/lib/python3.11/site-packages/airflow/example_dags/example_dynamic_task_mapping.py for tasks to queue
[2026-02-24T04:44:13.573+0530] {logging_mixin.py:188} INFO - [2026-02-24T04:44:13.573+0530] {dagbag.py:540} INFO - Filling up the DagBag from /Users/aswin/Documents/data-engineering-practice/ETL_Airflow_DBT/airflow/airflow_env/lib/python3.11/site-packages/airflow/example_dags/example_dynamic_task_mapping.py
[2026-02-24T04:44:13.588+0530] {processor.py:840} INFO - DAG(s) 'example_dynamic_task_mapping' retrieved from /Users/aswin/Documents/data-engineering-practice/ETL_Airflow_DBT/airflow/airflow_env/lib/python3.11/site-packages/airflow/example_dags/example_dynamic_task_mapping.py
[2026-02-24T04:44:13.618+0530] {logging_mixin.py:188} INFO - [2026-02-24T04:44:13.618+0530] {dag.py:3096} INFO - Sync 1 DAGs
[2026-02-24T04:44:13.623+0530] {logging_mixin.py:188} INFO - [2026-02-24T04:44:13.623+0530] {dag.py:3954} INFO - Setting next_dagrun for example_dynamic_task_mapping to 2022-03-04 00:00:00+00:00, run_after=2022-03-05 00:00:00+00:00
[2026-02-24T04:44:13.629+0530] {processor.py:183} INFO - Processing /Users/aswin/Documents/data-engineering-practice/ETL_Airflow_DBT/airflow/airflow_env/lib/python3.11/site-packages/airflow/example_dags/example_dynamic_task_mapping.py took 0.058 seconds
[2026-02-24T04:45:40.657+0530] {processor.py:161} INFO - Started process (PID=42811) to work on /Users/aswin/Documents/data-engineering-practice/ETL_Airflow_DBT/airflow/airflow_env/lib/python3.11/site-packages/airflow/example_dags/example_dynamic_task_mapping.py
[2026-02-24T04:45:40.657+0530] {processor.py:830} INFO - Processing file /Users/aswin/Documents/data-engineering-practice/ETL_Airflow_DBT/airflow/airflow_env/lib/python3.11/site-packages/airflow/example_dags/example_dynamic_task_mapping.py for tasks to queue
[2026-02-24T04:45:40.657+0530] {logging_mixin.py:188} INFO - [2026-02-24T04:45:40.657+0530] {dagbag.py:540} INFO - Filling up the DagBag from /Users/aswin/Documents/data-engineering-practice/ETL_Airflow_DBT/airflow/airflow_env/lib/python3.11/site-packages/airflow/example_dags/example_dynamic_task_mapping.py
[2026-02-24T04:45:40.671+0530] {processor.py:840} INFO - DAG(s) 'example_dynamic_task_mapping' retrieved from /Users/aswin/Documents/data-engineering-practice/ETL_Airflow_DBT/airflow/airflow_env/lib/python3.11/site-packages/airflow/example_dags/example_dynamic_task_mapping.py
[2026-02-24T04:45:40.699+0530] {logging_mixin.py:188} INFO - [2026-02-24T04:45:40.699+0530] {dag.py:3096} INFO - Sync 1 DAGs
[2026-02-24T04:45:40.704+0530] {logging_mixin.py:188} INFO - [2026-02-24T04:45:40.704+0530] {dag.py:3954} INFO - Setting next_dagrun for example_dynamic_task_mapping to 2022-03-04 00:00:00+00:00, run_after=2022-03-05 00:00:00+00:00
[2026-02-24T04:45:40.710+0530] {processor.py:183} INFO - Processing /Users/aswin/Documents/data-engineering-practice/ETL_Airflow_DBT/airflow/airflow_env/lib/python3.11/site-packages/airflow/example_dags/example_dynamic_task_mapping.py took 0.054 seconds
[2026-02-24T04:47:07.147+0530] {processor.py:161} INFO - Started process (PID=42880) to work on /Users/aswin/Documents/data-engineering-practice/ETL_Airflow_DBT/airflow/airflow_env/lib/python3.11/site-packages/airflow/example_dags/example_dynamic_task_mapping.py
[2026-02-24T04:47:07.148+0530] {processor.py:830} INFO - Processing file /Users/aswin/Documents/data-engineering-practice/ETL_Airflow_DBT/airflow/airflow_env/lib/python3.11/site-packages/airflow/example_dags/example_dynamic_task_mapping.py for tasks to queue
[2026-02-24T04:47:07.149+0530] {logging_mixin.py:188} INFO - [2026-02-24T04:47:07.148+0530] {dagbag.py:540} INFO - Filling up the DagBag from /Users/aswin/Documents/data-engineering-practice/ETL_Airflow_DBT/airflow/airflow_env/lib/python3.11/site-packages/airflow/example_dags/example_dynamic_task_mapping.py
[2026-02-24T04:47:07.162+0530] {processor.py:840} INFO - DAG(s) 'example_dynamic_task_mapping' retrieved from /Users/aswin/Documents/data-engineering-practice/ETL_Airflow_DBT/airflow/airflow_env/lib/python3.11/site-packages/airflow/example_dags/example_dynamic_task_mapping.py
[2026-02-24T04:47:07.190+0530] {logging_mixin.py:188} INFO - [2026-02-24T04:47:07.190+0530] {dag.py:3096} INFO - Sync 1 DAGs
[2026-02-24T04:47:07.195+0530] {logging_mixin.py:188} INFO - [2026-02-24T04:47:07.194+0530] {dag.py:3954} INFO - Setting next_dagrun for example_dynamic_task_mapping to 2022-03-04 00:00:00+00:00, run_after=2022-03-05 00:00:00+00:00
[2026-02-24T04:47:07.200+0530] {processor.py:183} INFO - Processing /Users/aswin/Documents/data-engineering-practice/ETL_Airflow_DBT/airflow/airflow_env/lib/python3.11/site-packages/airflow/example_dags/example_dynamic_task_mapping.py took 0.054 seconds
[2026-02-24T04:48:43.263+0530] {processor.py:161} INFO - Started process (PID=42954) to work on /Users/aswin/Documents/data-engineering-practice/ETL_Airflow_DBT/airflow/airflow_env/lib/python3.11/site-packages/airflow/example_dags/example_dynamic_task_mapping.py
[2026-02-24T04:48:43.263+0530] {processor.py:830} INFO - Processing file /Users/aswin/Documents/data-engineering-practice/ETL_Airflow_DBT/airflow/airflow_env/lib/python3.11/site-packages/airflow/example_dags/example_dynamic_task_mapping.py for tasks to queue
[2026-02-24T04:48:43.264+0530] {logging_mixin.py:188} INFO - [2026-02-24T04:48:43.264+0530] {dagbag.py:540} INFO - Filling up the DagBag from /Users/aswin/Documents/data-engineering-practice/ETL_Airflow_DBT/airflow/airflow_env/lib/python3.11/site-packages/airflow/example_dags/example_dynamic_task_mapping.py
[2026-02-24T04:48:43.277+0530] {processor.py:840} INFO - DAG(s) 'example_dynamic_task_mapping' retrieved from /Users/aswin/Documents/data-engineering-practice/ETL_Airflow_DBT/airflow/airflow_env/lib/python3.11/site-packages/airflow/example_dags/example_dynamic_task_mapping.py
[2026-02-24T04:48:43.307+0530] {logging_mixin.py:188} INFO - [2026-02-24T04:48:43.307+0530] {dag.py:3096} INFO - Sync 1 DAGs
[2026-02-24T04:48:43.312+0530] {logging_mixin.py:188} INFO - [2026-02-24T04:48:43.312+0530] {dag.py:3954} INFO - Setting next_dagrun for example_dynamic_task_mapping to 2022-03-04 00:00:00+00:00, run_after=2022-03-05 00:00:00+00:00
[2026-02-24T04:48:43.318+0530] {processor.py:183} INFO - Processing /Users/aswin/Documents/data-engineering-practice/ETL_Airflow_DBT/airflow/airflow_env/lib/python3.11/site-packages/airflow/example_dags/example_dynamic_task_mapping.py took 0.056 seconds
[2026-02-24T04:50:26.559+0530] {processor.py:161} INFO - Started process (PID=43027) to work on /Users/aswin/Documents/data-engineering-practice/ETL_Airflow_DBT/airflow/airflow_env/lib/python3.11/site-packages/airflow/example_dags/example_dynamic_task_mapping.py
[2026-02-24T04:50:26.560+0530] {processor.py:830} INFO - Processing file /Users/aswin/Documents/data-engineering-practice/ETL_Airflow_DBT/airflow/airflow_env/lib/python3.11/site-packages/airflow/example_dags/example_dynamic_task_mapping.py for tasks to queue
[2026-02-24T04:50:26.560+0530] {logging_mixin.py:188} INFO - [2026-02-24T04:50:26.560+0530] {dagbag.py:540} INFO - Filling up the DagBag from /Users/aswin/Documents/data-engineering-practice/ETL_Airflow_DBT/airflow/airflow_env/lib/python3.11/site-packages/airflow/example_dags/example_dynamic_task_mapping.py
[2026-02-24T04:50:26.573+0530] {processor.py:840} INFO - DAG(s) 'example_dynamic_task_mapping' retrieved from /Users/aswin/Documents/data-engineering-practice/ETL_Airflow_DBT/airflow/airflow_env/lib/python3.11/site-packages/airflow/example_dags/example_dynamic_task_mapping.py
[2026-02-24T04:50:26.601+0530] {logging_mixin.py:188} INFO - [2026-02-24T04:50:26.601+0530] {dag.py:3096} INFO - Sync 1 DAGs
[2026-02-24T04:50:26.606+0530] {logging_mixin.py:188} INFO - [2026-02-24T04:50:26.606+0530] {dag.py:3954} INFO - Setting next_dagrun for example_dynamic_task_mapping to 2022-03-04 00:00:00+00:00, run_after=2022-03-05 00:00:00+00:00
[2026-02-24T04:50:26.612+0530] {processor.py:183} INFO - Processing /Users/aswin/Documents/data-engineering-practice/ETL_Airflow_DBT/airflow/airflow_env/lib/python3.11/site-packages/airflow/example_dags/example_dynamic_task_mapping.py took 0.054 seconds
[2026-02-24T04:51:58.048+0530] {processor.py:161} INFO - Started process (PID=43097) to work on /Users/aswin/Documents/data-engineering-practice/ETL_Airflow_DBT/airflow/airflow_env/lib/python3.11/site-packages/airflow/example_dags/example_dynamic_task_mapping.py
[2026-02-24T04:51:58.050+0530] {processor.py:830} INFO - Processing file /Users/aswin/Documents/data-engineering-practice/ETL_Airflow_DBT/airflow/airflow_env/lib/python3.11/site-packages/airflow/example_dags/example_dynamic_task_mapping.py for tasks to queue
[2026-02-24T04:51:58.050+0530] {logging_mixin.py:188} INFO - [2026-02-24T04:51:58.050+0530] {dagbag.py:540} INFO - Filling up the DagBag from /Users/aswin/Documents/data-engineering-practice/ETL_Airflow_DBT/airflow/airflow_env/lib/python3.11/site-packages/airflow/example_dags/example_dynamic_task_mapping.py
[2026-02-24T04:51:58.063+0530] {processor.py:840} INFO - DAG(s) 'example_dynamic_task_mapping' retrieved from /Users/aswin/Documents/data-engineering-practice/ETL_Airflow_DBT/airflow/airflow_env/lib/python3.11/site-packages/airflow/example_dags/example_dynamic_task_mapping.py
[2026-02-24T04:51:58.092+0530] {logging_mixin.py:188} INFO - [2026-02-24T04:51:58.092+0530] {dag.py:3096} INFO - Sync 1 DAGs
[2026-02-24T04:51:58.097+0530] {logging_mixin.py:188} INFO - [2026-02-24T04:51:58.097+0530] {dag.py:3954} INFO - Setting next_dagrun for example_dynamic_task_mapping to 2022-03-04 00:00:00+00:00, run_after=2022-03-05 00:00:00+00:00
[2026-02-24T04:51:58.103+0530] {processor.py:183} INFO - Processing /Users/aswin/Documents/data-engineering-practice/ETL_Airflow_DBT/airflow/airflow_env/lib/python3.11/site-packages/airflow/example_dags/example_dynamic_task_mapping.py took 0.056 seconds
[2026-02-24T04:53:30.000+0530] {processor.py:161} INFO - Started process (PID=43167) to work on /Users/aswin/Documents/data-engineering-practice/ETL_Airflow_DBT/airflow/airflow_env/lib/python3.11/site-packages/airflow/example_dags/example_dynamic_task_mapping.py
[2026-02-24T04:53:30.000+0530] {processor.py:830} INFO - Processing file /Users/aswin/Documents/data-engineering-practice/ETL_Airflow_DBT/airflow/airflow_env/lib/python3.11/site-packages/airflow/example_dags/example_dynamic_task_mapping.py for tasks to queue
[2026-02-24T04:53:30.001+0530] {logging_mixin.py:188} INFO - [2026-02-24T04:53:30.001+0530] {dagbag.py:540} INFO - Filling up the DagBag from /Users/aswin/Documents/data-engineering-practice/ETL_Airflow_DBT/airflow/airflow_env/lib/python3.11/site-packages/airflow/example_dags/example_dynamic_task_mapping.py
[2026-02-24T04:53:30.014+0530] {processor.py:840} INFO - DAG(s) 'example_dynamic_task_mapping' retrieved from /Users/aswin/Documents/data-engineering-practice/ETL_Airflow_DBT/airflow/airflow_env/lib/python3.11/site-packages/airflow/example_dags/example_dynamic_task_mapping.py
[2026-02-24T04:53:30.042+0530] {logging_mixin.py:188} INFO - [2026-02-24T04:53:30.042+0530] {dag.py:3096} INFO - Sync 1 DAGs
[2026-02-24T04:53:30.047+0530] {logging_mixin.py:188} INFO - [2026-02-24T04:53:30.047+0530] {dag.py:3954} INFO - Setting next_dagrun for example_dynamic_task_mapping to 2022-03-04 00:00:00+00:00, run_after=2022-03-05 00:00:00+00:00
[2026-02-24T04:53:30.052+0530] {processor.py:183} INFO - Processing /Users/aswin/Documents/data-engineering-practice/ETL_Airflow_DBT/airflow/airflow_env/lib/python3.11/site-packages/airflow/example_dags/example_dynamic_task_mapping.py took 0.053 seconds
[2026-02-24T04:54:58.344+0530] {processor.py:161} INFO - Started process (PID=43232) to work on /Users/aswin/Documents/data-engineering-practice/ETL_Airflow_DBT/airflow/airflow_env/lib/python3.11/site-packages/airflow/example_dags/example_dynamic_task_mapping.py
[2026-02-24T04:54:58.345+0530] {processor.py:830} INFO - Processing file /Users/aswin/Documents/data-engineering-practice/ETL_Airflow_DBT/airflow/airflow_env/lib/python3.11/site-packages/airflow/example_dags/example_dynamic_task_mapping.py for tasks to queue
[2026-02-24T04:54:58.345+0530] {logging_mixin.py:188} INFO - [2026-02-24T04:54:58.345+0530] {dagbag.py:540} INFO - Filling up the DagBag from /Users/aswin/Documents/data-engineering-practice/ETL_Airflow_DBT/airflow/airflow_env/lib/python3.11/site-packages/airflow/example_dags/example_dynamic_task_mapping.py
[2026-02-24T04:54:58.358+0530] {processor.py:840} INFO - DAG(s) 'example_dynamic_task_mapping' retrieved from /Users/aswin/Documents/data-engineering-practice/ETL_Airflow_DBT/airflow/airflow_env/lib/python3.11/site-packages/airflow/example_dags/example_dynamic_task_mapping.py
[2026-02-24T04:54:58.386+0530] {logging_mixin.py:188} INFO - [2026-02-24T04:54:58.386+0530] {dag.py:3096} INFO - Sync 1 DAGs
[2026-02-24T04:54:58.393+0530] {logging_mixin.py:188} INFO - [2026-02-24T04:54:58.393+0530] {dag.py:3954} INFO - Setting next_dagrun for example_dynamic_task_mapping to 2022-03-04 00:00:00+00:00, run_after=2022-03-05 00:00:00+00:00
[2026-02-24T04:54:58.399+0530] {processor.py:183} INFO - Processing /Users/aswin/Documents/data-engineering-practice/ETL_Airflow_DBT/airflow/airflow_env/lib/python3.11/site-packages/airflow/example_dags/example_dynamic_task_mapping.py took 0.056 seconds
[2026-02-24T04:56:25.737+0530] {processor.py:161} INFO - Started process (PID=43315) to work on /Users/aswin/Documents/data-engineering-practice/ETL_Airflow_DBT/airflow/airflow_env/lib/python3.11/site-packages/airflow/example_dags/example_dynamic_task_mapping.py
[2026-02-24T04:56:25.738+0530] {processor.py:830} INFO - Processing file /Users/aswin/Documents/data-engineering-practice/ETL_Airflow_DBT/airflow/airflow_env/lib/python3.11/site-packages/airflow/example_dags/example_dynamic_task_mapping.py for tasks to queue
[2026-02-24T04:56:25.738+0530] {logging_mixin.py:188} INFO - [2026-02-24T04:56:25.738+0530] {dagbag.py:540} INFO - Filling up the DagBag from /Users/aswin/Documents/data-engineering-practice/ETL_Airflow_DBT/airflow/airflow_env/lib/python3.11/site-packages/airflow/example_dags/example_dynamic_task_mapping.py
[2026-02-24T04:56:25.753+0530] {processor.py:840} INFO - DAG(s) 'example_dynamic_task_mapping' retrieved from /Users/aswin/Documents/data-engineering-practice/ETL_Airflow_DBT/airflow/airflow_env/lib/python3.11/site-packages/airflow/example_dags/example_dynamic_task_mapping.py
[2026-02-24T04:56:25.784+0530] {logging_mixin.py:188} INFO - [2026-02-24T04:56:25.784+0530] {dag.py:3096} INFO - Sync 1 DAGs
[2026-02-24T04:56:25.790+0530] {logging_mixin.py:188} INFO - [2026-02-24T04:56:25.790+0530] {dag.py:3954} INFO - Setting next_dagrun for example_dynamic_task_mapping to 2022-03-04 00:00:00+00:00, run_after=2022-03-05 00:00:00+00:00
[2026-02-24T04:56:25.796+0530] {processor.py:183} INFO - Processing /Users/aswin/Documents/data-engineering-practice/ETL_Airflow_DBT/airflow/airflow_env/lib/python3.11/site-packages/airflow/example_dags/example_dynamic_task_mapping.py took 0.059 seconds
[2026-02-24T04:58:04.252+0530] {processor.py:161} INFO - Started process (PID=43384) to work on /Users/aswin/Documents/data-engineering-practice/ETL_Airflow_DBT/airflow/airflow_env/lib/python3.11/site-packages/airflow/example_dags/example_dynamic_task_mapping.py
[2026-02-24T04:58:04.253+0530] {processor.py:830} INFO - Processing file /Users/aswin/Documents/data-engineering-practice/ETL_Airflow_DBT/airflow/airflow_env/lib/python3.11/site-packages/airflow/example_dags/example_dynamic_task_mapping.py for tasks to queue
[2026-02-24T04:58:04.254+0530] {logging_mixin.py:188} INFO - [2026-02-24T04:58:04.254+0530] {dagbag.py:540} INFO - Filling up the DagBag from /Users/aswin/Documents/data-engineering-practice/ETL_Airflow_DBT/airflow/airflow_env/lib/python3.11/site-packages/airflow/example_dags/example_dynamic_task_mapping.py
[2026-02-24T04:58:04.267+0530] {processor.py:840} INFO - DAG(s) 'example_dynamic_task_mapping' retrieved from /Users/aswin/Documents/data-engineering-practice/ETL_Airflow_DBT/airflow/airflow_env/lib/python3.11/site-packages/airflow/example_dags/example_dynamic_task_mapping.py
[2026-02-24T04:58:04.296+0530] {logging_mixin.py:188} INFO - [2026-02-24T04:58:04.296+0530] {dag.py:3096} INFO - Sync 1 DAGs
[2026-02-24T04:58:04.301+0530] {logging_mixin.py:188} INFO - [2026-02-24T04:58:04.301+0530] {dag.py:3954} INFO - Setting next_dagrun for example_dynamic_task_mapping to 2022-03-04 00:00:00+00:00, run_after=2022-03-05 00:00:00+00:00
[2026-02-24T04:58:04.307+0530] {processor.py:183} INFO - Processing /Users/aswin/Documents/data-engineering-practice/ETL_Airflow_DBT/airflow/airflow_env/lib/python3.11/site-packages/airflow/example_dags/example_dynamic_task_mapping.py took 0.055 seconds
[2026-02-24T04:59:29.365+0530] {processor.py:161} INFO - Started process (PID=43453) to work on /Users/aswin/Documents/data-engineering-practice/ETL_Airflow_DBT/airflow/airflow_env/lib/python3.11/site-packages/airflow/example_dags/example_dynamic_task_mapping.py
[2026-02-24T04:59:29.367+0530] {processor.py:830} INFO - Processing file /Users/aswin/Documents/data-engineering-practice/ETL_Airflow_DBT/airflow/airflow_env/lib/python3.11/site-packages/airflow/example_dags/example_dynamic_task_mapping.py for tasks to queue
[2026-02-24T04:59:29.367+0530] {logging_mixin.py:188} INFO - [2026-02-24T04:59:29.367+0530] {dagbag.py:540} INFO - Filling up the DagBag from /Users/aswin/Documents/data-engineering-practice/ETL_Airflow_DBT/airflow/airflow_env/lib/python3.11/site-packages/airflow/example_dags/example_dynamic_task_mapping.py
[2026-02-24T04:59:29.381+0530] {processor.py:840} INFO - DAG(s) 'example_dynamic_task_mapping' retrieved from /Users/aswin/Documents/data-engineering-practice/ETL_Airflow_DBT/airflow/airflow_env/lib/python3.11/site-packages/airflow/example_dags/example_dynamic_task_mapping.py
[2026-02-24T04:59:29.410+0530] {logging_mixin.py:188} INFO - [2026-02-24T04:59:29.409+0530] {dag.py:3096} INFO - Sync 1 DAGs
[2026-02-24T04:59:29.414+0530] {logging_mixin.py:188} INFO - [2026-02-24T04:59:29.414+0530] {dag.py:3954} INFO - Setting next_dagrun for example_dynamic_task_mapping to 2022-03-04 00:00:00+00:00, run_after=2022-03-05 00:00:00+00:00
[2026-02-24T04:59:29.420+0530] {processor.py:183} INFO - Processing /Users/aswin/Documents/data-engineering-practice/ETL_Airflow_DBT/airflow/airflow_env/lib/python3.11/site-packages/airflow/example_dags/example_dynamic_task_mapping.py took 0.055 seconds
[2026-02-24T05:00:56.140+0530] {processor.py:161} INFO - Started process (PID=43523) to work on /Users/aswin/Documents/data-engineering-practice/ETL_Airflow_DBT/airflow/airflow_env/lib/python3.11/site-packages/airflow/example_dags/example_dynamic_task_mapping.py
[2026-02-24T05:00:56.141+0530] {processor.py:830} INFO - Processing file /Users/aswin/Documents/data-engineering-practice/ETL_Airflow_DBT/airflow/airflow_env/lib/python3.11/site-packages/airflow/example_dags/example_dynamic_task_mapping.py for tasks to queue
[2026-02-24T05:00:56.142+0530] {logging_mixin.py:188} INFO - [2026-02-24T05:00:56.142+0530] {dagbag.py:540} INFO - Filling up the DagBag from /Users/aswin/Documents/data-engineering-practice/ETL_Airflow_DBT/airflow/airflow_env/lib/python3.11/site-packages/airflow/example_dags/example_dynamic_task_mapping.py
[2026-02-24T05:00:56.155+0530] {processor.py:840} INFO - DAG(s) 'example_dynamic_task_mapping' retrieved from /Users/aswin/Documents/data-engineering-practice/ETL_Airflow_DBT/airflow/airflow_env/lib/python3.11/site-packages/airflow/example_dags/example_dynamic_task_mapping.py
[2026-02-24T05:00:56.184+0530] {logging_mixin.py:188} INFO - [2026-02-24T05:00:56.184+0530] {dag.py:3096} INFO - Sync 1 DAGs
[2026-02-24T05:00:56.189+0530] {logging_mixin.py:188} INFO - [2026-02-24T05:00:56.189+0530] {dag.py:3954} INFO - Setting next_dagrun for example_dynamic_task_mapping to 2022-03-04 00:00:00+00:00, run_after=2022-03-05 00:00:00+00:00
[2026-02-24T05:00:56.194+0530] {processor.py:183} INFO - Processing /Users/aswin/Documents/data-engineering-practice/ETL_Airflow_DBT/airflow/airflow_env/lib/python3.11/site-packages/airflow/example_dags/example_dynamic_task_mapping.py took 0.055 seconds
[2026-02-24T05:02:29.381+0530] {processor.py:161} INFO - Started process (PID=43622) to work on /Users/aswin/Documents/data-engineering-practice/ETL_Airflow_DBT/airflow/airflow_env/lib/python3.11/site-packages/airflow/example_dags/example_dynamic_task_mapping.py
[2026-02-24T05:02:29.382+0530] {processor.py:830} INFO - Processing file /Users/aswin/Documents/data-engineering-practice/ETL_Airflow_DBT/airflow/airflow_env/lib/python3.11/site-packages/airflow/example_dags/example_dynamic_task_mapping.py for tasks to queue
[2026-02-24T05:02:29.382+0530] {logging_mixin.py:188} INFO - [2026-02-24T05:02:29.382+0530] {dagbag.py:540} INFO - Filling up the DagBag from /Users/aswin/Documents/data-engineering-practice/ETL_Airflow_DBT/airflow/airflow_env/lib/python3.11/site-packages/airflow/example_dags/example_dynamic_task_mapping.py
[2026-02-24T05:02:29.395+0530] {processor.py:840} INFO - DAG(s) 'example_dynamic_task_mapping' retrieved from /Users/aswin/Documents/data-engineering-practice/ETL_Airflow_DBT/airflow/airflow_env/lib/python3.11/site-packages/airflow/example_dags/example_dynamic_task_mapping.py
[2026-02-24T05:02:29.423+0530] {logging_mixin.py:188} INFO - [2026-02-24T05:02:29.423+0530] {dag.py:3096} INFO - Sync 1 DAGs
[2026-02-24T05:02:29.428+0530] {logging_mixin.py:188} INFO - [2026-02-24T05:02:29.428+0530] {dag.py:3954} INFO - Setting next_dagrun for example_dynamic_task_mapping to 2022-03-04 00:00:00+00:00, run_after=2022-03-05 00:00:00+00:00
[2026-02-24T05:02:29.434+0530] {processor.py:183} INFO - Processing /Users/aswin/Documents/data-engineering-practice/ETL_Airflow_DBT/airflow/airflow_env/lib/python3.11/site-packages/airflow/example_dags/example_dynamic_task_mapping.py took 0.054 seconds
[2026-02-24T05:04:00.153+0530] {processor.py:161} INFO - Started process (PID=43738) to work on /Users/aswin/Documents/data-engineering-practice/ETL_Airflow_DBT/airflow/airflow_env/lib/python3.11/site-packages/airflow/example_dags/example_dynamic_task_mapping.py
[2026-02-24T05:04:00.155+0530] {processor.py:830} INFO - Processing file /Users/aswin/Documents/data-engineering-practice/ETL_Airflow_DBT/airflow/airflow_env/lib/python3.11/site-packages/airflow/example_dags/example_dynamic_task_mapping.py for tasks to queue
[2026-02-24T05:04:00.155+0530] {logging_mixin.py:188} INFO - [2026-02-24T05:04:00.155+0530] {dagbag.py:540} INFO - Filling up the DagBag from /Users/aswin/Documents/data-engineering-practice/ETL_Airflow_DBT/airflow/airflow_env/lib/python3.11/site-packages/airflow/example_dags/example_dynamic_task_mapping.py
[2026-02-24T05:04:00.170+0530] {processor.py:840} INFO - DAG(s) 'example_dynamic_task_mapping' retrieved from /Users/aswin/Documents/data-engineering-practice/ETL_Airflow_DBT/airflow/airflow_env/lib/python3.11/site-packages/airflow/example_dags/example_dynamic_task_mapping.py
[2026-02-24T05:04:00.201+0530] {logging_mixin.py:188} INFO - [2026-02-24T05:04:00.200+0530] {dag.py:3096} INFO - Sync 1 DAGs
[2026-02-24T05:04:00.206+0530] {logging_mixin.py:188} INFO - [2026-02-24T05:04:00.206+0530] {dag.py:3954} INFO - Setting next_dagrun for example_dynamic_task_mapping to 2022-03-04 00:00:00+00:00, run_after=2022-03-05 00:00:00+00:00
[2026-02-24T05:04:00.212+0530] {processor.py:183} INFO - Processing /Users/aswin/Documents/data-engineering-practice/ETL_Airflow_DBT/airflow/airflow_env/lib/python3.11/site-packages/airflow/example_dags/example_dynamic_task_mapping.py took 0.060 seconds
[2026-02-24T05:05:32.986+0530] {processor.py:161} INFO - Started process (PID=44638) to work on /Users/aswin/Documents/data-engineering-practice/ETL_Airflow_DBT/airflow/airflow_env/lib/python3.11/site-packages/airflow/example_dags/example_dynamic_task_mapping.py
[2026-02-24T05:05:32.987+0530] {processor.py:830} INFO - Processing file /Users/aswin/Documents/data-engineering-practice/ETL_Airflow_DBT/airflow/airflow_env/lib/python3.11/site-packages/airflow/example_dags/example_dynamic_task_mapping.py for tasks to queue
[2026-02-24T05:05:32.988+0530] {logging_mixin.py:188} INFO - [2026-02-24T05:05:32.987+0530] {dagbag.py:540} INFO - Filling up the DagBag from /Users/aswin/Documents/data-engineering-practice/ETL_Airflow_DBT/airflow/airflow_env/lib/python3.11/site-packages/airflow/example_dags/example_dynamic_task_mapping.py
[2026-02-24T05:05:33.002+0530] {processor.py:840} INFO - DAG(s) 'example_dynamic_task_mapping' retrieved from /Users/aswin/Documents/data-engineering-practice/ETL_Airflow_DBT/airflow/airflow_env/lib/python3.11/site-packages/airflow/example_dags/example_dynamic_task_mapping.py
[2026-02-24T05:05:33.031+0530] {logging_mixin.py:188} INFO - [2026-02-24T05:05:33.031+0530] {dag.py:3096} INFO - Sync 1 DAGs
[2026-02-24T05:05:33.036+0530] {logging_mixin.py:188} INFO - [2026-02-24T05:05:33.036+0530] {dag.py:3954} INFO - Setting next_dagrun for example_dynamic_task_mapping to 2022-03-04 00:00:00+00:00, run_after=2022-03-05 00:00:00+00:00
[2026-02-24T05:05:33.041+0530] {processor.py:183} INFO - Processing /Users/aswin/Documents/data-engineering-practice/ETL_Airflow_DBT/airflow/airflow_env/lib/python3.11/site-packages/airflow/example_dags/example_dynamic_task_mapping.py took 0.057 seconds
[2026-02-24T05:07:11.375+0530] {processor.py:161} INFO - Started process (PID=45037) to work on /Users/aswin/Documents/data-engineering-practice/ETL_Airflow_DBT/airflow/airflow_env/lib/python3.11/site-packages/airflow/example_dags/example_dynamic_task_mapping.py
[2026-02-24T05:07:11.377+0530] {processor.py:830} INFO - Processing file /Users/aswin/Documents/data-engineering-practice/ETL_Airflow_DBT/airflow/airflow_env/lib/python3.11/site-packages/airflow/example_dags/example_dynamic_task_mapping.py for tasks to queue
[2026-02-24T05:07:11.377+0530] {logging_mixin.py:188} INFO - [2026-02-24T05:07:11.377+0530] {dagbag.py:540} INFO - Filling up the DagBag from /Users/aswin/Documents/data-engineering-practice/ETL_Airflow_DBT/airflow/airflow_env/lib/python3.11/site-packages/airflow/example_dags/example_dynamic_task_mapping.py
[2026-02-24T05:07:11.391+0530] {processor.py:840} INFO - DAG(s) 'example_dynamic_task_mapping' retrieved from /Users/aswin/Documents/data-engineering-practice/ETL_Airflow_DBT/airflow/airflow_env/lib/python3.11/site-packages/airflow/example_dags/example_dynamic_task_mapping.py
[2026-02-24T05:07:11.419+0530] {logging_mixin.py:188} INFO - [2026-02-24T05:07:11.419+0530] {dag.py:3096} INFO - Sync 1 DAGs
[2026-02-24T05:07:11.424+0530] {logging_mixin.py:188} INFO - [2026-02-24T05:07:11.424+0530] {dag.py:3954} INFO - Setting next_dagrun for example_dynamic_task_mapping to 2022-03-04 00:00:00+00:00, run_after=2022-03-05 00:00:00+00:00
[2026-02-24T05:07:11.429+0530] {processor.py:183} INFO - Processing /Users/aswin/Documents/data-engineering-practice/ETL_Airflow_DBT/airflow/airflow_env/lib/python3.11/site-packages/airflow/example_dags/example_dynamic_task_mapping.py took 0.055 seconds
[2026-02-24T05:08:41.535+0530] {processor.py:161} INFO - Started process (PID=45113) to work on /Users/aswin/Documents/data-engineering-practice/ETL_Airflow_DBT/airflow/airflow_env/lib/python3.11/site-packages/airflow/example_dags/example_dynamic_task_mapping.py
[2026-02-24T05:08:41.536+0530] {processor.py:830} INFO - Processing file /Users/aswin/Documents/data-engineering-practice/ETL_Airflow_DBT/airflow/airflow_env/lib/python3.11/site-packages/airflow/example_dags/example_dynamic_task_mapping.py for tasks to queue
[2026-02-24T05:08:41.536+0530] {logging_mixin.py:188} INFO - [2026-02-24T05:08:41.536+0530] {dagbag.py:540} INFO - Filling up the DagBag from /Users/aswin/Documents/data-engineering-practice/ETL_Airflow_DBT/airflow/airflow_env/lib/python3.11/site-packages/airflow/example_dags/example_dynamic_task_mapping.py
[2026-02-24T05:08:41.549+0530] {processor.py:840} INFO - DAG(s) 'example_dynamic_task_mapping' retrieved from /Users/aswin/Documents/data-engineering-practice/ETL_Airflow_DBT/airflow/airflow_env/lib/python3.11/site-packages/airflow/example_dags/example_dynamic_task_mapping.py
[2026-02-24T05:08:41.577+0530] {logging_mixin.py:188} INFO - [2026-02-24T05:08:41.577+0530] {dag.py:3096} INFO - Sync 1 DAGs
[2026-02-24T05:08:41.582+0530] {logging_mixin.py:188} INFO - [2026-02-24T05:08:41.582+0530] {dag.py:3954} INFO - Setting next_dagrun for example_dynamic_task_mapping to 2022-03-04 00:00:00+00:00, run_after=2022-03-05 00:00:00+00:00
[2026-02-24T05:08:41.588+0530] {processor.py:183} INFO - Processing /Users/aswin/Documents/data-engineering-practice/ETL_Airflow_DBT/airflow/airflow_env/lib/python3.11/site-packages/airflow/example_dags/example_dynamic_task_mapping.py took 0.054 seconds
[2026-02-24T05:10:07.064+0530] {processor.py:161} INFO - Started process (PID=45183) to work on /Users/aswin/Documents/data-engineering-practice/ETL_Airflow_DBT/airflow/airflow_env/lib/python3.11/site-packages/airflow/example_dags/example_dynamic_task_mapping.py
[2026-02-24T05:10:07.065+0530] {processor.py:830} INFO - Processing file /Users/aswin/Documents/data-engineering-practice/ETL_Airflow_DBT/airflow/airflow_env/lib/python3.11/site-packages/airflow/example_dags/example_dynamic_task_mapping.py for tasks to queue
[2026-02-24T05:10:07.066+0530] {logging_mixin.py:188} INFO - [2026-02-24T05:10:07.066+0530] {dagbag.py:540} INFO - Filling up the DagBag from /Users/aswin/Documents/data-engineering-practice/ETL_Airflow_DBT/airflow/airflow_env/lib/python3.11/site-packages/airflow/example_dags/example_dynamic_task_mapping.py
[2026-02-24T05:10:07.079+0530] {processor.py:840} INFO - DAG(s) 'example_dynamic_task_mapping' retrieved from /Users/aswin/Documents/data-engineering-practice/ETL_Airflow_DBT/airflow/airflow_env/lib/python3.11/site-packages/airflow/example_dags/example_dynamic_task_mapping.py
[2026-02-24T05:10:07.108+0530] {logging_mixin.py:188} INFO - [2026-02-24T05:10:07.107+0530] {dag.py:3096} INFO - Sync 1 DAGs
[2026-02-24T05:10:07.112+0530] {logging_mixin.py:188} INFO - [2026-02-24T05:10:07.112+0530] {dag.py:3954} INFO - Setting next_dagrun for example_dynamic_task_mapping to 2022-03-04 00:00:00+00:00, run_after=2022-03-05 00:00:00+00:00
[2026-02-24T05:10:07.118+0530] {processor.py:183} INFO - Processing /Users/aswin/Documents/data-engineering-practice/ETL_Airflow_DBT/airflow/airflow_env/lib/python3.11/site-packages/airflow/example_dags/example_dynamic_task_mapping.py took 0.055 seconds
[2026-02-24T05:11:32.301+0530] {processor.py:161} INFO - Started process (PID=45250) to work on /Users/aswin/Documents/data-engineering-practice/ETL_Airflow_DBT/airflow/airflow_env/lib/python3.11/site-packages/airflow/example_dags/example_dynamic_task_mapping.py
[2026-02-24T05:11:32.302+0530] {processor.py:830} INFO - Processing file /Users/aswin/Documents/data-engineering-practice/ETL_Airflow_DBT/airflow/airflow_env/lib/python3.11/site-packages/airflow/example_dags/example_dynamic_task_mapping.py for tasks to queue
[2026-02-24T05:11:32.302+0530] {logging_mixin.py:188} INFO - [2026-02-24T05:11:32.302+0530] {dagbag.py:540} INFO - Filling up the DagBag from /Users/aswin/Documents/data-engineering-practice/ETL_Airflow_DBT/airflow/airflow_env/lib/python3.11/site-packages/airflow/example_dags/example_dynamic_task_mapping.py
[2026-02-24T05:11:32.315+0530] {processor.py:840} INFO - DAG(s) 'example_dynamic_task_mapping' retrieved from /Users/aswin/Documents/data-engineering-practice/ETL_Airflow_DBT/airflow/airflow_env/lib/python3.11/site-packages/airflow/example_dags/example_dynamic_task_mapping.py
[2026-02-24T05:11:32.344+0530] {logging_mixin.py:188} INFO - [2026-02-24T05:11:32.344+0530] {dag.py:3096} INFO - Sync 1 DAGs
[2026-02-24T05:11:32.349+0530] {logging_mixin.py:188} INFO - [2026-02-24T05:11:32.349+0530] {dag.py:3954} INFO - Setting next_dagrun for example_dynamic_task_mapping to 2022-03-04 00:00:00+00:00, run_after=2022-03-05 00:00:00+00:00
[2026-02-24T05:11:32.355+0530] {processor.py:183} INFO - Processing /Users/aswin/Documents/data-engineering-practice/ETL_Airflow_DBT/airflow/airflow_env/lib/python3.11/site-packages/airflow/example_dags/example_dynamic_task_mapping.py took 0.055 seconds
[2026-02-24T05:12:57.371+0530] {processor.py:161} INFO - Started process (PID=45472) to work on /Users/aswin/Documents/data-engineering-practice/ETL_Airflow_DBT/airflow/airflow_env/lib/python3.11/site-packages/airflow/example_dags/example_dynamic_task_mapping.py
[2026-02-24T05:12:57.372+0530] {processor.py:830} INFO - Processing file /Users/aswin/Documents/data-engineering-practice/ETL_Airflow_DBT/airflow/airflow_env/lib/python3.11/site-packages/airflow/example_dags/example_dynamic_task_mapping.py for tasks to queue
[2026-02-24T05:12:57.372+0530] {logging_mixin.py:188} INFO - [2026-02-24T05:12:57.372+0530] {dagbag.py:540} INFO - Filling up the DagBag from /Users/aswin/Documents/data-engineering-practice/ETL_Airflow_DBT/airflow/airflow_env/lib/python3.11/site-packages/airflow/example_dags/example_dynamic_task_mapping.py
[2026-02-24T05:12:57.385+0530] {processor.py:840} INFO - DAG(s) 'example_dynamic_task_mapping' retrieved from /Users/aswin/Documents/data-engineering-practice/ETL_Airflow_DBT/airflow/airflow_env/lib/python3.11/site-packages/airflow/example_dags/example_dynamic_task_mapping.py
[2026-02-24T05:12:57.414+0530] {logging_mixin.py:188} INFO - [2026-02-24T05:12:57.414+0530] {dag.py:3096} INFO - Sync 1 DAGs
[2026-02-24T05:12:57.419+0530] {logging_mixin.py:188} INFO - [2026-02-24T05:12:57.419+0530] {dag.py:3954} INFO - Setting next_dagrun for example_dynamic_task_mapping to 2022-03-04 00:00:00+00:00, run_after=2022-03-05 00:00:00+00:00
[2026-02-24T05:12:57.424+0530] {processor.py:183} INFO - Processing /Users/aswin/Documents/data-engineering-practice/ETL_Airflow_DBT/airflow/airflow_env/lib/python3.11/site-packages/airflow/example_dags/example_dynamic_task_mapping.py took 0.054 seconds
[2026-02-24T05:14:32.766+0530] {processor.py:161} INFO - Started process (PID=45735) to work on /Users/aswin/Documents/data-engineering-practice/ETL_Airflow_DBT/airflow/airflow_env/lib/python3.11/site-packages/airflow/example_dags/example_dynamic_task_mapping.py
[2026-02-24T05:14:32.767+0530] {processor.py:830} INFO - Processing file /Users/aswin/Documents/data-engineering-practice/ETL_Airflow_DBT/airflow/airflow_env/lib/python3.11/site-packages/airflow/example_dags/example_dynamic_task_mapping.py for tasks to queue
[2026-02-24T05:14:32.767+0530] {logging_mixin.py:188} INFO - [2026-02-24T05:14:32.767+0530] {dagbag.py:540} INFO - Filling up the DagBag from /Users/aswin/Documents/data-engineering-practice/ETL_Airflow_DBT/airflow/airflow_env/lib/python3.11/site-packages/airflow/example_dags/example_dynamic_task_mapping.py
[2026-02-24T05:14:32.780+0530] {processor.py:840} INFO - DAG(s) 'example_dynamic_task_mapping' retrieved from /Users/aswin/Documents/data-engineering-practice/ETL_Airflow_DBT/airflow/airflow_env/lib/python3.11/site-packages/airflow/example_dags/example_dynamic_task_mapping.py
[2026-02-24T05:14:32.808+0530] {logging_mixin.py:188} INFO - [2026-02-24T05:14:32.808+0530] {dag.py:3096} INFO - Sync 1 DAGs
[2026-02-24T05:14:32.813+0530] {logging_mixin.py:188} INFO - [2026-02-24T05:14:32.813+0530] {dag.py:3954} INFO - Setting next_dagrun for example_dynamic_task_mapping to 2022-03-04 00:00:00+00:00, run_after=2022-03-05 00:00:00+00:00
[2026-02-24T05:14:32.820+0530] {processor.py:183} INFO - Processing /Users/aswin/Documents/data-engineering-practice/ETL_Airflow_DBT/airflow/airflow_env/lib/python3.11/site-packages/airflow/example_dags/example_dynamic_task_mapping.py took 0.055 seconds
[2026-02-24T05:16:04.761+0530] {processor.py:161} INFO - Started process (PID=45992) to work on /Users/aswin/Documents/data-engineering-practice/ETL_Airflow_DBT/airflow/airflow_env/lib/python3.11/site-packages/airflow/example_dags/example_dynamic_task_mapping.py
[2026-02-24T05:16:04.761+0530] {processor.py:830} INFO - Processing file /Users/aswin/Documents/data-engineering-practice/ETL_Airflow_DBT/airflow/airflow_env/lib/python3.11/site-packages/airflow/example_dags/example_dynamic_task_mapping.py for tasks to queue
[2026-02-24T05:16:04.761+0530] {logging_mixin.py:188} INFO - [2026-02-24T05:16:04.761+0530] {dagbag.py:540} INFO - Filling up the DagBag from /Users/aswin/Documents/data-engineering-practice/ETL_Airflow_DBT/airflow/airflow_env/lib/python3.11/site-packages/airflow/example_dags/example_dynamic_task_mapping.py
[2026-02-24T05:16:04.775+0530] {processor.py:840} INFO - DAG(s) 'example_dynamic_task_mapping' retrieved from /Users/aswin/Documents/data-engineering-practice/ETL_Airflow_DBT/airflow/airflow_env/lib/python3.11/site-packages/airflow/example_dags/example_dynamic_task_mapping.py
[2026-02-24T05:16:04.804+0530] {logging_mixin.py:188} INFO - [2026-02-24T05:16:04.803+0530] {dag.py:3096} INFO - Sync 1 DAGs
[2026-02-24T05:16:04.809+0530] {logging_mixin.py:188} INFO - [2026-02-24T05:16:04.809+0530] {dag.py:3954} INFO - Setting next_dagrun for example_dynamic_task_mapping to 2022-03-04 00:00:00+00:00, run_after=2022-03-05 00:00:00+00:00
[2026-02-24T05:16:04.814+0530] {processor.py:183} INFO - Processing /Users/aswin/Documents/data-engineering-practice/ETL_Airflow_DBT/airflow/airflow_env/lib/python3.11/site-packages/airflow/example_dags/example_dynamic_task_mapping.py took 0.055 seconds
[2026-02-24T05:17:32.448+0530] {processor.py:161} INFO - Started process (PID=46447) to work on /Users/aswin/Documents/data-engineering-practice/ETL_Airflow_DBT/airflow/airflow_env/lib/python3.11/site-packages/airflow/example_dags/example_dynamic_task_mapping.py
[2026-02-24T05:17:32.449+0530] {processor.py:830} INFO - Processing file /Users/aswin/Documents/data-engineering-practice/ETL_Airflow_DBT/airflow/airflow_env/lib/python3.11/site-packages/airflow/example_dags/example_dynamic_task_mapping.py for tasks to queue
[2026-02-24T05:17:32.450+0530] {logging_mixin.py:188} INFO - [2026-02-24T05:17:32.450+0530] {dagbag.py:540} INFO - Filling up the DagBag from /Users/aswin/Documents/data-engineering-practice/ETL_Airflow_DBT/airflow/airflow_env/lib/python3.11/site-packages/airflow/example_dags/example_dynamic_task_mapping.py
[2026-02-24T05:17:32.463+0530] {processor.py:840} INFO - DAG(s) 'example_dynamic_task_mapping' retrieved from /Users/aswin/Documents/data-engineering-practice/ETL_Airflow_DBT/airflow/airflow_env/lib/python3.11/site-packages/airflow/example_dags/example_dynamic_task_mapping.py
[2026-02-24T05:17:32.491+0530] {logging_mixin.py:188} INFO - [2026-02-24T05:17:32.491+0530] {dag.py:3096} INFO - Sync 1 DAGs
[2026-02-24T05:17:32.496+0530] {logging_mixin.py:188} INFO - [2026-02-24T05:17:32.496+0530] {dag.py:3954} INFO - Setting next_dagrun for example_dynamic_task_mapping to 2022-03-04 00:00:00+00:00, run_after=2022-03-05 00:00:00+00:00
[2026-02-24T05:17:32.502+0530] {processor.py:183} INFO - Processing /Users/aswin/Documents/data-engineering-practice/ETL_Airflow_DBT/airflow/airflow_env/lib/python3.11/site-packages/airflow/example_dags/example_dynamic_task_mapping.py took 0.054 seconds
[2026-02-24T05:19:06.222+0530] {processor.py:161} INFO - Started process (PID=46522) to work on /Users/aswin/Documents/data-engineering-practice/ETL_Airflow_DBT/airflow/airflow_env/lib/python3.11/site-packages/airflow/example_dags/example_dynamic_task_mapping.py
[2026-02-24T05:19:06.223+0530] {processor.py:830} INFO - Processing file /Users/aswin/Documents/data-engineering-practice/ETL_Airflow_DBT/airflow/airflow_env/lib/python3.11/site-packages/airflow/example_dags/example_dynamic_task_mapping.py for tasks to queue
[2026-02-24T05:19:06.224+0530] {logging_mixin.py:188} INFO - [2026-02-24T05:19:06.224+0530] {dagbag.py:540} INFO - Filling up the DagBag from /Users/aswin/Documents/data-engineering-practice/ETL_Airflow_DBT/airflow/airflow_env/lib/python3.11/site-packages/airflow/example_dags/example_dynamic_task_mapping.py
[2026-02-24T05:19:06.237+0530] {processor.py:840} INFO - DAG(s) 'example_dynamic_task_mapping' retrieved from /Users/aswin/Documents/data-engineering-practice/ETL_Airflow_DBT/airflow/airflow_env/lib/python3.11/site-packages/airflow/example_dags/example_dynamic_task_mapping.py
[2026-02-24T05:19:06.265+0530] {logging_mixin.py:188} INFO - [2026-02-24T05:19:06.265+0530] {dag.py:3096} INFO - Sync 1 DAGs
[2026-02-24T05:19:06.270+0530] {logging_mixin.py:188} INFO - [2026-02-24T05:19:06.270+0530] {dag.py:3954} INFO - Setting next_dagrun for example_dynamic_task_mapping to 2022-03-04 00:00:00+00:00, run_after=2022-03-05 00:00:00+00:00
[2026-02-24T05:19:06.275+0530] {processor.py:183} INFO - Processing /Users/aswin/Documents/data-engineering-practice/ETL_Airflow_DBT/airflow/airflow_env/lib/python3.11/site-packages/airflow/example_dags/example_dynamic_task_mapping.py took 0.054 seconds
[2026-02-24T05:20:46.867+0530] {processor.py:161} INFO - Started process (PID=46611) to work on /Users/aswin/Documents/data-engineering-practice/ETL_Airflow_DBT/airflow/airflow_env/lib/python3.11/site-packages/airflow/example_dags/example_dynamic_task_mapping.py
[2026-02-24T05:20:46.868+0530] {processor.py:830} INFO - Processing file /Users/aswin/Documents/data-engineering-practice/ETL_Airflow_DBT/airflow/airflow_env/lib/python3.11/site-packages/airflow/example_dags/example_dynamic_task_mapping.py for tasks to queue
[2026-02-24T05:20:46.868+0530] {logging_mixin.py:188} INFO - [2026-02-24T05:20:46.868+0530] {dagbag.py:540} INFO - Filling up the DagBag from /Users/aswin/Documents/data-engineering-practice/ETL_Airflow_DBT/airflow/airflow_env/lib/python3.11/site-packages/airflow/example_dags/example_dynamic_task_mapping.py
[2026-02-24T05:20:46.881+0530] {processor.py:840} INFO - DAG(s) 'example_dynamic_task_mapping' retrieved from /Users/aswin/Documents/data-engineering-practice/ETL_Airflow_DBT/airflow/airflow_env/lib/python3.11/site-packages/airflow/example_dags/example_dynamic_task_mapping.py
[2026-02-24T05:20:46.910+0530] {logging_mixin.py:188} INFO - [2026-02-24T05:20:46.909+0530] {dag.py:3096} INFO - Sync 1 DAGs
[2026-02-24T05:20:46.914+0530] {logging_mixin.py:188} INFO - [2026-02-24T05:20:46.914+0530] {dag.py:3954} INFO - Setting next_dagrun for example_dynamic_task_mapping to 2022-03-04 00:00:00+00:00, run_after=2022-03-05 00:00:00+00:00
[2026-02-24T05:20:46.920+0530] {processor.py:183} INFO - Processing /Users/aswin/Documents/data-engineering-practice/ETL_Airflow_DBT/airflow/airflow_env/lib/python3.11/site-packages/airflow/example_dags/example_dynamic_task_mapping.py took 0.054 seconds
[2026-02-24T05:22:14.200+0530] {processor.py:161} INFO - Started process (PID=46682) to work on /Users/aswin/Documents/data-engineering-practice/ETL_Airflow_DBT/airflow/airflow_env/lib/python3.11/site-packages/airflow/example_dags/example_dynamic_task_mapping.py
[2026-02-24T05:22:14.201+0530] {processor.py:830} INFO - Processing file /Users/aswin/Documents/data-engineering-practice/ETL_Airflow_DBT/airflow/airflow_env/lib/python3.11/site-packages/airflow/example_dags/example_dynamic_task_mapping.py for tasks to queue
[2026-02-24T05:22:14.201+0530] {logging_mixin.py:188} INFO - [2026-02-24T05:22:14.201+0530] {dagbag.py:540} INFO - Filling up the DagBag from /Users/aswin/Documents/data-engineering-practice/ETL_Airflow_DBT/airflow/airflow_env/lib/python3.11/site-packages/airflow/example_dags/example_dynamic_task_mapping.py
[2026-02-24T05:22:14.214+0530] {processor.py:840} INFO - DAG(s) 'example_dynamic_task_mapping' retrieved from /Users/aswin/Documents/data-engineering-practice/ETL_Airflow_DBT/airflow/airflow_env/lib/python3.11/site-packages/airflow/example_dags/example_dynamic_task_mapping.py
[2026-02-24T05:22:14.242+0530] {logging_mixin.py:188} INFO - [2026-02-24T05:22:14.242+0530] {dag.py:3096} INFO - Sync 1 DAGs
[2026-02-24T05:22:14.247+0530] {logging_mixin.py:188} INFO - [2026-02-24T05:22:14.247+0530] {dag.py:3954} INFO - Setting next_dagrun for example_dynamic_task_mapping to 2022-03-04 00:00:00+00:00, run_after=2022-03-05 00:00:00+00:00
[2026-02-24T05:22:14.253+0530] {processor.py:183} INFO - Processing /Users/aswin/Documents/data-engineering-practice/ETL_Airflow_DBT/airflow/airflow_env/lib/python3.11/site-packages/airflow/example_dags/example_dynamic_task_mapping.py took 0.054 seconds
[2026-02-24T05:23:46.888+0530] {processor.py:161} INFO - Started process (PID=46749) to work on /Users/aswin/Documents/data-engineering-practice/ETL_Airflow_DBT/airflow/airflow_env/lib/python3.11/site-packages/airflow/example_dags/example_dynamic_task_mapping.py
[2026-02-24T05:23:46.889+0530] {processor.py:830} INFO - Processing file /Users/aswin/Documents/data-engineering-practice/ETL_Airflow_DBT/airflow/airflow_env/lib/python3.11/site-packages/airflow/example_dags/example_dynamic_task_mapping.py for tasks to queue
[2026-02-24T05:23:46.889+0530] {logging_mixin.py:188} INFO - [2026-02-24T05:23:46.889+0530] {dagbag.py:540} INFO - Filling up the DagBag from /Users/aswin/Documents/data-engineering-practice/ETL_Airflow_DBT/airflow/airflow_env/lib/python3.11/site-packages/airflow/example_dags/example_dynamic_task_mapping.py
[2026-02-24T05:23:46.904+0530] {processor.py:840} INFO - DAG(s) 'example_dynamic_task_mapping' retrieved from /Users/aswin/Documents/data-engineering-practice/ETL_Airflow_DBT/airflow/airflow_env/lib/python3.11/site-packages/airflow/example_dags/example_dynamic_task_mapping.py
[2026-02-24T05:23:46.933+0530] {logging_mixin.py:188} INFO - [2026-02-24T05:23:46.933+0530] {dag.py:3096} INFO - Sync 1 DAGs
[2026-02-24T05:23:46.937+0530] {logging_mixin.py:188} INFO - [2026-02-24T05:23:46.937+0530] {dag.py:3954} INFO - Setting next_dagrun for example_dynamic_task_mapping to 2022-03-04 00:00:00+00:00, run_after=2022-03-05 00:00:00+00:00
[2026-02-24T05:23:46.943+0530] {processor.py:183} INFO - Processing /Users/aswin/Documents/data-engineering-practice/ETL_Airflow_DBT/airflow/airflow_env/lib/python3.11/site-packages/airflow/example_dags/example_dynamic_task_mapping.py took 0.056 seconds
[2026-02-24T05:25:15.590+0530] {processor.py:161} INFO - Started process (PID=46837) to work on /Users/aswin/Documents/data-engineering-practice/ETL_Airflow_DBT/airflow/airflow_env/lib/python3.11/site-packages/airflow/example_dags/example_dynamic_task_mapping.py
[2026-02-24T05:25:15.590+0530] {processor.py:830} INFO - Processing file /Users/aswin/Documents/data-engineering-practice/ETL_Airflow_DBT/airflow/airflow_env/lib/python3.11/site-packages/airflow/example_dags/example_dynamic_task_mapping.py for tasks to queue
[2026-02-24T05:25:15.590+0530] {logging_mixin.py:188} INFO - [2026-02-24T05:25:15.590+0530] {dagbag.py:540} INFO - Filling up the DagBag from /Users/aswin/Documents/data-engineering-practice/ETL_Airflow_DBT/airflow/airflow_env/lib/python3.11/site-packages/airflow/example_dags/example_dynamic_task_mapping.py
[2026-02-24T05:25:15.603+0530] {processor.py:840} INFO - DAG(s) 'example_dynamic_task_mapping' retrieved from /Users/aswin/Documents/data-engineering-practice/ETL_Airflow_DBT/airflow/airflow_env/lib/python3.11/site-packages/airflow/example_dags/example_dynamic_task_mapping.py
[2026-02-24T05:25:15.632+0530] {logging_mixin.py:188} INFO - [2026-02-24T05:25:15.632+0530] {dag.py:3096} INFO - Sync 1 DAGs
[2026-02-24T05:25:15.637+0530] {logging_mixin.py:188} INFO - [2026-02-24T05:25:15.637+0530] {dag.py:3954} INFO - Setting next_dagrun for example_dynamic_task_mapping to 2022-03-04 00:00:00+00:00, run_after=2022-03-05 00:00:00+00:00
[2026-02-24T05:25:15.643+0530] {processor.py:183} INFO - Processing /Users/aswin/Documents/data-engineering-practice/ETL_Airflow_DBT/airflow/airflow_env/lib/python3.11/site-packages/airflow/example_dags/example_dynamic_task_mapping.py took 0.054 seconds
[2026-02-24T05:26:48.729+0530] {processor.py:161} INFO - Started process (PID=46915) to work on /Users/aswin/Documents/data-engineering-practice/ETL_Airflow_DBT/airflow/airflow_env/lib/python3.11/site-packages/airflow/example_dags/example_dynamic_task_mapping.py
[2026-02-24T05:26:48.729+0530] {processor.py:830} INFO - Processing file /Users/aswin/Documents/data-engineering-practice/ETL_Airflow_DBT/airflow/airflow_env/lib/python3.11/site-packages/airflow/example_dags/example_dynamic_task_mapping.py for tasks to queue
[2026-02-24T05:26:48.729+0530] {logging_mixin.py:188} INFO - [2026-02-24T05:26:48.729+0530] {dagbag.py:540} INFO - Filling up the DagBag from /Users/aswin/Documents/data-engineering-practice/ETL_Airflow_DBT/airflow/airflow_env/lib/python3.11/site-packages/airflow/example_dags/example_dynamic_task_mapping.py
[2026-02-24T05:26:48.743+0530] {processor.py:840} INFO - DAG(s) 'example_dynamic_task_mapping' retrieved from /Users/aswin/Documents/data-engineering-practice/ETL_Airflow_DBT/airflow/airflow_env/lib/python3.11/site-packages/airflow/example_dags/example_dynamic_task_mapping.py
[2026-02-24T05:26:48.771+0530] {logging_mixin.py:188} INFO - [2026-02-24T05:26:48.771+0530] {dag.py:3096} INFO - Sync 1 DAGs
[2026-02-24T05:26:48.776+0530] {logging_mixin.py:188} INFO - [2026-02-24T05:26:48.775+0530] {dag.py:3954} INFO - Setting next_dagrun for example_dynamic_task_mapping to 2022-03-04 00:00:00+00:00, run_after=2022-03-05 00:00:00+00:00
[2026-02-24T05:26:48.781+0530] {processor.py:183} INFO - Processing /Users/aswin/Documents/data-engineering-practice/ETL_Airflow_DBT/airflow/airflow_env/lib/python3.11/site-packages/airflow/example_dags/example_dynamic_task_mapping.py took 0.053 seconds
[2026-02-24T05:28:17.912+0530] {processor.py:161} INFO - Started process (PID=46987) to work on /Users/aswin/Documents/data-engineering-practice/ETL_Airflow_DBT/airflow/airflow_env/lib/python3.11/site-packages/airflow/example_dags/example_dynamic_task_mapping.py
[2026-02-24T05:28:17.913+0530] {processor.py:830} INFO - Processing file /Users/aswin/Documents/data-engineering-practice/ETL_Airflow_DBT/airflow/airflow_env/lib/python3.11/site-packages/airflow/example_dags/example_dynamic_task_mapping.py for tasks to queue
[2026-02-24T05:28:17.913+0530] {logging_mixin.py:188} INFO - [2026-02-24T05:28:17.913+0530] {dagbag.py:540} INFO - Filling up the DagBag from /Users/aswin/Documents/data-engineering-practice/ETL_Airflow_DBT/airflow/airflow_env/lib/python3.11/site-packages/airflow/example_dags/example_dynamic_task_mapping.py
[2026-02-24T05:28:17.926+0530] {processor.py:840} INFO - DAG(s) 'example_dynamic_task_mapping' retrieved from /Users/aswin/Documents/data-engineering-practice/ETL_Airflow_DBT/airflow/airflow_env/lib/python3.11/site-packages/airflow/example_dags/example_dynamic_task_mapping.py
[2026-02-24T05:28:17.954+0530] {logging_mixin.py:188} INFO - [2026-02-24T05:28:17.954+0530] {dag.py:3096} INFO - Sync 1 DAGs
[2026-02-24T05:28:17.959+0530] {logging_mixin.py:188} INFO - [2026-02-24T05:28:17.959+0530] {dag.py:3954} INFO - Setting next_dagrun for example_dynamic_task_mapping to 2022-03-04 00:00:00+00:00, run_after=2022-03-05 00:00:00+00:00
[2026-02-24T05:28:17.964+0530] {processor.py:183} INFO - Processing /Users/aswin/Documents/data-engineering-practice/ETL_Airflow_DBT/airflow/airflow_env/lib/python3.11/site-packages/airflow/example_dags/example_dynamic_task_mapping.py took 0.054 seconds
[2026-02-24T05:29:44.618+0530] {processor.py:161} INFO - Started process (PID=47052) to work on /Users/aswin/Documents/data-engineering-practice/ETL_Airflow_DBT/airflow/airflow_env/lib/python3.11/site-packages/airflow/example_dags/example_dynamic_task_mapping.py
[2026-02-24T05:29:44.619+0530] {processor.py:830} INFO - Processing file /Users/aswin/Documents/data-engineering-practice/ETL_Airflow_DBT/airflow/airflow_env/lib/python3.11/site-packages/airflow/example_dags/example_dynamic_task_mapping.py for tasks to queue
[2026-02-24T05:29:44.619+0530] {logging_mixin.py:188} INFO - [2026-02-24T05:29:44.619+0530] {dagbag.py:540} INFO - Filling up the DagBag from /Users/aswin/Documents/data-engineering-practice/ETL_Airflow_DBT/airflow/airflow_env/lib/python3.11/site-packages/airflow/example_dags/example_dynamic_task_mapping.py
[2026-02-24T05:29:44.632+0530] {processor.py:840} INFO - DAG(s) 'example_dynamic_task_mapping' retrieved from /Users/aswin/Documents/data-engineering-practice/ETL_Airflow_DBT/airflow/airflow_env/lib/python3.11/site-packages/airflow/example_dags/example_dynamic_task_mapping.py
[2026-02-24T05:29:44.662+0530] {logging_mixin.py:188} INFO - [2026-02-24T05:29:44.662+0530] {dag.py:3096} INFO - Sync 1 DAGs
[2026-02-24T05:29:44.667+0530] {logging_mixin.py:188} INFO - [2026-02-24T05:29:44.667+0530] {dag.py:3954} INFO - Setting next_dagrun for example_dynamic_task_mapping to 2022-03-04 00:00:00+00:00, run_after=2022-03-05 00:00:00+00:00
[2026-02-24T05:29:44.674+0530] {processor.py:183} INFO - Processing /Users/aswin/Documents/data-engineering-practice/ETL_Airflow_DBT/airflow/airflow_env/lib/python3.11/site-packages/airflow/example_dags/example_dynamic_task_mapping.py took 0.057 seconds
