[2026-02-24T04:39:42.861+0530] {processor.py:161} INFO - Started process (PID=42458) to work on /Users/aswin/Documents/data-engineering-practice/ETL_Airflow_DBT/airflow/airflow_env/lib/python3.11/site-packages/airflow/example_dags/example_branch_operator.py
[2026-02-24T04:39:42.862+0530] {processor.py:830} INFO - Processing file /Users/aswin/Documents/data-engineering-practice/ETL_Airflow_DBT/airflow/airflow_env/lib/python3.11/site-packages/airflow/example_dags/example_branch_operator.py for tasks to queue
[2026-02-24T04:39:42.862+0530] {logging_mixin.py:188} INFO - [2026-02-24T04:39:42.862+0530] {dagbag.py:540} INFO - Filling up the DagBag from /Users/aswin/Documents/data-engineering-practice/ETL_Airflow_DBT/airflow/airflow_env/lib/python3.11/site-packages/airflow/example_dags/example_branch_operator.py
[2026-02-24T04:39:42.870+0530] {processor.py:842} WARNING - No viable dags retrieved from /Users/aswin/Documents/data-engineering-practice/ETL_Airflow_DBT/airflow/airflow_env/lib/python3.11/site-packages/airflow/example_dags/example_branch_operator.py
[2026-02-24T04:39:42.895+0530] {processor.py:183} INFO - Processing /Users/aswin/Documents/data-engineering-practice/ETL_Airflow_DBT/airflow/airflow_env/lib/python3.11/site-packages/airflow/example_dags/example_branch_operator.py took 0.035 seconds
[2026-02-24T04:41:21.131+0530] {processor.py:161} INFO - Started process (PID=42542) to work on /Users/aswin/Documents/data-engineering-practice/ETL_Airflow_DBT/airflow/airflow_env/lib/python3.11/site-packages/airflow/example_dags/example_branch_operator.py
[2026-02-24T04:41:21.132+0530] {processor.py:830} INFO - Processing file /Users/aswin/Documents/data-engineering-practice/ETL_Airflow_DBT/airflow/airflow_env/lib/python3.11/site-packages/airflow/example_dags/example_branch_operator.py for tasks to queue
[2026-02-24T04:41:21.132+0530] {logging_mixin.py:188} INFO - [2026-02-24T04:41:21.132+0530] {dagbag.py:540} INFO - Filling up the DagBag from /Users/aswin/Documents/data-engineering-practice/ETL_Airflow_DBT/airflow/airflow_env/lib/python3.11/site-packages/airflow/example_dags/example_branch_operator.py
[2026-02-24T04:41:21.140+0530] {processor.py:842} WARNING - No viable dags retrieved from /Users/aswin/Documents/data-engineering-practice/ETL_Airflow_DBT/airflow/airflow_env/lib/python3.11/site-packages/airflow/example_dags/example_branch_operator.py
[2026-02-24T04:41:21.166+0530] {processor.py:183} INFO - Processing /Users/aswin/Documents/data-engineering-practice/ETL_Airflow_DBT/airflow/airflow_env/lib/python3.11/site-packages/airflow/example_dags/example_branch_operator.py took 0.036 seconds
[2026-02-24T04:42:54.554+0530] {processor.py:161} INFO - Started process (PID=42658) to work on /Users/aswin/Documents/data-engineering-practice/ETL_Airflow_DBT/airflow/airflow_env/lib/python3.11/site-packages/airflow/example_dags/example_branch_operator.py
[2026-02-24T04:42:54.555+0530] {processor.py:830} INFO - Processing file /Users/aswin/Documents/data-engineering-practice/ETL_Airflow_DBT/airflow/airflow_env/lib/python3.11/site-packages/airflow/example_dags/example_branch_operator.py for tasks to queue
[2026-02-24T04:42:54.556+0530] {logging_mixin.py:188} INFO - [2026-02-24T04:42:54.556+0530] {dagbag.py:540} INFO - Filling up the DagBag from /Users/aswin/Documents/data-engineering-practice/ETL_Airflow_DBT/airflow/airflow_env/lib/python3.11/site-packages/airflow/example_dags/example_branch_operator.py
[2026-02-24T04:42:54.564+0530] {processor.py:842} WARNING - No viable dags retrieved from /Users/aswin/Documents/data-engineering-practice/ETL_Airflow_DBT/airflow/airflow_env/lib/python3.11/site-packages/airflow/example_dags/example_branch_operator.py
[2026-02-24T04:42:54.587+0530] {processor.py:183} INFO - Processing /Users/aswin/Documents/data-engineering-practice/ETL_Airflow_DBT/airflow/airflow_env/lib/python3.11/site-packages/airflow/example_dags/example_branch_operator.py took 0.034 seconds
[2026-02-24T04:44:24.791+0530] {processor.py:161} INFO - Started process (PID=42744) to work on /Users/aswin/Documents/data-engineering-practice/ETL_Airflow_DBT/airflow/airflow_env/lib/python3.11/site-packages/airflow/example_dags/example_branch_operator.py
[2026-02-24T04:44:24.792+0530] {processor.py:830} INFO - Processing file /Users/aswin/Documents/data-engineering-practice/ETL_Airflow_DBT/airflow/airflow_env/lib/python3.11/site-packages/airflow/example_dags/example_branch_operator.py for tasks to queue
[2026-02-24T04:44:24.793+0530] {logging_mixin.py:188} INFO - [2026-02-24T04:44:24.793+0530] {dagbag.py:540} INFO - Filling up the DagBag from /Users/aswin/Documents/data-engineering-practice/ETL_Airflow_DBT/airflow/airflow_env/lib/python3.11/site-packages/airflow/example_dags/example_branch_operator.py
[2026-02-24T04:44:24.801+0530] {processor.py:842} WARNING - No viable dags retrieved from /Users/aswin/Documents/data-engineering-practice/ETL_Airflow_DBT/airflow/airflow_env/lib/python3.11/site-packages/airflow/example_dags/example_branch_operator.py
[2026-02-24T04:44:24.825+0530] {processor.py:183} INFO - Processing /Users/aswin/Documents/data-engineering-practice/ETL_Airflow_DBT/airflow/airflow_env/lib/python3.11/site-packages/airflow/example_dags/example_branch_operator.py took 0.035 seconds
[2026-02-24T04:45:51.579+0530] {processor.py:161} INFO - Started process (PID=42820) to work on /Users/aswin/Documents/data-engineering-practice/ETL_Airflow_DBT/airflow/airflow_env/lib/python3.11/site-packages/airflow/example_dags/example_branch_operator.py
[2026-02-24T04:45:51.580+0530] {processor.py:830} INFO - Processing file /Users/aswin/Documents/data-engineering-practice/ETL_Airflow_DBT/airflow/airflow_env/lib/python3.11/site-packages/airflow/example_dags/example_branch_operator.py for tasks to queue
[2026-02-24T04:45:51.580+0530] {logging_mixin.py:188} INFO - [2026-02-24T04:45:51.580+0530] {dagbag.py:540} INFO - Filling up the DagBag from /Users/aswin/Documents/data-engineering-practice/ETL_Airflow_DBT/airflow/airflow_env/lib/python3.11/site-packages/airflow/example_dags/example_branch_operator.py
[2026-02-24T04:45:51.588+0530] {processor.py:842} WARNING - No viable dags retrieved from /Users/aswin/Documents/data-engineering-practice/ETL_Airflow_DBT/airflow/airflow_env/lib/python3.11/site-packages/airflow/example_dags/example_branch_operator.py
[2026-02-24T04:45:51.612+0530] {processor.py:183} INFO - Processing /Users/aswin/Documents/data-engineering-practice/ETL_Airflow_DBT/airflow/airflow_env/lib/python3.11/site-packages/airflow/example_dags/example_branch_operator.py took 0.034 seconds
[2026-02-24T04:47:17.127+0530] {processor.py:161} INFO - Started process (PID=42887) to work on /Users/aswin/Documents/data-engineering-practice/ETL_Airflow_DBT/airflow/airflow_env/lib/python3.11/site-packages/airflow/example_dags/example_branch_operator.py
[2026-02-24T04:47:17.128+0530] {processor.py:830} INFO - Processing file /Users/aswin/Documents/data-engineering-practice/ETL_Airflow_DBT/airflow/airflow_env/lib/python3.11/site-packages/airflow/example_dags/example_branch_operator.py for tasks to queue
[2026-02-24T04:47:17.128+0530] {logging_mixin.py:188} INFO - [2026-02-24T04:47:17.128+0530] {dagbag.py:540} INFO - Filling up the DagBag from /Users/aswin/Documents/data-engineering-practice/ETL_Airflow_DBT/airflow/airflow_env/lib/python3.11/site-packages/airflow/example_dags/example_branch_operator.py
[2026-02-24T04:47:17.136+0530] {processor.py:842} WARNING - No viable dags retrieved from /Users/aswin/Documents/data-engineering-practice/ETL_Airflow_DBT/airflow/airflow_env/lib/python3.11/site-packages/airflow/example_dags/example_branch_operator.py
[2026-02-24T04:47:17.160+0530] {processor.py:183} INFO - Processing /Users/aswin/Documents/data-engineering-practice/ETL_Airflow_DBT/airflow/airflow_env/lib/python3.11/site-packages/airflow/example_dags/example_branch_operator.py took 0.034 seconds
[2026-02-24T04:48:53.094+0530] {processor.py:161} INFO - Started process (PID=42962) to work on /Users/aswin/Documents/data-engineering-practice/ETL_Airflow_DBT/airflow/airflow_env/lib/python3.11/site-packages/airflow/example_dags/example_branch_operator.py
[2026-02-24T04:48:53.095+0530] {processor.py:830} INFO - Processing file /Users/aswin/Documents/data-engineering-practice/ETL_Airflow_DBT/airflow/airflow_env/lib/python3.11/site-packages/airflow/example_dags/example_branch_operator.py for tasks to queue
[2026-02-24T04:48:53.095+0530] {logging_mixin.py:188} INFO - [2026-02-24T04:48:53.095+0530] {dagbag.py:540} INFO - Filling up the DagBag from /Users/aswin/Documents/data-engineering-practice/ETL_Airflow_DBT/airflow/airflow_env/lib/python3.11/site-packages/airflow/example_dags/example_branch_operator.py
[2026-02-24T04:48:53.104+0530] {processor.py:842} WARNING - No viable dags retrieved from /Users/aswin/Documents/data-engineering-practice/ETL_Airflow_DBT/airflow/airflow_env/lib/python3.11/site-packages/airflow/example_dags/example_branch_operator.py
[2026-02-24T04:48:53.130+0530] {processor.py:183} INFO - Processing /Users/aswin/Documents/data-engineering-practice/ETL_Airflow_DBT/airflow/airflow_env/lib/python3.11/site-packages/airflow/example_dags/example_branch_operator.py took 0.036 seconds
[2026-02-24T04:50:37.512+0530] {processor.py:161} INFO - Started process (PID=43035) to work on /Users/aswin/Documents/data-engineering-practice/ETL_Airflow_DBT/airflow/airflow_env/lib/python3.11/site-packages/airflow/example_dags/example_branch_operator.py
[2026-02-24T04:50:37.513+0530] {processor.py:830} INFO - Processing file /Users/aswin/Documents/data-engineering-practice/ETL_Airflow_DBT/airflow/airflow_env/lib/python3.11/site-packages/airflow/example_dags/example_branch_operator.py for tasks to queue
[2026-02-24T04:50:37.513+0530] {logging_mixin.py:188} INFO - [2026-02-24T04:50:37.513+0530] {dagbag.py:540} INFO - Filling up the DagBag from /Users/aswin/Documents/data-engineering-practice/ETL_Airflow_DBT/airflow/airflow_env/lib/python3.11/site-packages/airflow/example_dags/example_branch_operator.py
[2026-02-24T04:50:37.522+0530] {processor.py:842} WARNING - No viable dags retrieved from /Users/aswin/Documents/data-engineering-practice/ETL_Airflow_DBT/airflow/airflow_env/lib/python3.11/site-packages/airflow/example_dags/example_branch_operator.py
[2026-02-24T04:50:37.546+0530] {processor.py:183} INFO - Processing /Users/aswin/Documents/data-engineering-practice/ETL_Airflow_DBT/airflow/airflow_env/lib/python3.11/site-packages/airflow/example_dags/example_branch_operator.py took 0.035 seconds
[2026-02-24T04:52:09.878+0530] {processor.py:161} INFO - Started process (PID=43105) to work on /Users/aswin/Documents/data-engineering-practice/ETL_Airflow_DBT/airflow/airflow_env/lib/python3.11/site-packages/airflow/example_dags/example_branch_operator.py
[2026-02-24T04:52:09.879+0530] {processor.py:830} INFO - Processing file /Users/aswin/Documents/data-engineering-practice/ETL_Airflow_DBT/airflow/airflow_env/lib/python3.11/site-packages/airflow/example_dags/example_branch_operator.py for tasks to queue
[2026-02-24T04:52:09.879+0530] {logging_mixin.py:188} INFO - [2026-02-24T04:52:09.879+0530] {dagbag.py:540} INFO - Filling up the DagBag from /Users/aswin/Documents/data-engineering-practice/ETL_Airflow_DBT/airflow/airflow_env/lib/python3.11/site-packages/airflow/example_dags/example_branch_operator.py
[2026-02-24T04:52:09.888+0530] {processor.py:842} WARNING - No viable dags retrieved from /Users/aswin/Documents/data-engineering-practice/ETL_Airflow_DBT/airflow/airflow_env/lib/python3.11/site-packages/airflow/example_dags/example_branch_operator.py
[2026-02-24T04:52:09.912+0530] {processor.py:183} INFO - Processing /Users/aswin/Documents/data-engineering-practice/ETL_Airflow_DBT/airflow/airflow_env/lib/python3.11/site-packages/airflow/example_dags/example_branch_operator.py took 0.036 seconds
[2026-02-24T04:53:40.263+0530] {processor.py:161} INFO - Started process (PID=43174) to work on /Users/aswin/Documents/data-engineering-practice/ETL_Airflow_DBT/airflow/airflow_env/lib/python3.11/site-packages/airflow/example_dags/example_branch_operator.py
[2026-02-24T04:53:40.264+0530] {processor.py:830} INFO - Processing file /Users/aswin/Documents/data-engineering-practice/ETL_Airflow_DBT/airflow/airflow_env/lib/python3.11/site-packages/airflow/example_dags/example_branch_operator.py for tasks to queue
[2026-02-24T04:53:40.264+0530] {logging_mixin.py:188} INFO - [2026-02-24T04:53:40.264+0530] {dagbag.py:540} INFO - Filling up the DagBag from /Users/aswin/Documents/data-engineering-practice/ETL_Airflow_DBT/airflow/airflow_env/lib/python3.11/site-packages/airflow/example_dags/example_branch_operator.py
[2026-02-24T04:53:40.272+0530] {processor.py:842} WARNING - No viable dags retrieved from /Users/aswin/Documents/data-engineering-practice/ETL_Airflow_DBT/airflow/airflow_env/lib/python3.11/site-packages/airflow/example_dags/example_branch_operator.py
[2026-02-24T04:53:40.298+0530] {processor.py:183} INFO - Processing /Users/aswin/Documents/data-engineering-practice/ETL_Airflow_DBT/airflow/airflow_env/lib/python3.11/site-packages/airflow/example_dags/example_branch_operator.py took 0.036 seconds
[2026-02-24T04:55:09.062+0530] {processor.py:161} INFO - Started process (PID=43240) to work on /Users/aswin/Documents/data-engineering-practice/ETL_Airflow_DBT/airflow/airflow_env/lib/python3.11/site-packages/airflow/example_dags/example_branch_operator.py
[2026-02-24T04:55:09.063+0530] {processor.py:830} INFO - Processing file /Users/aswin/Documents/data-engineering-practice/ETL_Airflow_DBT/airflow/airflow_env/lib/python3.11/site-packages/airflow/example_dags/example_branch_operator.py for tasks to queue
[2026-02-24T04:55:09.063+0530] {logging_mixin.py:188} INFO - [2026-02-24T04:55:09.063+0530] {dagbag.py:540} INFO - Filling up the DagBag from /Users/aswin/Documents/data-engineering-practice/ETL_Airflow_DBT/airflow/airflow_env/lib/python3.11/site-packages/airflow/example_dags/example_branch_operator.py
[2026-02-24T04:55:09.071+0530] {processor.py:842} WARNING - No viable dags retrieved from /Users/aswin/Documents/data-engineering-practice/ETL_Airflow_DBT/airflow/airflow_env/lib/python3.11/site-packages/airflow/example_dags/example_branch_operator.py
[2026-02-24T04:55:09.095+0530] {processor.py:183} INFO - Processing /Users/aswin/Documents/data-engineering-practice/ETL_Airflow_DBT/airflow/airflow_env/lib/python3.11/site-packages/airflow/example_dags/example_branch_operator.py took 0.034 seconds
[2026-02-24T04:56:35.464+0530] {processor.py:161} INFO - Started process (PID=43323) to work on /Users/aswin/Documents/data-engineering-practice/ETL_Airflow_DBT/airflow/airflow_env/lib/python3.11/site-packages/airflow/example_dags/example_branch_operator.py
[2026-02-24T04:56:35.464+0530] {processor.py:830} INFO - Processing file /Users/aswin/Documents/data-engineering-practice/ETL_Airflow_DBT/airflow/airflow_env/lib/python3.11/site-packages/airflow/example_dags/example_branch_operator.py for tasks to queue
[2026-02-24T04:56:35.465+0530] {logging_mixin.py:188} INFO - [2026-02-24T04:56:35.464+0530] {dagbag.py:540} INFO - Filling up the DagBag from /Users/aswin/Documents/data-engineering-practice/ETL_Airflow_DBT/airflow/airflow_env/lib/python3.11/site-packages/airflow/example_dags/example_branch_operator.py
[2026-02-24T04:56:35.474+0530] {processor.py:842} WARNING - No viable dags retrieved from /Users/aswin/Documents/data-engineering-practice/ETL_Airflow_DBT/airflow/airflow_env/lib/python3.11/site-packages/airflow/example_dags/example_branch_operator.py
[2026-02-24T04:56:35.501+0530] {processor.py:183} INFO - Processing /Users/aswin/Documents/data-engineering-practice/ETL_Airflow_DBT/airflow/airflow_env/lib/python3.11/site-packages/airflow/example_dags/example_branch_operator.py took 0.038 seconds
[2026-02-24T04:58:13.276+0530] {processor.py:161} INFO - Started process (PID=43392) to work on /Users/aswin/Documents/data-engineering-practice/ETL_Airflow_DBT/airflow/airflow_env/lib/python3.11/site-packages/airflow/example_dags/example_branch_operator.py
[2026-02-24T04:58:13.277+0530] {processor.py:830} INFO - Processing file /Users/aswin/Documents/data-engineering-practice/ETL_Airflow_DBT/airflow/airflow_env/lib/python3.11/site-packages/airflow/example_dags/example_branch_operator.py for tasks to queue
[2026-02-24T04:58:13.277+0530] {logging_mixin.py:188} INFO - [2026-02-24T04:58:13.277+0530] {dagbag.py:540} INFO - Filling up the DagBag from /Users/aswin/Documents/data-engineering-practice/ETL_Airflow_DBT/airflow/airflow_env/lib/python3.11/site-packages/airflow/example_dags/example_branch_operator.py
[2026-02-24T04:58:13.285+0530] {processor.py:842} WARNING - No viable dags retrieved from /Users/aswin/Documents/data-engineering-practice/ETL_Airflow_DBT/airflow/airflow_env/lib/python3.11/site-packages/airflow/example_dags/example_branch_operator.py
[2026-02-24T04:58:13.310+0530] {processor.py:183} INFO - Processing /Users/aswin/Documents/data-engineering-practice/ETL_Airflow_DBT/airflow/airflow_env/lib/python3.11/site-packages/airflow/example_dags/example_branch_operator.py took 0.035 seconds
[2026-02-24T04:59:40.017+0530] {processor.py:161} INFO - Started process (PID=43460) to work on /Users/aswin/Documents/data-engineering-practice/ETL_Airflow_DBT/airflow/airflow_env/lib/python3.11/site-packages/airflow/example_dags/example_branch_operator.py
[2026-02-24T04:59:40.018+0530] {processor.py:830} INFO - Processing file /Users/aswin/Documents/data-engineering-practice/ETL_Airflow_DBT/airflow/airflow_env/lib/python3.11/site-packages/airflow/example_dags/example_branch_operator.py for tasks to queue
[2026-02-24T04:59:40.018+0530] {logging_mixin.py:188} INFO - [2026-02-24T04:59:40.018+0530] {dagbag.py:540} INFO - Filling up the DagBag from /Users/aswin/Documents/data-engineering-practice/ETL_Airflow_DBT/airflow/airflow_env/lib/python3.11/site-packages/airflow/example_dags/example_branch_operator.py
[2026-02-24T04:59:40.026+0530] {processor.py:842} WARNING - No viable dags retrieved from /Users/aswin/Documents/data-engineering-practice/ETL_Airflow_DBT/airflow/airflow_env/lib/python3.11/site-packages/airflow/example_dags/example_branch_operator.py
[2026-02-24T04:59:40.050+0530] {processor.py:183} INFO - Processing /Users/aswin/Documents/data-engineering-practice/ETL_Airflow_DBT/airflow/airflow_env/lib/python3.11/site-packages/airflow/example_dags/example_branch_operator.py took 0.034 seconds
[2026-02-24T05:01:08.130+0530] {processor.py:161} INFO - Started process (PID=43540) to work on /Users/aswin/Documents/data-engineering-practice/ETL_Airflow_DBT/airflow/airflow_env/lib/python3.11/site-packages/airflow/example_dags/example_branch_operator.py
[2026-02-24T05:01:08.130+0530] {processor.py:830} INFO - Processing file /Users/aswin/Documents/data-engineering-practice/ETL_Airflow_DBT/airflow/airflow_env/lib/python3.11/site-packages/airflow/example_dags/example_branch_operator.py for tasks to queue
[2026-02-24T05:01:08.130+0530] {logging_mixin.py:188} INFO - [2026-02-24T05:01:08.130+0530] {dagbag.py:540} INFO - Filling up the DagBag from /Users/aswin/Documents/data-engineering-practice/ETL_Airflow_DBT/airflow/airflow_env/lib/python3.11/site-packages/airflow/example_dags/example_branch_operator.py
[2026-02-24T05:01:08.138+0530] {processor.py:842} WARNING - No viable dags retrieved from /Users/aswin/Documents/data-engineering-practice/ETL_Airflow_DBT/airflow/airflow_env/lib/python3.11/site-packages/airflow/example_dags/example_branch_operator.py
[2026-02-24T05:01:08.162+0530] {processor.py:183} INFO - Processing /Users/aswin/Documents/data-engineering-practice/ETL_Airflow_DBT/airflow/airflow_env/lib/python3.11/site-packages/airflow/example_dags/example_branch_operator.py took 0.034 seconds
[2026-02-24T05:02:40.174+0530] {processor.py:161} INFO - Started process (PID=43631) to work on /Users/aswin/Documents/data-engineering-practice/ETL_Airflow_DBT/airflow/airflow_env/lib/python3.11/site-packages/airflow/example_dags/example_branch_operator.py
[2026-02-24T05:02:40.175+0530] {processor.py:830} INFO - Processing file /Users/aswin/Documents/data-engineering-practice/ETL_Airflow_DBT/airflow/airflow_env/lib/python3.11/site-packages/airflow/example_dags/example_branch_operator.py for tasks to queue
[2026-02-24T05:02:40.175+0530] {logging_mixin.py:188} INFO - [2026-02-24T05:02:40.175+0530] {dagbag.py:540} INFO - Filling up the DagBag from /Users/aswin/Documents/data-engineering-practice/ETL_Airflow_DBT/airflow/airflow_env/lib/python3.11/site-packages/airflow/example_dags/example_branch_operator.py
[2026-02-24T05:02:40.183+0530] {processor.py:842} WARNING - No viable dags retrieved from /Users/aswin/Documents/data-engineering-practice/ETL_Airflow_DBT/airflow/airflow_env/lib/python3.11/site-packages/airflow/example_dags/example_branch_operator.py
[2026-02-24T05:02:40.207+0530] {processor.py:183} INFO - Processing /Users/aswin/Documents/data-engineering-practice/ETL_Airflow_DBT/airflow/airflow_env/lib/python3.11/site-packages/airflow/example_dags/example_branch_operator.py took 0.034 seconds
[2026-02-24T05:04:10.710+0530] {processor.py:161} INFO - Started process (PID=43750) to work on /Users/aswin/Documents/data-engineering-practice/ETL_Airflow_DBT/airflow/airflow_env/lib/python3.11/site-packages/airflow/example_dags/example_branch_operator.py
[2026-02-24T05:04:10.711+0530] {processor.py:830} INFO - Processing file /Users/aswin/Documents/data-engineering-practice/ETL_Airflow_DBT/airflow/airflow_env/lib/python3.11/site-packages/airflow/example_dags/example_branch_operator.py for tasks to queue
[2026-02-24T05:04:10.711+0530] {logging_mixin.py:188} INFO - [2026-02-24T05:04:10.711+0530] {dagbag.py:540} INFO - Filling up the DagBag from /Users/aswin/Documents/data-engineering-practice/ETL_Airflow_DBT/airflow/airflow_env/lib/python3.11/site-packages/airflow/example_dags/example_branch_operator.py
[2026-02-24T05:04:10.720+0530] {processor.py:842} WARNING - No viable dags retrieved from /Users/aswin/Documents/data-engineering-practice/ETL_Airflow_DBT/airflow/airflow_env/lib/python3.11/site-packages/airflow/example_dags/example_branch_operator.py
[2026-02-24T05:04:10.743+0530] {processor.py:183} INFO - Processing /Users/aswin/Documents/data-engineering-practice/ETL_Airflow_DBT/airflow/airflow_env/lib/python3.11/site-packages/airflow/example_dags/example_branch_operator.py took 0.035 seconds
[2026-02-24T05:05:44.356+0530] {processor.py:161} INFO - Started process (PID=44954) to work on /Users/aswin/Documents/data-engineering-practice/ETL_Airflow_DBT/airflow/airflow_env/lib/python3.11/site-packages/airflow/example_dags/example_branch_operator.py
[2026-02-24T05:05:44.357+0530] {processor.py:830} INFO - Processing file /Users/aswin/Documents/data-engineering-practice/ETL_Airflow_DBT/airflow/airflow_env/lib/python3.11/site-packages/airflow/example_dags/example_branch_operator.py for tasks to queue
[2026-02-24T05:05:44.357+0530] {logging_mixin.py:188} INFO - [2026-02-24T05:05:44.357+0530] {dagbag.py:540} INFO - Filling up the DagBag from /Users/aswin/Documents/data-engineering-practice/ETL_Airflow_DBT/airflow/airflow_env/lib/python3.11/site-packages/airflow/example_dags/example_branch_operator.py
[2026-02-24T05:05:44.366+0530] {processor.py:842} WARNING - No viable dags retrieved from /Users/aswin/Documents/data-engineering-practice/ETL_Airflow_DBT/airflow/airflow_env/lib/python3.11/site-packages/airflow/example_dags/example_branch_operator.py
[2026-02-24T05:05:44.391+0530] {processor.py:183} INFO - Processing /Users/aswin/Documents/data-engineering-practice/ETL_Airflow_DBT/airflow/airflow_env/lib/python3.11/site-packages/airflow/example_dags/example_branch_operator.py took 0.035 seconds
[2026-02-24T05:07:22.743+0530] {processor.py:161} INFO - Started process (PID=45052) to work on /Users/aswin/Documents/data-engineering-practice/ETL_Airflow_DBT/airflow/airflow_env/lib/python3.11/site-packages/airflow/example_dags/example_branch_operator.py
[2026-02-24T05:07:22.744+0530] {processor.py:830} INFO - Processing file /Users/aswin/Documents/data-engineering-practice/ETL_Airflow_DBT/airflow/airflow_env/lib/python3.11/site-packages/airflow/example_dags/example_branch_operator.py for tasks to queue
[2026-02-24T05:07:22.744+0530] {logging_mixin.py:188} INFO - [2026-02-24T05:07:22.744+0530] {dagbag.py:540} INFO - Filling up the DagBag from /Users/aswin/Documents/data-engineering-practice/ETL_Airflow_DBT/airflow/airflow_env/lib/python3.11/site-packages/airflow/example_dags/example_branch_operator.py
[2026-02-24T05:07:22.752+0530] {processor.py:842} WARNING - No viable dags retrieved from /Users/aswin/Documents/data-engineering-practice/ETL_Airflow_DBT/airflow/airflow_env/lib/python3.11/site-packages/airflow/example_dags/example_branch_operator.py
[2026-02-24T05:07:22.776+0530] {processor.py:183} INFO - Processing /Users/aswin/Documents/data-engineering-practice/ETL_Airflow_DBT/airflow/airflow_env/lib/python3.11/site-packages/airflow/example_dags/example_branch_operator.py took 0.034 seconds
[2026-02-24T05:08:51.150+0530] {processor.py:161} INFO - Started process (PID=45121) to work on /Users/aswin/Documents/data-engineering-practice/ETL_Airflow_DBT/airflow/airflow_env/lib/python3.11/site-packages/airflow/example_dags/example_branch_operator.py
[2026-02-24T05:08:51.151+0530] {processor.py:830} INFO - Processing file /Users/aswin/Documents/data-engineering-practice/ETL_Airflow_DBT/airflow/airflow_env/lib/python3.11/site-packages/airflow/example_dags/example_branch_operator.py for tasks to queue
[2026-02-24T05:08:51.151+0530] {logging_mixin.py:188} INFO - [2026-02-24T05:08:51.151+0530] {dagbag.py:540} INFO - Filling up the DagBag from /Users/aswin/Documents/data-engineering-practice/ETL_Airflow_DBT/airflow/airflow_env/lib/python3.11/site-packages/airflow/example_dags/example_branch_operator.py
[2026-02-24T05:08:51.159+0530] {processor.py:842} WARNING - No viable dags retrieved from /Users/aswin/Documents/data-engineering-practice/ETL_Airflow_DBT/airflow/airflow_env/lib/python3.11/site-packages/airflow/example_dags/example_branch_operator.py
[2026-02-24T05:08:51.183+0530] {processor.py:183} INFO - Processing /Users/aswin/Documents/data-engineering-practice/ETL_Airflow_DBT/airflow/airflow_env/lib/python3.11/site-packages/airflow/example_dags/example_branch_operator.py took 0.034 seconds
[2026-02-24T05:10:16.730+0530] {processor.py:161} INFO - Started process (PID=45191) to work on /Users/aswin/Documents/data-engineering-practice/ETL_Airflow_DBT/airflow/airflow_env/lib/python3.11/site-packages/airflow/example_dags/example_branch_operator.py
[2026-02-24T05:10:16.731+0530] {processor.py:830} INFO - Processing file /Users/aswin/Documents/data-engineering-practice/ETL_Airflow_DBT/airflow/airflow_env/lib/python3.11/site-packages/airflow/example_dags/example_branch_operator.py for tasks to queue
[2026-02-24T05:10:16.731+0530] {logging_mixin.py:188} INFO - [2026-02-24T05:10:16.731+0530] {dagbag.py:540} INFO - Filling up the DagBag from /Users/aswin/Documents/data-engineering-practice/ETL_Airflow_DBT/airflow/airflow_env/lib/python3.11/site-packages/airflow/example_dags/example_branch_operator.py
[2026-02-24T05:10:16.739+0530] {processor.py:842} WARNING - No viable dags retrieved from /Users/aswin/Documents/data-engineering-practice/ETL_Airflow_DBT/airflow/airflow_env/lib/python3.11/site-packages/airflow/example_dags/example_branch_operator.py
[2026-02-24T05:10:16.763+0530] {processor.py:183} INFO - Processing /Users/aswin/Documents/data-engineering-practice/ETL_Airflow_DBT/airflow/airflow_env/lib/python3.11/site-packages/airflow/example_dags/example_branch_operator.py took 0.034 seconds
[2026-02-24T05:11:41.550+0530] {processor.py:161} INFO - Started process (PID=45257) to work on /Users/aswin/Documents/data-engineering-practice/ETL_Airflow_DBT/airflow/airflow_env/lib/python3.11/site-packages/airflow/example_dags/example_branch_operator.py
[2026-02-24T05:11:41.552+0530] {processor.py:830} INFO - Processing file /Users/aswin/Documents/data-engineering-practice/ETL_Airflow_DBT/airflow/airflow_env/lib/python3.11/site-packages/airflow/example_dags/example_branch_operator.py for tasks to queue
[2026-02-24T05:11:41.552+0530] {logging_mixin.py:188} INFO - [2026-02-24T05:11:41.552+0530] {dagbag.py:540} INFO - Filling up the DagBag from /Users/aswin/Documents/data-engineering-practice/ETL_Airflow_DBT/airflow/airflow_env/lib/python3.11/site-packages/airflow/example_dags/example_branch_operator.py
[2026-02-24T05:11:41.560+0530] {processor.py:842} WARNING - No viable dags retrieved from /Users/aswin/Documents/data-engineering-practice/ETL_Airflow_DBT/airflow/airflow_env/lib/python3.11/site-packages/airflow/example_dags/example_branch_operator.py
[2026-02-24T05:11:41.584+0530] {processor.py:183} INFO - Processing /Users/aswin/Documents/data-engineering-practice/ETL_Airflow_DBT/airflow/airflow_env/lib/python3.11/site-packages/airflow/example_dags/example_branch_operator.py took 0.035 seconds
[2026-02-24T05:13:09.352+0530] {processor.py:161} INFO - Started process (PID=45535) to work on /Users/aswin/Documents/data-engineering-practice/ETL_Airflow_DBT/airflow/airflow_env/lib/python3.11/site-packages/airflow/example_dags/example_branch_operator.py
[2026-02-24T05:13:09.353+0530] {processor.py:830} INFO - Processing file /Users/aswin/Documents/data-engineering-practice/ETL_Airflow_DBT/airflow/airflow_env/lib/python3.11/site-packages/airflow/example_dags/example_branch_operator.py for tasks to queue
[2026-02-24T05:13:09.353+0530] {logging_mixin.py:188} INFO - [2026-02-24T05:13:09.353+0530] {dagbag.py:540} INFO - Filling up the DagBag from /Users/aswin/Documents/data-engineering-practice/ETL_Airflow_DBT/airflow/airflow_env/lib/python3.11/site-packages/airflow/example_dags/example_branch_operator.py
[2026-02-24T05:13:09.361+0530] {processor.py:842} WARNING - No viable dags retrieved from /Users/aswin/Documents/data-engineering-practice/ETL_Airflow_DBT/airflow/airflow_env/lib/python3.11/site-packages/airflow/example_dags/example_branch_operator.py
[2026-02-24T05:13:09.386+0530] {processor.py:183} INFO - Processing /Users/aswin/Documents/data-engineering-practice/ETL_Airflow_DBT/airflow/airflow_env/lib/python3.11/site-packages/airflow/example_dags/example_branch_operator.py took 0.035 seconds
[2026-02-24T05:14:42.587+0530] {processor.py:161} INFO - Started process (PID=45744) to work on /Users/aswin/Documents/data-engineering-practice/ETL_Airflow_DBT/airflow/airflow_env/lib/python3.11/site-packages/airflow/example_dags/example_branch_operator.py
[2026-02-24T05:14:42.588+0530] {processor.py:830} INFO - Processing file /Users/aswin/Documents/data-engineering-practice/ETL_Airflow_DBT/airflow/airflow_env/lib/python3.11/site-packages/airflow/example_dags/example_branch_operator.py for tasks to queue
[2026-02-24T05:14:42.588+0530] {logging_mixin.py:188} INFO - [2026-02-24T05:14:42.588+0530] {dagbag.py:540} INFO - Filling up the DagBag from /Users/aswin/Documents/data-engineering-practice/ETL_Airflow_DBT/airflow/airflow_env/lib/python3.11/site-packages/airflow/example_dags/example_branch_operator.py
[2026-02-24T05:14:42.597+0530] {processor.py:842} WARNING - No viable dags retrieved from /Users/aswin/Documents/data-engineering-practice/ETL_Airflow_DBT/airflow/airflow_env/lib/python3.11/site-packages/airflow/example_dags/example_branch_operator.py
[2026-02-24T05:14:42.621+0530] {processor.py:183} INFO - Processing /Users/aswin/Documents/data-engineering-practice/ETL_Airflow_DBT/airflow/airflow_env/lib/python3.11/site-packages/airflow/example_dags/example_branch_operator.py took 0.035 seconds
[2026-02-24T05:16:16.341+0530] {processor.py:161} INFO - Started process (PID=46011) to work on /Users/aswin/Documents/data-engineering-practice/ETL_Airflow_DBT/airflow/airflow_env/lib/python3.11/site-packages/airflow/example_dags/example_branch_operator.py
[2026-02-24T05:16:16.343+0530] {processor.py:830} INFO - Processing file /Users/aswin/Documents/data-engineering-practice/ETL_Airflow_DBT/airflow/airflow_env/lib/python3.11/site-packages/airflow/example_dags/example_branch_operator.py for tasks to queue
[2026-02-24T05:16:16.343+0530] {logging_mixin.py:188} INFO - [2026-02-24T05:16:16.343+0530] {dagbag.py:540} INFO - Filling up the DagBag from /Users/aswin/Documents/data-engineering-practice/ETL_Airflow_DBT/airflow/airflow_env/lib/python3.11/site-packages/airflow/example_dags/example_branch_operator.py
[2026-02-24T05:16:16.351+0530] {processor.py:842} WARNING - No viable dags retrieved from /Users/aswin/Documents/data-engineering-practice/ETL_Airflow_DBT/airflow/airflow_env/lib/python3.11/site-packages/airflow/example_dags/example_branch_operator.py
[2026-02-24T05:16:16.375+0530] {processor.py:183} INFO - Processing /Users/aswin/Documents/data-engineering-practice/ETL_Airflow_DBT/airflow/airflow_env/lib/python3.11/site-packages/airflow/example_dags/example_branch_operator.py took 0.034 seconds
[2026-02-24T05:17:44.295+0530] {processor.py:161} INFO - Started process (PID=46454) to work on /Users/aswin/Documents/data-engineering-practice/ETL_Airflow_DBT/airflow/airflow_env/lib/python3.11/site-packages/airflow/example_dags/example_branch_operator.py
[2026-02-24T05:17:44.296+0530] {processor.py:830} INFO - Processing file /Users/aswin/Documents/data-engineering-practice/ETL_Airflow_DBT/airflow/airflow_env/lib/python3.11/site-packages/airflow/example_dags/example_branch_operator.py for tasks to queue
[2026-02-24T05:17:44.297+0530] {logging_mixin.py:188} INFO - [2026-02-24T05:17:44.297+0530] {dagbag.py:540} INFO - Filling up the DagBag from /Users/aswin/Documents/data-engineering-practice/ETL_Airflow_DBT/airflow/airflow_env/lib/python3.11/site-packages/airflow/example_dags/example_branch_operator.py
[2026-02-24T05:17:44.304+0530] {processor.py:842} WARNING - No viable dags retrieved from /Users/aswin/Documents/data-engineering-practice/ETL_Airflow_DBT/airflow/airflow_env/lib/python3.11/site-packages/airflow/example_dags/example_branch_operator.py
[2026-02-24T05:17:44.328+0530] {processor.py:183} INFO - Processing /Users/aswin/Documents/data-engineering-practice/ETL_Airflow_DBT/airflow/airflow_env/lib/python3.11/site-packages/airflow/example_dags/example_branch_operator.py took 0.034 seconds
[2026-02-24T05:19:17.664+0530] {processor.py:161} INFO - Started process (PID=46530) to work on /Users/aswin/Documents/data-engineering-practice/ETL_Airflow_DBT/airflow/airflow_env/lib/python3.11/site-packages/airflow/example_dags/example_branch_operator.py
[2026-02-24T05:19:17.665+0530] {processor.py:830} INFO - Processing file /Users/aswin/Documents/data-engineering-practice/ETL_Airflow_DBT/airflow/airflow_env/lib/python3.11/site-packages/airflow/example_dags/example_branch_operator.py for tasks to queue
[2026-02-24T05:19:17.665+0530] {logging_mixin.py:188} INFO - [2026-02-24T05:19:17.665+0530] {dagbag.py:540} INFO - Filling up the DagBag from /Users/aswin/Documents/data-engineering-practice/ETL_Airflow_DBT/airflow/airflow_env/lib/python3.11/site-packages/airflow/example_dags/example_branch_operator.py
[2026-02-24T05:19:17.673+0530] {processor.py:842} WARNING - No viable dags retrieved from /Users/aswin/Documents/data-engineering-practice/ETL_Airflow_DBT/airflow/airflow_env/lib/python3.11/site-packages/airflow/example_dags/example_branch_operator.py
[2026-02-24T05:19:17.697+0530] {processor.py:183} INFO - Processing /Users/aswin/Documents/data-engineering-practice/ETL_Airflow_DBT/airflow/airflow_env/lib/python3.11/site-packages/airflow/example_dags/example_branch_operator.py took 0.034 seconds
[2026-02-24T05:20:56.871+0530] {processor.py:161} INFO - Started process (PID=46619) to work on /Users/aswin/Documents/data-engineering-practice/ETL_Airflow_DBT/airflow/airflow_env/lib/python3.11/site-packages/airflow/example_dags/example_branch_operator.py
[2026-02-24T05:20:56.872+0530] {processor.py:830} INFO - Processing file /Users/aswin/Documents/data-engineering-practice/ETL_Airflow_DBT/airflow/airflow_env/lib/python3.11/site-packages/airflow/example_dags/example_branch_operator.py for tasks to queue
[2026-02-24T05:20:56.872+0530] {logging_mixin.py:188} INFO - [2026-02-24T05:20:56.872+0530] {dagbag.py:540} INFO - Filling up the DagBag from /Users/aswin/Documents/data-engineering-practice/ETL_Airflow_DBT/airflow/airflow_env/lib/python3.11/site-packages/airflow/example_dags/example_branch_operator.py
[2026-02-24T05:20:56.880+0530] {processor.py:842} WARNING - No viable dags retrieved from /Users/aswin/Documents/data-engineering-practice/ETL_Airflow_DBT/airflow/airflow_env/lib/python3.11/site-packages/airflow/example_dags/example_branch_operator.py
[2026-02-24T05:20:56.904+0530] {processor.py:183} INFO - Processing /Users/aswin/Documents/data-engineering-practice/ETL_Airflow_DBT/airflow/airflow_env/lib/python3.11/site-packages/airflow/example_dags/example_branch_operator.py took 0.034 seconds
[2026-02-24T05:22:23.875+0530] {processor.py:161} INFO - Started process (PID=46689) to work on /Users/aswin/Documents/data-engineering-practice/ETL_Airflow_DBT/airflow/airflow_env/lib/python3.11/site-packages/airflow/example_dags/example_branch_operator.py
[2026-02-24T05:22:23.876+0530] {processor.py:830} INFO - Processing file /Users/aswin/Documents/data-engineering-practice/ETL_Airflow_DBT/airflow/airflow_env/lib/python3.11/site-packages/airflow/example_dags/example_branch_operator.py for tasks to queue
[2026-02-24T05:22:23.876+0530] {logging_mixin.py:188} INFO - [2026-02-24T05:22:23.876+0530] {dagbag.py:540} INFO - Filling up the DagBag from /Users/aswin/Documents/data-engineering-practice/ETL_Airflow_DBT/airflow/airflow_env/lib/python3.11/site-packages/airflow/example_dags/example_branch_operator.py
[2026-02-24T05:22:23.884+0530] {processor.py:842} WARNING - No viable dags retrieved from /Users/aswin/Documents/data-engineering-practice/ETL_Airflow_DBT/airflow/airflow_env/lib/python3.11/site-packages/airflow/example_dags/example_branch_operator.py
[2026-02-24T05:22:23.911+0530] {processor.py:183} INFO - Processing /Users/aswin/Documents/data-engineering-practice/ETL_Airflow_DBT/airflow/airflow_env/lib/python3.11/site-packages/airflow/example_dags/example_branch_operator.py took 0.037 seconds
[2026-02-24T05:23:55.844+0530] {processor.py:161} INFO - Started process (PID=46757) to work on /Users/aswin/Documents/data-engineering-practice/ETL_Airflow_DBT/airflow/airflow_env/lib/python3.11/site-packages/airflow/example_dags/example_branch_operator.py
[2026-02-24T05:23:55.845+0530] {processor.py:830} INFO - Processing file /Users/aswin/Documents/data-engineering-practice/ETL_Airflow_DBT/airflow/airflow_env/lib/python3.11/site-packages/airflow/example_dags/example_branch_operator.py for tasks to queue
[2026-02-24T05:23:55.845+0530] {logging_mixin.py:188} INFO - [2026-02-24T05:23:55.845+0530] {dagbag.py:540} INFO - Filling up the DagBag from /Users/aswin/Documents/data-engineering-practice/ETL_Airflow_DBT/airflow/airflow_env/lib/python3.11/site-packages/airflow/example_dags/example_branch_operator.py
[2026-02-24T05:23:55.853+0530] {processor.py:842} WARNING - No viable dags retrieved from /Users/aswin/Documents/data-engineering-practice/ETL_Airflow_DBT/airflow/airflow_env/lib/python3.11/site-packages/airflow/example_dags/example_branch_operator.py
[2026-02-24T05:23:55.877+0530] {processor.py:183} INFO - Processing /Users/aswin/Documents/data-engineering-practice/ETL_Airflow_DBT/airflow/airflow_env/lib/python3.11/site-packages/airflow/example_dags/example_branch_operator.py took 0.034 seconds
[2026-02-24T05:25:26.237+0530] {processor.py:161} INFO - Started process (PID=46850) to work on /Users/aswin/Documents/data-engineering-practice/ETL_Airflow_DBT/airflow/airflow_env/lib/python3.11/site-packages/airflow/example_dags/example_branch_operator.py
[2026-02-24T05:25:26.237+0530] {processor.py:830} INFO - Processing file /Users/aswin/Documents/data-engineering-practice/ETL_Airflow_DBT/airflow/airflow_env/lib/python3.11/site-packages/airflow/example_dags/example_branch_operator.py for tasks to queue
[2026-02-24T05:25:26.237+0530] {logging_mixin.py:188} INFO - [2026-02-24T05:25:26.237+0530] {dagbag.py:540} INFO - Filling up the DagBag from /Users/aswin/Documents/data-engineering-practice/ETL_Airflow_DBT/airflow/airflow_env/lib/python3.11/site-packages/airflow/example_dags/example_branch_operator.py
[2026-02-24T05:25:26.245+0530] {processor.py:842} WARNING - No viable dags retrieved from /Users/aswin/Documents/data-engineering-practice/ETL_Airflow_DBT/airflow/airflow_env/lib/python3.11/site-packages/airflow/example_dags/example_branch_operator.py
[2026-02-24T05:25:26.269+0530] {processor.py:183} INFO - Processing /Users/aswin/Documents/data-engineering-practice/ETL_Airflow_DBT/airflow/airflow_env/lib/python3.11/site-packages/airflow/example_dags/example_branch_operator.py took 0.033 seconds
[2026-02-24T05:26:59.566+0530] {processor.py:161} INFO - Started process (PID=46922) to work on /Users/aswin/Documents/data-engineering-practice/ETL_Airflow_DBT/airflow/airflow_env/lib/python3.11/site-packages/airflow/example_dags/example_branch_operator.py
[2026-02-24T05:26:59.567+0530] {processor.py:830} INFO - Processing file /Users/aswin/Documents/data-engineering-practice/ETL_Airflow_DBT/airflow/airflow_env/lib/python3.11/site-packages/airflow/example_dags/example_branch_operator.py for tasks to queue
[2026-02-24T05:26:59.568+0530] {logging_mixin.py:188} INFO - [2026-02-24T05:26:59.568+0530] {dagbag.py:540} INFO - Filling up the DagBag from /Users/aswin/Documents/data-engineering-practice/ETL_Airflow_DBT/airflow/airflow_env/lib/python3.11/site-packages/airflow/example_dags/example_branch_operator.py
[2026-02-24T05:26:59.576+0530] {processor.py:842} WARNING - No viable dags retrieved from /Users/aswin/Documents/data-engineering-practice/ETL_Airflow_DBT/airflow/airflow_env/lib/python3.11/site-packages/airflow/example_dags/example_branch_operator.py
[2026-02-24T05:26:59.600+0530] {processor.py:183} INFO - Processing /Users/aswin/Documents/data-engineering-practice/ETL_Airflow_DBT/airflow/airflow_env/lib/python3.11/site-packages/airflow/example_dags/example_branch_operator.py took 0.034 seconds
[2026-02-24T05:28:27.538+0530] {processor.py:161} INFO - Started process (PID=46995) to work on /Users/aswin/Documents/data-engineering-practice/ETL_Airflow_DBT/airflow/airflow_env/lib/python3.11/site-packages/airflow/example_dags/example_branch_operator.py
[2026-02-24T05:28:27.539+0530] {processor.py:830} INFO - Processing file /Users/aswin/Documents/data-engineering-practice/ETL_Airflow_DBT/airflow/airflow_env/lib/python3.11/site-packages/airflow/example_dags/example_branch_operator.py for tasks to queue
[2026-02-24T05:28:27.539+0530] {logging_mixin.py:188} INFO - [2026-02-24T05:28:27.539+0530] {dagbag.py:540} INFO - Filling up the DagBag from /Users/aswin/Documents/data-engineering-practice/ETL_Airflow_DBT/airflow/airflow_env/lib/python3.11/site-packages/airflow/example_dags/example_branch_operator.py
[2026-02-24T05:28:27.547+0530] {processor.py:842} WARNING - No viable dags retrieved from /Users/aswin/Documents/data-engineering-practice/ETL_Airflow_DBT/airflow/airflow_env/lib/python3.11/site-packages/airflow/example_dags/example_branch_operator.py
[2026-02-24T05:28:27.571+0530] {processor.py:183} INFO - Processing /Users/aswin/Documents/data-engineering-practice/ETL_Airflow_DBT/airflow/airflow_env/lib/python3.11/site-packages/airflow/example_dags/example_branch_operator.py took 0.034 seconds
[2026-02-24T05:29:56.303+0530] {processor.py:161} INFO - Started process (PID=47060) to work on /Users/aswin/Documents/data-engineering-practice/ETL_Airflow_DBT/airflow/airflow_env/lib/python3.11/site-packages/airflow/example_dags/example_branch_operator.py
[2026-02-24T05:29:56.304+0530] {processor.py:830} INFO - Processing file /Users/aswin/Documents/data-engineering-practice/ETL_Airflow_DBT/airflow/airflow_env/lib/python3.11/site-packages/airflow/example_dags/example_branch_operator.py for tasks to queue
[2026-02-24T05:29:56.305+0530] {logging_mixin.py:188} INFO - [2026-02-24T05:29:56.304+0530] {dagbag.py:540} INFO - Filling up the DagBag from /Users/aswin/Documents/data-engineering-practice/ETL_Airflow_DBT/airflow/airflow_env/lib/python3.11/site-packages/airflow/example_dags/example_branch_operator.py
[2026-02-24T05:29:56.312+0530] {processor.py:842} WARNING - No viable dags retrieved from /Users/aswin/Documents/data-engineering-practice/ETL_Airflow_DBT/airflow/airflow_env/lib/python3.11/site-packages/airflow/example_dags/example_branch_operator.py
[2026-02-24T05:29:56.336+0530] {processor.py:183} INFO - Processing /Users/aswin/Documents/data-engineering-practice/ETL_Airflow_DBT/airflow/airflow_env/lib/python3.11/site-packages/airflow/example_dags/example_branch_operator.py took 0.034 seconds
