[2026-02-24T04:39:13.268+0530] {processor.py:161} INFO - Started process (PID=42435) to work on /Users/aswin/Documents/data-engineering-practice/ETL_Airflow_DBT/airflow/airflow_env/lib/python3.11/site-packages/airflow/example_dags/example_python_decorator.py
[2026-02-24T04:39:13.268+0530] {processor.py:830} INFO - Processing file /Users/aswin/Documents/data-engineering-practice/ETL_Airflow_DBT/airflow/airflow_env/lib/python3.11/site-packages/airflow/example_dags/example_python_decorator.py for tasks to queue
[2026-02-24T04:39:13.269+0530] {logging_mixin.py:188} INFO - [2026-02-24T04:39:13.269+0530] {dagbag.py:540} INFO - Filling up the DagBag from /Users/aswin/Documents/data-engineering-practice/ETL_Airflow_DBT/airflow/airflow_env/lib/python3.11/site-packages/airflow/example_dags/example_python_decorator.py
[2026-02-24T04:39:13.283+0530] {logging_mixin.py:188} INFO - [2026-02-24T04:39:13.283+0530] {example_python_decorator.py:80} WARNING - The virtalenv_python example task requires virtualenv, please install it.
[2026-02-24T04:39:13.284+0530] {processor.py:840} INFO - DAG(s) 'example_python_decorator' retrieved from /Users/aswin/Documents/data-engineering-practice/ETL_Airflow_DBT/airflow/airflow_env/lib/python3.11/site-packages/airflow/example_dags/example_python_decorator.py
[2026-02-24T04:39:13.341+0530] {logging_mixin.py:188} INFO - [2026-02-24T04:39:13.340+0530] {override.py:1829} INFO - Created Permission View: can delete on DAG:example_python_decorator
[2026-02-24T04:39:13.343+0530] {logging_mixin.py:188} INFO - [2026-02-24T04:39:13.343+0530] {override.py:1829} INFO - Created Permission View: can edit on DAG:example_python_decorator
[2026-02-24T04:39:13.345+0530] {logging_mixin.py:188} INFO - [2026-02-24T04:39:13.345+0530] {override.py:1829} INFO - Created Permission View: can read on DAG:example_python_decorator
[2026-02-24T04:39:13.345+0530] {logging_mixin.py:188} INFO - [2026-02-24T04:39:13.345+0530] {dag.py:3096} INFO - Sync 1 DAGs
[2026-02-24T04:39:13.348+0530] {logging_mixin.py:188} INFO - [2026-02-24T04:39:13.348+0530] {dag.py:3118} INFO - Creating ORM DAG for example_python_decorator
[2026-02-24T04:39:13.348+0530] {logging_mixin.py:188} INFO - [2026-02-24T04:39:13.348+0530] {dag.py:3954} INFO - Setting next_dagrun for example_python_decorator to None, run_after=None
[2026-02-24T04:39:13.376+0530] {processor.py:183} INFO - Processing /Users/aswin/Documents/data-engineering-practice/ETL_Airflow_DBT/airflow/airflow_env/lib/python3.11/site-packages/airflow/example_dags/example_python_decorator.py took 0.109 seconds
[2026-02-24T04:40:32.663+0530] {processor.py:161} INFO - Started process (PID=42508) to work on /Users/aswin/Documents/data-engineering-practice/ETL_Airflow_DBT/airflow/airflow_env/lib/python3.11/site-packages/airflow/example_dags/example_python_decorator.py
[2026-02-24T04:40:32.664+0530] {processor.py:830} INFO - Processing file /Users/aswin/Documents/data-engineering-practice/ETL_Airflow_DBT/airflow/airflow_env/lib/python3.11/site-packages/airflow/example_dags/example_python_decorator.py for tasks to queue
[2026-02-24T04:40:32.664+0530] {logging_mixin.py:188} INFO - [2026-02-24T04:40:32.664+0530] {dagbag.py:540} INFO - Filling up the DagBag from /Users/aswin/Documents/data-engineering-practice/ETL_Airflow_DBT/airflow/airflow_env/lib/python3.11/site-packages/airflow/example_dags/example_python_decorator.py
[2026-02-24T04:40:32.677+0530] {logging_mixin.py:188} INFO - [2026-02-24T04:40:32.677+0530] {example_python_decorator.py:80} WARNING - The virtalenv_python example task requires virtualenv, please install it.
[2026-02-24T04:40:32.678+0530] {processor.py:840} INFO - DAG(s) 'example_python_decorator' retrieved from /Users/aswin/Documents/data-engineering-practice/ETL_Airflow_DBT/airflow/airflow_env/lib/python3.11/site-packages/airflow/example_dags/example_python_decorator.py
[2026-02-24T04:40:32.707+0530] {logging_mixin.py:188} INFO - [2026-02-24T04:40:32.707+0530] {dag.py:3096} INFO - Sync 1 DAGs
[2026-02-24T04:40:32.710+0530] {logging_mixin.py:188} INFO - [2026-02-24T04:40:32.710+0530] {dag.py:3954} INFO - Setting next_dagrun for example_python_decorator to None, run_after=None
[2026-02-24T04:40:32.716+0530] {processor.py:183} INFO - Processing /Users/aswin/Documents/data-engineering-practice/ETL_Airflow_DBT/airflow/airflow_env/lib/python3.11/site-packages/airflow/example_dags/example_python_decorator.py took 0.054 seconds
[2026-02-24T04:42:07.522+0530] {processor.py:161} INFO - Started process (PID=42614) to work on /Users/aswin/Documents/data-engineering-practice/ETL_Airflow_DBT/airflow/airflow_env/lib/python3.11/site-packages/airflow/example_dags/example_python_decorator.py
[2026-02-24T04:42:07.523+0530] {processor.py:830} INFO - Processing file /Users/aswin/Documents/data-engineering-practice/ETL_Airflow_DBT/airflow/airflow_env/lib/python3.11/site-packages/airflow/example_dags/example_python_decorator.py for tasks to queue
[2026-02-24T04:42:07.523+0530] {logging_mixin.py:188} INFO - [2026-02-24T04:42:07.523+0530] {dagbag.py:540} INFO - Filling up the DagBag from /Users/aswin/Documents/data-engineering-practice/ETL_Airflow_DBT/airflow/airflow_env/lib/python3.11/site-packages/airflow/example_dags/example_python_decorator.py
[2026-02-24T04:42:07.536+0530] {logging_mixin.py:188} INFO - [2026-02-24T04:42:07.536+0530] {example_python_decorator.py:80} WARNING - The virtalenv_python example task requires virtualenv, please install it.
[2026-02-24T04:42:07.537+0530] {processor.py:840} INFO - DAG(s) 'example_python_decorator' retrieved from /Users/aswin/Documents/data-engineering-practice/ETL_Airflow_DBT/airflow/airflow_env/lib/python3.11/site-packages/airflow/example_dags/example_python_decorator.py
[2026-02-24T04:42:07.566+0530] {logging_mixin.py:188} INFO - [2026-02-24T04:42:07.566+0530] {dag.py:3096} INFO - Sync 1 DAGs
[2026-02-24T04:42:07.569+0530] {logging_mixin.py:188} INFO - [2026-02-24T04:42:07.569+0530] {dag.py:3954} INFO - Setting next_dagrun for example_python_decorator to None, run_after=None
[2026-02-24T04:42:07.575+0530] {processor.py:183} INFO - Processing /Users/aswin/Documents/data-engineering-practice/ETL_Airflow_DBT/airflow/airflow_env/lib/python3.11/site-packages/airflow/example_dags/example_python_decorator.py took 0.054 seconds
[2026-02-24T04:43:41.832+0530] {processor.py:161} INFO - Started process (PID=42712) to work on /Users/aswin/Documents/data-engineering-practice/ETL_Airflow_DBT/airflow/airflow_env/lib/python3.11/site-packages/airflow/example_dags/example_python_decorator.py
[2026-02-24T04:43:41.833+0530] {processor.py:830} INFO - Processing file /Users/aswin/Documents/data-engineering-practice/ETL_Airflow_DBT/airflow/airflow_env/lib/python3.11/site-packages/airflow/example_dags/example_python_decorator.py for tasks to queue
[2026-02-24T04:43:41.833+0530] {logging_mixin.py:188} INFO - [2026-02-24T04:43:41.833+0530] {dagbag.py:540} INFO - Filling up the DagBag from /Users/aswin/Documents/data-engineering-practice/ETL_Airflow_DBT/airflow/airflow_env/lib/python3.11/site-packages/airflow/example_dags/example_python_decorator.py
[2026-02-24T04:43:41.847+0530] {logging_mixin.py:188} INFO - [2026-02-24T04:43:41.847+0530] {example_python_decorator.py:80} WARNING - The virtalenv_python example task requires virtualenv, please install it.
[2026-02-24T04:43:41.848+0530] {processor.py:840} INFO - DAG(s) 'example_python_decorator' retrieved from /Users/aswin/Documents/data-engineering-practice/ETL_Airflow_DBT/airflow/airflow_env/lib/python3.11/site-packages/airflow/example_dags/example_python_decorator.py
[2026-02-24T04:43:41.877+0530] {logging_mixin.py:188} INFO - [2026-02-24T04:43:41.877+0530] {dag.py:3096} INFO - Sync 1 DAGs
[2026-02-24T04:43:41.880+0530] {logging_mixin.py:188} INFO - [2026-02-24T04:43:41.880+0530] {dag.py:3954} INFO - Setting next_dagrun for example_python_decorator to None, run_after=None
[2026-02-24T04:43:41.886+0530] {processor.py:183} INFO - Processing /Users/aswin/Documents/data-engineering-practice/ETL_Airflow_DBT/airflow/airflow_env/lib/python3.11/site-packages/airflow/example_dags/example_python_decorator.py took 0.055 seconds
[2026-02-24T04:45:08.486+0530] {processor.py:161} INFO - Started process (PID=42786) to work on /Users/aswin/Documents/data-engineering-practice/ETL_Airflow_DBT/airflow/airflow_env/lib/python3.11/site-packages/airflow/example_dags/example_python_decorator.py
[2026-02-24T04:45:08.487+0530] {processor.py:830} INFO - Processing file /Users/aswin/Documents/data-engineering-practice/ETL_Airflow_DBT/airflow/airflow_env/lib/python3.11/site-packages/airflow/example_dags/example_python_decorator.py for tasks to queue
[2026-02-24T04:45:08.487+0530] {logging_mixin.py:188} INFO - [2026-02-24T04:45:08.487+0530] {dagbag.py:540} INFO - Filling up the DagBag from /Users/aswin/Documents/data-engineering-practice/ETL_Airflow_DBT/airflow/airflow_env/lib/python3.11/site-packages/airflow/example_dags/example_python_decorator.py
[2026-02-24T04:45:08.500+0530] {logging_mixin.py:188} INFO - [2026-02-24T04:45:08.500+0530] {example_python_decorator.py:80} WARNING - The virtalenv_python example task requires virtualenv, please install it.
[2026-02-24T04:45:08.501+0530] {processor.py:840} INFO - DAG(s) 'example_python_decorator' retrieved from /Users/aswin/Documents/data-engineering-practice/ETL_Airflow_DBT/airflow/airflow_env/lib/python3.11/site-packages/airflow/example_dags/example_python_decorator.py
[2026-02-24T04:45:08.530+0530] {logging_mixin.py:188} INFO - [2026-02-24T04:45:08.530+0530] {dag.py:3096} INFO - Sync 1 DAGs
[2026-02-24T04:45:08.533+0530] {logging_mixin.py:188} INFO - [2026-02-24T04:45:08.533+0530] {dag.py:3954} INFO - Setting next_dagrun for example_python_decorator to None, run_after=None
[2026-02-24T04:45:08.538+0530] {processor.py:183} INFO - Processing /Users/aswin/Documents/data-engineering-practice/ETL_Airflow_DBT/airflow/airflow_env/lib/python3.11/site-packages/airflow/example_dags/example_python_decorator.py took 0.053 seconds
[2026-02-24T04:46:35.657+0530] {processor.py:161} INFO - Started process (PID=42855) to work on /Users/aswin/Documents/data-engineering-practice/ETL_Airflow_DBT/airflow/airflow_env/lib/python3.11/site-packages/airflow/example_dags/example_python_decorator.py
[2026-02-24T04:46:35.658+0530] {processor.py:830} INFO - Processing file /Users/aswin/Documents/data-engineering-practice/ETL_Airflow_DBT/airflow/airflow_env/lib/python3.11/site-packages/airflow/example_dags/example_python_decorator.py for tasks to queue
[2026-02-24T04:46:35.658+0530] {logging_mixin.py:188} INFO - [2026-02-24T04:46:35.658+0530] {dagbag.py:540} INFO - Filling up the DagBag from /Users/aswin/Documents/data-engineering-practice/ETL_Airflow_DBT/airflow/airflow_env/lib/python3.11/site-packages/airflow/example_dags/example_python_decorator.py
[2026-02-24T04:46:35.671+0530] {logging_mixin.py:188} INFO - [2026-02-24T04:46:35.671+0530] {example_python_decorator.py:80} WARNING - The virtalenv_python example task requires virtualenv, please install it.
[2026-02-24T04:46:35.672+0530] {processor.py:840} INFO - DAG(s) 'example_python_decorator' retrieved from /Users/aswin/Documents/data-engineering-practice/ETL_Airflow_DBT/airflow/airflow_env/lib/python3.11/site-packages/airflow/example_dags/example_python_decorator.py
[2026-02-24T04:46:35.701+0530] {logging_mixin.py:188} INFO - [2026-02-24T04:46:35.700+0530] {dag.py:3096} INFO - Sync 1 DAGs
[2026-02-24T04:46:35.703+0530] {logging_mixin.py:188} INFO - [2026-02-24T04:46:35.703+0530] {dag.py:3954} INFO - Setting next_dagrun for example_python_decorator to None, run_after=None
[2026-02-24T04:46:35.709+0530] {processor.py:183} INFO - Processing /Users/aswin/Documents/data-engineering-practice/ETL_Airflow_DBT/airflow/airflow_env/lib/python3.11/site-packages/airflow/example_dags/example_python_decorator.py took 0.053 seconds
[2026-02-24T04:48:05.531+0530] {processor.py:161} INFO - Started process (PID=42923) to work on /Users/aswin/Documents/data-engineering-practice/ETL_Airflow_DBT/airflow/airflow_env/lib/python3.11/site-packages/airflow/example_dags/example_python_decorator.py
[2026-02-24T04:48:05.532+0530] {processor.py:830} INFO - Processing file /Users/aswin/Documents/data-engineering-practice/ETL_Airflow_DBT/airflow/airflow_env/lib/python3.11/site-packages/airflow/example_dags/example_python_decorator.py for tasks to queue
[2026-02-24T04:48:05.532+0530] {logging_mixin.py:188} INFO - [2026-02-24T04:48:05.532+0530] {dagbag.py:540} INFO - Filling up the DagBag from /Users/aswin/Documents/data-engineering-practice/ETL_Airflow_DBT/airflow/airflow_env/lib/python3.11/site-packages/airflow/example_dags/example_python_decorator.py
[2026-02-24T04:48:05.546+0530] {logging_mixin.py:188} INFO - [2026-02-24T04:48:05.546+0530] {example_python_decorator.py:80} WARNING - The virtalenv_python example task requires virtualenv, please install it.
[2026-02-24T04:48:05.547+0530] {processor.py:840} INFO - DAG(s) 'example_python_decorator' retrieved from /Users/aswin/Documents/data-engineering-practice/ETL_Airflow_DBT/airflow/airflow_env/lib/python3.11/site-packages/airflow/example_dags/example_python_decorator.py
[2026-02-24T04:48:05.576+0530] {logging_mixin.py:188} INFO - [2026-02-24T04:48:05.576+0530] {dag.py:3096} INFO - Sync 1 DAGs
[2026-02-24T04:48:05.579+0530] {logging_mixin.py:188} INFO - [2026-02-24T04:48:05.579+0530] {dag.py:3954} INFO - Setting next_dagrun for example_python_decorator to None, run_after=None
[2026-02-24T04:48:05.585+0530] {processor.py:183} INFO - Processing /Users/aswin/Documents/data-engineering-practice/ETL_Airflow_DBT/airflow/airflow_env/lib/python3.11/site-packages/airflow/example_dags/example_python_decorator.py took 0.055 seconds
[2026-02-24T04:49:46.477+0530] {processor.py:161} INFO - Started process (PID=42998) to work on /Users/aswin/Documents/data-engineering-practice/ETL_Airflow_DBT/airflow/airflow_env/lib/python3.11/site-packages/airflow/example_dags/example_python_decorator.py
[2026-02-24T04:49:46.478+0530] {processor.py:830} INFO - Processing file /Users/aswin/Documents/data-engineering-practice/ETL_Airflow_DBT/airflow/airflow_env/lib/python3.11/site-packages/airflow/example_dags/example_python_decorator.py for tasks to queue
[2026-02-24T04:49:46.478+0530] {logging_mixin.py:188} INFO - [2026-02-24T04:49:46.478+0530] {dagbag.py:540} INFO - Filling up the DagBag from /Users/aswin/Documents/data-engineering-practice/ETL_Airflow_DBT/airflow/airflow_env/lib/python3.11/site-packages/airflow/example_dags/example_python_decorator.py
[2026-02-24T04:49:46.493+0530] {logging_mixin.py:188} INFO - [2026-02-24T04:49:46.493+0530] {example_python_decorator.py:80} WARNING - The virtalenv_python example task requires virtualenv, please install it.
[2026-02-24T04:49:46.493+0530] {processor.py:840} INFO - DAG(s) 'example_python_decorator' retrieved from /Users/aswin/Documents/data-engineering-practice/ETL_Airflow_DBT/airflow/airflow_env/lib/python3.11/site-packages/airflow/example_dags/example_python_decorator.py
[2026-02-24T04:49:46.530+0530] {logging_mixin.py:188} INFO - [2026-02-24T04:49:46.530+0530] {dag.py:3096} INFO - Sync 1 DAGs
[2026-02-24T04:49:46.534+0530] {logging_mixin.py:188} INFO - [2026-02-24T04:49:46.534+0530] {dag.py:3954} INFO - Setting next_dagrun for example_python_decorator to None, run_after=None
[2026-02-24T04:49:46.540+0530] {processor.py:183} INFO - Processing /Users/aswin/Documents/data-engineering-practice/ETL_Airflow_DBT/airflow/airflow_env/lib/python3.11/site-packages/airflow/example_dags/example_python_decorator.py took 0.064 seconds
[2026-02-24T04:51:25.230+0530] {processor.py:161} INFO - Started process (PID=43072) to work on /Users/aswin/Documents/data-engineering-practice/ETL_Airflow_DBT/airflow/airflow_env/lib/python3.11/site-packages/airflow/example_dags/example_python_decorator.py
[2026-02-24T04:51:25.231+0530] {processor.py:830} INFO - Processing file /Users/aswin/Documents/data-engineering-practice/ETL_Airflow_DBT/airflow/airflow_env/lib/python3.11/site-packages/airflow/example_dags/example_python_decorator.py for tasks to queue
[2026-02-24T04:51:25.231+0530] {logging_mixin.py:188} INFO - [2026-02-24T04:51:25.231+0530] {dagbag.py:540} INFO - Filling up the DagBag from /Users/aswin/Documents/data-engineering-practice/ETL_Airflow_DBT/airflow/airflow_env/lib/python3.11/site-packages/airflow/example_dags/example_python_decorator.py
[2026-02-24T04:51:25.247+0530] {logging_mixin.py:188} INFO - [2026-02-24T04:51:25.246+0530] {example_python_decorator.py:80} WARNING - The virtalenv_python example task requires virtualenv, please install it.
[2026-02-24T04:51:25.247+0530] {processor.py:840} INFO - DAG(s) 'example_python_decorator' retrieved from /Users/aswin/Documents/data-engineering-practice/ETL_Airflow_DBT/airflow/airflow_env/lib/python3.11/site-packages/airflow/example_dags/example_python_decorator.py
[2026-02-24T04:51:25.278+0530] {logging_mixin.py:188} INFO - [2026-02-24T04:51:25.278+0530] {dag.py:3096} INFO - Sync 1 DAGs
[2026-02-24T04:51:25.281+0530] {logging_mixin.py:188} INFO - [2026-02-24T04:51:25.281+0530] {dag.py:3954} INFO - Setting next_dagrun for example_python_decorator to None, run_after=None
[2026-02-24T04:51:25.287+0530] {processor.py:183} INFO - Processing /Users/aswin/Documents/data-engineering-practice/ETL_Airflow_DBT/airflow/airflow_env/lib/python3.11/site-packages/airflow/example_dags/example_python_decorator.py took 0.058 seconds
[2026-02-24T04:52:58.233+0530] {processor.py:161} INFO - Started process (PID=43142) to work on /Users/aswin/Documents/data-engineering-practice/ETL_Airflow_DBT/airflow/airflow_env/lib/python3.11/site-packages/airflow/example_dags/example_python_decorator.py
[2026-02-24T04:52:58.234+0530] {processor.py:830} INFO - Processing file /Users/aswin/Documents/data-engineering-practice/ETL_Airflow_DBT/airflow/airflow_env/lib/python3.11/site-packages/airflow/example_dags/example_python_decorator.py for tasks to queue
[2026-02-24T04:52:58.234+0530] {logging_mixin.py:188} INFO - [2026-02-24T04:52:58.234+0530] {dagbag.py:540} INFO - Filling up the DagBag from /Users/aswin/Documents/data-engineering-practice/ETL_Airflow_DBT/airflow/airflow_env/lib/python3.11/site-packages/airflow/example_dags/example_python_decorator.py
[2026-02-24T04:52:58.247+0530] {logging_mixin.py:188} INFO - [2026-02-24T04:52:58.247+0530] {example_python_decorator.py:80} WARNING - The virtalenv_python example task requires virtualenv, please install it.
[2026-02-24T04:52:58.248+0530] {processor.py:840} INFO - DAG(s) 'example_python_decorator' retrieved from /Users/aswin/Documents/data-engineering-practice/ETL_Airflow_DBT/airflow/airflow_env/lib/python3.11/site-packages/airflow/example_dags/example_python_decorator.py
[2026-02-24T04:52:58.277+0530] {logging_mixin.py:188} INFO - [2026-02-24T04:52:58.277+0530] {dag.py:3096} INFO - Sync 1 DAGs
[2026-02-24T04:52:58.280+0530] {logging_mixin.py:188} INFO - [2026-02-24T04:52:58.279+0530] {dag.py:3954} INFO - Setting next_dagrun for example_python_decorator to None, run_after=None
[2026-02-24T04:52:58.285+0530] {processor.py:183} INFO - Processing /Users/aswin/Documents/data-engineering-practice/ETL_Airflow_DBT/airflow/airflow_env/lib/python3.11/site-packages/airflow/example_dags/example_python_decorator.py took 0.054 seconds
[2026-02-24T04:54:25.772+0530] {processor.py:161} INFO - Started process (PID=43207) to work on /Users/aswin/Documents/data-engineering-practice/ETL_Airflow_DBT/airflow/airflow_env/lib/python3.11/site-packages/airflow/example_dags/example_python_decorator.py
[2026-02-24T04:54:25.773+0530] {processor.py:830} INFO - Processing file /Users/aswin/Documents/data-engineering-practice/ETL_Airflow_DBT/airflow/airflow_env/lib/python3.11/site-packages/airflow/example_dags/example_python_decorator.py for tasks to queue
[2026-02-24T04:54:25.773+0530] {logging_mixin.py:188} INFO - [2026-02-24T04:54:25.773+0530] {dagbag.py:540} INFO - Filling up the DagBag from /Users/aswin/Documents/data-engineering-practice/ETL_Airflow_DBT/airflow/airflow_env/lib/python3.11/site-packages/airflow/example_dags/example_python_decorator.py
[2026-02-24T04:54:25.787+0530] {logging_mixin.py:188} INFO - [2026-02-24T04:54:25.787+0530] {example_python_decorator.py:80} WARNING - The virtalenv_python example task requires virtualenv, please install it.
[2026-02-24T04:54:25.787+0530] {processor.py:840} INFO - DAG(s) 'example_python_decorator' retrieved from /Users/aswin/Documents/data-engineering-practice/ETL_Airflow_DBT/airflow/airflow_env/lib/python3.11/site-packages/airflow/example_dags/example_python_decorator.py
[2026-02-24T04:54:25.817+0530] {logging_mixin.py:188} INFO - [2026-02-24T04:54:25.816+0530] {dag.py:3096} INFO - Sync 1 DAGs
[2026-02-24T04:54:25.819+0530] {logging_mixin.py:188} INFO - [2026-02-24T04:54:25.819+0530] {dag.py:3954} INFO - Setting next_dagrun for example_python_decorator to None, run_after=None
[2026-02-24T04:54:25.825+0530] {processor.py:183} INFO - Processing /Users/aswin/Documents/data-engineering-practice/ETL_Airflow_DBT/airflow/airflow_env/lib/python3.11/site-packages/airflow/example_dags/example_python_decorator.py took 0.054 seconds
[2026-02-24T04:55:55.231+0530] {processor.py:161} INFO - Started process (PID=43292) to work on /Users/aswin/Documents/data-engineering-practice/ETL_Airflow_DBT/airflow/airflow_env/lib/python3.11/site-packages/airflow/example_dags/example_python_decorator.py
[2026-02-24T04:55:55.232+0530] {processor.py:830} INFO - Processing file /Users/aswin/Documents/data-engineering-practice/ETL_Airflow_DBT/airflow/airflow_env/lib/python3.11/site-packages/airflow/example_dags/example_python_decorator.py for tasks to queue
[2026-02-24T04:55:55.232+0530] {logging_mixin.py:188} INFO - [2026-02-24T04:55:55.232+0530] {dagbag.py:540} INFO - Filling up the DagBag from /Users/aswin/Documents/data-engineering-practice/ETL_Airflow_DBT/airflow/airflow_env/lib/python3.11/site-packages/airflow/example_dags/example_python_decorator.py
[2026-02-24T04:55:55.246+0530] {logging_mixin.py:188} INFO - [2026-02-24T04:55:55.246+0530] {example_python_decorator.py:80} WARNING - The virtalenv_python example task requires virtualenv, please install it.
[2026-02-24T04:55:55.246+0530] {processor.py:840} INFO - DAG(s) 'example_python_decorator' retrieved from /Users/aswin/Documents/data-engineering-practice/ETL_Airflow_DBT/airflow/airflow_env/lib/python3.11/site-packages/airflow/example_dags/example_python_decorator.py
[2026-02-24T04:55:55.275+0530] {logging_mixin.py:188} INFO - [2026-02-24T04:55:55.275+0530] {dag.py:3096} INFO - Sync 1 DAGs
[2026-02-24T04:55:55.278+0530] {logging_mixin.py:188} INFO - [2026-02-24T04:55:55.278+0530] {dag.py:3954} INFO - Setting next_dagrun for example_python_decorator to None, run_after=None
[2026-02-24T04:55:55.284+0530] {processor.py:183} INFO - Processing /Users/aswin/Documents/data-engineering-practice/ETL_Airflow_DBT/airflow/airflow_env/lib/python3.11/site-packages/airflow/example_dags/example_python_decorator.py took 0.054 seconds
[2026-02-24T04:57:26.376+0530] {processor.py:161} INFO - Started process (PID=43358) to work on /Users/aswin/Documents/data-engineering-practice/ETL_Airflow_DBT/airflow/airflow_env/lib/python3.11/site-packages/airflow/example_dags/example_python_decorator.py
[2026-02-24T04:57:26.377+0530] {processor.py:830} INFO - Processing file /Users/aswin/Documents/data-engineering-practice/ETL_Airflow_DBT/airflow/airflow_env/lib/python3.11/site-packages/airflow/example_dags/example_python_decorator.py for tasks to queue
[2026-02-24T04:57:26.378+0530] {logging_mixin.py:188} INFO - [2026-02-24T04:57:26.378+0530] {dagbag.py:540} INFO - Filling up the DagBag from /Users/aswin/Documents/data-engineering-practice/ETL_Airflow_DBT/airflow/airflow_env/lib/python3.11/site-packages/airflow/example_dags/example_python_decorator.py
[2026-02-24T04:57:26.393+0530] {logging_mixin.py:188} INFO - [2026-02-24T04:57:26.392+0530] {example_python_decorator.py:80} WARNING - The virtalenv_python example task requires virtualenv, please install it.
[2026-02-24T04:57:26.393+0530] {processor.py:840} INFO - DAG(s) 'example_python_decorator' retrieved from /Users/aswin/Documents/data-engineering-practice/ETL_Airflow_DBT/airflow/airflow_env/lib/python3.11/site-packages/airflow/example_dags/example_python_decorator.py
[2026-02-24T04:57:26.425+0530] {logging_mixin.py:188} INFO - [2026-02-24T04:57:26.424+0530] {dag.py:3096} INFO - Sync 1 DAGs
[2026-02-24T04:57:26.428+0530] {logging_mixin.py:188} INFO - [2026-02-24T04:57:26.428+0530] {dag.py:3954} INFO - Setting next_dagrun for example_python_decorator to None, run_after=None
[2026-02-24T04:57:26.434+0530] {processor.py:183} INFO - Processing /Users/aswin/Documents/data-engineering-practice/ETL_Airflow_DBT/airflow/airflow_env/lib/python3.11/site-packages/airflow/example_dags/example_python_decorator.py took 0.059 seconds
[2026-02-24T04:58:57.778+0530] {processor.py:161} INFO - Started process (PID=43428) to work on /Users/aswin/Documents/data-engineering-practice/ETL_Airflow_DBT/airflow/airflow_env/lib/python3.11/site-packages/airflow/example_dags/example_python_decorator.py
[2026-02-24T04:58:57.779+0530] {processor.py:830} INFO - Processing file /Users/aswin/Documents/data-engineering-practice/ETL_Airflow_DBT/airflow/airflow_env/lib/python3.11/site-packages/airflow/example_dags/example_python_decorator.py for tasks to queue
[2026-02-24T04:58:57.779+0530] {logging_mixin.py:188} INFO - [2026-02-24T04:58:57.779+0530] {dagbag.py:540} INFO - Filling up the DagBag from /Users/aswin/Documents/data-engineering-practice/ETL_Airflow_DBT/airflow/airflow_env/lib/python3.11/site-packages/airflow/example_dags/example_python_decorator.py
[2026-02-24T04:58:57.792+0530] {logging_mixin.py:188} INFO - [2026-02-24T04:58:57.792+0530] {example_python_decorator.py:80} WARNING - The virtalenv_python example task requires virtualenv, please install it.
[2026-02-24T04:58:57.793+0530] {processor.py:840} INFO - DAG(s) 'example_python_decorator' retrieved from /Users/aswin/Documents/data-engineering-practice/ETL_Airflow_DBT/airflow/airflow_env/lib/python3.11/site-packages/airflow/example_dags/example_python_decorator.py
[2026-02-24T04:58:57.821+0530] {logging_mixin.py:188} INFO - [2026-02-24T04:58:57.821+0530] {dag.py:3096} INFO - Sync 1 DAGs
[2026-02-24T04:58:57.824+0530] {logging_mixin.py:188} INFO - [2026-02-24T04:58:57.824+0530] {dag.py:3954} INFO - Setting next_dagrun for example_python_decorator to None, run_after=None
[2026-02-24T04:58:57.830+0530] {processor.py:183} INFO - Processing /Users/aswin/Documents/data-engineering-practice/ETL_Airflow_DBT/airflow/airflow_env/lib/python3.11/site-packages/airflow/example_dags/example_python_decorator.py took 0.053 seconds
[2026-02-24T05:00:25.057+0530] {processor.py:161} INFO - Started process (PID=43498) to work on /Users/aswin/Documents/data-engineering-practice/ETL_Airflow_DBT/airflow/airflow_env/lib/python3.11/site-packages/airflow/example_dags/example_python_decorator.py
[2026-02-24T05:00:25.058+0530] {processor.py:830} INFO - Processing file /Users/aswin/Documents/data-engineering-practice/ETL_Airflow_DBT/airflow/airflow_env/lib/python3.11/site-packages/airflow/example_dags/example_python_decorator.py for tasks to queue
[2026-02-24T05:00:25.059+0530] {logging_mixin.py:188} INFO - [2026-02-24T05:00:25.058+0530] {dagbag.py:540} INFO - Filling up the DagBag from /Users/aswin/Documents/data-engineering-practice/ETL_Airflow_DBT/airflow/airflow_env/lib/python3.11/site-packages/airflow/example_dags/example_python_decorator.py
[2026-02-24T05:00:25.072+0530] {logging_mixin.py:188} INFO - [2026-02-24T05:00:25.072+0530] {example_python_decorator.py:80} WARNING - The virtalenv_python example task requires virtualenv, please install it.
[2026-02-24T05:00:25.073+0530] {processor.py:840} INFO - DAG(s) 'example_python_decorator' retrieved from /Users/aswin/Documents/data-engineering-practice/ETL_Airflow_DBT/airflow/airflow_env/lib/python3.11/site-packages/airflow/example_dags/example_python_decorator.py
[2026-02-24T05:00:25.102+0530] {logging_mixin.py:188} INFO - [2026-02-24T05:00:25.102+0530] {dag.py:3096} INFO - Sync 1 DAGs
[2026-02-24T05:00:25.105+0530] {logging_mixin.py:188} INFO - [2026-02-24T05:00:25.105+0530] {dag.py:3954} INFO - Setting next_dagrun for example_python_decorator to None, run_after=None
[2026-02-24T05:00:25.111+0530] {processor.py:183} INFO - Processing /Users/aswin/Documents/data-engineering-practice/ETL_Airflow_DBT/airflow/airflow_env/lib/python3.11/site-packages/airflow/example_dags/example_python_decorator.py took 0.055 seconds
[2026-02-24T05:01:57.165+0530] {processor.py:161} INFO - Started process (PID=43584) to work on /Users/aswin/Documents/data-engineering-practice/ETL_Airflow_DBT/airflow/airflow_env/lib/python3.11/site-packages/airflow/example_dags/example_python_decorator.py
[2026-02-24T05:01:57.166+0530] {processor.py:830} INFO - Processing file /Users/aswin/Documents/data-engineering-practice/ETL_Airflow_DBT/airflow/airflow_env/lib/python3.11/site-packages/airflow/example_dags/example_python_decorator.py for tasks to queue
[2026-02-24T05:01:57.166+0530] {logging_mixin.py:188} INFO - [2026-02-24T05:01:57.166+0530] {dagbag.py:540} INFO - Filling up the DagBag from /Users/aswin/Documents/data-engineering-practice/ETL_Airflow_DBT/airflow/airflow_env/lib/python3.11/site-packages/airflow/example_dags/example_python_decorator.py
[2026-02-24T05:01:57.179+0530] {logging_mixin.py:188} INFO - [2026-02-24T05:01:57.179+0530] {example_python_decorator.py:80} WARNING - The virtalenv_python example task requires virtualenv, please install it.
[2026-02-24T05:01:57.180+0530] {processor.py:840} INFO - DAG(s) 'example_python_decorator' retrieved from /Users/aswin/Documents/data-engineering-practice/ETL_Airflow_DBT/airflow/airflow_env/lib/python3.11/site-packages/airflow/example_dags/example_python_decorator.py
[2026-02-24T05:01:57.209+0530] {logging_mixin.py:188} INFO - [2026-02-24T05:01:57.209+0530] {dag.py:3096} INFO - Sync 1 DAGs
[2026-02-24T05:01:57.212+0530] {logging_mixin.py:188} INFO - [2026-02-24T05:01:57.212+0530] {dag.py:3954} INFO - Setting next_dagrun for example_python_decorator to None, run_after=None
[2026-02-24T05:01:57.217+0530] {processor.py:183} INFO - Processing /Users/aswin/Documents/data-engineering-practice/ETL_Airflow_DBT/airflow/airflow_env/lib/python3.11/site-packages/airflow/example_dags/example_python_decorator.py took 0.054 seconds
[2026-02-24T05:03:24.043+0530] {processor.py:161} INFO - Started process (PID=43706) to work on /Users/aswin/Documents/data-engineering-practice/ETL_Airflow_DBT/airflow/airflow_env/lib/python3.11/site-packages/airflow/example_dags/example_python_decorator.py
[2026-02-24T05:03:24.044+0530] {processor.py:830} INFO - Processing file /Users/aswin/Documents/data-engineering-practice/ETL_Airflow_DBT/airflow/airflow_env/lib/python3.11/site-packages/airflow/example_dags/example_python_decorator.py for tasks to queue
[2026-02-24T05:03:24.044+0530] {logging_mixin.py:188} INFO - [2026-02-24T05:03:24.044+0530] {dagbag.py:540} INFO - Filling up the DagBag from /Users/aswin/Documents/data-engineering-practice/ETL_Airflow_DBT/airflow/airflow_env/lib/python3.11/site-packages/airflow/example_dags/example_python_decorator.py
[2026-02-24T05:03:24.058+0530] {logging_mixin.py:188} INFO - [2026-02-24T05:03:24.058+0530] {example_python_decorator.py:80} WARNING - The virtalenv_python example task requires virtualenv, please install it.
[2026-02-24T05:03:24.058+0530] {processor.py:840} INFO - DAG(s) 'example_python_decorator' retrieved from /Users/aswin/Documents/data-engineering-practice/ETL_Airflow_DBT/airflow/airflow_env/lib/python3.11/site-packages/airflow/example_dags/example_python_decorator.py
[2026-02-24T05:03:24.088+0530] {logging_mixin.py:188} INFO - [2026-02-24T05:03:24.087+0530] {dag.py:3096} INFO - Sync 1 DAGs
[2026-02-24T05:03:24.090+0530] {logging_mixin.py:188} INFO - [2026-02-24T05:03:24.090+0530] {dag.py:3954} INFO - Setting next_dagrun for example_python_decorator to None, run_after=None
[2026-02-24T05:03:24.096+0530] {processor.py:183} INFO - Processing /Users/aswin/Documents/data-engineering-practice/ETL_Airflow_DBT/airflow/airflow_env/lib/python3.11/site-packages/airflow/example_dags/example_python_decorator.py took 0.054 seconds
[2026-02-24T05:04:58.247+0530] {processor.py:161} INFO - Started process (PID=44218) to work on /Users/aswin/Documents/data-engineering-practice/ETL_Airflow_DBT/airflow/airflow_env/lib/python3.11/site-packages/airflow/example_dags/example_python_decorator.py
[2026-02-24T05:04:58.248+0530] {processor.py:830} INFO - Processing file /Users/aswin/Documents/data-engineering-practice/ETL_Airflow_DBT/airflow/airflow_env/lib/python3.11/site-packages/airflow/example_dags/example_python_decorator.py for tasks to queue
[2026-02-24T05:04:58.248+0530] {logging_mixin.py:188} INFO - [2026-02-24T05:04:58.248+0530] {dagbag.py:540} INFO - Filling up the DagBag from /Users/aswin/Documents/data-engineering-practice/ETL_Airflow_DBT/airflow/airflow_env/lib/python3.11/site-packages/airflow/example_dags/example_python_decorator.py
[2026-02-24T05:04:58.262+0530] {logging_mixin.py:188} INFO - [2026-02-24T05:04:58.261+0530] {example_python_decorator.py:80} WARNING - The virtalenv_python example task requires virtualenv, please install it.
[2026-02-24T05:04:58.262+0530] {processor.py:840} INFO - DAG(s) 'example_python_decorator' retrieved from /Users/aswin/Documents/data-engineering-practice/ETL_Airflow_DBT/airflow/airflow_env/lib/python3.11/site-packages/airflow/example_dags/example_python_decorator.py
[2026-02-24T05:04:58.291+0530] {logging_mixin.py:188} INFO - [2026-02-24T05:04:58.291+0530] {dag.py:3096} INFO - Sync 1 DAGs
[2026-02-24T05:04:58.294+0530] {logging_mixin.py:188} INFO - [2026-02-24T05:04:58.293+0530] {dag.py:3954} INFO - Setting next_dagrun for example_python_decorator to None, run_after=None
[2026-02-24T05:04:58.299+0530] {processor.py:183} INFO - Processing /Users/aswin/Documents/data-engineering-practice/ETL_Airflow_DBT/airflow/airflow_env/lib/python3.11/site-packages/airflow/example_dags/example_python_decorator.py took 0.053 seconds
[2026-02-24T05:06:34.106+0530] {processor.py:161} INFO - Started process (PID=45005) to work on /Users/aswin/Documents/data-engineering-practice/ETL_Airflow_DBT/airflow/airflow_env/lib/python3.11/site-packages/airflow/example_dags/example_python_decorator.py
[2026-02-24T05:06:34.107+0530] {processor.py:830} INFO - Processing file /Users/aswin/Documents/data-engineering-practice/ETL_Airflow_DBT/airflow/airflow_env/lib/python3.11/site-packages/airflow/example_dags/example_python_decorator.py for tasks to queue
[2026-02-24T05:06:34.107+0530] {logging_mixin.py:188} INFO - [2026-02-24T05:06:34.107+0530] {dagbag.py:540} INFO - Filling up the DagBag from /Users/aswin/Documents/data-engineering-practice/ETL_Airflow_DBT/airflow/airflow_env/lib/python3.11/site-packages/airflow/example_dags/example_python_decorator.py
[2026-02-24T05:06:34.123+0530] {logging_mixin.py:188} INFO - [2026-02-24T05:06:34.123+0530] {example_python_decorator.py:80} WARNING - The virtalenv_python example task requires virtualenv, please install it.
[2026-02-24T05:06:34.124+0530] {processor.py:840} INFO - DAG(s) 'example_python_decorator' retrieved from /Users/aswin/Documents/data-engineering-practice/ETL_Airflow_DBT/airflow/airflow_env/lib/python3.11/site-packages/airflow/example_dags/example_python_decorator.py
[2026-02-24T05:06:34.156+0530] {logging_mixin.py:188} INFO - [2026-02-24T05:06:34.156+0530] {dag.py:3096} INFO - Sync 1 DAGs
[2026-02-24T05:06:34.159+0530] {logging_mixin.py:188} INFO - [2026-02-24T05:06:34.159+0530] {dag.py:3954} INFO - Setting next_dagrun for example_python_decorator to None, run_after=None
[2026-02-24T05:06:34.166+0530] {processor.py:183} INFO - Processing /Users/aswin/Documents/data-engineering-practice/ETL_Airflow_DBT/airflow/airflow_env/lib/python3.11/site-packages/airflow/example_dags/example_python_decorator.py took 0.061 seconds
[2026-02-24T05:08:06.653+0530] {processor.py:161} INFO - Started process (PID=45088) to work on /Users/aswin/Documents/data-engineering-practice/ETL_Airflow_DBT/airflow/airflow_env/lib/python3.11/site-packages/airflow/example_dags/example_python_decorator.py
[2026-02-24T05:08:06.654+0530] {processor.py:830} INFO - Processing file /Users/aswin/Documents/data-engineering-practice/ETL_Airflow_DBT/airflow/airflow_env/lib/python3.11/site-packages/airflow/example_dags/example_python_decorator.py for tasks to queue
[2026-02-24T05:08:06.654+0530] {logging_mixin.py:188} INFO - [2026-02-24T05:08:06.654+0530] {dagbag.py:540} INFO - Filling up the DagBag from /Users/aswin/Documents/data-engineering-practice/ETL_Airflow_DBT/airflow/airflow_env/lib/python3.11/site-packages/airflow/example_dags/example_python_decorator.py
[2026-02-24T05:08:06.668+0530] {logging_mixin.py:188} INFO - [2026-02-24T05:08:06.668+0530] {example_python_decorator.py:80} WARNING - The virtalenv_python example task requires virtualenv, please install it.
[2026-02-24T05:08:06.668+0530] {processor.py:840} INFO - DAG(s) 'example_python_decorator' retrieved from /Users/aswin/Documents/data-engineering-practice/ETL_Airflow_DBT/airflow/airflow_env/lib/python3.11/site-packages/airflow/example_dags/example_python_decorator.py
[2026-02-24T05:08:06.698+0530] {logging_mixin.py:188} INFO - [2026-02-24T05:08:06.697+0530] {dag.py:3096} INFO - Sync 1 DAGs
[2026-02-24T05:08:06.700+0530] {logging_mixin.py:188} INFO - [2026-02-24T05:08:06.700+0530] {dag.py:3954} INFO - Setting next_dagrun for example_python_decorator to None, run_after=None
[2026-02-24T05:08:06.706+0530] {processor.py:183} INFO - Processing /Users/aswin/Documents/data-engineering-practice/ETL_Airflow_DBT/airflow/airflow_env/lib/python3.11/site-packages/airflow/example_dags/example_python_decorator.py took 0.054 seconds
[2026-02-24T05:09:34.951+0530] {processor.py:161} INFO - Started process (PID=45158) to work on /Users/aswin/Documents/data-engineering-practice/ETL_Airflow_DBT/airflow/airflow_env/lib/python3.11/site-packages/airflow/example_dags/example_python_decorator.py
[2026-02-24T05:09:34.951+0530] {processor.py:830} INFO - Processing file /Users/aswin/Documents/data-engineering-practice/ETL_Airflow_DBT/airflow/airflow_env/lib/python3.11/site-packages/airflow/example_dags/example_python_decorator.py for tasks to queue
[2026-02-24T05:09:34.952+0530] {logging_mixin.py:188} INFO - [2026-02-24T05:09:34.952+0530] {dagbag.py:540} INFO - Filling up the DagBag from /Users/aswin/Documents/data-engineering-practice/ETL_Airflow_DBT/airflow/airflow_env/lib/python3.11/site-packages/airflow/example_dags/example_python_decorator.py
[2026-02-24T05:09:34.965+0530] {logging_mixin.py:188} INFO - [2026-02-24T05:09:34.965+0530] {example_python_decorator.py:80} WARNING - The virtalenv_python example task requires virtualenv, please install it.
[2026-02-24T05:09:34.966+0530] {processor.py:840} INFO - DAG(s) 'example_python_decorator' retrieved from /Users/aswin/Documents/data-engineering-practice/ETL_Airflow_DBT/airflow/airflow_env/lib/python3.11/site-packages/airflow/example_dags/example_python_decorator.py
[2026-02-24T05:09:34.994+0530] {logging_mixin.py:188} INFO - [2026-02-24T05:09:34.994+0530] {dag.py:3096} INFO - Sync 1 DAGs
[2026-02-24T05:09:34.997+0530] {logging_mixin.py:188} INFO - [2026-02-24T05:09:34.997+0530] {dag.py:3954} INFO - Setting next_dagrun for example_python_decorator to None, run_after=None
[2026-02-24T05:09:35.004+0530] {processor.py:183} INFO - Processing /Users/aswin/Documents/data-engineering-practice/ETL_Airflow_DBT/airflow/airflow_env/lib/python3.11/site-packages/airflow/example_dags/example_python_decorator.py took 0.054 seconds
[2026-02-24T05:10:59.139+0530] {processor.py:161} INFO - Started process (PID=45225) to work on /Users/aswin/Documents/data-engineering-practice/ETL_Airflow_DBT/airflow/airflow_env/lib/python3.11/site-packages/airflow/example_dags/example_python_decorator.py
[2026-02-24T05:10:59.140+0530] {processor.py:830} INFO - Processing file /Users/aswin/Documents/data-engineering-practice/ETL_Airflow_DBT/airflow/airflow_env/lib/python3.11/site-packages/airflow/example_dags/example_python_decorator.py for tasks to queue
[2026-02-24T05:10:59.140+0530] {logging_mixin.py:188} INFO - [2026-02-24T05:10:59.140+0530] {dagbag.py:540} INFO - Filling up the DagBag from /Users/aswin/Documents/data-engineering-practice/ETL_Airflow_DBT/airflow/airflow_env/lib/python3.11/site-packages/airflow/example_dags/example_python_decorator.py
[2026-02-24T05:10:59.153+0530] {logging_mixin.py:188} INFO - [2026-02-24T05:10:59.153+0530] {example_python_decorator.py:80} WARNING - The virtalenv_python example task requires virtualenv, please install it.
[2026-02-24T05:10:59.154+0530] {processor.py:840} INFO - DAG(s) 'example_python_decorator' retrieved from /Users/aswin/Documents/data-engineering-practice/ETL_Airflow_DBT/airflow/airflow_env/lib/python3.11/site-packages/airflow/example_dags/example_python_decorator.py
[2026-02-24T05:10:59.183+0530] {logging_mixin.py:188} INFO - [2026-02-24T05:10:59.183+0530] {dag.py:3096} INFO - Sync 1 DAGs
[2026-02-24T05:10:59.186+0530] {logging_mixin.py:188} INFO - [2026-02-24T05:10:59.185+0530] {dag.py:3954} INFO - Setting next_dagrun for example_python_decorator to None, run_after=None
[2026-02-24T05:10:59.191+0530] {processor.py:183} INFO - Processing /Users/aswin/Documents/data-engineering-practice/ETL_Airflow_DBT/airflow/airflow_env/lib/python3.11/site-packages/airflow/example_dags/example_python_decorator.py took 0.053 seconds
[2026-02-24T05:12:22.736+0530] {processor.py:161} INFO - Started process (PID=45346) to work on /Users/aswin/Documents/data-engineering-practice/ETL_Airflow_DBT/airflow/airflow_env/lib/python3.11/site-packages/airflow/example_dags/example_python_decorator.py
[2026-02-24T05:12:22.737+0530] {processor.py:830} INFO - Processing file /Users/aswin/Documents/data-engineering-practice/ETL_Airflow_DBT/airflow/airflow_env/lib/python3.11/site-packages/airflow/example_dags/example_python_decorator.py for tasks to queue
[2026-02-24T05:12:22.737+0530] {logging_mixin.py:188} INFO - [2026-02-24T05:12:22.737+0530] {dagbag.py:540} INFO - Filling up the DagBag from /Users/aswin/Documents/data-engineering-practice/ETL_Airflow_DBT/airflow/airflow_env/lib/python3.11/site-packages/airflow/example_dags/example_python_decorator.py
[2026-02-24T05:12:22.750+0530] {logging_mixin.py:188} INFO - [2026-02-24T05:12:22.750+0530] {example_python_decorator.py:80} WARNING - The virtalenv_python example task requires virtualenv, please install it.
[2026-02-24T05:12:22.751+0530] {processor.py:840} INFO - DAG(s) 'example_python_decorator' retrieved from /Users/aswin/Documents/data-engineering-practice/ETL_Airflow_DBT/airflow/airflow_env/lib/python3.11/site-packages/airflow/example_dags/example_python_decorator.py
[2026-02-24T05:12:22.781+0530] {logging_mixin.py:188} INFO - [2026-02-24T05:12:22.780+0530] {dag.py:3096} INFO - Sync 1 DAGs
[2026-02-24T05:12:22.783+0530] {logging_mixin.py:188} INFO - [2026-02-24T05:12:22.783+0530] {dag.py:3954} INFO - Setting next_dagrun for example_python_decorator to None, run_after=None
[2026-02-24T05:12:22.789+0530] {processor.py:183} INFO - Processing /Users/aswin/Documents/data-engineering-practice/ETL_Airflow_DBT/airflow/airflow_env/lib/python3.11/site-packages/airflow/example_dags/example_python_decorator.py took 0.054 seconds
[2026-02-24T05:13:55.801+0530] {processor.py:161} INFO - Started process (PID=45691) to work on /Users/aswin/Documents/data-engineering-practice/ETL_Airflow_DBT/airflow/airflow_env/lib/python3.11/site-packages/airflow/example_dags/example_python_decorator.py
[2026-02-24T05:13:55.802+0530] {processor.py:830} INFO - Processing file /Users/aswin/Documents/data-engineering-practice/ETL_Airflow_DBT/airflow/airflow_env/lib/python3.11/site-packages/airflow/example_dags/example_python_decorator.py for tasks to queue
[2026-02-24T05:13:55.802+0530] {logging_mixin.py:188} INFO - [2026-02-24T05:13:55.802+0530] {dagbag.py:540} INFO - Filling up the DagBag from /Users/aswin/Documents/data-engineering-practice/ETL_Airflow_DBT/airflow/airflow_env/lib/python3.11/site-packages/airflow/example_dags/example_python_decorator.py
[2026-02-24T05:13:55.816+0530] {logging_mixin.py:188} INFO - [2026-02-24T05:13:55.815+0530] {example_python_decorator.py:80} WARNING - The virtalenv_python example task requires virtualenv, please install it.
[2026-02-24T05:13:55.816+0530] {processor.py:840} INFO - DAG(s) 'example_python_decorator' retrieved from /Users/aswin/Documents/data-engineering-practice/ETL_Airflow_DBT/airflow/airflow_env/lib/python3.11/site-packages/airflow/example_dags/example_python_decorator.py
[2026-02-24T05:13:55.845+0530] {logging_mixin.py:188} INFO - [2026-02-24T05:13:55.845+0530] {dag.py:3096} INFO - Sync 1 DAGs
[2026-02-24T05:13:55.848+0530] {logging_mixin.py:188} INFO - [2026-02-24T05:13:55.848+0530] {dag.py:3954} INFO - Setting next_dagrun for example_python_decorator to None, run_after=None
[2026-02-24T05:13:55.853+0530] {processor.py:183} INFO - Processing /Users/aswin/Documents/data-engineering-practice/ETL_Airflow_DBT/airflow/airflow_env/lib/python3.11/site-packages/airflow/example_dags/example_python_decorator.py took 0.053 seconds
[2026-02-24T05:15:27.684+0530] {processor.py:161} INFO - Started process (PID=45787) to work on /Users/aswin/Documents/data-engineering-practice/ETL_Airflow_DBT/airflow/airflow_env/lib/python3.11/site-packages/airflow/example_dags/example_python_decorator.py
[2026-02-24T05:15:27.684+0530] {processor.py:830} INFO - Processing file /Users/aswin/Documents/data-engineering-practice/ETL_Airflow_DBT/airflow/airflow_env/lib/python3.11/site-packages/airflow/example_dags/example_python_decorator.py for tasks to queue
[2026-02-24T05:15:27.685+0530] {logging_mixin.py:188} INFO - [2026-02-24T05:15:27.684+0530] {dagbag.py:540} INFO - Filling up the DagBag from /Users/aswin/Documents/data-engineering-practice/ETL_Airflow_DBT/airflow/airflow_env/lib/python3.11/site-packages/airflow/example_dags/example_python_decorator.py
[2026-02-24T05:15:27.700+0530] {logging_mixin.py:188} INFO - [2026-02-24T05:15:27.700+0530] {example_python_decorator.py:80} WARNING - The virtalenv_python example task requires virtualenv, please install it.
[2026-02-24T05:15:27.701+0530] {processor.py:840} INFO - DAG(s) 'example_python_decorator' retrieved from /Users/aswin/Documents/data-engineering-practice/ETL_Airflow_DBT/airflow/airflow_env/lib/python3.11/site-packages/airflow/example_dags/example_python_decorator.py
[2026-02-24T05:15:27.733+0530] {logging_mixin.py:188} INFO - [2026-02-24T05:15:27.733+0530] {dag.py:3096} INFO - Sync 1 DAGs
[2026-02-24T05:15:27.736+0530] {logging_mixin.py:188} INFO - [2026-02-24T05:15:27.736+0530] {dag.py:3954} INFO - Setting next_dagrun for example_python_decorator to None, run_after=None
[2026-02-24T05:15:27.742+0530] {processor.py:183} INFO - Processing /Users/aswin/Documents/data-engineering-practice/ETL_Airflow_DBT/airflow/airflow_env/lib/python3.11/site-packages/airflow/example_dags/example_python_decorator.py took 0.059 seconds
[2026-02-24T05:17:00.180+0530] {processor.py:161} INFO - Started process (PID=46417) to work on /Users/aswin/Documents/data-engineering-practice/ETL_Airflow_DBT/airflow/airflow_env/lib/python3.11/site-packages/airflow/example_dags/example_python_decorator.py
[2026-02-24T05:17:00.181+0530] {processor.py:830} INFO - Processing file /Users/aswin/Documents/data-engineering-practice/ETL_Airflow_DBT/airflow/airflow_env/lib/python3.11/site-packages/airflow/example_dags/example_python_decorator.py for tasks to queue
[2026-02-24T05:17:00.181+0530] {logging_mixin.py:188} INFO - [2026-02-24T05:17:00.181+0530] {dagbag.py:540} INFO - Filling up the DagBag from /Users/aswin/Documents/data-engineering-practice/ETL_Airflow_DBT/airflow/airflow_env/lib/python3.11/site-packages/airflow/example_dags/example_python_decorator.py
[2026-02-24T05:17:00.197+0530] {logging_mixin.py:188} INFO - [2026-02-24T05:17:00.197+0530] {example_python_decorator.py:80} WARNING - The virtalenv_python example task requires virtualenv, please install it.
[2026-02-24T05:17:00.198+0530] {processor.py:840} INFO - DAG(s) 'example_python_decorator' retrieved from /Users/aswin/Documents/data-engineering-practice/ETL_Airflow_DBT/airflow/airflow_env/lib/python3.11/site-packages/airflow/example_dags/example_python_decorator.py
[2026-02-24T05:17:00.228+0530] {logging_mixin.py:188} INFO - [2026-02-24T05:17:00.228+0530] {dag.py:3096} INFO - Sync 1 DAGs
[2026-02-24T05:17:00.231+0530] {logging_mixin.py:188} INFO - [2026-02-24T05:17:00.231+0530] {dag.py:3954} INFO - Setting next_dagrun for example_python_decorator to None, run_after=None
[2026-02-24T05:17:00.237+0530] {processor.py:183} INFO - Processing /Users/aswin/Documents/data-engineering-practice/ETL_Airflow_DBT/airflow/airflow_env/lib/python3.11/site-packages/airflow/example_dags/example_python_decorator.py took 0.058 seconds
[2026-02-24T05:18:29.972+0530] {processor.py:161} INFO - Started process (PID=46493) to work on /Users/aswin/Documents/data-engineering-practice/ETL_Airflow_DBT/airflow/airflow_env/lib/python3.11/site-packages/airflow/example_dags/example_python_decorator.py
[2026-02-24T05:18:29.972+0530] {processor.py:830} INFO - Processing file /Users/aswin/Documents/data-engineering-practice/ETL_Airflow_DBT/airflow/airflow_env/lib/python3.11/site-packages/airflow/example_dags/example_python_decorator.py for tasks to queue
[2026-02-24T05:18:29.973+0530] {logging_mixin.py:188} INFO - [2026-02-24T05:18:29.973+0530] {dagbag.py:540} INFO - Filling up the DagBag from /Users/aswin/Documents/data-engineering-practice/ETL_Airflow_DBT/airflow/airflow_env/lib/python3.11/site-packages/airflow/example_dags/example_python_decorator.py
[2026-02-24T05:18:29.988+0530] {logging_mixin.py:188} INFO - [2026-02-24T05:18:29.988+0530] {example_python_decorator.py:80} WARNING - The virtalenv_python example task requires virtualenv, please install it.
[2026-02-24T05:18:29.989+0530] {processor.py:840} INFO - DAG(s) 'example_python_decorator' retrieved from /Users/aswin/Documents/data-engineering-practice/ETL_Airflow_DBT/airflow/airflow_env/lib/python3.11/site-packages/airflow/example_dags/example_python_decorator.py
[2026-02-24T05:18:30.018+0530] {logging_mixin.py:188} INFO - [2026-02-24T05:18:30.018+0530] {dag.py:3096} INFO - Sync 1 DAGs
[2026-02-24T05:18:30.021+0530] {logging_mixin.py:188} INFO - [2026-02-24T05:18:30.021+0530] {dag.py:3954} INFO - Setting next_dagrun for example_python_decorator to None, run_after=None
[2026-02-24T05:18:30.027+0530] {processor.py:183} INFO - Processing /Users/aswin/Documents/data-engineering-practice/ETL_Airflow_DBT/airflow/airflow_env/lib/python3.11/site-packages/airflow/example_dags/example_python_decorator.py took 0.056 seconds
[2026-02-24T05:20:07.649+0530] {processor.py:161} INFO - Started process (PID=46580) to work on /Users/aswin/Documents/data-engineering-practice/ETL_Airflow_DBT/airflow/airflow_env/lib/python3.11/site-packages/airflow/example_dags/example_python_decorator.py
[2026-02-24T05:20:07.650+0530] {processor.py:830} INFO - Processing file /Users/aswin/Documents/data-engineering-practice/ETL_Airflow_DBT/airflow/airflow_env/lib/python3.11/site-packages/airflow/example_dags/example_python_decorator.py for tasks to queue
[2026-02-24T05:20:07.650+0530] {logging_mixin.py:188} INFO - [2026-02-24T05:20:07.650+0530] {dagbag.py:540} INFO - Filling up the DagBag from /Users/aswin/Documents/data-engineering-practice/ETL_Airflow_DBT/airflow/airflow_env/lib/python3.11/site-packages/airflow/example_dags/example_python_decorator.py
[2026-02-24T05:20:07.664+0530] {logging_mixin.py:188} INFO - [2026-02-24T05:20:07.664+0530] {example_python_decorator.py:80} WARNING - The virtalenv_python example task requires virtualenv, please install it.
[2026-02-24T05:20:07.665+0530] {processor.py:840} INFO - DAG(s) 'example_python_decorator' retrieved from /Users/aswin/Documents/data-engineering-practice/ETL_Airflow_DBT/airflow/airflow_env/lib/python3.11/site-packages/airflow/example_dags/example_python_decorator.py
[2026-02-24T05:20:07.695+0530] {logging_mixin.py:188} INFO - [2026-02-24T05:20:07.695+0530] {dag.py:3096} INFO - Sync 1 DAGs
[2026-02-24T05:20:07.698+0530] {logging_mixin.py:188} INFO - [2026-02-24T05:20:07.698+0530] {dag.py:3954} INFO - Setting next_dagrun for example_python_decorator to None, run_after=None
[2026-02-24T05:20:07.704+0530] {processor.py:183} INFO - Processing /Users/aswin/Documents/data-engineering-practice/ETL_Airflow_DBT/airflow/airflow_env/lib/python3.11/site-packages/airflow/example_dags/example_python_decorator.py took 0.056 seconds
[2026-02-24T05:21:40.761+0530] {processor.py:161} INFO - Started process (PID=46651) to work on /Users/aswin/Documents/data-engineering-practice/ETL_Airflow_DBT/airflow/airflow_env/lib/python3.11/site-packages/airflow/example_dags/example_python_decorator.py
[2026-02-24T05:21:40.763+0530] {processor.py:830} INFO - Processing file /Users/aswin/Documents/data-engineering-practice/ETL_Airflow_DBT/airflow/airflow_env/lib/python3.11/site-packages/airflow/example_dags/example_python_decorator.py for tasks to queue
[2026-02-24T05:21:40.763+0530] {logging_mixin.py:188} INFO - [2026-02-24T05:21:40.763+0530] {dagbag.py:540} INFO - Filling up the DagBag from /Users/aswin/Documents/data-engineering-practice/ETL_Airflow_DBT/airflow/airflow_env/lib/python3.11/site-packages/airflow/example_dags/example_python_decorator.py
[2026-02-24T05:21:40.776+0530] {logging_mixin.py:188} INFO - [2026-02-24T05:21:40.776+0530] {example_python_decorator.py:80} WARNING - The virtalenv_python example task requires virtualenv, please install it.
[2026-02-24T05:21:40.777+0530] {processor.py:840} INFO - DAG(s) 'example_python_decorator' retrieved from /Users/aswin/Documents/data-engineering-practice/ETL_Airflow_DBT/airflow/airflow_env/lib/python3.11/site-packages/airflow/example_dags/example_python_decorator.py
[2026-02-24T05:21:40.805+0530] {logging_mixin.py:188} INFO - [2026-02-24T05:21:40.805+0530] {dag.py:3096} INFO - Sync 1 DAGs
[2026-02-24T05:21:40.808+0530] {logging_mixin.py:188} INFO - [2026-02-24T05:21:40.808+0530] {dag.py:3954} INFO - Setting next_dagrun for example_python_decorator to None, run_after=None
[2026-02-24T05:21:40.814+0530] {processor.py:183} INFO - Processing /Users/aswin/Documents/data-engineering-practice/ETL_Airflow_DBT/airflow/airflow_env/lib/python3.11/site-packages/airflow/example_dags/example_python_decorator.py took 0.053 seconds
[2026-02-24T05:23:11.613+0530] {processor.py:161} INFO - Started process (PID=46723) to work on /Users/aswin/Documents/data-engineering-practice/ETL_Airflow_DBT/airflow/airflow_env/lib/python3.11/site-packages/airflow/example_dags/example_python_decorator.py
[2026-02-24T05:23:11.613+0530] {processor.py:830} INFO - Processing file /Users/aswin/Documents/data-engineering-practice/ETL_Airflow_DBT/airflow/airflow_env/lib/python3.11/site-packages/airflow/example_dags/example_python_decorator.py for tasks to queue
[2026-02-24T05:23:11.613+0530] {logging_mixin.py:188} INFO - [2026-02-24T05:23:11.613+0530] {dagbag.py:540} INFO - Filling up the DagBag from /Users/aswin/Documents/data-engineering-practice/ETL_Airflow_DBT/airflow/airflow_env/lib/python3.11/site-packages/airflow/example_dags/example_python_decorator.py
[2026-02-24T05:23:11.627+0530] {logging_mixin.py:188} INFO - [2026-02-24T05:23:11.627+0530] {example_python_decorator.py:80} WARNING - The virtalenv_python example task requires virtualenv, please install it.
[2026-02-24T05:23:11.627+0530] {processor.py:840} INFO - DAG(s) 'example_python_decorator' retrieved from /Users/aswin/Documents/data-engineering-practice/ETL_Airflow_DBT/airflow/airflow_env/lib/python3.11/site-packages/airflow/example_dags/example_python_decorator.py
[2026-02-24T05:23:11.656+0530] {logging_mixin.py:188} INFO - [2026-02-24T05:23:11.656+0530] {dag.py:3096} INFO - Sync 1 DAGs
[2026-02-24T05:23:11.659+0530] {logging_mixin.py:188} INFO - [2026-02-24T05:23:11.659+0530] {dag.py:3954} INFO - Setting next_dagrun for example_python_decorator to None, run_after=None
[2026-02-24T05:23:11.665+0530] {processor.py:183} INFO - Processing /Users/aswin/Documents/data-engineering-practice/ETL_Airflow_DBT/airflow/airflow_env/lib/python3.11/site-packages/airflow/example_dags/example_python_decorator.py took 0.053 seconds
[2026-02-24T05:24:39.282+0530] {processor.py:161} INFO - Started process (PID=46797) to work on /Users/aswin/Documents/data-engineering-practice/ETL_Airflow_DBT/airflow/airflow_env/lib/python3.11/site-packages/airflow/example_dags/example_python_decorator.py
[2026-02-24T05:24:39.282+0530] {processor.py:830} INFO - Processing file /Users/aswin/Documents/data-engineering-practice/ETL_Airflow_DBT/airflow/airflow_env/lib/python3.11/site-packages/airflow/example_dags/example_python_decorator.py for tasks to queue
[2026-02-24T05:24:39.282+0530] {logging_mixin.py:188} INFO - [2026-02-24T05:24:39.282+0530] {dagbag.py:540} INFO - Filling up the DagBag from /Users/aswin/Documents/data-engineering-practice/ETL_Airflow_DBT/airflow/airflow_env/lib/python3.11/site-packages/airflow/example_dags/example_python_decorator.py
[2026-02-24T05:24:39.296+0530] {logging_mixin.py:188} INFO - [2026-02-24T05:24:39.296+0530] {example_python_decorator.py:80} WARNING - The virtalenv_python example task requires virtualenv, please install it.
[2026-02-24T05:24:39.296+0530] {processor.py:840} INFO - DAG(s) 'example_python_decorator' retrieved from /Users/aswin/Documents/data-engineering-practice/ETL_Airflow_DBT/airflow/airflow_env/lib/python3.11/site-packages/airflow/example_dags/example_python_decorator.py
[2026-02-24T05:24:39.325+0530] {logging_mixin.py:188} INFO - [2026-02-24T05:24:39.325+0530] {dag.py:3096} INFO - Sync 1 DAGs
[2026-02-24T05:24:39.328+0530] {logging_mixin.py:188} INFO - [2026-02-24T05:24:39.328+0530] {dag.py:3954} INFO - Setting next_dagrun for example_python_decorator to None, run_after=None
[2026-02-24T05:24:39.334+0530] {processor.py:183} INFO - Processing /Users/aswin/Documents/data-engineering-practice/ETL_Airflow_DBT/airflow/airflow_env/lib/python3.11/site-packages/airflow/example_dags/example_python_decorator.py took 0.054 seconds
[2026-02-24T05:26:12.248+0530] {processor.py:161} INFO - Started process (PID=46888) to work on /Users/aswin/Documents/data-engineering-practice/ETL_Airflow_DBT/airflow/airflow_env/lib/python3.11/site-packages/airflow/example_dags/example_python_decorator.py
[2026-02-24T05:26:12.249+0530] {processor.py:830} INFO - Processing file /Users/aswin/Documents/data-engineering-practice/ETL_Airflow_DBT/airflow/airflow_env/lib/python3.11/site-packages/airflow/example_dags/example_python_decorator.py for tasks to queue
[2026-02-24T05:26:12.249+0530] {logging_mixin.py:188} INFO - [2026-02-24T05:26:12.249+0530] {dagbag.py:540} INFO - Filling up the DagBag from /Users/aswin/Documents/data-engineering-practice/ETL_Airflow_DBT/airflow/airflow_env/lib/python3.11/site-packages/airflow/example_dags/example_python_decorator.py
[2026-02-24T05:26:12.262+0530] {logging_mixin.py:188} INFO - [2026-02-24T05:26:12.262+0530] {example_python_decorator.py:80} WARNING - The virtalenv_python example task requires virtualenv, please install it.
[2026-02-24T05:26:12.263+0530] {processor.py:840} INFO - DAG(s) 'example_python_decorator' retrieved from /Users/aswin/Documents/data-engineering-practice/ETL_Airflow_DBT/airflow/airflow_env/lib/python3.11/site-packages/airflow/example_dags/example_python_decorator.py
[2026-02-24T05:26:12.292+0530] {logging_mixin.py:188} INFO - [2026-02-24T05:26:12.292+0530] {dag.py:3096} INFO - Sync 1 DAGs
[2026-02-24T05:26:12.295+0530] {logging_mixin.py:188} INFO - [2026-02-24T05:26:12.295+0530] {dag.py:3954} INFO - Setting next_dagrun for example_python_decorator to None, run_after=None
[2026-02-24T05:26:12.301+0530] {processor.py:183} INFO - Processing /Users/aswin/Documents/data-engineering-practice/ETL_Airflow_DBT/airflow/airflow_env/lib/python3.11/site-packages/airflow/example_dags/example_python_decorator.py took 0.054 seconds
[2026-02-24T05:27:43.113+0530] {processor.py:161} INFO - Started process (PID=46960) to work on /Users/aswin/Documents/data-engineering-practice/ETL_Airflow_DBT/airflow/airflow_env/lib/python3.11/site-packages/airflow/example_dags/example_python_decorator.py
[2026-02-24T05:27:43.114+0530] {processor.py:830} INFO - Processing file /Users/aswin/Documents/data-engineering-practice/ETL_Airflow_DBT/airflow/airflow_env/lib/python3.11/site-packages/airflow/example_dags/example_python_decorator.py for tasks to queue
[2026-02-24T05:27:43.114+0530] {logging_mixin.py:188} INFO - [2026-02-24T05:27:43.114+0530] {dagbag.py:540} INFO - Filling up the DagBag from /Users/aswin/Documents/data-engineering-practice/ETL_Airflow_DBT/airflow/airflow_env/lib/python3.11/site-packages/airflow/example_dags/example_python_decorator.py
[2026-02-24T05:27:43.127+0530] {logging_mixin.py:188} INFO - [2026-02-24T05:27:43.127+0530] {example_python_decorator.py:80} WARNING - The virtalenv_python example task requires virtualenv, please install it.
[2026-02-24T05:27:43.128+0530] {processor.py:840} INFO - DAG(s) 'example_python_decorator' retrieved from /Users/aswin/Documents/data-engineering-practice/ETL_Airflow_DBT/airflow/airflow_env/lib/python3.11/site-packages/airflow/example_dags/example_python_decorator.py
[2026-02-24T05:27:43.157+0530] {logging_mixin.py:188} INFO - [2026-02-24T05:27:43.157+0530] {dag.py:3096} INFO - Sync 1 DAGs
[2026-02-24T05:27:43.160+0530] {logging_mixin.py:188} INFO - [2026-02-24T05:27:43.160+0530] {dag.py:3954} INFO - Setting next_dagrun for example_python_decorator to None, run_after=None
[2026-02-24T05:27:43.165+0530] {processor.py:183} INFO - Processing /Users/aswin/Documents/data-engineering-practice/ETL_Airflow_DBT/airflow/airflow_env/lib/python3.11/site-packages/airflow/example_dags/example_python_decorator.py took 0.053 seconds
[2026-02-24T05:29:11.371+0530] {processor.py:161} INFO - Started process (PID=47028) to work on /Users/aswin/Documents/data-engineering-practice/ETL_Airflow_DBT/airflow/airflow_env/lib/python3.11/site-packages/airflow/example_dags/example_python_decorator.py
[2026-02-24T05:29:11.372+0530] {processor.py:830} INFO - Processing file /Users/aswin/Documents/data-engineering-practice/ETL_Airflow_DBT/airflow/airflow_env/lib/python3.11/site-packages/airflow/example_dags/example_python_decorator.py for tasks to queue
[2026-02-24T05:29:11.373+0530] {logging_mixin.py:188} INFO - [2026-02-24T05:29:11.372+0530] {dagbag.py:540} INFO - Filling up the DagBag from /Users/aswin/Documents/data-engineering-practice/ETL_Airflow_DBT/airflow/airflow_env/lib/python3.11/site-packages/airflow/example_dags/example_python_decorator.py
[2026-02-24T05:29:11.386+0530] {logging_mixin.py:188} INFO - [2026-02-24T05:29:11.386+0530] {example_python_decorator.py:80} WARNING - The virtalenv_python example task requires virtualenv, please install it.
[2026-02-24T05:29:11.387+0530] {processor.py:840} INFO - DAG(s) 'example_python_decorator' retrieved from /Users/aswin/Documents/data-engineering-practice/ETL_Airflow_DBT/airflow/airflow_env/lib/python3.11/site-packages/airflow/example_dags/example_python_decorator.py
[2026-02-24T05:29:11.416+0530] {logging_mixin.py:188} INFO - [2026-02-24T05:29:11.415+0530] {dag.py:3096} INFO - Sync 1 DAGs
[2026-02-24T05:29:11.418+0530] {logging_mixin.py:188} INFO - [2026-02-24T05:29:11.418+0530] {dag.py:3954} INFO - Setting next_dagrun for example_python_decorator to None, run_after=None
[2026-02-24T05:29:11.425+0530] {processor.py:183} INFO - Processing /Users/aswin/Documents/data-engineering-practice/ETL_Airflow_DBT/airflow/airflow_env/lib/python3.11/site-packages/airflow/example_dags/example_python_decorator.py took 0.054 seconds
