[2026-02-24T04:39:36.036+0530] {processor.py:161} INFO - Started process (PID=42452) to work on /Users/aswin/Documents/data-engineering-practice/ETL_Airflow_DBT/airflow/airflow_env/lib/python3.11/site-packages/airflow/example_dags/example_dag_decorator.py
[2026-02-24T04:39:36.036+0530] {processor.py:830} INFO - Processing file /Users/aswin/Documents/data-engineering-practice/ETL_Airflow_DBT/airflow/airflow_env/lib/python3.11/site-packages/airflow/example_dags/example_dag_decorator.py for tasks to queue
[2026-02-24T04:39:36.036+0530] {logging_mixin.py:188} INFO - [2026-02-24T04:39:36.036+0530] {dagbag.py:540} INFO - Filling up the DagBag from /Users/aswin/Documents/data-engineering-practice/ETL_Airflow_DBT/airflow/airflow_env/lib/python3.11/site-packages/airflow/example_dags/example_dag_decorator.py
[2026-02-24T04:39:36.123+0530] {processor.py:840} INFO - DAG(s) 'example_dag_decorator' retrieved from /Users/aswin/Documents/data-engineering-practice/ETL_Airflow_DBT/airflow/airflow_env/lib/python3.11/site-packages/airflow/example_dags/example_dag_decorator.py
[2026-02-24T04:39:36.201+0530] {logging_mixin.py:188} INFO - [2026-02-24T04:39:36.201+0530] {override.py:1829} INFO - Created Permission View: can edit on DAG:example_dag_decorator
[2026-02-24T04:39:36.204+0530] {logging_mixin.py:188} INFO - [2026-02-24T04:39:36.204+0530] {override.py:1829} INFO - Created Permission View: can read on DAG:example_dag_decorator
[2026-02-24T04:39:36.205+0530] {logging_mixin.py:188} INFO - [2026-02-24T04:39:36.205+0530] {override.py:1829} INFO - Created Permission View: can delete on DAG:example_dag_decorator
[2026-02-24T04:39:36.206+0530] {logging_mixin.py:188} INFO - [2026-02-24T04:39:36.206+0530] {dag.py:3096} INFO - Sync 1 DAGs
[2026-02-24T04:39:36.209+0530] {logging_mixin.py:188} INFO - [2026-02-24T04:39:36.208+0530] {dag.py:3118} INFO - Creating ORM DAG for example_dag_decorator
[2026-02-24T04:39:36.209+0530] {logging_mixin.py:188} INFO - [2026-02-24T04:39:36.209+0530] {dag.py:3954} INFO - Setting next_dagrun for example_dag_decorator to None, run_after=None
[2026-02-24T04:39:36.214+0530] {processor.py:183} INFO - Processing /Users/aswin/Documents/data-engineering-practice/ETL_Airflow_DBT/airflow/airflow_env/lib/python3.11/site-packages/airflow/example_dags/example_dag_decorator.py took 0.179 seconds
[2026-02-24T04:41:14.448+0530] {processor.py:161} INFO - Started process (PID=42538) to work on /Users/aswin/Documents/data-engineering-practice/ETL_Airflow_DBT/airflow/airflow_env/lib/python3.11/site-packages/airflow/example_dags/example_dag_decorator.py
[2026-02-24T04:41:14.449+0530] {processor.py:830} INFO - Processing file /Users/aswin/Documents/data-engineering-practice/ETL_Airflow_DBT/airflow/airflow_env/lib/python3.11/site-packages/airflow/example_dags/example_dag_decorator.py for tasks to queue
[2026-02-24T04:41:14.449+0530] {logging_mixin.py:188} INFO - [2026-02-24T04:41:14.449+0530] {dagbag.py:540} INFO - Filling up the DagBag from /Users/aswin/Documents/data-engineering-practice/ETL_Airflow_DBT/airflow/airflow_env/lib/python3.11/site-packages/airflow/example_dags/example_dag_decorator.py
[2026-02-24T04:41:14.533+0530] {processor.py:840} INFO - DAG(s) 'example_dag_decorator' retrieved from /Users/aswin/Documents/data-engineering-practice/ETL_Airflow_DBT/airflow/airflow_env/lib/python3.11/site-packages/airflow/example_dags/example_dag_decorator.py
[2026-02-24T04:41:14.623+0530] {logging_mixin.py:188} INFO - [2026-02-24T04:41:14.623+0530] {dag.py:3096} INFO - Sync 1 DAGs
[2026-02-24T04:41:14.625+0530] {logging_mixin.py:188} INFO - [2026-02-24T04:41:14.625+0530] {dag.py:3954} INFO - Setting next_dagrun for example_dag_decorator to None, run_after=None
[2026-02-24T04:41:14.631+0530] {processor.py:183} INFO - Processing /Users/aswin/Documents/data-engineering-practice/ETL_Airflow_DBT/airflow/airflow_env/lib/python3.11/site-packages/airflow/example_dags/example_dag_decorator.py took 0.184 seconds
[2026-02-24T04:42:48.699+0530] {processor.py:161} INFO - Started process (PID=42654) to work on /Users/aswin/Documents/data-engineering-practice/ETL_Airflow_DBT/airflow/airflow_env/lib/python3.11/site-packages/airflow/example_dags/example_dag_decorator.py
[2026-02-24T04:42:48.701+0530] {processor.py:830} INFO - Processing file /Users/aswin/Documents/data-engineering-practice/ETL_Airflow_DBT/airflow/airflow_env/lib/python3.11/site-packages/airflow/example_dags/example_dag_decorator.py for tasks to queue
[2026-02-24T04:42:48.701+0530] {logging_mixin.py:188} INFO - [2026-02-24T04:42:48.701+0530] {dagbag.py:540} INFO - Filling up the DagBag from /Users/aswin/Documents/data-engineering-practice/ETL_Airflow_DBT/airflow/airflow_env/lib/python3.11/site-packages/airflow/example_dags/example_dag_decorator.py
[2026-02-24T04:42:48.786+0530] {processor.py:840} INFO - DAG(s) 'example_dag_decorator' retrieved from /Users/aswin/Documents/data-engineering-practice/ETL_Airflow_DBT/airflow/airflow_env/lib/python3.11/site-packages/airflow/example_dags/example_dag_decorator.py
[2026-02-24T04:42:48.880+0530] {logging_mixin.py:188} INFO - [2026-02-24T04:42:48.880+0530] {dag.py:3096} INFO - Sync 1 DAGs
[2026-02-24T04:42:48.883+0530] {logging_mixin.py:188} INFO - [2026-02-24T04:42:48.882+0530] {dag.py:3954} INFO - Setting next_dagrun for example_dag_decorator to None, run_after=None
[2026-02-24T04:42:48.888+0530] {processor.py:183} INFO - Processing /Users/aswin/Documents/data-engineering-practice/ETL_Airflow_DBT/airflow/airflow_env/lib/python3.11/site-packages/airflow/example_dags/example_dag_decorator.py took 0.190 seconds
[2026-02-24T04:44:18.647+0530] {processor.py:161} INFO - Started process (PID=42739) to work on /Users/aswin/Documents/data-engineering-practice/ETL_Airflow_DBT/airflow/airflow_env/lib/python3.11/site-packages/airflow/example_dags/example_dag_decorator.py
[2026-02-24T04:44:18.648+0530] {processor.py:830} INFO - Processing file /Users/aswin/Documents/data-engineering-practice/ETL_Airflow_DBT/airflow/airflow_env/lib/python3.11/site-packages/airflow/example_dags/example_dag_decorator.py for tasks to queue
[2026-02-24T04:44:18.648+0530] {logging_mixin.py:188} INFO - [2026-02-24T04:44:18.648+0530] {dagbag.py:540} INFO - Filling up the DagBag from /Users/aswin/Documents/data-engineering-practice/ETL_Airflow_DBT/airflow/airflow_env/lib/python3.11/site-packages/airflow/example_dags/example_dag_decorator.py
[2026-02-24T04:44:18.735+0530] {processor.py:840} INFO - DAG(s) 'example_dag_decorator' retrieved from /Users/aswin/Documents/data-engineering-practice/ETL_Airflow_DBT/airflow/airflow_env/lib/python3.11/site-packages/airflow/example_dags/example_dag_decorator.py
[2026-02-24T04:44:18.829+0530] {logging_mixin.py:188} INFO - [2026-02-24T04:44:18.829+0530] {dag.py:3096} INFO - Sync 1 DAGs
[2026-02-24T04:44:18.832+0530] {logging_mixin.py:188} INFO - [2026-02-24T04:44:18.832+0530] {dag.py:3954} INFO - Setting next_dagrun for example_dag_decorator to None, run_after=None
[2026-02-24T04:44:18.838+0530] {processor.py:183} INFO - Processing /Users/aswin/Documents/data-engineering-practice/ETL_Airflow_DBT/airflow/airflow_env/lib/python3.11/site-packages/airflow/example_dags/example_dag_decorator.py took 0.192 seconds
[2026-02-24T04:45:45.812+0530] {processor.py:161} INFO - Started process (PID=42816) to work on /Users/aswin/Documents/data-engineering-practice/ETL_Airflow_DBT/airflow/airflow_env/lib/python3.11/site-packages/airflow/example_dags/example_dag_decorator.py
[2026-02-24T04:45:45.813+0530] {processor.py:830} INFO - Processing file /Users/aswin/Documents/data-engineering-practice/ETL_Airflow_DBT/airflow/airflow_env/lib/python3.11/site-packages/airflow/example_dags/example_dag_decorator.py for tasks to queue
[2026-02-24T04:45:45.813+0530] {logging_mixin.py:188} INFO - [2026-02-24T04:45:45.813+0530] {dagbag.py:540} INFO - Filling up the DagBag from /Users/aswin/Documents/data-engineering-practice/ETL_Airflow_DBT/airflow/airflow_env/lib/python3.11/site-packages/airflow/example_dags/example_dag_decorator.py
[2026-02-24T04:45:45.895+0530] {processor.py:840} INFO - DAG(s) 'example_dag_decorator' retrieved from /Users/aswin/Documents/data-engineering-practice/ETL_Airflow_DBT/airflow/airflow_env/lib/python3.11/site-packages/airflow/example_dags/example_dag_decorator.py
[2026-02-24T04:45:45.987+0530] {logging_mixin.py:188} INFO - [2026-02-24T04:45:45.986+0530] {dag.py:3096} INFO - Sync 1 DAGs
[2026-02-24T04:45:45.989+0530] {logging_mixin.py:188} INFO - [2026-02-24T04:45:45.989+0530] {dag.py:3954} INFO - Setting next_dagrun for example_dag_decorator to None, run_after=None
[2026-02-24T04:45:45.995+0530] {processor.py:183} INFO - Processing /Users/aswin/Documents/data-engineering-practice/ETL_Airflow_DBT/airflow/airflow_env/lib/python3.11/site-packages/airflow/example_dags/example_dag_decorator.py took 0.184 seconds
[2026-02-24T04:47:11.171+0530] {processor.py:161} INFO - Started process (PID=42883) to work on /Users/aswin/Documents/data-engineering-practice/ETL_Airflow_DBT/airflow/airflow_env/lib/python3.11/site-packages/airflow/example_dags/example_dag_decorator.py
[2026-02-24T04:47:11.173+0530] {processor.py:830} INFO - Processing file /Users/aswin/Documents/data-engineering-practice/ETL_Airflow_DBT/airflow/airflow_env/lib/python3.11/site-packages/airflow/example_dags/example_dag_decorator.py for tasks to queue
[2026-02-24T04:47:11.173+0530] {logging_mixin.py:188} INFO - [2026-02-24T04:47:11.173+0530] {dagbag.py:540} INFO - Filling up the DagBag from /Users/aswin/Documents/data-engineering-practice/ETL_Airflow_DBT/airflow/airflow_env/lib/python3.11/site-packages/airflow/example_dags/example_dag_decorator.py
[2026-02-24T04:47:11.256+0530] {processor.py:840} INFO - DAG(s) 'example_dag_decorator' retrieved from /Users/aswin/Documents/data-engineering-practice/ETL_Airflow_DBT/airflow/airflow_env/lib/python3.11/site-packages/airflow/example_dags/example_dag_decorator.py
[2026-02-24T04:47:11.350+0530] {logging_mixin.py:188} INFO - [2026-02-24T04:47:11.350+0530] {dag.py:3096} INFO - Sync 1 DAGs
[2026-02-24T04:47:11.353+0530] {logging_mixin.py:188} INFO - [2026-02-24T04:47:11.352+0530] {dag.py:3954} INFO - Setting next_dagrun for example_dag_decorator to None, run_after=None
[2026-02-24T04:47:11.359+0530] {processor.py:183} INFO - Processing /Users/aswin/Documents/data-engineering-practice/ETL_Airflow_DBT/airflow/airflow_env/lib/python3.11/site-packages/airflow/example_dags/example_dag_decorator.py took 0.189 seconds
[2026-02-24T04:48:47.236+0530] {processor.py:161} INFO - Started process (PID=42958) to work on /Users/aswin/Documents/data-engineering-practice/ETL_Airflow_DBT/airflow/airflow_env/lib/python3.11/site-packages/airflow/example_dags/example_dag_decorator.py
[2026-02-24T04:48:47.237+0530] {processor.py:830} INFO - Processing file /Users/aswin/Documents/data-engineering-practice/ETL_Airflow_DBT/airflow/airflow_env/lib/python3.11/site-packages/airflow/example_dags/example_dag_decorator.py for tasks to queue
[2026-02-24T04:48:47.237+0530] {logging_mixin.py:188} INFO - [2026-02-24T04:48:47.237+0530] {dagbag.py:540} INFO - Filling up the DagBag from /Users/aswin/Documents/data-engineering-practice/ETL_Airflow_DBT/airflow/airflow_env/lib/python3.11/site-packages/airflow/example_dags/example_dag_decorator.py
[2026-02-24T04:48:47.324+0530] {processor.py:840} INFO - DAG(s) 'example_dag_decorator' retrieved from /Users/aswin/Documents/data-engineering-practice/ETL_Airflow_DBT/airflow/airflow_env/lib/python3.11/site-packages/airflow/example_dags/example_dag_decorator.py
[2026-02-24T04:48:47.420+0530] {logging_mixin.py:188} INFO - [2026-02-24T04:48:47.420+0530] {dag.py:3096} INFO - Sync 1 DAGs
[2026-02-24T04:48:47.423+0530] {logging_mixin.py:188} INFO - [2026-02-24T04:48:47.422+0530] {dag.py:3954} INFO - Setting next_dagrun for example_dag_decorator to None, run_after=None
[2026-02-24T04:48:47.428+0530] {processor.py:183} INFO - Processing /Users/aswin/Documents/data-engineering-practice/ETL_Airflow_DBT/airflow/airflow_env/lib/python3.11/site-packages/airflow/example_dags/example_dag_decorator.py took 0.194 seconds
[2026-02-24T04:50:31.679+0530] {processor.py:161} INFO - Started process (PID=43031) to work on /Users/aswin/Documents/data-engineering-practice/ETL_Airflow_DBT/airflow/airflow_env/lib/python3.11/site-packages/airflow/example_dags/example_dag_decorator.py
[2026-02-24T04:50:31.680+0530] {processor.py:830} INFO - Processing file /Users/aswin/Documents/data-engineering-practice/ETL_Airflow_DBT/airflow/airflow_env/lib/python3.11/site-packages/airflow/example_dags/example_dag_decorator.py for tasks to queue
[2026-02-24T04:50:31.680+0530] {logging_mixin.py:188} INFO - [2026-02-24T04:50:31.680+0530] {dagbag.py:540} INFO - Filling up the DagBag from /Users/aswin/Documents/data-engineering-practice/ETL_Airflow_DBT/airflow/airflow_env/lib/python3.11/site-packages/airflow/example_dags/example_dag_decorator.py
[2026-02-24T04:50:31.764+0530] {processor.py:840} INFO - DAG(s) 'example_dag_decorator' retrieved from /Users/aswin/Documents/data-engineering-practice/ETL_Airflow_DBT/airflow/airflow_env/lib/python3.11/site-packages/airflow/example_dags/example_dag_decorator.py
[2026-02-24T04:50:31.855+0530] {logging_mixin.py:188} INFO - [2026-02-24T04:50:31.855+0530] {dag.py:3096} INFO - Sync 1 DAGs
[2026-02-24T04:50:31.858+0530] {logging_mixin.py:188} INFO - [2026-02-24T04:50:31.858+0530] {dag.py:3954} INFO - Setting next_dagrun for example_dag_decorator to None, run_after=None
[2026-02-24T04:50:31.864+0530] {processor.py:183} INFO - Processing /Users/aswin/Documents/data-engineering-practice/ETL_Airflow_DBT/airflow/airflow_env/lib/python3.11/site-packages/airflow/example_dags/example_dag_decorator.py took 0.186 seconds
[2026-02-24T04:52:03.012+0530] {processor.py:161} INFO - Started process (PID=43100) to work on /Users/aswin/Documents/data-engineering-practice/ETL_Airflow_DBT/airflow/airflow_env/lib/python3.11/site-packages/airflow/example_dags/example_dag_decorator.py
[2026-02-24T04:52:03.013+0530] {processor.py:830} INFO - Processing file /Users/aswin/Documents/data-engineering-practice/ETL_Airflow_DBT/airflow/airflow_env/lib/python3.11/site-packages/airflow/example_dags/example_dag_decorator.py for tasks to queue
[2026-02-24T04:52:03.014+0530] {logging_mixin.py:188} INFO - [2026-02-24T04:52:03.014+0530] {dagbag.py:540} INFO - Filling up the DagBag from /Users/aswin/Documents/data-engineering-practice/ETL_Airflow_DBT/airflow/airflow_env/lib/python3.11/site-packages/airflow/example_dags/example_dag_decorator.py
[2026-02-24T04:52:03.101+0530] {processor.py:840} INFO - DAG(s) 'example_dag_decorator' retrieved from /Users/aswin/Documents/data-engineering-practice/ETL_Airflow_DBT/airflow/airflow_env/lib/python3.11/site-packages/airflow/example_dags/example_dag_decorator.py
[2026-02-24T04:52:03.199+0530] {logging_mixin.py:188} INFO - [2026-02-24T04:52:03.198+0530] {dag.py:3096} INFO - Sync 1 DAGs
[2026-02-24T04:52:03.202+0530] {logging_mixin.py:188} INFO - [2026-02-24T04:52:03.202+0530] {dag.py:3954} INFO - Setting next_dagrun for example_dag_decorator to None, run_after=None
[2026-02-24T04:52:03.208+0530] {processor.py:183} INFO - Processing /Users/aswin/Documents/data-engineering-practice/ETL_Airflow_DBT/airflow/airflow_env/lib/python3.11/site-packages/airflow/example_dags/example_dag_decorator.py took 0.197 seconds
[2026-02-24T04:53:33.618+0530] {processor.py:161} INFO - Started process (PID=43170) to work on /Users/aswin/Documents/data-engineering-practice/ETL_Airflow_DBT/airflow/airflow_env/lib/python3.11/site-packages/airflow/example_dags/example_dag_decorator.py
[2026-02-24T04:53:33.619+0530] {processor.py:830} INFO - Processing file /Users/aswin/Documents/data-engineering-practice/ETL_Airflow_DBT/airflow/airflow_env/lib/python3.11/site-packages/airflow/example_dags/example_dag_decorator.py for tasks to queue
[2026-02-24T04:53:33.620+0530] {logging_mixin.py:188} INFO - [2026-02-24T04:53:33.619+0530] {dagbag.py:540} INFO - Filling up the DagBag from /Users/aswin/Documents/data-engineering-practice/ETL_Airflow_DBT/airflow/airflow_env/lib/python3.11/site-packages/airflow/example_dags/example_dag_decorator.py
[2026-02-24T04:53:33.703+0530] {processor.py:840} INFO - DAG(s) 'example_dag_decorator' retrieved from /Users/aswin/Documents/data-engineering-practice/ETL_Airflow_DBT/airflow/airflow_env/lib/python3.11/site-packages/airflow/example_dags/example_dag_decorator.py
[2026-02-24T04:53:33.795+0530] {logging_mixin.py:188} INFO - [2026-02-24T04:53:33.795+0530] {dag.py:3096} INFO - Sync 1 DAGs
[2026-02-24T04:53:33.797+0530] {logging_mixin.py:188} INFO - [2026-02-24T04:53:33.797+0530] {dag.py:3954} INFO - Setting next_dagrun for example_dag_decorator to None, run_after=None
[2026-02-24T04:53:33.803+0530] {processor.py:183} INFO - Processing /Users/aswin/Documents/data-engineering-practice/ETL_Airflow_DBT/airflow/airflow_env/lib/python3.11/site-packages/airflow/example_dags/example_dag_decorator.py took 0.186 seconds
[2026-02-24T04:55:02.250+0530] {processor.py:161} INFO - Started process (PID=43235) to work on /Users/aswin/Documents/data-engineering-practice/ETL_Airflow_DBT/airflow/airflow_env/lib/python3.11/site-packages/airflow/example_dags/example_dag_decorator.py
[2026-02-24T04:55:02.251+0530] {processor.py:830} INFO - Processing file /Users/aswin/Documents/data-engineering-practice/ETL_Airflow_DBT/airflow/airflow_env/lib/python3.11/site-packages/airflow/example_dags/example_dag_decorator.py for tasks to queue
[2026-02-24T04:55:02.252+0530] {logging_mixin.py:188} INFO - [2026-02-24T04:55:02.252+0530] {dagbag.py:540} INFO - Filling up the DagBag from /Users/aswin/Documents/data-engineering-practice/ETL_Airflow_DBT/airflow/airflow_env/lib/python3.11/site-packages/airflow/example_dags/example_dag_decorator.py
[2026-02-24T04:55:02.339+0530] {processor.py:840} INFO - DAG(s) 'example_dag_decorator' retrieved from /Users/aswin/Documents/data-engineering-practice/ETL_Airflow_DBT/airflow/airflow_env/lib/python3.11/site-packages/airflow/example_dags/example_dag_decorator.py
[2026-02-24T04:55:02.432+0530] {logging_mixin.py:188} INFO - [2026-02-24T04:55:02.432+0530] {dag.py:3096} INFO - Sync 1 DAGs
[2026-02-24T04:55:02.435+0530] {logging_mixin.py:188} INFO - [2026-02-24T04:55:02.435+0530] {dag.py:3954} INFO - Setting next_dagrun for example_dag_decorator to None, run_after=None
[2026-02-24T04:55:02.441+0530] {processor.py:183} INFO - Processing /Users/aswin/Documents/data-engineering-practice/ETL_Airflow_DBT/airflow/airflow_env/lib/python3.11/site-packages/airflow/example_dags/example_dag_decorator.py took 0.191 seconds
[2026-02-24T04:56:29.770+0530] {processor.py:161} INFO - Started process (PID=43319) to work on /Users/aswin/Documents/data-engineering-practice/ETL_Airflow_DBT/airflow/airflow_env/lib/python3.11/site-packages/airflow/example_dags/example_dag_decorator.py
[2026-02-24T04:56:29.772+0530] {processor.py:830} INFO - Processing file /Users/aswin/Documents/data-engineering-practice/ETL_Airflow_DBT/airflow/airflow_env/lib/python3.11/site-packages/airflow/example_dags/example_dag_decorator.py for tasks to queue
[2026-02-24T04:56:29.772+0530] {logging_mixin.py:188} INFO - [2026-02-24T04:56:29.772+0530] {dagbag.py:540} INFO - Filling up the DagBag from /Users/aswin/Documents/data-engineering-practice/ETL_Airflow_DBT/airflow/airflow_env/lib/python3.11/site-packages/airflow/example_dags/example_dag_decorator.py
[2026-02-24T04:56:29.862+0530] {processor.py:840} INFO - DAG(s) 'example_dag_decorator' retrieved from /Users/aswin/Documents/data-engineering-practice/ETL_Airflow_DBT/airflow/airflow_env/lib/python3.11/site-packages/airflow/example_dags/example_dag_decorator.py
[2026-02-24T04:56:29.962+0530] {logging_mixin.py:188} INFO - [2026-02-24T04:56:29.961+0530] {dag.py:3096} INFO - Sync 1 DAGs
[2026-02-24T04:56:29.965+0530] {logging_mixin.py:188} INFO - [2026-02-24T04:56:29.964+0530] {dag.py:3954} INFO - Setting next_dagrun for example_dag_decorator to None, run_after=None
[2026-02-24T04:56:29.971+0530] {processor.py:183} INFO - Processing /Users/aswin/Documents/data-engineering-practice/ETL_Airflow_DBT/airflow/airflow_env/lib/python3.11/site-packages/airflow/example_dags/example_dag_decorator.py took 0.201 seconds
[2026-02-24T04:58:07.950+0530] {processor.py:161} INFO - Started process (PID=43388) to work on /Users/aswin/Documents/data-engineering-practice/ETL_Airflow_DBT/airflow/airflow_env/lib/python3.11/site-packages/airflow/example_dags/example_dag_decorator.py
[2026-02-24T04:58:07.951+0530] {processor.py:830} INFO - Processing file /Users/aswin/Documents/data-engineering-practice/ETL_Airflow_DBT/airflow/airflow_env/lib/python3.11/site-packages/airflow/example_dags/example_dag_decorator.py for tasks to queue
[2026-02-24T04:58:07.951+0530] {logging_mixin.py:188} INFO - [2026-02-24T04:58:07.951+0530] {dagbag.py:540} INFO - Filling up the DagBag from /Users/aswin/Documents/data-engineering-practice/ETL_Airflow_DBT/airflow/airflow_env/lib/python3.11/site-packages/airflow/example_dags/example_dag_decorator.py
[2026-02-24T04:58:08.036+0530] {processor.py:840} INFO - DAG(s) 'example_dag_decorator' retrieved from /Users/aswin/Documents/data-engineering-practice/ETL_Airflow_DBT/airflow/airflow_env/lib/python3.11/site-packages/airflow/example_dags/example_dag_decorator.py
[2026-02-24T04:58:08.131+0530] {logging_mixin.py:188} INFO - [2026-02-24T04:58:08.131+0530] {dag.py:3096} INFO - Sync 1 DAGs
[2026-02-24T04:58:08.134+0530] {logging_mixin.py:188} INFO - [2026-02-24T04:58:08.134+0530] {dag.py:3954} INFO - Setting next_dagrun for example_dag_decorator to None, run_after=None
[2026-02-24T04:58:08.140+0530] {processor.py:183} INFO - Processing /Users/aswin/Documents/data-engineering-practice/ETL_Airflow_DBT/airflow/airflow_env/lib/python3.11/site-packages/airflow/example_dags/example_dag_decorator.py took 0.191 seconds
[2026-02-24T04:59:34.413+0530] {processor.py:161} INFO - Started process (PID=43456) to work on /Users/aswin/Documents/data-engineering-practice/ETL_Airflow_DBT/airflow/airflow_env/lib/python3.11/site-packages/airflow/example_dags/example_dag_decorator.py
[2026-02-24T04:59:34.414+0530] {processor.py:830} INFO - Processing file /Users/aswin/Documents/data-engineering-practice/ETL_Airflow_DBT/airflow/airflow_env/lib/python3.11/site-packages/airflow/example_dags/example_dag_decorator.py for tasks to queue
[2026-02-24T04:59:34.415+0530] {logging_mixin.py:188} INFO - [2026-02-24T04:59:34.415+0530] {dagbag.py:540} INFO - Filling up the DagBag from /Users/aswin/Documents/data-engineering-practice/ETL_Airflow_DBT/airflow/airflow_env/lib/python3.11/site-packages/airflow/example_dags/example_dag_decorator.py
[2026-02-24T04:59:34.503+0530] {processor.py:840} INFO - DAG(s) 'example_dag_decorator' retrieved from /Users/aswin/Documents/data-engineering-practice/ETL_Airflow_DBT/airflow/airflow_env/lib/python3.11/site-packages/airflow/example_dags/example_dag_decorator.py
[2026-02-24T04:59:34.596+0530] {logging_mixin.py:188} INFO - [2026-02-24T04:59:34.596+0530] {dag.py:3096} INFO - Sync 1 DAGs
[2026-02-24T04:59:34.598+0530] {logging_mixin.py:188} INFO - [2026-02-24T04:59:34.598+0530] {dag.py:3954} INFO - Setting next_dagrun for example_dag_decorator to None, run_after=None
[2026-02-24T04:59:34.604+0530] {processor.py:183} INFO - Processing /Users/aswin/Documents/data-engineering-practice/ETL_Airflow_DBT/airflow/airflow_env/lib/python3.11/site-packages/airflow/example_dags/example_dag_decorator.py took 0.192 seconds
[2026-02-24T05:01:01.277+0530] {processor.py:161} INFO - Started process (PID=43530) to work on /Users/aswin/Documents/data-engineering-practice/ETL_Airflow_DBT/airflow/airflow_env/lib/python3.11/site-packages/airflow/example_dags/example_dag_decorator.py
[2026-02-24T05:01:01.278+0530] {processor.py:830} INFO - Processing file /Users/aswin/Documents/data-engineering-practice/ETL_Airflow_DBT/airflow/airflow_env/lib/python3.11/site-packages/airflow/example_dags/example_dag_decorator.py for tasks to queue
[2026-02-24T05:01:01.278+0530] {logging_mixin.py:188} INFO - [2026-02-24T05:01:01.278+0530] {dagbag.py:540} INFO - Filling up the DagBag from /Users/aswin/Documents/data-engineering-practice/ETL_Airflow_DBT/airflow/airflow_env/lib/python3.11/site-packages/airflow/example_dags/example_dag_decorator.py
[2026-02-24T05:01:01.366+0530] {processor.py:840} INFO - DAG(s) 'example_dag_decorator' retrieved from /Users/aswin/Documents/data-engineering-practice/ETL_Airflow_DBT/airflow/airflow_env/lib/python3.11/site-packages/airflow/example_dags/example_dag_decorator.py
[2026-02-24T05:01:01.459+0530] {logging_mixin.py:188} INFO - [2026-02-24T05:01:01.459+0530] {dag.py:3096} INFO - Sync 1 DAGs
[2026-02-24T05:01:01.462+0530] {logging_mixin.py:188} INFO - [2026-02-24T05:01:01.462+0530] {dag.py:3954} INFO - Setting next_dagrun for example_dag_decorator to None, run_after=None
[2026-02-24T05:01:01.468+0530] {processor.py:183} INFO - Processing /Users/aswin/Documents/data-engineering-practice/ETL_Airflow_DBT/airflow/airflow_env/lib/python3.11/site-packages/airflow/example_dags/example_dag_decorator.py took 0.191 seconds
[2026-02-24T05:02:34.362+0530] {processor.py:161} INFO - Started process (PID=43627) to work on /Users/aswin/Documents/data-engineering-practice/ETL_Airflow_DBT/airflow/airflow_env/lib/python3.11/site-packages/airflow/example_dags/example_dag_decorator.py
[2026-02-24T05:02:34.363+0530] {processor.py:830} INFO - Processing file /Users/aswin/Documents/data-engineering-practice/ETL_Airflow_DBT/airflow/airflow_env/lib/python3.11/site-packages/airflow/example_dags/example_dag_decorator.py for tasks to queue
[2026-02-24T05:02:34.363+0530] {logging_mixin.py:188} INFO - [2026-02-24T05:02:34.363+0530] {dagbag.py:540} INFO - Filling up the DagBag from /Users/aswin/Documents/data-engineering-practice/ETL_Airflow_DBT/airflow/airflow_env/lib/python3.11/site-packages/airflow/example_dags/example_dag_decorator.py
[2026-02-24T05:02:34.446+0530] {processor.py:840} INFO - DAG(s) 'example_dag_decorator' retrieved from /Users/aswin/Documents/data-engineering-practice/ETL_Airflow_DBT/airflow/airflow_env/lib/python3.11/site-packages/airflow/example_dags/example_dag_decorator.py
[2026-02-24T05:02:34.536+0530] {logging_mixin.py:188} INFO - [2026-02-24T05:02:34.536+0530] {dag.py:3096} INFO - Sync 1 DAGs
[2026-02-24T05:02:34.539+0530] {logging_mixin.py:188} INFO - [2026-02-24T05:02:34.539+0530] {dag.py:3954} INFO - Setting next_dagrun for example_dag_decorator to None, run_after=None
[2026-02-24T05:02:34.545+0530] {processor.py:183} INFO - Processing /Users/aswin/Documents/data-engineering-practice/ETL_Airflow_DBT/airflow/airflow_env/lib/python3.11/site-packages/airflow/example_dags/example_dag_decorator.py took 0.184 seconds
[2026-02-24T05:04:04.758+0530] {processor.py:161} INFO - Started process (PID=43744) to work on /Users/aswin/Documents/data-engineering-practice/ETL_Airflow_DBT/airflow/airflow_env/lib/python3.11/site-packages/airflow/example_dags/example_dag_decorator.py
[2026-02-24T05:04:04.759+0530] {processor.py:830} INFO - Processing file /Users/aswin/Documents/data-engineering-practice/ETL_Airflow_DBT/airflow/airflow_env/lib/python3.11/site-packages/airflow/example_dags/example_dag_decorator.py for tasks to queue
[2026-02-24T05:04:04.759+0530] {logging_mixin.py:188} INFO - [2026-02-24T05:04:04.759+0530] {dagbag.py:540} INFO - Filling up the DagBag from /Users/aswin/Documents/data-engineering-practice/ETL_Airflow_DBT/airflow/airflow_env/lib/python3.11/site-packages/airflow/example_dags/example_dag_decorator.py
[2026-02-24T05:04:04.840+0530] {processor.py:840} INFO - DAG(s) 'example_dag_decorator' retrieved from /Users/aswin/Documents/data-engineering-practice/ETL_Airflow_DBT/airflow/airflow_env/lib/python3.11/site-packages/airflow/example_dags/example_dag_decorator.py
[2026-02-24T05:04:04.929+0530] {logging_mixin.py:188} INFO - [2026-02-24T05:04:04.929+0530] {dag.py:3096} INFO - Sync 1 DAGs
[2026-02-24T05:04:04.932+0530] {logging_mixin.py:188} INFO - [2026-02-24T05:04:04.932+0530] {dag.py:3954} INFO - Setting next_dagrun for example_dag_decorator to None, run_after=None
[2026-02-24T05:04:04.937+0530] {processor.py:183} INFO - Processing /Users/aswin/Documents/data-engineering-practice/ETL_Airflow_DBT/airflow/airflow_env/lib/python3.11/site-packages/airflow/example_dags/example_dag_decorator.py took 0.180 seconds
[2026-02-24T05:05:37.977+0530] {processor.py:161} INFO - Started process (PID=44645) to work on /Users/aswin/Documents/data-engineering-practice/ETL_Airflow_DBT/airflow/airflow_env/lib/python3.11/site-packages/airflow/example_dags/example_dag_decorator.py
[2026-02-24T05:05:37.978+0530] {processor.py:830} INFO - Processing file /Users/aswin/Documents/data-engineering-practice/ETL_Airflow_DBT/airflow/airflow_env/lib/python3.11/site-packages/airflow/example_dags/example_dag_decorator.py for tasks to queue
[2026-02-24T05:05:37.978+0530] {logging_mixin.py:188} INFO - [2026-02-24T05:05:37.978+0530] {dagbag.py:540} INFO - Filling up the DagBag from /Users/aswin/Documents/data-engineering-practice/ETL_Airflow_DBT/airflow/airflow_env/lib/python3.11/site-packages/airflow/example_dags/example_dag_decorator.py
[2026-02-24T05:05:38.058+0530] {processor.py:840} INFO - DAG(s) 'example_dag_decorator' retrieved from /Users/aswin/Documents/data-engineering-practice/ETL_Airflow_DBT/airflow/airflow_env/lib/python3.11/site-packages/airflow/example_dags/example_dag_decorator.py
[2026-02-24T05:05:38.144+0530] {logging_mixin.py:188} INFO - [2026-02-24T05:05:38.144+0530] {dag.py:3096} INFO - Sync 1 DAGs
[2026-02-24T05:05:38.147+0530] {logging_mixin.py:188} INFO - [2026-02-24T05:05:38.147+0530] {dag.py:3954} INFO - Setting next_dagrun for example_dag_decorator to None, run_after=None
[2026-02-24T05:05:38.153+0530] {processor.py:183} INFO - Processing /Users/aswin/Documents/data-engineering-practice/ETL_Airflow_DBT/airflow/airflow_env/lib/python3.11/site-packages/airflow/example_dags/example_dag_decorator.py took 0.177 seconds
[2026-02-24T05:07:15.982+0530] {processor.py:161} INFO - Started process (PID=45048) to work on /Users/aswin/Documents/data-engineering-practice/ETL_Airflow_DBT/airflow/airflow_env/lib/python3.11/site-packages/airflow/example_dags/example_dag_decorator.py
[2026-02-24T05:07:15.984+0530] {processor.py:830} INFO - Processing file /Users/aswin/Documents/data-engineering-practice/ETL_Airflow_DBT/airflow/airflow_env/lib/python3.11/site-packages/airflow/example_dags/example_dag_decorator.py for tasks to queue
[2026-02-24T05:07:15.984+0530] {logging_mixin.py:188} INFO - [2026-02-24T05:07:15.984+0530] {dagbag.py:540} INFO - Filling up the DagBag from /Users/aswin/Documents/data-engineering-practice/ETL_Airflow_DBT/airflow/airflow_env/lib/python3.11/site-packages/airflow/example_dags/example_dag_decorator.py
[2026-02-24T05:07:16.066+0530] {processor.py:840} INFO - DAG(s) 'example_dag_decorator' retrieved from /Users/aswin/Documents/data-engineering-practice/ETL_Airflow_DBT/airflow/airflow_env/lib/python3.11/site-packages/airflow/example_dags/example_dag_decorator.py
[2026-02-24T05:07:16.154+0530] {logging_mixin.py:188} INFO - [2026-02-24T05:07:16.154+0530] {dag.py:3096} INFO - Sync 1 DAGs
[2026-02-24T05:07:16.156+0530] {logging_mixin.py:188} INFO - [2026-02-24T05:07:16.156+0530] {dag.py:3954} INFO - Setting next_dagrun for example_dag_decorator to None, run_after=None
[2026-02-24T05:07:16.162+0530] {processor.py:183} INFO - Processing /Users/aswin/Documents/data-engineering-practice/ETL_Airflow_DBT/airflow/airflow_env/lib/python3.11/site-packages/airflow/example_dags/example_dag_decorator.py took 0.181 seconds
[2026-02-24T05:08:45.326+0530] {processor.py:161} INFO - Started process (PID=45116) to work on /Users/aswin/Documents/data-engineering-practice/ETL_Airflow_DBT/airflow/airflow_env/lib/python3.11/site-packages/airflow/example_dags/example_dag_decorator.py
[2026-02-24T05:08:45.326+0530] {processor.py:830} INFO - Processing file /Users/aswin/Documents/data-engineering-practice/ETL_Airflow_DBT/airflow/airflow_env/lib/python3.11/site-packages/airflow/example_dags/example_dag_decorator.py for tasks to queue
[2026-02-24T05:08:45.327+0530] {logging_mixin.py:188} INFO - [2026-02-24T05:08:45.327+0530] {dagbag.py:540} INFO - Filling up the DagBag from /Users/aswin/Documents/data-engineering-practice/ETL_Airflow_DBT/airflow/airflow_env/lib/python3.11/site-packages/airflow/example_dags/example_dag_decorator.py
[2026-02-24T05:08:45.415+0530] {processor.py:840} INFO - DAG(s) 'example_dag_decorator' retrieved from /Users/aswin/Documents/data-engineering-practice/ETL_Airflow_DBT/airflow/airflow_env/lib/python3.11/site-packages/airflow/example_dags/example_dag_decorator.py
[2026-02-24T05:08:45.517+0530] {logging_mixin.py:188} INFO - [2026-02-24T05:08:45.517+0530] {dag.py:3096} INFO - Sync 1 DAGs
[2026-02-24T05:08:45.520+0530] {logging_mixin.py:188} INFO - [2026-02-24T05:08:45.520+0530] {dag.py:3954} INFO - Setting next_dagrun for example_dag_decorator to None, run_after=None
[2026-02-24T05:08:45.526+0530] {processor.py:183} INFO - Processing /Users/aswin/Documents/data-engineering-practice/ETL_Airflow_DBT/airflow/airflow_env/lib/python3.11/site-packages/airflow/example_dags/example_dag_decorator.py took 0.201 seconds
[2026-02-24T05:10:10.414+0530] {processor.py:161} INFO - Started process (PID=45186) to work on /Users/aswin/Documents/data-engineering-practice/ETL_Airflow_DBT/airflow/airflow_env/lib/python3.11/site-packages/airflow/example_dags/example_dag_decorator.py
[2026-02-24T05:10:10.415+0530] {processor.py:830} INFO - Processing file /Users/aswin/Documents/data-engineering-practice/ETL_Airflow_DBT/airflow/airflow_env/lib/python3.11/site-packages/airflow/example_dags/example_dag_decorator.py for tasks to queue
[2026-02-24T05:10:10.415+0530] {logging_mixin.py:188} INFO - [2026-02-24T05:10:10.415+0530] {dagbag.py:540} INFO - Filling up the DagBag from /Users/aswin/Documents/data-engineering-practice/ETL_Airflow_DBT/airflow/airflow_env/lib/python3.11/site-packages/airflow/example_dags/example_dag_decorator.py
[2026-02-24T05:10:10.507+0530] {processor.py:840} INFO - DAG(s) 'example_dag_decorator' retrieved from /Users/aswin/Documents/data-engineering-practice/ETL_Airflow_DBT/airflow/airflow_env/lib/python3.11/site-packages/airflow/example_dags/example_dag_decorator.py
[2026-02-24T05:10:10.606+0530] {logging_mixin.py:188} INFO - [2026-02-24T05:10:10.606+0530] {dag.py:3096} INFO - Sync 1 DAGs
[2026-02-24T05:10:10.609+0530] {logging_mixin.py:188} INFO - [2026-02-24T05:10:10.609+0530] {dag.py:3954} INFO - Setting next_dagrun for example_dag_decorator to None, run_after=None
[2026-02-24T05:10:10.615+0530] {processor.py:183} INFO - Processing /Users/aswin/Documents/data-engineering-practice/ETL_Airflow_DBT/airflow/airflow_env/lib/python3.11/site-packages/airflow/example_dags/example_dag_decorator.py took 0.202 seconds
[2026-02-24T05:11:34.804+0530] {processor.py:161} INFO - Started process (PID=45253) to work on /Users/aswin/Documents/data-engineering-practice/ETL_Airflow_DBT/airflow/airflow_env/lib/python3.11/site-packages/airflow/example_dags/example_dag_decorator.py
[2026-02-24T05:11:34.805+0530] {processor.py:830} INFO - Processing file /Users/aswin/Documents/data-engineering-practice/ETL_Airflow_DBT/airflow/airflow_env/lib/python3.11/site-packages/airflow/example_dags/example_dag_decorator.py for tasks to queue
[2026-02-24T05:11:34.805+0530] {logging_mixin.py:188} INFO - [2026-02-24T05:11:34.805+0530] {dagbag.py:540} INFO - Filling up the DagBag from /Users/aswin/Documents/data-engineering-practice/ETL_Airflow_DBT/airflow/airflow_env/lib/python3.11/site-packages/airflow/example_dags/example_dag_decorator.py
[2026-02-24T05:11:34.889+0530] {processor.py:840} INFO - DAG(s) 'example_dag_decorator' retrieved from /Users/aswin/Documents/data-engineering-practice/ETL_Airflow_DBT/airflow/airflow_env/lib/python3.11/site-packages/airflow/example_dags/example_dag_decorator.py
[2026-02-24T05:11:34.982+0530] {logging_mixin.py:188} INFO - [2026-02-24T05:11:34.981+0530] {dag.py:3096} INFO - Sync 1 DAGs
[2026-02-24T05:11:34.984+0530] {logging_mixin.py:188} INFO - [2026-02-24T05:11:34.984+0530] {dag.py:3954} INFO - Setting next_dagrun for example_dag_decorator to None, run_after=None
[2026-02-24T05:11:34.990+0530] {processor.py:183} INFO - Processing /Users/aswin/Documents/data-engineering-practice/ETL_Airflow_DBT/airflow/airflow_env/lib/python3.11/site-packages/airflow/example_dags/example_dag_decorator.py took 0.187 seconds
[2026-02-24T05:13:02.460+0530] {processor.py:161} INFO - Started process (PID=45509) to work on /Users/aswin/Documents/data-engineering-practice/ETL_Airflow_DBT/airflow/airflow_env/lib/python3.11/site-packages/airflow/example_dags/example_dag_decorator.py
[2026-02-24T05:13:02.460+0530] {processor.py:830} INFO - Processing file /Users/aswin/Documents/data-engineering-practice/ETL_Airflow_DBT/airflow/airflow_env/lib/python3.11/site-packages/airflow/example_dags/example_dag_decorator.py for tasks to queue
[2026-02-24T05:13:02.461+0530] {logging_mixin.py:188} INFO - [2026-02-24T05:13:02.460+0530] {dagbag.py:540} INFO - Filling up the DagBag from /Users/aswin/Documents/data-engineering-practice/ETL_Airflow_DBT/airflow/airflow_env/lib/python3.11/site-packages/airflow/example_dags/example_dag_decorator.py
[2026-02-24T05:13:02.550+0530] {processor.py:840} INFO - DAG(s) 'example_dag_decorator' retrieved from /Users/aswin/Documents/data-engineering-practice/ETL_Airflow_DBT/airflow/airflow_env/lib/python3.11/site-packages/airflow/example_dags/example_dag_decorator.py
[2026-02-24T05:13:02.644+0530] {logging_mixin.py:188} INFO - [2026-02-24T05:13:02.644+0530] {dag.py:3096} INFO - Sync 1 DAGs
[2026-02-24T05:13:02.647+0530] {logging_mixin.py:188} INFO - [2026-02-24T05:13:02.647+0530] {dag.py:3954} INFO - Setting next_dagrun for example_dag_decorator to None, run_after=None
[2026-02-24T05:13:02.653+0530] {processor.py:183} INFO - Processing /Users/aswin/Documents/data-engineering-practice/ETL_Airflow_DBT/airflow/airflow_env/lib/python3.11/site-packages/airflow/example_dags/example_dag_decorator.py took 0.195 seconds
[2026-02-24T05:14:36.192+0530] {processor.py:161} INFO - Started process (PID=45738) to work on /Users/aswin/Documents/data-engineering-practice/ETL_Airflow_DBT/airflow/airflow_env/lib/python3.11/site-packages/airflow/example_dags/example_dag_decorator.py
[2026-02-24T05:14:36.193+0530] {processor.py:830} INFO - Processing file /Users/aswin/Documents/data-engineering-practice/ETL_Airflow_DBT/airflow/airflow_env/lib/python3.11/site-packages/airflow/example_dags/example_dag_decorator.py for tasks to queue
[2026-02-24T05:14:36.193+0530] {logging_mixin.py:188} INFO - [2026-02-24T05:14:36.193+0530] {dagbag.py:540} INFO - Filling up the DagBag from /Users/aswin/Documents/data-engineering-practice/ETL_Airflow_DBT/airflow/airflow_env/lib/python3.11/site-packages/airflow/example_dags/example_dag_decorator.py
[2026-02-24T05:14:36.281+0530] {processor.py:840} INFO - DAG(s) 'example_dag_decorator' retrieved from /Users/aswin/Documents/data-engineering-practice/ETL_Airflow_DBT/airflow/airflow_env/lib/python3.11/site-packages/airflow/example_dags/example_dag_decorator.py
[2026-02-24T05:14:36.374+0530] {logging_mixin.py:188} INFO - [2026-02-24T05:14:36.374+0530] {dag.py:3096} INFO - Sync 1 DAGs
[2026-02-24T05:14:36.377+0530] {logging_mixin.py:188} INFO - [2026-02-24T05:14:36.377+0530] {dag.py:3954} INFO - Setting next_dagrun for example_dag_decorator to None, run_after=None
[2026-02-24T05:14:36.382+0530] {processor.py:183} INFO - Processing /Users/aswin/Documents/data-engineering-practice/ETL_Airflow_DBT/airflow/airflow_env/lib/python3.11/site-packages/airflow/example_dags/example_dag_decorator.py took 0.191 seconds
[2026-02-24T05:16:09.695+0530] {processor.py:161} INFO - Started process (PID=46004) to work on /Users/aswin/Documents/data-engineering-practice/ETL_Airflow_DBT/airflow/airflow_env/lib/python3.11/site-packages/airflow/example_dags/example_dag_decorator.py
[2026-02-24T05:16:09.695+0530] {processor.py:830} INFO - Processing file /Users/aswin/Documents/data-engineering-practice/ETL_Airflow_DBT/airflow/airflow_env/lib/python3.11/site-packages/airflow/example_dags/example_dag_decorator.py for tasks to queue
[2026-02-24T05:16:09.696+0530] {logging_mixin.py:188} INFO - [2026-02-24T05:16:09.696+0530] {dagbag.py:540} INFO - Filling up the DagBag from /Users/aswin/Documents/data-engineering-practice/ETL_Airflow_DBT/airflow/airflow_env/lib/python3.11/site-packages/airflow/example_dags/example_dag_decorator.py
[2026-02-24T05:16:09.775+0530] {processor.py:840} INFO - DAG(s) 'example_dag_decorator' retrieved from /Users/aswin/Documents/data-engineering-practice/ETL_Airflow_DBT/airflow/airflow_env/lib/python3.11/site-packages/airflow/example_dags/example_dag_decorator.py
[2026-02-24T05:16:09.867+0530] {logging_mixin.py:188} INFO - [2026-02-24T05:16:09.867+0530] {dag.py:3096} INFO - Sync 1 DAGs
[2026-02-24T05:16:09.870+0530] {logging_mixin.py:188} INFO - [2026-02-24T05:16:09.870+0530] {dag.py:3954} INFO - Setting next_dagrun for example_dag_decorator to None, run_after=None
[2026-02-24T05:16:09.875+0530] {processor.py:183} INFO - Processing /Users/aswin/Documents/data-engineering-practice/ETL_Airflow_DBT/airflow/airflow_env/lib/python3.11/site-packages/airflow/example_dags/example_dag_decorator.py took 0.181 seconds
[2026-02-24T05:17:37.476+0530] {processor.py:161} INFO - Started process (PID=46450) to work on /Users/aswin/Documents/data-engineering-practice/ETL_Airflow_DBT/airflow/airflow_env/lib/python3.11/site-packages/airflow/example_dags/example_dag_decorator.py
[2026-02-24T05:17:37.477+0530] {processor.py:830} INFO - Processing file /Users/aswin/Documents/data-engineering-practice/ETL_Airflow_DBT/airflow/airflow_env/lib/python3.11/site-packages/airflow/example_dags/example_dag_decorator.py for tasks to queue
[2026-02-24T05:17:37.477+0530] {logging_mixin.py:188} INFO - [2026-02-24T05:17:37.477+0530] {dagbag.py:540} INFO - Filling up the DagBag from /Users/aswin/Documents/data-engineering-practice/ETL_Airflow_DBT/airflow/airflow_env/lib/python3.11/site-packages/airflow/example_dags/example_dag_decorator.py
[2026-02-24T05:17:37.561+0530] {processor.py:840} INFO - DAG(s) 'example_dag_decorator' retrieved from /Users/aswin/Documents/data-engineering-practice/ETL_Airflow_DBT/airflow/airflow_env/lib/python3.11/site-packages/airflow/example_dags/example_dag_decorator.py
[2026-02-24T05:17:37.651+0530] {logging_mixin.py:188} INFO - [2026-02-24T05:17:37.651+0530] {dag.py:3096} INFO - Sync 1 DAGs
[2026-02-24T05:17:37.654+0530] {logging_mixin.py:188} INFO - [2026-02-24T05:17:37.654+0530] {dag.py:3954} INFO - Setting next_dagrun for example_dag_decorator to None, run_after=None
[2026-02-24T05:17:37.660+0530] {processor.py:183} INFO - Processing /Users/aswin/Documents/data-engineering-practice/ETL_Airflow_DBT/airflow/airflow_env/lib/python3.11/site-packages/airflow/example_dags/example_dag_decorator.py took 0.185 seconds
[2026-02-24T05:19:10.871+0530] {processor.py:161} INFO - Started process (PID=46526) to work on /Users/aswin/Documents/data-engineering-practice/ETL_Airflow_DBT/airflow/airflow_env/lib/python3.11/site-packages/airflow/example_dags/example_dag_decorator.py
[2026-02-24T05:19:10.872+0530] {processor.py:830} INFO - Processing file /Users/aswin/Documents/data-engineering-practice/ETL_Airflow_DBT/airflow/airflow_env/lib/python3.11/site-packages/airflow/example_dags/example_dag_decorator.py for tasks to queue
[2026-02-24T05:19:10.872+0530] {logging_mixin.py:188} INFO - [2026-02-24T05:19:10.872+0530] {dagbag.py:540} INFO - Filling up the DagBag from /Users/aswin/Documents/data-engineering-practice/ETL_Airflow_DBT/airflow/airflow_env/lib/python3.11/site-packages/airflow/example_dags/example_dag_decorator.py
[2026-02-24T05:19:10.956+0530] {processor.py:840} INFO - DAG(s) 'example_dag_decorator' retrieved from /Users/aswin/Documents/data-engineering-practice/ETL_Airflow_DBT/airflow/airflow_env/lib/python3.11/site-packages/airflow/example_dags/example_dag_decorator.py
[2026-02-24T05:19:11.046+0530] {logging_mixin.py:188} INFO - [2026-02-24T05:19:11.046+0530] {dag.py:3096} INFO - Sync 1 DAGs
[2026-02-24T05:19:11.049+0530] {logging_mixin.py:188} INFO - [2026-02-24T05:19:11.049+0530] {dag.py:3954} INFO - Setting next_dagrun for example_dag_decorator to None, run_after=None
[2026-02-24T05:19:11.055+0530] {processor.py:183} INFO - Processing /Users/aswin/Documents/data-engineering-practice/ETL_Airflow_DBT/airflow/airflow_env/lib/python3.11/site-packages/airflow/example_dags/example_dag_decorator.py took 0.185 seconds
[2026-02-24T05:20:51.063+0530] {processor.py:161} INFO - Started process (PID=46615) to work on /Users/aswin/Documents/data-engineering-practice/ETL_Airflow_DBT/airflow/airflow_env/lib/python3.11/site-packages/airflow/example_dags/example_dag_decorator.py
[2026-02-24T05:20:51.064+0530] {processor.py:830} INFO - Processing file /Users/aswin/Documents/data-engineering-practice/ETL_Airflow_DBT/airflow/airflow_env/lib/python3.11/site-packages/airflow/example_dags/example_dag_decorator.py for tasks to queue
[2026-02-24T05:20:51.064+0530] {logging_mixin.py:188} INFO - [2026-02-24T05:20:51.064+0530] {dagbag.py:540} INFO - Filling up the DagBag from /Users/aswin/Documents/data-engineering-practice/ETL_Airflow_DBT/airflow/airflow_env/lib/python3.11/site-packages/airflow/example_dags/example_dag_decorator.py
[2026-02-24T05:20:51.152+0530] {processor.py:840} INFO - DAG(s) 'example_dag_decorator' retrieved from /Users/aswin/Documents/data-engineering-practice/ETL_Airflow_DBT/airflow/airflow_env/lib/python3.11/site-packages/airflow/example_dags/example_dag_decorator.py
[2026-02-24T05:20:51.242+0530] {logging_mixin.py:188} INFO - [2026-02-24T05:20:51.242+0530] {dag.py:3096} INFO - Sync 1 DAGs
[2026-02-24T05:20:51.245+0530] {logging_mixin.py:188} INFO - [2026-02-24T05:20:51.245+0530] {dag.py:3954} INFO - Setting next_dagrun for example_dag_decorator to None, run_after=None
[2026-02-24T05:20:51.250+0530] {processor.py:183} INFO - Processing /Users/aswin/Documents/data-engineering-practice/ETL_Airflow_DBT/airflow/airflow_env/lib/python3.11/site-packages/airflow/example_dags/example_dag_decorator.py took 0.189 seconds
[2026-02-24T05:22:18.186+0530] {processor.py:161} INFO - Started process (PID=46685) to work on /Users/aswin/Documents/data-engineering-practice/ETL_Airflow_DBT/airflow/airflow_env/lib/python3.11/site-packages/airflow/example_dags/example_dag_decorator.py
[2026-02-24T05:22:18.186+0530] {processor.py:830} INFO - Processing file /Users/aswin/Documents/data-engineering-practice/ETL_Airflow_DBT/airflow/airflow_env/lib/python3.11/site-packages/airflow/example_dags/example_dag_decorator.py for tasks to queue
[2026-02-24T05:22:18.187+0530] {logging_mixin.py:188} INFO - [2026-02-24T05:22:18.187+0530] {dagbag.py:540} INFO - Filling up the DagBag from /Users/aswin/Documents/data-engineering-practice/ETL_Airflow_DBT/airflow/airflow_env/lib/python3.11/site-packages/airflow/example_dags/example_dag_decorator.py
[2026-02-24T05:22:18.272+0530] {processor.py:840} INFO - DAG(s) 'example_dag_decorator' retrieved from /Users/aswin/Documents/data-engineering-practice/ETL_Airflow_DBT/airflow/airflow_env/lib/python3.11/site-packages/airflow/example_dags/example_dag_decorator.py
[2026-02-24T05:22:18.363+0530] {logging_mixin.py:188} INFO - [2026-02-24T05:22:18.362+0530] {dag.py:3096} INFO - Sync 1 DAGs
[2026-02-24T05:22:18.366+0530] {logging_mixin.py:188} INFO - [2026-02-24T05:22:18.365+0530] {dag.py:3954} INFO - Setting next_dagrun for example_dag_decorator to None, run_after=None
[2026-02-24T05:22:18.371+0530] {processor.py:183} INFO - Processing /Users/aswin/Documents/data-engineering-practice/ETL_Airflow_DBT/airflow/airflow_env/lib/python3.11/site-packages/airflow/example_dags/example_dag_decorator.py took 0.186 seconds
[2026-02-24T05:23:50.961+0530] {processor.py:161} INFO - Started process (PID=46753) to work on /Users/aswin/Documents/data-engineering-practice/ETL_Airflow_DBT/airflow/airflow_env/lib/python3.11/site-packages/airflow/example_dags/example_dag_decorator.py
[2026-02-24T05:23:50.962+0530] {processor.py:830} INFO - Processing file /Users/aswin/Documents/data-engineering-practice/ETL_Airflow_DBT/airflow/airflow_env/lib/python3.11/site-packages/airflow/example_dags/example_dag_decorator.py for tasks to queue
[2026-02-24T05:23:50.962+0530] {logging_mixin.py:188} INFO - [2026-02-24T05:23:50.962+0530] {dagbag.py:540} INFO - Filling up the DagBag from /Users/aswin/Documents/data-engineering-practice/ETL_Airflow_DBT/airflow/airflow_env/lib/python3.11/site-packages/airflow/example_dags/example_dag_decorator.py
[2026-02-24T05:23:51.047+0530] {processor.py:840} INFO - DAG(s) 'example_dag_decorator' retrieved from /Users/aswin/Documents/data-engineering-practice/ETL_Airflow_DBT/airflow/airflow_env/lib/python3.11/site-packages/airflow/example_dags/example_dag_decorator.py
[2026-02-24T05:23:51.138+0530] {logging_mixin.py:188} INFO - [2026-02-24T05:23:51.138+0530] {dag.py:3096} INFO - Sync 1 DAGs
[2026-02-24T05:23:51.141+0530] {logging_mixin.py:188} INFO - [2026-02-24T05:23:51.141+0530] {dag.py:3954} INFO - Setting next_dagrun for example_dag_decorator to None, run_after=None
[2026-02-24T05:23:51.147+0530] {processor.py:183} INFO - Processing /Users/aswin/Documents/data-engineering-practice/ETL_Airflow_DBT/airflow/airflow_env/lib/python3.11/site-packages/airflow/example_dags/example_dag_decorator.py took 0.186 seconds
[2026-02-24T05:25:19.585+0530] {processor.py:161} INFO - Started process (PID=46840) to work on /Users/aswin/Documents/data-engineering-practice/ETL_Airflow_DBT/airflow/airflow_env/lib/python3.11/site-packages/airflow/example_dags/example_dag_decorator.py
[2026-02-24T05:25:19.586+0530] {processor.py:830} INFO - Processing file /Users/aswin/Documents/data-engineering-practice/ETL_Airflow_DBT/airflow/airflow_env/lib/python3.11/site-packages/airflow/example_dags/example_dag_decorator.py for tasks to queue
[2026-02-24T05:25:19.586+0530] {logging_mixin.py:188} INFO - [2026-02-24T05:25:19.586+0530] {dagbag.py:540} INFO - Filling up the DagBag from /Users/aswin/Documents/data-engineering-practice/ETL_Airflow_DBT/airflow/airflow_env/lib/python3.11/site-packages/airflow/example_dags/example_dag_decorator.py
[2026-02-24T05:25:19.670+0530] {processor.py:840} INFO - DAG(s) 'example_dag_decorator' retrieved from /Users/aswin/Documents/data-engineering-practice/ETL_Airflow_DBT/airflow/airflow_env/lib/python3.11/site-packages/airflow/example_dags/example_dag_decorator.py
[2026-02-24T05:25:19.764+0530] {logging_mixin.py:188} INFO - [2026-02-24T05:25:19.764+0530] {dag.py:3096} INFO - Sync 1 DAGs
[2026-02-24T05:25:19.767+0530] {logging_mixin.py:188} INFO - [2026-02-24T05:25:19.767+0530] {dag.py:3954} INFO - Setting next_dagrun for example_dag_decorator to None, run_after=None
[2026-02-24T05:25:19.772+0530] {processor.py:183} INFO - Processing /Users/aswin/Documents/data-engineering-practice/ETL_Airflow_DBT/airflow/airflow_env/lib/python3.11/site-packages/airflow/example_dags/example_dag_decorator.py took 0.188 seconds
[2026-02-24T05:26:52.764+0530] {processor.py:161} INFO - Started process (PID=46918) to work on /Users/aswin/Documents/data-engineering-practice/ETL_Airflow_DBT/airflow/airflow_env/lib/python3.11/site-packages/airflow/example_dags/example_dag_decorator.py
[2026-02-24T05:26:52.765+0530] {processor.py:830} INFO - Processing file /Users/aswin/Documents/data-engineering-practice/ETL_Airflow_DBT/airflow/airflow_env/lib/python3.11/site-packages/airflow/example_dags/example_dag_decorator.py for tasks to queue
[2026-02-24T05:26:52.765+0530] {logging_mixin.py:188} INFO - [2026-02-24T05:26:52.765+0530] {dagbag.py:540} INFO - Filling up the DagBag from /Users/aswin/Documents/data-engineering-practice/ETL_Airflow_DBT/airflow/airflow_env/lib/python3.11/site-packages/airflow/example_dags/example_dag_decorator.py
[2026-02-24T05:26:52.848+0530] {processor.py:840} INFO - DAG(s) 'example_dag_decorator' retrieved from /Users/aswin/Documents/data-engineering-practice/ETL_Airflow_DBT/airflow/airflow_env/lib/python3.11/site-packages/airflow/example_dags/example_dag_decorator.py
[2026-02-24T05:26:52.941+0530] {logging_mixin.py:188} INFO - [2026-02-24T05:26:52.940+0530] {dag.py:3096} INFO - Sync 1 DAGs
[2026-02-24T05:26:52.943+0530] {logging_mixin.py:188} INFO - [2026-02-24T05:26:52.943+0530] {dag.py:3954} INFO - Setting next_dagrun for example_dag_decorator to None, run_after=None
[2026-02-24T05:26:52.949+0530] {processor.py:183} INFO - Processing /Users/aswin/Documents/data-engineering-practice/ETL_Airflow_DBT/airflow/airflow_env/lib/python3.11/site-packages/airflow/example_dags/example_dag_decorator.py took 0.186 seconds
[2026-02-24T05:28:21.911+0530] {processor.py:161} INFO - Started process (PID=46990) to work on /Users/aswin/Documents/data-engineering-practice/ETL_Airflow_DBT/airflow/airflow_env/lib/python3.11/site-packages/airflow/example_dags/example_dag_decorator.py
[2026-02-24T05:28:21.912+0530] {processor.py:830} INFO - Processing file /Users/aswin/Documents/data-engineering-practice/ETL_Airflow_DBT/airflow/airflow_env/lib/python3.11/site-packages/airflow/example_dags/example_dag_decorator.py for tasks to queue
[2026-02-24T05:28:21.912+0530] {logging_mixin.py:188} INFO - [2026-02-24T05:28:21.912+0530] {dagbag.py:540} INFO - Filling up the DagBag from /Users/aswin/Documents/data-engineering-practice/ETL_Airflow_DBT/airflow/airflow_env/lib/python3.11/site-packages/airflow/example_dags/example_dag_decorator.py
[2026-02-24T05:28:21.996+0530] {processor.py:840} INFO - DAG(s) 'example_dag_decorator' retrieved from /Users/aswin/Documents/data-engineering-practice/ETL_Airflow_DBT/airflow/airflow_env/lib/python3.11/site-packages/airflow/example_dags/example_dag_decorator.py
[2026-02-24T05:28:22.086+0530] {logging_mixin.py:188} INFO - [2026-02-24T05:28:22.086+0530] {dag.py:3096} INFO - Sync 1 DAGs
[2026-02-24T05:28:22.089+0530] {logging_mixin.py:188} INFO - [2026-02-24T05:28:22.088+0530] {dag.py:3954} INFO - Setting next_dagrun for example_dag_decorator to None, run_after=None
[2026-02-24T05:28:22.094+0530] {processor.py:183} INFO - Processing /Users/aswin/Documents/data-engineering-practice/ETL_Airflow_DBT/airflow/airflow_env/lib/python3.11/site-packages/airflow/example_dags/example_dag_decorator.py took 0.184 seconds
[2026-02-24T05:29:49.738+0530] {processor.py:161} INFO - Started process (PID=47056) to work on /Users/aswin/Documents/data-engineering-practice/ETL_Airflow_DBT/airflow/airflow_env/lib/python3.11/site-packages/airflow/example_dags/example_dag_decorator.py
[2026-02-24T05:29:49.739+0530] {processor.py:830} INFO - Processing file /Users/aswin/Documents/data-engineering-practice/ETL_Airflow_DBT/airflow/airflow_env/lib/python3.11/site-packages/airflow/example_dags/example_dag_decorator.py for tasks to queue
[2026-02-24T05:29:49.739+0530] {logging_mixin.py:188} INFO - [2026-02-24T05:29:49.739+0530] {dagbag.py:540} INFO - Filling up the DagBag from /Users/aswin/Documents/data-engineering-practice/ETL_Airflow_DBT/airflow/airflow_env/lib/python3.11/site-packages/airflow/example_dags/example_dag_decorator.py
[2026-02-24T05:29:49.830+0530] {processor.py:840} INFO - DAG(s) 'example_dag_decorator' retrieved from /Users/aswin/Documents/data-engineering-practice/ETL_Airflow_DBT/airflow/airflow_env/lib/python3.11/site-packages/airflow/example_dags/example_dag_decorator.py
[2026-02-24T05:29:49.926+0530] {logging_mixin.py:188} INFO - [2026-02-24T05:29:49.926+0530] {dag.py:3096} INFO - Sync 1 DAGs
[2026-02-24T05:29:49.929+0530] {logging_mixin.py:188} INFO - [2026-02-24T05:29:49.929+0530] {dag.py:3954} INFO - Setting next_dagrun for example_dag_decorator to None, run_after=None
[2026-02-24T05:29:49.935+0530] {processor.py:183} INFO - Processing /Users/aswin/Documents/data-engineering-practice/ETL_Airflow_DBT/airflow/airflow_env/lib/python3.11/site-packages/airflow/example_dags/example_dag_decorator.py took 0.197 seconds
