[2026-02-24T04:39:48.678+0530] {processor.py:161} INFO - Started process (PID=42469) to work on /Users/aswin/Documents/data-engineering-practice/ETL_Airflow_DBT/airflow/airflow_env/lib/python3.11/site-packages/airflow/example_dags/example_bash_operator.py
[2026-02-24T04:39:48.678+0530] {processor.py:830} INFO - Processing file /Users/aswin/Documents/data-engineering-practice/ETL_Airflow_DBT/airflow/airflow_env/lib/python3.11/site-packages/airflow/example_dags/example_bash_operator.py for tasks to queue
[2026-02-24T04:39:48.679+0530] {logging_mixin.py:188} INFO - [2026-02-24T04:39:48.678+0530] {dagbag.py:540} INFO - Filling up the DagBag from /Users/aswin/Documents/data-engineering-practice/ETL_Airflow_DBT/airflow/airflow_env/lib/python3.11/site-packages/airflow/example_dags/example_bash_operator.py
[2026-02-24T04:39:48.683+0530] {processor.py:840} INFO - DAG(s) 'example_bash_operator' retrieved from /Users/aswin/Documents/data-engineering-practice/ETL_Airflow_DBT/airflow/airflow_env/lib/python3.11/site-packages/airflow/example_dags/example_bash_operator.py
[2026-02-24T04:39:48.741+0530] {logging_mixin.py:188} INFO - [2026-02-24T04:39:48.740+0530] {override.py:1829} INFO - Created Permission View: can delete on DAG:example_bash_operator
[2026-02-24T04:39:48.743+0530] {logging_mixin.py:188} INFO - [2026-02-24T04:39:48.743+0530] {override.py:1829} INFO - Created Permission View: can read on DAG:example_bash_operator
[2026-02-24T04:39:48.745+0530] {logging_mixin.py:188} INFO - [2026-02-24T04:39:48.745+0530] {override.py:1829} INFO - Created Permission View: can edit on DAG:example_bash_operator
[2026-02-24T04:39:48.745+0530] {logging_mixin.py:188} INFO - [2026-02-24T04:39:48.745+0530] {dag.py:3096} INFO - Sync 1 DAGs
[2026-02-24T04:39:48.748+0530] {logging_mixin.py:188} INFO - [2026-02-24T04:39:48.748+0530] {dag.py:3118} INFO - Creating ORM DAG for example_bash_operator
[2026-02-24T04:39:48.751+0530] {logging_mixin.py:188} INFO - [2026-02-24T04:39:48.751+0530] {dag.py:3954} INFO - Setting next_dagrun for example_bash_operator to 2026-02-22 00:00:00+00:00, run_after=2026-02-23 00:00:00+00:00
[2026-02-24T04:39:48.756+0530] {processor.py:183} INFO - Processing /Users/aswin/Documents/data-engineering-practice/ETL_Airflow_DBT/airflow/airflow_env/lib/python3.11/site-packages/airflow/example_dags/example_bash_operator.py took 0.079 seconds
[2026-02-24T04:41:26.853+0530] {processor.py:161} INFO - Started process (PID=42547) to work on /Users/aswin/Documents/data-engineering-practice/ETL_Airflow_DBT/airflow/airflow_env/lib/python3.11/site-packages/airflow/example_dags/example_bash_operator.py
[2026-02-24T04:41:26.854+0530] {processor.py:830} INFO - Processing file /Users/aswin/Documents/data-engineering-practice/ETL_Airflow_DBT/airflow/airflow_env/lib/python3.11/site-packages/airflow/example_dags/example_bash_operator.py for tasks to queue
[2026-02-24T04:41:26.854+0530] {logging_mixin.py:188} INFO - [2026-02-24T04:41:26.854+0530] {dagbag.py:540} INFO - Filling up the DagBag from /Users/aswin/Documents/data-engineering-practice/ETL_Airflow_DBT/airflow/airflow_env/lib/python3.11/site-packages/airflow/example_dags/example_bash_operator.py
[2026-02-24T04:41:26.858+0530] {processor.py:840} INFO - DAG(s) 'example_bash_operator' retrieved from /Users/aswin/Documents/data-engineering-practice/ETL_Airflow_DBT/airflow/airflow_env/lib/python3.11/site-packages/airflow/example_dags/example_bash_operator.py
[2026-02-24T04:41:26.891+0530] {logging_mixin.py:188} INFO - [2026-02-24T04:41:26.891+0530] {dag.py:3096} INFO - Sync 1 DAGs
[2026-02-24T04:41:26.896+0530] {logging_mixin.py:188} INFO - [2026-02-24T04:41:26.896+0530] {dag.py:3954} INFO - Setting next_dagrun for example_bash_operator to 2026-02-22 00:00:00+00:00, run_after=2026-02-23 00:00:00+00:00
[2026-02-24T04:41:26.902+0530] {processor.py:183} INFO - Processing /Users/aswin/Documents/data-engineering-practice/ETL_Airflow_DBT/airflow/airflow_env/lib/python3.11/site-packages/airflow/example_dags/example_bash_operator.py took 0.050 seconds
[2026-02-24T04:43:00.150+0530] {processor.py:161} INFO - Started process (PID=42662) to work on /Users/aswin/Documents/data-engineering-practice/ETL_Airflow_DBT/airflow/airflow_env/lib/python3.11/site-packages/airflow/example_dags/example_bash_operator.py
[2026-02-24T04:43:00.151+0530] {processor.py:830} INFO - Processing file /Users/aswin/Documents/data-engineering-practice/ETL_Airflow_DBT/airflow/airflow_env/lib/python3.11/site-packages/airflow/example_dags/example_bash_operator.py for tasks to queue
[2026-02-24T04:43:00.152+0530] {logging_mixin.py:188} INFO - [2026-02-24T04:43:00.151+0530] {dagbag.py:540} INFO - Filling up the DagBag from /Users/aswin/Documents/data-engineering-practice/ETL_Airflow_DBT/airflow/airflow_env/lib/python3.11/site-packages/airflow/example_dags/example_bash_operator.py
[2026-02-24T04:43:00.156+0530] {processor.py:840} INFO - DAG(s) 'example_bash_operator' retrieved from /Users/aswin/Documents/data-engineering-practice/ETL_Airflow_DBT/airflow/airflow_env/lib/python3.11/site-packages/airflow/example_dags/example_bash_operator.py
[2026-02-24T04:43:00.189+0530] {logging_mixin.py:188} INFO - [2026-02-24T04:43:00.189+0530] {dag.py:3096} INFO - Sync 1 DAGs
[2026-02-24T04:43:00.194+0530] {logging_mixin.py:188} INFO - [2026-02-24T04:43:00.194+0530] {dag.py:3954} INFO - Setting next_dagrun for example_bash_operator to 2026-02-22 00:00:00+00:00, run_after=2026-02-23 00:00:00+00:00
[2026-02-24T04:43:00.200+0530] {processor.py:183} INFO - Processing /Users/aswin/Documents/data-engineering-practice/ETL_Airflow_DBT/airflow/airflow_env/lib/python3.11/site-packages/airflow/example_dags/example_bash_operator.py took 0.051 seconds
[2026-02-24T04:44:29.307+0530] {processor.py:161} INFO - Started process (PID=42749) to work on /Users/aswin/Documents/data-engineering-practice/ETL_Airflow_DBT/airflow/airflow_env/lib/python3.11/site-packages/airflow/example_dags/example_bash_operator.py
[2026-02-24T04:44:29.308+0530] {processor.py:830} INFO - Processing file /Users/aswin/Documents/data-engineering-practice/ETL_Airflow_DBT/airflow/airflow_env/lib/python3.11/site-packages/airflow/example_dags/example_bash_operator.py for tasks to queue
[2026-02-24T04:44:29.308+0530] {logging_mixin.py:188} INFO - [2026-02-24T04:44:29.308+0530] {dagbag.py:540} INFO - Filling up the DagBag from /Users/aswin/Documents/data-engineering-practice/ETL_Airflow_DBT/airflow/airflow_env/lib/python3.11/site-packages/airflow/example_dags/example_bash_operator.py
[2026-02-24T04:44:29.312+0530] {processor.py:840} INFO - DAG(s) 'example_bash_operator' retrieved from /Users/aswin/Documents/data-engineering-practice/ETL_Airflow_DBT/airflow/airflow_env/lib/python3.11/site-packages/airflow/example_dags/example_bash_operator.py
[2026-02-24T04:44:29.343+0530] {logging_mixin.py:188} INFO - [2026-02-24T04:44:29.343+0530] {dag.py:3096} INFO - Sync 1 DAGs
[2026-02-24T04:44:29.348+0530] {logging_mixin.py:188} INFO - [2026-02-24T04:44:29.348+0530] {dag.py:3954} INFO - Setting next_dagrun for example_bash_operator to 2026-02-22 00:00:00+00:00, run_after=2026-02-23 00:00:00+00:00
[2026-02-24T04:44:29.354+0530] {processor.py:183} INFO - Processing /Users/aswin/Documents/data-engineering-practice/ETL_Airflow_DBT/airflow/airflow_env/lib/python3.11/site-packages/airflow/example_dags/example_bash_operator.py took 0.048 seconds
[2026-02-24T04:45:57.185+0530] {processor.py:161} INFO - Started process (PID=42826) to work on /Users/aswin/Documents/data-engineering-practice/ETL_Airflow_DBT/airflow/airflow_env/lib/python3.11/site-packages/airflow/example_dags/example_bash_operator.py
[2026-02-24T04:45:57.186+0530] {processor.py:830} INFO - Processing file /Users/aswin/Documents/data-engineering-practice/ETL_Airflow_DBT/airflow/airflow_env/lib/python3.11/site-packages/airflow/example_dags/example_bash_operator.py for tasks to queue
[2026-02-24T04:45:57.186+0530] {logging_mixin.py:188} INFO - [2026-02-24T04:45:57.186+0530] {dagbag.py:540} INFO - Filling up the DagBag from /Users/aswin/Documents/data-engineering-practice/ETL_Airflow_DBT/airflow/airflow_env/lib/python3.11/site-packages/airflow/example_dags/example_bash_operator.py
[2026-02-24T04:45:57.190+0530] {processor.py:840} INFO - DAG(s) 'example_bash_operator' retrieved from /Users/aswin/Documents/data-engineering-practice/ETL_Airflow_DBT/airflow/airflow_env/lib/python3.11/site-packages/airflow/example_dags/example_bash_operator.py
[2026-02-24T04:45:57.221+0530] {logging_mixin.py:188} INFO - [2026-02-24T04:45:57.221+0530] {dag.py:3096} INFO - Sync 1 DAGs
[2026-02-24T04:45:57.227+0530] {logging_mixin.py:188} INFO - [2026-02-24T04:45:57.226+0530] {dag.py:3954} INFO - Setting next_dagrun for example_bash_operator to 2026-02-22 00:00:00+00:00, run_after=2026-02-23 00:00:00+00:00
[2026-02-24T04:45:57.233+0530] {processor.py:183} INFO - Processing /Users/aswin/Documents/data-engineering-practice/ETL_Airflow_DBT/airflow/airflow_env/lib/python3.11/site-packages/airflow/example_dags/example_bash_operator.py took 0.048 seconds
[2026-02-24T04:47:23.598+0530] {processor.py:161} INFO - Started process (PID=42891) to work on /Users/aswin/Documents/data-engineering-practice/ETL_Airflow_DBT/airflow/airflow_env/lib/python3.11/site-packages/airflow/example_dags/example_bash_operator.py
[2026-02-24T04:47:23.598+0530] {processor.py:830} INFO - Processing file /Users/aswin/Documents/data-engineering-practice/ETL_Airflow_DBT/airflow/airflow_env/lib/python3.11/site-packages/airflow/example_dags/example_bash_operator.py for tasks to queue
[2026-02-24T04:47:23.598+0530] {logging_mixin.py:188} INFO - [2026-02-24T04:47:23.598+0530] {dagbag.py:540} INFO - Filling up the DagBag from /Users/aswin/Documents/data-engineering-practice/ETL_Airflow_DBT/airflow/airflow_env/lib/python3.11/site-packages/airflow/example_dags/example_bash_operator.py
[2026-02-24T04:47:23.602+0530] {processor.py:840} INFO - DAG(s) 'example_bash_operator' retrieved from /Users/aswin/Documents/data-engineering-practice/ETL_Airflow_DBT/airflow/airflow_env/lib/python3.11/site-packages/airflow/example_dags/example_bash_operator.py
[2026-02-24T04:47:23.634+0530] {logging_mixin.py:188} INFO - [2026-02-24T04:47:23.634+0530] {dag.py:3096} INFO - Sync 1 DAGs
[2026-02-24T04:47:23.639+0530] {logging_mixin.py:188} INFO - [2026-02-24T04:47:23.639+0530] {dag.py:3954} INFO - Setting next_dagrun for example_bash_operator to 2026-02-22 00:00:00+00:00, run_after=2026-02-23 00:00:00+00:00
[2026-02-24T04:47:23.645+0530] {processor.py:183} INFO - Processing /Users/aswin/Documents/data-engineering-practice/ETL_Airflow_DBT/airflow/airflow_env/lib/python3.11/site-packages/airflow/example_dags/example_bash_operator.py took 0.049 seconds
[2026-02-24T04:48:59.909+0530] {processor.py:161} INFO - Started process (PID=42966) to work on /Users/aswin/Documents/data-engineering-practice/ETL_Airflow_DBT/airflow/airflow_env/lib/python3.11/site-packages/airflow/example_dags/example_bash_operator.py
[2026-02-24T04:48:59.910+0530] {processor.py:830} INFO - Processing file /Users/aswin/Documents/data-engineering-practice/ETL_Airflow_DBT/airflow/airflow_env/lib/python3.11/site-packages/airflow/example_dags/example_bash_operator.py for tasks to queue
[2026-02-24T04:48:59.910+0530] {logging_mixin.py:188} INFO - [2026-02-24T04:48:59.910+0530] {dagbag.py:540} INFO - Filling up the DagBag from /Users/aswin/Documents/data-engineering-practice/ETL_Airflow_DBT/airflow/airflow_env/lib/python3.11/site-packages/airflow/example_dags/example_bash_operator.py
[2026-02-24T04:48:59.915+0530] {processor.py:840} INFO - DAG(s) 'example_bash_operator' retrieved from /Users/aswin/Documents/data-engineering-practice/ETL_Airflow_DBT/airflow/airflow_env/lib/python3.11/site-packages/airflow/example_dags/example_bash_operator.py
[2026-02-24T04:48:59.947+0530] {logging_mixin.py:188} INFO - [2026-02-24T04:48:59.947+0530] {dag.py:3096} INFO - Sync 1 DAGs
[2026-02-24T04:48:59.953+0530] {logging_mixin.py:188} INFO - [2026-02-24T04:48:59.953+0530] {dag.py:3954} INFO - Setting next_dagrun for example_bash_operator to 2026-02-22 00:00:00+00:00, run_after=2026-02-23 00:00:00+00:00
[2026-02-24T04:48:59.959+0530] {processor.py:183} INFO - Processing /Users/aswin/Documents/data-engineering-practice/ETL_Airflow_DBT/airflow/airflow_env/lib/python3.11/site-packages/airflow/example_dags/example_bash_operator.py took 0.051 seconds
[2026-02-24T04:50:43.153+0530] {processor.py:161} INFO - Started process (PID=43039) to work on /Users/aswin/Documents/data-engineering-practice/ETL_Airflow_DBT/airflow/airflow_env/lib/python3.11/site-packages/airflow/example_dags/example_bash_operator.py
[2026-02-24T04:50:43.154+0530] {processor.py:830} INFO - Processing file /Users/aswin/Documents/data-engineering-practice/ETL_Airflow_DBT/airflow/airflow_env/lib/python3.11/site-packages/airflow/example_dags/example_bash_operator.py for tasks to queue
[2026-02-24T04:50:43.154+0530] {logging_mixin.py:188} INFO - [2026-02-24T04:50:43.154+0530] {dagbag.py:540} INFO - Filling up the DagBag from /Users/aswin/Documents/data-engineering-practice/ETL_Airflow_DBT/airflow/airflow_env/lib/python3.11/site-packages/airflow/example_dags/example_bash_operator.py
[2026-02-24T04:50:43.158+0530] {processor.py:840} INFO - DAG(s) 'example_bash_operator' retrieved from /Users/aswin/Documents/data-engineering-practice/ETL_Airflow_DBT/airflow/airflow_env/lib/python3.11/site-packages/airflow/example_dags/example_bash_operator.py
[2026-02-24T04:50:43.189+0530] {logging_mixin.py:188} INFO - [2026-02-24T04:50:43.189+0530] {dag.py:3096} INFO - Sync 1 DAGs
[2026-02-24T04:50:43.195+0530] {logging_mixin.py:188} INFO - [2026-02-24T04:50:43.194+0530] {dag.py:3954} INFO - Setting next_dagrun for example_bash_operator to 2026-02-22 00:00:00+00:00, run_after=2026-02-23 00:00:00+00:00
[2026-02-24T04:50:43.201+0530] {processor.py:183} INFO - Processing /Users/aswin/Documents/data-engineering-practice/ETL_Airflow_DBT/airflow/airflow_env/lib/python3.11/site-packages/airflow/example_dags/example_bash_operator.py took 0.049 seconds
[2026-02-24T04:52:16.711+0530] {processor.py:161} INFO - Started process (PID=43109) to work on /Users/aswin/Documents/data-engineering-practice/ETL_Airflow_DBT/airflow/airflow_env/lib/python3.11/site-packages/airflow/example_dags/example_bash_operator.py
[2026-02-24T04:52:16.712+0530] {processor.py:830} INFO - Processing file /Users/aswin/Documents/data-engineering-practice/ETL_Airflow_DBT/airflow/airflow_env/lib/python3.11/site-packages/airflow/example_dags/example_bash_operator.py for tasks to queue
[2026-02-24T04:52:16.712+0530] {logging_mixin.py:188} INFO - [2026-02-24T04:52:16.712+0530] {dagbag.py:540} INFO - Filling up the DagBag from /Users/aswin/Documents/data-engineering-practice/ETL_Airflow_DBT/airflow/airflow_env/lib/python3.11/site-packages/airflow/example_dags/example_bash_operator.py
[2026-02-24T04:52:16.717+0530] {processor.py:840} INFO - DAG(s) 'example_bash_operator' retrieved from /Users/aswin/Documents/data-engineering-practice/ETL_Airflow_DBT/airflow/airflow_env/lib/python3.11/site-packages/airflow/example_dags/example_bash_operator.py
[2026-02-24T04:52:16.748+0530] {logging_mixin.py:188} INFO - [2026-02-24T04:52:16.748+0530] {dag.py:3096} INFO - Sync 1 DAGs
[2026-02-24T04:52:16.754+0530] {logging_mixin.py:188} INFO - [2026-02-24T04:52:16.754+0530] {dag.py:3954} INFO - Setting next_dagrun for example_bash_operator to 2026-02-22 00:00:00+00:00, run_after=2026-02-23 00:00:00+00:00
[2026-02-24T04:52:16.760+0530] {processor.py:183} INFO - Processing /Users/aswin/Documents/data-engineering-practice/ETL_Airflow_DBT/airflow/airflow_env/lib/python3.11/site-packages/airflow/example_dags/example_bash_operator.py took 0.050 seconds
[2026-02-24T04:53:45.867+0530] {processor.py:161} INFO - Started process (PID=43179) to work on /Users/aswin/Documents/data-engineering-practice/ETL_Airflow_DBT/airflow/airflow_env/lib/python3.11/site-packages/airflow/example_dags/example_bash_operator.py
[2026-02-24T04:53:45.868+0530] {processor.py:830} INFO - Processing file /Users/aswin/Documents/data-engineering-practice/ETL_Airflow_DBT/airflow/airflow_env/lib/python3.11/site-packages/airflow/example_dags/example_bash_operator.py for tasks to queue
[2026-02-24T04:53:45.869+0530] {logging_mixin.py:188} INFO - [2026-02-24T04:53:45.868+0530] {dagbag.py:540} INFO - Filling up the DagBag from /Users/aswin/Documents/data-engineering-practice/ETL_Airflow_DBT/airflow/airflow_env/lib/python3.11/site-packages/airflow/example_dags/example_bash_operator.py
[2026-02-24T04:53:45.873+0530] {processor.py:840} INFO - DAG(s) 'example_bash_operator' retrieved from /Users/aswin/Documents/data-engineering-practice/ETL_Airflow_DBT/airflow/airflow_env/lib/python3.11/site-packages/airflow/example_dags/example_bash_operator.py
[2026-02-24T04:53:45.904+0530] {logging_mixin.py:188} INFO - [2026-02-24T04:53:45.904+0530] {dag.py:3096} INFO - Sync 1 DAGs
[2026-02-24T04:53:45.909+0530] {logging_mixin.py:188} INFO - [2026-02-24T04:53:45.909+0530] {dag.py:3954} INFO - Setting next_dagrun for example_bash_operator to 2026-02-22 00:00:00+00:00, run_after=2026-02-23 00:00:00+00:00
[2026-02-24T04:53:45.915+0530] {processor.py:183} INFO - Processing /Users/aswin/Documents/data-engineering-practice/ETL_Airflow_DBT/airflow/airflow_env/lib/python3.11/site-packages/airflow/example_dags/example_bash_operator.py took 0.049 seconds
[2026-02-24T04:55:14.706+0530] {processor.py:161} INFO - Started process (PID=43244) to work on /Users/aswin/Documents/data-engineering-practice/ETL_Airflow_DBT/airflow/airflow_env/lib/python3.11/site-packages/airflow/example_dags/example_bash_operator.py
[2026-02-24T04:55:14.707+0530] {processor.py:830} INFO - Processing file /Users/aswin/Documents/data-engineering-practice/ETL_Airflow_DBT/airflow/airflow_env/lib/python3.11/site-packages/airflow/example_dags/example_bash_operator.py for tasks to queue
[2026-02-24T04:55:14.707+0530] {logging_mixin.py:188} INFO - [2026-02-24T04:55:14.707+0530] {dagbag.py:540} INFO - Filling up the DagBag from /Users/aswin/Documents/data-engineering-practice/ETL_Airflow_DBT/airflow/airflow_env/lib/python3.11/site-packages/airflow/example_dags/example_bash_operator.py
[2026-02-24T04:55:14.711+0530] {processor.py:840} INFO - DAG(s) 'example_bash_operator' retrieved from /Users/aswin/Documents/data-engineering-practice/ETL_Airflow_DBT/airflow/airflow_env/lib/python3.11/site-packages/airflow/example_dags/example_bash_operator.py
[2026-02-24T04:55:14.743+0530] {logging_mixin.py:188} INFO - [2026-02-24T04:55:14.742+0530] {dag.py:3096} INFO - Sync 1 DAGs
[2026-02-24T04:55:14.748+0530] {logging_mixin.py:188} INFO - [2026-02-24T04:55:14.748+0530] {dag.py:3954} INFO - Setting next_dagrun for example_bash_operator to 2026-02-22 00:00:00+00:00, run_after=2026-02-23 00:00:00+00:00
[2026-02-24T04:55:14.754+0530] {processor.py:183} INFO - Processing /Users/aswin/Documents/data-engineering-practice/ETL_Airflow_DBT/airflow/airflow_env/lib/python3.11/site-packages/airflow/example_dags/example_bash_operator.py took 0.049 seconds
[2026-02-24T04:56:41.089+0530] {processor.py:161} INFO - Started process (PID=43327) to work on /Users/aswin/Documents/data-engineering-practice/ETL_Airflow_DBT/airflow/airflow_env/lib/python3.11/site-packages/airflow/example_dags/example_bash_operator.py
[2026-02-24T04:56:41.090+0530] {processor.py:830} INFO - Processing file /Users/aswin/Documents/data-engineering-practice/ETL_Airflow_DBT/airflow/airflow_env/lib/python3.11/site-packages/airflow/example_dags/example_bash_operator.py for tasks to queue
[2026-02-24T04:56:41.090+0530] {logging_mixin.py:188} INFO - [2026-02-24T04:56:41.090+0530] {dagbag.py:540} INFO - Filling up the DagBag from /Users/aswin/Documents/data-engineering-practice/ETL_Airflow_DBT/airflow/airflow_env/lib/python3.11/site-packages/airflow/example_dags/example_bash_operator.py
[2026-02-24T04:56:41.094+0530] {processor.py:840} INFO - DAG(s) 'example_bash_operator' retrieved from /Users/aswin/Documents/data-engineering-practice/ETL_Airflow_DBT/airflow/airflow_env/lib/python3.11/site-packages/airflow/example_dags/example_bash_operator.py
[2026-02-24T04:56:41.127+0530] {logging_mixin.py:188} INFO - [2026-02-24T04:56:41.127+0530] {dag.py:3096} INFO - Sync 1 DAGs
[2026-02-24T04:56:41.133+0530] {logging_mixin.py:188} INFO - [2026-02-24T04:56:41.133+0530] {dag.py:3954} INFO - Setting next_dagrun for example_bash_operator to 2026-02-22 00:00:00+00:00, run_after=2026-02-23 00:00:00+00:00
[2026-02-24T04:56:41.139+0530] {processor.py:183} INFO - Processing /Users/aswin/Documents/data-engineering-practice/ETL_Airflow_DBT/airflow/airflow_env/lib/python3.11/site-packages/airflow/example_dags/example_bash_operator.py took 0.051 seconds
[2026-02-24T04:58:19.497+0530] {processor.py:161} INFO - Started process (PID=43397) to work on /Users/aswin/Documents/data-engineering-practice/ETL_Airflow_DBT/airflow/airflow_env/lib/python3.11/site-packages/airflow/example_dags/example_bash_operator.py
[2026-02-24T04:58:19.498+0530] {processor.py:830} INFO - Processing file /Users/aswin/Documents/data-engineering-practice/ETL_Airflow_DBT/airflow/airflow_env/lib/python3.11/site-packages/airflow/example_dags/example_bash_operator.py for tasks to queue
[2026-02-24T04:58:19.498+0530] {logging_mixin.py:188} INFO - [2026-02-24T04:58:19.498+0530] {dagbag.py:540} INFO - Filling up the DagBag from /Users/aswin/Documents/data-engineering-practice/ETL_Airflow_DBT/airflow/airflow_env/lib/python3.11/site-packages/airflow/example_dags/example_bash_operator.py
[2026-02-24T04:58:19.502+0530] {processor.py:840} INFO - DAG(s) 'example_bash_operator' retrieved from /Users/aswin/Documents/data-engineering-practice/ETL_Airflow_DBT/airflow/airflow_env/lib/python3.11/site-packages/airflow/example_dags/example_bash_operator.py
[2026-02-24T04:58:19.533+0530] {logging_mixin.py:188} INFO - [2026-02-24T04:58:19.533+0530] {dag.py:3096} INFO - Sync 1 DAGs
[2026-02-24T04:58:19.538+0530] {logging_mixin.py:188} INFO - [2026-02-24T04:58:19.538+0530] {dag.py:3954} INFO - Setting next_dagrun for example_bash_operator to 2026-02-22 00:00:00+00:00, run_after=2026-02-23 00:00:00+00:00
[2026-02-24T04:58:19.544+0530] {processor.py:183} INFO - Processing /Users/aswin/Documents/data-engineering-practice/ETL_Airflow_DBT/airflow/airflow_env/lib/python3.11/site-packages/airflow/example_dags/example_bash_operator.py took 0.049 seconds
[2026-02-24T04:59:45.229+0530] {processor.py:161} INFO - Started process (PID=43464) to work on /Users/aswin/Documents/data-engineering-practice/ETL_Airflow_DBT/airflow/airflow_env/lib/python3.11/site-packages/airflow/example_dags/example_bash_operator.py
[2026-02-24T04:59:45.230+0530] {processor.py:830} INFO - Processing file /Users/aswin/Documents/data-engineering-practice/ETL_Airflow_DBT/airflow/airflow_env/lib/python3.11/site-packages/airflow/example_dags/example_bash_operator.py for tasks to queue
[2026-02-24T04:59:45.231+0530] {logging_mixin.py:188} INFO - [2026-02-24T04:59:45.231+0530] {dagbag.py:540} INFO - Filling up the DagBag from /Users/aswin/Documents/data-engineering-practice/ETL_Airflow_DBT/airflow/airflow_env/lib/python3.11/site-packages/airflow/example_dags/example_bash_operator.py
[2026-02-24T04:59:45.235+0530] {processor.py:840} INFO - DAG(s) 'example_bash_operator' retrieved from /Users/aswin/Documents/data-engineering-practice/ETL_Airflow_DBT/airflow/airflow_env/lib/python3.11/site-packages/airflow/example_dags/example_bash_operator.py
[2026-02-24T04:59:45.266+0530] {logging_mixin.py:188} INFO - [2026-02-24T04:59:45.266+0530] {dag.py:3096} INFO - Sync 1 DAGs
[2026-02-24T04:59:45.271+0530] {logging_mixin.py:188} INFO - [2026-02-24T04:59:45.271+0530] {dag.py:3954} INFO - Setting next_dagrun for example_bash_operator to 2026-02-22 00:00:00+00:00, run_after=2026-02-23 00:00:00+00:00
[2026-02-24T04:59:45.277+0530] {processor.py:183} INFO - Processing /Users/aswin/Documents/data-engineering-practice/ETL_Airflow_DBT/airflow/airflow_env/lib/python3.11/site-packages/airflow/example_dags/example_bash_operator.py took 0.049 seconds
[2026-02-24T05:01:14.834+0530] {processor.py:161} INFO - Started process (PID=43545) to work on /Users/aswin/Documents/data-engineering-practice/ETL_Airflow_DBT/airflow/airflow_env/lib/python3.11/site-packages/airflow/example_dags/example_bash_operator.py
[2026-02-24T05:01:14.835+0530] {processor.py:830} INFO - Processing file /Users/aswin/Documents/data-engineering-practice/ETL_Airflow_DBT/airflow/airflow_env/lib/python3.11/site-packages/airflow/example_dags/example_bash_operator.py for tasks to queue
[2026-02-24T05:01:14.835+0530] {logging_mixin.py:188} INFO - [2026-02-24T05:01:14.835+0530] {dagbag.py:540} INFO - Filling up the DagBag from /Users/aswin/Documents/data-engineering-practice/ETL_Airflow_DBT/airflow/airflow_env/lib/python3.11/site-packages/airflow/example_dags/example_bash_operator.py
[2026-02-24T05:01:14.839+0530] {processor.py:840} INFO - DAG(s) 'example_bash_operator' retrieved from /Users/aswin/Documents/data-engineering-practice/ETL_Airflow_DBT/airflow/airflow_env/lib/python3.11/site-packages/airflow/example_dags/example_bash_operator.py
[2026-02-24T05:01:14.870+0530] {logging_mixin.py:188} INFO - [2026-02-24T05:01:14.870+0530] {dag.py:3096} INFO - Sync 1 DAGs
[2026-02-24T05:01:14.875+0530] {logging_mixin.py:188} INFO - [2026-02-24T05:01:14.875+0530] {dag.py:3954} INFO - Setting next_dagrun for example_bash_operator to 2026-02-22 00:00:00+00:00, run_after=2026-02-23 00:00:00+00:00
[2026-02-24T05:01:14.881+0530] {processor.py:183} INFO - Processing /Users/aswin/Documents/data-engineering-practice/ETL_Airflow_DBT/airflow/airflow_env/lib/python3.11/site-packages/airflow/example_dags/example_bash_operator.py took 0.049 seconds
[2026-02-24T05:02:45.832+0530] {processor.py:161} INFO - Started process (PID=43635) to work on /Users/aswin/Documents/data-engineering-practice/ETL_Airflow_DBT/airflow/airflow_env/lib/python3.11/site-packages/airflow/example_dags/example_bash_operator.py
[2026-02-24T05:02:45.833+0530] {processor.py:830} INFO - Processing file /Users/aswin/Documents/data-engineering-practice/ETL_Airflow_DBT/airflow/airflow_env/lib/python3.11/site-packages/airflow/example_dags/example_bash_operator.py for tasks to queue
[2026-02-24T05:02:45.833+0530] {logging_mixin.py:188} INFO - [2026-02-24T05:02:45.833+0530] {dagbag.py:540} INFO - Filling up the DagBag from /Users/aswin/Documents/data-engineering-practice/ETL_Airflow_DBT/airflow/airflow_env/lib/python3.11/site-packages/airflow/example_dags/example_bash_operator.py
[2026-02-24T05:02:45.837+0530] {processor.py:840} INFO - DAG(s) 'example_bash_operator' retrieved from /Users/aswin/Documents/data-engineering-practice/ETL_Airflow_DBT/airflow/airflow_env/lib/python3.11/site-packages/airflow/example_dags/example_bash_operator.py
[2026-02-24T05:02:45.869+0530] {logging_mixin.py:188} INFO - [2026-02-24T05:02:45.869+0530] {dag.py:3096} INFO - Sync 1 DAGs
[2026-02-24T05:02:45.874+0530] {logging_mixin.py:188} INFO - [2026-02-24T05:02:45.874+0530] {dag.py:3954} INFO - Setting next_dagrun for example_bash_operator to 2026-02-22 00:00:00+00:00, run_after=2026-02-23 00:00:00+00:00
[2026-02-24T05:02:45.880+0530] {processor.py:183} INFO - Processing /Users/aswin/Documents/data-engineering-practice/ETL_Airflow_DBT/airflow/airflow_env/lib/python3.11/site-packages/airflow/example_dags/example_bash_operator.py took 0.050 seconds
[2026-02-24T05:04:16.403+0530] {processor.py:161} INFO - Started process (PID=43757) to work on /Users/aswin/Documents/data-engineering-practice/ETL_Airflow_DBT/airflow/airflow_env/lib/python3.11/site-packages/airflow/example_dags/example_bash_operator.py
[2026-02-24T05:04:16.405+0530] {processor.py:830} INFO - Processing file /Users/aswin/Documents/data-engineering-practice/ETL_Airflow_DBT/airflow/airflow_env/lib/python3.11/site-packages/airflow/example_dags/example_bash_operator.py for tasks to queue
[2026-02-24T05:04:16.405+0530] {logging_mixin.py:188} INFO - [2026-02-24T05:04:16.405+0530] {dagbag.py:540} INFO - Filling up the DagBag from /Users/aswin/Documents/data-engineering-practice/ETL_Airflow_DBT/airflow/airflow_env/lib/python3.11/site-packages/airflow/example_dags/example_bash_operator.py
[2026-02-24T05:04:16.409+0530] {processor.py:840} INFO - DAG(s) 'example_bash_operator' retrieved from /Users/aswin/Documents/data-engineering-practice/ETL_Airflow_DBT/airflow/airflow_env/lib/python3.11/site-packages/airflow/example_dags/example_bash_operator.py
[2026-02-24T05:04:16.441+0530] {logging_mixin.py:188} INFO - [2026-02-24T05:04:16.441+0530] {dag.py:3096} INFO - Sync 1 DAGs
[2026-02-24T05:04:16.446+0530] {logging_mixin.py:188} INFO - [2026-02-24T05:04:16.446+0530] {dag.py:3954} INFO - Setting next_dagrun for example_bash_operator to 2026-02-22 00:00:00+00:00, run_after=2026-02-23 00:00:00+00:00
[2026-02-24T05:04:16.452+0530] {processor.py:183} INFO - Processing /Users/aswin/Documents/data-engineering-practice/ETL_Airflow_DBT/airflow/airflow_env/lib/python3.11/site-packages/airflow/example_dags/example_bash_operator.py took 0.049 seconds
[2026-02-24T05:05:50.573+0530] {processor.py:161} INFO - Started process (PID=44963) to work on /Users/aswin/Documents/data-engineering-practice/ETL_Airflow_DBT/airflow/airflow_env/lib/python3.11/site-packages/airflow/example_dags/example_bash_operator.py
[2026-02-24T05:05:50.573+0530] {processor.py:830} INFO - Processing file /Users/aswin/Documents/data-engineering-practice/ETL_Airflow_DBT/airflow/airflow_env/lib/python3.11/site-packages/airflow/example_dags/example_bash_operator.py for tasks to queue
[2026-02-24T05:05:50.574+0530] {logging_mixin.py:188} INFO - [2026-02-24T05:05:50.574+0530] {dagbag.py:540} INFO - Filling up the DagBag from /Users/aswin/Documents/data-engineering-practice/ETL_Airflow_DBT/airflow/airflow_env/lib/python3.11/site-packages/airflow/example_dags/example_bash_operator.py
[2026-02-24T05:05:50.578+0530] {processor.py:840} INFO - DAG(s) 'example_bash_operator' retrieved from /Users/aswin/Documents/data-engineering-practice/ETL_Airflow_DBT/airflow/airflow_env/lib/python3.11/site-packages/airflow/example_dags/example_bash_operator.py
[2026-02-24T05:05:50.610+0530] {logging_mixin.py:188} INFO - [2026-02-24T05:05:50.610+0530] {dag.py:3096} INFO - Sync 1 DAGs
[2026-02-24T05:05:50.615+0530] {logging_mixin.py:188} INFO - [2026-02-24T05:05:50.615+0530] {dag.py:3954} INFO - Setting next_dagrun for example_bash_operator to 2026-02-22 00:00:00+00:00, run_after=2026-02-23 00:00:00+00:00
[2026-02-24T05:05:50.622+0530] {processor.py:183} INFO - Processing /Users/aswin/Documents/data-engineering-practice/ETL_Airflow_DBT/airflow/airflow_env/lib/python3.11/site-packages/airflow/example_dags/example_bash_operator.py took 0.050 seconds
[2026-02-24T05:07:28.323+0530] {processor.py:161} INFO - Started process (PID=45059) to work on /Users/aswin/Documents/data-engineering-practice/ETL_Airflow_DBT/airflow/airflow_env/lib/python3.11/site-packages/airflow/example_dags/example_bash_operator.py
[2026-02-24T05:07:28.325+0530] {processor.py:830} INFO - Processing file /Users/aswin/Documents/data-engineering-practice/ETL_Airflow_DBT/airflow/airflow_env/lib/python3.11/site-packages/airflow/example_dags/example_bash_operator.py for tasks to queue
[2026-02-24T05:07:28.325+0530] {logging_mixin.py:188} INFO - [2026-02-24T05:07:28.325+0530] {dagbag.py:540} INFO - Filling up the DagBag from /Users/aswin/Documents/data-engineering-practice/ETL_Airflow_DBT/airflow/airflow_env/lib/python3.11/site-packages/airflow/example_dags/example_bash_operator.py
[2026-02-24T05:07:28.329+0530] {processor.py:840} INFO - DAG(s) 'example_bash_operator' retrieved from /Users/aswin/Documents/data-engineering-practice/ETL_Airflow_DBT/airflow/airflow_env/lib/python3.11/site-packages/airflow/example_dags/example_bash_operator.py
[2026-02-24T05:07:28.362+0530] {logging_mixin.py:188} INFO - [2026-02-24T05:07:28.362+0530] {dag.py:3096} INFO - Sync 1 DAGs
[2026-02-24T05:07:28.367+0530] {logging_mixin.py:188} INFO - [2026-02-24T05:07:28.367+0530] {dag.py:3954} INFO - Setting next_dagrun for example_bash_operator to 2026-02-22 00:00:00+00:00, run_after=2026-02-23 00:00:00+00:00
[2026-02-24T05:07:28.374+0530] {processor.py:183} INFO - Processing /Users/aswin/Documents/data-engineering-practice/ETL_Airflow_DBT/airflow/airflow_env/lib/python3.11/site-packages/airflow/example_dags/example_bash_operator.py took 0.051 seconds
[2026-02-24T05:08:56.752+0530] {processor.py:161} INFO - Started process (PID=45125) to work on /Users/aswin/Documents/data-engineering-practice/ETL_Airflow_DBT/airflow/airflow_env/lib/python3.11/site-packages/airflow/example_dags/example_bash_operator.py
[2026-02-24T05:08:56.753+0530] {processor.py:830} INFO - Processing file /Users/aswin/Documents/data-engineering-practice/ETL_Airflow_DBT/airflow/airflow_env/lib/python3.11/site-packages/airflow/example_dags/example_bash_operator.py for tasks to queue
[2026-02-24T05:08:56.753+0530] {logging_mixin.py:188} INFO - [2026-02-24T05:08:56.753+0530] {dagbag.py:540} INFO - Filling up the DagBag from /Users/aswin/Documents/data-engineering-practice/ETL_Airflow_DBT/airflow/airflow_env/lib/python3.11/site-packages/airflow/example_dags/example_bash_operator.py
[2026-02-24T05:08:56.757+0530] {processor.py:840} INFO - DAG(s) 'example_bash_operator' retrieved from /Users/aswin/Documents/data-engineering-practice/ETL_Airflow_DBT/airflow/airflow_env/lib/python3.11/site-packages/airflow/example_dags/example_bash_operator.py
[2026-02-24T05:08:56.788+0530] {logging_mixin.py:188} INFO - [2026-02-24T05:08:56.788+0530] {dag.py:3096} INFO - Sync 1 DAGs
[2026-02-24T05:08:56.793+0530] {logging_mixin.py:188} INFO - [2026-02-24T05:08:56.793+0530] {dag.py:3954} INFO - Setting next_dagrun for example_bash_operator to 2026-02-22 00:00:00+00:00, run_after=2026-02-23 00:00:00+00:00
[2026-02-24T05:08:56.799+0530] {processor.py:183} INFO - Processing /Users/aswin/Documents/data-engineering-practice/ETL_Airflow_DBT/airflow/airflow_env/lib/python3.11/site-packages/airflow/example_dags/example_bash_operator.py took 0.048 seconds
[2026-02-24T05:10:22.339+0530] {processor.py:161} INFO - Started process (PID=45195) to work on /Users/aswin/Documents/data-engineering-practice/ETL_Airflow_DBT/airflow/airflow_env/lib/python3.11/site-packages/airflow/example_dags/example_bash_operator.py
[2026-02-24T05:10:22.340+0530] {processor.py:830} INFO - Processing file /Users/aswin/Documents/data-engineering-practice/ETL_Airflow_DBT/airflow/airflow_env/lib/python3.11/site-packages/airflow/example_dags/example_bash_operator.py for tasks to queue
[2026-02-24T05:10:22.340+0530] {logging_mixin.py:188} INFO - [2026-02-24T05:10:22.340+0530] {dagbag.py:540} INFO - Filling up the DagBag from /Users/aswin/Documents/data-engineering-practice/ETL_Airflow_DBT/airflow/airflow_env/lib/python3.11/site-packages/airflow/example_dags/example_bash_operator.py
[2026-02-24T05:10:22.344+0530] {processor.py:840} INFO - DAG(s) 'example_bash_operator' retrieved from /Users/aswin/Documents/data-engineering-practice/ETL_Airflow_DBT/airflow/airflow_env/lib/python3.11/site-packages/airflow/example_dags/example_bash_operator.py
[2026-02-24T05:10:22.375+0530] {logging_mixin.py:188} INFO - [2026-02-24T05:10:22.375+0530] {dag.py:3096} INFO - Sync 1 DAGs
[2026-02-24T05:10:22.380+0530] {logging_mixin.py:188} INFO - [2026-02-24T05:10:22.380+0530] {dag.py:3954} INFO - Setting next_dagrun for example_bash_operator to 2026-02-22 00:00:00+00:00, run_after=2026-02-23 00:00:00+00:00
[2026-02-24T05:10:22.386+0530] {processor.py:183} INFO - Processing /Users/aswin/Documents/data-engineering-practice/ETL_Airflow_DBT/airflow/airflow_env/lib/python3.11/site-packages/airflow/example_dags/example_bash_operator.py took 0.049 seconds
[2026-02-24T05:11:46.326+0530] {processor.py:161} INFO - Started process (PID=45261) to work on /Users/aswin/Documents/data-engineering-practice/ETL_Airflow_DBT/airflow/airflow_env/lib/python3.11/site-packages/airflow/example_dags/example_bash_operator.py
[2026-02-24T05:11:46.326+0530] {processor.py:830} INFO - Processing file /Users/aswin/Documents/data-engineering-practice/ETL_Airflow_DBT/airflow/airflow_env/lib/python3.11/site-packages/airflow/example_dags/example_bash_operator.py for tasks to queue
[2026-02-24T05:11:46.326+0530] {logging_mixin.py:188} INFO - [2026-02-24T05:11:46.326+0530] {dagbag.py:540} INFO - Filling up the DagBag from /Users/aswin/Documents/data-engineering-practice/ETL_Airflow_DBT/airflow/airflow_env/lib/python3.11/site-packages/airflow/example_dags/example_bash_operator.py
[2026-02-24T05:11:46.330+0530] {processor.py:840} INFO - DAG(s) 'example_bash_operator' retrieved from /Users/aswin/Documents/data-engineering-practice/ETL_Airflow_DBT/airflow/airflow_env/lib/python3.11/site-packages/airflow/example_dags/example_bash_operator.py
[2026-02-24T05:11:46.361+0530] {logging_mixin.py:188} INFO - [2026-02-24T05:11:46.361+0530] {dag.py:3096} INFO - Sync 1 DAGs
[2026-02-24T05:11:46.367+0530] {logging_mixin.py:188} INFO - [2026-02-24T05:11:46.366+0530] {dag.py:3954} INFO - Setting next_dagrun for example_bash_operator to 2026-02-22 00:00:00+00:00, run_after=2026-02-23 00:00:00+00:00
[2026-02-24T05:11:46.372+0530] {processor.py:183} INFO - Processing /Users/aswin/Documents/data-engineering-practice/ETL_Airflow_DBT/airflow/airflow_env/lib/python3.11/site-packages/airflow/example_dags/example_bash_operator.py took 0.048 seconds
[2026-02-24T05:13:15.038+0530] {processor.py:161} INFO - Started process (PID=45545) to work on /Users/aswin/Documents/data-engineering-practice/ETL_Airflow_DBT/airflow/airflow_env/lib/python3.11/site-packages/airflow/example_dags/example_bash_operator.py
[2026-02-24T05:13:15.038+0530] {processor.py:830} INFO - Processing file /Users/aswin/Documents/data-engineering-practice/ETL_Airflow_DBT/airflow/airflow_env/lib/python3.11/site-packages/airflow/example_dags/example_bash_operator.py for tasks to queue
[2026-02-24T05:13:15.039+0530] {logging_mixin.py:188} INFO - [2026-02-24T05:13:15.039+0530] {dagbag.py:540} INFO - Filling up the DagBag from /Users/aswin/Documents/data-engineering-practice/ETL_Airflow_DBT/airflow/airflow_env/lib/python3.11/site-packages/airflow/example_dags/example_bash_operator.py
[2026-02-24T05:13:15.043+0530] {processor.py:840} INFO - DAG(s) 'example_bash_operator' retrieved from /Users/aswin/Documents/data-engineering-practice/ETL_Airflow_DBT/airflow/airflow_env/lib/python3.11/site-packages/airflow/example_dags/example_bash_operator.py
[2026-02-24T05:13:15.075+0530] {logging_mixin.py:188} INFO - [2026-02-24T05:13:15.075+0530] {dag.py:3096} INFO - Sync 1 DAGs
[2026-02-24T05:13:15.080+0530] {logging_mixin.py:188} INFO - [2026-02-24T05:13:15.080+0530] {dag.py:3954} INFO - Setting next_dagrun for example_bash_operator to 2026-02-22 00:00:00+00:00, run_after=2026-02-23 00:00:00+00:00
[2026-02-24T05:13:15.088+0530] {processor.py:183} INFO - Processing /Users/aswin/Documents/data-engineering-practice/ETL_Airflow_DBT/airflow/airflow_env/lib/python3.11/site-packages/airflow/example_dags/example_bash_operator.py took 0.051 seconds
[2026-02-24T05:14:48.445+0530] {processor.py:161} INFO - Started process (PID=45749) to work on /Users/aswin/Documents/data-engineering-practice/ETL_Airflow_DBT/airflow/airflow_env/lib/python3.11/site-packages/airflow/example_dags/example_bash_operator.py
[2026-02-24T05:14:48.446+0530] {processor.py:830} INFO - Processing file /Users/aswin/Documents/data-engineering-practice/ETL_Airflow_DBT/airflow/airflow_env/lib/python3.11/site-packages/airflow/example_dags/example_bash_operator.py for tasks to queue
[2026-02-24T05:14:48.446+0530] {logging_mixin.py:188} INFO - [2026-02-24T05:14:48.446+0530] {dagbag.py:540} INFO - Filling up the DagBag from /Users/aswin/Documents/data-engineering-practice/ETL_Airflow_DBT/airflow/airflow_env/lib/python3.11/site-packages/airflow/example_dags/example_bash_operator.py
[2026-02-24T05:14:48.450+0530] {processor.py:840} INFO - DAG(s) 'example_bash_operator' retrieved from /Users/aswin/Documents/data-engineering-practice/ETL_Airflow_DBT/airflow/airflow_env/lib/python3.11/site-packages/airflow/example_dags/example_bash_operator.py
[2026-02-24T05:14:48.481+0530] {logging_mixin.py:188} INFO - [2026-02-24T05:14:48.481+0530] {dag.py:3096} INFO - Sync 1 DAGs
[2026-02-24T05:14:48.486+0530] {logging_mixin.py:188} INFO - [2026-02-24T05:14:48.486+0530] {dag.py:3954} INFO - Setting next_dagrun for example_bash_operator to 2026-02-22 00:00:00+00:00, run_after=2026-02-23 00:00:00+00:00
[2026-02-24T05:14:48.492+0530] {processor.py:183} INFO - Processing /Users/aswin/Documents/data-engineering-practice/ETL_Airflow_DBT/airflow/airflow_env/lib/python3.11/site-packages/airflow/example_dags/example_bash_operator.py took 0.048 seconds
[2026-02-24T05:16:22.190+0530] {processor.py:161} INFO - Started process (PID=46109) to work on /Users/aswin/Documents/data-engineering-practice/ETL_Airflow_DBT/airflow/airflow_env/lib/python3.11/site-packages/airflow/example_dags/example_bash_operator.py
[2026-02-24T05:16:22.191+0530] {processor.py:830} INFO - Processing file /Users/aswin/Documents/data-engineering-practice/ETL_Airflow_DBT/airflow/airflow_env/lib/python3.11/site-packages/airflow/example_dags/example_bash_operator.py for tasks to queue
[2026-02-24T05:16:22.192+0530] {logging_mixin.py:188} INFO - [2026-02-24T05:16:22.192+0530] {dagbag.py:540} INFO - Filling up the DagBag from /Users/aswin/Documents/data-engineering-practice/ETL_Airflow_DBT/airflow/airflow_env/lib/python3.11/site-packages/airflow/example_dags/example_bash_operator.py
[2026-02-24T05:16:22.196+0530] {processor.py:840} INFO - DAG(s) 'example_bash_operator' retrieved from /Users/aswin/Documents/data-engineering-practice/ETL_Airflow_DBT/airflow/airflow_env/lib/python3.11/site-packages/airflow/example_dags/example_bash_operator.py
[2026-02-24T05:16:22.226+0530] {logging_mixin.py:188} INFO - [2026-02-24T05:16:22.226+0530] {dag.py:3096} INFO - Sync 1 DAGs
[2026-02-24T05:16:22.231+0530] {logging_mixin.py:188} INFO - [2026-02-24T05:16:22.231+0530] {dag.py:3954} INFO - Setting next_dagrun for example_bash_operator to 2026-02-22 00:00:00+00:00, run_after=2026-02-23 00:00:00+00:00
[2026-02-24T05:16:22.237+0530] {processor.py:183} INFO - Processing /Users/aswin/Documents/data-engineering-practice/ETL_Airflow_DBT/airflow/airflow_env/lib/python3.11/site-packages/airflow/example_dags/example_bash_operator.py took 0.048 seconds
[2026-02-24T05:17:49.790+0530] {processor.py:161} INFO - Started process (PID=46459) to work on /Users/aswin/Documents/data-engineering-practice/ETL_Airflow_DBT/airflow/airflow_env/lib/python3.11/site-packages/airflow/example_dags/example_bash_operator.py
[2026-02-24T05:17:49.791+0530] {processor.py:830} INFO - Processing file /Users/aswin/Documents/data-engineering-practice/ETL_Airflow_DBT/airflow/airflow_env/lib/python3.11/site-packages/airflow/example_dags/example_bash_operator.py for tasks to queue
[2026-02-24T05:17:49.791+0530] {logging_mixin.py:188} INFO - [2026-02-24T05:17:49.791+0530] {dagbag.py:540} INFO - Filling up the DagBag from /Users/aswin/Documents/data-engineering-practice/ETL_Airflow_DBT/airflow/airflow_env/lib/python3.11/site-packages/airflow/example_dags/example_bash_operator.py
[2026-02-24T05:17:49.795+0530] {processor.py:840} INFO - DAG(s) 'example_bash_operator' retrieved from /Users/aswin/Documents/data-engineering-practice/ETL_Airflow_DBT/airflow/airflow_env/lib/python3.11/site-packages/airflow/example_dags/example_bash_operator.py
[2026-02-24T05:17:49.828+0530] {logging_mixin.py:188} INFO - [2026-02-24T05:17:49.828+0530] {dag.py:3096} INFO - Sync 1 DAGs
[2026-02-24T05:17:49.833+0530] {logging_mixin.py:188} INFO - [2026-02-24T05:17:49.833+0530] {dag.py:3954} INFO - Setting next_dagrun for example_bash_operator to 2026-02-22 00:00:00+00:00, run_after=2026-02-23 00:00:00+00:00
[2026-02-24T05:17:49.839+0530] {processor.py:183} INFO - Processing /Users/aswin/Documents/data-engineering-practice/ETL_Airflow_DBT/airflow/airflow_env/lib/python3.11/site-packages/airflow/example_dags/example_bash_operator.py took 0.051 seconds
[2026-02-24T05:19:23.344+0530] {processor.py:161} INFO - Started process (PID=46534) to work on /Users/aswin/Documents/data-engineering-practice/ETL_Airflow_DBT/airflow/airflow_env/lib/python3.11/site-packages/airflow/example_dags/example_bash_operator.py
[2026-02-24T05:19:23.345+0530] {processor.py:830} INFO - Processing file /Users/aswin/Documents/data-engineering-practice/ETL_Airflow_DBT/airflow/airflow_env/lib/python3.11/site-packages/airflow/example_dags/example_bash_operator.py for tasks to queue
[2026-02-24T05:19:23.345+0530] {logging_mixin.py:188} INFO - [2026-02-24T05:19:23.345+0530] {dagbag.py:540} INFO - Filling up the DagBag from /Users/aswin/Documents/data-engineering-practice/ETL_Airflow_DBT/airflow/airflow_env/lib/python3.11/site-packages/airflow/example_dags/example_bash_operator.py
[2026-02-24T05:19:23.349+0530] {processor.py:840} INFO - DAG(s) 'example_bash_operator' retrieved from /Users/aswin/Documents/data-engineering-practice/ETL_Airflow_DBT/airflow/airflow_env/lib/python3.11/site-packages/airflow/example_dags/example_bash_operator.py
[2026-02-24T05:19:23.381+0530] {logging_mixin.py:188} INFO - [2026-02-24T05:19:23.381+0530] {dag.py:3096} INFO - Sync 1 DAGs
[2026-02-24T05:19:23.386+0530] {logging_mixin.py:188} INFO - [2026-02-24T05:19:23.386+0530] {dag.py:3954} INFO - Setting next_dagrun for example_bash_operator to 2026-02-22 00:00:00+00:00, run_after=2026-02-23 00:00:00+00:00
[2026-02-24T05:19:23.392+0530] {processor.py:183} INFO - Processing /Users/aswin/Documents/data-engineering-practice/ETL_Airflow_DBT/airflow/airflow_env/lib/python3.11/site-packages/airflow/example_dags/example_bash_operator.py took 0.049 seconds
[2026-02-24T05:21:03.461+0530] {processor.py:161} INFO - Started process (PID=46623) to work on /Users/aswin/Documents/data-engineering-practice/ETL_Airflow_DBT/airflow/airflow_env/lib/python3.11/site-packages/airflow/example_dags/example_bash_operator.py
[2026-02-24T05:21:03.463+0530] {processor.py:830} INFO - Processing file /Users/aswin/Documents/data-engineering-practice/ETL_Airflow_DBT/airflow/airflow_env/lib/python3.11/site-packages/airflow/example_dags/example_bash_operator.py for tasks to queue
[2026-02-24T05:21:03.463+0530] {logging_mixin.py:188} INFO - [2026-02-24T05:21:03.463+0530] {dagbag.py:540} INFO - Filling up the DagBag from /Users/aswin/Documents/data-engineering-practice/ETL_Airflow_DBT/airflow/airflow_env/lib/python3.11/site-packages/airflow/example_dags/example_bash_operator.py
[2026-02-24T05:21:03.467+0530] {processor.py:840} INFO - DAG(s) 'example_bash_operator' retrieved from /Users/aswin/Documents/data-engineering-practice/ETL_Airflow_DBT/airflow/airflow_env/lib/python3.11/site-packages/airflow/example_dags/example_bash_operator.py
[2026-02-24T05:21:03.498+0530] {logging_mixin.py:188} INFO - [2026-02-24T05:21:03.498+0530] {dag.py:3096} INFO - Sync 1 DAGs
[2026-02-24T05:21:03.503+0530] {logging_mixin.py:188} INFO - [2026-02-24T05:21:03.503+0530] {dag.py:3954} INFO - Setting next_dagrun for example_bash_operator to 2026-02-22 00:00:00+00:00, run_after=2026-02-23 00:00:00+00:00
[2026-02-24T05:21:03.509+0530] {processor.py:183} INFO - Processing /Users/aswin/Documents/data-engineering-practice/ETL_Airflow_DBT/airflow/airflow_env/lib/python3.11/site-packages/airflow/example_dags/example_bash_operator.py took 0.049 seconds
[2026-02-24T05:22:29.847+0530] {processor.py:161} INFO - Started process (PID=46694) to work on /Users/aswin/Documents/data-engineering-practice/ETL_Airflow_DBT/airflow/airflow_env/lib/python3.11/site-packages/airflow/example_dags/example_bash_operator.py
[2026-02-24T05:22:29.848+0530] {processor.py:830} INFO - Processing file /Users/aswin/Documents/data-engineering-practice/ETL_Airflow_DBT/airflow/airflow_env/lib/python3.11/site-packages/airflow/example_dags/example_bash_operator.py for tasks to queue
[2026-02-24T05:22:29.849+0530] {logging_mixin.py:188} INFO - [2026-02-24T05:22:29.849+0530] {dagbag.py:540} INFO - Filling up the DagBag from /Users/aswin/Documents/data-engineering-practice/ETL_Airflow_DBT/airflow/airflow_env/lib/python3.11/site-packages/airflow/example_dags/example_bash_operator.py
[2026-02-24T05:22:29.853+0530] {processor.py:840} INFO - DAG(s) 'example_bash_operator' retrieved from /Users/aswin/Documents/data-engineering-practice/ETL_Airflow_DBT/airflow/airflow_env/lib/python3.11/site-packages/airflow/example_dags/example_bash_operator.py
[2026-02-24T05:22:29.884+0530] {logging_mixin.py:188} INFO - [2026-02-24T05:22:29.884+0530] {dag.py:3096} INFO - Sync 1 DAGs
[2026-02-24T05:22:29.889+0530] {logging_mixin.py:188} INFO - [2026-02-24T05:22:29.889+0530] {dag.py:3954} INFO - Setting next_dagrun for example_bash_operator to 2026-02-22 00:00:00+00:00, run_after=2026-02-23 00:00:00+00:00
[2026-02-24T05:22:29.895+0530] {processor.py:183} INFO - Processing /Users/aswin/Documents/data-engineering-practice/ETL_Airflow_DBT/airflow/airflow_env/lib/python3.11/site-packages/airflow/example_dags/example_bash_operator.py took 0.048 seconds
[2026-02-24T05:24:00.865+0530] {processor.py:161} INFO - Started process (PID=46761) to work on /Users/aswin/Documents/data-engineering-practice/ETL_Airflow_DBT/airflow/airflow_env/lib/python3.11/site-packages/airflow/example_dags/example_bash_operator.py
[2026-02-24T05:24:00.866+0530] {processor.py:830} INFO - Processing file /Users/aswin/Documents/data-engineering-practice/ETL_Airflow_DBT/airflow/airflow_env/lib/python3.11/site-packages/airflow/example_dags/example_bash_operator.py for tasks to queue
[2026-02-24T05:24:00.866+0530] {logging_mixin.py:188} INFO - [2026-02-24T05:24:00.866+0530] {dagbag.py:540} INFO - Filling up the DagBag from /Users/aswin/Documents/data-engineering-practice/ETL_Airflow_DBT/airflow/airflow_env/lib/python3.11/site-packages/airflow/example_dags/example_bash_operator.py
[2026-02-24T05:24:00.870+0530] {processor.py:840} INFO - DAG(s) 'example_bash_operator' retrieved from /Users/aswin/Documents/data-engineering-practice/ETL_Airflow_DBT/airflow/airflow_env/lib/python3.11/site-packages/airflow/example_dags/example_bash_operator.py
[2026-02-24T05:24:00.901+0530] {logging_mixin.py:188} INFO - [2026-02-24T05:24:00.901+0530] {dag.py:3096} INFO - Sync 1 DAGs
[2026-02-24T05:24:00.906+0530] {logging_mixin.py:188} INFO - [2026-02-24T05:24:00.906+0530] {dag.py:3954} INFO - Setting next_dagrun for example_bash_operator to 2026-02-22 00:00:00+00:00, run_after=2026-02-23 00:00:00+00:00
[2026-02-24T05:24:00.912+0530] {processor.py:183} INFO - Processing /Users/aswin/Documents/data-engineering-practice/ETL_Airflow_DBT/airflow/airflow_env/lib/python3.11/site-packages/airflow/example_dags/example_bash_operator.py took 0.048 seconds
[2026-02-24T05:25:31.859+0530] {processor.py:161} INFO - Started process (PID=46856) to work on /Users/aswin/Documents/data-engineering-practice/ETL_Airflow_DBT/airflow/airflow_env/lib/python3.11/site-packages/airflow/example_dags/example_bash_operator.py
[2026-02-24T05:25:31.859+0530] {processor.py:830} INFO - Processing file /Users/aswin/Documents/data-engineering-practice/ETL_Airflow_DBT/airflow/airflow_env/lib/python3.11/site-packages/airflow/example_dags/example_bash_operator.py for tasks to queue
[2026-02-24T05:25:31.860+0530] {logging_mixin.py:188} INFO - [2026-02-24T05:25:31.860+0530] {dagbag.py:540} INFO - Filling up the DagBag from /Users/aswin/Documents/data-engineering-practice/ETL_Airflow_DBT/airflow/airflow_env/lib/python3.11/site-packages/airflow/example_dags/example_bash_operator.py
[2026-02-24T05:25:31.866+0530] {processor.py:840} INFO - DAG(s) 'example_bash_operator' retrieved from /Users/aswin/Documents/data-engineering-practice/ETL_Airflow_DBT/airflow/airflow_env/lib/python3.11/site-packages/airflow/example_dags/example_bash_operator.py
[2026-02-24T05:25:31.898+0530] {logging_mixin.py:188} INFO - [2026-02-24T05:25:31.897+0530] {dag.py:3096} INFO - Sync 1 DAGs
[2026-02-24T05:25:31.903+0530] {logging_mixin.py:188} INFO - [2026-02-24T05:25:31.903+0530] {dag.py:3954} INFO - Setting next_dagrun for example_bash_operator to 2026-02-22 00:00:00+00:00, run_after=2026-02-23 00:00:00+00:00
[2026-02-24T05:25:31.909+0530] {processor.py:183} INFO - Processing /Users/aswin/Documents/data-engineering-practice/ETL_Airflow_DBT/airflow/airflow_env/lib/python3.11/site-packages/airflow/example_dags/example_bash_operator.py took 0.051 seconds
[2026-02-24T05:27:05.330+0530] {processor.py:161} INFO - Started process (PID=46927) to work on /Users/aswin/Documents/data-engineering-practice/ETL_Airflow_DBT/airflow/airflow_env/lib/python3.11/site-packages/airflow/example_dags/example_bash_operator.py
[2026-02-24T05:27:05.331+0530] {processor.py:830} INFO - Processing file /Users/aswin/Documents/data-engineering-practice/ETL_Airflow_DBT/airflow/airflow_env/lib/python3.11/site-packages/airflow/example_dags/example_bash_operator.py for tasks to queue
[2026-02-24T05:27:05.332+0530] {logging_mixin.py:188} INFO - [2026-02-24T05:27:05.331+0530] {dagbag.py:540} INFO - Filling up the DagBag from /Users/aswin/Documents/data-engineering-practice/ETL_Airflow_DBT/airflow/airflow_env/lib/python3.11/site-packages/airflow/example_dags/example_bash_operator.py
[2026-02-24T05:27:05.336+0530] {processor.py:840} INFO - DAG(s) 'example_bash_operator' retrieved from /Users/aswin/Documents/data-engineering-practice/ETL_Airflow_DBT/airflow/airflow_env/lib/python3.11/site-packages/airflow/example_dags/example_bash_operator.py
[2026-02-24T05:27:05.369+0530] {logging_mixin.py:188} INFO - [2026-02-24T05:27:05.369+0530] {dag.py:3096} INFO - Sync 1 DAGs
[2026-02-24T05:27:05.374+0530] {logging_mixin.py:188} INFO - [2026-02-24T05:27:05.374+0530] {dag.py:3954} INFO - Setting next_dagrun for example_bash_operator to 2026-02-22 00:00:00+00:00, run_after=2026-02-23 00:00:00+00:00
[2026-02-24T05:27:05.381+0530] {processor.py:183} INFO - Processing /Users/aswin/Documents/data-engineering-practice/ETL_Airflow_DBT/airflow/airflow_env/lib/python3.11/site-packages/airflow/example_dags/example_bash_operator.py took 0.052 seconds
[2026-02-24T05:28:33.176+0530] {processor.py:161} INFO - Started process (PID=46999) to work on /Users/aswin/Documents/data-engineering-practice/ETL_Airflow_DBT/airflow/airflow_env/lib/python3.11/site-packages/airflow/example_dags/example_bash_operator.py
[2026-02-24T05:28:33.176+0530] {processor.py:830} INFO - Processing file /Users/aswin/Documents/data-engineering-practice/ETL_Airflow_DBT/airflow/airflow_env/lib/python3.11/site-packages/airflow/example_dags/example_bash_operator.py for tasks to queue
[2026-02-24T05:28:33.177+0530] {logging_mixin.py:188} INFO - [2026-02-24T05:28:33.176+0530] {dagbag.py:540} INFO - Filling up the DagBag from /Users/aswin/Documents/data-engineering-practice/ETL_Airflow_DBT/airflow/airflow_env/lib/python3.11/site-packages/airflow/example_dags/example_bash_operator.py
[2026-02-24T05:28:33.181+0530] {processor.py:840} INFO - DAG(s) 'example_bash_operator' retrieved from /Users/aswin/Documents/data-engineering-practice/ETL_Airflow_DBT/airflow/airflow_env/lib/python3.11/site-packages/airflow/example_dags/example_bash_operator.py
[2026-02-24T05:28:33.212+0530] {logging_mixin.py:188} INFO - [2026-02-24T05:28:33.212+0530] {dag.py:3096} INFO - Sync 1 DAGs
[2026-02-24T05:28:33.217+0530] {logging_mixin.py:188} INFO - [2026-02-24T05:28:33.217+0530] {dag.py:3954} INFO - Setting next_dagrun for example_bash_operator to 2026-02-22 00:00:00+00:00, run_after=2026-02-23 00:00:00+00:00
[2026-02-24T05:28:33.223+0530] {processor.py:183} INFO - Processing /Users/aswin/Documents/data-engineering-practice/ETL_Airflow_DBT/airflow/airflow_env/lib/python3.11/site-packages/airflow/example_dags/example_bash_operator.py took 0.048 seconds
