[2026-02-24T04:39:08.166+0530] {processor.py:161} INFO - Started process (PID=42432) to work on /Users/aswin/Documents/data-engineering-practice/ETL_Airflow_DBT/airflow/airflow_env/lib/python3.11/site-packages/airflow/example_dags/example_sensors.py
[2026-02-24T04:39:08.167+0530] {processor.py:830} INFO - Processing file /Users/aswin/Documents/data-engineering-practice/ETL_Airflow_DBT/airflow/airflow_env/lib/python3.11/site-packages/airflow/example_dags/example_sensors.py for tasks to queue
[2026-02-24T04:39:08.167+0530] {logging_mixin.py:188} INFO - [2026-02-24T04:39:08.167+0530] {dagbag.py:540} INFO - Filling up the DagBag from /Users/aswin/Documents/data-engineering-practice/ETL_Airflow_DBT/airflow/airflow_env/lib/python3.11/site-packages/airflow/example_dags/example_sensors.py
[2026-02-24T04:39:08.172+0530] {processor.py:840} INFO - DAG(s) 'example_sensors' retrieved from /Users/aswin/Documents/data-engineering-practice/ETL_Airflow_DBT/airflow/airflow_env/lib/python3.11/site-packages/airflow/example_dags/example_sensors.py
[2026-02-24T04:39:08.235+0530] {logging_mixin.py:188} INFO - [2026-02-24T04:39:08.235+0530] {override.py:1829} INFO - Created Permission View: can delete on DAG:example_sensors
[2026-02-24T04:39:08.238+0530] {logging_mixin.py:188} INFO - [2026-02-24T04:39:08.238+0530] {override.py:1829} INFO - Created Permission View: can edit on DAG:example_sensors
[2026-02-24T04:39:08.239+0530] {logging_mixin.py:188} INFO - [2026-02-24T04:39:08.239+0530] {override.py:1829} INFO - Created Permission View: can read on DAG:example_sensors
[2026-02-24T04:39:08.239+0530] {logging_mixin.py:188} INFO - [2026-02-24T04:39:08.239+0530] {dag.py:3096} INFO - Sync 1 DAGs
[2026-02-24T04:39:08.242+0530] {logging_mixin.py:188} INFO - [2026-02-24T04:39:08.242+0530] {dag.py:3118} INFO - Creating ORM DAG for example_sensors
[2026-02-24T04:39:08.243+0530] {logging_mixin.py:188} INFO - [2026-02-24T04:39:08.243+0530] {dag.py:3954} INFO - Setting next_dagrun for example_sensors to None, run_after=None
[2026-02-24T04:39:08.248+0530] {processor.py:183} INFO - Processing /Users/aswin/Documents/data-engineering-practice/ETL_Airflow_DBT/airflow/airflow_env/lib/python3.11/site-packages/airflow/example_dags/example_sensors.py took 0.083 seconds
[2026-02-24T04:40:28.337+0530] {processor.py:161} INFO - Started process (PID=42505) to work on /Users/aswin/Documents/data-engineering-practice/ETL_Airflow_DBT/airflow/airflow_env/lib/python3.11/site-packages/airflow/example_dags/example_sensors.py
[2026-02-24T04:40:28.337+0530] {processor.py:830} INFO - Processing file /Users/aswin/Documents/data-engineering-practice/ETL_Airflow_DBT/airflow/airflow_env/lib/python3.11/site-packages/airflow/example_dags/example_sensors.py for tasks to queue
[2026-02-24T04:40:28.338+0530] {logging_mixin.py:188} INFO - [2026-02-24T04:40:28.337+0530] {dagbag.py:540} INFO - Filling up the DagBag from /Users/aswin/Documents/data-engineering-practice/ETL_Airflow_DBT/airflow/airflow_env/lib/python3.11/site-packages/airflow/example_dags/example_sensors.py
[2026-02-24T04:40:28.343+0530] {processor.py:840} INFO - DAG(s) 'example_sensors' retrieved from /Users/aswin/Documents/data-engineering-practice/ETL_Airflow_DBT/airflow/airflow_env/lib/python3.11/site-packages/airflow/example_dags/example_sensors.py
[2026-02-24T04:40:28.378+0530] {logging_mixin.py:188} INFO - [2026-02-24T04:40:28.378+0530] {dag.py:3096} INFO - Sync 1 DAGs
[2026-02-24T04:40:28.381+0530] {logging_mixin.py:188} INFO - [2026-02-24T04:40:28.381+0530] {dag.py:3954} INFO - Setting next_dagrun for example_sensors to None, run_after=None
[2026-02-24T04:40:28.387+0530] {processor.py:183} INFO - Processing /Users/aswin/Documents/data-engineering-practice/ETL_Airflow_DBT/airflow/airflow_env/lib/python3.11/site-packages/airflow/example_dags/example_sensors.py took 0.051 seconds
[2026-02-24T04:42:03.662+0530] {processor.py:161} INFO - Started process (PID=42610) to work on /Users/aswin/Documents/data-engineering-practice/ETL_Airflow_DBT/airflow/airflow_env/lib/python3.11/site-packages/airflow/example_dags/example_sensors.py
[2026-02-24T04:42:03.663+0530] {processor.py:830} INFO - Processing file /Users/aswin/Documents/data-engineering-practice/ETL_Airflow_DBT/airflow/airflow_env/lib/python3.11/site-packages/airflow/example_dags/example_sensors.py for tasks to queue
[2026-02-24T04:42:03.663+0530] {logging_mixin.py:188} INFO - [2026-02-24T04:42:03.663+0530] {dagbag.py:540} INFO - Filling up the DagBag from /Users/aswin/Documents/data-engineering-practice/ETL_Airflow_DBT/airflow/airflow_env/lib/python3.11/site-packages/airflow/example_dags/example_sensors.py
[2026-02-24T04:42:03.669+0530] {processor.py:840} INFO - DAG(s) 'example_sensors' retrieved from /Users/aswin/Documents/data-engineering-practice/ETL_Airflow_DBT/airflow/airflow_env/lib/python3.11/site-packages/airflow/example_dags/example_sensors.py
[2026-02-24T04:42:03.703+0530] {logging_mixin.py:188} INFO - [2026-02-24T04:42:03.703+0530] {dag.py:3096} INFO - Sync 1 DAGs
[2026-02-24T04:42:03.706+0530] {logging_mixin.py:188} INFO - [2026-02-24T04:42:03.706+0530] {dag.py:3954} INFO - Setting next_dagrun for example_sensors to None, run_after=None
[2026-02-24T04:42:03.712+0530] {processor.py:183} INFO - Processing /Users/aswin/Documents/data-engineering-practice/ETL_Airflow_DBT/airflow/airflow_env/lib/python3.11/site-packages/airflow/example_dags/example_sensors.py took 0.051 seconds
[2026-02-24T04:43:37.847+0530] {processor.py:161} INFO - Started process (PID=42707) to work on /Users/aswin/Documents/data-engineering-practice/ETL_Airflow_DBT/airflow/airflow_env/lib/python3.11/site-packages/airflow/example_dags/example_sensors.py
[2026-02-24T04:43:37.848+0530] {processor.py:830} INFO - Processing file /Users/aswin/Documents/data-engineering-practice/ETL_Airflow_DBT/airflow/airflow_env/lib/python3.11/site-packages/airflow/example_dags/example_sensors.py for tasks to queue
[2026-02-24T04:43:37.848+0530] {logging_mixin.py:188} INFO - [2026-02-24T04:43:37.848+0530] {dagbag.py:540} INFO - Filling up the DagBag from /Users/aswin/Documents/data-engineering-practice/ETL_Airflow_DBT/airflow/airflow_env/lib/python3.11/site-packages/airflow/example_dags/example_sensors.py
[2026-02-24T04:43:37.854+0530] {processor.py:840} INFO - DAG(s) 'example_sensors' retrieved from /Users/aswin/Documents/data-engineering-practice/ETL_Airflow_DBT/airflow/airflow_env/lib/python3.11/site-packages/airflow/example_dags/example_sensors.py
[2026-02-24T04:43:37.889+0530] {logging_mixin.py:188} INFO - [2026-02-24T04:43:37.888+0530] {dag.py:3096} INFO - Sync 1 DAGs
[2026-02-24T04:43:37.892+0530] {logging_mixin.py:188} INFO - [2026-02-24T04:43:37.891+0530] {dag.py:3954} INFO - Setting next_dagrun for example_sensors to None, run_after=None
[2026-02-24T04:43:37.898+0530] {processor.py:183} INFO - Processing /Users/aswin/Documents/data-engineering-practice/ETL_Airflow_DBT/airflow/airflow_env/lib/python3.11/site-packages/airflow/example_dags/example_sensors.py took 0.052 seconds
[2026-02-24T04:45:04.516+0530] {processor.py:161} INFO - Started process (PID=42782) to work on /Users/aswin/Documents/data-engineering-practice/ETL_Airflow_DBT/airflow/airflow_env/lib/python3.11/site-packages/airflow/example_dags/example_sensors.py
[2026-02-24T04:45:04.517+0530] {processor.py:830} INFO - Processing file /Users/aswin/Documents/data-engineering-practice/ETL_Airflow_DBT/airflow/airflow_env/lib/python3.11/site-packages/airflow/example_dags/example_sensors.py for tasks to queue
[2026-02-24T04:45:04.518+0530] {logging_mixin.py:188} INFO - [2026-02-24T04:45:04.518+0530] {dagbag.py:540} INFO - Filling up the DagBag from /Users/aswin/Documents/data-engineering-practice/ETL_Airflow_DBT/airflow/airflow_env/lib/python3.11/site-packages/airflow/example_dags/example_sensors.py
[2026-02-24T04:45:04.523+0530] {processor.py:840} INFO - DAG(s) 'example_sensors' retrieved from /Users/aswin/Documents/data-engineering-practice/ETL_Airflow_DBT/airflow/airflow_env/lib/python3.11/site-packages/airflow/example_dags/example_sensors.py
[2026-02-24T04:45:04.557+0530] {logging_mixin.py:188} INFO - [2026-02-24T04:45:04.557+0530] {dag.py:3096} INFO - Sync 1 DAGs
[2026-02-24T04:45:04.560+0530] {logging_mixin.py:188} INFO - [2026-02-24T04:45:04.560+0530] {dag.py:3954} INFO - Setting next_dagrun for example_sensors to None, run_after=None
[2026-02-24T04:45:04.566+0530] {processor.py:183} INFO - Processing /Users/aswin/Documents/data-engineering-practice/ETL_Airflow_DBT/airflow/airflow_env/lib/python3.11/site-packages/airflow/example_dags/example_sensors.py took 0.050 seconds
[2026-02-24T04:46:31.702+0530] {processor.py:161} INFO - Started process (PID=42852) to work on /Users/aswin/Documents/data-engineering-practice/ETL_Airflow_DBT/airflow/airflow_env/lib/python3.11/site-packages/airflow/example_dags/example_sensors.py
[2026-02-24T04:46:31.703+0530] {processor.py:830} INFO - Processing file /Users/aswin/Documents/data-engineering-practice/ETL_Airflow_DBT/airflow/airflow_env/lib/python3.11/site-packages/airflow/example_dags/example_sensors.py for tasks to queue
[2026-02-24T04:46:31.704+0530] {logging_mixin.py:188} INFO - [2026-02-24T04:46:31.704+0530] {dagbag.py:540} INFO - Filling up the DagBag from /Users/aswin/Documents/data-engineering-practice/ETL_Airflow_DBT/airflow/airflow_env/lib/python3.11/site-packages/airflow/example_dags/example_sensors.py
[2026-02-24T04:46:31.709+0530] {processor.py:840} INFO - DAG(s) 'example_sensors' retrieved from /Users/aswin/Documents/data-engineering-practice/ETL_Airflow_DBT/airflow/airflow_env/lib/python3.11/site-packages/airflow/example_dags/example_sensors.py
[2026-02-24T04:46:31.743+0530] {logging_mixin.py:188} INFO - [2026-02-24T04:46:31.743+0530] {dag.py:3096} INFO - Sync 1 DAGs
[2026-02-24T04:46:31.746+0530] {logging_mixin.py:188} INFO - [2026-02-24T04:46:31.746+0530] {dag.py:3954} INFO - Setting next_dagrun for example_sensors to None, run_after=None
[2026-02-24T04:46:31.752+0530] {processor.py:183} INFO - Processing /Users/aswin/Documents/data-engineering-practice/ETL_Airflow_DBT/airflow/airflow_env/lib/python3.11/site-packages/airflow/example_dags/example_sensors.py took 0.050 seconds
[2026-02-24T04:48:00.508+0530] {processor.py:161} INFO - Started process (PID=42919) to work on /Users/aswin/Documents/data-engineering-practice/ETL_Airflow_DBT/airflow/airflow_env/lib/python3.11/site-packages/airflow/example_dags/example_sensors.py
[2026-02-24T04:48:00.510+0530] {processor.py:830} INFO - Processing file /Users/aswin/Documents/data-engineering-practice/ETL_Airflow_DBT/airflow/airflow_env/lib/python3.11/site-packages/airflow/example_dags/example_sensors.py for tasks to queue
[2026-02-24T04:48:00.510+0530] {logging_mixin.py:188} INFO - [2026-02-24T04:48:00.510+0530] {dagbag.py:540} INFO - Filling up the DagBag from /Users/aswin/Documents/data-engineering-practice/ETL_Airflow_DBT/airflow/airflow_env/lib/python3.11/site-packages/airflow/example_dags/example_sensors.py
[2026-02-24T04:48:00.515+0530] {processor.py:840} INFO - DAG(s) 'example_sensors' retrieved from /Users/aswin/Documents/data-engineering-practice/ETL_Airflow_DBT/airflow/airflow_env/lib/python3.11/site-packages/airflow/example_dags/example_sensors.py
[2026-02-24T04:48:00.549+0530] {logging_mixin.py:188} INFO - [2026-02-24T04:48:00.549+0530] {dag.py:3096} INFO - Sync 1 DAGs
[2026-02-24T04:48:00.552+0530] {logging_mixin.py:188} INFO - [2026-02-24T04:48:00.552+0530] {dag.py:3954} INFO - Setting next_dagrun for example_sensors to None, run_after=None
[2026-02-24T04:48:00.558+0530] {processor.py:183} INFO - Processing /Users/aswin/Documents/data-engineering-practice/ETL_Airflow_DBT/airflow/airflow_env/lib/python3.11/site-packages/airflow/example_dags/example_sensors.py took 0.050 seconds
[2026-02-24T04:49:41.403+0530] {processor.py:161} INFO - Started process (PID=42994) to work on /Users/aswin/Documents/data-engineering-practice/ETL_Airflow_DBT/airflow/airflow_env/lib/python3.11/site-packages/airflow/example_dags/example_sensors.py
[2026-02-24T04:49:41.404+0530] {processor.py:830} INFO - Processing file /Users/aswin/Documents/data-engineering-practice/ETL_Airflow_DBT/airflow/airflow_env/lib/python3.11/site-packages/airflow/example_dags/example_sensors.py for tasks to queue
[2026-02-24T04:49:41.404+0530] {logging_mixin.py:188} INFO - [2026-02-24T04:49:41.404+0530] {dagbag.py:540} INFO - Filling up the DagBag from /Users/aswin/Documents/data-engineering-practice/ETL_Airflow_DBT/airflow/airflow_env/lib/python3.11/site-packages/airflow/example_dags/example_sensors.py
[2026-02-24T04:49:41.410+0530] {processor.py:840} INFO - DAG(s) 'example_sensors' retrieved from /Users/aswin/Documents/data-engineering-practice/ETL_Airflow_DBT/airflow/airflow_env/lib/python3.11/site-packages/airflow/example_dags/example_sensors.py
[2026-02-24T04:49:41.443+0530] {logging_mixin.py:188} INFO - [2026-02-24T04:49:41.443+0530] {dag.py:3096} INFO - Sync 1 DAGs
[2026-02-24T04:49:41.446+0530] {logging_mixin.py:188} INFO - [2026-02-24T04:49:41.446+0530] {dag.py:3954} INFO - Setting next_dagrun for example_sensors to None, run_after=None
[2026-02-24T04:49:41.452+0530] {processor.py:183} INFO - Processing /Users/aswin/Documents/data-engineering-practice/ETL_Airflow_DBT/airflow/airflow_env/lib/python3.11/site-packages/airflow/example_dags/example_sensors.py took 0.050 seconds
[2026-02-24T04:51:20.849+0530] {processor.py:161} INFO - Started process (PID=43069) to work on /Users/aswin/Documents/data-engineering-practice/ETL_Airflow_DBT/airflow/airflow_env/lib/python3.11/site-packages/airflow/example_dags/example_sensors.py
[2026-02-24T04:51:20.850+0530] {processor.py:830} INFO - Processing file /Users/aswin/Documents/data-engineering-practice/ETL_Airflow_DBT/airflow/airflow_env/lib/python3.11/site-packages/airflow/example_dags/example_sensors.py for tasks to queue
[2026-02-24T04:51:20.851+0530] {logging_mixin.py:188} INFO - [2026-02-24T04:51:20.851+0530] {dagbag.py:540} INFO - Filling up the DagBag from /Users/aswin/Documents/data-engineering-practice/ETL_Airflow_DBT/airflow/airflow_env/lib/python3.11/site-packages/airflow/example_dags/example_sensors.py
[2026-02-24T04:51:20.856+0530] {processor.py:840} INFO - DAG(s) 'example_sensors' retrieved from /Users/aswin/Documents/data-engineering-practice/ETL_Airflow_DBT/airflow/airflow_env/lib/python3.11/site-packages/airflow/example_dags/example_sensors.py
[2026-02-24T04:51:20.891+0530] {logging_mixin.py:188} INFO - [2026-02-24T04:51:20.891+0530] {dag.py:3096} INFO - Sync 1 DAGs
[2026-02-24T04:51:20.894+0530] {logging_mixin.py:188} INFO - [2026-02-24T04:51:20.894+0530] {dag.py:3954} INFO - Setting next_dagrun for example_sensors to None, run_after=None
[2026-02-24T04:51:20.900+0530] {processor.py:183} INFO - Processing /Users/aswin/Documents/data-engineering-practice/ETL_Airflow_DBT/airflow/airflow_env/lib/python3.11/site-packages/airflow/example_dags/example_sensors.py took 0.052 seconds
[2026-02-24T04:52:53.851+0530] {processor.py:161} INFO - Started process (PID=43139) to work on /Users/aswin/Documents/data-engineering-practice/ETL_Airflow_DBT/airflow/airflow_env/lib/python3.11/site-packages/airflow/example_dags/example_sensors.py
[2026-02-24T04:52:53.852+0530] {processor.py:830} INFO - Processing file /Users/aswin/Documents/data-engineering-practice/ETL_Airflow_DBT/airflow/airflow_env/lib/python3.11/site-packages/airflow/example_dags/example_sensors.py for tasks to queue
[2026-02-24T04:52:53.852+0530] {logging_mixin.py:188} INFO - [2026-02-24T04:52:53.852+0530] {dagbag.py:540} INFO - Filling up the DagBag from /Users/aswin/Documents/data-engineering-practice/ETL_Airflow_DBT/airflow/airflow_env/lib/python3.11/site-packages/airflow/example_dags/example_sensors.py
[2026-02-24T04:52:53.858+0530] {processor.py:840} INFO - DAG(s) 'example_sensors' retrieved from /Users/aswin/Documents/data-engineering-practice/ETL_Airflow_DBT/airflow/airflow_env/lib/python3.11/site-packages/airflow/example_dags/example_sensors.py
[2026-02-24T04:52:53.892+0530] {logging_mixin.py:188} INFO - [2026-02-24T04:52:53.892+0530] {dag.py:3096} INFO - Sync 1 DAGs
[2026-02-24T04:52:53.895+0530] {logging_mixin.py:188} INFO - [2026-02-24T04:52:53.895+0530] {dag.py:3954} INFO - Setting next_dagrun for example_sensors to None, run_after=None
[2026-02-24T04:52:53.901+0530] {processor.py:183} INFO - Processing /Users/aswin/Documents/data-engineering-practice/ETL_Airflow_DBT/airflow/airflow_env/lib/python3.11/site-packages/airflow/example_dags/example_sensors.py took 0.050 seconds
[2026-02-24T04:54:21.825+0530] {processor.py:161} INFO - Started process (PID=43204) to work on /Users/aswin/Documents/data-engineering-practice/ETL_Airflow_DBT/airflow/airflow_env/lib/python3.11/site-packages/airflow/example_dags/example_sensors.py
[2026-02-24T04:54:21.826+0530] {processor.py:830} INFO - Processing file /Users/aswin/Documents/data-engineering-practice/ETL_Airflow_DBT/airflow/airflow_env/lib/python3.11/site-packages/airflow/example_dags/example_sensors.py for tasks to queue
[2026-02-24T04:54:21.827+0530] {logging_mixin.py:188} INFO - [2026-02-24T04:54:21.826+0530] {dagbag.py:540} INFO - Filling up the DagBag from /Users/aswin/Documents/data-engineering-practice/ETL_Airflow_DBT/airflow/airflow_env/lib/python3.11/site-packages/airflow/example_dags/example_sensors.py
[2026-02-24T04:54:21.832+0530] {processor.py:840} INFO - DAG(s) 'example_sensors' retrieved from /Users/aswin/Documents/data-engineering-practice/ETL_Airflow_DBT/airflow/airflow_env/lib/python3.11/site-packages/airflow/example_dags/example_sensors.py
[2026-02-24T04:54:21.865+0530] {logging_mixin.py:188} INFO - [2026-02-24T04:54:21.865+0530] {dag.py:3096} INFO - Sync 1 DAGs
[2026-02-24T04:54:21.868+0530] {logging_mixin.py:188} INFO - [2026-02-24T04:54:21.868+0530] {dag.py:3954} INFO - Setting next_dagrun for example_sensors to None, run_after=None
[2026-02-24T04:54:21.874+0530] {processor.py:183} INFO - Processing /Users/aswin/Documents/data-engineering-practice/ETL_Airflow_DBT/airflow/airflow_env/lib/python3.11/site-packages/airflow/example_dags/example_sensors.py took 0.050 seconds
[2026-02-24T04:55:50.243+0530] {processor.py:161} INFO - Started process (PID=43288) to work on /Users/aswin/Documents/data-engineering-practice/ETL_Airflow_DBT/airflow/airflow_env/lib/python3.11/site-packages/airflow/example_dags/example_sensors.py
[2026-02-24T04:55:50.244+0530] {processor.py:830} INFO - Processing file /Users/aswin/Documents/data-engineering-practice/ETL_Airflow_DBT/airflow/airflow_env/lib/python3.11/site-packages/airflow/example_dags/example_sensors.py for tasks to queue
[2026-02-24T04:55:50.245+0530] {logging_mixin.py:188} INFO - [2026-02-24T04:55:50.245+0530] {dagbag.py:540} INFO - Filling up the DagBag from /Users/aswin/Documents/data-engineering-practice/ETL_Airflow_DBT/airflow/airflow_env/lib/python3.11/site-packages/airflow/example_dags/example_sensors.py
[2026-02-24T04:55:50.250+0530] {processor.py:840} INFO - DAG(s) 'example_sensors' retrieved from /Users/aswin/Documents/data-engineering-practice/ETL_Airflow_DBT/airflow/airflow_env/lib/python3.11/site-packages/airflow/example_dags/example_sensors.py
[2026-02-24T04:55:50.284+0530] {logging_mixin.py:188} INFO - [2026-02-24T04:55:50.284+0530] {dag.py:3096} INFO - Sync 1 DAGs
[2026-02-24T04:55:50.288+0530] {logging_mixin.py:188} INFO - [2026-02-24T04:55:50.288+0530] {dag.py:3954} INFO - Setting next_dagrun for example_sensors to None, run_after=None
[2026-02-24T04:55:50.295+0530] {processor.py:183} INFO - Processing /Users/aswin/Documents/data-engineering-practice/ETL_Airflow_DBT/airflow/airflow_env/lib/python3.11/site-packages/airflow/example_dags/example_sensors.py took 0.052 seconds
[2026-02-24T04:57:21.250+0530] {processor.py:161} INFO - Started process (PID=43354) to work on /Users/aswin/Documents/data-engineering-practice/ETL_Airflow_DBT/airflow/airflow_env/lib/python3.11/site-packages/airflow/example_dags/example_sensors.py
[2026-02-24T04:57:21.251+0530] {processor.py:830} INFO - Processing file /Users/aswin/Documents/data-engineering-practice/ETL_Airflow_DBT/airflow/airflow_env/lib/python3.11/site-packages/airflow/example_dags/example_sensors.py for tasks to queue
[2026-02-24T04:57:21.251+0530] {logging_mixin.py:188} INFO - [2026-02-24T04:57:21.251+0530] {dagbag.py:540} INFO - Filling up the DagBag from /Users/aswin/Documents/data-engineering-practice/ETL_Airflow_DBT/airflow/airflow_env/lib/python3.11/site-packages/airflow/example_dags/example_sensors.py
[2026-02-24T04:57:21.257+0530] {processor.py:840} INFO - DAG(s) 'example_sensors' retrieved from /Users/aswin/Documents/data-engineering-practice/ETL_Airflow_DBT/airflow/airflow_env/lib/python3.11/site-packages/airflow/example_dags/example_sensors.py
[2026-02-24T04:57:21.291+0530] {logging_mixin.py:188} INFO - [2026-02-24T04:57:21.291+0530] {dag.py:3096} INFO - Sync 1 DAGs
[2026-02-24T04:57:21.294+0530] {logging_mixin.py:188} INFO - [2026-02-24T04:57:21.294+0530] {dag.py:3954} INFO - Setting next_dagrun for example_sensors to None, run_after=None
[2026-02-24T04:57:21.300+0530] {processor.py:183} INFO - Processing /Users/aswin/Documents/data-engineering-practice/ETL_Airflow_DBT/airflow/airflow_env/lib/python3.11/site-packages/airflow/example_dags/example_sensors.py took 0.051 seconds
[2026-02-24T04:58:53.159+0530] {processor.py:161} INFO - Started process (PID=43425) to work on /Users/aswin/Documents/data-engineering-practice/ETL_Airflow_DBT/airflow/airflow_env/lib/python3.11/site-packages/airflow/example_dags/example_sensors.py
[2026-02-24T04:58:53.160+0530] {processor.py:830} INFO - Processing file /Users/aswin/Documents/data-engineering-practice/ETL_Airflow_DBT/airflow/airflow_env/lib/python3.11/site-packages/airflow/example_dags/example_sensors.py for tasks to queue
[2026-02-24T04:58:53.160+0530] {logging_mixin.py:188} INFO - [2026-02-24T04:58:53.160+0530] {dagbag.py:540} INFO - Filling up the DagBag from /Users/aswin/Documents/data-engineering-practice/ETL_Airflow_DBT/airflow/airflow_env/lib/python3.11/site-packages/airflow/example_dags/example_sensors.py
[2026-02-24T04:58:53.166+0530] {processor.py:840} INFO - DAG(s) 'example_sensors' retrieved from /Users/aswin/Documents/data-engineering-practice/ETL_Airflow_DBT/airflow/airflow_env/lib/python3.11/site-packages/airflow/example_dags/example_sensors.py
[2026-02-24T04:58:53.199+0530] {logging_mixin.py:188} INFO - [2026-02-24T04:58:53.199+0530] {dag.py:3096} INFO - Sync 1 DAGs
[2026-02-24T04:58:53.202+0530] {logging_mixin.py:188} INFO - [2026-02-24T04:58:53.202+0530] {dag.py:3954} INFO - Setting next_dagrun for example_sensors to None, run_after=None
[2026-02-24T04:58:53.208+0530] {processor.py:183} INFO - Processing /Users/aswin/Documents/data-engineering-practice/ETL_Airflow_DBT/airflow/airflow_env/lib/python3.11/site-packages/airflow/example_dags/example_sensors.py took 0.050 seconds
[2026-02-24T05:00:21.084+0530] {processor.py:161} INFO - Started process (PID=43495) to work on /Users/aswin/Documents/data-engineering-practice/ETL_Airflow_DBT/airflow/airflow_env/lib/python3.11/site-packages/airflow/example_dags/example_sensors.py
[2026-02-24T05:00:21.085+0530] {processor.py:830} INFO - Processing file /Users/aswin/Documents/data-engineering-practice/ETL_Airflow_DBT/airflow/airflow_env/lib/python3.11/site-packages/airflow/example_dags/example_sensors.py for tasks to queue
[2026-02-24T05:00:21.085+0530] {logging_mixin.py:188} INFO - [2026-02-24T05:00:21.085+0530] {dagbag.py:540} INFO - Filling up the DagBag from /Users/aswin/Documents/data-engineering-practice/ETL_Airflow_DBT/airflow/airflow_env/lib/python3.11/site-packages/airflow/example_dags/example_sensors.py
[2026-02-24T05:00:21.091+0530] {processor.py:840} INFO - DAG(s) 'example_sensors' retrieved from /Users/aswin/Documents/data-engineering-practice/ETL_Airflow_DBT/airflow/airflow_env/lib/python3.11/site-packages/airflow/example_dags/example_sensors.py
[2026-02-24T05:00:21.124+0530] {logging_mixin.py:188} INFO - [2026-02-24T05:00:21.124+0530] {dag.py:3096} INFO - Sync 1 DAGs
[2026-02-24T05:00:21.127+0530] {logging_mixin.py:188} INFO - [2026-02-24T05:00:21.127+0530] {dag.py:3954} INFO - Setting next_dagrun for example_sensors to None, run_after=None
[2026-02-24T05:00:21.133+0530] {processor.py:183} INFO - Processing /Users/aswin/Documents/data-engineering-practice/ETL_Airflow_DBT/airflow/airflow_env/lib/python3.11/site-packages/airflow/example_dags/example_sensors.py took 0.050 seconds
[2026-02-24T05:01:53.190+0530] {processor.py:161} INFO - Started process (PID=43581) to work on /Users/aswin/Documents/data-engineering-practice/ETL_Airflow_DBT/airflow/airflow_env/lib/python3.11/site-packages/airflow/example_dags/example_sensors.py
[2026-02-24T05:01:53.192+0530] {processor.py:830} INFO - Processing file /Users/aswin/Documents/data-engineering-practice/ETL_Airflow_DBT/airflow/airflow_env/lib/python3.11/site-packages/airflow/example_dags/example_sensors.py for tasks to queue
[2026-02-24T05:01:53.192+0530] {logging_mixin.py:188} INFO - [2026-02-24T05:01:53.192+0530] {dagbag.py:540} INFO - Filling up the DagBag from /Users/aswin/Documents/data-engineering-practice/ETL_Airflow_DBT/airflow/airflow_env/lib/python3.11/site-packages/airflow/example_dags/example_sensors.py
[2026-02-24T05:01:53.198+0530] {processor.py:840} INFO - DAG(s) 'example_sensors' retrieved from /Users/aswin/Documents/data-engineering-practice/ETL_Airflow_DBT/airflow/airflow_env/lib/python3.11/site-packages/airflow/example_dags/example_sensors.py
[2026-02-24T05:01:53.232+0530] {logging_mixin.py:188} INFO - [2026-02-24T05:01:53.232+0530] {dag.py:3096} INFO - Sync 1 DAGs
[2026-02-24T05:01:53.235+0530] {logging_mixin.py:188} INFO - [2026-02-24T05:01:53.235+0530] {dag.py:3954} INFO - Setting next_dagrun for example_sensors to None, run_after=None
[2026-02-24T05:01:53.241+0530] {processor.py:183} INFO - Processing /Users/aswin/Documents/data-engineering-practice/ETL_Airflow_DBT/airflow/airflow_env/lib/python3.11/site-packages/airflow/example_dags/example_sensors.py took 0.052 seconds
[2026-02-24T05:03:20.086+0530] {processor.py:161} INFO - Started process (PID=43701) to work on /Users/aswin/Documents/data-engineering-practice/ETL_Airflow_DBT/airflow/airflow_env/lib/python3.11/site-packages/airflow/example_dags/example_sensors.py
[2026-02-24T05:03:20.086+0530] {processor.py:830} INFO - Processing file /Users/aswin/Documents/data-engineering-practice/ETL_Airflow_DBT/airflow/airflow_env/lib/python3.11/site-packages/airflow/example_dags/example_sensors.py for tasks to queue
[2026-02-24T05:03:20.086+0530] {logging_mixin.py:188} INFO - [2026-02-24T05:03:20.086+0530] {dagbag.py:540} INFO - Filling up the DagBag from /Users/aswin/Documents/data-engineering-practice/ETL_Airflow_DBT/airflow/airflow_env/lib/python3.11/site-packages/airflow/example_dags/example_sensors.py
[2026-02-24T05:03:20.092+0530] {processor.py:840} INFO - DAG(s) 'example_sensors' retrieved from /Users/aswin/Documents/data-engineering-practice/ETL_Airflow_DBT/airflow/airflow_env/lib/python3.11/site-packages/airflow/example_dags/example_sensors.py
[2026-02-24T05:03:20.126+0530] {logging_mixin.py:188} INFO - [2026-02-24T05:03:20.126+0530] {dag.py:3096} INFO - Sync 1 DAGs
[2026-02-24T05:03:20.129+0530] {logging_mixin.py:188} INFO - [2026-02-24T05:03:20.129+0530] {dag.py:3954} INFO - Setting next_dagrun for example_sensors to None, run_after=None
[2026-02-24T05:03:20.135+0530] {processor.py:183} INFO - Processing /Users/aswin/Documents/data-engineering-practice/ETL_Airflow_DBT/airflow/airflow_env/lib/python3.11/site-packages/airflow/example_dags/example_sensors.py took 0.050 seconds
[2026-02-24T05:04:54.291+0530] {processor.py:161} INFO - Started process (PID=44213) to work on /Users/aswin/Documents/data-engineering-practice/ETL_Airflow_DBT/airflow/airflow_env/lib/python3.11/site-packages/airflow/example_dags/example_sensors.py
[2026-02-24T05:04:54.292+0530] {processor.py:830} INFO - Processing file /Users/aswin/Documents/data-engineering-practice/ETL_Airflow_DBT/airflow/airflow_env/lib/python3.11/site-packages/airflow/example_dags/example_sensors.py for tasks to queue
[2026-02-24T05:04:54.292+0530] {logging_mixin.py:188} INFO - [2026-02-24T05:04:54.292+0530] {dagbag.py:540} INFO - Filling up the DagBag from /Users/aswin/Documents/data-engineering-practice/ETL_Airflow_DBT/airflow/airflow_env/lib/python3.11/site-packages/airflow/example_dags/example_sensors.py
[2026-02-24T05:04:54.298+0530] {processor.py:840} INFO - DAG(s) 'example_sensors' retrieved from /Users/aswin/Documents/data-engineering-practice/ETL_Airflow_DBT/airflow/airflow_env/lib/python3.11/site-packages/airflow/example_dags/example_sensors.py
[2026-02-24T05:04:54.331+0530] {logging_mixin.py:188} INFO - [2026-02-24T05:04:54.331+0530] {dag.py:3096} INFO - Sync 1 DAGs
[2026-02-24T05:04:54.334+0530] {logging_mixin.py:188} INFO - [2026-02-24T05:04:54.334+0530] {dag.py:3954} INFO - Setting next_dagrun for example_sensors to None, run_after=None
[2026-02-24T05:04:54.340+0530] {processor.py:183} INFO - Processing /Users/aswin/Documents/data-engineering-practice/ETL_Airflow_DBT/airflow/airflow_env/lib/python3.11/site-packages/airflow/example_dags/example_sensors.py took 0.050 seconds
[2026-02-24T05:06:29.652+0530] {processor.py:161} INFO - Started process (PID=45001) to work on /Users/aswin/Documents/data-engineering-practice/ETL_Airflow_DBT/airflow/airflow_env/lib/python3.11/site-packages/airflow/example_dags/example_sensors.py
[2026-02-24T05:06:29.653+0530] {processor.py:830} INFO - Processing file /Users/aswin/Documents/data-engineering-practice/ETL_Airflow_DBT/airflow/airflow_env/lib/python3.11/site-packages/airflow/example_dags/example_sensors.py for tasks to queue
[2026-02-24T05:06:29.654+0530] {logging_mixin.py:188} INFO - [2026-02-24T05:06:29.653+0530] {dagbag.py:540} INFO - Filling up the DagBag from /Users/aswin/Documents/data-engineering-practice/ETL_Airflow_DBT/airflow/airflow_env/lib/python3.11/site-packages/airflow/example_dags/example_sensors.py
[2026-02-24T05:06:29.661+0530] {processor.py:840} INFO - DAG(s) 'example_sensors' retrieved from /Users/aswin/Documents/data-engineering-practice/ETL_Airflow_DBT/airflow/airflow_env/lib/python3.11/site-packages/airflow/example_dags/example_sensors.py
[2026-02-24T05:06:29.695+0530] {logging_mixin.py:188} INFO - [2026-02-24T05:06:29.695+0530] {dag.py:3096} INFO - Sync 1 DAGs
[2026-02-24T05:06:29.698+0530] {logging_mixin.py:188} INFO - [2026-02-24T05:06:29.698+0530] {dag.py:3954} INFO - Setting next_dagrun for example_sensors to None, run_after=None
[2026-02-24T05:06:29.704+0530] {processor.py:183} INFO - Processing /Users/aswin/Documents/data-engineering-practice/ETL_Airflow_DBT/airflow/airflow_env/lib/python3.11/site-packages/airflow/example_dags/example_sensors.py took 0.053 seconds
[2026-02-24T05:08:02.656+0530] {processor.py:161} INFO - Started process (PID=45084) to work on /Users/aswin/Documents/data-engineering-practice/ETL_Airflow_DBT/airflow/airflow_env/lib/python3.11/site-packages/airflow/example_dags/example_sensors.py
[2026-02-24T05:08:02.657+0530] {processor.py:830} INFO - Processing file /Users/aswin/Documents/data-engineering-practice/ETL_Airflow_DBT/airflow/airflow_env/lib/python3.11/site-packages/airflow/example_dags/example_sensors.py for tasks to queue
[2026-02-24T05:08:02.658+0530] {logging_mixin.py:188} INFO - [2026-02-24T05:08:02.658+0530] {dagbag.py:540} INFO - Filling up the DagBag from /Users/aswin/Documents/data-engineering-practice/ETL_Airflow_DBT/airflow/airflow_env/lib/python3.11/site-packages/airflow/example_dags/example_sensors.py
[2026-02-24T05:08:02.664+0530] {processor.py:840} INFO - DAG(s) 'example_sensors' retrieved from /Users/aswin/Documents/data-engineering-practice/ETL_Airflow_DBT/airflow/airflow_env/lib/python3.11/site-packages/airflow/example_dags/example_sensors.py
[2026-02-24T05:08:02.698+0530] {logging_mixin.py:188} INFO - [2026-02-24T05:08:02.698+0530] {dag.py:3096} INFO - Sync 1 DAGs
[2026-02-24T05:08:02.701+0530] {logging_mixin.py:188} INFO - [2026-02-24T05:08:02.701+0530] {dag.py:3954} INFO - Setting next_dagrun for example_sensors to None, run_after=None
[2026-02-24T05:08:02.707+0530] {processor.py:183} INFO - Processing /Users/aswin/Documents/data-engineering-practice/ETL_Airflow_DBT/airflow/airflow_env/lib/python3.11/site-packages/airflow/example_dags/example_sensors.py took 0.052 seconds
[2026-02-24T05:09:29.987+0530] {processor.py:161} INFO - Started process (PID=45155) to work on /Users/aswin/Documents/data-engineering-practice/ETL_Airflow_DBT/airflow/airflow_env/lib/python3.11/site-packages/airflow/example_dags/example_sensors.py
[2026-02-24T05:09:29.989+0530] {processor.py:830} INFO - Processing file /Users/aswin/Documents/data-engineering-practice/ETL_Airflow_DBT/airflow/airflow_env/lib/python3.11/site-packages/airflow/example_dags/example_sensors.py for tasks to queue
[2026-02-24T05:09:29.989+0530] {logging_mixin.py:188} INFO - [2026-02-24T05:09:29.989+0530] {dagbag.py:540} INFO - Filling up the DagBag from /Users/aswin/Documents/data-engineering-practice/ETL_Airflow_DBT/airflow/airflow_env/lib/python3.11/site-packages/airflow/example_dags/example_sensors.py
[2026-02-24T05:09:29.995+0530] {processor.py:840} INFO - DAG(s) 'example_sensors' retrieved from /Users/aswin/Documents/data-engineering-practice/ETL_Airflow_DBT/airflow/airflow_env/lib/python3.11/site-packages/airflow/example_dags/example_sensors.py
[2026-02-24T05:09:30.029+0530] {logging_mixin.py:188} INFO - [2026-02-24T05:09:30.028+0530] {dag.py:3096} INFO - Sync 1 DAGs
[2026-02-24T05:09:30.031+0530] {logging_mixin.py:188} INFO - [2026-02-24T05:09:30.031+0530] {dag.py:3954} INFO - Setting next_dagrun for example_sensors to None, run_after=None
[2026-02-24T05:09:30.037+0530] {processor.py:183} INFO - Processing /Users/aswin/Documents/data-engineering-practice/ETL_Airflow_DBT/airflow/airflow_env/lib/python3.11/site-packages/airflow/example_dags/example_sensors.py took 0.051 seconds
[2026-02-24T05:10:55.174+0530] {processor.py:161} INFO - Started process (PID=45221) to work on /Users/aswin/Documents/data-engineering-practice/ETL_Airflow_DBT/airflow/airflow_env/lib/python3.11/site-packages/airflow/example_dags/example_sensors.py
[2026-02-24T05:10:55.174+0530] {processor.py:830} INFO - Processing file /Users/aswin/Documents/data-engineering-practice/ETL_Airflow_DBT/airflow/airflow_env/lib/python3.11/site-packages/airflow/example_dags/example_sensors.py for tasks to queue
[2026-02-24T05:10:55.174+0530] {logging_mixin.py:188} INFO - [2026-02-24T05:10:55.174+0530] {dagbag.py:540} INFO - Filling up the DagBag from /Users/aswin/Documents/data-engineering-practice/ETL_Airflow_DBT/airflow/airflow_env/lib/python3.11/site-packages/airflow/example_dags/example_sensors.py
[2026-02-24T05:10:55.181+0530] {processor.py:840} INFO - DAG(s) 'example_sensors' retrieved from /Users/aswin/Documents/data-engineering-practice/ETL_Airflow_DBT/airflow/airflow_env/lib/python3.11/site-packages/airflow/example_dags/example_sensors.py
[2026-02-24T05:10:55.214+0530] {logging_mixin.py:188} INFO - [2026-02-24T05:10:55.214+0530] {dag.py:3096} INFO - Sync 1 DAGs
[2026-02-24T05:10:55.217+0530] {logging_mixin.py:188} INFO - [2026-02-24T05:10:55.217+0530] {dag.py:3954} INFO - Setting next_dagrun for example_sensors to None, run_after=None
[2026-02-24T05:10:55.223+0530] {processor.py:183} INFO - Processing /Users/aswin/Documents/data-engineering-practice/ETL_Airflow_DBT/airflow/airflow_env/lib/python3.11/site-packages/airflow/example_dags/example_sensors.py took 0.050 seconds
[2026-02-24T05:12:18.735+0530] {processor.py:161} INFO - Started process (PID=45342) to work on /Users/aswin/Documents/data-engineering-practice/ETL_Airflow_DBT/airflow/airflow_env/lib/python3.11/site-packages/airflow/example_dags/example_sensors.py
[2026-02-24T05:12:18.735+0530] {processor.py:830} INFO - Processing file /Users/aswin/Documents/data-engineering-practice/ETL_Airflow_DBT/airflow/airflow_env/lib/python3.11/site-packages/airflow/example_dags/example_sensors.py for tasks to queue
[2026-02-24T05:12:18.736+0530] {logging_mixin.py:188} INFO - [2026-02-24T05:12:18.736+0530] {dagbag.py:540} INFO - Filling up the DagBag from /Users/aswin/Documents/data-engineering-practice/ETL_Airflow_DBT/airflow/airflow_env/lib/python3.11/site-packages/airflow/example_dags/example_sensors.py
[2026-02-24T05:12:18.742+0530] {processor.py:840} INFO - DAG(s) 'example_sensors' retrieved from /Users/aswin/Documents/data-engineering-practice/ETL_Airflow_DBT/airflow/airflow_env/lib/python3.11/site-packages/airflow/example_dags/example_sensors.py
[2026-02-24T05:12:18.775+0530] {logging_mixin.py:188} INFO - [2026-02-24T05:12:18.775+0530] {dag.py:3096} INFO - Sync 1 DAGs
[2026-02-24T05:12:18.778+0530] {logging_mixin.py:188} INFO - [2026-02-24T05:12:18.778+0530] {dag.py:3954} INFO - Setting next_dagrun for example_sensors to None, run_after=None
[2026-02-24T05:12:18.785+0530] {processor.py:183} INFO - Processing /Users/aswin/Documents/data-engineering-practice/ETL_Airflow_DBT/airflow/airflow_env/lib/python3.11/site-packages/airflow/example_dags/example_sensors.py took 0.051 seconds
[2026-02-24T05:13:51.808+0530] {processor.py:161} INFO - Started process (PID=45662) to work on /Users/aswin/Documents/data-engineering-practice/ETL_Airflow_DBT/airflow/airflow_env/lib/python3.11/site-packages/airflow/example_dags/example_sensors.py
[2026-02-24T05:13:51.809+0530] {processor.py:830} INFO - Processing file /Users/aswin/Documents/data-engineering-practice/ETL_Airflow_DBT/airflow/airflow_env/lib/python3.11/site-packages/airflow/example_dags/example_sensors.py for tasks to queue
[2026-02-24T05:13:51.809+0530] {logging_mixin.py:188} INFO - [2026-02-24T05:13:51.809+0530] {dagbag.py:540} INFO - Filling up the DagBag from /Users/aswin/Documents/data-engineering-practice/ETL_Airflow_DBT/airflow/airflow_env/lib/python3.11/site-packages/airflow/example_dags/example_sensors.py
[2026-02-24T05:13:51.816+0530] {processor.py:840} INFO - DAG(s) 'example_sensors' retrieved from /Users/aswin/Documents/data-engineering-practice/ETL_Airflow_DBT/airflow/airflow_env/lib/python3.11/site-packages/airflow/example_dags/example_sensors.py
[2026-02-24T05:13:51.859+0530] {logging_mixin.py:188} INFO - [2026-02-24T05:13:51.859+0530] {dag.py:3096} INFO - Sync 1 DAGs
[2026-02-24T05:13:51.862+0530] {logging_mixin.py:188} INFO - [2026-02-24T05:13:51.862+0530] {dag.py:3954} INFO - Setting next_dagrun for example_sensors to None, run_after=None
[2026-02-24T05:13:51.870+0530] {processor.py:183} INFO - Processing /Users/aswin/Documents/data-engineering-practice/ETL_Airflow_DBT/airflow/airflow_env/lib/python3.11/site-packages/airflow/example_dags/example_sensors.py took 0.063 seconds
[2026-02-24T05:15:22.810+0530] {processor.py:161} INFO - Started process (PID=45778) to work on /Users/aswin/Documents/data-engineering-practice/ETL_Airflow_DBT/airflow/airflow_env/lib/python3.11/site-packages/airflow/example_dags/example_sensors.py
[2026-02-24T05:15:22.811+0530] {processor.py:830} INFO - Processing file /Users/aswin/Documents/data-engineering-practice/ETL_Airflow_DBT/airflow/airflow_env/lib/python3.11/site-packages/airflow/example_dags/example_sensors.py for tasks to queue
[2026-02-24T05:15:22.811+0530] {logging_mixin.py:188} INFO - [2026-02-24T05:15:22.811+0530] {dagbag.py:540} INFO - Filling up the DagBag from /Users/aswin/Documents/data-engineering-practice/ETL_Airflow_DBT/airflow/airflow_env/lib/python3.11/site-packages/airflow/example_dags/example_sensors.py
[2026-02-24T05:15:22.817+0530] {processor.py:840} INFO - DAG(s) 'example_sensors' retrieved from /Users/aswin/Documents/data-engineering-practice/ETL_Airflow_DBT/airflow/airflow_env/lib/python3.11/site-packages/airflow/example_dags/example_sensors.py
[2026-02-24T05:15:22.851+0530] {logging_mixin.py:188} INFO - [2026-02-24T05:15:22.851+0530] {dag.py:3096} INFO - Sync 1 DAGs
[2026-02-24T05:15:22.854+0530] {logging_mixin.py:188} INFO - [2026-02-24T05:15:22.854+0530] {dag.py:3954} INFO - Setting next_dagrun for example_sensors to None, run_after=None
[2026-02-24T05:15:22.861+0530] {processor.py:183} INFO - Processing /Users/aswin/Documents/data-engineering-practice/ETL_Airflow_DBT/airflow/airflow_env/lib/python3.11/site-packages/airflow/example_dags/example_sensors.py took 0.052 seconds
[2026-02-24T05:16:55.512+0530] {processor.py:161} INFO - Started process (PID=46413) to work on /Users/aswin/Documents/data-engineering-practice/ETL_Airflow_DBT/airflow/airflow_env/lib/python3.11/site-packages/airflow/example_dags/example_sensors.py
[2026-02-24T05:16:55.513+0530] {processor.py:830} INFO - Processing file /Users/aswin/Documents/data-engineering-practice/ETL_Airflow_DBT/airflow/airflow_env/lib/python3.11/site-packages/airflow/example_dags/example_sensors.py for tasks to queue
[2026-02-24T05:16:55.513+0530] {logging_mixin.py:188} INFO - [2026-02-24T05:16:55.513+0530] {dagbag.py:540} INFO - Filling up the DagBag from /Users/aswin/Documents/data-engineering-practice/ETL_Airflow_DBT/airflow/airflow_env/lib/python3.11/site-packages/airflow/example_dags/example_sensors.py
[2026-02-24T05:16:55.519+0530] {processor.py:840} INFO - DAG(s) 'example_sensors' retrieved from /Users/aswin/Documents/data-engineering-practice/ETL_Airflow_DBT/airflow/airflow_env/lib/python3.11/site-packages/airflow/example_dags/example_sensors.py
[2026-02-24T05:16:55.553+0530] {logging_mixin.py:188} INFO - [2026-02-24T05:16:55.553+0530] {dag.py:3096} INFO - Sync 1 DAGs
[2026-02-24T05:16:55.556+0530] {logging_mixin.py:188} INFO - [2026-02-24T05:16:55.556+0530] {dag.py:3954} INFO - Setting next_dagrun for example_sensors to None, run_after=None
[2026-02-24T05:16:55.562+0530] {processor.py:183} INFO - Processing /Users/aswin/Documents/data-engineering-practice/ETL_Airflow_DBT/airflow/airflow_env/lib/python3.11/site-packages/airflow/example_dags/example_sensors.py took 0.050 seconds
[2026-02-24T05:18:24.858+0530] {processor.py:161} INFO - Started process (PID=46488) to work on /Users/aswin/Documents/data-engineering-practice/ETL_Airflow_DBT/airflow/airflow_env/lib/python3.11/site-packages/airflow/example_dags/example_sensors.py
[2026-02-24T05:18:24.858+0530] {processor.py:830} INFO - Processing file /Users/aswin/Documents/data-engineering-practice/ETL_Airflow_DBT/airflow/airflow_env/lib/python3.11/site-packages/airflow/example_dags/example_sensors.py for tasks to queue
[2026-02-24T05:18:24.859+0530] {logging_mixin.py:188} INFO - [2026-02-24T05:18:24.859+0530] {dagbag.py:540} INFO - Filling up the DagBag from /Users/aswin/Documents/data-engineering-practice/ETL_Airflow_DBT/airflow/airflow_env/lib/python3.11/site-packages/airflow/example_dags/example_sensors.py
[2026-02-24T05:18:24.865+0530] {processor.py:840} INFO - DAG(s) 'example_sensors' retrieved from /Users/aswin/Documents/data-engineering-practice/ETL_Airflow_DBT/airflow/airflow_env/lib/python3.11/site-packages/airflow/example_dags/example_sensors.py
[2026-02-24T05:18:24.898+0530] {logging_mixin.py:188} INFO - [2026-02-24T05:18:24.898+0530] {dag.py:3096} INFO - Sync 1 DAGs
[2026-02-24T05:18:24.901+0530] {logging_mixin.py:188} INFO - [2026-02-24T05:18:24.901+0530] {dag.py:3954} INFO - Setting next_dagrun for example_sensors to None, run_after=None
[2026-02-24T05:18:24.907+0530] {processor.py:183} INFO - Processing /Users/aswin/Documents/data-engineering-practice/ETL_Airflow_DBT/airflow/airflow_env/lib/python3.11/site-packages/airflow/example_dags/example_sensors.py took 0.051 seconds
[2026-02-24T05:20:03.153+0530] {processor.py:161} INFO - Started process (PID=46576) to work on /Users/aswin/Documents/data-engineering-practice/ETL_Airflow_DBT/airflow/airflow_env/lib/python3.11/site-packages/airflow/example_dags/example_sensors.py
[2026-02-24T05:20:03.153+0530] {processor.py:830} INFO - Processing file /Users/aswin/Documents/data-engineering-practice/ETL_Airflow_DBT/airflow/airflow_env/lib/python3.11/site-packages/airflow/example_dags/example_sensors.py for tasks to queue
[2026-02-24T05:20:03.154+0530] {logging_mixin.py:188} INFO - [2026-02-24T05:20:03.154+0530] {dagbag.py:540} INFO - Filling up the DagBag from /Users/aswin/Documents/data-engineering-practice/ETL_Airflow_DBT/airflow/airflow_env/lib/python3.11/site-packages/airflow/example_dags/example_sensors.py
[2026-02-24T05:20:03.158+0530] {processor.py:840} INFO - DAG(s) 'example_sensors' retrieved from /Users/aswin/Documents/data-engineering-practice/ETL_Airflow_DBT/airflow/airflow_env/lib/python3.11/site-packages/airflow/example_dags/example_sensors.py
[2026-02-24T05:20:03.192+0530] {logging_mixin.py:188} INFO - [2026-02-24T05:20:03.192+0530] {dag.py:3096} INFO - Sync 1 DAGs
[2026-02-24T05:20:03.195+0530] {logging_mixin.py:188} INFO - [2026-02-24T05:20:03.194+0530] {dag.py:3954} INFO - Setting next_dagrun for example_sensors to None, run_after=None
[2026-02-24T05:20:03.201+0530] {processor.py:183} INFO - Processing /Users/aswin/Documents/data-engineering-practice/ETL_Airflow_DBT/airflow/airflow_env/lib/python3.11/site-packages/airflow/example_dags/example_sensors.py took 0.049 seconds
[2026-02-24T05:21:36.755+0530] {processor.py:161} INFO - Started process (PID=46648) to work on /Users/aswin/Documents/data-engineering-practice/ETL_Airflow_DBT/airflow/airflow_env/lib/python3.11/site-packages/airflow/example_dags/example_sensors.py
[2026-02-24T05:21:36.756+0530] {processor.py:830} INFO - Processing file /Users/aswin/Documents/data-engineering-practice/ETL_Airflow_DBT/airflow/airflow_env/lib/python3.11/site-packages/airflow/example_dags/example_sensors.py for tasks to queue
[2026-02-24T05:21:36.756+0530] {logging_mixin.py:188} INFO - [2026-02-24T05:21:36.756+0530] {dagbag.py:540} INFO - Filling up the DagBag from /Users/aswin/Documents/data-engineering-practice/ETL_Airflow_DBT/airflow/airflow_env/lib/python3.11/site-packages/airflow/example_dags/example_sensors.py
[2026-02-24T05:21:36.762+0530] {processor.py:840} INFO - DAG(s) 'example_sensors' retrieved from /Users/aswin/Documents/data-engineering-practice/ETL_Airflow_DBT/airflow/airflow_env/lib/python3.11/site-packages/airflow/example_dags/example_sensors.py
[2026-02-24T05:21:36.796+0530] {logging_mixin.py:188} INFO - [2026-02-24T05:21:36.796+0530] {dag.py:3096} INFO - Sync 1 DAGs
[2026-02-24T05:21:36.798+0530] {logging_mixin.py:188} INFO - [2026-02-24T05:21:36.798+0530] {dag.py:3954} INFO - Setting next_dagrun for example_sensors to None, run_after=None
[2026-02-24T05:21:36.804+0530] {processor.py:183} INFO - Processing /Users/aswin/Documents/data-engineering-practice/ETL_Airflow_DBT/airflow/airflow_env/lib/python3.11/site-packages/airflow/example_dags/example_sensors.py took 0.050 seconds
[2026-02-24T05:23:06.626+0530] {processor.py:161} INFO - Started process (PID=46719) to work on /Users/aswin/Documents/data-engineering-practice/ETL_Airflow_DBT/airflow/airflow_env/lib/python3.11/site-packages/airflow/example_dags/example_sensors.py
[2026-02-24T05:23:06.627+0530] {processor.py:830} INFO - Processing file /Users/aswin/Documents/data-engineering-practice/ETL_Airflow_DBT/airflow/airflow_env/lib/python3.11/site-packages/airflow/example_dags/example_sensors.py for tasks to queue
[2026-02-24T05:23:06.628+0530] {logging_mixin.py:188} INFO - [2026-02-24T05:23:06.628+0530] {dagbag.py:540} INFO - Filling up the DagBag from /Users/aswin/Documents/data-engineering-practice/ETL_Airflow_DBT/airflow/airflow_env/lib/python3.11/site-packages/airflow/example_dags/example_sensors.py
[2026-02-24T05:23:06.634+0530] {processor.py:840} INFO - DAG(s) 'example_sensors' retrieved from /Users/aswin/Documents/data-engineering-practice/ETL_Airflow_DBT/airflow/airflow_env/lib/python3.11/site-packages/airflow/example_dags/example_sensors.py
[2026-02-24T05:23:06.667+0530] {logging_mixin.py:188} INFO - [2026-02-24T05:23:06.667+0530] {dag.py:3096} INFO - Sync 1 DAGs
[2026-02-24T05:23:06.670+0530] {logging_mixin.py:188} INFO - [2026-02-24T05:23:06.670+0530] {dag.py:3954} INFO - Setting next_dagrun for example_sensors to None, run_after=None
[2026-02-24T05:23:06.676+0530] {processor.py:183} INFO - Processing /Users/aswin/Documents/data-engineering-practice/ETL_Airflow_DBT/airflow/airflow_env/lib/python3.11/site-packages/airflow/example_dags/example_sensors.py took 0.051 seconds
[2026-02-24T05:24:35.651+0530] {processor.py:161} INFO - Started process (PID=46794) to work on /Users/aswin/Documents/data-engineering-practice/ETL_Airflow_DBT/airflow/airflow_env/lib/python3.11/site-packages/airflow/example_dags/example_sensors.py
[2026-02-24T05:24:35.652+0530] {processor.py:830} INFO - Processing file /Users/aswin/Documents/data-engineering-practice/ETL_Airflow_DBT/airflow/airflow_env/lib/python3.11/site-packages/airflow/example_dags/example_sensors.py for tasks to queue
[2026-02-24T05:24:35.652+0530] {logging_mixin.py:188} INFO - [2026-02-24T05:24:35.652+0530] {dagbag.py:540} INFO - Filling up the DagBag from /Users/aswin/Documents/data-engineering-practice/ETL_Airflow_DBT/airflow/airflow_env/lib/python3.11/site-packages/airflow/example_dags/example_sensors.py
[2026-02-24T05:24:35.658+0530] {processor.py:840} INFO - DAG(s) 'example_sensors' retrieved from /Users/aswin/Documents/data-engineering-practice/ETL_Airflow_DBT/airflow/airflow_env/lib/python3.11/site-packages/airflow/example_dags/example_sensors.py
[2026-02-24T05:24:35.692+0530] {logging_mixin.py:188} INFO - [2026-02-24T05:24:35.692+0530] {dag.py:3096} INFO - Sync 1 DAGs
[2026-02-24T05:24:35.695+0530] {logging_mixin.py:188} INFO - [2026-02-24T05:24:35.695+0530] {dag.py:3954} INFO - Setting next_dagrun for example_sensors to None, run_after=None
[2026-02-24T05:24:35.701+0530] {processor.py:183} INFO - Processing /Users/aswin/Documents/data-engineering-practice/ETL_Airflow_DBT/airflow/airflow_env/lib/python3.11/site-packages/airflow/example_dags/example_sensors.py took 0.051 seconds
[2026-02-24T05:26:08.279+0530] {processor.py:161} INFO - Started process (PID=46885) to work on /Users/aswin/Documents/data-engineering-practice/ETL_Airflow_DBT/airflow/airflow_env/lib/python3.11/site-packages/airflow/example_dags/example_sensors.py
[2026-02-24T05:26:08.280+0530] {processor.py:830} INFO - Processing file /Users/aswin/Documents/data-engineering-practice/ETL_Airflow_DBT/airflow/airflow_env/lib/python3.11/site-packages/airflow/example_dags/example_sensors.py for tasks to queue
[2026-02-24T05:26:08.280+0530] {logging_mixin.py:188} INFO - [2026-02-24T05:26:08.280+0530] {dagbag.py:540} INFO - Filling up the DagBag from /Users/aswin/Documents/data-engineering-practice/ETL_Airflow_DBT/airflow/airflow_env/lib/python3.11/site-packages/airflow/example_dags/example_sensors.py
[2026-02-24T05:26:08.286+0530] {processor.py:840} INFO - DAG(s) 'example_sensors' retrieved from /Users/aswin/Documents/data-engineering-practice/ETL_Airflow_DBT/airflow/airflow_env/lib/python3.11/site-packages/airflow/example_dags/example_sensors.py
[2026-02-24T05:26:08.319+0530] {logging_mixin.py:188} INFO - [2026-02-24T05:26:08.319+0530] {dag.py:3096} INFO - Sync 1 DAGs
[2026-02-24T05:26:08.322+0530] {logging_mixin.py:188} INFO - [2026-02-24T05:26:08.322+0530] {dag.py:3954} INFO - Setting next_dagrun for example_sensors to None, run_after=None
[2026-02-24T05:26:08.328+0530] {processor.py:183} INFO - Processing /Users/aswin/Documents/data-engineering-practice/ETL_Airflow_DBT/airflow/airflow_env/lib/python3.11/site-packages/airflow/example_dags/example_sensors.py took 0.051 seconds
[2026-02-24T05:27:39.148+0530] {processor.py:161} INFO - Started process (PID=46957) to work on /Users/aswin/Documents/data-engineering-practice/ETL_Airflow_DBT/airflow/airflow_env/lib/python3.11/site-packages/airflow/example_dags/example_sensors.py
[2026-02-24T05:27:39.149+0530] {processor.py:830} INFO - Processing file /Users/aswin/Documents/data-engineering-practice/ETL_Airflow_DBT/airflow/airflow_env/lib/python3.11/site-packages/airflow/example_dags/example_sensors.py for tasks to queue
[2026-02-24T05:27:39.149+0530] {logging_mixin.py:188} INFO - [2026-02-24T05:27:39.149+0530] {dagbag.py:540} INFO - Filling up the DagBag from /Users/aswin/Documents/data-engineering-practice/ETL_Airflow_DBT/airflow/airflow_env/lib/python3.11/site-packages/airflow/example_dags/example_sensors.py
[2026-02-24T05:27:39.156+0530] {processor.py:840} INFO - DAG(s) 'example_sensors' retrieved from /Users/aswin/Documents/data-engineering-practice/ETL_Airflow_DBT/airflow/airflow_env/lib/python3.11/site-packages/airflow/example_dags/example_sensors.py
[2026-02-24T05:27:39.195+0530] {logging_mixin.py:188} INFO - [2026-02-24T05:27:39.195+0530] {dag.py:3096} INFO - Sync 1 DAGs
[2026-02-24T05:27:39.198+0530] {logging_mixin.py:188} INFO - [2026-02-24T05:27:39.198+0530] {dag.py:3954} INFO - Setting next_dagrun for example_sensors to None, run_after=None
[2026-02-24T05:27:39.206+0530] {processor.py:183} INFO - Processing /Users/aswin/Documents/data-engineering-practice/ETL_Airflow_DBT/airflow/airflow_env/lib/python3.11/site-packages/airflow/example_dags/example_sensors.py took 0.059 seconds
[2026-02-24T05:29:07.372+0530] {processor.py:161} INFO - Started process (PID=47025) to work on /Users/aswin/Documents/data-engineering-practice/ETL_Airflow_DBT/airflow/airflow_env/lib/python3.11/site-packages/airflow/example_dags/example_sensors.py
[2026-02-24T05:29:07.373+0530] {processor.py:830} INFO - Processing file /Users/aswin/Documents/data-engineering-practice/ETL_Airflow_DBT/airflow/airflow_env/lib/python3.11/site-packages/airflow/example_dags/example_sensors.py for tasks to queue
[2026-02-24T05:29:07.373+0530] {logging_mixin.py:188} INFO - [2026-02-24T05:29:07.373+0530] {dagbag.py:540} INFO - Filling up the DagBag from /Users/aswin/Documents/data-engineering-practice/ETL_Airflow_DBT/airflow/airflow_env/lib/python3.11/site-packages/airflow/example_dags/example_sensors.py
[2026-02-24T05:29:07.379+0530] {processor.py:840} INFO - DAG(s) 'example_sensors' retrieved from /Users/aswin/Documents/data-engineering-practice/ETL_Airflow_DBT/airflow/airflow_env/lib/python3.11/site-packages/airflow/example_dags/example_sensors.py
[2026-02-24T05:29:07.412+0530] {logging_mixin.py:188} INFO - [2026-02-24T05:29:07.412+0530] {dag.py:3096} INFO - Sync 1 DAGs
[2026-02-24T05:29:07.415+0530] {logging_mixin.py:188} INFO - [2026-02-24T05:29:07.415+0530] {dag.py:3954} INFO - Setting next_dagrun for example_sensors to None, run_after=None
[2026-02-24T05:29:07.421+0530] {processor.py:183} INFO - Processing /Users/aswin/Documents/data-engineering-practice/ETL_Airflow_DBT/airflow/airflow_env/lib/python3.11/site-packages/airflow/example_dags/example_sensors.py took 0.050 seconds
