[2026-02-24T04:39:46.975+0530] {processor.py:161} INFO - Started process (PID=42467) to work on /Users/aswin/Documents/data-engineering-practice/ETL_Airflow_DBT/airflow/airflow_env/lib/python3.11/site-packages/airflow/example_dags/example_branch_datetime_operator.py
[2026-02-24T04:39:46.975+0530] {processor.py:830} INFO - Processing file /Users/aswin/Documents/data-engineering-practice/ETL_Airflow_DBT/airflow/airflow_env/lib/python3.11/site-packages/airflow/example_dags/example_branch_datetime_operator.py for tasks to queue
[2026-02-24T04:39:46.975+0530] {logging_mixin.py:188} INFO - [2026-02-24T04:39:46.975+0530] {dagbag.py:540} INFO - Filling up the DagBag from /Users/aswin/Documents/data-engineering-practice/ETL_Airflow_DBT/airflow/airflow_env/lib/python3.11/site-packages/airflow/example_dags/example_branch_datetime_operator.py
[2026-02-24T04:39:46.980+0530] {processor.py:840} INFO - DAG(s) 'example_branch_datetime_operator_3', 'example_branch_datetime_operator_2', 'example_branch_datetime_operator' retrieved from /Users/aswin/Documents/data-engineering-practice/ETL_Airflow_DBT/airflow/airflow_env/lib/python3.11/site-packages/airflow/example_dags/example_branch_datetime_operator.py
[2026-02-24T04:39:47.036+0530] {logging_mixin.py:188} INFO - [2026-02-24T04:39:47.036+0530] {override.py:1829} INFO - Created Permission View: can delete on DAG:example_branch_datetime_operator_3
[2026-02-24T04:39:47.039+0530] {logging_mixin.py:188} INFO - [2026-02-24T04:39:47.039+0530] {override.py:1829} INFO - Created Permission View: can read on DAG:example_branch_datetime_operator_3
[2026-02-24T04:39:47.040+0530] {logging_mixin.py:188} INFO - [2026-02-24T04:39:47.040+0530] {override.py:1829} INFO - Created Permission View: can edit on DAG:example_branch_datetime_operator_3
[2026-02-24T04:39:47.044+0530] {logging_mixin.py:188} INFO - [2026-02-24T04:39:47.044+0530] {override.py:1829} INFO - Created Permission View: can delete on DAG:example_branch_datetime_operator_2
[2026-02-24T04:39:47.046+0530] {logging_mixin.py:188} INFO - [2026-02-24T04:39:47.045+0530] {override.py:1829} INFO - Created Permission View: can read on DAG:example_branch_datetime_operator_2
[2026-02-24T04:39:47.047+0530] {logging_mixin.py:188} INFO - [2026-02-24T04:39:47.047+0530] {override.py:1829} INFO - Created Permission View: can edit on DAG:example_branch_datetime_operator_2
[2026-02-24T04:39:47.050+0530] {logging_mixin.py:188} INFO - [2026-02-24T04:39:47.050+0530] {override.py:1829} INFO - Created Permission View: can delete on DAG:example_branch_datetime_operator
[2026-02-24T04:39:47.052+0530] {logging_mixin.py:188} INFO - [2026-02-24T04:39:47.052+0530] {override.py:1829} INFO - Created Permission View: can read on DAG:example_branch_datetime_operator
[2026-02-24T04:39:47.053+0530] {logging_mixin.py:188} INFO - [2026-02-24T04:39:47.053+0530] {override.py:1829} INFO - Created Permission View: can edit on DAG:example_branch_datetime_operator
[2026-02-24T04:39:47.053+0530] {logging_mixin.py:188} INFO - [2026-02-24T04:39:47.053+0530] {dag.py:3096} INFO - Sync 3 DAGs
[2026-02-24T04:39:47.056+0530] {logging_mixin.py:188} INFO - [2026-02-24T04:39:47.056+0530] {dag.py:3118} INFO - Creating ORM DAG for example_branch_datetime_operator_2
[2026-02-24T04:39:47.056+0530] {logging_mixin.py:188} INFO - [2026-02-24T04:39:47.056+0530] {dag.py:3118} INFO - Creating ORM DAG for example_branch_datetime_operator
[2026-02-24T04:39:47.057+0530] {logging_mixin.py:188} INFO - [2026-02-24T04:39:47.057+0530] {dag.py:3118} INFO - Creating ORM DAG for example_branch_datetime_operator_3
[2026-02-24T04:39:47.059+0530] {logging_mixin.py:188} INFO - [2026-02-24T04:39:47.059+0530] {dag.py:3954} INFO - Setting next_dagrun for example_branch_datetime_operator to 2026-02-22 00:00:00+00:00, run_after=2026-02-23 00:00:00+00:00
[2026-02-24T04:39:47.060+0530] {logging_mixin.py:188} INFO - [2026-02-24T04:39:47.060+0530] {dag.py:3954} INFO - Setting next_dagrun for example_branch_datetime_operator_2 to 2026-02-22 00:00:00+00:00, run_after=2026-02-23 00:00:00+00:00
[2026-02-24T04:39:47.060+0530] {logging_mixin.py:188} INFO - [2026-02-24T04:39:47.060+0530] {dag.py:3954} INFO - Setting next_dagrun for example_branch_datetime_operator_3 to 2026-02-22 00:00:00+00:00, run_after=2026-02-23 00:00:00+00:00
[2026-02-24T04:39:47.066+0530] {processor.py:183} INFO - Processing /Users/aswin/Documents/data-engineering-practice/ETL_Airflow_DBT/airflow/airflow_env/lib/python3.11/site-packages/airflow/example_dags/example_branch_datetime_operator.py took 0.092 seconds
[2026-02-24T04:41:25.180+0530] {processor.py:161} INFO - Started process (PID=42545) to work on /Users/aswin/Documents/data-engineering-practice/ETL_Airflow_DBT/airflow/airflow_env/lib/python3.11/site-packages/airflow/example_dags/example_branch_datetime_operator.py
[2026-02-24T04:41:25.181+0530] {processor.py:830} INFO - Processing file /Users/aswin/Documents/data-engineering-practice/ETL_Airflow_DBT/airflow/airflow_env/lib/python3.11/site-packages/airflow/example_dags/example_branch_datetime_operator.py for tasks to queue
[2026-02-24T04:41:25.182+0530] {logging_mixin.py:188} INFO - [2026-02-24T04:41:25.182+0530] {dagbag.py:540} INFO - Filling up the DagBag from /Users/aswin/Documents/data-engineering-practice/ETL_Airflow_DBT/airflow/airflow_env/lib/python3.11/site-packages/airflow/example_dags/example_branch_datetime_operator.py
[2026-02-24T04:41:25.186+0530] {processor.py:840} INFO - DAG(s) 'example_branch_datetime_operator', 'example_branch_datetime_operator_3', 'example_branch_datetime_operator_2' retrieved from /Users/aswin/Documents/data-engineering-practice/ETL_Airflow_DBT/airflow/airflow_env/lib/python3.11/site-packages/airflow/example_dags/example_branch_datetime_operator.py
[2026-02-24T04:41:25.217+0530] {logging_mixin.py:188} INFO - [2026-02-24T04:41:25.216+0530] {dag.py:3096} INFO - Sync 3 DAGs
[2026-02-24T04:41:25.222+0530] {logging_mixin.py:188} INFO - [2026-02-24T04:41:25.222+0530] {dag.py:3954} INFO - Setting next_dagrun for example_branch_datetime_operator to 2026-02-22 00:00:00+00:00, run_after=2026-02-23 00:00:00+00:00
[2026-02-24T04:41:25.223+0530] {logging_mixin.py:188} INFO - [2026-02-24T04:41:25.223+0530] {dag.py:3954} INFO - Setting next_dagrun for example_branch_datetime_operator_2 to 2026-02-22 00:00:00+00:00, run_after=2026-02-23 00:00:00+00:00
[2026-02-24T04:41:25.224+0530] {logging_mixin.py:188} INFO - [2026-02-24T04:41:25.224+0530] {dag.py:3954} INFO - Setting next_dagrun for example_branch_datetime_operator_3 to 2026-02-22 00:00:00+00:00, run_after=2026-02-23 00:00:00+00:00
[2026-02-24T04:41:25.229+0530] {processor.py:183} INFO - Processing /Users/aswin/Documents/data-engineering-practice/ETL_Airflow_DBT/airflow/airflow_env/lib/python3.11/site-packages/airflow/example_dags/example_branch_datetime_operator.py took 0.049 seconds
[2026-02-24T04:42:59.517+0530] {processor.py:161} INFO - Started process (PID=42661) to work on /Users/aswin/Documents/data-engineering-practice/ETL_Airflow_DBT/airflow/airflow_env/lib/python3.11/site-packages/airflow/example_dags/example_branch_datetime_operator.py
[2026-02-24T04:42:59.518+0530] {processor.py:830} INFO - Processing file /Users/aswin/Documents/data-engineering-practice/ETL_Airflow_DBT/airflow/airflow_env/lib/python3.11/site-packages/airflow/example_dags/example_branch_datetime_operator.py for tasks to queue
[2026-02-24T04:42:59.518+0530] {logging_mixin.py:188} INFO - [2026-02-24T04:42:59.518+0530] {dagbag.py:540} INFO - Filling up the DagBag from /Users/aswin/Documents/data-engineering-practice/ETL_Airflow_DBT/airflow/airflow_env/lib/python3.11/site-packages/airflow/example_dags/example_branch_datetime_operator.py
[2026-02-24T04:42:59.523+0530] {processor.py:840} INFO - DAG(s) 'example_branch_datetime_operator', 'example_branch_datetime_operator_2', 'example_branch_datetime_operator_3' retrieved from /Users/aswin/Documents/data-engineering-practice/ETL_Airflow_DBT/airflow/airflow_env/lib/python3.11/site-packages/airflow/example_dags/example_branch_datetime_operator.py
[2026-02-24T04:42:59.554+0530] {logging_mixin.py:188} INFO - [2026-02-24T04:42:59.554+0530] {dag.py:3096} INFO - Sync 3 DAGs
[2026-02-24T04:42:59.560+0530] {logging_mixin.py:188} INFO - [2026-02-24T04:42:59.560+0530] {dag.py:3954} INFO - Setting next_dagrun for example_branch_datetime_operator to 2026-02-22 00:00:00+00:00, run_after=2026-02-23 00:00:00+00:00
[2026-02-24T04:42:59.561+0530] {logging_mixin.py:188} INFO - [2026-02-24T04:42:59.561+0530] {dag.py:3954} INFO - Setting next_dagrun for example_branch_datetime_operator_2 to 2026-02-22 00:00:00+00:00, run_after=2026-02-23 00:00:00+00:00
[2026-02-24T04:42:59.561+0530] {logging_mixin.py:188} INFO - [2026-02-24T04:42:59.561+0530] {dag.py:3954} INFO - Setting next_dagrun for example_branch_datetime_operator_3 to 2026-02-22 00:00:00+00:00, run_after=2026-02-23 00:00:00+00:00
[2026-02-24T04:42:59.567+0530] {processor.py:183} INFO - Processing /Users/aswin/Documents/data-engineering-practice/ETL_Airflow_DBT/airflow/airflow_env/lib/python3.11/site-packages/airflow/example_dags/example_branch_datetime_operator.py took 0.050 seconds
[2026-02-24T04:44:28.672+0530] {processor.py:161} INFO - Started process (PID=42748) to work on /Users/aswin/Documents/data-engineering-practice/ETL_Airflow_DBT/airflow/airflow_env/lib/python3.11/site-packages/airflow/example_dags/example_branch_datetime_operator.py
[2026-02-24T04:44:28.673+0530] {processor.py:830} INFO - Processing file /Users/aswin/Documents/data-engineering-practice/ETL_Airflow_DBT/airflow/airflow_env/lib/python3.11/site-packages/airflow/example_dags/example_branch_datetime_operator.py for tasks to queue
[2026-02-24T04:44:28.673+0530] {logging_mixin.py:188} INFO - [2026-02-24T04:44:28.673+0530] {dagbag.py:540} INFO - Filling up the DagBag from /Users/aswin/Documents/data-engineering-practice/ETL_Airflow_DBT/airflow/airflow_env/lib/python3.11/site-packages/airflow/example_dags/example_branch_datetime_operator.py
[2026-02-24T04:44:28.678+0530] {processor.py:840} INFO - DAG(s) 'example_branch_datetime_operator_3', 'example_branch_datetime_operator', 'example_branch_datetime_operator_2' retrieved from /Users/aswin/Documents/data-engineering-practice/ETL_Airflow_DBT/airflow/airflow_env/lib/python3.11/site-packages/airflow/example_dags/example_branch_datetime_operator.py
[2026-02-24T04:44:28.709+0530] {logging_mixin.py:188} INFO - [2026-02-24T04:44:28.709+0530] {dag.py:3096} INFO - Sync 3 DAGs
[2026-02-24T04:44:28.714+0530] {logging_mixin.py:188} INFO - [2026-02-24T04:44:28.714+0530] {dag.py:3954} INFO - Setting next_dagrun for example_branch_datetime_operator to 2026-02-22 00:00:00+00:00, run_after=2026-02-23 00:00:00+00:00
[2026-02-24T04:44:28.715+0530] {logging_mixin.py:188} INFO - [2026-02-24T04:44:28.715+0530] {dag.py:3954} INFO - Setting next_dagrun for example_branch_datetime_operator_2 to 2026-02-22 00:00:00+00:00, run_after=2026-02-23 00:00:00+00:00
[2026-02-24T04:44:28.716+0530] {logging_mixin.py:188} INFO - [2026-02-24T04:44:28.716+0530] {dag.py:3954} INFO - Setting next_dagrun for example_branch_datetime_operator_3 to 2026-02-22 00:00:00+00:00, run_after=2026-02-23 00:00:00+00:00
[2026-02-24T04:44:28.721+0530] {processor.py:183} INFO - Processing /Users/aswin/Documents/data-engineering-practice/ETL_Airflow_DBT/airflow/airflow_env/lib/python3.11/site-packages/airflow/example_dags/example_branch_datetime_operator.py took 0.050 seconds
[2026-02-24T04:45:56.534+0530] {processor.py:161} INFO - Started process (PID=42825) to work on /Users/aswin/Documents/data-engineering-practice/ETL_Airflow_DBT/airflow/airflow_env/lib/python3.11/site-packages/airflow/example_dags/example_branch_datetime_operator.py
[2026-02-24T04:45:56.535+0530] {processor.py:830} INFO - Processing file /Users/aswin/Documents/data-engineering-practice/ETL_Airflow_DBT/airflow/airflow_env/lib/python3.11/site-packages/airflow/example_dags/example_branch_datetime_operator.py for tasks to queue
[2026-02-24T04:45:56.535+0530] {logging_mixin.py:188} INFO - [2026-02-24T04:45:56.535+0530] {dagbag.py:540} INFO - Filling up the DagBag from /Users/aswin/Documents/data-engineering-practice/ETL_Airflow_DBT/airflow/airflow_env/lib/python3.11/site-packages/airflow/example_dags/example_branch_datetime_operator.py
[2026-02-24T04:45:56.540+0530] {processor.py:840} INFO - DAG(s) 'example_branch_datetime_operator_2', 'example_branch_datetime_operator_3', 'example_branch_datetime_operator' retrieved from /Users/aswin/Documents/data-engineering-practice/ETL_Airflow_DBT/airflow/airflow_env/lib/python3.11/site-packages/airflow/example_dags/example_branch_datetime_operator.py
[2026-02-24T04:45:56.573+0530] {logging_mixin.py:188} INFO - [2026-02-24T04:45:56.573+0530] {dag.py:3096} INFO - Sync 3 DAGs
[2026-02-24T04:45:56.578+0530] {logging_mixin.py:188} INFO - [2026-02-24T04:45:56.578+0530] {dag.py:3954} INFO - Setting next_dagrun for example_branch_datetime_operator to 2026-02-22 00:00:00+00:00, run_after=2026-02-23 00:00:00+00:00
[2026-02-24T04:45:56.579+0530] {logging_mixin.py:188} INFO - [2026-02-24T04:45:56.579+0530] {dag.py:3954} INFO - Setting next_dagrun for example_branch_datetime_operator_2 to 2026-02-22 00:00:00+00:00, run_after=2026-02-23 00:00:00+00:00
[2026-02-24T04:45:56.580+0530] {logging_mixin.py:188} INFO - [2026-02-24T04:45:56.580+0530] {dag.py:3954} INFO - Setting next_dagrun for example_branch_datetime_operator_3 to 2026-02-22 00:00:00+00:00, run_after=2026-02-23 00:00:00+00:00
[2026-02-24T04:45:56.585+0530] {processor.py:183} INFO - Processing /Users/aswin/Documents/data-engineering-practice/ETL_Airflow_DBT/airflow/airflow_env/lib/python3.11/site-packages/airflow/example_dags/example_branch_datetime_operator.py took 0.052 seconds
[2026-02-24T04:47:21.935+0530] {processor.py:161} INFO - Started process (PID=42890) to work on /Users/aswin/Documents/data-engineering-practice/ETL_Airflow_DBT/airflow/airflow_env/lib/python3.11/site-packages/airflow/example_dags/example_branch_datetime_operator.py
[2026-02-24T04:47:21.936+0530] {processor.py:830} INFO - Processing file /Users/aswin/Documents/data-engineering-practice/ETL_Airflow_DBT/airflow/airflow_env/lib/python3.11/site-packages/airflow/example_dags/example_branch_datetime_operator.py for tasks to queue
[2026-02-24T04:47:21.936+0530] {logging_mixin.py:188} INFO - [2026-02-24T04:47:21.936+0530] {dagbag.py:540} INFO - Filling up the DagBag from /Users/aswin/Documents/data-engineering-practice/ETL_Airflow_DBT/airflow/airflow_env/lib/python3.11/site-packages/airflow/example_dags/example_branch_datetime_operator.py
[2026-02-24T04:47:21.941+0530] {processor.py:840} INFO - DAG(s) 'example_branch_datetime_operator_3', 'example_branch_datetime_operator', 'example_branch_datetime_operator_2' retrieved from /Users/aswin/Documents/data-engineering-practice/ETL_Airflow_DBT/airflow/airflow_env/lib/python3.11/site-packages/airflow/example_dags/example_branch_datetime_operator.py
[2026-02-24T04:47:21.972+0530] {logging_mixin.py:188} INFO - [2026-02-24T04:47:21.972+0530] {dag.py:3096} INFO - Sync 3 DAGs
[2026-02-24T04:47:21.977+0530] {logging_mixin.py:188} INFO - [2026-02-24T04:47:21.977+0530] {dag.py:3954} INFO - Setting next_dagrun for example_branch_datetime_operator to 2026-02-22 00:00:00+00:00, run_after=2026-02-23 00:00:00+00:00
[2026-02-24T04:47:21.978+0530] {logging_mixin.py:188} INFO - [2026-02-24T04:47:21.978+0530] {dag.py:3954} INFO - Setting next_dagrun for example_branch_datetime_operator_2 to 2026-02-22 00:00:00+00:00, run_after=2026-02-23 00:00:00+00:00
[2026-02-24T04:47:21.979+0530] {logging_mixin.py:188} INFO - [2026-02-24T04:47:21.979+0530] {dag.py:3954} INFO - Setting next_dagrun for example_branch_datetime_operator_3 to 2026-02-22 00:00:00+00:00, run_after=2026-02-23 00:00:00+00:00
[2026-02-24T04:47:21.984+0530] {processor.py:183} INFO - Processing /Users/aswin/Documents/data-engineering-practice/ETL_Airflow_DBT/airflow/airflow_env/lib/python3.11/site-packages/airflow/example_dags/example_branch_datetime_operator.py took 0.050 seconds
[2026-02-24T04:48:58.226+0530] {processor.py:161} INFO - Started process (PID=42965) to work on /Users/aswin/Documents/data-engineering-practice/ETL_Airflow_DBT/airflow/airflow_env/lib/python3.11/site-packages/airflow/example_dags/example_branch_datetime_operator.py
[2026-02-24T04:48:58.227+0530] {processor.py:830} INFO - Processing file /Users/aswin/Documents/data-engineering-practice/ETL_Airflow_DBT/airflow/airflow_env/lib/python3.11/site-packages/airflow/example_dags/example_branch_datetime_operator.py for tasks to queue
[2026-02-24T04:48:58.228+0530] {logging_mixin.py:188} INFO - [2026-02-24T04:48:58.228+0530] {dagbag.py:540} INFO - Filling up the DagBag from /Users/aswin/Documents/data-engineering-practice/ETL_Airflow_DBT/airflow/airflow_env/lib/python3.11/site-packages/airflow/example_dags/example_branch_datetime_operator.py
[2026-02-24T04:48:58.232+0530] {processor.py:840} INFO - DAG(s) 'example_branch_datetime_operator', 'example_branch_datetime_operator_3', 'example_branch_datetime_operator_2' retrieved from /Users/aswin/Documents/data-engineering-practice/ETL_Airflow_DBT/airflow/airflow_env/lib/python3.11/site-packages/airflow/example_dags/example_branch_datetime_operator.py
[2026-02-24T04:48:58.265+0530] {logging_mixin.py:188} INFO - [2026-02-24T04:48:58.265+0530] {dag.py:3096} INFO - Sync 3 DAGs
[2026-02-24T04:48:58.270+0530] {logging_mixin.py:188} INFO - [2026-02-24T04:48:58.270+0530] {dag.py:3954} INFO - Setting next_dagrun for example_branch_datetime_operator to 2026-02-22 00:00:00+00:00, run_after=2026-02-23 00:00:00+00:00
[2026-02-24T04:48:58.271+0530] {logging_mixin.py:188} INFO - [2026-02-24T04:48:58.271+0530] {dag.py:3954} INFO - Setting next_dagrun for example_branch_datetime_operator_2 to 2026-02-22 00:00:00+00:00, run_after=2026-02-23 00:00:00+00:00
[2026-02-24T04:48:58.272+0530] {logging_mixin.py:188} INFO - [2026-02-24T04:48:58.272+0530] {dag.py:3954} INFO - Setting next_dagrun for example_branch_datetime_operator_3 to 2026-02-22 00:00:00+00:00, run_after=2026-02-23 00:00:00+00:00
[2026-02-24T04:48:58.277+0530] {processor.py:183} INFO - Processing /Users/aswin/Documents/data-engineering-practice/ETL_Airflow_DBT/airflow/airflow_env/lib/python3.11/site-packages/airflow/example_dags/example_branch_datetime_operator.py took 0.052 seconds
[2026-02-24T04:50:42.347+0530] {processor.py:161} INFO - Started process (PID=43038) to work on /Users/aswin/Documents/data-engineering-practice/ETL_Airflow_DBT/airflow/airflow_env/lib/python3.11/site-packages/airflow/example_dags/example_branch_datetime_operator.py
[2026-02-24T04:50:42.348+0530] {processor.py:830} INFO - Processing file /Users/aswin/Documents/data-engineering-practice/ETL_Airflow_DBT/airflow/airflow_env/lib/python3.11/site-packages/airflow/example_dags/example_branch_datetime_operator.py for tasks to queue
[2026-02-24T04:50:42.348+0530] {logging_mixin.py:188} INFO - [2026-02-24T04:50:42.348+0530] {dagbag.py:540} INFO - Filling up the DagBag from /Users/aswin/Documents/data-engineering-practice/ETL_Airflow_DBT/airflow/airflow_env/lib/python3.11/site-packages/airflow/example_dags/example_branch_datetime_operator.py
[2026-02-24T04:50:42.352+0530] {processor.py:840} INFO - DAG(s) 'example_branch_datetime_operator_3', 'example_branch_datetime_operator', 'example_branch_datetime_operator_2' retrieved from /Users/aswin/Documents/data-engineering-practice/ETL_Airflow_DBT/airflow/airflow_env/lib/python3.11/site-packages/airflow/example_dags/example_branch_datetime_operator.py
[2026-02-24T04:50:42.384+0530] {logging_mixin.py:188} INFO - [2026-02-24T04:50:42.384+0530] {dag.py:3096} INFO - Sync 3 DAGs
[2026-02-24T04:50:42.389+0530] {logging_mixin.py:188} INFO - [2026-02-24T04:50:42.389+0530] {dag.py:3954} INFO - Setting next_dagrun for example_branch_datetime_operator to 2026-02-22 00:00:00+00:00, run_after=2026-02-23 00:00:00+00:00
[2026-02-24T04:50:42.391+0530] {logging_mixin.py:188} INFO - [2026-02-24T04:50:42.391+0530] {dag.py:3954} INFO - Setting next_dagrun for example_branch_datetime_operator_2 to 2026-02-22 00:00:00+00:00, run_after=2026-02-23 00:00:00+00:00
[2026-02-24T04:50:42.391+0530] {logging_mixin.py:188} INFO - [2026-02-24T04:50:42.391+0530] {dag.py:3954} INFO - Setting next_dagrun for example_branch_datetime_operator_3 to 2026-02-22 00:00:00+00:00, run_after=2026-02-23 00:00:00+00:00
[2026-02-24T04:50:42.398+0530] {processor.py:183} INFO - Processing /Users/aswin/Documents/data-engineering-practice/ETL_Airflow_DBT/airflow/airflow_env/lib/python3.11/site-packages/airflow/example_dags/example_branch_datetime_operator.py took 0.052 seconds
[2026-02-24T04:52:14.978+0530] {processor.py:161} INFO - Started process (PID=43108) to work on /Users/aswin/Documents/data-engineering-practice/ETL_Airflow_DBT/airflow/airflow_env/lib/python3.11/site-packages/airflow/example_dags/example_branch_datetime_operator.py
[2026-02-24T04:52:14.979+0530] {processor.py:830} INFO - Processing file /Users/aswin/Documents/data-engineering-practice/ETL_Airflow_DBT/airflow/airflow_env/lib/python3.11/site-packages/airflow/example_dags/example_branch_datetime_operator.py for tasks to queue
[2026-02-24T04:52:14.979+0530] {logging_mixin.py:188} INFO - [2026-02-24T04:52:14.979+0530] {dagbag.py:540} INFO - Filling up the DagBag from /Users/aswin/Documents/data-engineering-practice/ETL_Airflow_DBT/airflow/airflow_env/lib/python3.11/site-packages/airflow/example_dags/example_branch_datetime_operator.py
[2026-02-24T04:52:14.983+0530] {processor.py:840} INFO - DAG(s) 'example_branch_datetime_operator_3', 'example_branch_datetime_operator_2', 'example_branch_datetime_operator' retrieved from /Users/aswin/Documents/data-engineering-practice/ETL_Airflow_DBT/airflow/airflow_env/lib/python3.11/site-packages/airflow/example_dags/example_branch_datetime_operator.py
[2026-02-24T04:52:15.015+0530] {logging_mixin.py:188} INFO - [2026-02-24T04:52:15.015+0530] {dag.py:3096} INFO - Sync 3 DAGs
[2026-02-24T04:52:15.020+0530] {logging_mixin.py:188} INFO - [2026-02-24T04:52:15.020+0530] {dag.py:3954} INFO - Setting next_dagrun for example_branch_datetime_operator to 2026-02-22 00:00:00+00:00, run_after=2026-02-23 00:00:00+00:00
[2026-02-24T04:52:15.021+0530] {logging_mixin.py:188} INFO - [2026-02-24T04:52:15.021+0530] {dag.py:3954} INFO - Setting next_dagrun for example_branch_datetime_operator_2 to 2026-02-22 00:00:00+00:00, run_after=2026-02-23 00:00:00+00:00
[2026-02-24T04:52:15.022+0530] {logging_mixin.py:188} INFO - [2026-02-24T04:52:15.022+0530] {dag.py:3954} INFO - Setting next_dagrun for example_branch_datetime_operator_3 to 2026-02-22 00:00:00+00:00, run_after=2026-02-23 00:00:00+00:00
[2026-02-24T04:52:15.028+0530] {processor.py:183} INFO - Processing /Users/aswin/Documents/data-engineering-practice/ETL_Airflow_DBT/airflow/airflow_env/lib/python3.11/site-packages/airflow/example_dags/example_branch_datetime_operator.py took 0.051 seconds
[2026-02-24T04:53:44.210+0530] {processor.py:161} INFO - Started process (PID=43177) to work on /Users/aswin/Documents/data-engineering-practice/ETL_Airflow_DBT/airflow/airflow_env/lib/python3.11/site-packages/airflow/example_dags/example_branch_datetime_operator.py
[2026-02-24T04:53:44.212+0530] {processor.py:830} INFO - Processing file /Users/aswin/Documents/data-engineering-practice/ETL_Airflow_DBT/airflow/airflow_env/lib/python3.11/site-packages/airflow/example_dags/example_branch_datetime_operator.py for tasks to queue
[2026-02-24T04:53:44.212+0530] {logging_mixin.py:188} INFO - [2026-02-24T04:53:44.212+0530] {dagbag.py:540} INFO - Filling up the DagBag from /Users/aswin/Documents/data-engineering-practice/ETL_Airflow_DBT/airflow/airflow_env/lib/python3.11/site-packages/airflow/example_dags/example_branch_datetime_operator.py
[2026-02-24T04:53:44.216+0530] {processor.py:840} INFO - DAG(s) 'example_branch_datetime_operator', 'example_branch_datetime_operator_2', 'example_branch_datetime_operator_3' retrieved from /Users/aswin/Documents/data-engineering-practice/ETL_Airflow_DBT/airflow/airflow_env/lib/python3.11/site-packages/airflow/example_dags/example_branch_datetime_operator.py
[2026-02-24T04:53:44.247+0530] {logging_mixin.py:188} INFO - [2026-02-24T04:53:44.247+0530] {dag.py:3096} INFO - Sync 3 DAGs
[2026-02-24T04:53:44.252+0530] {logging_mixin.py:188} INFO - [2026-02-24T04:53:44.252+0530] {dag.py:3954} INFO - Setting next_dagrun for example_branch_datetime_operator to 2026-02-22 00:00:00+00:00, run_after=2026-02-23 00:00:00+00:00
[2026-02-24T04:53:44.253+0530] {logging_mixin.py:188} INFO - [2026-02-24T04:53:44.253+0530] {dag.py:3954} INFO - Setting next_dagrun for example_branch_datetime_operator_2 to 2026-02-22 00:00:00+00:00, run_after=2026-02-23 00:00:00+00:00
[2026-02-24T04:53:44.254+0530] {logging_mixin.py:188} INFO - [2026-02-24T04:53:44.254+0530] {dag.py:3954} INFO - Setting next_dagrun for example_branch_datetime_operator_3 to 2026-02-22 00:00:00+00:00, run_after=2026-02-23 00:00:00+00:00
[2026-02-24T04:53:44.259+0530] {processor.py:183} INFO - Processing /Users/aswin/Documents/data-engineering-practice/ETL_Airflow_DBT/airflow/airflow_env/lib/python3.11/site-packages/airflow/example_dags/example_branch_datetime_operator.py took 0.050 seconds
[2026-02-24T04:55:13.013+0530] {processor.py:161} INFO - Started process (PID=43243) to work on /Users/aswin/Documents/data-engineering-practice/ETL_Airflow_DBT/airflow/airflow_env/lib/python3.11/site-packages/airflow/example_dags/example_branch_datetime_operator.py
[2026-02-24T04:55:13.014+0530] {processor.py:830} INFO - Processing file /Users/aswin/Documents/data-engineering-practice/ETL_Airflow_DBT/airflow/airflow_env/lib/python3.11/site-packages/airflow/example_dags/example_branch_datetime_operator.py for tasks to queue
[2026-02-24T04:55:13.014+0530] {logging_mixin.py:188} INFO - [2026-02-24T04:55:13.014+0530] {dagbag.py:540} INFO - Filling up the DagBag from /Users/aswin/Documents/data-engineering-practice/ETL_Airflow_DBT/airflow/airflow_env/lib/python3.11/site-packages/airflow/example_dags/example_branch_datetime_operator.py
[2026-02-24T04:55:13.019+0530] {processor.py:840} INFO - DAG(s) 'example_branch_datetime_operator_2', 'example_branch_datetime_operator_3', 'example_branch_datetime_operator' retrieved from /Users/aswin/Documents/data-engineering-practice/ETL_Airflow_DBT/airflow/airflow_env/lib/python3.11/site-packages/airflow/example_dags/example_branch_datetime_operator.py
[2026-02-24T04:55:13.049+0530] {logging_mixin.py:188} INFO - [2026-02-24T04:55:13.049+0530] {dag.py:3096} INFO - Sync 3 DAGs
[2026-02-24T04:55:13.055+0530] {logging_mixin.py:188} INFO - [2026-02-24T04:55:13.054+0530] {dag.py:3954} INFO - Setting next_dagrun for example_branch_datetime_operator to 2026-02-22 00:00:00+00:00, run_after=2026-02-23 00:00:00+00:00
[2026-02-24T04:55:13.056+0530] {logging_mixin.py:188} INFO - [2026-02-24T04:55:13.056+0530] {dag.py:3954} INFO - Setting next_dagrun for example_branch_datetime_operator_2 to 2026-02-22 00:00:00+00:00, run_after=2026-02-23 00:00:00+00:00
[2026-02-24T04:55:13.056+0530] {logging_mixin.py:188} INFO - [2026-02-24T04:55:13.056+0530] {dag.py:3954} INFO - Setting next_dagrun for example_branch_datetime_operator_3 to 2026-02-22 00:00:00+00:00, run_after=2026-02-23 00:00:00+00:00
[2026-02-24T04:55:13.062+0530] {processor.py:183} INFO - Processing /Users/aswin/Documents/data-engineering-practice/ETL_Airflow_DBT/airflow/airflow_env/lib/python3.11/site-packages/airflow/example_dags/example_branch_datetime_operator.py took 0.049 seconds
[2026-02-24T04:56:39.429+0530] {processor.py:161} INFO - Started process (PID=43326) to work on /Users/aswin/Documents/data-engineering-practice/ETL_Airflow_DBT/airflow/airflow_env/lib/python3.11/site-packages/airflow/example_dags/example_branch_datetime_operator.py
[2026-02-24T04:56:39.430+0530] {processor.py:830} INFO - Processing file /Users/aswin/Documents/data-engineering-practice/ETL_Airflow_DBT/airflow/airflow_env/lib/python3.11/site-packages/airflow/example_dags/example_branch_datetime_operator.py for tasks to queue
[2026-02-24T04:56:39.430+0530] {logging_mixin.py:188} INFO - [2026-02-24T04:56:39.430+0530] {dagbag.py:540} INFO - Filling up the DagBag from /Users/aswin/Documents/data-engineering-practice/ETL_Airflow_DBT/airflow/airflow_env/lib/python3.11/site-packages/airflow/example_dags/example_branch_datetime_operator.py
[2026-02-24T04:56:39.435+0530] {processor.py:840} INFO - DAG(s) 'example_branch_datetime_operator', 'example_branch_datetime_operator_2', 'example_branch_datetime_operator_3' retrieved from /Users/aswin/Documents/data-engineering-practice/ETL_Airflow_DBT/airflow/airflow_env/lib/python3.11/site-packages/airflow/example_dags/example_branch_datetime_operator.py
[2026-02-24T04:56:39.466+0530] {logging_mixin.py:188} INFO - [2026-02-24T04:56:39.466+0530] {dag.py:3096} INFO - Sync 3 DAGs
[2026-02-24T04:56:39.472+0530] {logging_mixin.py:188} INFO - [2026-02-24T04:56:39.472+0530] {dag.py:3954} INFO - Setting next_dagrun for example_branch_datetime_operator to 2026-02-22 00:00:00+00:00, run_after=2026-02-23 00:00:00+00:00
[2026-02-24T04:56:39.473+0530] {logging_mixin.py:188} INFO - [2026-02-24T04:56:39.473+0530] {dag.py:3954} INFO - Setting next_dagrun for example_branch_datetime_operator_2 to 2026-02-22 00:00:00+00:00, run_after=2026-02-23 00:00:00+00:00
[2026-02-24T04:56:39.474+0530] {logging_mixin.py:188} INFO - [2026-02-24T04:56:39.474+0530] {dag.py:3954} INFO - Setting next_dagrun for example_branch_datetime_operator_3 to 2026-02-22 00:00:00+00:00, run_after=2026-02-23 00:00:00+00:00
[2026-02-24T04:56:39.479+0530] {processor.py:183} INFO - Processing /Users/aswin/Documents/data-engineering-practice/ETL_Airflow_DBT/airflow/airflow_env/lib/python3.11/site-packages/airflow/example_dags/example_branch_datetime_operator.py took 0.052 seconds
[2026-02-24T04:58:17.852+0530] {processor.py:161} INFO - Started process (PID=43396) to work on /Users/aswin/Documents/data-engineering-practice/ETL_Airflow_DBT/airflow/airflow_env/lib/python3.11/site-packages/airflow/example_dags/example_branch_datetime_operator.py
[2026-02-24T04:58:17.853+0530] {processor.py:830} INFO - Processing file /Users/aswin/Documents/data-engineering-practice/ETL_Airflow_DBT/airflow/airflow_env/lib/python3.11/site-packages/airflow/example_dags/example_branch_datetime_operator.py for tasks to queue
[2026-02-24T04:58:17.853+0530] {logging_mixin.py:188} INFO - [2026-02-24T04:58:17.853+0530] {dagbag.py:540} INFO - Filling up the DagBag from /Users/aswin/Documents/data-engineering-practice/ETL_Airflow_DBT/airflow/airflow_env/lib/python3.11/site-packages/airflow/example_dags/example_branch_datetime_operator.py
[2026-02-24T04:58:17.858+0530] {processor.py:840} INFO - DAG(s) 'example_branch_datetime_operator_3', 'example_branch_datetime_operator', 'example_branch_datetime_operator_2' retrieved from /Users/aswin/Documents/data-engineering-practice/ETL_Airflow_DBT/airflow/airflow_env/lib/python3.11/site-packages/airflow/example_dags/example_branch_datetime_operator.py
[2026-02-24T04:58:17.889+0530] {logging_mixin.py:188} INFO - [2026-02-24T04:58:17.888+0530] {dag.py:3096} INFO - Sync 3 DAGs
[2026-02-24T04:58:17.895+0530] {logging_mixin.py:188} INFO - [2026-02-24T04:58:17.894+0530] {dag.py:3954} INFO - Setting next_dagrun for example_branch_datetime_operator to 2026-02-22 00:00:00+00:00, run_after=2026-02-23 00:00:00+00:00
[2026-02-24T04:58:17.896+0530] {logging_mixin.py:188} INFO - [2026-02-24T04:58:17.896+0530] {dag.py:3954} INFO - Setting next_dagrun for example_branch_datetime_operator_2 to 2026-02-22 00:00:00+00:00, run_after=2026-02-23 00:00:00+00:00
[2026-02-24T04:58:17.896+0530] {logging_mixin.py:188} INFO - [2026-02-24T04:58:17.896+0530] {dag.py:3954} INFO - Setting next_dagrun for example_branch_datetime_operator_3 to 2026-02-22 00:00:00+00:00, run_after=2026-02-23 00:00:00+00:00
[2026-02-24T04:58:17.902+0530] {processor.py:183} INFO - Processing /Users/aswin/Documents/data-engineering-practice/ETL_Airflow_DBT/airflow/airflow_env/lib/python3.11/site-packages/airflow/example_dags/example_branch_datetime_operator.py took 0.051 seconds
[2026-02-24T04:59:44.011+0530] {processor.py:161} INFO - Started process (PID=43463) to work on /Users/aswin/Documents/data-engineering-practice/ETL_Airflow_DBT/airflow/airflow_env/lib/python3.11/site-packages/airflow/example_dags/example_branch_datetime_operator.py
[2026-02-24T04:59:44.012+0530] {processor.py:830} INFO - Processing file /Users/aswin/Documents/data-engineering-practice/ETL_Airflow_DBT/airflow/airflow_env/lib/python3.11/site-packages/airflow/example_dags/example_branch_datetime_operator.py for tasks to queue
[2026-02-24T04:59:44.012+0530] {logging_mixin.py:188} INFO - [2026-02-24T04:59:44.012+0530] {dagbag.py:540} INFO - Filling up the DagBag from /Users/aswin/Documents/data-engineering-practice/ETL_Airflow_DBT/airflow/airflow_env/lib/python3.11/site-packages/airflow/example_dags/example_branch_datetime_operator.py
[2026-02-24T04:59:44.016+0530] {processor.py:840} INFO - DAG(s) 'example_branch_datetime_operator', 'example_branch_datetime_operator_2', 'example_branch_datetime_operator_3' retrieved from /Users/aswin/Documents/data-engineering-practice/ETL_Airflow_DBT/airflow/airflow_env/lib/python3.11/site-packages/airflow/example_dags/example_branch_datetime_operator.py
[2026-02-24T04:59:44.047+0530] {logging_mixin.py:188} INFO - [2026-02-24T04:59:44.047+0530] {dag.py:3096} INFO - Sync 3 DAGs
[2026-02-24T04:59:44.053+0530] {logging_mixin.py:188} INFO - [2026-02-24T04:59:44.052+0530] {dag.py:3954} INFO - Setting next_dagrun for example_branch_datetime_operator to 2026-02-22 00:00:00+00:00, run_after=2026-02-23 00:00:00+00:00
[2026-02-24T04:59:44.054+0530] {logging_mixin.py:188} INFO - [2026-02-24T04:59:44.054+0530] {dag.py:3954} INFO - Setting next_dagrun for example_branch_datetime_operator_2 to 2026-02-22 00:00:00+00:00, run_after=2026-02-23 00:00:00+00:00
[2026-02-24T04:59:44.054+0530] {logging_mixin.py:188} INFO - [2026-02-24T04:59:44.054+0530] {dag.py:3954} INFO - Setting next_dagrun for example_branch_datetime_operator_3 to 2026-02-22 00:00:00+00:00, run_after=2026-02-23 00:00:00+00:00
[2026-02-24T04:59:44.060+0530] {processor.py:183} INFO - Processing /Users/aswin/Documents/data-engineering-practice/ETL_Airflow_DBT/airflow/airflow_env/lib/python3.11/site-packages/airflow/example_dags/example_branch_datetime_operator.py took 0.050 seconds
[2026-02-24T05:01:13.183+0530] {processor.py:161} INFO - Started process (PID=43544) to work on /Users/aswin/Documents/data-engineering-practice/ETL_Airflow_DBT/airflow/airflow_env/lib/python3.11/site-packages/airflow/example_dags/example_branch_datetime_operator.py
[2026-02-24T05:01:13.183+0530] {processor.py:830} INFO - Processing file /Users/aswin/Documents/data-engineering-practice/ETL_Airflow_DBT/airflow/airflow_env/lib/python3.11/site-packages/airflow/example_dags/example_branch_datetime_operator.py for tasks to queue
[2026-02-24T05:01:13.184+0530] {logging_mixin.py:188} INFO - [2026-02-24T05:01:13.184+0530] {dagbag.py:540} INFO - Filling up the DagBag from /Users/aswin/Documents/data-engineering-practice/ETL_Airflow_DBT/airflow/airflow_env/lib/python3.11/site-packages/airflow/example_dags/example_branch_datetime_operator.py
[2026-02-24T05:01:13.188+0530] {processor.py:840} INFO - DAG(s) 'example_branch_datetime_operator', 'example_branch_datetime_operator_3', 'example_branch_datetime_operator_2' retrieved from /Users/aswin/Documents/data-engineering-practice/ETL_Airflow_DBT/airflow/airflow_env/lib/python3.11/site-packages/airflow/example_dags/example_branch_datetime_operator.py
[2026-02-24T05:01:13.220+0530] {logging_mixin.py:188} INFO - [2026-02-24T05:01:13.220+0530] {dag.py:3096} INFO - Sync 3 DAGs
[2026-02-24T05:01:13.226+0530] {logging_mixin.py:188} INFO - [2026-02-24T05:01:13.226+0530] {dag.py:3954} INFO - Setting next_dagrun for example_branch_datetime_operator to 2026-02-22 00:00:00+00:00, run_after=2026-02-23 00:00:00+00:00
[2026-02-24T05:01:13.227+0530] {logging_mixin.py:188} INFO - [2026-02-24T05:01:13.227+0530] {dag.py:3954} INFO - Setting next_dagrun for example_branch_datetime_operator_2 to 2026-02-22 00:00:00+00:00, run_after=2026-02-23 00:00:00+00:00
[2026-02-24T05:01:13.227+0530] {logging_mixin.py:188} INFO - [2026-02-24T05:01:13.227+0530] {dag.py:3954} INFO - Setting next_dagrun for example_branch_datetime_operator_3 to 2026-02-22 00:00:00+00:00, run_after=2026-02-23 00:00:00+00:00
[2026-02-24T05:01:13.233+0530] {processor.py:183} INFO - Processing /Users/aswin/Documents/data-engineering-practice/ETL_Airflow_DBT/airflow/airflow_env/lib/python3.11/site-packages/airflow/example_dags/example_branch_datetime_operator.py took 0.051 seconds
[2026-02-24T05:02:44.984+0530] {processor.py:161} INFO - Started process (PID=43634) to work on /Users/aswin/Documents/data-engineering-practice/ETL_Airflow_DBT/airflow/airflow_env/lib/python3.11/site-packages/airflow/example_dags/example_branch_datetime_operator.py
[2026-02-24T05:02:44.985+0530] {processor.py:830} INFO - Processing file /Users/aswin/Documents/data-engineering-practice/ETL_Airflow_DBT/airflow/airflow_env/lib/python3.11/site-packages/airflow/example_dags/example_branch_datetime_operator.py for tasks to queue
[2026-02-24T05:02:44.986+0530] {logging_mixin.py:188} INFO - [2026-02-24T05:02:44.985+0530] {dagbag.py:540} INFO - Filling up the DagBag from /Users/aswin/Documents/data-engineering-practice/ETL_Airflow_DBT/airflow/airflow_env/lib/python3.11/site-packages/airflow/example_dags/example_branch_datetime_operator.py
[2026-02-24T05:02:44.990+0530] {processor.py:840} INFO - DAG(s) 'example_branch_datetime_operator_2', 'example_branch_datetime_operator_3', 'example_branch_datetime_operator' retrieved from /Users/aswin/Documents/data-engineering-practice/ETL_Airflow_DBT/airflow/airflow_env/lib/python3.11/site-packages/airflow/example_dags/example_branch_datetime_operator.py
[2026-02-24T05:02:45.021+0530] {logging_mixin.py:188} INFO - [2026-02-24T05:02:45.021+0530] {dag.py:3096} INFO - Sync 3 DAGs
[2026-02-24T05:02:45.026+0530] {logging_mixin.py:188} INFO - [2026-02-24T05:02:45.026+0530] {dag.py:3954} INFO - Setting next_dagrun for example_branch_datetime_operator to 2026-02-22 00:00:00+00:00, run_after=2026-02-23 00:00:00+00:00
[2026-02-24T05:02:45.027+0530] {logging_mixin.py:188} INFO - [2026-02-24T05:02:45.027+0530] {dag.py:3954} INFO - Setting next_dagrun for example_branch_datetime_operator_2 to 2026-02-22 00:00:00+00:00, run_after=2026-02-23 00:00:00+00:00
[2026-02-24T05:02:45.028+0530] {logging_mixin.py:188} INFO - [2026-02-24T05:02:45.028+0530] {dag.py:3954} INFO - Setting next_dagrun for example_branch_datetime_operator_3 to 2026-02-22 00:00:00+00:00, run_after=2026-02-23 00:00:00+00:00
[2026-02-24T05:02:45.033+0530] {processor.py:183} INFO - Processing /Users/aswin/Documents/data-engineering-practice/ETL_Airflow_DBT/airflow/airflow_env/lib/python3.11/site-packages/airflow/example_dags/example_branch_datetime_operator.py took 0.050 seconds
[2026-02-24T05:04:14.732+0530] {processor.py:161} INFO - Started process (PID=43755) to work on /Users/aswin/Documents/data-engineering-practice/ETL_Airflow_DBT/airflow/airflow_env/lib/python3.11/site-packages/airflow/example_dags/example_branch_datetime_operator.py
[2026-02-24T05:04:14.733+0530] {processor.py:830} INFO - Processing file /Users/aswin/Documents/data-engineering-practice/ETL_Airflow_DBT/airflow/airflow_env/lib/python3.11/site-packages/airflow/example_dags/example_branch_datetime_operator.py for tasks to queue
[2026-02-24T05:04:14.733+0530] {logging_mixin.py:188} INFO - [2026-02-24T05:04:14.733+0530] {dagbag.py:540} INFO - Filling up the DagBag from /Users/aswin/Documents/data-engineering-practice/ETL_Airflow_DBT/airflow/airflow_env/lib/python3.11/site-packages/airflow/example_dags/example_branch_datetime_operator.py
[2026-02-24T05:04:14.738+0530] {processor.py:840} INFO - DAG(s) 'example_branch_datetime_operator_3', 'example_branch_datetime_operator', 'example_branch_datetime_operator_2' retrieved from /Users/aswin/Documents/data-engineering-practice/ETL_Airflow_DBT/airflow/airflow_env/lib/python3.11/site-packages/airflow/example_dags/example_branch_datetime_operator.py
[2026-02-24T05:04:14.768+0530] {logging_mixin.py:188} INFO - [2026-02-24T05:04:14.768+0530] {dag.py:3096} INFO - Sync 3 DAGs
[2026-02-24T05:04:14.774+0530] {logging_mixin.py:188} INFO - [2026-02-24T05:04:14.774+0530] {dag.py:3954} INFO - Setting next_dagrun for example_branch_datetime_operator to 2026-02-22 00:00:00+00:00, run_after=2026-02-23 00:00:00+00:00
[2026-02-24T05:04:14.775+0530] {logging_mixin.py:188} INFO - [2026-02-24T05:04:14.775+0530] {dag.py:3954} INFO - Setting next_dagrun for example_branch_datetime_operator_2 to 2026-02-22 00:00:00+00:00, run_after=2026-02-23 00:00:00+00:00
[2026-02-24T05:04:14.775+0530] {logging_mixin.py:188} INFO - [2026-02-24T05:04:14.775+0530] {dag.py:3954} INFO - Setting next_dagrun for example_branch_datetime_operator_3 to 2026-02-22 00:00:00+00:00, run_after=2026-02-23 00:00:00+00:00
[2026-02-24T05:04:14.781+0530] {processor.py:183} INFO - Processing /Users/aswin/Documents/data-engineering-practice/ETL_Airflow_DBT/airflow/airflow_env/lib/python3.11/site-packages/airflow/example_dags/example_branch_datetime_operator.py took 0.050 seconds
[2026-02-24T05:05:48.887+0530] {processor.py:161} INFO - Started process (PID=44961) to work on /Users/aswin/Documents/data-engineering-practice/ETL_Airflow_DBT/airflow/airflow_env/lib/python3.11/site-packages/airflow/example_dags/example_branch_datetime_operator.py
[2026-02-24T05:05:48.888+0530] {processor.py:830} INFO - Processing file /Users/aswin/Documents/data-engineering-practice/ETL_Airflow_DBT/airflow/airflow_env/lib/python3.11/site-packages/airflow/example_dags/example_branch_datetime_operator.py for tasks to queue
[2026-02-24T05:05:48.888+0530] {logging_mixin.py:188} INFO - [2026-02-24T05:05:48.888+0530] {dagbag.py:540} INFO - Filling up the DagBag from /Users/aswin/Documents/data-engineering-practice/ETL_Airflow_DBT/airflow/airflow_env/lib/python3.11/site-packages/airflow/example_dags/example_branch_datetime_operator.py
[2026-02-24T05:05:48.892+0530] {processor.py:840} INFO - DAG(s) 'example_branch_datetime_operator_2', 'example_branch_datetime_operator', 'example_branch_datetime_operator_3' retrieved from /Users/aswin/Documents/data-engineering-practice/ETL_Airflow_DBT/airflow/airflow_env/lib/python3.11/site-packages/airflow/example_dags/example_branch_datetime_operator.py
[2026-02-24T05:05:48.923+0530] {logging_mixin.py:188} INFO - [2026-02-24T05:05:48.923+0530] {dag.py:3096} INFO - Sync 3 DAGs
[2026-02-24T05:05:48.929+0530] {logging_mixin.py:188} INFO - [2026-02-24T05:05:48.929+0530] {dag.py:3954} INFO - Setting next_dagrun for example_branch_datetime_operator to 2026-02-22 00:00:00+00:00, run_after=2026-02-23 00:00:00+00:00
[2026-02-24T05:05:48.930+0530] {logging_mixin.py:188} INFO - [2026-02-24T05:05:48.930+0530] {dag.py:3954} INFO - Setting next_dagrun for example_branch_datetime_operator_2 to 2026-02-22 00:00:00+00:00, run_after=2026-02-23 00:00:00+00:00
[2026-02-24T05:05:48.931+0530] {logging_mixin.py:188} INFO - [2026-02-24T05:05:48.930+0530] {dag.py:3954} INFO - Setting next_dagrun for example_branch_datetime_operator_3 to 2026-02-22 00:00:00+00:00, run_after=2026-02-23 00:00:00+00:00
[2026-02-24T05:05:48.936+0530] {processor.py:183} INFO - Processing /Users/aswin/Documents/data-engineering-practice/ETL_Airflow_DBT/airflow/airflow_env/lib/python3.11/site-packages/airflow/example_dags/example_branch_datetime_operator.py took 0.050 seconds
[2026-02-24T05:07:26.669+0530] {processor.py:161} INFO - Started process (PID=45058) to work on /Users/aswin/Documents/data-engineering-practice/ETL_Airflow_DBT/airflow/airflow_env/lib/python3.11/site-packages/airflow/example_dags/example_branch_datetime_operator.py
[2026-02-24T05:07:26.670+0530] {processor.py:830} INFO - Processing file /Users/aswin/Documents/data-engineering-practice/ETL_Airflow_DBT/airflow/airflow_env/lib/python3.11/site-packages/airflow/example_dags/example_branch_datetime_operator.py for tasks to queue
[2026-02-24T05:07:26.671+0530] {logging_mixin.py:188} INFO - [2026-02-24T05:07:26.671+0530] {dagbag.py:540} INFO - Filling up the DagBag from /Users/aswin/Documents/data-engineering-practice/ETL_Airflow_DBT/airflow/airflow_env/lib/python3.11/site-packages/airflow/example_dags/example_branch_datetime_operator.py
[2026-02-24T05:07:26.675+0530] {processor.py:840} INFO - DAG(s) 'example_branch_datetime_operator_3', 'example_branch_datetime_operator', 'example_branch_datetime_operator_2' retrieved from /Users/aswin/Documents/data-engineering-practice/ETL_Airflow_DBT/airflow/airflow_env/lib/python3.11/site-packages/airflow/example_dags/example_branch_datetime_operator.py
[2026-02-24T05:07:26.706+0530] {logging_mixin.py:188} INFO - [2026-02-24T05:07:26.706+0530] {dag.py:3096} INFO - Sync 3 DAGs
[2026-02-24T05:07:26.711+0530] {logging_mixin.py:188} INFO - [2026-02-24T05:07:26.711+0530] {dag.py:3954} INFO - Setting next_dagrun for example_branch_datetime_operator to 2026-02-22 00:00:00+00:00, run_after=2026-02-23 00:00:00+00:00
[2026-02-24T05:07:26.712+0530] {logging_mixin.py:188} INFO - [2026-02-24T05:07:26.712+0530] {dag.py:3954} INFO - Setting next_dagrun for example_branch_datetime_operator_2 to 2026-02-22 00:00:00+00:00, run_after=2026-02-23 00:00:00+00:00
[2026-02-24T05:07:26.713+0530] {logging_mixin.py:188} INFO - [2026-02-24T05:07:26.713+0530] {dag.py:3954} INFO - Setting next_dagrun for example_branch_datetime_operator_3 to 2026-02-22 00:00:00+00:00, run_after=2026-02-23 00:00:00+00:00
[2026-02-24T05:07:26.718+0530] {processor.py:183} INFO - Processing /Users/aswin/Documents/data-engineering-practice/ETL_Airflow_DBT/airflow/airflow_env/lib/python3.11/site-packages/airflow/example_dags/example_branch_datetime_operator.py took 0.050 seconds
[2026-02-24T05:08:56.078+0530] {processor.py:161} INFO - Started process (PID=45124) to work on /Users/aswin/Documents/data-engineering-practice/ETL_Airflow_DBT/airflow/airflow_env/lib/python3.11/site-packages/airflow/example_dags/example_branch_datetime_operator.py
[2026-02-24T05:08:56.079+0530] {processor.py:830} INFO - Processing file /Users/aswin/Documents/data-engineering-practice/ETL_Airflow_DBT/airflow/airflow_env/lib/python3.11/site-packages/airflow/example_dags/example_branch_datetime_operator.py for tasks to queue
[2026-02-24T05:08:56.079+0530] {logging_mixin.py:188} INFO - [2026-02-24T05:08:56.079+0530] {dagbag.py:540} INFO - Filling up the DagBag from /Users/aswin/Documents/data-engineering-practice/ETL_Airflow_DBT/airflow/airflow_env/lib/python3.11/site-packages/airflow/example_dags/example_branch_datetime_operator.py
[2026-02-24T05:08:56.084+0530] {processor.py:840} INFO - DAG(s) 'example_branch_datetime_operator_2', 'example_branch_datetime_operator_3', 'example_branch_datetime_operator' retrieved from /Users/aswin/Documents/data-engineering-practice/ETL_Airflow_DBT/airflow/airflow_env/lib/python3.11/site-packages/airflow/example_dags/example_branch_datetime_operator.py
[2026-02-24T05:08:56.114+0530] {logging_mixin.py:188} INFO - [2026-02-24T05:08:56.114+0530] {dag.py:3096} INFO - Sync 3 DAGs
[2026-02-24T05:08:56.120+0530] {logging_mixin.py:188} INFO - [2026-02-24T05:08:56.120+0530] {dag.py:3954} INFO - Setting next_dagrun for example_branch_datetime_operator to 2026-02-22 00:00:00+00:00, run_after=2026-02-23 00:00:00+00:00
[2026-02-24T05:08:56.121+0530] {logging_mixin.py:188} INFO - [2026-02-24T05:08:56.121+0530] {dag.py:3954} INFO - Setting next_dagrun for example_branch_datetime_operator_2 to 2026-02-22 00:00:00+00:00, run_after=2026-02-23 00:00:00+00:00
[2026-02-24T05:08:56.122+0530] {logging_mixin.py:188} INFO - [2026-02-24T05:08:56.122+0530] {dag.py:3954} INFO - Setting next_dagrun for example_branch_datetime_operator_3 to 2026-02-22 00:00:00+00:00, run_after=2026-02-23 00:00:00+00:00
[2026-02-24T05:08:56.127+0530] {processor.py:183} INFO - Processing /Users/aswin/Documents/data-engineering-practice/ETL_Airflow_DBT/airflow/airflow_env/lib/python3.11/site-packages/airflow/example_dags/example_branch_datetime_operator.py took 0.050 seconds
[2026-02-24T05:10:20.684+0530] {processor.py:161} INFO - Started process (PID=45194) to work on /Users/aswin/Documents/data-engineering-practice/ETL_Airflow_DBT/airflow/airflow_env/lib/python3.11/site-packages/airflow/example_dags/example_branch_datetime_operator.py
[2026-02-24T05:10:20.685+0530] {processor.py:830} INFO - Processing file /Users/aswin/Documents/data-engineering-practice/ETL_Airflow_DBT/airflow/airflow_env/lib/python3.11/site-packages/airflow/example_dags/example_branch_datetime_operator.py for tasks to queue
[2026-02-24T05:10:20.685+0530] {logging_mixin.py:188} INFO - [2026-02-24T05:10:20.685+0530] {dagbag.py:540} INFO - Filling up the DagBag from /Users/aswin/Documents/data-engineering-practice/ETL_Airflow_DBT/airflow/airflow_env/lib/python3.11/site-packages/airflow/example_dags/example_branch_datetime_operator.py
[2026-02-24T05:10:20.689+0530] {processor.py:840} INFO - DAG(s) 'example_branch_datetime_operator_2', 'example_branch_datetime_operator_3', 'example_branch_datetime_operator' retrieved from /Users/aswin/Documents/data-engineering-practice/ETL_Airflow_DBT/airflow/airflow_env/lib/python3.11/site-packages/airflow/example_dags/example_branch_datetime_operator.py
[2026-02-24T05:10:20.720+0530] {logging_mixin.py:188} INFO - [2026-02-24T05:10:20.720+0530] {dag.py:3096} INFO - Sync 3 DAGs
[2026-02-24T05:10:20.725+0530] {logging_mixin.py:188} INFO - [2026-02-24T05:10:20.725+0530] {dag.py:3954} INFO - Setting next_dagrun for example_branch_datetime_operator to 2026-02-22 00:00:00+00:00, run_after=2026-02-23 00:00:00+00:00
[2026-02-24T05:10:20.727+0530] {logging_mixin.py:188} INFO - [2026-02-24T05:10:20.727+0530] {dag.py:3954} INFO - Setting next_dagrun for example_branch_datetime_operator_2 to 2026-02-22 00:00:00+00:00, run_after=2026-02-23 00:00:00+00:00
[2026-02-24T05:10:20.727+0530] {logging_mixin.py:188} INFO - [2026-02-24T05:10:20.727+0530] {dag.py:3954} INFO - Setting next_dagrun for example_branch_datetime_operator_3 to 2026-02-22 00:00:00+00:00, run_after=2026-02-23 00:00:00+00:00
[2026-02-24T05:10:20.733+0530] {processor.py:183} INFO - Processing /Users/aswin/Documents/data-engineering-practice/ETL_Airflow_DBT/airflow/airflow_env/lib/python3.11/site-packages/airflow/example_dags/example_branch_datetime_operator.py took 0.050 seconds
[2026-02-24T05:11:44.669+0530] {processor.py:161} INFO - Started process (PID=45260) to work on /Users/aswin/Documents/data-engineering-practice/ETL_Airflow_DBT/airflow/airflow_env/lib/python3.11/site-packages/airflow/example_dags/example_branch_datetime_operator.py
[2026-02-24T05:11:44.670+0530] {processor.py:830} INFO - Processing file /Users/aswin/Documents/data-engineering-practice/ETL_Airflow_DBT/airflow/airflow_env/lib/python3.11/site-packages/airflow/example_dags/example_branch_datetime_operator.py for tasks to queue
[2026-02-24T05:11:44.671+0530] {logging_mixin.py:188} INFO - [2026-02-24T05:11:44.671+0530] {dagbag.py:540} INFO - Filling up the DagBag from /Users/aswin/Documents/data-engineering-practice/ETL_Airflow_DBT/airflow/airflow_env/lib/python3.11/site-packages/airflow/example_dags/example_branch_datetime_operator.py
[2026-02-24T05:11:44.675+0530] {processor.py:840} INFO - DAG(s) 'example_branch_datetime_operator', 'example_branch_datetime_operator_2', 'example_branch_datetime_operator_3' retrieved from /Users/aswin/Documents/data-engineering-practice/ETL_Airflow_DBT/airflow/airflow_env/lib/python3.11/site-packages/airflow/example_dags/example_branch_datetime_operator.py
[2026-02-24T05:11:44.706+0530] {logging_mixin.py:188} INFO - [2026-02-24T05:11:44.706+0530] {dag.py:3096} INFO - Sync 3 DAGs
[2026-02-24T05:11:44.711+0530] {logging_mixin.py:188} INFO - [2026-02-24T05:11:44.711+0530] {dag.py:3954} INFO - Setting next_dagrun for example_branch_datetime_operator to 2026-02-22 00:00:00+00:00, run_after=2026-02-23 00:00:00+00:00
[2026-02-24T05:11:44.712+0530] {logging_mixin.py:188} INFO - [2026-02-24T05:11:44.712+0530] {dag.py:3954} INFO - Setting next_dagrun for example_branch_datetime_operator_2 to 2026-02-22 00:00:00+00:00, run_after=2026-02-23 00:00:00+00:00
[2026-02-24T05:11:44.713+0530] {logging_mixin.py:188} INFO - [2026-02-24T05:11:44.713+0530] {dag.py:3954} INFO - Setting next_dagrun for example_branch_datetime_operator_3 to 2026-02-22 00:00:00+00:00, run_after=2026-02-23 00:00:00+00:00
[2026-02-24T05:11:44.718+0530] {processor.py:183} INFO - Processing /Users/aswin/Documents/data-engineering-practice/ETL_Airflow_DBT/airflow/airflow_env/lib/python3.11/site-packages/airflow/example_dags/example_branch_datetime_operator.py took 0.050 seconds
[2026-02-24T05:13:13.321+0530] {processor.py:161} INFO - Started process (PID=45541) to work on /Users/aswin/Documents/data-engineering-practice/ETL_Airflow_DBT/airflow/airflow_env/lib/python3.11/site-packages/airflow/example_dags/example_branch_datetime_operator.py
[2026-02-24T05:13:13.322+0530] {processor.py:830} INFO - Processing file /Users/aswin/Documents/data-engineering-practice/ETL_Airflow_DBT/airflow/airflow_env/lib/python3.11/site-packages/airflow/example_dags/example_branch_datetime_operator.py for tasks to queue
[2026-02-24T05:13:13.322+0530] {logging_mixin.py:188} INFO - [2026-02-24T05:13:13.322+0530] {dagbag.py:540} INFO - Filling up the DagBag from /Users/aswin/Documents/data-engineering-practice/ETL_Airflow_DBT/airflow/airflow_env/lib/python3.11/site-packages/airflow/example_dags/example_branch_datetime_operator.py
[2026-02-24T05:13:13.327+0530] {processor.py:840} INFO - DAG(s) 'example_branch_datetime_operator_3', 'example_branch_datetime_operator_2', 'example_branch_datetime_operator' retrieved from /Users/aswin/Documents/data-engineering-practice/ETL_Airflow_DBT/airflow/airflow_env/lib/python3.11/site-packages/airflow/example_dags/example_branch_datetime_operator.py
[2026-02-24T05:13:13.360+0530] {logging_mixin.py:188} INFO - [2026-02-24T05:13:13.360+0530] {dag.py:3096} INFO - Sync 3 DAGs
[2026-02-24T05:13:13.379+0530] {logging_mixin.py:188} INFO - [2026-02-24T05:13:13.379+0530] {dag.py:3954} INFO - Setting next_dagrun for example_branch_datetime_operator to 2026-02-22 00:00:00+00:00, run_after=2026-02-23 00:00:00+00:00
[2026-02-24T05:13:13.380+0530] {logging_mixin.py:188} INFO - [2026-02-24T05:13:13.380+0530] {dag.py:3954} INFO - Setting next_dagrun for example_branch_datetime_operator_2 to 2026-02-22 00:00:00+00:00, run_after=2026-02-23 00:00:00+00:00
[2026-02-24T05:13:13.381+0530] {logging_mixin.py:188} INFO - [2026-02-24T05:13:13.381+0530] {dag.py:3954} INFO - Setting next_dagrun for example_branch_datetime_operator_3 to 2026-02-22 00:00:00+00:00, run_after=2026-02-23 00:00:00+00:00
[2026-02-24T05:13:13.387+0530] {processor.py:183} INFO - Processing /Users/aswin/Documents/data-engineering-practice/ETL_Airflow_DBT/airflow/airflow_env/lib/python3.11/site-packages/airflow/example_dags/example_branch_datetime_operator.py took 0.066 seconds
[2026-02-24T05:14:46.799+0530] {processor.py:161} INFO - Started process (PID=45747) to work on /Users/aswin/Documents/data-engineering-practice/ETL_Airflow_DBT/airflow/airflow_env/lib/python3.11/site-packages/airflow/example_dags/example_branch_datetime_operator.py
[2026-02-24T05:14:46.799+0530] {processor.py:830} INFO - Processing file /Users/aswin/Documents/data-engineering-practice/ETL_Airflow_DBT/airflow/airflow_env/lib/python3.11/site-packages/airflow/example_dags/example_branch_datetime_operator.py for tasks to queue
[2026-02-24T05:14:46.800+0530] {logging_mixin.py:188} INFO - [2026-02-24T05:14:46.799+0530] {dagbag.py:540} INFO - Filling up the DagBag from /Users/aswin/Documents/data-engineering-practice/ETL_Airflow_DBT/airflow/airflow_env/lib/python3.11/site-packages/airflow/example_dags/example_branch_datetime_operator.py
[2026-02-24T05:14:46.804+0530] {processor.py:840} INFO - DAG(s) 'example_branch_datetime_operator_3', 'example_branch_datetime_operator', 'example_branch_datetime_operator_2' retrieved from /Users/aswin/Documents/data-engineering-practice/ETL_Airflow_DBT/airflow/airflow_env/lib/python3.11/site-packages/airflow/example_dags/example_branch_datetime_operator.py
[2026-02-24T05:14:46.835+0530] {logging_mixin.py:188} INFO - [2026-02-24T05:14:46.835+0530] {dag.py:3096} INFO - Sync 3 DAGs
[2026-02-24T05:14:46.841+0530] {logging_mixin.py:188} INFO - [2026-02-24T05:14:46.841+0530] {dag.py:3954} INFO - Setting next_dagrun for example_branch_datetime_operator to 2026-02-22 00:00:00+00:00, run_after=2026-02-23 00:00:00+00:00
[2026-02-24T05:14:46.842+0530] {logging_mixin.py:188} INFO - [2026-02-24T05:14:46.842+0530] {dag.py:3954} INFO - Setting next_dagrun for example_branch_datetime_operator_2 to 2026-02-22 00:00:00+00:00, run_after=2026-02-23 00:00:00+00:00
[2026-02-24T05:14:46.842+0530] {logging_mixin.py:188} INFO - [2026-02-24T05:14:46.842+0530] {dag.py:3954} INFO - Setting next_dagrun for example_branch_datetime_operator_3 to 2026-02-22 00:00:00+00:00, run_after=2026-02-23 00:00:00+00:00
[2026-02-24T05:14:46.848+0530] {processor.py:183} INFO - Processing /Users/aswin/Documents/data-engineering-practice/ETL_Airflow_DBT/airflow/airflow_env/lib/python3.11/site-packages/airflow/example_dags/example_branch_datetime_operator.py took 0.050 seconds
[2026-02-24T05:16:20.531+0530] {processor.py:161} INFO - Started process (PID=46017) to work on /Users/aswin/Documents/data-engineering-practice/ETL_Airflow_DBT/airflow/airflow_env/lib/python3.11/site-packages/airflow/example_dags/example_branch_datetime_operator.py
[2026-02-24T05:16:20.532+0530] {processor.py:830} INFO - Processing file /Users/aswin/Documents/data-engineering-practice/ETL_Airflow_DBT/airflow/airflow_env/lib/python3.11/site-packages/airflow/example_dags/example_branch_datetime_operator.py for tasks to queue
[2026-02-24T05:16:20.532+0530] {logging_mixin.py:188} INFO - [2026-02-24T05:16:20.532+0530] {dagbag.py:540} INFO - Filling up the DagBag from /Users/aswin/Documents/data-engineering-practice/ETL_Airflow_DBT/airflow/airflow_env/lib/python3.11/site-packages/airflow/example_dags/example_branch_datetime_operator.py
[2026-02-24T05:16:20.537+0530] {processor.py:840} INFO - DAG(s) 'example_branch_datetime_operator', 'example_branch_datetime_operator_3', 'example_branch_datetime_operator_2' retrieved from /Users/aswin/Documents/data-engineering-practice/ETL_Airflow_DBT/airflow/airflow_env/lib/python3.11/site-packages/airflow/example_dags/example_branch_datetime_operator.py
[2026-02-24T05:16:20.568+0530] {logging_mixin.py:188} INFO - [2026-02-24T05:16:20.568+0530] {dag.py:3096} INFO - Sync 3 DAGs
[2026-02-24T05:16:20.574+0530] {logging_mixin.py:188} INFO - [2026-02-24T05:16:20.574+0530] {dag.py:3954} INFO - Setting next_dagrun for example_branch_datetime_operator to 2026-02-22 00:00:00+00:00, run_after=2026-02-23 00:00:00+00:00
[2026-02-24T05:16:20.575+0530] {logging_mixin.py:188} INFO - [2026-02-24T05:16:20.575+0530] {dag.py:3954} INFO - Setting next_dagrun for example_branch_datetime_operator_2 to 2026-02-22 00:00:00+00:00, run_after=2026-02-23 00:00:00+00:00
[2026-02-24T05:16:20.575+0530] {logging_mixin.py:188} INFO - [2026-02-24T05:16:20.575+0530] {dag.py:3954} INFO - Setting next_dagrun for example_branch_datetime_operator_3 to 2026-02-22 00:00:00+00:00, run_after=2026-02-23 00:00:00+00:00
[2026-02-24T05:16:20.581+0530] {processor.py:183} INFO - Processing /Users/aswin/Documents/data-engineering-practice/ETL_Airflow_DBT/airflow/airflow_env/lib/python3.11/site-packages/airflow/example_dags/example_branch_datetime_operator.py took 0.051 seconds
[2026-02-24T05:17:48.130+0530] {processor.py:161} INFO - Started process (PID=46458) to work on /Users/aswin/Documents/data-engineering-practice/ETL_Airflow_DBT/airflow/airflow_env/lib/python3.11/site-packages/airflow/example_dags/example_branch_datetime_operator.py
[2026-02-24T05:17:48.131+0530] {processor.py:830} INFO - Processing file /Users/aswin/Documents/data-engineering-practice/ETL_Airflow_DBT/airflow/airflow_env/lib/python3.11/site-packages/airflow/example_dags/example_branch_datetime_operator.py for tasks to queue
[2026-02-24T05:17:48.131+0530] {logging_mixin.py:188} INFO - [2026-02-24T05:17:48.131+0530] {dagbag.py:540} INFO - Filling up the DagBag from /Users/aswin/Documents/data-engineering-practice/ETL_Airflow_DBT/airflow/airflow_env/lib/python3.11/site-packages/airflow/example_dags/example_branch_datetime_operator.py
[2026-02-24T05:17:48.136+0530] {processor.py:840} INFO - DAG(s) 'example_branch_datetime_operator_3', 'example_branch_datetime_operator', 'example_branch_datetime_operator_2' retrieved from /Users/aswin/Documents/data-engineering-practice/ETL_Airflow_DBT/airflow/airflow_env/lib/python3.11/site-packages/airflow/example_dags/example_branch_datetime_operator.py
[2026-02-24T05:17:48.168+0530] {logging_mixin.py:188} INFO - [2026-02-24T05:17:48.168+0530] {dag.py:3096} INFO - Sync 3 DAGs
[2026-02-24T05:17:48.173+0530] {logging_mixin.py:188} INFO - [2026-02-24T05:17:48.173+0530] {dag.py:3954} INFO - Setting next_dagrun for example_branch_datetime_operator to 2026-02-22 00:00:00+00:00, run_after=2026-02-23 00:00:00+00:00
[2026-02-24T05:17:48.174+0530] {logging_mixin.py:188} INFO - [2026-02-24T05:17:48.174+0530] {dag.py:3954} INFO - Setting next_dagrun for example_branch_datetime_operator_2 to 2026-02-22 00:00:00+00:00, run_after=2026-02-23 00:00:00+00:00
[2026-02-24T05:17:48.175+0530] {logging_mixin.py:188} INFO - [2026-02-24T05:17:48.175+0530] {dag.py:3954} INFO - Setting next_dagrun for example_branch_datetime_operator_3 to 2026-02-22 00:00:00+00:00, run_after=2026-02-23 00:00:00+00:00
[2026-02-24T05:17:48.180+0530] {processor.py:183} INFO - Processing /Users/aswin/Documents/data-engineering-practice/ETL_Airflow_DBT/airflow/airflow_env/lib/python3.11/site-packages/airflow/example_dags/example_branch_datetime_operator.py took 0.051 seconds
[2026-02-24T05:19:21.678+0530] {processor.py:161} INFO - Started process (PID=46533) to work on /Users/aswin/Documents/data-engineering-practice/ETL_Airflow_DBT/airflow/airflow_env/lib/python3.11/site-packages/airflow/example_dags/example_branch_datetime_operator.py
[2026-02-24T05:19:21.678+0530] {processor.py:830} INFO - Processing file /Users/aswin/Documents/data-engineering-practice/ETL_Airflow_DBT/airflow/airflow_env/lib/python3.11/site-packages/airflow/example_dags/example_branch_datetime_operator.py for tasks to queue
[2026-02-24T05:19:21.679+0530] {logging_mixin.py:188} INFO - [2026-02-24T05:19:21.679+0530] {dagbag.py:540} INFO - Filling up the DagBag from /Users/aswin/Documents/data-engineering-practice/ETL_Airflow_DBT/airflow/airflow_env/lib/python3.11/site-packages/airflow/example_dags/example_branch_datetime_operator.py
[2026-02-24T05:19:21.684+0530] {processor.py:840} INFO - DAG(s) 'example_branch_datetime_operator_3', 'example_branch_datetime_operator', 'example_branch_datetime_operator_2' retrieved from /Users/aswin/Documents/data-engineering-practice/ETL_Airflow_DBT/airflow/airflow_env/lib/python3.11/site-packages/airflow/example_dags/example_branch_datetime_operator.py
[2026-02-24T05:19:21.718+0530] {logging_mixin.py:188} INFO - [2026-02-24T05:19:21.717+0530] {dag.py:3096} INFO - Sync 3 DAGs
[2026-02-24T05:19:21.724+0530] {logging_mixin.py:188} INFO - [2026-02-24T05:19:21.724+0530] {dag.py:3954} INFO - Setting next_dagrun for example_branch_datetime_operator to 2026-02-22 00:00:00+00:00, run_after=2026-02-23 00:00:00+00:00
[2026-02-24T05:19:21.726+0530] {logging_mixin.py:188} INFO - [2026-02-24T05:19:21.726+0530] {dag.py:3954} INFO - Setting next_dagrun for example_branch_datetime_operator_2 to 2026-02-22 00:00:00+00:00, run_after=2026-02-23 00:00:00+00:00
[2026-02-24T05:19:21.726+0530] {logging_mixin.py:188} INFO - [2026-02-24T05:19:21.726+0530] {dag.py:3954} INFO - Setting next_dagrun for example_branch_datetime_operator_3 to 2026-02-22 00:00:00+00:00, run_after=2026-02-23 00:00:00+00:00
[2026-02-24T05:19:21.733+0530] {processor.py:183} INFO - Processing /Users/aswin/Documents/data-engineering-practice/ETL_Airflow_DBT/airflow/airflow_env/lib/python3.11/site-packages/airflow/example_dags/example_branch_datetime_operator.py took 0.056 seconds
[2026-02-24T05:21:01.821+0530] {processor.py:161} INFO - Started process (PID=46622) to work on /Users/aswin/Documents/data-engineering-practice/ETL_Airflow_DBT/airflow/airflow_env/lib/python3.11/site-packages/airflow/example_dags/example_branch_datetime_operator.py
[2026-02-24T05:21:01.822+0530] {processor.py:830} INFO - Processing file /Users/aswin/Documents/data-engineering-practice/ETL_Airflow_DBT/airflow/airflow_env/lib/python3.11/site-packages/airflow/example_dags/example_branch_datetime_operator.py for tasks to queue
[2026-02-24T05:21:01.822+0530] {logging_mixin.py:188} INFO - [2026-02-24T05:21:01.822+0530] {dagbag.py:540} INFO - Filling up the DagBag from /Users/aswin/Documents/data-engineering-practice/ETL_Airflow_DBT/airflow/airflow_env/lib/python3.11/site-packages/airflow/example_dags/example_branch_datetime_operator.py
[2026-02-24T05:21:01.827+0530] {processor.py:840} INFO - DAG(s) 'example_branch_datetime_operator', 'example_branch_datetime_operator_2', 'example_branch_datetime_operator_3' retrieved from /Users/aswin/Documents/data-engineering-practice/ETL_Airflow_DBT/airflow/airflow_env/lib/python3.11/site-packages/airflow/example_dags/example_branch_datetime_operator.py
[2026-02-24T05:21:01.857+0530] {logging_mixin.py:188} INFO - [2026-02-24T05:21:01.857+0530] {dag.py:3096} INFO - Sync 3 DAGs
[2026-02-24T05:21:01.863+0530] {logging_mixin.py:188} INFO - [2026-02-24T05:21:01.863+0530] {dag.py:3954} INFO - Setting next_dagrun for example_branch_datetime_operator to 2026-02-22 00:00:00+00:00, run_after=2026-02-23 00:00:00+00:00
[2026-02-24T05:21:01.864+0530] {logging_mixin.py:188} INFO - [2026-02-24T05:21:01.864+0530] {dag.py:3954} INFO - Setting next_dagrun for example_branch_datetime_operator_2 to 2026-02-22 00:00:00+00:00, run_after=2026-02-23 00:00:00+00:00
[2026-02-24T05:21:01.865+0530] {logging_mixin.py:188} INFO - [2026-02-24T05:21:01.865+0530] {dag.py:3954} INFO - Setting next_dagrun for example_branch_datetime_operator_3 to 2026-02-22 00:00:00+00:00, run_after=2026-02-23 00:00:00+00:00
[2026-02-24T05:21:01.870+0530] {processor.py:183} INFO - Processing /Users/aswin/Documents/data-engineering-practice/ETL_Airflow_DBT/airflow/airflow_env/lib/python3.11/site-packages/airflow/example_dags/example_branch_datetime_operator.py took 0.050 seconds
[2026-02-24T05:22:28.193+0530] {processor.py:161} INFO - Started process (PID=46693) to work on /Users/aswin/Documents/data-engineering-practice/ETL_Airflow_DBT/airflow/airflow_env/lib/python3.11/site-packages/airflow/example_dags/example_branch_datetime_operator.py
[2026-02-24T05:22:28.194+0530] {processor.py:830} INFO - Processing file /Users/aswin/Documents/data-engineering-practice/ETL_Airflow_DBT/airflow/airflow_env/lib/python3.11/site-packages/airflow/example_dags/example_branch_datetime_operator.py for tasks to queue
[2026-02-24T05:22:28.194+0530] {logging_mixin.py:188} INFO - [2026-02-24T05:22:28.194+0530] {dagbag.py:540} INFO - Filling up the DagBag from /Users/aswin/Documents/data-engineering-practice/ETL_Airflow_DBT/airflow/airflow_env/lib/python3.11/site-packages/airflow/example_dags/example_branch_datetime_operator.py
[2026-02-24T05:22:28.198+0530] {processor.py:840} INFO - DAG(s) 'example_branch_datetime_operator_3', 'example_branch_datetime_operator_2', 'example_branch_datetime_operator' retrieved from /Users/aswin/Documents/data-engineering-practice/ETL_Airflow_DBT/airflow/airflow_env/lib/python3.11/site-packages/airflow/example_dags/example_branch_datetime_operator.py
[2026-02-24T05:22:28.229+0530] {logging_mixin.py:188} INFO - [2026-02-24T05:22:28.229+0530] {dag.py:3096} INFO - Sync 3 DAGs
[2026-02-24T05:22:28.234+0530] {logging_mixin.py:188} INFO - [2026-02-24T05:22:28.234+0530] {dag.py:3954} INFO - Setting next_dagrun for example_branch_datetime_operator to 2026-02-22 00:00:00+00:00, run_after=2026-02-23 00:00:00+00:00
[2026-02-24T05:22:28.235+0530] {logging_mixin.py:188} INFO - [2026-02-24T05:22:28.235+0530] {dag.py:3954} INFO - Setting next_dagrun for example_branch_datetime_operator_2 to 2026-02-22 00:00:00+00:00, run_after=2026-02-23 00:00:00+00:00
[2026-02-24T05:22:28.236+0530] {logging_mixin.py:188} INFO - [2026-02-24T05:22:28.236+0530] {dag.py:3954} INFO - Setting next_dagrun for example_branch_datetime_operator_3 to 2026-02-22 00:00:00+00:00, run_after=2026-02-23 00:00:00+00:00
[2026-02-24T05:22:28.241+0530] {processor.py:183} INFO - Processing /Users/aswin/Documents/data-engineering-practice/ETL_Airflow_DBT/airflow/airflow_env/lib/python3.11/site-packages/airflow/example_dags/example_branch_datetime_operator.py took 0.049 seconds
[2026-02-24T05:23:59.803+0530] {processor.py:161} INFO - Started process (PID=46760) to work on /Users/aswin/Documents/data-engineering-practice/ETL_Airflow_DBT/airflow/airflow_env/lib/python3.11/site-packages/airflow/example_dags/example_branch_datetime_operator.py
[2026-02-24T05:23:59.804+0530] {processor.py:830} INFO - Processing file /Users/aswin/Documents/data-engineering-practice/ETL_Airflow_DBT/airflow/airflow_env/lib/python3.11/site-packages/airflow/example_dags/example_branch_datetime_operator.py for tasks to queue
[2026-02-24T05:23:59.804+0530] {logging_mixin.py:188} INFO - [2026-02-24T05:23:59.804+0530] {dagbag.py:540} INFO - Filling up the DagBag from /Users/aswin/Documents/data-engineering-practice/ETL_Airflow_DBT/airflow/airflow_env/lib/python3.11/site-packages/airflow/example_dags/example_branch_datetime_operator.py
[2026-02-24T05:23:59.809+0530] {processor.py:840} INFO - DAG(s) 'example_branch_datetime_operator', 'example_branch_datetime_operator_2', 'example_branch_datetime_operator_3' retrieved from /Users/aswin/Documents/data-engineering-practice/ETL_Airflow_DBT/airflow/airflow_env/lib/python3.11/site-packages/airflow/example_dags/example_branch_datetime_operator.py
[2026-02-24T05:23:59.839+0530] {logging_mixin.py:188} INFO - [2026-02-24T05:23:59.839+0530] {dag.py:3096} INFO - Sync 3 DAGs
[2026-02-24T05:23:59.845+0530] {logging_mixin.py:188} INFO - [2026-02-24T05:23:59.845+0530] {dag.py:3954} INFO - Setting next_dagrun for example_branch_datetime_operator to 2026-02-22 00:00:00+00:00, run_after=2026-02-23 00:00:00+00:00
[2026-02-24T05:23:59.846+0530] {logging_mixin.py:188} INFO - [2026-02-24T05:23:59.846+0530] {dag.py:3954} INFO - Setting next_dagrun for example_branch_datetime_operator_2 to 2026-02-22 00:00:00+00:00, run_after=2026-02-23 00:00:00+00:00
[2026-02-24T05:23:59.846+0530] {logging_mixin.py:188} INFO - [2026-02-24T05:23:59.846+0530] {dag.py:3954} INFO - Setting next_dagrun for example_branch_datetime_operator_3 to 2026-02-22 00:00:00+00:00, run_after=2026-02-23 00:00:00+00:00
[2026-02-24T05:23:59.852+0530] {processor.py:183} INFO - Processing /Users/aswin/Documents/data-engineering-practice/ETL_Airflow_DBT/airflow/airflow_env/lib/python3.11/site-packages/airflow/example_dags/example_branch_datetime_operator.py took 0.050 seconds
[2026-02-24T05:25:30.197+0530] {processor.py:161} INFO - Started process (PID=46854) to work on /Users/aswin/Documents/data-engineering-practice/ETL_Airflow_DBT/airflow/airflow_env/lib/python3.11/site-packages/airflow/example_dags/example_branch_datetime_operator.py
[2026-02-24T05:25:30.198+0530] {processor.py:830} INFO - Processing file /Users/aswin/Documents/data-engineering-practice/ETL_Airflow_DBT/airflow/airflow_env/lib/python3.11/site-packages/airflow/example_dags/example_branch_datetime_operator.py for tasks to queue
[2026-02-24T05:25:30.198+0530] {logging_mixin.py:188} INFO - [2026-02-24T05:25:30.198+0530] {dagbag.py:540} INFO - Filling up the DagBag from /Users/aswin/Documents/data-engineering-practice/ETL_Airflow_DBT/airflow/airflow_env/lib/python3.11/site-packages/airflow/example_dags/example_branch_datetime_operator.py
[2026-02-24T05:25:30.203+0530] {processor.py:840} INFO - DAG(s) 'example_branch_datetime_operator', 'example_branch_datetime_operator_2', 'example_branch_datetime_operator_3' retrieved from /Users/aswin/Documents/data-engineering-practice/ETL_Airflow_DBT/airflow/airflow_env/lib/python3.11/site-packages/airflow/example_dags/example_branch_datetime_operator.py
[2026-02-24T05:25:30.234+0530] {logging_mixin.py:188} INFO - [2026-02-24T05:25:30.234+0530] {dag.py:3096} INFO - Sync 3 DAGs
[2026-02-24T05:25:30.239+0530] {logging_mixin.py:188} INFO - [2026-02-24T05:25:30.239+0530] {dag.py:3954} INFO - Setting next_dagrun for example_branch_datetime_operator to 2026-02-22 00:00:00+00:00, run_after=2026-02-23 00:00:00+00:00
[2026-02-24T05:25:30.240+0530] {logging_mixin.py:188} INFO - [2026-02-24T05:25:30.240+0530] {dag.py:3954} INFO - Setting next_dagrun for example_branch_datetime_operator_2 to 2026-02-22 00:00:00+00:00, run_after=2026-02-23 00:00:00+00:00
[2026-02-24T05:25:30.241+0530] {logging_mixin.py:188} INFO - [2026-02-24T05:25:30.241+0530] {dag.py:3954} INFO - Setting next_dagrun for example_branch_datetime_operator_3 to 2026-02-22 00:00:00+00:00, run_after=2026-02-23 00:00:00+00:00
[2026-02-24T05:25:30.246+0530] {processor.py:183} INFO - Processing /Users/aswin/Documents/data-engineering-practice/ETL_Airflow_DBT/airflow/airflow_env/lib/python3.11/site-packages/airflow/example_dags/example_branch_datetime_operator.py took 0.050 seconds
[2026-02-24T05:27:03.672+0530] {processor.py:161} INFO - Started process (PID=46926) to work on /Users/aswin/Documents/data-engineering-practice/ETL_Airflow_DBT/airflow/airflow_env/lib/python3.11/site-packages/airflow/example_dags/example_branch_datetime_operator.py
[2026-02-24T05:27:03.672+0530] {processor.py:830} INFO - Processing file /Users/aswin/Documents/data-engineering-practice/ETL_Airflow_DBT/airflow/airflow_env/lib/python3.11/site-packages/airflow/example_dags/example_branch_datetime_operator.py for tasks to queue
[2026-02-24T05:27:03.673+0530] {logging_mixin.py:188} INFO - [2026-02-24T05:27:03.672+0530] {dagbag.py:540} INFO - Filling up the DagBag from /Users/aswin/Documents/data-engineering-practice/ETL_Airflow_DBT/airflow/airflow_env/lib/python3.11/site-packages/airflow/example_dags/example_branch_datetime_operator.py
[2026-02-24T05:27:03.677+0530] {processor.py:840} INFO - DAG(s) 'example_branch_datetime_operator_3', 'example_branch_datetime_operator_2', 'example_branch_datetime_operator' retrieved from /Users/aswin/Documents/data-engineering-practice/ETL_Airflow_DBT/airflow/airflow_env/lib/python3.11/site-packages/airflow/example_dags/example_branch_datetime_operator.py
[2026-02-24T05:27:03.709+0530] {logging_mixin.py:188} INFO - [2026-02-24T05:27:03.709+0530] {dag.py:3096} INFO - Sync 3 DAGs
[2026-02-24T05:27:03.714+0530] {logging_mixin.py:188} INFO - [2026-02-24T05:27:03.714+0530] {dag.py:3954} INFO - Setting next_dagrun for example_branch_datetime_operator to 2026-02-22 00:00:00+00:00, run_after=2026-02-23 00:00:00+00:00
[2026-02-24T05:27:03.716+0530] {logging_mixin.py:188} INFO - [2026-02-24T05:27:03.715+0530] {dag.py:3954} INFO - Setting next_dagrun for example_branch_datetime_operator_2 to 2026-02-22 00:00:00+00:00, run_after=2026-02-23 00:00:00+00:00
[2026-02-24T05:27:03.716+0530] {logging_mixin.py:188} INFO - [2026-02-24T05:27:03.716+0530] {dag.py:3954} INFO - Setting next_dagrun for example_branch_datetime_operator_3 to 2026-02-22 00:00:00+00:00, run_after=2026-02-23 00:00:00+00:00
[2026-02-24T05:27:03.722+0530] {processor.py:183} INFO - Processing /Users/aswin/Documents/data-engineering-practice/ETL_Airflow_DBT/airflow/airflow_env/lib/python3.11/site-packages/airflow/example_dags/example_branch_datetime_operator.py took 0.051 seconds
[2026-02-24T05:28:31.504+0530] {processor.py:161} INFO - Started process (PID=46998) to work on /Users/aswin/Documents/data-engineering-practice/ETL_Airflow_DBT/airflow/airflow_env/lib/python3.11/site-packages/airflow/example_dags/example_branch_datetime_operator.py
[2026-02-24T05:28:31.505+0530] {processor.py:830} INFO - Processing file /Users/aswin/Documents/data-engineering-practice/ETL_Airflow_DBT/airflow/airflow_env/lib/python3.11/site-packages/airflow/example_dags/example_branch_datetime_operator.py for tasks to queue
[2026-02-24T05:28:31.505+0530] {logging_mixin.py:188} INFO - [2026-02-24T05:28:31.505+0530] {dagbag.py:540} INFO - Filling up the DagBag from /Users/aswin/Documents/data-engineering-practice/ETL_Airflow_DBT/airflow/airflow_env/lib/python3.11/site-packages/airflow/example_dags/example_branch_datetime_operator.py
[2026-02-24T05:28:31.510+0530] {processor.py:840} INFO - DAG(s) 'example_branch_datetime_operator_2', 'example_branch_datetime_operator_3', 'example_branch_datetime_operator' retrieved from /Users/aswin/Documents/data-engineering-practice/ETL_Airflow_DBT/airflow/airflow_env/lib/python3.11/site-packages/airflow/example_dags/example_branch_datetime_operator.py
[2026-02-24T05:28:31.541+0530] {logging_mixin.py:188} INFO - [2026-02-24T05:28:31.541+0530] {dag.py:3096} INFO - Sync 3 DAGs
[2026-02-24T05:28:31.546+0530] {logging_mixin.py:188} INFO - [2026-02-24T05:28:31.546+0530] {dag.py:3954} INFO - Setting next_dagrun for example_branch_datetime_operator to 2026-02-22 00:00:00+00:00, run_after=2026-02-23 00:00:00+00:00
[2026-02-24T05:28:31.547+0530] {logging_mixin.py:188} INFO - [2026-02-24T05:28:31.547+0530] {dag.py:3954} INFO - Setting next_dagrun for example_branch_datetime_operator_2 to 2026-02-22 00:00:00+00:00, run_after=2026-02-23 00:00:00+00:00
[2026-02-24T05:28:31.548+0530] {logging_mixin.py:188} INFO - [2026-02-24T05:28:31.548+0530] {dag.py:3954} INFO - Setting next_dagrun for example_branch_datetime_operator_3 to 2026-02-22 00:00:00+00:00, run_after=2026-02-23 00:00:00+00:00
[2026-02-24T05:28:31.553+0530] {processor.py:183} INFO - Processing /Users/aswin/Documents/data-engineering-practice/ETL_Airflow_DBT/airflow/airflow_env/lib/python3.11/site-packages/airflow/example_dags/example_branch_datetime_operator.py took 0.050 seconds
