[2026-03-28T05:52:51.100+0530] {processor.py:161} INFO - Started process (PID=52419) to work on /Users/aswin/Documents/data-engineering-practice/ETL_Airflow_DBT/airflow/airflow_env/lib/python3.11/site-packages/airflow/example_dags/example_bash_decorator.py
[2026-03-28T05:52:51.100+0530] {processor.py:830} INFO - Processing file /Users/aswin/Documents/data-engineering-practice/ETL_Airflow_DBT/airflow/airflow_env/lib/python3.11/site-packages/airflow/example_dags/example_bash_decorator.py for tasks to queue
[2026-03-28T05:52:51.100+0530] {logging_mixin.py:188} INFO - [2026-03-28T05:52:51.100+0530] {dagbag.py:540} INFO - Filling up the DagBag from /Users/aswin/Documents/data-engineering-practice/ETL_Airflow_DBT/airflow/airflow_env/lib/python3.11/site-packages/airflow/example_dags/example_bash_decorator.py
[2026-03-28T05:52:51.117+0530] {processor.py:840} INFO - DAG(s) 'example_bash_decorator' retrieved from /Users/aswin/Documents/data-engineering-practice/ETL_Airflow_DBT/airflow/airflow_env/lib/python3.11/site-packages/airflow/example_dags/example_bash_decorator.py
[2026-03-28T05:52:51.193+0530] {logging_mixin.py:188} INFO - [2026-03-28T05:52:51.193+0530] {dag.py:3096} INFO - Sync 1 DAGs
[2026-03-28T05:52:51.196+0530] {logging_mixin.py:188} INFO - [2026-03-28T05:52:51.196+0530] {dag.py:3954} INFO - Setting next_dagrun for example_bash_decorator to None, run_after=None
[2026-03-28T05:52:51.203+0530] {processor.py:183} INFO - Processing /Users/aswin/Documents/data-engineering-practice/ETL_Airflow_DBT/airflow/airflow_env/lib/python3.11/site-packages/airflow/example_dags/example_bash_decorator.py took 0.104 seconds
[2026-03-28T05:54:52.763+0530] {processor.py:161} INFO - Started process (PID=52516) to work on /Users/aswin/Documents/data-engineering-practice/ETL_Airflow_DBT/airflow/airflow_env/lib/python3.11/site-packages/airflow/example_dags/example_bash_decorator.py
[2026-03-28T05:54:52.763+0530] {processor.py:830} INFO - Processing file /Users/aswin/Documents/data-engineering-practice/ETL_Airflow_DBT/airflow/airflow_env/lib/python3.11/site-packages/airflow/example_dags/example_bash_decorator.py for tasks to queue
[2026-03-28T05:54:52.764+0530] {logging_mixin.py:188} INFO - [2026-03-28T05:54:52.763+0530] {dagbag.py:540} INFO - Filling up the DagBag from /Users/aswin/Documents/data-engineering-practice/ETL_Airflow_DBT/airflow/airflow_env/lib/python3.11/site-packages/airflow/example_dags/example_bash_decorator.py
[2026-03-28T05:54:52.786+0530] {processor.py:840} INFO - DAG(s) 'example_bash_decorator' retrieved from /Users/aswin/Documents/data-engineering-practice/ETL_Airflow_DBT/airflow/airflow_env/lib/python3.11/site-packages/airflow/example_dags/example_bash_decorator.py
[2026-03-28T05:54:52.894+0530] {logging_mixin.py:188} INFO - [2026-03-28T05:54:52.894+0530] {dag.py:3096} INFO - Sync 1 DAGs
[2026-03-28T05:54:52.897+0530] {logging_mixin.py:188} INFO - [2026-03-28T05:54:52.897+0530] {dag.py:3954} INFO - Setting next_dagrun for example_bash_decorator to None, run_after=None
[2026-03-28T05:54:52.904+0530] {processor.py:183} INFO - Processing /Users/aswin/Documents/data-engineering-practice/ETL_Airflow_DBT/airflow/airflow_env/lib/python3.11/site-packages/airflow/example_dags/example_bash_decorator.py took 0.143 seconds
[2026-03-29T04:49:50.968+0530] {processor.py:161} INFO - Started process (PID=56874) to work on /Users/aswin/Documents/data-engineering-practice/ETL_Airflow_DBT/airflow/airflow_env/lib/python3.11/site-packages/airflow/example_dags/example_bash_decorator.py
[2026-03-29T04:49:50.969+0530] {processor.py:830} INFO - Processing file /Users/aswin/Documents/data-engineering-practice/ETL_Airflow_DBT/airflow/airflow_env/lib/python3.11/site-packages/airflow/example_dags/example_bash_decorator.py for tasks to queue
[2026-03-29T04:49:50.969+0530] {logging_mixin.py:188} INFO - [2026-03-29T04:49:50.969+0530] {dagbag.py:540} INFO - Filling up the DagBag from /Users/aswin/Documents/data-engineering-practice/ETL_Airflow_DBT/airflow/airflow_env/lib/python3.11/site-packages/airflow/example_dags/example_bash_decorator.py
[2026-03-29T04:49:50.985+0530] {processor.py:840} INFO - DAG(s) 'example_bash_decorator' retrieved from /Users/aswin/Documents/data-engineering-practice/ETL_Airflow_DBT/airflow/airflow_env/lib/python3.11/site-packages/airflow/example_dags/example_bash_decorator.py
[2026-03-29T04:49:51.062+0530] {logging_mixin.py:188} INFO - [2026-03-29T04:49:51.062+0530] {dag.py:3096} INFO - Sync 1 DAGs
[2026-03-29T04:49:51.065+0530] {logging_mixin.py:188} INFO - [2026-03-29T04:49:51.065+0530] {dag.py:3954} INFO - Setting next_dagrun for example_bash_decorator to None, run_after=None
[2026-03-29T04:49:51.072+0530] {processor.py:183} INFO - Processing /Users/aswin/Documents/data-engineering-practice/ETL_Airflow_DBT/airflow/airflow_env/lib/python3.11/site-packages/airflow/example_dags/example_bash_decorator.py took 0.105 seconds
[2026-03-29T04:51:55.687+0530] {processor.py:161} INFO - Started process (PID=56961) to work on /Users/aswin/Documents/data-engineering-practice/ETL_Airflow_DBT/airflow/airflow_env/lib/python3.11/site-packages/airflow/example_dags/example_bash_decorator.py
[2026-03-29T04:51:55.688+0530] {processor.py:830} INFO - Processing file /Users/aswin/Documents/data-engineering-practice/ETL_Airflow_DBT/airflow/airflow_env/lib/python3.11/site-packages/airflow/example_dags/example_bash_decorator.py for tasks to queue
[2026-03-29T04:51:55.688+0530] {logging_mixin.py:188} INFO - [2026-03-29T04:51:55.688+0530] {dagbag.py:540} INFO - Filling up the DagBag from /Users/aswin/Documents/data-engineering-practice/ETL_Airflow_DBT/airflow/airflow_env/lib/python3.11/site-packages/airflow/example_dags/example_bash_decorator.py
[2026-03-29T04:51:55.705+0530] {processor.py:840} INFO - DAG(s) 'example_bash_decorator' retrieved from /Users/aswin/Documents/data-engineering-practice/ETL_Airflow_DBT/airflow/airflow_env/lib/python3.11/site-packages/airflow/example_dags/example_bash_decorator.py
[2026-03-29T04:51:55.781+0530] {logging_mixin.py:188} INFO - [2026-03-29T04:51:55.781+0530] {dag.py:3096} INFO - Sync 1 DAGs
[2026-03-29T04:51:55.784+0530] {logging_mixin.py:188} INFO - [2026-03-29T04:51:55.784+0530] {dag.py:3954} INFO - Setting next_dagrun for example_bash_decorator to None, run_after=None
[2026-03-29T04:51:55.790+0530] {processor.py:183} INFO - Processing /Users/aswin/Documents/data-engineering-practice/ETL_Airflow_DBT/airflow/airflow_env/lib/python3.11/site-packages/airflow/example_dags/example_bash_decorator.py took 0.104 seconds
[2026-03-29T04:54:49.850+0530] {processor.py:161} INFO - Started process (PID=57057) to work on /Users/aswin/Documents/data-engineering-practice/ETL_Airflow_DBT/airflow/airflow_env/lib/python3.11/site-packages/airflow/example_dags/example_bash_decorator.py
[2026-03-29T04:54:49.850+0530] {processor.py:830} INFO - Processing file /Users/aswin/Documents/data-engineering-practice/ETL_Airflow_DBT/airflow/airflow_env/lib/python3.11/site-packages/airflow/example_dags/example_bash_decorator.py for tasks to queue
[2026-03-29T04:54:49.850+0530] {logging_mixin.py:188} INFO - [2026-03-29T04:54:49.850+0530] {dagbag.py:540} INFO - Filling up the DagBag from /Users/aswin/Documents/data-engineering-practice/ETL_Airflow_DBT/airflow/airflow_env/lib/python3.11/site-packages/airflow/example_dags/example_bash_decorator.py
[2026-03-29T04:54:49.870+0530] {processor.py:840} INFO - DAG(s) 'example_bash_decorator' retrieved from /Users/aswin/Documents/data-engineering-practice/ETL_Airflow_DBT/airflow/airflow_env/lib/python3.11/site-packages/airflow/example_dags/example_bash_decorator.py
[2026-03-29T04:54:49.964+0530] {logging_mixin.py:188} INFO - [2026-03-29T04:54:49.964+0530] {dag.py:3096} INFO - Sync 1 DAGs
[2026-03-29T04:54:49.967+0530] {logging_mixin.py:188} INFO - [2026-03-29T04:54:49.967+0530] {dag.py:3954} INFO - Setting next_dagrun for example_bash_decorator to None, run_after=None
[2026-03-29T04:54:49.973+0530] {processor.py:183} INFO - Processing /Users/aswin/Documents/data-engineering-practice/ETL_Airflow_DBT/airflow/airflow_env/lib/python3.11/site-packages/airflow/example_dags/example_bash_decorator.py took 0.124 seconds
[2026-03-29T04:56:41.799+0530] {processor.py:161} INFO - Started process (PID=57147) to work on /Users/aswin/Documents/data-engineering-practice/ETL_Airflow_DBT/airflow/airflow_env/lib/python3.11/site-packages/airflow/example_dags/example_bash_decorator.py
[2026-03-29T04:56:41.800+0530] {processor.py:830} INFO - Processing file /Users/aswin/Documents/data-engineering-practice/ETL_Airflow_DBT/airflow/airflow_env/lib/python3.11/site-packages/airflow/example_dags/example_bash_decorator.py for tasks to queue
[2026-03-29T04:56:41.801+0530] {logging_mixin.py:188} INFO - [2026-03-29T04:56:41.800+0530] {dagbag.py:540} INFO - Filling up the DagBag from /Users/aswin/Documents/data-engineering-practice/ETL_Airflow_DBT/airflow/airflow_env/lib/python3.11/site-packages/airflow/example_dags/example_bash_decorator.py
[2026-03-29T04:56:41.817+0530] {processor.py:840} INFO - DAG(s) 'example_bash_decorator' retrieved from /Users/aswin/Documents/data-engineering-practice/ETL_Airflow_DBT/airflow/airflow_env/lib/python3.11/site-packages/airflow/example_dags/example_bash_decorator.py
[2026-03-29T04:56:41.910+0530] {logging_mixin.py:188} INFO - [2026-03-29T04:56:41.910+0530] {dag.py:3096} INFO - Sync 1 DAGs
[2026-03-29T04:56:41.913+0530] {logging_mixin.py:188} INFO - [2026-03-29T04:56:41.913+0530] {dag.py:3954} INFO - Setting next_dagrun for example_bash_decorator to None, run_after=None
[2026-03-29T04:56:41.919+0530] {processor.py:183} INFO - Processing /Users/aswin/Documents/data-engineering-practice/ETL_Airflow_DBT/airflow/airflow_env/lib/python3.11/site-packages/airflow/example_dags/example_bash_decorator.py took 0.120 seconds
[2026-03-29T04:58:30.377+0530] {processor.py:161} INFO - Started process (PID=57256) to work on /Users/aswin/Documents/data-engineering-practice/ETL_Airflow_DBT/airflow/airflow_env/lib/python3.11/site-packages/airflow/example_dags/example_bash_decorator.py
[2026-03-29T04:58:30.377+0530] {processor.py:830} INFO - Processing file /Users/aswin/Documents/data-engineering-practice/ETL_Airflow_DBT/airflow/airflow_env/lib/python3.11/site-packages/airflow/example_dags/example_bash_decorator.py for tasks to queue
[2026-03-29T04:58:30.377+0530] {logging_mixin.py:188} INFO - [2026-03-29T04:58:30.377+0530] {dagbag.py:540} INFO - Filling up the DagBag from /Users/aswin/Documents/data-engineering-practice/ETL_Airflow_DBT/airflow/airflow_env/lib/python3.11/site-packages/airflow/example_dags/example_bash_decorator.py
[2026-03-29T04:58:30.397+0530] {processor.py:840} INFO - DAG(s) 'example_bash_decorator' retrieved from /Users/aswin/Documents/data-engineering-practice/ETL_Airflow_DBT/airflow/airflow_env/lib/python3.11/site-packages/airflow/example_dags/example_bash_decorator.py
[2026-03-29T04:58:30.491+0530] {logging_mixin.py:188} INFO - [2026-03-29T04:58:30.491+0530] {dag.py:3096} INFO - Sync 1 DAGs
[2026-03-29T04:58:30.494+0530] {logging_mixin.py:188} INFO - [2026-03-29T04:58:30.493+0530] {dag.py:3954} INFO - Setting next_dagrun for example_bash_decorator to None, run_after=None
[2026-03-29T04:58:30.500+0530] {processor.py:183} INFO - Processing /Users/aswin/Documents/data-engineering-practice/ETL_Airflow_DBT/airflow/airflow_env/lib/python3.11/site-packages/airflow/example_dags/example_bash_decorator.py took 0.124 seconds
[2026-03-29T05:00:25.250+0530] {processor.py:161} INFO - Started process (PID=57349) to work on /Users/aswin/Documents/data-engineering-practice/ETL_Airflow_DBT/airflow/airflow_env/lib/python3.11/site-packages/airflow/example_dags/example_bash_decorator.py
[2026-03-29T05:00:25.251+0530] {processor.py:830} INFO - Processing file /Users/aswin/Documents/data-engineering-practice/ETL_Airflow_DBT/airflow/airflow_env/lib/python3.11/site-packages/airflow/example_dags/example_bash_decorator.py for tasks to queue
[2026-03-29T05:00:25.251+0530] {logging_mixin.py:188} INFO - [2026-03-29T05:00:25.251+0530] {dagbag.py:540} INFO - Filling up the DagBag from /Users/aswin/Documents/data-engineering-practice/ETL_Airflow_DBT/airflow/airflow_env/lib/python3.11/site-packages/airflow/example_dags/example_bash_decorator.py
[2026-03-29T05:00:25.267+0530] {processor.py:840} INFO - DAG(s) 'example_bash_decorator' retrieved from /Users/aswin/Documents/data-engineering-practice/ETL_Airflow_DBT/airflow/airflow_env/lib/python3.11/site-packages/airflow/example_dags/example_bash_decorator.py
[2026-03-29T05:00:25.344+0530] {logging_mixin.py:188} INFO - [2026-03-29T05:00:25.344+0530] {dag.py:3096} INFO - Sync 1 DAGs
[2026-03-29T05:00:25.347+0530] {logging_mixin.py:188} INFO - [2026-03-29T05:00:25.347+0530] {dag.py:3954} INFO - Setting next_dagrun for example_bash_decorator to None, run_after=None
[2026-03-29T05:00:25.354+0530] {processor.py:183} INFO - Processing /Users/aswin/Documents/data-engineering-practice/ETL_Airflow_DBT/airflow/airflow_env/lib/python3.11/site-packages/airflow/example_dags/example_bash_decorator.py took 0.105 seconds
[2026-03-29T05:02:21.009+0530] {processor.py:161} INFO - Started process (PID=57442) to work on /Users/aswin/Documents/data-engineering-practice/ETL_Airflow_DBT/airflow/airflow_env/lib/python3.11/site-packages/airflow/example_dags/example_bash_decorator.py
[2026-03-29T05:02:21.010+0530] {processor.py:830} INFO - Processing file /Users/aswin/Documents/data-engineering-practice/ETL_Airflow_DBT/airflow/airflow_env/lib/python3.11/site-packages/airflow/example_dags/example_bash_decorator.py for tasks to queue
[2026-03-29T05:02:21.010+0530] {logging_mixin.py:188} INFO - [2026-03-29T05:02:21.010+0530] {dagbag.py:540} INFO - Filling up the DagBag from /Users/aswin/Documents/data-engineering-practice/ETL_Airflow_DBT/airflow/airflow_env/lib/python3.11/site-packages/airflow/example_dags/example_bash_decorator.py
[2026-03-29T05:02:21.031+0530] {processor.py:840} INFO - DAG(s) 'example_bash_decorator' retrieved from /Users/aswin/Documents/data-engineering-practice/ETL_Airflow_DBT/airflow/airflow_env/lib/python3.11/site-packages/airflow/example_dags/example_bash_decorator.py
[2026-03-29T05:02:21.126+0530] {logging_mixin.py:188} INFO - [2026-03-29T05:02:21.126+0530] {dag.py:3096} INFO - Sync 1 DAGs
[2026-03-29T05:02:21.129+0530] {logging_mixin.py:188} INFO - [2026-03-29T05:02:21.129+0530] {dag.py:3954} INFO - Setting next_dagrun for example_bash_decorator to None, run_after=None
[2026-03-29T05:02:21.135+0530] {processor.py:183} INFO - Processing /Users/aswin/Documents/data-engineering-practice/ETL_Airflow_DBT/airflow/airflow_env/lib/python3.11/site-packages/airflow/example_dags/example_bash_decorator.py took 0.127 seconds
[2026-03-29T05:17:02.562+0530] {processor.py:161} INFO - Started process (PID=57696) to work on /Users/aswin/Documents/data-engineering-practice/ETL_Airflow_DBT/airflow/airflow_env/lib/python3.11/site-packages/airflow/example_dags/example_bash_decorator.py
[2026-03-29T05:17:02.563+0530] {processor.py:830} INFO - Processing file /Users/aswin/Documents/data-engineering-practice/ETL_Airflow_DBT/airflow/airflow_env/lib/python3.11/site-packages/airflow/example_dags/example_bash_decorator.py for tasks to queue
[2026-03-29T05:17:02.563+0530] {logging_mixin.py:188} INFO - [2026-03-29T05:17:02.563+0530] {dagbag.py:540} INFO - Filling up the DagBag from /Users/aswin/Documents/data-engineering-practice/ETL_Airflow_DBT/airflow/airflow_env/lib/python3.11/site-packages/airflow/example_dags/example_bash_decorator.py
[2026-03-29T05:17:02.580+0530] {processor.py:840} INFO - DAG(s) 'example_bash_decorator' retrieved from /Users/aswin/Documents/data-engineering-practice/ETL_Airflow_DBT/airflow/airflow_env/lib/python3.11/site-packages/airflow/example_dags/example_bash_decorator.py
[2026-03-29T05:17:02.658+0530] {logging_mixin.py:188} INFO - [2026-03-29T05:17:02.657+0530] {dag.py:3096} INFO - Sync 1 DAGs
[2026-03-29T05:17:02.660+0530] {logging_mixin.py:188} INFO - [2026-03-29T05:17:02.660+0530] {dag.py:3954} INFO - Setting next_dagrun for example_bash_decorator to None, run_after=None
[2026-03-29T05:17:02.667+0530] {processor.py:183} INFO - Processing /Users/aswin/Documents/data-engineering-practice/ETL_Airflow_DBT/airflow/airflow_env/lib/python3.11/site-packages/airflow/example_dags/example_bash_decorator.py took 0.106 seconds
[2026-03-29T05:19:10.639+0530] {processor.py:161} INFO - Started process (PID=57783) to work on /Users/aswin/Documents/data-engineering-practice/ETL_Airflow_DBT/airflow/airflow_env/lib/python3.11/site-packages/airflow/example_dags/example_bash_decorator.py
[2026-03-29T05:19:10.641+0530] {processor.py:830} INFO - Processing file /Users/aswin/Documents/data-engineering-practice/ETL_Airflow_DBT/airflow/airflow_env/lib/python3.11/site-packages/airflow/example_dags/example_bash_decorator.py for tasks to queue
[2026-03-29T05:19:10.641+0530] {logging_mixin.py:188} INFO - [2026-03-29T05:19:10.641+0530] {dagbag.py:540} INFO - Filling up the DagBag from /Users/aswin/Documents/data-engineering-practice/ETL_Airflow_DBT/airflow/airflow_env/lib/python3.11/site-packages/airflow/example_dags/example_bash_decorator.py
[2026-03-29T05:19:10.658+0530] {processor.py:840} INFO - DAG(s) 'example_bash_decorator' retrieved from /Users/aswin/Documents/data-engineering-practice/ETL_Airflow_DBT/airflow/airflow_env/lib/python3.11/site-packages/airflow/example_dags/example_bash_decorator.py
[2026-03-29T05:19:10.752+0530] {logging_mixin.py:188} INFO - [2026-03-29T05:19:10.752+0530] {dag.py:3096} INFO - Sync 1 DAGs
[2026-03-29T05:19:10.755+0530] {logging_mixin.py:188} INFO - [2026-03-29T05:19:10.755+0530] {dag.py:3954} INFO - Setting next_dagrun for example_bash_decorator to None, run_after=None
[2026-03-29T05:19:10.762+0530] {processor.py:183} INFO - Processing /Users/aswin/Documents/data-engineering-practice/ETL_Airflow_DBT/airflow/airflow_env/lib/python3.11/site-packages/airflow/example_dags/example_bash_decorator.py took 0.123 seconds
