[2026-03-28T05:52:30.761+0530] {processor.py:161} INFO - Started process (PID=52406) to work on /Users/aswin/Documents/data-engineering-practice/ETL_Airflow_DBT/airflow/airflow_env/lib/python3.11/site-packages/airflow/example_dags/example_dynamic_task_mapping.py
[2026-03-28T05:52:30.761+0530] {processor.py:830} INFO - Processing file /Users/aswin/Documents/data-engineering-practice/ETL_Airflow_DBT/airflow/airflow_env/lib/python3.11/site-packages/airflow/example_dags/example_dynamic_task_mapping.py for tasks to queue
[2026-03-28T05:52:30.761+0530] {logging_mixin.py:188} INFO - [2026-03-28T05:52:30.761+0530] {dagbag.py:540} INFO - Filling up the DagBag from /Users/aswin/Documents/data-engineering-practice/ETL_Airflow_DBT/airflow/airflow_env/lib/python3.11/site-packages/airflow/example_dags/example_dynamic_task_mapping.py
[2026-03-28T05:52:30.776+0530] {processor.py:840} INFO - DAG(s) 'example_dynamic_task_mapping' retrieved from /Users/aswin/Documents/data-engineering-practice/ETL_Airflow_DBT/airflow/airflow_env/lib/python3.11/site-packages/airflow/example_dags/example_dynamic_task_mapping.py
[2026-03-28T05:52:30.833+0530] {logging_mixin.py:188} INFO - [2026-03-28T05:52:30.833+0530] {dag.py:3096} INFO - Sync 1 DAGs
[2026-03-28T05:52:30.868+0530] {logging_mixin.py:188} INFO - [2026-03-28T05:52:30.868+0530] {dag.py:3954} INFO - Setting next_dagrun for example_dynamic_task_mapping to 2022-03-04 00:00:00+00:00, run_after=2022-03-05 00:00:00+00:00
[2026-03-28T05:52:30.875+0530] {processor.py:183} INFO - Processing /Users/aswin/Documents/data-engineering-practice/ETL_Airflow_DBT/airflow/airflow_env/lib/python3.11/site-packages/airflow/example_dags/example_dynamic_task_mapping.py took 0.115 seconds
[2026-03-28T05:54:31.857+0530] {processor.py:161} INFO - Started process (PID=52503) to work on /Users/aswin/Documents/data-engineering-practice/ETL_Airflow_DBT/airflow/airflow_env/lib/python3.11/site-packages/airflow/example_dags/example_dynamic_task_mapping.py
[2026-03-28T05:54:31.858+0530] {processor.py:830} INFO - Processing file /Users/aswin/Documents/data-engineering-practice/ETL_Airflow_DBT/airflow/airflow_env/lib/python3.11/site-packages/airflow/example_dags/example_dynamic_task_mapping.py for tasks to queue
[2026-03-28T05:54:31.858+0530] {logging_mixin.py:188} INFO - [2026-03-28T05:54:31.858+0530] {dagbag.py:540} INFO - Filling up the DagBag from /Users/aswin/Documents/data-engineering-practice/ETL_Airflow_DBT/airflow/airflow_env/lib/python3.11/site-packages/airflow/example_dags/example_dynamic_task_mapping.py
[2026-03-28T05:54:31.874+0530] {processor.py:840} INFO - DAG(s) 'example_dynamic_task_mapping' retrieved from /Users/aswin/Documents/data-engineering-practice/ETL_Airflow_DBT/airflow/airflow_env/lib/python3.11/site-packages/airflow/example_dags/example_dynamic_task_mapping.py
[2026-03-28T05:54:31.906+0530] {logging_mixin.py:188} INFO - [2026-03-28T05:54:31.906+0530] {dag.py:3096} INFO - Sync 1 DAGs
[2026-03-28T05:54:31.912+0530] {logging_mixin.py:188} INFO - [2026-03-28T05:54:31.911+0530] {dag.py:3954} INFO - Setting next_dagrun for example_dynamic_task_mapping to 2022-03-04 00:00:00+00:00, run_after=2022-03-05 00:00:00+00:00
[2026-03-28T05:54:31.917+0530] {processor.py:183} INFO - Processing /Users/aswin/Documents/data-engineering-practice/ETL_Airflow_DBT/airflow/airflow_env/lib/python3.11/site-packages/airflow/example_dags/example_dynamic_task_mapping.py took 0.062 seconds
[2026-03-29T04:49:30.324+0530] {processor.py:161} INFO - Started process (PID=56860) to work on /Users/aswin/Documents/data-engineering-practice/ETL_Airflow_DBT/airflow/airflow_env/lib/python3.11/site-packages/airflow/example_dags/example_dynamic_task_mapping.py
[2026-03-29T04:49:30.326+0530] {processor.py:830} INFO - Processing file /Users/aswin/Documents/data-engineering-practice/ETL_Airflow_DBT/airflow/airflow_env/lib/python3.11/site-packages/airflow/example_dags/example_dynamic_task_mapping.py for tasks to queue
[2026-03-29T04:49:30.326+0530] {logging_mixin.py:188} INFO - [2026-03-29T04:49:30.326+0530] {dagbag.py:540} INFO - Filling up the DagBag from /Users/aswin/Documents/data-engineering-practice/ETL_Airflow_DBT/airflow/airflow_env/lib/python3.11/site-packages/airflow/example_dags/example_dynamic_task_mapping.py
[2026-03-29T04:49:30.342+0530] {processor.py:840} INFO - DAG(s) 'example_dynamic_task_mapping' retrieved from /Users/aswin/Documents/data-engineering-practice/ETL_Airflow_DBT/airflow/airflow_env/lib/python3.11/site-packages/airflow/example_dags/example_dynamic_task_mapping.py
[2026-03-29T04:49:30.375+0530] {logging_mixin.py:188} INFO - [2026-03-29T04:49:30.375+0530] {dag.py:3096} INFO - Sync 1 DAGs
[2026-03-29T04:49:30.380+0530] {logging_mixin.py:188} INFO - [2026-03-29T04:49:30.380+0530] {dag.py:3954} INFO - Setting next_dagrun for example_dynamic_task_mapping to 2022-03-04 00:00:00+00:00, run_after=2022-03-05 00:00:00+00:00
[2026-03-29T04:49:30.389+0530] {processor.py:183} INFO - Processing /Users/aswin/Documents/data-engineering-practice/ETL_Airflow_DBT/airflow/airflow_env/lib/python3.11/site-packages/airflow/example_dags/example_dynamic_task_mapping.py took 0.066 seconds
[2026-03-29T04:51:36.948+0530] {processor.py:161} INFO - Started process (PID=56948) to work on /Users/aswin/Documents/data-engineering-practice/ETL_Airflow_DBT/airflow/airflow_env/lib/python3.11/site-packages/airflow/example_dags/example_dynamic_task_mapping.py
[2026-03-29T04:51:36.949+0530] {processor.py:830} INFO - Processing file /Users/aswin/Documents/data-engineering-practice/ETL_Airflow_DBT/airflow/airflow_env/lib/python3.11/site-packages/airflow/example_dags/example_dynamic_task_mapping.py for tasks to queue
[2026-03-29T04:51:36.949+0530] {logging_mixin.py:188} INFO - [2026-03-29T04:51:36.949+0530] {dagbag.py:540} INFO - Filling up the DagBag from /Users/aswin/Documents/data-engineering-practice/ETL_Airflow_DBT/airflow/airflow_env/lib/python3.11/site-packages/airflow/example_dags/example_dynamic_task_mapping.py
[2026-03-29T04:51:36.963+0530] {processor.py:840} INFO - DAG(s) 'example_dynamic_task_mapping' retrieved from /Users/aswin/Documents/data-engineering-practice/ETL_Airflow_DBT/airflow/airflow_env/lib/python3.11/site-packages/airflow/example_dags/example_dynamic_task_mapping.py
[2026-03-29T04:51:36.991+0530] {logging_mixin.py:188} INFO - [2026-03-29T04:51:36.991+0530] {dag.py:3096} INFO - Sync 1 DAGs
[2026-03-29T04:51:36.996+0530] {logging_mixin.py:188} INFO - [2026-03-29T04:51:36.996+0530] {dag.py:3954} INFO - Setting next_dagrun for example_dynamic_task_mapping to 2022-03-04 00:00:00+00:00, run_after=2022-03-05 00:00:00+00:00
[2026-03-29T04:51:37.002+0530] {processor.py:183} INFO - Processing /Users/aswin/Documents/data-engineering-practice/ETL_Airflow_DBT/airflow/airflow_env/lib/python3.11/site-packages/airflow/example_dags/example_dynamic_task_mapping.py took 0.054 seconds
[2026-03-29T04:54:31.002+0530] {processor.py:161} INFO - Started process (PID=57044) to work on /Users/aswin/Documents/data-engineering-practice/ETL_Airflow_DBT/airflow/airflow_env/lib/python3.11/site-packages/airflow/example_dags/example_dynamic_task_mapping.py
[2026-03-29T04:54:31.003+0530] {processor.py:830} INFO - Processing file /Users/aswin/Documents/data-engineering-practice/ETL_Airflow_DBT/airflow/airflow_env/lib/python3.11/site-packages/airflow/example_dags/example_dynamic_task_mapping.py for tasks to queue
[2026-03-29T04:54:31.003+0530] {logging_mixin.py:188} INFO - [2026-03-29T04:54:31.003+0530] {dagbag.py:540} INFO - Filling up the DagBag from /Users/aswin/Documents/data-engineering-practice/ETL_Airflow_DBT/airflow/airflow_env/lib/python3.11/site-packages/airflow/example_dags/example_dynamic_task_mapping.py
[2026-03-29T04:54:31.017+0530] {processor.py:840} INFO - DAG(s) 'example_dynamic_task_mapping' retrieved from /Users/aswin/Documents/data-engineering-practice/ETL_Airflow_DBT/airflow/airflow_env/lib/python3.11/site-packages/airflow/example_dags/example_dynamic_task_mapping.py
[2026-03-29T04:54:31.045+0530] {logging_mixin.py:188} INFO - [2026-03-29T04:54:31.045+0530] {dag.py:3096} INFO - Sync 1 DAGs
[2026-03-29T04:54:31.050+0530] {logging_mixin.py:188} INFO - [2026-03-29T04:54:31.050+0530] {dag.py:3954} INFO - Setting next_dagrun for example_dynamic_task_mapping to 2022-03-04 00:00:00+00:00, run_after=2022-03-05 00:00:00+00:00
[2026-03-29T04:54:31.056+0530] {processor.py:183} INFO - Processing /Users/aswin/Documents/data-engineering-practice/ETL_Airflow_DBT/airflow/airflow_env/lib/python3.11/site-packages/airflow/example_dags/example_dynamic_task_mapping.py took 0.055 seconds
[2026-03-29T04:56:23.881+0530] {processor.py:161} INFO - Started process (PID=57133) to work on /Users/aswin/Documents/data-engineering-practice/ETL_Airflow_DBT/airflow/airflow_env/lib/python3.11/site-packages/airflow/example_dags/example_dynamic_task_mapping.py
[2026-03-29T04:56:23.882+0530] {processor.py:830} INFO - Processing file /Users/aswin/Documents/data-engineering-practice/ETL_Airflow_DBT/airflow/airflow_env/lib/python3.11/site-packages/airflow/example_dags/example_dynamic_task_mapping.py for tasks to queue
[2026-03-29T04:56:23.882+0530] {logging_mixin.py:188} INFO - [2026-03-29T04:56:23.882+0530] {dagbag.py:540} INFO - Filling up the DagBag from /Users/aswin/Documents/data-engineering-practice/ETL_Airflow_DBT/airflow/airflow_env/lib/python3.11/site-packages/airflow/example_dags/example_dynamic_task_mapping.py
[2026-03-29T04:56:23.896+0530] {processor.py:840} INFO - DAG(s) 'example_dynamic_task_mapping' retrieved from /Users/aswin/Documents/data-engineering-practice/ETL_Airflow_DBT/airflow/airflow_env/lib/python3.11/site-packages/airflow/example_dags/example_dynamic_task_mapping.py
[2026-03-29T04:56:23.924+0530] {logging_mixin.py:188} INFO - [2026-03-29T04:56:23.924+0530] {dag.py:3096} INFO - Sync 1 DAGs
[2026-03-29T04:56:23.929+0530] {logging_mixin.py:188} INFO - [2026-03-29T04:56:23.929+0530] {dag.py:3954} INFO - Setting next_dagrun for example_dynamic_task_mapping to 2022-03-04 00:00:00+00:00, run_after=2022-03-05 00:00:00+00:00
[2026-03-29T04:56:23.934+0530] {processor.py:183} INFO - Processing /Users/aswin/Documents/data-engineering-practice/ETL_Airflow_DBT/airflow/airflow_env/lib/python3.11/site-packages/airflow/example_dags/example_dynamic_task_mapping.py took 0.055 seconds
[2026-03-29T04:58:11.635+0530] {processor.py:161} INFO - Started process (PID=57211) to work on /Users/aswin/Documents/data-engineering-practice/ETL_Airflow_DBT/airflow/airflow_env/lib/python3.11/site-packages/airflow/example_dags/example_dynamic_task_mapping.py
[2026-03-29T04:58:11.635+0530] {processor.py:830} INFO - Processing file /Users/aswin/Documents/data-engineering-practice/ETL_Airflow_DBT/airflow/airflow_env/lib/python3.11/site-packages/airflow/example_dags/example_dynamic_task_mapping.py for tasks to queue
[2026-03-29T04:58:11.635+0530] {logging_mixin.py:188} INFO - [2026-03-29T04:58:11.635+0530] {dagbag.py:540} INFO - Filling up the DagBag from /Users/aswin/Documents/data-engineering-practice/ETL_Airflow_DBT/airflow/airflow_env/lib/python3.11/site-packages/airflow/example_dags/example_dynamic_task_mapping.py
[2026-03-29T04:58:11.650+0530] {processor.py:840} INFO - DAG(s) 'example_dynamic_task_mapping' retrieved from /Users/aswin/Documents/data-engineering-practice/ETL_Airflow_DBT/airflow/airflow_env/lib/python3.11/site-packages/airflow/example_dags/example_dynamic_task_mapping.py
[2026-03-29T04:58:11.678+0530] {logging_mixin.py:188} INFO - [2026-03-29T04:58:11.678+0530] {dag.py:3096} INFO - Sync 1 DAGs
[2026-03-29T04:58:11.683+0530] {logging_mixin.py:188} INFO - [2026-03-29T04:58:11.683+0530] {dag.py:3954} INFO - Setting next_dagrun for example_dynamic_task_mapping to 2022-03-04 00:00:00+00:00, run_after=2022-03-05 00:00:00+00:00
[2026-03-29T04:58:11.689+0530] {processor.py:183} INFO - Processing /Users/aswin/Documents/data-engineering-practice/ETL_Airflow_DBT/airflow/airflow_env/lib/python3.11/site-packages/airflow/example_dags/example_dynamic_task_mapping.py took 0.055 seconds
[2026-03-29T05:00:05.909+0530] {processor.py:161} INFO - Started process (PID=57334) to work on /Users/aswin/Documents/data-engineering-practice/ETL_Airflow_DBT/airflow/airflow_env/lib/python3.11/site-packages/airflow/example_dags/example_dynamic_task_mapping.py
[2026-03-29T05:00:05.909+0530] {processor.py:830} INFO - Processing file /Users/aswin/Documents/data-engineering-practice/ETL_Airflow_DBT/airflow/airflow_env/lib/python3.11/site-packages/airflow/example_dags/example_dynamic_task_mapping.py for tasks to queue
[2026-03-29T05:00:05.909+0530] {logging_mixin.py:188} INFO - [2026-03-29T05:00:05.909+0530] {dagbag.py:540} INFO - Filling up the DagBag from /Users/aswin/Documents/data-engineering-practice/ETL_Airflow_DBT/airflow/airflow_env/lib/python3.11/site-packages/airflow/example_dags/example_dynamic_task_mapping.py
[2026-03-29T05:00:05.924+0530] {processor.py:840} INFO - DAG(s) 'example_dynamic_task_mapping' retrieved from /Users/aswin/Documents/data-engineering-practice/ETL_Airflow_DBT/airflow/airflow_env/lib/python3.11/site-packages/airflow/example_dags/example_dynamic_task_mapping.py
[2026-03-29T05:00:05.952+0530] {logging_mixin.py:188} INFO - [2026-03-29T05:00:05.952+0530] {dag.py:3096} INFO - Sync 1 DAGs
[2026-03-29T05:00:05.957+0530] {logging_mixin.py:188} INFO - [2026-03-29T05:00:05.957+0530] {dag.py:3954} INFO - Setting next_dagrun for example_dynamic_task_mapping to 2022-03-04 00:00:00+00:00, run_after=2022-03-05 00:00:00+00:00
[2026-03-29T05:00:05.963+0530] {processor.py:183} INFO - Processing /Users/aswin/Documents/data-engineering-practice/ETL_Airflow_DBT/airflow/airflow_env/lib/python3.11/site-packages/airflow/example_dags/example_dynamic_task_mapping.py took 0.055 seconds
[2026-03-29T05:02:02.556+0530] {processor.py:161} INFO - Started process (PID=57419) to work on /Users/aswin/Documents/data-engineering-practice/ETL_Airflow_DBT/airflow/airflow_env/lib/python3.11/site-packages/airflow/example_dags/example_dynamic_task_mapping.py
[2026-03-29T05:02:02.557+0530] {processor.py:830} INFO - Processing file /Users/aswin/Documents/data-engineering-practice/ETL_Airflow_DBT/airflow/airflow_env/lib/python3.11/site-packages/airflow/example_dags/example_dynamic_task_mapping.py for tasks to queue
[2026-03-29T05:02:02.557+0530] {logging_mixin.py:188} INFO - [2026-03-29T05:02:02.557+0530] {dagbag.py:540} INFO - Filling up the DagBag from /Users/aswin/Documents/data-engineering-practice/ETL_Airflow_DBT/airflow/airflow_env/lib/python3.11/site-packages/airflow/example_dags/example_dynamic_task_mapping.py
[2026-03-29T05:02:02.572+0530] {processor.py:840} INFO - DAG(s) 'example_dynamic_task_mapping' retrieved from /Users/aswin/Documents/data-engineering-practice/ETL_Airflow_DBT/airflow/airflow_env/lib/python3.11/site-packages/airflow/example_dags/example_dynamic_task_mapping.py
[2026-03-29T05:02:02.600+0530] {logging_mixin.py:188} INFO - [2026-03-29T05:02:02.600+0530] {dag.py:3096} INFO - Sync 1 DAGs
[2026-03-29T05:02:02.605+0530] {logging_mixin.py:188} INFO - [2026-03-29T05:02:02.605+0530] {dag.py:3954} INFO - Setting next_dagrun for example_dynamic_task_mapping to 2022-03-04 00:00:00+00:00, run_after=2022-03-05 00:00:00+00:00
[2026-03-29T05:02:02.610+0530] {processor.py:183} INFO - Processing /Users/aswin/Documents/data-engineering-practice/ETL_Airflow_DBT/airflow/airflow_env/lib/python3.11/site-packages/airflow/example_dags/example_dynamic_task_mapping.py took 0.055 seconds
[2026-03-29T05:16:42.247+0530] {processor.py:161} INFO - Started process (PID=57683) to work on /Users/aswin/Documents/data-engineering-practice/ETL_Airflow_DBT/airflow/airflow_env/lib/python3.11/site-packages/airflow/example_dags/example_dynamic_task_mapping.py
[2026-03-29T05:16:42.248+0530] {processor.py:830} INFO - Processing file /Users/aswin/Documents/data-engineering-practice/ETL_Airflow_DBT/airflow/airflow_env/lib/python3.11/site-packages/airflow/example_dags/example_dynamic_task_mapping.py for tasks to queue
[2026-03-29T05:16:42.248+0530] {logging_mixin.py:188} INFO - [2026-03-29T05:16:42.248+0530] {dagbag.py:540} INFO - Filling up the DagBag from /Users/aswin/Documents/data-engineering-practice/ETL_Airflow_DBT/airflow/airflow_env/lib/python3.11/site-packages/airflow/example_dags/example_dynamic_task_mapping.py
[2026-03-29T05:16:42.262+0530] {processor.py:840} INFO - DAG(s) 'example_dynamic_task_mapping' retrieved from /Users/aswin/Documents/data-engineering-practice/ETL_Airflow_DBT/airflow/airflow_env/lib/python3.11/site-packages/airflow/example_dags/example_dynamic_task_mapping.py
[2026-03-29T05:16:42.290+0530] {logging_mixin.py:188} INFO - [2026-03-29T05:16:42.290+0530] {dag.py:3096} INFO - Sync 1 DAGs
[2026-03-29T05:16:42.295+0530] {logging_mixin.py:188} INFO - [2026-03-29T05:16:42.295+0530] {dag.py:3954} INFO - Setting next_dagrun for example_dynamic_task_mapping to 2022-03-04 00:00:00+00:00, run_after=2022-03-05 00:00:00+00:00
[2026-03-29T05:16:42.301+0530] {processor.py:183} INFO - Processing /Users/aswin/Documents/data-engineering-practice/ETL_Airflow_DBT/airflow/airflow_env/lib/python3.11/site-packages/airflow/example_dags/example_dynamic_task_mapping.py took 0.055 seconds
[2026-03-29T05:18:49.752+0530] {processor.py:161} INFO - Started process (PID=57768) to work on /Users/aswin/Documents/data-engineering-practice/ETL_Airflow_DBT/airflow/airflow_env/lib/python3.11/site-packages/airflow/example_dags/example_dynamic_task_mapping.py
[2026-03-29T05:18:49.753+0530] {processor.py:830} INFO - Processing file /Users/aswin/Documents/data-engineering-practice/ETL_Airflow_DBT/airflow/airflow_env/lib/python3.11/site-packages/airflow/example_dags/example_dynamic_task_mapping.py for tasks to queue
[2026-03-29T05:18:49.753+0530] {logging_mixin.py:188} INFO - [2026-03-29T05:18:49.753+0530] {dagbag.py:540} INFO - Filling up the DagBag from /Users/aswin/Documents/data-engineering-practice/ETL_Airflow_DBT/airflow/airflow_env/lib/python3.11/site-packages/airflow/example_dags/example_dynamic_task_mapping.py
[2026-03-29T05:18:49.770+0530] {processor.py:840} INFO - DAG(s) 'example_dynamic_task_mapping' retrieved from /Users/aswin/Documents/data-engineering-practice/ETL_Airflow_DBT/airflow/airflow_env/lib/python3.11/site-packages/airflow/example_dags/example_dynamic_task_mapping.py
[2026-03-29T05:18:49.803+0530] {logging_mixin.py:188} INFO - [2026-03-29T05:18:49.803+0530] {dag.py:3096} INFO - Sync 1 DAGs
[2026-03-29T05:18:49.809+0530] {logging_mixin.py:188} INFO - [2026-03-29T05:18:49.809+0530] {dag.py:3954} INFO - Setting next_dagrun for example_dynamic_task_mapping to 2022-03-04 00:00:00+00:00, run_after=2022-03-05 00:00:00+00:00
[2026-03-29T05:18:49.816+0530] {processor.py:183} INFO - Processing /Users/aswin/Documents/data-engineering-practice/ETL_Airflow_DBT/airflow/airflow_env/lib/python3.11/site-packages/airflow/example_dags/example_dynamic_task_mapping.py took 0.065 seconds
