[2026-03-28T05:52:35.160+0530] {processor.py:161} INFO - Started process (PID=52409) to work on /Users/aswin/Documents/data-engineering-practice/ETL_Airflow_DBT/airflow/airflow_env/lib/python3.11/site-packages/airflow/example_dags/example_dag_decorator.py
[2026-03-28T05:52:35.160+0530] {processor.py:830} INFO - Processing file /Users/aswin/Documents/data-engineering-practice/ETL_Airflow_DBT/airflow/airflow_env/lib/python3.11/site-packages/airflow/example_dags/example_dag_decorator.py for tasks to queue
[2026-03-28T05:52:35.161+0530] {logging_mixin.py:188} INFO - [2026-03-28T05:52:35.161+0530] {dagbag.py:540} INFO - Filling up the DagBag from /Users/aswin/Documents/data-engineering-practice/ETL_Airflow_DBT/airflow/airflow_env/lib/python3.11/site-packages/airflow/example_dags/example_dag_decorator.py
[2026-03-28T05:52:35.262+0530] {processor.py:840} INFO - DAG(s) 'example_dag_decorator' retrieved from /Users/aswin/Documents/data-engineering-practice/ETL_Airflow_DBT/airflow/airflow_env/lib/python3.11/site-packages/airflow/example_dags/example_dag_decorator.py
[2026-03-28T05:52:35.351+0530] {logging_mixin.py:188} INFO - [2026-03-28T05:52:35.351+0530] {dag.py:3096} INFO - Sync 1 DAGs
[2026-03-28T05:52:35.355+0530] {logging_mixin.py:188} INFO - [2026-03-28T05:52:35.354+0530] {dag.py:3954} INFO - Setting next_dagrun for example_dag_decorator to None, run_after=None
[2026-03-28T05:52:35.362+0530] {processor.py:183} INFO - Processing /Users/aswin/Documents/data-engineering-practice/ETL_Airflow_DBT/airflow/airflow_env/lib/python3.11/site-packages/airflow/example_dags/example_dag_decorator.py took 0.203 seconds
[2026-03-28T05:54:37.030+0530] {processor.py:161} INFO - Started process (PID=52506) to work on /Users/aswin/Documents/data-engineering-practice/ETL_Airflow_DBT/airflow/airflow_env/lib/python3.11/site-packages/airflow/example_dags/example_dag_decorator.py
[2026-03-28T05:54:37.031+0530] {processor.py:830} INFO - Processing file /Users/aswin/Documents/data-engineering-practice/ETL_Airflow_DBT/airflow/airflow_env/lib/python3.11/site-packages/airflow/example_dags/example_dag_decorator.py for tasks to queue
[2026-03-28T05:54:37.031+0530] {logging_mixin.py:188} INFO - [2026-03-28T05:54:37.031+0530] {dagbag.py:540} INFO - Filling up the DagBag from /Users/aswin/Documents/data-engineering-practice/ETL_Airflow_DBT/airflow/airflow_env/lib/python3.11/site-packages/airflow/example_dags/example_dag_decorator.py
[2026-03-28T05:54:37.127+0530] {processor.py:840} INFO - DAG(s) 'example_dag_decorator' retrieved from /Users/aswin/Documents/data-engineering-practice/ETL_Airflow_DBT/airflow/airflow_env/lib/python3.11/site-packages/airflow/example_dags/example_dag_decorator.py
[2026-03-28T05:54:37.222+0530] {logging_mixin.py:188} INFO - [2026-03-28T05:54:37.222+0530] {dag.py:3096} INFO - Sync 1 DAGs
[2026-03-28T05:54:37.226+0530] {logging_mixin.py:188} INFO - [2026-03-28T05:54:37.225+0530] {dag.py:3954} INFO - Setting next_dagrun for example_dag_decorator to None, run_after=None
[2026-03-28T05:54:37.232+0530] {processor.py:183} INFO - Processing /Users/aswin/Documents/data-engineering-practice/ETL_Airflow_DBT/airflow/airflow_env/lib/python3.11/site-packages/airflow/example_dags/example_dag_decorator.py took 0.202 seconds
[2026-03-29T04:49:35.614+0530] {processor.py:161} INFO - Started process (PID=56863) to work on /Users/aswin/Documents/data-engineering-practice/ETL_Airflow_DBT/airflow/airflow_env/lib/python3.11/site-packages/airflow/example_dags/example_dag_decorator.py
[2026-03-29T04:49:35.614+0530] {processor.py:830} INFO - Processing file /Users/aswin/Documents/data-engineering-practice/ETL_Airflow_DBT/airflow/airflow_env/lib/python3.11/site-packages/airflow/example_dags/example_dag_decorator.py for tasks to queue
[2026-03-29T04:49:35.614+0530] {logging_mixin.py:188} INFO - [2026-03-29T04:49:35.614+0530] {dagbag.py:540} INFO - Filling up the DagBag from /Users/aswin/Documents/data-engineering-practice/ETL_Airflow_DBT/airflow/airflow_env/lib/python3.11/site-packages/airflow/example_dags/example_dag_decorator.py
[2026-03-29T04:49:35.742+0530] {processor.py:840} INFO - DAG(s) 'example_dag_decorator' retrieved from /Users/aswin/Documents/data-engineering-practice/ETL_Airflow_DBT/airflow/airflow_env/lib/python3.11/site-packages/airflow/example_dags/example_dag_decorator.py
[2026-03-29T04:49:35.849+0530] {logging_mixin.py:188} INFO - [2026-03-29T04:49:35.848+0530] {dag.py:3096} INFO - Sync 1 DAGs
[2026-03-29T04:49:35.852+0530] {logging_mixin.py:188} INFO - [2026-03-29T04:49:35.852+0530] {dag.py:3954} INFO - Setting next_dagrun for example_dag_decorator to None, run_after=None
[2026-03-29T04:49:35.859+0530] {processor.py:183} INFO - Processing /Users/aswin/Documents/data-engineering-practice/ETL_Airflow_DBT/airflow/airflow_env/lib/python3.11/site-packages/airflow/example_dags/example_dag_decorator.py took 0.247 seconds
[2026-03-29T04:51:41.417+0530] {processor.py:161} INFO - Started process (PID=56951) to work on /Users/aswin/Documents/data-engineering-practice/ETL_Airflow_DBT/airflow/airflow_env/lib/python3.11/site-packages/airflow/example_dags/example_dag_decorator.py
[2026-03-29T04:51:41.418+0530] {processor.py:830} INFO - Processing file /Users/aswin/Documents/data-engineering-practice/ETL_Airflow_DBT/airflow/airflow_env/lib/python3.11/site-packages/airflow/example_dags/example_dag_decorator.py for tasks to queue
[2026-03-29T04:51:41.418+0530] {logging_mixin.py:188} INFO - [2026-03-29T04:51:41.418+0530] {dagbag.py:540} INFO - Filling up the DagBag from /Users/aswin/Documents/data-engineering-practice/ETL_Airflow_DBT/airflow/airflow_env/lib/python3.11/site-packages/airflow/example_dags/example_dag_decorator.py
[2026-03-29T04:51:41.510+0530] {processor.py:840} INFO - DAG(s) 'example_dag_decorator' retrieved from /Users/aswin/Documents/data-engineering-practice/ETL_Airflow_DBT/airflow/airflow_env/lib/python3.11/site-packages/airflow/example_dags/example_dag_decorator.py
[2026-03-29T04:51:41.603+0530] {logging_mixin.py:188} INFO - [2026-03-29T04:51:41.603+0530] {dag.py:3096} INFO - Sync 1 DAGs
[2026-03-29T04:51:41.606+0530] {logging_mixin.py:188} INFO - [2026-03-29T04:51:41.606+0530] {dag.py:3954} INFO - Setting next_dagrun for example_dag_decorator to None, run_after=None
[2026-03-29T04:51:41.612+0530] {processor.py:183} INFO - Processing /Users/aswin/Documents/data-engineering-practice/ETL_Airflow_DBT/airflow/airflow_env/lib/python3.11/site-packages/airflow/example_dags/example_dag_decorator.py took 0.196 seconds
[2026-03-29T04:54:34.897+0530] {processor.py:161} INFO - Started process (PID=57047) to work on /Users/aswin/Documents/data-engineering-practice/ETL_Airflow_DBT/airflow/airflow_env/lib/python3.11/site-packages/airflow/example_dags/example_dag_decorator.py
[2026-03-29T04:54:34.897+0530] {processor.py:830} INFO - Processing file /Users/aswin/Documents/data-engineering-practice/ETL_Airflow_DBT/airflow/airflow_env/lib/python3.11/site-packages/airflow/example_dags/example_dag_decorator.py for tasks to queue
[2026-03-29T04:54:34.897+0530] {logging_mixin.py:188} INFO - [2026-03-29T04:54:34.897+0530] {dagbag.py:540} INFO - Filling up the DagBag from /Users/aswin/Documents/data-engineering-practice/ETL_Airflow_DBT/airflow/airflow_env/lib/python3.11/site-packages/airflow/example_dags/example_dag_decorator.py
[2026-03-29T04:54:34.986+0530] {processor.py:840} INFO - DAG(s) 'example_dag_decorator' retrieved from /Users/aswin/Documents/data-engineering-practice/ETL_Airflow_DBT/airflow/airflow_env/lib/python3.11/site-packages/airflow/example_dags/example_dag_decorator.py
[2026-03-29T04:54:35.080+0530] {logging_mixin.py:188} INFO - [2026-03-29T04:54:35.080+0530] {dag.py:3096} INFO - Sync 1 DAGs
[2026-03-29T04:54:35.083+0530] {logging_mixin.py:188} INFO - [2026-03-29T04:54:35.083+0530] {dag.py:3954} INFO - Setting next_dagrun for example_dag_decorator to None, run_after=None
[2026-03-29T04:54:35.089+0530] {processor.py:183} INFO - Processing /Users/aswin/Documents/data-engineering-practice/ETL_Airflow_DBT/airflow/airflow_env/lib/python3.11/site-packages/airflow/example_dags/example_dag_decorator.py took 0.193 seconds
[2026-03-29T04:56:28.618+0530] {processor.py:161} INFO - Started process (PID=57138) to work on /Users/aswin/Documents/data-engineering-practice/ETL_Airflow_DBT/airflow/airflow_env/lib/python3.11/site-packages/airflow/example_dags/example_dag_decorator.py
[2026-03-29T04:56:28.619+0530] {processor.py:830} INFO - Processing file /Users/aswin/Documents/data-engineering-practice/ETL_Airflow_DBT/airflow/airflow_env/lib/python3.11/site-packages/airflow/example_dags/example_dag_decorator.py for tasks to queue
[2026-03-29T04:56:28.620+0530] {logging_mixin.py:188} INFO - [2026-03-29T04:56:28.620+0530] {dagbag.py:540} INFO - Filling up the DagBag from /Users/aswin/Documents/data-engineering-practice/ETL_Airflow_DBT/airflow/airflow_env/lib/python3.11/site-packages/airflow/example_dags/example_dag_decorator.py
[2026-03-29T04:56:28.709+0530] {processor.py:840} INFO - DAG(s) 'example_dag_decorator' retrieved from /Users/aswin/Documents/data-engineering-practice/ETL_Airflow_DBT/airflow/airflow_env/lib/python3.11/site-packages/airflow/example_dags/example_dag_decorator.py
[2026-03-29T04:56:28.804+0530] {logging_mixin.py:188} INFO - [2026-03-29T04:56:28.804+0530] {dag.py:3096} INFO - Sync 1 DAGs
[2026-03-29T04:56:28.807+0530] {logging_mixin.py:188} INFO - [2026-03-29T04:56:28.807+0530] {dag.py:3954} INFO - Setting next_dagrun for example_dag_decorator to None, run_after=None
[2026-03-29T04:56:28.813+0530] {processor.py:183} INFO - Processing /Users/aswin/Documents/data-engineering-practice/ETL_Airflow_DBT/airflow/airflow_env/lib/python3.11/site-packages/airflow/example_dags/example_dag_decorator.py took 0.196 seconds
[2026-03-29T04:58:15.906+0530] {processor.py:161} INFO - Started process (PID=57214) to work on /Users/aswin/Documents/data-engineering-practice/ETL_Airflow_DBT/airflow/airflow_env/lib/python3.11/site-packages/airflow/example_dags/example_dag_decorator.py
[2026-03-29T04:58:15.907+0530] {processor.py:830} INFO - Processing file /Users/aswin/Documents/data-engineering-practice/ETL_Airflow_DBT/airflow/airflow_env/lib/python3.11/site-packages/airflow/example_dags/example_dag_decorator.py for tasks to queue
[2026-03-29T04:58:15.907+0530] {logging_mixin.py:188} INFO - [2026-03-29T04:58:15.907+0530] {dagbag.py:540} INFO - Filling up the DagBag from /Users/aswin/Documents/data-engineering-practice/ETL_Airflow_DBT/airflow/airflow_env/lib/python3.11/site-packages/airflow/example_dags/example_dag_decorator.py
[2026-03-29T04:58:15.997+0530] {processor.py:840} INFO - DAG(s) 'example_dag_decorator' retrieved from /Users/aswin/Documents/data-engineering-practice/ETL_Airflow_DBT/airflow/airflow_env/lib/python3.11/site-packages/airflow/example_dags/example_dag_decorator.py
[2026-03-29T04:58:16.096+0530] {logging_mixin.py:188} INFO - [2026-03-29T04:58:16.095+0530] {dag.py:3096} INFO - Sync 1 DAGs
[2026-03-29T04:58:16.099+0530] {logging_mixin.py:188} INFO - [2026-03-29T04:58:16.099+0530] {dag.py:3954} INFO - Setting next_dagrun for example_dag_decorator to None, run_after=None
[2026-03-29T04:58:16.105+0530] {processor.py:183} INFO - Processing /Users/aswin/Documents/data-engineering-practice/ETL_Airflow_DBT/airflow/airflow_env/lib/python3.11/site-packages/airflow/example_dags/example_dag_decorator.py took 0.200 seconds
[2026-03-29T05:00:11.007+0530] {processor.py:161} INFO - Started process (PID=57339) to work on /Users/aswin/Documents/data-engineering-practice/ETL_Airflow_DBT/airflow/airflow_env/lib/python3.11/site-packages/airflow/example_dags/example_dag_decorator.py
[2026-03-29T05:00:11.008+0530] {processor.py:830} INFO - Processing file /Users/aswin/Documents/data-engineering-practice/ETL_Airflow_DBT/airflow/airflow_env/lib/python3.11/site-packages/airflow/example_dags/example_dag_decorator.py for tasks to queue
[2026-03-29T05:00:11.008+0530] {logging_mixin.py:188} INFO - [2026-03-29T05:00:11.008+0530] {dagbag.py:540} INFO - Filling up the DagBag from /Users/aswin/Documents/data-engineering-practice/ETL_Airflow_DBT/airflow/airflow_env/lib/python3.11/site-packages/airflow/example_dags/example_dag_decorator.py
[2026-03-29T05:00:11.098+0530] {processor.py:840} INFO - DAG(s) 'example_dag_decorator' retrieved from /Users/aswin/Documents/data-engineering-practice/ETL_Airflow_DBT/airflow/airflow_env/lib/python3.11/site-packages/airflow/example_dags/example_dag_decorator.py
[2026-03-29T05:00:11.190+0530] {logging_mixin.py:188} INFO - [2026-03-29T05:00:11.190+0530] {dag.py:3096} INFO - Sync 1 DAGs
[2026-03-29T05:00:11.193+0530] {logging_mixin.py:188} INFO - [2026-03-29T05:00:11.193+0530] {dag.py:3954} INFO - Setting next_dagrun for example_dag_decorator to None, run_after=None
[2026-03-29T05:00:11.199+0530] {processor.py:183} INFO - Processing /Users/aswin/Documents/data-engineering-practice/ETL_Airflow_DBT/airflow/airflow_env/lib/python3.11/site-packages/airflow/example_dags/example_dag_decorator.py took 0.193 seconds
[2026-03-29T05:02:06.731+0530] {processor.py:161} INFO - Started process (PID=57426) to work on /Users/aswin/Documents/data-engineering-practice/ETL_Airflow_DBT/airflow/airflow_env/lib/python3.11/site-packages/airflow/example_dags/example_dag_decorator.py
[2026-03-29T05:02:06.732+0530] {processor.py:830} INFO - Processing file /Users/aswin/Documents/data-engineering-practice/ETL_Airflow_DBT/airflow/airflow_env/lib/python3.11/site-packages/airflow/example_dags/example_dag_decorator.py for tasks to queue
[2026-03-29T05:02:06.732+0530] {logging_mixin.py:188} INFO - [2026-03-29T05:02:06.732+0530] {dagbag.py:540} INFO - Filling up the DagBag from /Users/aswin/Documents/data-engineering-practice/ETL_Airflow_DBT/airflow/airflow_env/lib/python3.11/site-packages/airflow/example_dags/example_dag_decorator.py
[2026-03-29T05:02:06.817+0530] {processor.py:840} INFO - DAG(s) 'example_dag_decorator' retrieved from /Users/aswin/Documents/data-engineering-practice/ETL_Airflow_DBT/airflow/airflow_env/lib/python3.11/site-packages/airflow/example_dags/example_dag_decorator.py
[2026-03-29T05:02:06.906+0530] {logging_mixin.py:188} INFO - [2026-03-29T05:02:06.906+0530] {dag.py:3096} INFO - Sync 1 DAGs
[2026-03-29T05:02:06.909+0530] {logging_mixin.py:188} INFO - [2026-03-29T05:02:06.909+0530] {dag.py:3954} INFO - Setting next_dagrun for example_dag_decorator to None, run_after=None
[2026-03-29T05:02:06.915+0530] {processor.py:183} INFO - Processing /Users/aswin/Documents/data-engineering-practice/ETL_Airflow_DBT/airflow/airflow_env/lib/python3.11/site-packages/airflow/example_dags/example_dag_decorator.py took 0.185 seconds
[2026-03-29T05:16:47.287+0530] {processor.py:161} INFO - Started process (PID=57687) to work on /Users/aswin/Documents/data-engineering-practice/ETL_Airflow_DBT/airflow/airflow_env/lib/python3.11/site-packages/airflow/example_dags/example_dag_decorator.py
[2026-03-29T05:16:47.288+0530] {processor.py:830} INFO - Processing file /Users/aswin/Documents/data-engineering-practice/ETL_Airflow_DBT/airflow/airflow_env/lib/python3.11/site-packages/airflow/example_dags/example_dag_decorator.py for tasks to queue
[2026-03-29T05:16:47.288+0530] {logging_mixin.py:188} INFO - [2026-03-29T05:16:47.288+0530] {dagbag.py:540} INFO - Filling up the DagBag from /Users/aswin/Documents/data-engineering-practice/ETL_Airflow_DBT/airflow/airflow_env/lib/python3.11/site-packages/airflow/example_dags/example_dag_decorator.py
[2026-03-29T05:16:47.378+0530] {processor.py:840} INFO - DAG(s) 'example_dag_decorator' retrieved from /Users/aswin/Documents/data-engineering-practice/ETL_Airflow_DBT/airflow/airflow_env/lib/python3.11/site-packages/airflow/example_dags/example_dag_decorator.py
[2026-03-29T05:16:47.473+0530] {logging_mixin.py:188} INFO - [2026-03-29T05:16:47.472+0530] {dag.py:3096} INFO - Sync 1 DAGs
[2026-03-29T05:16:47.476+0530] {logging_mixin.py:188} INFO - [2026-03-29T05:16:47.476+0530] {dag.py:3954} INFO - Setting next_dagrun for example_dag_decorator to None, run_after=None
[2026-03-29T05:16:47.481+0530] {processor.py:183} INFO - Processing /Users/aswin/Documents/data-engineering-practice/ETL_Airflow_DBT/airflow/airflow_env/lib/python3.11/site-packages/airflow/example_dags/example_dag_decorator.py took 0.195 seconds
[2026-03-29T05:18:54.960+0530] {processor.py:161} INFO - Started process (PID=57771) to work on /Users/aswin/Documents/data-engineering-practice/ETL_Airflow_DBT/airflow/airflow_env/lib/python3.11/site-packages/airflow/example_dags/example_dag_decorator.py
[2026-03-29T05:18:54.961+0530] {processor.py:830} INFO - Processing file /Users/aswin/Documents/data-engineering-practice/ETL_Airflow_DBT/airflow/airflow_env/lib/python3.11/site-packages/airflow/example_dags/example_dag_decorator.py for tasks to queue
[2026-03-29T05:18:54.961+0530] {logging_mixin.py:188} INFO - [2026-03-29T05:18:54.961+0530] {dagbag.py:540} INFO - Filling up the DagBag from /Users/aswin/Documents/data-engineering-practice/ETL_Airflow_DBT/airflow/airflow_env/lib/python3.11/site-packages/airflow/example_dags/example_dag_decorator.py
[2026-03-29T05:18:55.058+0530] {processor.py:840} INFO - DAG(s) 'example_dag_decorator' retrieved from /Users/aswin/Documents/data-engineering-practice/ETL_Airflow_DBT/airflow/airflow_env/lib/python3.11/site-packages/airflow/example_dags/example_dag_decorator.py
[2026-03-29T05:18:55.161+0530] {logging_mixin.py:188} INFO - [2026-03-29T05:18:55.161+0530] {dag.py:3096} INFO - Sync 1 DAGs
[2026-03-29T05:18:55.165+0530] {logging_mixin.py:188} INFO - [2026-03-29T05:18:55.165+0530] {dag.py:3954} INFO - Setting next_dagrun for example_dag_decorator to None, run_after=None
[2026-03-29T05:18:55.172+0530] {processor.py:183} INFO - Processing /Users/aswin/Documents/data-engineering-practice/ETL_Airflow_DBT/airflow/airflow_env/lib/python3.11/site-packages/airflow/example_dags/example_dag_decorator.py took 0.213 seconds
