[2026-03-28T05:51:53.317+0530] {processor.py:161} INFO - Started process (PID=52379) to work on /Users/aswin/Documents/data-engineering-practice/ETL_Airflow_DBT/airflow/airflow_env/lib/python3.11/site-packages/airflow/example_dags/example_time_delta_sensor_async.py
[2026-03-28T05:51:53.317+0530] {processor.py:830} INFO - Processing file /Users/aswin/Documents/data-engineering-practice/ETL_Airflow_DBT/airflow/airflow_env/lib/python3.11/site-packages/airflow/example_dags/example_time_delta_sensor_async.py for tasks to queue
[2026-03-28T05:51:53.317+0530] {logging_mixin.py:188} INFO - [2026-03-28T05:51:53.317+0530] {dagbag.py:540} INFO - Filling up the DagBag from /Users/aswin/Documents/data-engineering-practice/ETL_Airflow_DBT/airflow/airflow_env/lib/python3.11/site-packages/airflow/example_dags/example_time_delta_sensor_async.py
[2026-03-28T05:51:53.321+0530] {processor.py:840} INFO - DAG(s) 'example_time_delta_sensor_async' retrieved from /Users/aswin/Documents/data-engineering-practice/ETL_Airflow_DBT/airflow/airflow_env/lib/python3.11/site-packages/airflow/example_dags/example_time_delta_sensor_async.py
[2026-03-28T05:51:53.382+0530] {logging_mixin.py:188} INFO - [2026-03-28T05:51:53.381+0530] {dag.py:3096} INFO - Sync 1 DAGs
[2026-03-28T05:51:53.384+0530] {logging_mixin.py:188} INFO - [2026-03-28T05:51:53.384+0530] {dag.py:3954} INFO - Setting next_dagrun for example_time_delta_sensor_async to None, run_after=None
[2026-03-28T05:51:53.391+0530] {processor.py:183} INFO - Processing /Users/aswin/Documents/data-engineering-practice/ETL_Airflow_DBT/airflow/airflow_env/lib/python3.11/site-packages/airflow/example_dags/example_time_delta_sensor_async.py took 0.075 seconds
[2026-03-28T05:53:24.028+0530] {processor.py:161} INFO - Started process (PID=52453) to work on /Users/aswin/Documents/data-engineering-practice/ETL_Airflow_DBT/airflow/airflow_env/lib/python3.11/site-packages/airflow/example_dags/example_time_delta_sensor_async.py
[2026-03-28T05:53:24.029+0530] {processor.py:830} INFO - Processing file /Users/aswin/Documents/data-engineering-practice/ETL_Airflow_DBT/airflow/airflow_env/lib/python3.11/site-packages/airflow/example_dags/example_time_delta_sensor_async.py for tasks to queue
[2026-03-28T05:53:24.029+0530] {logging_mixin.py:188} INFO - [2026-03-28T05:53:24.029+0530] {dagbag.py:540} INFO - Filling up the DagBag from /Users/aswin/Documents/data-engineering-practice/ETL_Airflow_DBT/airflow/airflow_env/lib/python3.11/site-packages/airflow/example_dags/example_time_delta_sensor_async.py
[2026-03-28T05:53:24.032+0530] {processor.py:840} INFO - DAG(s) 'example_time_delta_sensor_async' retrieved from /Users/aswin/Documents/data-engineering-practice/ETL_Airflow_DBT/airflow/airflow_env/lib/python3.11/site-packages/airflow/example_dags/example_time_delta_sensor_async.py
[2026-03-28T05:53:24.064+0530] {logging_mixin.py:188} INFO - [2026-03-28T05:53:24.064+0530] {dag.py:3096} INFO - Sync 1 DAGs
[2026-03-28T05:53:24.067+0530] {logging_mixin.py:188} INFO - [2026-03-28T05:53:24.067+0530] {dag.py:3954} INFO - Setting next_dagrun for example_time_delta_sensor_async to None, run_after=None
[2026-03-28T05:53:24.073+0530] {processor.py:183} INFO - Processing /Users/aswin/Documents/data-engineering-practice/ETL_Airflow_DBT/airflow/airflow_env/lib/python3.11/site-packages/airflow/example_dags/example_time_delta_sensor_async.py took 0.046 seconds
[2026-03-28T05:54:24.941+0530] {processor.py:161} INFO - Started process (PID=52498) to work on /Users/aswin/Documents/data-engineering-practice/ETL_Airflow_DBT/airflow/airflow_env/lib/python3.11/site-packages/airflow/example_dags/example_time_delta_sensor_async.py
[2026-03-28T05:54:24.942+0530] {processor.py:830} INFO - Processing file /Users/aswin/Documents/data-engineering-practice/ETL_Airflow_DBT/airflow/airflow_env/lib/python3.11/site-packages/airflow/example_dags/example_time_delta_sensor_async.py for tasks to queue
[2026-03-28T05:54:24.942+0530] {logging_mixin.py:188} INFO - [2026-03-28T05:54:24.942+0530] {dagbag.py:540} INFO - Filling up the DagBag from /Users/aswin/Documents/data-engineering-practice/ETL_Airflow_DBT/airflow/airflow_env/lib/python3.11/site-packages/airflow/example_dags/example_time_delta_sensor_async.py
[2026-03-28T05:54:24.947+0530] {processor.py:840} INFO - DAG(s) 'example_time_delta_sensor_async' retrieved from /Users/aswin/Documents/data-engineering-practice/ETL_Airflow_DBT/airflow/airflow_env/lib/python3.11/site-packages/airflow/example_dags/example_time_delta_sensor_async.py
[2026-03-28T05:54:24.990+0530] {logging_mixin.py:188} INFO - [2026-03-28T05:54:24.989+0530] {dag.py:3096} INFO - Sync 1 DAGs
[2026-03-28T05:54:24.993+0530] {logging_mixin.py:188} INFO - [2026-03-28T05:54:24.993+0530] {dag.py:3954} INFO - Setting next_dagrun for example_time_delta_sensor_async to None, run_after=None
[2026-03-28T05:54:25.001+0530] {processor.py:183} INFO - Processing /Users/aswin/Documents/data-engineering-practice/ETL_Airflow_DBT/airflow/airflow_env/lib/python3.11/site-packages/airflow/example_dags/example_time_delta_sensor_async.py took 0.061 seconds
[2026-03-28T05:55:22.429+0530] {processor.py:161} INFO - Started process (PID=52537) to work on /Users/aswin/Documents/data-engineering-practice/ETL_Airflow_DBT/airflow/airflow_env/lib/python3.11/site-packages/airflow/example_dags/example_time_delta_sensor_async.py
[2026-03-28T05:55:22.430+0530] {processor.py:830} INFO - Processing file /Users/aswin/Documents/data-engineering-practice/ETL_Airflow_DBT/airflow/airflow_env/lib/python3.11/site-packages/airflow/example_dags/example_time_delta_sensor_async.py for tasks to queue
[2026-03-28T05:55:22.430+0530] {logging_mixin.py:188} INFO - [2026-03-28T05:55:22.430+0530] {dagbag.py:540} INFO - Filling up the DagBag from /Users/aswin/Documents/data-engineering-practice/ETL_Airflow_DBT/airflow/airflow_env/lib/python3.11/site-packages/airflow/example_dags/example_time_delta_sensor_async.py
[2026-03-28T05:55:22.433+0530] {processor.py:840} INFO - DAG(s) 'example_time_delta_sensor_async' retrieved from /Users/aswin/Documents/data-engineering-practice/ETL_Airflow_DBT/airflow/airflow_env/lib/python3.11/site-packages/airflow/example_dags/example_time_delta_sensor_async.py
[2026-03-28T05:55:22.467+0530] {logging_mixin.py:188} INFO - [2026-03-28T05:55:22.467+0530] {dag.py:3096} INFO - Sync 1 DAGs
[2026-03-28T05:55:22.471+0530] {logging_mixin.py:188} INFO - [2026-03-28T05:55:22.471+0530] {dag.py:3954} INFO - Setting next_dagrun for example_time_delta_sensor_async to None, run_after=None
[2026-03-28T05:55:22.477+0530] {processor.py:183} INFO - Processing /Users/aswin/Documents/data-engineering-practice/ETL_Airflow_DBT/airflow/airflow_env/lib/python3.11/site-packages/airflow/example_dags/example_time_delta_sensor_async.py took 0.049 seconds
[2026-03-29T04:48:49.215+0530] {processor.py:161} INFO - Started process (PID=56833) to work on /Users/aswin/Documents/data-engineering-practice/ETL_Airflow_DBT/airflow/airflow_env/lib/python3.11/site-packages/airflow/example_dags/example_time_delta_sensor_async.py
[2026-03-29T04:48:49.216+0530] {processor.py:830} INFO - Processing file /Users/aswin/Documents/data-engineering-practice/ETL_Airflow_DBT/airflow/airflow_env/lib/python3.11/site-packages/airflow/example_dags/example_time_delta_sensor_async.py for tasks to queue
[2026-03-29T04:48:49.217+0530] {logging_mixin.py:188} INFO - [2026-03-29T04:48:49.217+0530] {dagbag.py:540} INFO - Filling up the DagBag from /Users/aswin/Documents/data-engineering-practice/ETL_Airflow_DBT/airflow/airflow_env/lib/python3.11/site-packages/airflow/example_dags/example_time_delta_sensor_async.py
[2026-03-29T04:48:49.219+0530] {processor.py:840} INFO - DAG(s) 'example_time_delta_sensor_async' retrieved from /Users/aswin/Documents/data-engineering-practice/ETL_Airflow_DBT/airflow/airflow_env/lib/python3.11/site-packages/airflow/example_dags/example_time_delta_sensor_async.py
[2026-03-29T04:48:49.251+0530] {logging_mixin.py:188} INFO - [2026-03-29T04:48:49.251+0530] {dag.py:3096} INFO - Sync 1 DAGs
[2026-03-29T04:48:49.255+0530] {logging_mixin.py:188} INFO - [2026-03-29T04:48:49.255+0530] {dag.py:3954} INFO - Setting next_dagrun for example_time_delta_sensor_async to None, run_after=None
[2026-03-29T04:48:49.261+0530] {processor.py:183} INFO - Processing /Users/aswin/Documents/data-engineering-practice/ETL_Airflow_DBT/airflow/airflow_env/lib/python3.11/site-packages/airflow/example_dags/example_time_delta_sensor_async.py took 0.046 seconds
[2026-03-29T04:50:23.600+0530] {processor.py:161} INFO - Started process (PID=56894) to work on /Users/aswin/Documents/data-engineering-practice/ETL_Airflow_DBT/airflow/airflow_env/lib/python3.11/site-packages/airflow/example_dags/example_time_delta_sensor_async.py
[2026-03-29T04:50:23.601+0530] {processor.py:830} INFO - Processing file /Users/aswin/Documents/data-engineering-practice/ETL_Airflow_DBT/airflow/airflow_env/lib/python3.11/site-packages/airflow/example_dags/example_time_delta_sensor_async.py for tasks to queue
[2026-03-29T04:50:23.601+0530] {logging_mixin.py:188} INFO - [2026-03-29T04:50:23.601+0530] {dagbag.py:540} INFO - Filling up the DagBag from /Users/aswin/Documents/data-engineering-practice/ETL_Airflow_DBT/airflow/airflow_env/lib/python3.11/site-packages/airflow/example_dags/example_time_delta_sensor_async.py
[2026-03-29T04:50:23.605+0530] {processor.py:840} INFO - DAG(s) 'example_time_delta_sensor_async' retrieved from /Users/aswin/Documents/data-engineering-practice/ETL_Airflow_DBT/airflow/airflow_env/lib/python3.11/site-packages/airflow/example_dags/example_time_delta_sensor_async.py
[2026-03-29T04:50:23.639+0530] {logging_mixin.py:188} INFO - [2026-03-29T04:50:23.639+0530] {dag.py:3096} INFO - Sync 1 DAGs
[2026-03-29T04:50:23.643+0530] {logging_mixin.py:188} INFO - [2026-03-29T04:50:23.643+0530] {dag.py:3954} INFO - Setting next_dagrun for example_time_delta_sensor_async to None, run_after=None
[2026-03-29T04:50:23.649+0530] {processor.py:183} INFO - Processing /Users/aswin/Documents/data-engineering-practice/ETL_Airflow_DBT/airflow/airflow_env/lib/python3.11/site-packages/airflow/example_dags/example_time_delta_sensor_async.py took 0.050 seconds
[2026-03-29T04:51:27.140+0530] {processor.py:161} INFO - Started process (PID=56942) to work on /Users/aswin/Documents/data-engineering-practice/ETL_Airflow_DBT/airflow/airflow_env/lib/python3.11/site-packages/airflow/example_dags/example_time_delta_sensor_async.py
[2026-03-29T04:51:27.141+0530] {processor.py:830} INFO - Processing file /Users/aswin/Documents/data-engineering-practice/ETL_Airflow_DBT/airflow/airflow_env/lib/python3.11/site-packages/airflow/example_dags/example_time_delta_sensor_async.py for tasks to queue
[2026-03-29T04:51:27.141+0530] {logging_mixin.py:188} INFO - [2026-03-29T04:51:27.141+0530] {dagbag.py:540} INFO - Filling up the DagBag from /Users/aswin/Documents/data-engineering-practice/ETL_Airflow_DBT/airflow/airflow_env/lib/python3.11/site-packages/airflow/example_dags/example_time_delta_sensor_async.py
[2026-03-29T04:51:27.145+0530] {processor.py:840} INFO - DAG(s) 'example_time_delta_sensor_async' retrieved from /Users/aswin/Documents/data-engineering-practice/ETL_Airflow_DBT/airflow/airflow_env/lib/python3.11/site-packages/airflow/example_dags/example_time_delta_sensor_async.py
[2026-03-29T04:51:27.178+0530] {logging_mixin.py:188} INFO - [2026-03-29T04:51:27.178+0530] {dag.py:3096} INFO - Sync 1 DAGs
[2026-03-29T04:51:27.182+0530] {logging_mixin.py:188} INFO - [2026-03-29T04:51:27.181+0530] {dag.py:3954} INFO - Setting next_dagrun for example_time_delta_sensor_async to None, run_after=None
[2026-03-29T04:51:27.188+0530] {processor.py:183} INFO - Processing /Users/aswin/Documents/data-engineering-practice/ETL_Airflow_DBT/airflow/airflow_env/lib/python3.11/site-packages/airflow/example_dags/example_time_delta_sensor_async.py took 0.048 seconds
[2026-03-29T04:52:26.856+0530] {processor.py:161} INFO - Started process (PID=56983) to work on /Users/aswin/Documents/data-engineering-practice/ETL_Airflow_DBT/airflow/airflow_env/lib/python3.11/site-packages/airflow/example_dags/example_time_delta_sensor_async.py
[2026-03-29T04:52:26.857+0530] {processor.py:830} INFO - Processing file /Users/aswin/Documents/data-engineering-practice/ETL_Airflow_DBT/airflow/airflow_env/lib/python3.11/site-packages/airflow/example_dags/example_time_delta_sensor_async.py for tasks to queue
[2026-03-29T04:52:26.857+0530] {logging_mixin.py:188} INFO - [2026-03-29T04:52:26.857+0530] {dagbag.py:540} INFO - Filling up the DagBag from /Users/aswin/Documents/data-engineering-practice/ETL_Airflow_DBT/airflow/airflow_env/lib/python3.11/site-packages/airflow/example_dags/example_time_delta_sensor_async.py
[2026-03-29T04:52:26.861+0530] {processor.py:840} INFO - DAG(s) 'example_time_delta_sensor_async' retrieved from /Users/aswin/Documents/data-engineering-practice/ETL_Airflow_DBT/airflow/airflow_env/lib/python3.11/site-packages/airflow/example_dags/example_time_delta_sensor_async.py
[2026-03-29T04:52:26.894+0530] {logging_mixin.py:188} INFO - [2026-03-29T04:52:26.893+0530] {dag.py:3096} INFO - Sync 1 DAGs
[2026-03-29T04:52:26.897+0530] {logging_mixin.py:188} INFO - [2026-03-29T04:52:26.897+0530] {dag.py:3954} INFO - Setting next_dagrun for example_time_delta_sensor_async to None, run_after=None
[2026-03-29T04:52:26.903+0530] {processor.py:183} INFO - Processing /Users/aswin/Documents/data-engineering-practice/ETL_Airflow_DBT/airflow/airflow_env/lib/python3.11/site-packages/airflow/example_dags/example_time_delta_sensor_async.py took 0.048 seconds
[2026-03-29T04:53:54.200+0530] {processor.py:161} INFO - Started process (PID=57018) to work on /Users/aswin/Documents/data-engineering-practice/ETL_Airflow_DBT/airflow/airflow_env/lib/python3.11/site-packages/airflow/example_dags/example_time_delta_sensor_async.py
[2026-03-29T04:53:54.201+0530] {processor.py:830} INFO - Processing file /Users/aswin/Documents/data-engineering-practice/ETL_Airflow_DBT/airflow/airflow_env/lib/python3.11/site-packages/airflow/example_dags/example_time_delta_sensor_async.py for tasks to queue
[2026-03-29T04:53:54.201+0530] {logging_mixin.py:188} INFO - [2026-03-29T04:53:54.201+0530] {dagbag.py:540} INFO - Filling up the DagBag from /Users/aswin/Documents/data-engineering-practice/ETL_Airflow_DBT/airflow/airflow_env/lib/python3.11/site-packages/airflow/example_dags/example_time_delta_sensor_async.py
[2026-03-29T04:53:54.204+0530] {processor.py:840} INFO - DAG(s) 'example_time_delta_sensor_async' retrieved from /Users/aswin/Documents/data-engineering-practice/ETL_Airflow_DBT/airflow/airflow_env/lib/python3.11/site-packages/airflow/example_dags/example_time_delta_sensor_async.py
[2026-03-29T04:53:54.236+0530] {logging_mixin.py:188} INFO - [2026-03-29T04:53:54.236+0530] {dag.py:3096} INFO - Sync 1 DAGs
[2026-03-29T04:53:54.239+0530] {logging_mixin.py:188} INFO - [2026-03-29T04:53:54.239+0530] {dag.py:3954} INFO - Setting next_dagrun for example_time_delta_sensor_async to None, run_after=None
[2026-03-29T04:53:54.245+0530] {processor.py:183} INFO - Processing /Users/aswin/Documents/data-engineering-practice/ETL_Airflow_DBT/airflow/airflow_env/lib/python3.11/site-packages/airflow/example_dags/example_time_delta_sensor_async.py took 0.045 seconds
[2026-03-29T04:55:18.570+0530] {processor.py:161} INFO - Started process (PID=57079) to work on /Users/aswin/Documents/data-engineering-practice/ETL_Airflow_DBT/airflow/airflow_env/lib/python3.11/site-packages/airflow/example_dags/example_time_delta_sensor_async.py
[2026-03-29T04:55:18.571+0530] {processor.py:830} INFO - Processing file /Users/aswin/Documents/data-engineering-practice/ETL_Airflow_DBT/airflow/airflow_env/lib/python3.11/site-packages/airflow/example_dags/example_time_delta_sensor_async.py for tasks to queue
[2026-03-29T04:55:18.571+0530] {logging_mixin.py:188} INFO - [2026-03-29T04:55:18.571+0530] {dagbag.py:540} INFO - Filling up the DagBag from /Users/aswin/Documents/data-engineering-practice/ETL_Airflow_DBT/airflow/airflow_env/lib/python3.11/site-packages/airflow/example_dags/example_time_delta_sensor_async.py
[2026-03-29T04:55:18.575+0530] {processor.py:840} INFO - DAG(s) 'example_time_delta_sensor_async' retrieved from /Users/aswin/Documents/data-engineering-practice/ETL_Airflow_DBT/airflow/airflow_env/lib/python3.11/site-packages/airflow/example_dags/example_time_delta_sensor_async.py
[2026-03-29T04:55:18.607+0530] {logging_mixin.py:188} INFO - [2026-03-29T04:55:18.607+0530] {dag.py:3096} INFO - Sync 1 DAGs
[2026-03-29T04:55:18.610+0530] {logging_mixin.py:188} INFO - [2026-03-29T04:55:18.610+0530] {dag.py:3954} INFO - Setting next_dagrun for example_time_delta_sensor_async to None, run_after=None
[2026-03-29T04:55:18.616+0530] {processor.py:183} INFO - Processing /Users/aswin/Documents/data-engineering-practice/ETL_Airflow_DBT/airflow/airflow_env/lib/python3.11/site-packages/airflow/example_dags/example_time_delta_sensor_async.py took 0.047 seconds
[2026-03-29T04:56:15.541+0530] {processor.py:161} INFO - Started process (PID=57127) to work on /Users/aswin/Documents/data-engineering-practice/ETL_Airflow_DBT/airflow/airflow_env/lib/python3.11/site-packages/airflow/example_dags/example_time_delta_sensor_async.py
[2026-03-29T04:56:15.544+0530] {processor.py:830} INFO - Processing file /Users/aswin/Documents/data-engineering-practice/ETL_Airflow_DBT/airflow/airflow_env/lib/python3.11/site-packages/airflow/example_dags/example_time_delta_sensor_async.py for tasks to queue
[2026-03-29T04:56:15.544+0530] {logging_mixin.py:188} INFO - [2026-03-29T04:56:15.544+0530] {dagbag.py:540} INFO - Filling up the DagBag from /Users/aswin/Documents/data-engineering-practice/ETL_Airflow_DBT/airflow/airflow_env/lib/python3.11/site-packages/airflow/example_dags/example_time_delta_sensor_async.py
[2026-03-29T04:56:15.548+0530] {processor.py:840} INFO - DAG(s) 'example_time_delta_sensor_async' retrieved from /Users/aswin/Documents/data-engineering-practice/ETL_Airflow_DBT/airflow/airflow_env/lib/python3.11/site-packages/airflow/example_dags/example_time_delta_sensor_async.py
[2026-03-29T04:56:15.580+0530] {logging_mixin.py:188} INFO - [2026-03-29T04:56:15.580+0530] {dag.py:3096} INFO - Sync 1 DAGs
[2026-03-29T04:56:15.583+0530] {logging_mixin.py:188} INFO - [2026-03-29T04:56:15.583+0530] {dag.py:3954} INFO - Setting next_dagrun for example_time_delta_sensor_async to None, run_after=None
[2026-03-29T04:56:15.589+0530] {processor.py:183} INFO - Processing /Users/aswin/Documents/data-engineering-practice/ETL_Airflow_DBT/airflow/airflow_env/lib/python3.11/site-packages/airflow/example_dags/example_time_delta_sensor_async.py took 0.049 seconds
[2026-03-29T04:57:11.238+0530] {processor.py:161} INFO - Started process (PID=57168) to work on /Users/aswin/Documents/data-engineering-practice/ETL_Airflow_DBT/airflow/airflow_env/lib/python3.11/site-packages/airflow/example_dags/example_time_delta_sensor_async.py
[2026-03-29T04:57:11.239+0530] {processor.py:830} INFO - Processing file /Users/aswin/Documents/data-engineering-practice/ETL_Airflow_DBT/airflow/airflow_env/lib/python3.11/site-packages/airflow/example_dags/example_time_delta_sensor_async.py for tasks to queue
[2026-03-29T04:57:11.239+0530] {logging_mixin.py:188} INFO - [2026-03-29T04:57:11.239+0530] {dagbag.py:540} INFO - Filling up the DagBag from /Users/aswin/Documents/data-engineering-practice/ETL_Airflow_DBT/airflow/airflow_env/lib/python3.11/site-packages/airflow/example_dags/example_time_delta_sensor_async.py
[2026-03-29T04:57:11.242+0530] {processor.py:840} INFO - DAG(s) 'example_time_delta_sensor_async' retrieved from /Users/aswin/Documents/data-engineering-practice/ETL_Airflow_DBT/airflow/airflow_env/lib/python3.11/site-packages/airflow/example_dags/example_time_delta_sensor_async.py
[2026-03-29T04:57:11.274+0530] {logging_mixin.py:188} INFO - [2026-03-29T04:57:11.274+0530] {dag.py:3096} INFO - Sync 1 DAGs
[2026-03-29T04:57:11.277+0530] {logging_mixin.py:188} INFO - [2026-03-29T04:57:11.277+0530] {dag.py:3954} INFO - Setting next_dagrun for example_time_delta_sensor_async to None, run_after=None
[2026-03-29T04:57:11.283+0530] {processor.py:183} INFO - Processing /Users/aswin/Documents/data-engineering-practice/ETL_Airflow_DBT/airflow/airflow_env/lib/python3.11/site-packages/airflow/example_dags/example_time_delta_sensor_async.py took 0.046 seconds
[2026-03-29T04:58:03.511+0530] {processor.py:161} INFO - Started process (PID=57205) to work on /Users/aswin/Documents/data-engineering-practice/ETL_Airflow_DBT/airflow/airflow_env/lib/python3.11/site-packages/airflow/example_dags/example_time_delta_sensor_async.py
[2026-03-29T04:58:03.512+0530] {processor.py:830} INFO - Processing file /Users/aswin/Documents/data-engineering-practice/ETL_Airflow_DBT/airflow/airflow_env/lib/python3.11/site-packages/airflow/example_dags/example_time_delta_sensor_async.py for tasks to queue
[2026-03-29T04:58:03.512+0530] {logging_mixin.py:188} INFO - [2026-03-29T04:58:03.512+0530] {dagbag.py:540} INFO - Filling up the DagBag from /Users/aswin/Documents/data-engineering-practice/ETL_Airflow_DBT/airflow/airflow_env/lib/python3.11/site-packages/airflow/example_dags/example_time_delta_sensor_async.py
[2026-03-29T04:58:03.515+0530] {processor.py:840} INFO - DAG(s) 'example_time_delta_sensor_async' retrieved from /Users/aswin/Documents/data-engineering-practice/ETL_Airflow_DBT/airflow/airflow_env/lib/python3.11/site-packages/airflow/example_dags/example_time_delta_sensor_async.py
[2026-03-29T04:58:03.548+0530] {logging_mixin.py:188} INFO - [2026-03-29T04:58:03.548+0530] {dag.py:3096} INFO - Sync 1 DAGs
[2026-03-29T04:58:03.551+0530] {logging_mixin.py:188} INFO - [2026-03-29T04:58:03.551+0530] {dag.py:3954} INFO - Setting next_dagrun for example_time_delta_sensor_async to None, run_after=None
[2026-03-29T04:58:03.557+0530] {processor.py:183} INFO - Processing /Users/aswin/Documents/data-engineering-practice/ETL_Airflow_DBT/airflow/airflow_env/lib/python3.11/site-packages/airflow/example_dags/example_time_delta_sensor_async.py took 0.047 seconds
[2026-03-29T04:59:00.375+0530] {processor.py:161} INFO - Started process (PID=57281) to work on /Users/aswin/Documents/data-engineering-practice/ETL_Airflow_DBT/airflow/airflow_env/lib/python3.11/site-packages/airflow/example_dags/example_time_delta_sensor_async.py
[2026-03-29T04:59:00.376+0530] {processor.py:830} INFO - Processing file /Users/aswin/Documents/data-engineering-practice/ETL_Airflow_DBT/airflow/airflow_env/lib/python3.11/site-packages/airflow/example_dags/example_time_delta_sensor_async.py for tasks to queue
[2026-03-29T04:59:00.376+0530] {logging_mixin.py:188} INFO - [2026-03-29T04:59:00.376+0530] {dagbag.py:540} INFO - Filling up the DagBag from /Users/aswin/Documents/data-engineering-practice/ETL_Airflow_DBT/airflow/airflow_env/lib/python3.11/site-packages/airflow/example_dags/example_time_delta_sensor_async.py
[2026-03-29T04:59:00.380+0530] {processor.py:840} INFO - DAG(s) 'example_time_delta_sensor_async' retrieved from /Users/aswin/Documents/data-engineering-practice/ETL_Airflow_DBT/airflow/airflow_env/lib/python3.11/site-packages/airflow/example_dags/example_time_delta_sensor_async.py
[2026-03-29T04:59:00.412+0530] {logging_mixin.py:188} INFO - [2026-03-29T04:59:00.412+0530] {dag.py:3096} INFO - Sync 1 DAGs
[2026-03-29T04:59:00.415+0530] {logging_mixin.py:188} INFO - [2026-03-29T04:59:00.415+0530] {dag.py:3954} INFO - Setting next_dagrun for example_time_delta_sensor_async to None, run_after=None
[2026-03-29T04:59:00.421+0530] {processor.py:183} INFO - Processing /Users/aswin/Documents/data-engineering-practice/ETL_Airflow_DBT/airflow/airflow_env/lib/python3.11/site-packages/airflow/example_dags/example_time_delta_sensor_async.py took 0.047 seconds
[2026-03-29T04:59:57.464+0530] {processor.py:161} INFO - Started process (PID=57329) to work on /Users/aswin/Documents/data-engineering-practice/ETL_Airflow_DBT/airflow/airflow_env/lib/python3.11/site-packages/airflow/example_dags/example_time_delta_sensor_async.py
[2026-03-29T04:59:57.465+0530] {processor.py:830} INFO - Processing file /Users/aswin/Documents/data-engineering-practice/ETL_Airflow_DBT/airflow/airflow_env/lib/python3.11/site-packages/airflow/example_dags/example_time_delta_sensor_async.py for tasks to queue
[2026-03-29T04:59:57.465+0530] {logging_mixin.py:188} INFO - [2026-03-29T04:59:57.465+0530] {dagbag.py:540} INFO - Filling up the DagBag from /Users/aswin/Documents/data-engineering-practice/ETL_Airflow_DBT/airflow/airflow_env/lib/python3.11/site-packages/airflow/example_dags/example_time_delta_sensor_async.py
[2026-03-29T04:59:57.469+0530] {processor.py:840} INFO - DAG(s) 'example_time_delta_sensor_async' retrieved from /Users/aswin/Documents/data-engineering-practice/ETL_Airflow_DBT/airflow/airflow_env/lib/python3.11/site-packages/airflow/example_dags/example_time_delta_sensor_async.py
[2026-03-29T04:59:57.500+0530] {logging_mixin.py:188} INFO - [2026-03-29T04:59:57.500+0530] {dag.py:3096} INFO - Sync 1 DAGs
[2026-03-29T04:59:57.504+0530] {logging_mixin.py:188} INFO - [2026-03-29T04:59:57.504+0530] {dag.py:3954} INFO - Setting next_dagrun for example_time_delta_sensor_async to None, run_after=None
[2026-03-29T04:59:57.509+0530] {processor.py:183} INFO - Processing /Users/aswin/Documents/data-engineering-practice/ETL_Airflow_DBT/airflow/airflow_env/lib/python3.11/site-packages/airflow/example_dags/example_time_delta_sensor_async.py took 0.046 seconds
[2026-03-29T05:00:54.085+0530] {processor.py:161} INFO - Started process (PID=57372) to work on /Users/aswin/Documents/data-engineering-practice/ETL_Airflow_DBT/airflow/airflow_env/lib/python3.11/site-packages/airflow/example_dags/example_time_delta_sensor_async.py
[2026-03-29T05:00:54.087+0530] {processor.py:830} INFO - Processing file /Users/aswin/Documents/data-engineering-practice/ETL_Airflow_DBT/airflow/airflow_env/lib/python3.11/site-packages/airflow/example_dags/example_time_delta_sensor_async.py for tasks to queue
[2026-03-29T05:00:54.087+0530] {logging_mixin.py:188} INFO - [2026-03-29T05:00:54.087+0530] {dagbag.py:540} INFO - Filling up the DagBag from /Users/aswin/Documents/data-engineering-practice/ETL_Airflow_DBT/airflow/airflow_env/lib/python3.11/site-packages/airflow/example_dags/example_time_delta_sensor_async.py
[2026-03-29T05:00:54.090+0530] {processor.py:840} INFO - DAG(s) 'example_time_delta_sensor_async' retrieved from /Users/aswin/Documents/data-engineering-practice/ETL_Airflow_DBT/airflow/airflow_env/lib/python3.11/site-packages/airflow/example_dags/example_time_delta_sensor_async.py
[2026-03-29T05:00:54.122+0530] {logging_mixin.py:188} INFO - [2026-03-29T05:00:54.122+0530] {dag.py:3096} INFO - Sync 1 DAGs
[2026-03-29T05:00:54.125+0530] {logging_mixin.py:188} INFO - [2026-03-29T05:00:54.125+0530] {dag.py:3954} INFO - Setting next_dagrun for example_time_delta_sensor_async to None, run_after=None
[2026-03-29T05:00:54.131+0530] {processor.py:183} INFO - Processing /Users/aswin/Documents/data-engineering-practice/ETL_Airflow_DBT/airflow/airflow_env/lib/python3.11/site-packages/airflow/example_dags/example_time_delta_sensor_async.py took 0.047 seconds
[2026-03-29T05:01:53.243+0530] {processor.py:161} INFO - Started process (PID=57413) to work on /Users/aswin/Documents/data-engineering-practice/ETL_Airflow_DBT/airflow/airflow_env/lib/python3.11/site-packages/airflow/example_dags/example_time_delta_sensor_async.py
[2026-03-29T05:01:53.244+0530] {processor.py:830} INFO - Processing file /Users/aswin/Documents/data-engineering-practice/ETL_Airflow_DBT/airflow/airflow_env/lib/python3.11/site-packages/airflow/example_dags/example_time_delta_sensor_async.py for tasks to queue
[2026-03-29T05:01:53.245+0530] {logging_mixin.py:188} INFO - [2026-03-29T05:01:53.245+0530] {dagbag.py:540} INFO - Filling up the DagBag from /Users/aswin/Documents/data-engineering-practice/ETL_Airflow_DBT/airflow/airflow_env/lib/python3.11/site-packages/airflow/example_dags/example_time_delta_sensor_async.py
[2026-03-29T05:01:53.248+0530] {processor.py:840} INFO - DAG(s) 'example_time_delta_sensor_async' retrieved from /Users/aswin/Documents/data-engineering-practice/ETL_Airflow_DBT/airflow/airflow_env/lib/python3.11/site-packages/airflow/example_dags/example_time_delta_sensor_async.py
[2026-03-29T05:01:53.279+0530] {logging_mixin.py:188} INFO - [2026-03-29T05:01:53.279+0530] {dag.py:3096} INFO - Sync 1 DAGs
[2026-03-29T05:01:53.283+0530] {logging_mixin.py:188} INFO - [2026-03-29T05:01:53.283+0530] {dag.py:3954} INFO - Setting next_dagrun for example_time_delta_sensor_async to None, run_after=None
[2026-03-29T05:01:53.288+0530] {processor.py:183} INFO - Processing /Users/aswin/Documents/data-engineering-practice/ETL_Airflow_DBT/airflow/airflow_env/lib/python3.11/site-packages/airflow/example_dags/example_time_delta_sensor_async.py took 0.046 seconds
[2026-03-29T05:02:50.428+0530] {processor.py:161} INFO - Started process (PID=57467) to work on /Users/aswin/Documents/data-engineering-practice/ETL_Airflow_DBT/airflow/airflow_env/lib/python3.11/site-packages/airflow/example_dags/example_time_delta_sensor_async.py
[2026-03-29T05:02:50.429+0530] {processor.py:830} INFO - Processing file /Users/aswin/Documents/data-engineering-practice/ETL_Airflow_DBT/airflow/airflow_env/lib/python3.11/site-packages/airflow/example_dags/example_time_delta_sensor_async.py for tasks to queue
[2026-03-29T05:02:50.430+0530] {logging_mixin.py:188} INFO - [2026-03-29T05:02:50.430+0530] {dagbag.py:540} INFO - Filling up the DagBag from /Users/aswin/Documents/data-engineering-practice/ETL_Airflow_DBT/airflow/airflow_env/lib/python3.11/site-packages/airflow/example_dags/example_time_delta_sensor_async.py
[2026-03-29T05:02:50.433+0530] {processor.py:840} INFO - DAG(s) 'example_time_delta_sensor_async' retrieved from /Users/aswin/Documents/data-engineering-practice/ETL_Airflow_DBT/airflow/airflow_env/lib/python3.11/site-packages/airflow/example_dags/example_time_delta_sensor_async.py
[2026-03-29T05:02:50.466+0530] {logging_mixin.py:188} INFO - [2026-03-29T05:02:50.466+0530] {dag.py:3096} INFO - Sync 1 DAGs
[2026-03-29T05:02:50.469+0530] {logging_mixin.py:188} INFO - [2026-03-29T05:02:50.469+0530] {dag.py:3954} INFO - Setting next_dagrun for example_time_delta_sensor_async to None, run_after=None
[2026-03-29T05:02:50.475+0530] {processor.py:183} INFO - Processing /Users/aswin/Documents/data-engineering-practice/ETL_Airflow_DBT/airflow/airflow_env/lib/python3.11/site-packages/airflow/example_dags/example_time_delta_sensor_async.py took 0.048 seconds
[2026-03-29T05:16:02.682+0530] {processor.py:161} INFO - Started process (PID=57656) to work on /Users/aswin/Documents/data-engineering-practice/ETL_Airflow_DBT/airflow/airflow_env/lib/python3.11/site-packages/airflow/example_dags/example_time_delta_sensor_async.py
[2026-03-29T05:16:02.683+0530] {processor.py:830} INFO - Processing file /Users/aswin/Documents/data-engineering-practice/ETL_Airflow_DBT/airflow/airflow_env/lib/python3.11/site-packages/airflow/example_dags/example_time_delta_sensor_async.py for tasks to queue
[2026-03-29T05:16:02.684+0530] {logging_mixin.py:188} INFO - [2026-03-29T05:16:02.684+0530] {dagbag.py:540} INFO - Filling up the DagBag from /Users/aswin/Documents/data-engineering-practice/ETL_Airflow_DBT/airflow/airflow_env/lib/python3.11/site-packages/airflow/example_dags/example_time_delta_sensor_async.py
[2026-03-29T05:16:02.687+0530] {processor.py:840} INFO - DAG(s) 'example_time_delta_sensor_async' retrieved from /Users/aswin/Documents/data-engineering-practice/ETL_Airflow_DBT/airflow/airflow_env/lib/python3.11/site-packages/airflow/example_dags/example_time_delta_sensor_async.py
[2026-03-29T05:16:02.721+0530] {logging_mixin.py:188} INFO - [2026-03-29T05:16:02.721+0530] {dag.py:3096} INFO - Sync 1 DAGs
[2026-03-29T05:16:02.725+0530] {logging_mixin.py:188} INFO - [2026-03-29T05:16:02.725+0530] {dag.py:3954} INFO - Setting next_dagrun for example_time_delta_sensor_async to None, run_after=None
[2026-03-29T05:16:02.731+0530] {processor.py:183} INFO - Processing /Users/aswin/Documents/data-engineering-practice/ETL_Airflow_DBT/airflow/airflow_env/lib/python3.11/site-packages/airflow/example_dags/example_time_delta_sensor_async.py took 0.049 seconds
[2026-03-29T05:17:35.806+0530] {processor.py:161} INFO - Started process (PID=57719) to work on /Users/aswin/Documents/data-engineering-practice/ETL_Airflow_DBT/airflow/airflow_env/lib/python3.11/site-packages/airflow/example_dags/example_time_delta_sensor_async.py
[2026-03-29T05:17:35.807+0530] {processor.py:830} INFO - Processing file /Users/aswin/Documents/data-engineering-practice/ETL_Airflow_DBT/airflow/airflow_env/lib/python3.11/site-packages/airflow/example_dags/example_time_delta_sensor_async.py for tasks to queue
[2026-03-29T05:17:35.807+0530] {logging_mixin.py:188} INFO - [2026-03-29T05:17:35.807+0530] {dagbag.py:540} INFO - Filling up the DagBag from /Users/aswin/Documents/data-engineering-practice/ETL_Airflow_DBT/airflow/airflow_env/lib/python3.11/site-packages/airflow/example_dags/example_time_delta_sensor_async.py
[2026-03-29T05:17:35.812+0530] {processor.py:840} INFO - DAG(s) 'example_time_delta_sensor_async' retrieved from /Users/aswin/Documents/data-engineering-practice/ETL_Airflow_DBT/airflow/airflow_env/lib/python3.11/site-packages/airflow/example_dags/example_time_delta_sensor_async.py
[2026-03-29T05:17:35.852+0530] {logging_mixin.py:188} INFO - [2026-03-29T05:17:35.852+0530] {dag.py:3096} INFO - Sync 1 DAGs
[2026-03-29T05:17:35.856+0530] {logging_mixin.py:188} INFO - [2026-03-29T05:17:35.856+0530] {dag.py:3954} INFO - Setting next_dagrun for example_time_delta_sensor_async to None, run_after=None
[2026-03-29T05:17:35.863+0530] {processor.py:183} INFO - Processing /Users/aswin/Documents/data-engineering-practice/ETL_Airflow_DBT/airflow/airflow_env/lib/python3.11/site-packages/airflow/example_dags/example_time_delta_sensor_async.py took 0.058 seconds
[2026-03-29T05:18:39.849+0530] {processor.py:161} INFO - Started process (PID=57761) to work on /Users/aswin/Documents/data-engineering-practice/ETL_Airflow_DBT/airflow/airflow_env/lib/python3.11/site-packages/airflow/example_dags/example_time_delta_sensor_async.py
[2026-03-29T05:18:39.850+0530] {processor.py:830} INFO - Processing file /Users/aswin/Documents/data-engineering-practice/ETL_Airflow_DBT/airflow/airflow_env/lib/python3.11/site-packages/airflow/example_dags/example_time_delta_sensor_async.py for tasks to queue
[2026-03-29T05:18:39.850+0530] {logging_mixin.py:188} INFO - [2026-03-29T05:18:39.850+0530] {dagbag.py:540} INFO - Filling up the DagBag from /Users/aswin/Documents/data-engineering-practice/ETL_Airflow_DBT/airflow/airflow_env/lib/python3.11/site-packages/airflow/example_dags/example_time_delta_sensor_async.py
[2026-03-29T05:18:39.854+0530] {processor.py:840} INFO - DAG(s) 'example_time_delta_sensor_async' retrieved from /Users/aswin/Documents/data-engineering-practice/ETL_Airflow_DBT/airflow/airflow_env/lib/python3.11/site-packages/airflow/example_dags/example_time_delta_sensor_async.py
[2026-03-29T05:18:39.885+0530] {logging_mixin.py:188} INFO - [2026-03-29T05:18:39.885+0530] {dag.py:3096} INFO - Sync 1 DAGs
[2026-03-29T05:18:39.889+0530] {logging_mixin.py:188} INFO - [2026-03-29T05:18:39.889+0530] {dag.py:3954} INFO - Setting next_dagrun for example_time_delta_sensor_async to None, run_after=None
[2026-03-29T05:18:39.895+0530] {processor.py:183} INFO - Processing /Users/aswin/Documents/data-engineering-practice/ETL_Airflow_DBT/airflow/airflow_env/lib/python3.11/site-packages/airflow/example_dags/example_time_delta_sensor_async.py took 0.047 seconds
