[2026-03-28T05:52:18.378+0530] {processor.py:161} INFO - Started process (PID=52397) to work on /Users/aswin/Documents/data-engineering-practice/ETL_Airflow_DBT/airflow/airflow_env/lib/python3.11/site-packages/airflow/example_dags/example_params_trigger_ui.py
[2026-03-28T05:52:18.378+0530] {processor.py:830} INFO - Processing file /Users/aswin/Documents/data-engineering-practice/ETL_Airflow_DBT/airflow/airflow_env/lib/python3.11/site-packages/airflow/example_dags/example_params_trigger_ui.py for tasks to queue
[2026-03-28T05:52:18.379+0530] {logging_mixin.py:188} INFO - [2026-03-28T05:52:18.379+0530] {dagbag.py:540} INFO - Filling up the DagBag from /Users/aswin/Documents/data-engineering-practice/ETL_Airflow_DBT/airflow/airflow_env/lib/python3.11/site-packages/airflow/example_dags/example_params_trigger_ui.py
[2026-03-28T05:52:18.397+0530] {processor.py:840} INFO - DAG(s) 'example_params_trigger_ui' retrieved from /Users/aswin/Documents/data-engineering-practice/ETL_Airflow_DBT/airflow/airflow_env/lib/python3.11/site-packages/airflow/example_dags/example_params_trigger_ui.py
[2026-03-28T05:52:18.486+0530] {logging_mixin.py:188} INFO - [2026-03-28T05:52:18.486+0530] {dag.py:3096} INFO - Sync 1 DAGs
[2026-03-28T05:52:18.489+0530] {logging_mixin.py:188} INFO - [2026-03-28T05:52:18.489+0530] {dag.py:3954} INFO - Setting next_dagrun for example_params_trigger_ui to None, run_after=None
[2026-03-28T05:52:18.496+0530] {processor.py:183} INFO - Processing /Users/aswin/Documents/data-engineering-practice/ETL_Airflow_DBT/airflow/airflow_env/lib/python3.11/site-packages/airflow/example_dags/example_params_trigger_ui.py took 0.119 seconds
[2026-03-28T05:53:47.817+0530] {processor.py:161} INFO - Started process (PID=52473) to work on /Users/aswin/Documents/data-engineering-practice/ETL_Airflow_DBT/airflow/airflow_env/lib/python3.11/site-packages/airflow/example_dags/example_params_trigger_ui.py
[2026-03-28T05:53:47.818+0530] {processor.py:830} INFO - Processing file /Users/aswin/Documents/data-engineering-practice/ETL_Airflow_DBT/airflow/airflow_env/lib/python3.11/site-packages/airflow/example_dags/example_params_trigger_ui.py for tasks to queue
[2026-03-28T05:53:47.818+0530] {logging_mixin.py:188} INFO - [2026-03-28T05:53:47.818+0530] {dagbag.py:540} INFO - Filling up the DagBag from /Users/aswin/Documents/data-engineering-practice/ETL_Airflow_DBT/airflow/airflow_env/lib/python3.11/site-packages/airflow/example_dags/example_params_trigger_ui.py
[2026-03-28T05:53:47.836+0530] {processor.py:840} INFO - DAG(s) 'example_params_trigger_ui' retrieved from /Users/aswin/Documents/data-engineering-practice/ETL_Airflow_DBT/airflow/airflow_env/lib/python3.11/site-packages/airflow/example_dags/example_params_trigger_ui.py
[2026-03-28T05:53:47.874+0530] {logging_mixin.py:188} INFO - [2026-03-28T05:53:47.874+0530] {dag.py:3096} INFO - Sync 1 DAGs
[2026-03-28T05:53:47.877+0530] {logging_mixin.py:188} INFO - [2026-03-28T05:53:47.877+0530] {dag.py:3954} INFO - Setting next_dagrun for example_params_trigger_ui to None, run_after=None
[2026-03-28T05:53:47.883+0530] {processor.py:183} INFO - Processing /Users/aswin/Documents/data-engineering-practice/ETL_Airflow_DBT/airflow/airflow_env/lib/python3.11/site-packages/airflow/example_dags/example_params_trigger_ui.py took 0.067 seconds
[2026-03-28T05:55:47.719+0530] {processor.py:161} INFO - Started process (PID=52556) to work on /Users/aswin/Documents/data-engineering-practice/ETL_Airflow_DBT/airflow/airflow_env/lib/python3.11/site-packages/airflow/example_dags/example_params_trigger_ui.py
[2026-03-28T05:55:47.720+0530] {processor.py:830} INFO - Processing file /Users/aswin/Documents/data-engineering-practice/ETL_Airflow_DBT/airflow/airflow_env/lib/python3.11/site-packages/airflow/example_dags/example_params_trigger_ui.py for tasks to queue
[2026-03-28T05:55:47.721+0530] {logging_mixin.py:188} INFO - [2026-03-28T05:55:47.721+0530] {dagbag.py:540} INFO - Filling up the DagBag from /Users/aswin/Documents/data-engineering-practice/ETL_Airflow_DBT/airflow/airflow_env/lib/python3.11/site-packages/airflow/example_dags/example_params_trigger_ui.py
[2026-03-28T05:55:47.740+0530] {processor.py:840} INFO - DAG(s) 'example_params_trigger_ui' retrieved from /Users/aswin/Documents/data-engineering-practice/ETL_Airflow_DBT/airflow/airflow_env/lib/python3.11/site-packages/airflow/example_dags/example_params_trigger_ui.py
[2026-03-28T05:55:47.780+0530] {logging_mixin.py:188} INFO - [2026-03-28T05:55:47.780+0530] {dag.py:3096} INFO - Sync 1 DAGs
[2026-03-28T05:55:47.783+0530] {logging_mixin.py:188} INFO - [2026-03-28T05:55:47.783+0530] {dag.py:3954} INFO - Setting next_dagrun for example_params_trigger_ui to None, run_after=None
[2026-03-28T05:55:47.790+0530] {processor.py:183} INFO - Processing /Users/aswin/Documents/data-engineering-practice/ETL_Airflow_DBT/airflow/airflow_env/lib/python3.11/site-packages/airflow/example_dags/example_params_trigger_ui.py took 0.072 seconds
[2026-03-29T04:49:16.706+0530] {processor.py:161} INFO - Started process (PID=56851) to work on /Users/aswin/Documents/data-engineering-practice/ETL_Airflow_DBT/airflow/airflow_env/lib/python3.11/site-packages/airflow/example_dags/example_params_trigger_ui.py
[2026-03-29T04:49:16.707+0530] {processor.py:830} INFO - Processing file /Users/aswin/Documents/data-engineering-practice/ETL_Airflow_DBT/airflow/airflow_env/lib/python3.11/site-packages/airflow/example_dags/example_params_trigger_ui.py for tasks to queue
[2026-03-29T04:49:16.708+0530] {logging_mixin.py:188} INFO - [2026-03-29T04:49:16.708+0530] {dagbag.py:540} INFO - Filling up the DagBag from /Users/aswin/Documents/data-engineering-practice/ETL_Airflow_DBT/airflow/airflow_env/lib/python3.11/site-packages/airflow/example_dags/example_params_trigger_ui.py
[2026-03-29T04:49:16.723+0530] {processor.py:840} INFO - DAG(s) 'example_params_trigger_ui' retrieved from /Users/aswin/Documents/data-engineering-practice/ETL_Airflow_DBT/airflow/airflow_env/lib/python3.11/site-packages/airflow/example_dags/example_params_trigger_ui.py
[2026-03-29T04:49:16.758+0530] {logging_mixin.py:188} INFO - [2026-03-29T04:49:16.758+0530] {dag.py:3096} INFO - Sync 1 DAGs
[2026-03-29T04:49:16.761+0530] {logging_mixin.py:188} INFO - [2026-03-29T04:49:16.761+0530] {dag.py:3954} INFO - Setting next_dagrun for example_params_trigger_ui to None, run_after=None
[2026-03-29T04:49:16.767+0530] {processor.py:183} INFO - Processing /Users/aswin/Documents/data-engineering-practice/ETL_Airflow_DBT/airflow/airflow_env/lib/python3.11/site-packages/airflow/example_dags/example_params_trigger_ui.py took 0.062 seconds
[2026-03-29T04:50:50.564+0530] {processor.py:161} INFO - Started process (PID=56914) to work on /Users/aswin/Documents/data-engineering-practice/ETL_Airflow_DBT/airflow/airflow_env/lib/python3.11/site-packages/airflow/example_dags/example_params_trigger_ui.py
[2026-03-29T04:50:50.564+0530] {processor.py:830} INFO - Processing file /Users/aswin/Documents/data-engineering-practice/ETL_Airflow_DBT/airflow/airflow_env/lib/python3.11/site-packages/airflow/example_dags/example_params_trigger_ui.py for tasks to queue
[2026-03-29T04:50:50.565+0530] {logging_mixin.py:188} INFO - [2026-03-29T04:50:50.564+0530] {dagbag.py:540} INFO - Filling up the DagBag from /Users/aswin/Documents/data-engineering-practice/ETL_Airflow_DBT/airflow/airflow_env/lib/python3.11/site-packages/airflow/example_dags/example_params_trigger_ui.py
[2026-03-29T04:50:50.580+0530] {processor.py:840} INFO - DAG(s) 'example_params_trigger_ui' retrieved from /Users/aswin/Documents/data-engineering-practice/ETL_Airflow_DBT/airflow/airflow_env/lib/python3.11/site-packages/airflow/example_dags/example_params_trigger_ui.py
[2026-03-29T04:50:50.616+0530] {logging_mixin.py:188} INFO - [2026-03-29T04:50:50.616+0530] {dag.py:3096} INFO - Sync 1 DAGs
[2026-03-29T04:50:50.619+0530] {logging_mixin.py:188} INFO - [2026-03-29T04:50:50.618+0530] {dag.py:3954} INFO - Setting next_dagrun for example_params_trigger_ui to None, run_after=None
[2026-03-29T04:50:50.624+0530] {processor.py:183} INFO - Processing /Users/aswin/Documents/data-engineering-practice/ETL_Airflow_DBT/airflow/airflow_env/lib/python3.11/site-packages/airflow/example_dags/example_params_trigger_ui.py took 0.062 seconds
[2026-03-29T04:54:19.186+0530] {processor.py:161} INFO - Started process (PID=57035) to work on /Users/aswin/Documents/data-engineering-practice/ETL_Airflow_DBT/airflow/airflow_env/lib/python3.11/site-packages/airflow/example_dags/example_params_trigger_ui.py
[2026-03-29T04:54:19.188+0530] {processor.py:830} INFO - Processing file /Users/aswin/Documents/data-engineering-practice/ETL_Airflow_DBT/airflow/airflow_env/lib/python3.11/site-packages/airflow/example_dags/example_params_trigger_ui.py for tasks to queue
[2026-03-29T04:54:19.188+0530] {logging_mixin.py:188} INFO - [2026-03-29T04:54:19.188+0530] {dagbag.py:540} INFO - Filling up the DagBag from /Users/aswin/Documents/data-engineering-practice/ETL_Airflow_DBT/airflow/airflow_env/lib/python3.11/site-packages/airflow/example_dags/example_params_trigger_ui.py
[2026-03-29T04:54:19.204+0530] {processor.py:840} INFO - DAG(s) 'example_params_trigger_ui' retrieved from /Users/aswin/Documents/data-engineering-practice/ETL_Airflow_DBT/airflow/airflow_env/lib/python3.11/site-packages/airflow/example_dags/example_params_trigger_ui.py
[2026-03-29T04:54:19.239+0530] {logging_mixin.py:188} INFO - [2026-03-29T04:54:19.238+0530] {dag.py:3096} INFO - Sync 1 DAGs
[2026-03-29T04:54:19.241+0530] {logging_mixin.py:188} INFO - [2026-03-29T04:54:19.241+0530] {dag.py:3954} INFO - Setting next_dagrun for example_params_trigger_ui to None, run_after=None
[2026-03-29T04:54:19.248+0530] {processor.py:183} INFO - Processing /Users/aswin/Documents/data-engineering-practice/ETL_Airflow_DBT/airflow/airflow_env/lib/python3.11/site-packages/airflow/example_dags/example_params_trigger_ui.py took 0.062 seconds
[2026-03-29T04:55:44.643+0530] {processor.py:161} INFO - Started process (PID=57099) to work on /Users/aswin/Documents/data-engineering-practice/ETL_Airflow_DBT/airflow/airflow_env/lib/python3.11/site-packages/airflow/example_dags/example_params_trigger_ui.py
[2026-03-29T04:55:44.644+0530] {processor.py:830} INFO - Processing file /Users/aswin/Documents/data-engineering-practice/ETL_Airflow_DBT/airflow/airflow_env/lib/python3.11/site-packages/airflow/example_dags/example_params_trigger_ui.py for tasks to queue
[2026-03-29T04:55:44.645+0530] {logging_mixin.py:188} INFO - [2026-03-29T04:55:44.644+0530] {dagbag.py:540} INFO - Filling up the DagBag from /Users/aswin/Documents/data-engineering-practice/ETL_Airflow_DBT/airflow/airflow_env/lib/python3.11/site-packages/airflow/example_dags/example_params_trigger_ui.py
[2026-03-29T04:55:44.660+0530] {processor.py:840} INFO - DAG(s) 'example_params_trigger_ui' retrieved from /Users/aswin/Documents/data-engineering-practice/ETL_Airflow_DBT/airflow/airflow_env/lib/python3.11/site-packages/airflow/example_dags/example_params_trigger_ui.py
[2026-03-29T04:55:44.695+0530] {logging_mixin.py:188} INFO - [2026-03-29T04:55:44.695+0530] {dag.py:3096} INFO - Sync 1 DAGs
[2026-03-29T04:55:44.698+0530] {logging_mixin.py:188} INFO - [2026-03-29T04:55:44.698+0530] {dag.py:3954} INFO - Setting next_dagrun for example_params_trigger_ui to None, run_after=None
[2026-03-29T04:55:44.704+0530] {processor.py:183} INFO - Processing /Users/aswin/Documents/data-engineering-practice/ETL_Airflow_DBT/airflow/airflow_env/lib/python3.11/site-packages/airflow/example_dags/example_params_trigger_ui.py took 0.062 seconds
[2026-03-29T04:57:35.473+0530] {processor.py:161} INFO - Started process (PID=57184) to work on /Users/aswin/Documents/data-engineering-practice/ETL_Airflow_DBT/airflow/airflow_env/lib/python3.11/site-packages/airflow/example_dags/example_params_trigger_ui.py
[2026-03-29T04:57:35.473+0530] {processor.py:830} INFO - Processing file /Users/aswin/Documents/data-engineering-practice/ETL_Airflow_DBT/airflow/airflow_env/lib/python3.11/site-packages/airflow/example_dags/example_params_trigger_ui.py for tasks to queue
[2026-03-29T04:57:35.473+0530] {logging_mixin.py:188} INFO - [2026-03-29T04:57:35.473+0530] {dagbag.py:540} INFO - Filling up the DagBag from /Users/aswin/Documents/data-engineering-practice/ETL_Airflow_DBT/airflow/airflow_env/lib/python3.11/site-packages/airflow/example_dags/example_params_trigger_ui.py
[2026-03-29T04:57:35.489+0530] {processor.py:840} INFO - DAG(s) 'example_params_trigger_ui' retrieved from /Users/aswin/Documents/data-engineering-practice/ETL_Airflow_DBT/airflow/airflow_env/lib/python3.11/site-packages/airflow/example_dags/example_params_trigger_ui.py
[2026-03-29T04:57:35.524+0530] {logging_mixin.py:188} INFO - [2026-03-29T04:57:35.524+0530] {dag.py:3096} INFO - Sync 1 DAGs
[2026-03-29T04:57:35.527+0530] {logging_mixin.py:188} INFO - [2026-03-29T04:57:35.527+0530] {dag.py:3954} INFO - Setting next_dagrun for example_params_trigger_ui to None, run_after=None
[2026-03-29T04:57:35.533+0530] {processor.py:183} INFO - Processing /Users/aswin/Documents/data-engineering-practice/ETL_Airflow_DBT/airflow/airflow_env/lib/python3.11/site-packages/airflow/example_dags/example_params_trigger_ui.py took 0.061 seconds
[2026-03-29T04:59:25.866+0530] {processor.py:161} INFO - Started process (PID=57300) to work on /Users/aswin/Documents/data-engineering-practice/ETL_Airflow_DBT/airflow/airflow_env/lib/python3.11/site-packages/airflow/example_dags/example_params_trigger_ui.py
[2026-03-29T04:59:25.867+0530] {processor.py:830} INFO - Processing file /Users/aswin/Documents/data-engineering-practice/ETL_Airflow_DBT/airflow/airflow_env/lib/python3.11/site-packages/airflow/example_dags/example_params_trigger_ui.py for tasks to queue
[2026-03-29T04:59:25.868+0530] {logging_mixin.py:188} INFO - [2026-03-29T04:59:25.868+0530] {dagbag.py:540} INFO - Filling up the DagBag from /Users/aswin/Documents/data-engineering-practice/ETL_Airflow_DBT/airflow/airflow_env/lib/python3.11/site-packages/airflow/example_dags/example_params_trigger_ui.py
[2026-03-29T04:59:25.884+0530] {processor.py:840} INFO - DAG(s) 'example_params_trigger_ui' retrieved from /Users/aswin/Documents/data-engineering-practice/ETL_Airflow_DBT/airflow/airflow_env/lib/python3.11/site-packages/airflow/example_dags/example_params_trigger_ui.py
[2026-03-29T04:59:25.918+0530] {logging_mixin.py:188} INFO - [2026-03-29T04:59:25.918+0530] {dag.py:3096} INFO - Sync 1 DAGs
[2026-03-29T04:59:25.921+0530] {logging_mixin.py:188} INFO - [2026-03-29T04:59:25.921+0530] {dag.py:3954} INFO - Setting next_dagrun for example_params_trigger_ui to None, run_after=None
[2026-03-29T04:59:25.927+0530] {processor.py:183} INFO - Processing /Users/aswin/Documents/data-engineering-practice/ETL_Airflow_DBT/airflow/airflow_env/lib/python3.11/site-packages/airflow/example_dags/example_params_trigger_ui.py took 0.062 seconds
[2026-03-29T05:01:20.107+0530] {processor.py:161} INFO - Started process (PID=57389) to work on /Users/aswin/Documents/data-engineering-practice/ETL_Airflow_DBT/airflow/airflow_env/lib/python3.11/site-packages/airflow/example_dags/example_params_trigger_ui.py
[2026-03-29T05:01:20.108+0530] {processor.py:830} INFO - Processing file /Users/aswin/Documents/data-engineering-practice/ETL_Airflow_DBT/airflow/airflow_env/lib/python3.11/site-packages/airflow/example_dags/example_params_trigger_ui.py for tasks to queue
[2026-03-29T05:01:20.108+0530] {logging_mixin.py:188} INFO - [2026-03-29T05:01:20.108+0530] {dagbag.py:540} INFO - Filling up the DagBag from /Users/aswin/Documents/data-engineering-practice/ETL_Airflow_DBT/airflow/airflow_env/lib/python3.11/site-packages/airflow/example_dags/example_params_trigger_ui.py
[2026-03-29T05:01:20.124+0530] {processor.py:840} INFO - DAG(s) 'example_params_trigger_ui' retrieved from /Users/aswin/Documents/data-engineering-practice/ETL_Airflow_DBT/airflow/airflow_env/lib/python3.11/site-packages/airflow/example_dags/example_params_trigger_ui.py
[2026-03-29T05:01:20.159+0530] {logging_mixin.py:188} INFO - [2026-03-29T05:01:20.159+0530] {dag.py:3096} INFO - Sync 1 DAGs
[2026-03-29T05:01:20.162+0530] {logging_mixin.py:188} INFO - [2026-03-29T05:01:20.162+0530] {dag.py:3954} INFO - Setting next_dagrun for example_params_trigger_ui to None, run_after=None
[2026-03-29T05:01:20.168+0530] {processor.py:183} INFO - Processing /Users/aswin/Documents/data-engineering-practice/ETL_Airflow_DBT/airflow/airflow_env/lib/python3.11/site-packages/airflow/example_dags/example_params_trigger_ui.py took 0.062 seconds
[2026-03-29T05:03:13.949+0530] {processor.py:161} INFO - Started process (PID=57483) to work on /Users/aswin/Documents/data-engineering-practice/ETL_Airflow_DBT/airflow/airflow_env/lib/python3.11/site-packages/airflow/example_dags/example_params_trigger_ui.py
[2026-03-29T05:03:13.951+0530] {processor.py:830} INFO - Processing file /Users/aswin/Documents/data-engineering-practice/ETL_Airflow_DBT/airflow/airflow_env/lib/python3.11/site-packages/airflow/example_dags/example_params_trigger_ui.py for tasks to queue
[2026-03-29T05:03:13.951+0530] {logging_mixin.py:188} INFO - [2026-03-29T05:03:13.951+0530] {dagbag.py:540} INFO - Filling up the DagBag from /Users/aswin/Documents/data-engineering-practice/ETL_Airflow_DBT/airflow/airflow_env/lib/python3.11/site-packages/airflow/example_dags/example_params_trigger_ui.py
[2026-03-29T05:03:13.967+0530] {processor.py:840} INFO - DAG(s) 'example_params_trigger_ui' retrieved from /Users/aswin/Documents/data-engineering-practice/ETL_Airflow_DBT/airflow/airflow_env/lib/python3.11/site-packages/airflow/example_dags/example_params_trigger_ui.py
[2026-03-29T05:03:14.002+0530] {logging_mixin.py:188} INFO - [2026-03-29T05:03:14.001+0530] {dag.py:3096} INFO - Sync 1 DAGs
[2026-03-29T05:03:14.004+0530] {logging_mixin.py:188} INFO - [2026-03-29T05:03:14.004+0530] {dag.py:3954} INFO - Setting next_dagrun for example_params_trigger_ui to None, run_after=None
[2026-03-29T05:03:14.010+0530] {processor.py:183} INFO - Processing /Users/aswin/Documents/data-engineering-practice/ETL_Airflow_DBT/airflow/airflow_env/lib/python3.11/site-packages/airflow/example_dags/example_params_trigger_ui.py took 0.062 seconds
[2026-03-29T05:16:29.963+0530] {processor.py:161} INFO - Started process (PID=57675) to work on /Users/aswin/Documents/data-engineering-practice/ETL_Airflow_DBT/airflow/airflow_env/lib/python3.11/site-packages/airflow/example_dags/example_params_trigger_ui.py
[2026-03-29T05:16:29.964+0530] {processor.py:830} INFO - Processing file /Users/aswin/Documents/data-engineering-practice/ETL_Airflow_DBT/airflow/airflow_env/lib/python3.11/site-packages/airflow/example_dags/example_params_trigger_ui.py for tasks to queue
[2026-03-29T05:16:29.964+0530] {logging_mixin.py:188} INFO - [2026-03-29T05:16:29.964+0530] {dagbag.py:540} INFO - Filling up the DagBag from /Users/aswin/Documents/data-engineering-practice/ETL_Airflow_DBT/airflow/airflow_env/lib/python3.11/site-packages/airflow/example_dags/example_params_trigger_ui.py
[2026-03-29T05:16:29.980+0530] {processor.py:840} INFO - DAG(s) 'example_params_trigger_ui' retrieved from /Users/aswin/Documents/data-engineering-practice/ETL_Airflow_DBT/airflow/airflow_env/lib/python3.11/site-packages/airflow/example_dags/example_params_trigger_ui.py
[2026-03-29T05:16:30.015+0530] {logging_mixin.py:188} INFO - [2026-03-29T05:16:30.015+0530] {dag.py:3096} INFO - Sync 1 DAGs
[2026-03-29T05:16:30.018+0530] {logging_mixin.py:188} INFO - [2026-03-29T05:16:30.018+0530] {dag.py:3954} INFO - Setting next_dagrun for example_params_trigger_ui to None, run_after=None
[2026-03-29T05:16:30.024+0530] {processor.py:183} INFO - Processing /Users/aswin/Documents/data-engineering-practice/ETL_Airflow_DBT/airflow/airflow_env/lib/python3.11/site-packages/airflow/example_dags/example_params_trigger_ui.py took 0.063 seconds
[2026-03-29T05:18:03.317+0530] {processor.py:161} INFO - Started process (PID=57736) to work on /Users/aswin/Documents/data-engineering-practice/ETL_Airflow_DBT/airflow/airflow_env/lib/python3.11/site-packages/airflow/example_dags/example_params_trigger_ui.py
[2026-03-29T05:18:03.318+0530] {processor.py:830} INFO - Processing file /Users/aswin/Documents/data-engineering-practice/ETL_Airflow_DBT/airflow/airflow_env/lib/python3.11/site-packages/airflow/example_dags/example_params_trigger_ui.py for tasks to queue
[2026-03-29T05:18:03.319+0530] {logging_mixin.py:188} INFO - [2026-03-29T05:18:03.319+0530] {dagbag.py:540} INFO - Filling up the DagBag from /Users/aswin/Documents/data-engineering-practice/ETL_Airflow_DBT/airflow/airflow_env/lib/python3.11/site-packages/airflow/example_dags/example_params_trigger_ui.py
[2026-03-29T05:18:03.335+0530] {processor.py:840} INFO - DAG(s) 'example_params_trigger_ui' retrieved from /Users/aswin/Documents/data-engineering-practice/ETL_Airflow_DBT/airflow/airflow_env/lib/python3.11/site-packages/airflow/example_dags/example_params_trigger_ui.py
[2026-03-29T05:18:03.372+0530] {logging_mixin.py:188} INFO - [2026-03-29T05:18:03.372+0530] {dag.py:3096} INFO - Sync 1 DAGs
[2026-03-29T05:18:03.375+0530] {logging_mixin.py:188} INFO - [2026-03-29T05:18:03.375+0530] {dag.py:3954} INFO - Setting next_dagrun for example_params_trigger_ui to None, run_after=None
[2026-03-29T05:18:03.381+0530] {processor.py:183} INFO - Processing /Users/aswin/Documents/data-engineering-practice/ETL_Airflow_DBT/airflow/airflow_env/lib/python3.11/site-packages/airflow/example_dags/example_params_trigger_ui.py took 0.065 seconds
