[2026-03-28T05:52:40.712+0530] {processor.py:161} INFO - Started process (PID=52412) to work on /Users/aswin/Documents/data-engineering-practice/ETL_Airflow_DBT/airflow/airflow_env/lib/python3.11/site-packages/airflow/example_dags/example_branch_operator_decorator.py
[2026-03-28T05:52:40.713+0530] {processor.py:830} INFO - Processing file /Users/aswin/Documents/data-engineering-practice/ETL_Airflow_DBT/airflow/airflow_env/lib/python3.11/site-packages/airflow/example_dags/example_branch_operator_decorator.py for tasks to queue
[2026-03-28T05:52:40.713+0530] {logging_mixin.py:188} INFO - [2026-03-28T05:52:40.713+0530] {dagbag.py:540} INFO - Filling up the DagBag from /Users/aswin/Documents/data-engineering-practice/ETL_Airflow_DBT/airflow/airflow_env/lib/python3.11/site-packages/airflow/example_dags/example_branch_operator_decorator.py
[2026-03-28T05:52:40.723+0530] {processor.py:842} WARNING - No viable dags retrieved from /Users/aswin/Documents/data-engineering-practice/ETL_Airflow_DBT/airflow/airflow_env/lib/python3.11/site-packages/airflow/example_dags/example_branch_operator_decorator.py
[2026-03-28T05:52:40.748+0530] {processor.py:183} INFO - Processing /Users/aswin/Documents/data-engineering-practice/ETL_Airflow_DBT/airflow/airflow_env/lib/python3.11/site-packages/airflow/example_dags/example_branch_operator_decorator.py took 0.037 seconds
[2026-03-28T05:54:42.444+0530] {processor.py:161} INFO - Started process (PID=52509) to work on /Users/aswin/Documents/data-engineering-practice/ETL_Airflow_DBT/airflow/airflow_env/lib/python3.11/site-packages/airflow/example_dags/example_branch_operator_decorator.py
[2026-03-28T05:54:42.445+0530] {processor.py:830} INFO - Processing file /Users/aswin/Documents/data-engineering-practice/ETL_Airflow_DBT/airflow/airflow_env/lib/python3.11/site-packages/airflow/example_dags/example_branch_operator_decorator.py for tasks to queue
[2026-03-28T05:54:42.445+0530] {logging_mixin.py:188} INFO - [2026-03-28T05:54:42.445+0530] {dagbag.py:540} INFO - Filling up the DagBag from /Users/aswin/Documents/data-engineering-practice/ETL_Airflow_DBT/airflow/airflow_env/lib/python3.11/site-packages/airflow/example_dags/example_branch_operator_decorator.py
[2026-03-28T05:54:42.456+0530] {processor.py:842} WARNING - No viable dags retrieved from /Users/aswin/Documents/data-engineering-practice/ETL_Airflow_DBT/airflow/airflow_env/lib/python3.11/site-packages/airflow/example_dags/example_branch_operator_decorator.py
[2026-03-28T05:54:42.481+0530] {processor.py:183} INFO - Processing /Users/aswin/Documents/data-engineering-practice/ETL_Airflow_DBT/airflow/airflow_env/lib/python3.11/site-packages/airflow/example_dags/example_branch_operator_decorator.py took 0.038 seconds
[2026-03-29T04:49:40.849+0530] {processor.py:161} INFO - Started process (PID=56866) to work on /Users/aswin/Documents/data-engineering-practice/ETL_Airflow_DBT/airflow/airflow_env/lib/python3.11/site-packages/airflow/example_dags/example_branch_operator_decorator.py
[2026-03-29T04:49:40.850+0530] {processor.py:830} INFO - Processing file /Users/aswin/Documents/data-engineering-practice/ETL_Airflow_DBT/airflow/airflow_env/lib/python3.11/site-packages/airflow/example_dags/example_branch_operator_decorator.py for tasks to queue
[2026-03-29T04:49:40.850+0530] {logging_mixin.py:188} INFO - [2026-03-29T04:49:40.850+0530] {dagbag.py:540} INFO - Filling up the DagBag from /Users/aswin/Documents/data-engineering-practice/ETL_Airflow_DBT/airflow/airflow_env/lib/python3.11/site-packages/airflow/example_dags/example_branch_operator_decorator.py
[2026-03-29T04:49:40.860+0530] {processor.py:842} WARNING - No viable dags retrieved from /Users/aswin/Documents/data-engineering-practice/ETL_Airflow_DBT/airflow/airflow_env/lib/python3.11/site-packages/airflow/example_dags/example_branch_operator_decorator.py
[2026-03-29T04:49:40.883+0530] {processor.py:183} INFO - Processing /Users/aswin/Documents/data-engineering-practice/ETL_Airflow_DBT/airflow/airflow_env/lib/python3.11/site-packages/airflow/example_dags/example_branch_operator_decorator.py took 0.035 seconds
[2026-03-29T04:51:46.608+0530] {processor.py:161} INFO - Started process (PID=56954) to work on /Users/aswin/Documents/data-engineering-practice/ETL_Airflow_DBT/airflow/airflow_env/lib/python3.11/site-packages/airflow/example_dags/example_branch_operator_decorator.py
[2026-03-29T04:51:46.609+0530] {processor.py:830} INFO - Processing file /Users/aswin/Documents/data-engineering-practice/ETL_Airflow_DBT/airflow/airflow_env/lib/python3.11/site-packages/airflow/example_dags/example_branch_operator_decorator.py for tasks to queue
[2026-03-29T04:51:46.609+0530] {logging_mixin.py:188} INFO - [2026-03-29T04:51:46.609+0530] {dagbag.py:540} INFO - Filling up the DagBag from /Users/aswin/Documents/data-engineering-practice/ETL_Airflow_DBT/airflow/airflow_env/lib/python3.11/site-packages/airflow/example_dags/example_branch_operator_decorator.py
[2026-03-29T04:51:46.618+0530] {processor.py:842} WARNING - No viable dags retrieved from /Users/aswin/Documents/data-engineering-practice/ETL_Airflow_DBT/airflow/airflow_env/lib/python3.11/site-packages/airflow/example_dags/example_branch_operator_decorator.py
[2026-03-29T04:51:46.642+0530] {processor.py:183} INFO - Processing /Users/aswin/Documents/data-engineering-practice/ETL_Airflow_DBT/airflow/airflow_env/lib/python3.11/site-packages/airflow/example_dags/example_branch_operator_decorator.py took 0.035 seconds
[2026-03-29T04:54:40.167+0530] {processor.py:161} INFO - Started process (PID=57050) to work on /Users/aswin/Documents/data-engineering-practice/ETL_Airflow_DBT/airflow/airflow_env/lib/python3.11/site-packages/airflow/example_dags/example_branch_operator_decorator.py
[2026-03-29T04:54:40.168+0530] {processor.py:830} INFO - Processing file /Users/aswin/Documents/data-engineering-practice/ETL_Airflow_DBT/airflow/airflow_env/lib/python3.11/site-packages/airflow/example_dags/example_branch_operator_decorator.py for tasks to queue
[2026-03-29T04:54:40.168+0530] {logging_mixin.py:188} INFO - [2026-03-29T04:54:40.168+0530] {dagbag.py:540} INFO - Filling up the DagBag from /Users/aswin/Documents/data-engineering-practice/ETL_Airflow_DBT/airflow/airflow_env/lib/python3.11/site-packages/airflow/example_dags/example_branch_operator_decorator.py
[2026-03-29T04:54:40.178+0530] {processor.py:842} WARNING - No viable dags retrieved from /Users/aswin/Documents/data-engineering-practice/ETL_Airflow_DBT/airflow/airflow_env/lib/python3.11/site-packages/airflow/example_dags/example_branch_operator_decorator.py
[2026-03-29T04:54:40.202+0530] {processor.py:183} INFO - Processing /Users/aswin/Documents/data-engineering-practice/ETL_Airflow_DBT/airflow/airflow_env/lib/python3.11/site-packages/airflow/example_dags/example_branch_operator_decorator.py took 0.036 seconds
[2026-03-29T04:56:33.461+0530] {processor.py:161} INFO - Started process (PID=57141) to work on /Users/aswin/Documents/data-engineering-practice/ETL_Airflow_DBT/airflow/airflow_env/lib/python3.11/site-packages/airflow/example_dags/example_branch_operator_decorator.py
[2026-03-29T04:56:33.462+0530] {processor.py:830} INFO - Processing file /Users/aswin/Documents/data-engineering-practice/ETL_Airflow_DBT/airflow/airflow_env/lib/python3.11/site-packages/airflow/example_dags/example_branch_operator_decorator.py for tasks to queue
[2026-03-29T04:56:33.462+0530] {logging_mixin.py:188} INFO - [2026-03-29T04:56:33.462+0530] {dagbag.py:540} INFO - Filling up the DagBag from /Users/aswin/Documents/data-engineering-practice/ETL_Airflow_DBT/airflow/airflow_env/lib/python3.11/site-packages/airflow/example_dags/example_branch_operator_decorator.py
[2026-03-29T04:56:33.472+0530] {processor.py:842} WARNING - No viable dags retrieved from /Users/aswin/Documents/data-engineering-practice/ETL_Airflow_DBT/airflow/airflow_env/lib/python3.11/site-packages/airflow/example_dags/example_branch_operator_decorator.py
[2026-03-29T04:56:33.495+0530] {processor.py:183} INFO - Processing /Users/aswin/Documents/data-engineering-practice/ETL_Airflow_DBT/airflow/airflow_env/lib/python3.11/site-packages/airflow/example_dags/example_branch_operator_decorator.py took 0.035 seconds
[2026-03-29T04:58:21.157+0530] {processor.py:161} INFO - Started process (PID=57217) to work on /Users/aswin/Documents/data-engineering-practice/ETL_Airflow_DBT/airflow/airflow_env/lib/python3.11/site-packages/airflow/example_dags/example_branch_operator_decorator.py
[2026-03-29T04:58:21.158+0530] {processor.py:830} INFO - Processing file /Users/aswin/Documents/data-engineering-practice/ETL_Airflow_DBT/airflow/airflow_env/lib/python3.11/site-packages/airflow/example_dags/example_branch_operator_decorator.py for tasks to queue
[2026-03-29T04:58:21.158+0530] {logging_mixin.py:188} INFO - [2026-03-29T04:58:21.158+0530] {dagbag.py:540} INFO - Filling up the DagBag from /Users/aswin/Documents/data-engineering-practice/ETL_Airflow_DBT/airflow/airflow_env/lib/python3.11/site-packages/airflow/example_dags/example_branch_operator_decorator.py
[2026-03-29T04:58:21.168+0530] {processor.py:842} WARNING - No viable dags retrieved from /Users/aswin/Documents/data-engineering-practice/ETL_Airflow_DBT/airflow/airflow_env/lib/python3.11/site-packages/airflow/example_dags/example_branch_operator_decorator.py
[2026-03-29T04:58:21.191+0530] {processor.py:183} INFO - Processing /Users/aswin/Documents/data-engineering-practice/ETL_Airflow_DBT/airflow/airflow_env/lib/python3.11/site-packages/airflow/example_dags/example_branch_operator_decorator.py took 0.036 seconds
[2026-03-29T05:00:16.209+0530] {processor.py:161} INFO - Started process (PID=57342) to work on /Users/aswin/Documents/data-engineering-practice/ETL_Airflow_DBT/airflow/airflow_env/lib/python3.11/site-packages/airflow/example_dags/example_branch_operator_decorator.py
[2026-03-29T05:00:16.210+0530] {processor.py:830} INFO - Processing file /Users/aswin/Documents/data-engineering-practice/ETL_Airflow_DBT/airflow/airflow_env/lib/python3.11/site-packages/airflow/example_dags/example_branch_operator_decorator.py for tasks to queue
[2026-03-29T05:00:16.210+0530] {logging_mixin.py:188} INFO - [2026-03-29T05:00:16.210+0530] {dagbag.py:540} INFO - Filling up the DagBag from /Users/aswin/Documents/data-engineering-practice/ETL_Airflow_DBT/airflow/airflow_env/lib/python3.11/site-packages/airflow/example_dags/example_branch_operator_decorator.py
[2026-03-29T05:00:16.219+0530] {processor.py:842} WARNING - No viable dags retrieved from /Users/aswin/Documents/data-engineering-practice/ETL_Airflow_DBT/airflow/airflow_env/lib/python3.11/site-packages/airflow/example_dags/example_branch_operator_decorator.py
[2026-03-29T05:00:16.243+0530] {processor.py:183} INFO - Processing /Users/aswin/Documents/data-engineering-practice/ETL_Airflow_DBT/airflow/airflow_env/lib/python3.11/site-packages/airflow/example_dags/example_branch_operator_decorator.py took 0.035 seconds
[2026-03-29T05:02:11.951+0530] {processor.py:161} INFO - Started process (PID=57431) to work on /Users/aswin/Documents/data-engineering-practice/ETL_Airflow_DBT/airflow/airflow_env/lib/python3.11/site-packages/airflow/example_dags/example_branch_operator_decorator.py
[2026-03-29T05:02:11.951+0530] {processor.py:830} INFO - Processing file /Users/aswin/Documents/data-engineering-practice/ETL_Airflow_DBT/airflow/airflow_env/lib/python3.11/site-packages/airflow/example_dags/example_branch_operator_decorator.py for tasks to queue
[2026-03-29T05:02:11.951+0530] {logging_mixin.py:188} INFO - [2026-03-29T05:02:11.951+0530] {dagbag.py:540} INFO - Filling up the DagBag from /Users/aswin/Documents/data-engineering-practice/ETL_Airflow_DBT/airflow/airflow_env/lib/python3.11/site-packages/airflow/example_dags/example_branch_operator_decorator.py
[2026-03-29T05:02:11.961+0530] {processor.py:842} WARNING - No viable dags retrieved from /Users/aswin/Documents/data-engineering-practice/ETL_Airflow_DBT/airflow/airflow_env/lib/python3.11/site-packages/airflow/example_dags/example_branch_operator_decorator.py
[2026-03-29T05:02:11.984+0530] {processor.py:183} INFO - Processing /Users/aswin/Documents/data-engineering-practice/ETL_Airflow_DBT/airflow/airflow_env/lib/python3.11/site-packages/airflow/example_dags/example_branch_operator_decorator.py took 0.035 seconds
[2026-03-29T05:16:52.496+0530] {processor.py:161} INFO - Started process (PID=57690) to work on /Users/aswin/Documents/data-engineering-practice/ETL_Airflow_DBT/airflow/airflow_env/lib/python3.11/site-packages/airflow/example_dags/example_branch_operator_decorator.py
[2026-03-29T05:16:52.497+0530] {processor.py:830} INFO - Processing file /Users/aswin/Documents/data-engineering-practice/ETL_Airflow_DBT/airflow/airflow_env/lib/python3.11/site-packages/airflow/example_dags/example_branch_operator_decorator.py for tasks to queue
[2026-03-29T05:16:52.497+0530] {logging_mixin.py:188} INFO - [2026-03-29T05:16:52.497+0530] {dagbag.py:540} INFO - Filling up the DagBag from /Users/aswin/Documents/data-engineering-practice/ETL_Airflow_DBT/airflow/airflow_env/lib/python3.11/site-packages/airflow/example_dags/example_branch_operator_decorator.py
[2026-03-29T05:16:52.507+0530] {processor.py:842} WARNING - No viable dags retrieved from /Users/aswin/Documents/data-engineering-practice/ETL_Airflow_DBT/airflow/airflow_env/lib/python3.11/site-packages/airflow/example_dags/example_branch_operator_decorator.py
[2026-03-29T05:16:52.530+0530] {processor.py:183} INFO - Processing /Users/aswin/Documents/data-engineering-practice/ETL_Airflow_DBT/airflow/airflow_env/lib/python3.11/site-packages/airflow/example_dags/example_branch_operator_decorator.py took 0.035 seconds
[2026-03-29T05:19:00.363+0530] {processor.py:161} INFO - Started process (PID=57776) to work on /Users/aswin/Documents/data-engineering-practice/ETL_Airflow_DBT/airflow/airflow_env/lib/python3.11/site-packages/airflow/example_dags/example_branch_operator_decorator.py
[2026-03-29T05:19:00.364+0530] {processor.py:830} INFO - Processing file /Users/aswin/Documents/data-engineering-practice/ETL_Airflow_DBT/airflow/airflow_env/lib/python3.11/site-packages/airflow/example_dags/example_branch_operator_decorator.py for tasks to queue
[2026-03-29T05:19:00.364+0530] {logging_mixin.py:188} INFO - [2026-03-29T05:19:00.364+0530] {dagbag.py:540} INFO - Filling up the DagBag from /Users/aswin/Documents/data-engineering-practice/ETL_Airflow_DBT/airflow/airflow_env/lib/python3.11/site-packages/airflow/example_dags/example_branch_operator_decorator.py
[2026-03-29T05:19:00.374+0530] {processor.py:842} WARNING - No viable dags retrieved from /Users/aswin/Documents/data-engineering-practice/ETL_Airflow_DBT/airflow/airflow_env/lib/python3.11/site-packages/airflow/example_dags/example_branch_operator_decorator.py
[2026-03-29T05:19:00.398+0530] {processor.py:183} INFO - Processing /Users/aswin/Documents/data-engineering-practice/ETL_Airflow_DBT/airflow/airflow_env/lib/python3.11/site-packages/airflow/example_dags/example_branch_operator_decorator.py took 0.036 seconds
