[2026-03-28T05:51:59.830+0530] {processor.py:161} INFO - Started process (PID=52384) to work on /Users/aswin/Documents/data-engineering-practice/ETL_Airflow_DBT/airflow/airflow_env/lib/python3.11/site-packages/airflow/example_dags/example_sla_dag.py
[2026-03-28T05:51:59.830+0530] {processor.py:830} INFO - Processing file /Users/aswin/Documents/data-engineering-practice/ETL_Airflow_DBT/airflow/airflow_env/lib/python3.11/site-packages/airflow/example_dags/example_sla_dag.py for tasks to queue
[2026-03-28T05:51:59.831+0530] {logging_mixin.py:188} INFO - [2026-03-28T05:51:59.831+0530] {dagbag.py:540} INFO - Filling up the DagBag from /Users/aswin/Documents/data-engineering-practice/ETL_Airflow_DBT/airflow/airflow_env/lib/python3.11/site-packages/airflow/example_dags/example_sla_dag.py
[2026-03-28T05:51:59.846+0530] {processor.py:840} INFO - DAG(s) 'example_sla_dag' retrieved from /Users/aswin/Documents/data-engineering-practice/ETL_Airflow_DBT/airflow/airflow_env/lib/python3.11/site-packages/airflow/example_dags/example_sla_dag.py
[2026-03-28T05:51:59.901+0530] {logging_mixin.py:188} INFO - [2026-03-28T05:51:59.901+0530] {dag.py:3096} INFO - Sync 1 DAGs
[2026-03-28T05:51:59.929+0530] {logging_mixin.py:188} INFO - [2026-03-28T05:51:59.929+0530] {dag.py:3954} INFO - Setting next_dagrun for example_sla_dag to 2026-03-28 00:18:00+00:00, run_after=2026-03-28 00:20:00+00:00
[2026-03-28T05:51:59.936+0530] {processor.py:183} INFO - Processing /Users/aswin/Documents/data-engineering-practice/ETL_Airflow_DBT/airflow/airflow_env/lib/python3.11/site-packages/airflow/example_dags/example_sla_dag.py took 0.106 seconds
[2026-03-28T05:53:29.717+0530] {processor.py:161} INFO - Started process (PID=52457) to work on /Users/aswin/Documents/data-engineering-practice/ETL_Airflow_DBT/airflow/airflow_env/lib/python3.11/site-packages/airflow/example_dags/example_sla_dag.py
[2026-03-28T05:53:29.718+0530] {processor.py:830} INFO - Processing file /Users/aswin/Documents/data-engineering-practice/ETL_Airflow_DBT/airflow/airflow_env/lib/python3.11/site-packages/airflow/example_dags/example_sla_dag.py for tasks to queue
[2026-03-28T05:53:29.719+0530] {logging_mixin.py:188} INFO - [2026-03-28T05:53:29.718+0530] {dagbag.py:540} INFO - Filling up the DagBag from /Users/aswin/Documents/data-engineering-practice/ETL_Airflow_DBT/airflow/airflow_env/lib/python3.11/site-packages/airflow/example_dags/example_sla_dag.py
[2026-03-28T05:53:29.733+0530] {processor.py:840} INFO - DAG(s) 'example_sla_dag' retrieved from /Users/aswin/Documents/data-engineering-practice/ETL_Airflow_DBT/airflow/airflow_env/lib/python3.11/site-packages/airflow/example_dags/example_sla_dag.py
[2026-03-28T05:53:29.762+0530] {logging_mixin.py:188} INFO - [2026-03-28T05:53:29.762+0530] {dag.py:3096} INFO - Sync 1 DAGs
[2026-03-28T05:53:29.768+0530] {logging_mixin.py:188} INFO - [2026-03-28T05:53:29.768+0530] {dag.py:3954} INFO - Setting next_dagrun for example_sla_dag to 2026-03-28 00:20:00+00:00, run_after=2026-03-28 00:22:00+00:00
[2026-03-28T05:53:29.773+0530] {processor.py:183} INFO - Processing /Users/aswin/Documents/data-engineering-practice/ETL_Airflow_DBT/airflow/airflow_env/lib/python3.11/site-packages/airflow/example_dags/example_sla_dag.py took 0.057 seconds
[2026-03-28T05:55:29.260+0530] {processor.py:161} INFO - Started process (PID=52542) to work on /Users/aswin/Documents/data-engineering-practice/ETL_Airflow_DBT/airflow/airflow_env/lib/python3.11/site-packages/airflow/example_dags/example_sla_dag.py
[2026-03-28T05:55:29.262+0530] {processor.py:830} INFO - Processing file /Users/aswin/Documents/data-engineering-practice/ETL_Airflow_DBT/airflow/airflow_env/lib/python3.11/site-packages/airflow/example_dags/example_sla_dag.py for tasks to queue
[2026-03-28T05:55:29.262+0530] {logging_mixin.py:188} INFO - [2026-03-28T05:55:29.262+0530] {dagbag.py:540} INFO - Filling up the DagBag from /Users/aswin/Documents/data-engineering-practice/ETL_Airflow_DBT/airflow/airflow_env/lib/python3.11/site-packages/airflow/example_dags/example_sla_dag.py
[2026-03-28T05:55:29.278+0530] {processor.py:840} INFO - DAG(s) 'example_sla_dag' retrieved from /Users/aswin/Documents/data-engineering-practice/ETL_Airflow_DBT/airflow/airflow_env/lib/python3.11/site-packages/airflow/example_dags/example_sla_dag.py
[2026-03-28T05:55:29.307+0530] {logging_mixin.py:188} INFO - [2026-03-28T05:55:29.306+0530] {dag.py:3096} INFO - Sync 1 DAGs
[2026-03-28T05:55:29.313+0530] {logging_mixin.py:188} INFO - [2026-03-28T05:55:29.313+0530] {dag.py:3954} INFO - Setting next_dagrun for example_sla_dag to 2026-03-28 00:22:00+00:00, run_after=2026-03-28 00:24:00+00:00
[2026-03-28T05:55:29.319+0530] {processor.py:183} INFO - Processing /Users/aswin/Documents/data-engineering-practice/ETL_Airflow_DBT/airflow/airflow_env/lib/python3.11/site-packages/airflow/example_dags/example_sla_dag.py took 0.060 seconds
[2026-03-29T04:48:56.017+0530] {processor.py:161} INFO - Started process (PID=56837) to work on /Users/aswin/Documents/data-engineering-practice/ETL_Airflow_DBT/airflow/airflow_env/lib/python3.11/site-packages/airflow/example_dags/example_sla_dag.py
[2026-03-29T04:48:56.018+0530] {processor.py:830} INFO - Processing file /Users/aswin/Documents/data-engineering-practice/ETL_Airflow_DBT/airflow/airflow_env/lib/python3.11/site-packages/airflow/example_dags/example_sla_dag.py for tasks to queue
[2026-03-29T04:48:56.018+0530] {logging_mixin.py:188} INFO - [2026-03-29T04:48:56.018+0530] {dagbag.py:540} INFO - Filling up the DagBag from /Users/aswin/Documents/data-engineering-practice/ETL_Airflow_DBT/airflow/airflow_env/lib/python3.11/site-packages/airflow/example_dags/example_sla_dag.py
[2026-03-29T04:48:56.034+0530] {processor.py:840} INFO - DAG(s) 'example_sla_dag' retrieved from /Users/aswin/Documents/data-engineering-practice/ETL_Airflow_DBT/airflow/airflow_env/lib/python3.11/site-packages/airflow/example_dags/example_sla_dag.py
[2026-03-29T04:48:56.066+0530] {logging_mixin.py:188} INFO - [2026-03-29T04:48:56.066+0530] {dag.py:3096} INFO - Sync 1 DAGs
[2026-03-29T04:48:56.072+0530] {logging_mixin.py:188} INFO - [2026-03-29T04:48:56.072+0530] {dag.py:3954} INFO - Setting next_dagrun for example_sla_dag to 2026-03-28 23:16:00+00:00, run_after=2026-03-28 23:18:00+00:00
[2026-03-29T04:48:56.078+0530] {processor.py:183} INFO - Processing /Users/aswin/Documents/data-engineering-practice/ETL_Airflow_DBT/airflow/airflow_env/lib/python3.11/site-packages/airflow/example_dags/example_sla_dag.py took 0.061 seconds
[2026-03-29T04:50:30.452+0530] {processor.py:161} INFO - Started process (PID=56900) to work on /Users/aswin/Documents/data-engineering-practice/ETL_Airflow_DBT/airflow/airflow_env/lib/python3.11/site-packages/airflow/example_dags/example_sla_dag.py
[2026-03-29T04:50:30.453+0530] {processor.py:830} INFO - Processing file /Users/aswin/Documents/data-engineering-practice/ETL_Airflow_DBT/airflow/airflow_env/lib/python3.11/site-packages/airflow/example_dags/example_sla_dag.py for tasks to queue
[2026-03-29T04:50:30.453+0530] {logging_mixin.py:188} INFO - [2026-03-29T04:50:30.453+0530] {dagbag.py:540} INFO - Filling up the DagBag from /Users/aswin/Documents/data-engineering-practice/ETL_Airflow_DBT/airflow/airflow_env/lib/python3.11/site-packages/airflow/example_dags/example_sla_dag.py
[2026-03-29T04:50:30.468+0530] {processor.py:840} INFO - DAG(s) 'example_sla_dag' retrieved from /Users/aswin/Documents/data-engineering-practice/ETL_Airflow_DBT/airflow/airflow_env/lib/python3.11/site-packages/airflow/example_dags/example_sla_dag.py
[2026-03-29T04:50:30.497+0530] {logging_mixin.py:188} INFO - [2026-03-29T04:50:30.497+0530] {dag.py:3096} INFO - Sync 1 DAGs
[2026-03-29T04:50:30.503+0530] {logging_mixin.py:188} INFO - [2026-03-29T04:50:30.503+0530] {dag.py:3954} INFO - Setting next_dagrun for example_sla_dag to 2026-03-28 23:18:00+00:00, run_after=2026-03-28 23:20:00+00:00
[2026-03-29T04:50:30.509+0530] {processor.py:183} INFO - Processing /Users/aswin/Documents/data-engineering-practice/ETL_Airflow_DBT/airflow/airflow_env/lib/python3.11/site-packages/airflow/example_dags/example_sla_dag.py took 0.058 seconds
[2026-03-29T04:51:34.015+0530] {processor.py:161} INFO - Started process (PID=56946) to work on /Users/aswin/Documents/data-engineering-practice/ETL_Airflow_DBT/airflow/airflow_env/lib/python3.11/site-packages/airflow/example_dags/example_sla_dag.py
[2026-03-29T04:51:34.016+0530] {processor.py:830} INFO - Processing file /Users/aswin/Documents/data-engineering-practice/ETL_Airflow_DBT/airflow/airflow_env/lib/python3.11/site-packages/airflow/example_dags/example_sla_dag.py for tasks to queue
[2026-03-29T04:51:34.016+0530] {logging_mixin.py:188} INFO - [2026-03-29T04:51:34.016+0530] {dagbag.py:540} INFO - Filling up the DagBag from /Users/aswin/Documents/data-engineering-practice/ETL_Airflow_DBT/airflow/airflow_env/lib/python3.11/site-packages/airflow/example_dags/example_sla_dag.py
[2026-03-29T04:51:34.031+0530] {processor.py:840} INFO - DAG(s) 'example_sla_dag' retrieved from /Users/aswin/Documents/data-engineering-practice/ETL_Airflow_DBT/airflow/airflow_env/lib/python3.11/site-packages/airflow/example_dags/example_sla_dag.py
[2026-03-29T04:51:34.061+0530] {logging_mixin.py:188} INFO - [2026-03-29T04:51:34.060+0530] {dag.py:3096} INFO - Sync 1 DAGs
[2026-03-29T04:51:34.066+0530] {logging_mixin.py:188} INFO - [2026-03-29T04:51:34.066+0530] {dag.py:3954} INFO - Setting next_dagrun for example_sla_dag to 2026-03-28 23:18:00+00:00, run_after=2026-03-28 23:20:00+00:00
[2026-03-29T04:51:34.072+0530] {processor.py:183} INFO - Processing /Users/aswin/Documents/data-engineering-practice/ETL_Airflow_DBT/airflow/airflow_env/lib/python3.11/site-packages/airflow/example_dags/example_sla_dag.py took 0.058 seconds
[2026-03-29T04:54:01.057+0530] {processor.py:161} INFO - Started process (PID=57022) to work on /Users/aswin/Documents/data-engineering-practice/ETL_Airflow_DBT/airflow/airflow_env/lib/python3.11/site-packages/airflow/example_dags/example_sla_dag.py
[2026-03-29T04:54:01.058+0530] {processor.py:830} INFO - Processing file /Users/aswin/Documents/data-engineering-practice/ETL_Airflow_DBT/airflow/airflow_env/lib/python3.11/site-packages/airflow/example_dags/example_sla_dag.py for tasks to queue
[2026-03-29T04:54:01.058+0530] {logging_mixin.py:188} INFO - [2026-03-29T04:54:01.058+0530] {dagbag.py:540} INFO - Filling up the DagBag from /Users/aswin/Documents/data-engineering-practice/ETL_Airflow_DBT/airflow/airflow_env/lib/python3.11/site-packages/airflow/example_dags/example_sla_dag.py
[2026-03-29T04:54:01.073+0530] {processor.py:840} INFO - DAG(s) 'example_sla_dag' retrieved from /Users/aswin/Documents/data-engineering-practice/ETL_Airflow_DBT/airflow/airflow_env/lib/python3.11/site-packages/airflow/example_dags/example_sla_dag.py
[2026-03-29T04:54:01.101+0530] {logging_mixin.py:188} INFO - [2026-03-29T04:54:01.101+0530] {dag.py:3096} INFO - Sync 1 DAGs
[2026-03-29T04:54:01.107+0530] {logging_mixin.py:188} INFO - [2026-03-29T04:54:01.107+0530] {dag.py:3954} INFO - Setting next_dagrun for example_sla_dag to 2026-03-28 23:22:00+00:00, run_after=2026-03-28 23:24:00+00:00
[2026-03-29T04:54:01.113+0530] {processor.py:183} INFO - Processing /Users/aswin/Documents/data-engineering-practice/ETL_Airflow_DBT/airflow/airflow_env/lib/python3.11/site-packages/airflow/example_dags/example_sla_dag.py took 0.057 seconds
[2026-03-29T04:55:24.247+0530] {processor.py:161} INFO - Started process (PID=57084) to work on /Users/aswin/Documents/data-engineering-practice/ETL_Airflow_DBT/airflow/airflow_env/lib/python3.11/site-packages/airflow/example_dags/example_sla_dag.py
[2026-03-29T04:55:24.248+0530] {processor.py:830} INFO - Processing file /Users/aswin/Documents/data-engineering-practice/ETL_Airflow_DBT/airflow/airflow_env/lib/python3.11/site-packages/airflow/example_dags/example_sla_dag.py for tasks to queue
[2026-03-29T04:55:24.248+0530] {logging_mixin.py:188} INFO - [2026-03-29T04:55:24.248+0530] {dagbag.py:540} INFO - Filling up the DagBag from /Users/aswin/Documents/data-engineering-practice/ETL_Airflow_DBT/airflow/airflow_env/lib/python3.11/site-packages/airflow/example_dags/example_sla_dag.py
[2026-03-29T04:55:24.264+0530] {processor.py:840} INFO - DAG(s) 'example_sla_dag' retrieved from /Users/aswin/Documents/data-engineering-practice/ETL_Airflow_DBT/airflow/airflow_env/lib/python3.11/site-packages/airflow/example_dags/example_sla_dag.py
[2026-03-29T04:55:24.293+0530] {logging_mixin.py:188} INFO - [2026-03-29T04:55:24.293+0530] {dag.py:3096} INFO - Sync 1 DAGs
[2026-03-29T04:55:24.299+0530] {logging_mixin.py:188} INFO - [2026-03-29T04:55:24.298+0530] {dag.py:3954} INFO - Setting next_dagrun for example_sla_dag to 2026-03-28 23:22:00+00:00, run_after=2026-03-28 23:24:00+00:00
[2026-03-29T04:55:24.304+0530] {processor.py:183} INFO - Processing /Users/aswin/Documents/data-engineering-practice/ETL_Airflow_DBT/airflow/airflow_env/lib/python3.11/site-packages/airflow/example_dags/example_sla_dag.py took 0.058 seconds
[2026-03-29T04:57:16.303+0530] {processor.py:161} INFO - Started process (PID=57171) to work on /Users/aswin/Documents/data-engineering-practice/ETL_Airflow_DBT/airflow/airflow_env/lib/python3.11/site-packages/airflow/example_dags/example_sla_dag.py
[2026-03-29T04:57:16.304+0530] {processor.py:830} INFO - Processing file /Users/aswin/Documents/data-engineering-practice/ETL_Airflow_DBT/airflow/airflow_env/lib/python3.11/site-packages/airflow/example_dags/example_sla_dag.py for tasks to queue
[2026-03-29T04:57:16.304+0530] {logging_mixin.py:188} INFO - [2026-03-29T04:57:16.304+0530] {dagbag.py:540} INFO - Filling up the DagBag from /Users/aswin/Documents/data-engineering-practice/ETL_Airflow_DBT/airflow/airflow_env/lib/python3.11/site-packages/airflow/example_dags/example_sla_dag.py
[2026-03-29T04:57:16.319+0530] {processor.py:840} INFO - DAG(s) 'example_sla_dag' retrieved from /Users/aswin/Documents/data-engineering-practice/ETL_Airflow_DBT/airflow/airflow_env/lib/python3.11/site-packages/airflow/example_dags/example_sla_dag.py
[2026-03-29T04:57:16.347+0530] {logging_mixin.py:188} INFO - [2026-03-29T04:57:16.347+0530] {dag.py:3096} INFO - Sync 1 DAGs
[2026-03-29T04:57:16.353+0530] {logging_mixin.py:188} INFO - [2026-03-29T04:57:16.353+0530] {dag.py:3954} INFO - Setting next_dagrun for example_sla_dag to 2026-03-28 23:24:00+00:00, run_after=2026-03-28 23:26:00+00:00
[2026-03-29T04:57:16.359+0530] {processor.py:183} INFO - Processing /Users/aswin/Documents/data-engineering-practice/ETL_Airflow_DBT/airflow/airflow_env/lib/python3.11/site-packages/airflow/example_dags/example_sla_dag.py took 0.057 seconds
[2026-03-29T04:59:06.706+0530] {processor.py:161} INFO - Started process (PID=57285) to work on /Users/aswin/Documents/data-engineering-practice/ETL_Airflow_DBT/airflow/airflow_env/lib/python3.11/site-packages/airflow/example_dags/example_sla_dag.py
[2026-03-29T04:59:06.707+0530] {processor.py:830} INFO - Processing file /Users/aswin/Documents/data-engineering-practice/ETL_Airflow_DBT/airflow/airflow_env/lib/python3.11/site-packages/airflow/example_dags/example_sla_dag.py for tasks to queue
[2026-03-29T04:59:06.707+0530] {logging_mixin.py:188} INFO - [2026-03-29T04:59:06.707+0530] {dagbag.py:540} INFO - Filling up the DagBag from /Users/aswin/Documents/data-engineering-practice/ETL_Airflow_DBT/airflow/airflow_env/lib/python3.11/site-packages/airflow/example_dags/example_sla_dag.py
[2026-03-29T04:59:06.722+0530] {processor.py:840} INFO - DAG(s) 'example_sla_dag' retrieved from /Users/aswin/Documents/data-engineering-practice/ETL_Airflow_DBT/airflow/airflow_env/lib/python3.11/site-packages/airflow/example_dags/example_sla_dag.py
[2026-03-29T04:59:06.750+0530] {logging_mixin.py:188} INFO - [2026-03-29T04:59:06.750+0530] {dag.py:3096} INFO - Sync 1 DAGs
[2026-03-29T04:59:06.756+0530] {logging_mixin.py:188} INFO - [2026-03-29T04:59:06.756+0530] {dag.py:3954} INFO - Setting next_dagrun for example_sla_dag to 2026-03-28 23:26:00+00:00, run_after=2026-03-28 23:28:00+00:00
[2026-03-29T04:59:06.762+0530] {processor.py:183} INFO - Processing /Users/aswin/Documents/data-engineering-practice/ETL_Airflow_DBT/airflow/airflow_env/lib/python3.11/site-packages/airflow/example_dags/example_sla_dag.py took 0.057 seconds
[2026-03-29T05:01:00.846+0530] {processor.py:161} INFO - Started process (PID=57376) to work on /Users/aswin/Documents/data-engineering-practice/ETL_Airflow_DBT/airflow/airflow_env/lib/python3.11/site-packages/airflow/example_dags/example_sla_dag.py
[2026-03-29T05:01:00.847+0530] {processor.py:830} INFO - Processing file /Users/aswin/Documents/data-engineering-practice/ETL_Airflow_DBT/airflow/airflow_env/lib/python3.11/site-packages/airflow/example_dags/example_sla_dag.py for tasks to queue
[2026-03-29T05:01:00.847+0530] {logging_mixin.py:188} INFO - [2026-03-29T05:01:00.847+0530] {dagbag.py:540} INFO - Filling up the DagBag from /Users/aswin/Documents/data-engineering-practice/ETL_Airflow_DBT/airflow/airflow_env/lib/python3.11/site-packages/airflow/example_dags/example_sla_dag.py
[2026-03-29T05:01:00.862+0530] {processor.py:840} INFO - DAG(s) 'example_sla_dag' retrieved from /Users/aswin/Documents/data-engineering-practice/ETL_Airflow_DBT/airflow/airflow_env/lib/python3.11/site-packages/airflow/example_dags/example_sla_dag.py
[2026-03-29T05:01:00.891+0530] {logging_mixin.py:188} INFO - [2026-03-29T05:01:00.891+0530] {dag.py:3096} INFO - Sync 1 DAGs
[2026-03-29T05:01:00.897+0530] {logging_mixin.py:188} INFO - [2026-03-29T05:01:00.896+0530] {dag.py:3954} INFO - Setting next_dagrun for example_sla_dag to 2026-03-28 23:28:00+00:00, run_after=2026-03-28 23:30:00+00:00
[2026-03-29T05:01:00.902+0530] {processor.py:183} INFO - Processing /Users/aswin/Documents/data-engineering-practice/ETL_Airflow_DBT/airflow/airflow_env/lib/python3.11/site-packages/airflow/example_dags/example_sla_dag.py took 0.057 seconds
[2026-03-29T05:02:55.576+0530] {processor.py:161} INFO - Started process (PID=57470) to work on /Users/aswin/Documents/data-engineering-practice/ETL_Airflow_DBT/airflow/airflow_env/lib/python3.11/site-packages/airflow/example_dags/example_sla_dag.py
[2026-03-29T05:02:55.577+0530] {processor.py:830} INFO - Processing file /Users/aswin/Documents/data-engineering-practice/ETL_Airflow_DBT/airflow/airflow_env/lib/python3.11/site-packages/airflow/example_dags/example_sla_dag.py for tasks to queue
[2026-03-29T05:02:55.577+0530] {logging_mixin.py:188} INFO - [2026-03-29T05:02:55.577+0530] {dagbag.py:540} INFO - Filling up the DagBag from /Users/aswin/Documents/data-engineering-practice/ETL_Airflow_DBT/airflow/airflow_env/lib/python3.11/site-packages/airflow/example_dags/example_sla_dag.py
[2026-03-29T05:02:55.592+0530] {processor.py:840} INFO - DAG(s) 'example_sla_dag' retrieved from /Users/aswin/Documents/data-engineering-practice/ETL_Airflow_DBT/airflow/airflow_env/lib/python3.11/site-packages/airflow/example_dags/example_sla_dag.py
[2026-03-29T05:02:55.621+0530] {logging_mixin.py:188} INFO - [2026-03-29T05:02:55.620+0530] {dag.py:3096} INFO - Sync 1 DAGs
[2026-03-29T05:02:55.626+0530] {logging_mixin.py:188} INFO - [2026-03-29T05:02:55.626+0530] {dag.py:3954} INFO - Setting next_dagrun for example_sla_dag to 2026-03-28 23:30:00+00:00, run_after=2026-03-28 23:32:00+00:00
[2026-03-29T05:02:55.632+0530] {processor.py:183} INFO - Processing /Users/aswin/Documents/data-engineering-practice/ETL_Airflow_DBT/airflow/airflow_env/lib/python3.11/site-packages/airflow/example_dags/example_sla_dag.py took 0.057 seconds
[2026-03-29T05:16:09.523+0530] {processor.py:161} INFO - Started process (PID=57662) to work on /Users/aswin/Documents/data-engineering-practice/ETL_Airflow_DBT/airflow/airflow_env/lib/python3.11/site-packages/airflow/example_dags/example_sla_dag.py
[2026-03-29T05:16:09.524+0530] {processor.py:830} INFO - Processing file /Users/aswin/Documents/data-engineering-practice/ETL_Airflow_DBT/airflow/airflow_env/lib/python3.11/site-packages/airflow/example_dags/example_sla_dag.py for tasks to queue
[2026-03-29T05:16:09.524+0530] {logging_mixin.py:188} INFO - [2026-03-29T05:16:09.524+0530] {dagbag.py:540} INFO - Filling up the DagBag from /Users/aswin/Documents/data-engineering-practice/ETL_Airflow_DBT/airflow/airflow_env/lib/python3.11/site-packages/airflow/example_dags/example_sla_dag.py
[2026-03-29T05:16:09.542+0530] {processor.py:840} INFO - DAG(s) 'example_sla_dag' retrieved from /Users/aswin/Documents/data-engineering-practice/ETL_Airflow_DBT/airflow/airflow_env/lib/python3.11/site-packages/airflow/example_dags/example_sla_dag.py
[2026-03-29T05:16:09.574+0530] {logging_mixin.py:188} INFO - [2026-03-29T05:16:09.574+0530] {dag.py:3096} INFO - Sync 1 DAGs
[2026-03-29T05:16:09.581+0530] {logging_mixin.py:188} INFO - [2026-03-29T05:16:09.580+0530] {dag.py:3954} INFO - Setting next_dagrun for example_sla_dag to 2026-03-28 23:44:00+00:00, run_after=2026-03-28 23:46:00+00:00
[2026-03-29T05:16:09.587+0530] {processor.py:183} INFO - Processing /Users/aswin/Documents/data-engineering-practice/ETL_Airflow_DBT/airflow/airflow_env/lib/python3.11/site-packages/airflow/example_dags/example_sla_dag.py took 0.065 seconds
[2026-03-29T05:17:42.799+0530] {processor.py:161} INFO - Started process (PID=57723) to work on /Users/aswin/Documents/data-engineering-practice/ETL_Airflow_DBT/airflow/airflow_env/lib/python3.11/site-packages/airflow/example_dags/example_sla_dag.py
[2026-03-29T05:17:42.800+0530] {processor.py:830} INFO - Processing file /Users/aswin/Documents/data-engineering-practice/ETL_Airflow_DBT/airflow/airflow_env/lib/python3.11/site-packages/airflow/example_dags/example_sla_dag.py for tasks to queue
[2026-03-29T05:17:42.800+0530] {logging_mixin.py:188} INFO - [2026-03-29T05:17:42.800+0530] {dagbag.py:540} INFO - Filling up the DagBag from /Users/aswin/Documents/data-engineering-practice/ETL_Airflow_DBT/airflow/airflow_env/lib/python3.11/site-packages/airflow/example_dags/example_sla_dag.py
[2026-03-29T05:17:42.816+0530] {processor.py:840} INFO - DAG(s) 'example_sla_dag' retrieved from /Users/aswin/Documents/data-engineering-practice/ETL_Airflow_DBT/airflow/airflow_env/lib/python3.11/site-packages/airflow/example_dags/example_sla_dag.py
[2026-03-29T05:17:42.844+0530] {logging_mixin.py:188} INFO - [2026-03-29T05:17:42.844+0530] {dag.py:3096} INFO - Sync 1 DAGs
[2026-03-29T05:17:42.850+0530] {logging_mixin.py:188} INFO - [2026-03-29T05:17:42.850+0530] {dag.py:3954} INFO - Setting next_dagrun for example_sla_dag to 2026-03-28 23:44:00+00:00, run_after=2026-03-28 23:46:00+00:00
[2026-03-29T05:17:42.856+0530] {processor.py:183} INFO - Processing /Users/aswin/Documents/data-engineering-practice/ETL_Airflow_DBT/airflow/airflow_env/lib/python3.11/site-packages/airflow/example_dags/example_sla_dag.py took 0.058 seconds
[2026-03-29T05:18:46.306+0530] {processor.py:161} INFO - Started process (PID=57765) to work on /Users/aswin/Documents/data-engineering-practice/ETL_Airflow_DBT/airflow/airflow_env/lib/python3.11/site-packages/airflow/example_dags/example_sla_dag.py
[2026-03-29T05:18:46.307+0530] {processor.py:830} INFO - Processing file /Users/aswin/Documents/data-engineering-practice/ETL_Airflow_DBT/airflow/airflow_env/lib/python3.11/site-packages/airflow/example_dags/example_sla_dag.py for tasks to queue
[2026-03-29T05:18:46.307+0530] {logging_mixin.py:188} INFO - [2026-03-29T05:18:46.307+0530] {dagbag.py:540} INFO - Filling up the DagBag from /Users/aswin/Documents/data-engineering-practice/ETL_Airflow_DBT/airflow/airflow_env/lib/python3.11/site-packages/airflow/example_dags/example_sla_dag.py
[2026-03-29T05:18:46.322+0530] {processor.py:840} INFO - DAG(s) 'example_sla_dag' retrieved from /Users/aswin/Documents/data-engineering-practice/ETL_Airflow_DBT/airflow/airflow_env/lib/python3.11/site-packages/airflow/example_dags/example_sla_dag.py
[2026-03-29T05:18:46.350+0530] {logging_mixin.py:188} INFO - [2026-03-29T05:18:46.350+0530] {dag.py:3096} INFO - Sync 1 DAGs
[2026-03-29T05:18:46.356+0530] {logging_mixin.py:188} INFO - [2026-03-29T05:18:46.356+0530] {dag.py:3954} INFO - Setting next_dagrun for example_sla_dag to 2026-03-28 23:46:00+00:00, run_after=2026-03-28 23:48:00+00:00
[2026-03-29T05:18:46.362+0530] {processor.py:183} INFO - Processing /Users/aswin/Documents/data-engineering-practice/ETL_Airflow_DBT/airflow/airflow_env/lib/python3.11/site-packages/airflow/example_dags/example_sla_dag.py took 0.056 seconds
