[2026-02-24T05:30:08.399+0530] {processor.py:161} INFO - Started process (PID=47076) to work on /Users/aswin/Documents/data-engineering-practice/ETL_Airflow_DBT/airflow/airflow_env/lib/python3.11/site-packages/airflow/example_dags/plugins/workday.py
[2026-02-24T05:30:08.399+0530] {processor.py:830} INFO - Processing file /Users/aswin/Documents/data-engineering-practice/ETL_Airflow_DBT/airflow/airflow_env/lib/python3.11/site-packages/airflow/example_dags/plugins/workday.py for tasks to queue
[2026-02-24T05:30:08.400+0530] {logging_mixin.py:188} INFO - [2026-02-24T05:30:08.400+0530] {dagbag.py:540} INFO - Filling up the DagBag from /Users/aswin/Documents/data-engineering-practice/ETL_Airflow_DBT/airflow/airflow_env/lib/python3.11/site-packages/airflow/example_dags/plugins/workday.py
[2026-02-24T05:30:08.400+0530] {logging_mixin.py:188} INFO - [2026-02-24T05:30:08.400+0530] {workday.py:41} WARNING - Could not import pandas. Holidays will not be considered.
[2026-02-24T05:30:08.400+0530] {processor.py:842} WARNING - No viable dags retrieved from /Users/aswin/Documents/data-engineering-practice/ETL_Airflow_DBT/airflow/airflow_env/lib/python3.11/site-packages/airflow/example_dags/plugins/workday.py
[2026-02-24T05:30:08.424+0530] {processor.py:183} INFO - Processing /Users/aswin/Documents/data-engineering-practice/ETL_Airflow_DBT/airflow/airflow_env/lib/python3.11/site-packages/airflow/example_dags/plugins/workday.py took 0.026 seconds
[2026-02-24T05:30:53.355+0530] {processor.py:161} INFO - Started process (PID=47114) to work on /Users/aswin/Documents/data-engineering-practice/ETL_Airflow_DBT/airflow/airflow_env/lib/python3.11/site-packages/airflow/example_dags/plugins/workday.py
[2026-02-24T05:30:53.355+0530] {processor.py:830} INFO - Processing file /Users/aswin/Documents/data-engineering-practice/ETL_Airflow_DBT/airflow/airflow_env/lib/python3.11/site-packages/airflow/example_dags/plugins/workday.py for tasks to queue
[2026-02-24T05:30:53.355+0530] {logging_mixin.py:188} INFO - [2026-02-24T05:30:53.355+0530] {dagbag.py:540} INFO - Filling up the DagBag from /Users/aswin/Documents/data-engineering-practice/ETL_Airflow_DBT/airflow/airflow_env/lib/python3.11/site-packages/airflow/example_dags/plugins/workday.py
[2026-02-24T05:30:53.356+0530] {logging_mixin.py:188} INFO - [2026-02-24T05:30:53.355+0530] {workday.py:41} WARNING - Could not import pandas. Holidays will not be considered.
[2026-02-24T05:30:53.356+0530] {processor.py:842} WARNING - No viable dags retrieved from /Users/aswin/Documents/data-engineering-practice/ETL_Airflow_DBT/airflow/airflow_env/lib/python3.11/site-packages/airflow/example_dags/plugins/workday.py
[2026-02-24T05:30:53.380+0530] {processor.py:183} INFO - Processing /Users/aswin/Documents/data-engineering-practice/ETL_Airflow_DBT/airflow/airflow_env/lib/python3.11/site-packages/airflow/example_dags/plugins/workday.py took 0.026 seconds
[2026-02-24T05:31:36.871+0530] {processor.py:161} INFO - Started process (PID=47150) to work on /Users/aswin/Documents/data-engineering-practice/ETL_Airflow_DBT/airflow/airflow_env/lib/python3.11/site-packages/airflow/example_dags/plugins/workday.py
[2026-02-24T05:31:36.872+0530] {processor.py:830} INFO - Processing file /Users/aswin/Documents/data-engineering-practice/ETL_Airflow_DBT/airflow/airflow_env/lib/python3.11/site-packages/airflow/example_dags/plugins/workday.py for tasks to queue
[2026-02-24T05:31:36.872+0530] {logging_mixin.py:188} INFO - [2026-02-24T05:31:36.872+0530] {dagbag.py:540} INFO - Filling up the DagBag from /Users/aswin/Documents/data-engineering-practice/ETL_Airflow_DBT/airflow/airflow_env/lib/python3.11/site-packages/airflow/example_dags/plugins/workday.py
[2026-02-24T05:31:36.873+0530] {logging_mixin.py:188} INFO - [2026-02-24T05:31:36.873+0530] {workday.py:41} WARNING - Could not import pandas. Holidays will not be considered.
[2026-02-24T05:31:36.873+0530] {processor.py:842} WARNING - No viable dags retrieved from /Users/aswin/Documents/data-engineering-practice/ETL_Airflow_DBT/airflow/airflow_env/lib/python3.11/site-packages/airflow/example_dags/plugins/workday.py
[2026-02-24T05:31:36.898+0530] {processor.py:183} INFO - Processing /Users/aswin/Documents/data-engineering-practice/ETL_Airflow_DBT/airflow/airflow_env/lib/python3.11/site-packages/airflow/example_dags/plugins/workday.py took 0.027 seconds
[2026-02-24T05:32:23.779+0530] {processor.py:161} INFO - Started process (PID=47226) to work on /Users/aswin/Documents/data-engineering-practice/ETL_Airflow_DBT/airflow/airflow_env/lib/python3.11/site-packages/airflow/example_dags/plugins/workday.py
[2026-02-24T05:32:23.780+0530] {processor.py:830} INFO - Processing file /Users/aswin/Documents/data-engineering-practice/ETL_Airflow_DBT/airflow/airflow_env/lib/python3.11/site-packages/airflow/example_dags/plugins/workday.py for tasks to queue
[2026-02-24T05:32:23.780+0530] {logging_mixin.py:188} INFO - [2026-02-24T05:32:23.780+0530] {dagbag.py:540} INFO - Filling up the DagBag from /Users/aswin/Documents/data-engineering-practice/ETL_Airflow_DBT/airflow/airflow_env/lib/python3.11/site-packages/airflow/example_dags/plugins/workday.py
[2026-02-24T05:32:23.781+0530] {logging_mixin.py:188} INFO - [2026-02-24T05:32:23.781+0530] {workday.py:41} WARNING - Could not import pandas. Holidays will not be considered.
[2026-02-24T05:32:23.781+0530] {processor.py:842} WARNING - No viable dags retrieved from /Users/aswin/Documents/data-engineering-practice/ETL_Airflow_DBT/airflow/airflow_env/lib/python3.11/site-packages/airflow/example_dags/plugins/workday.py
[2026-02-24T05:32:23.805+0530] {processor.py:183} INFO - Processing /Users/aswin/Documents/data-engineering-practice/ETL_Airflow_DBT/airflow/airflow_env/lib/python3.11/site-packages/airflow/example_dags/plugins/workday.py took 0.027 seconds
[2026-02-24T05:33:10.865+0530] {processor.py:161} INFO - Started process (PID=47271) to work on /Users/aswin/Documents/data-engineering-practice/ETL_Airflow_DBT/airflow/airflow_env/lib/python3.11/site-packages/airflow/example_dags/plugins/workday.py
[2026-02-24T05:33:10.866+0530] {processor.py:830} INFO - Processing file /Users/aswin/Documents/data-engineering-practice/ETL_Airflow_DBT/airflow/airflow_env/lib/python3.11/site-packages/airflow/example_dags/plugins/workday.py for tasks to queue
[2026-02-24T05:33:10.866+0530] {logging_mixin.py:188} INFO - [2026-02-24T05:33:10.866+0530] {dagbag.py:540} INFO - Filling up the DagBag from /Users/aswin/Documents/data-engineering-practice/ETL_Airflow_DBT/airflow/airflow_env/lib/python3.11/site-packages/airflow/example_dags/plugins/workday.py
[2026-02-24T05:33:10.867+0530] {logging_mixin.py:188} INFO - [2026-02-24T05:33:10.867+0530] {workday.py:41} WARNING - Could not import pandas. Holidays will not be considered.
[2026-02-24T05:33:10.867+0530] {processor.py:842} WARNING - No viable dags retrieved from /Users/aswin/Documents/data-engineering-practice/ETL_Airflow_DBT/airflow/airflow_env/lib/python3.11/site-packages/airflow/example_dags/plugins/workday.py
[2026-02-24T05:33:10.892+0530] {processor.py:183} INFO - Processing /Users/aswin/Documents/data-engineering-practice/ETL_Airflow_DBT/airflow/airflow_env/lib/python3.11/site-packages/airflow/example_dags/plugins/workday.py took 0.027 seconds
[2026-02-24T05:33:57.354+0530] {processor.py:161} INFO - Started process (PID=47323) to work on /Users/aswin/Documents/data-engineering-practice/ETL_Airflow_DBT/airflow/airflow_env/lib/python3.11/site-packages/airflow/example_dags/plugins/workday.py
[2026-02-24T05:33:57.355+0530] {processor.py:830} INFO - Processing file /Users/aswin/Documents/data-engineering-practice/ETL_Airflow_DBT/airflow/airflow_env/lib/python3.11/site-packages/airflow/example_dags/plugins/workday.py for tasks to queue
[2026-02-24T05:33:57.355+0530] {logging_mixin.py:188} INFO - [2026-02-24T05:33:57.355+0530] {dagbag.py:540} INFO - Filling up the DagBag from /Users/aswin/Documents/data-engineering-practice/ETL_Airflow_DBT/airflow/airflow_env/lib/python3.11/site-packages/airflow/example_dags/plugins/workday.py
[2026-02-24T05:33:57.356+0530] {logging_mixin.py:188} INFO - [2026-02-24T05:33:57.355+0530] {workday.py:41} WARNING - Could not import pandas. Holidays will not be considered.
[2026-02-24T05:33:57.356+0530] {processor.py:842} WARNING - No viable dags retrieved from /Users/aswin/Documents/data-engineering-practice/ETL_Airflow_DBT/airflow/airflow_env/lib/python3.11/site-packages/airflow/example_dags/plugins/workday.py
[2026-02-24T05:33:57.381+0530] {processor.py:183} INFO - Processing /Users/aswin/Documents/data-engineering-practice/ETL_Airflow_DBT/airflow/airflow_env/lib/python3.11/site-packages/airflow/example_dags/plugins/workday.py took 0.027 seconds
[2026-02-24T05:34:46.735+0530] {processor.py:161} INFO - Started process (PID=47383) to work on /Users/aswin/Documents/data-engineering-practice/ETL_Airflow_DBT/airflow/airflow_env/lib/python3.11/site-packages/airflow/example_dags/plugins/workday.py
[2026-02-24T05:34:46.736+0530] {processor.py:830} INFO - Processing file /Users/aswin/Documents/data-engineering-practice/ETL_Airflow_DBT/airflow/airflow_env/lib/python3.11/site-packages/airflow/example_dags/plugins/workday.py for tasks to queue
[2026-02-24T05:34:46.736+0530] {logging_mixin.py:188} INFO - [2026-02-24T05:34:46.736+0530] {dagbag.py:540} INFO - Filling up the DagBag from /Users/aswin/Documents/data-engineering-practice/ETL_Airflow_DBT/airflow/airflow_env/lib/python3.11/site-packages/airflow/example_dags/plugins/workday.py
[2026-02-24T05:34:46.737+0530] {logging_mixin.py:188} INFO - [2026-02-24T05:34:46.737+0530] {workday.py:41} WARNING - Could not import pandas. Holidays will not be considered.
[2026-02-24T05:34:46.737+0530] {processor.py:842} WARNING - No viable dags retrieved from /Users/aswin/Documents/data-engineering-practice/ETL_Airflow_DBT/airflow/airflow_env/lib/python3.11/site-packages/airflow/example_dags/plugins/workday.py
[2026-02-24T05:34:46.761+0530] {processor.py:183} INFO - Processing /Users/aswin/Documents/data-engineering-practice/ETL_Airflow_DBT/airflow/airflow_env/lib/python3.11/site-packages/airflow/example_dags/plugins/workday.py took 0.027 seconds
[2026-02-24T05:35:34.616+0530] {processor.py:161} INFO - Started process (PID=47422) to work on /Users/aswin/Documents/data-engineering-practice/ETL_Airflow_DBT/airflow/airflow_env/lib/python3.11/site-packages/airflow/example_dags/plugins/workday.py
[2026-02-24T05:35:34.617+0530] {processor.py:830} INFO - Processing file /Users/aswin/Documents/data-engineering-practice/ETL_Airflow_DBT/airflow/airflow_env/lib/python3.11/site-packages/airflow/example_dags/plugins/workday.py for tasks to queue
[2026-02-24T05:35:34.617+0530] {logging_mixin.py:188} INFO - [2026-02-24T05:35:34.617+0530] {dagbag.py:540} INFO - Filling up the DagBag from /Users/aswin/Documents/data-engineering-practice/ETL_Airflow_DBT/airflow/airflow_env/lib/python3.11/site-packages/airflow/example_dags/plugins/workday.py
[2026-02-24T05:35:34.618+0530] {logging_mixin.py:188} INFO - [2026-02-24T05:35:34.618+0530] {workday.py:41} WARNING - Could not import pandas. Holidays will not be considered.
[2026-02-24T05:35:34.618+0530] {processor.py:842} WARNING - No viable dags retrieved from /Users/aswin/Documents/data-engineering-practice/ETL_Airflow_DBT/airflow/airflow_env/lib/python3.11/site-packages/airflow/example_dags/plugins/workday.py
[2026-02-24T05:35:34.643+0530] {processor.py:183} INFO - Processing /Users/aswin/Documents/data-engineering-practice/ETL_Airflow_DBT/airflow/airflow_env/lib/python3.11/site-packages/airflow/example_dags/plugins/workday.py took 0.028 seconds
[2026-02-24T05:36:19.568+0530] {processor.py:161} INFO - Started process (PID=47490) to work on /Users/aswin/Documents/data-engineering-practice/ETL_Airflow_DBT/airflow/airflow_env/lib/python3.11/site-packages/airflow/example_dags/plugins/workday.py
[2026-02-24T05:36:19.569+0530] {processor.py:830} INFO - Processing file /Users/aswin/Documents/data-engineering-practice/ETL_Airflow_DBT/airflow/airflow_env/lib/python3.11/site-packages/airflow/example_dags/plugins/workday.py for tasks to queue
[2026-02-24T05:36:19.569+0530] {logging_mixin.py:188} INFO - [2026-02-24T05:36:19.569+0530] {dagbag.py:540} INFO - Filling up the DagBag from /Users/aswin/Documents/data-engineering-practice/ETL_Airflow_DBT/airflow/airflow_env/lib/python3.11/site-packages/airflow/example_dags/plugins/workday.py
[2026-02-24T05:36:19.570+0530] {logging_mixin.py:188} INFO - [2026-02-24T05:36:19.570+0530] {workday.py:41} WARNING - Could not import pandas. Holidays will not be considered.
[2026-02-24T05:36:19.570+0530] {processor.py:842} WARNING - No viable dags retrieved from /Users/aswin/Documents/data-engineering-practice/ETL_Airflow_DBT/airflow/airflow_env/lib/python3.11/site-packages/airflow/example_dags/plugins/workday.py
[2026-02-24T05:36:19.594+0530] {processor.py:183} INFO - Processing /Users/aswin/Documents/data-engineering-practice/ETL_Airflow_DBT/airflow/airflow_env/lib/python3.11/site-packages/airflow/example_dags/plugins/workday.py took 0.027 seconds
[2026-02-24T05:37:14.060+0530] {processor.py:161} INFO - Started process (PID=47546) to work on /Users/aswin/Documents/data-engineering-practice/ETL_Airflow_DBT/airflow/airflow_env/lib/python3.11/site-packages/airflow/example_dags/plugins/workday.py
[2026-02-24T05:37:14.060+0530] {processor.py:830} INFO - Processing file /Users/aswin/Documents/data-engineering-practice/ETL_Airflow_DBT/airflow/airflow_env/lib/python3.11/site-packages/airflow/example_dags/plugins/workday.py for tasks to queue
[2026-02-24T05:37:14.061+0530] {logging_mixin.py:188} INFO - [2026-02-24T05:37:14.061+0530] {dagbag.py:540} INFO - Filling up the DagBag from /Users/aswin/Documents/data-engineering-practice/ETL_Airflow_DBT/airflow/airflow_env/lib/python3.11/site-packages/airflow/example_dags/plugins/workday.py
[2026-02-24T05:37:14.061+0530] {logging_mixin.py:188} INFO - [2026-02-24T05:37:14.061+0530] {workday.py:41} WARNING - Could not import pandas. Holidays will not be considered.
[2026-02-24T05:37:14.061+0530] {processor.py:842} WARNING - No viable dags retrieved from /Users/aswin/Documents/data-engineering-practice/ETL_Airflow_DBT/airflow/airflow_env/lib/python3.11/site-packages/airflow/example_dags/plugins/workday.py
[2026-02-24T05:37:14.086+0530] {processor.py:183} INFO - Processing /Users/aswin/Documents/data-engineering-practice/ETL_Airflow_DBT/airflow/airflow_env/lib/python3.11/site-packages/airflow/example_dags/plugins/workday.py took 0.027 seconds
[2026-02-24T05:38:07.712+0530] {processor.py:161} INFO - Started process (PID=47593) to work on /Users/aswin/Documents/data-engineering-practice/ETL_Airflow_DBT/airflow/airflow_env/lib/python3.11/site-packages/airflow/example_dags/plugins/workday.py
[2026-02-24T05:38:07.713+0530] {processor.py:830} INFO - Processing file /Users/aswin/Documents/data-engineering-practice/ETL_Airflow_DBT/airflow/airflow_env/lib/python3.11/site-packages/airflow/example_dags/plugins/workday.py for tasks to queue
[2026-02-24T05:38:07.713+0530] {logging_mixin.py:188} INFO - [2026-02-24T05:38:07.713+0530] {dagbag.py:540} INFO - Filling up the DagBag from /Users/aswin/Documents/data-engineering-practice/ETL_Airflow_DBT/airflow/airflow_env/lib/python3.11/site-packages/airflow/example_dags/plugins/workday.py
[2026-02-24T05:38:07.714+0530] {logging_mixin.py:188} INFO - [2026-02-24T05:38:07.714+0530] {workday.py:41} WARNING - Could not import pandas. Holidays will not be considered.
[2026-02-24T05:38:07.714+0530] {processor.py:842} WARNING - No viable dags retrieved from /Users/aswin/Documents/data-engineering-practice/ETL_Airflow_DBT/airflow/airflow_env/lib/python3.11/site-packages/airflow/example_dags/plugins/workday.py
[2026-02-24T05:38:07.738+0530] {processor.py:183} INFO - Processing /Users/aswin/Documents/data-engineering-practice/ETL_Airflow_DBT/airflow/airflow_env/lib/python3.11/site-packages/airflow/example_dags/plugins/workday.py took 0.027 seconds
[2026-02-24T05:38:53.621+0530] {processor.py:161} INFO - Started process (PID=47631) to work on /Users/aswin/Documents/data-engineering-practice/ETL_Airflow_DBT/airflow/airflow_env/lib/python3.11/site-packages/airflow/example_dags/plugins/workday.py
[2026-02-24T05:38:53.622+0530] {processor.py:830} INFO - Processing file /Users/aswin/Documents/data-engineering-practice/ETL_Airflow_DBT/airflow/airflow_env/lib/python3.11/site-packages/airflow/example_dags/plugins/workday.py for tasks to queue
[2026-02-24T05:38:53.622+0530] {logging_mixin.py:188} INFO - [2026-02-24T05:38:53.622+0530] {dagbag.py:540} INFO - Filling up the DagBag from /Users/aswin/Documents/data-engineering-practice/ETL_Airflow_DBT/airflow/airflow_env/lib/python3.11/site-packages/airflow/example_dags/plugins/workday.py
[2026-02-24T05:38:53.622+0530] {logging_mixin.py:188} INFO - [2026-02-24T05:38:53.622+0530] {workday.py:41} WARNING - Could not import pandas. Holidays will not be considered.
[2026-02-24T05:38:53.622+0530] {processor.py:842} WARNING - No viable dags retrieved from /Users/aswin/Documents/data-engineering-practice/ETL_Airflow_DBT/airflow/airflow_env/lib/python3.11/site-packages/airflow/example_dags/plugins/workday.py
[2026-02-24T05:38:53.647+0530] {processor.py:183} INFO - Processing /Users/aswin/Documents/data-engineering-practice/ETL_Airflow_DBT/airflow/airflow_env/lib/python3.11/site-packages/airflow/example_dags/plugins/workday.py took 0.026 seconds
[2026-02-24T05:39:38.243+0530] {processor.py:161} INFO - Started process (PID=47671) to work on /Users/aswin/Documents/data-engineering-practice/ETL_Airflow_DBT/airflow/airflow_env/lib/python3.11/site-packages/airflow/example_dags/plugins/workday.py
[2026-02-24T05:39:38.244+0530] {processor.py:830} INFO - Processing file /Users/aswin/Documents/data-engineering-practice/ETL_Airflow_DBT/airflow/airflow_env/lib/python3.11/site-packages/airflow/example_dags/plugins/workday.py for tasks to queue
[2026-02-24T05:39:38.245+0530] {logging_mixin.py:188} INFO - [2026-02-24T05:39:38.244+0530] {dagbag.py:540} INFO - Filling up the DagBag from /Users/aswin/Documents/data-engineering-practice/ETL_Airflow_DBT/airflow/airflow_env/lib/python3.11/site-packages/airflow/example_dags/plugins/workday.py
[2026-02-24T05:39:38.245+0530] {logging_mixin.py:188} INFO - [2026-02-24T05:39:38.245+0530] {workday.py:41} WARNING - Could not import pandas. Holidays will not be considered.
[2026-02-24T05:39:38.245+0530] {processor.py:842} WARNING - No viable dags retrieved from /Users/aswin/Documents/data-engineering-practice/ETL_Airflow_DBT/airflow/airflow_env/lib/python3.11/site-packages/airflow/example_dags/plugins/workday.py
[2026-02-24T05:39:38.270+0530] {processor.py:183} INFO - Processing /Users/aswin/Documents/data-engineering-practice/ETL_Airflow_DBT/airflow/airflow_env/lib/python3.11/site-packages/airflow/example_dags/plugins/workday.py took 0.027 seconds
[2026-02-24T05:40:26.521+0530] {processor.py:161} INFO - Started process (PID=47721) to work on /Users/aswin/Documents/data-engineering-practice/ETL_Airflow_DBT/airflow/airflow_env/lib/python3.11/site-packages/airflow/example_dags/plugins/workday.py
[2026-02-24T05:40:26.522+0530] {processor.py:830} INFO - Processing file /Users/aswin/Documents/data-engineering-practice/ETL_Airflow_DBT/airflow/airflow_env/lib/python3.11/site-packages/airflow/example_dags/plugins/workday.py for tasks to queue
[2026-02-24T05:40:26.522+0530] {logging_mixin.py:188} INFO - [2026-02-24T05:40:26.522+0530] {dagbag.py:540} INFO - Filling up the DagBag from /Users/aswin/Documents/data-engineering-practice/ETL_Airflow_DBT/airflow/airflow_env/lib/python3.11/site-packages/airflow/example_dags/plugins/workday.py
[2026-02-24T05:40:26.523+0530] {logging_mixin.py:188} INFO - [2026-02-24T05:40:26.523+0530] {workday.py:41} WARNING - Could not import pandas. Holidays will not be considered.
[2026-02-24T05:40:26.523+0530] {processor.py:842} WARNING - No viable dags retrieved from /Users/aswin/Documents/data-engineering-practice/ETL_Airflow_DBT/airflow/airflow_env/lib/python3.11/site-packages/airflow/example_dags/plugins/workday.py
[2026-02-24T05:40:26.548+0530] {processor.py:183} INFO - Processing /Users/aswin/Documents/data-engineering-practice/ETL_Airflow_DBT/airflow/airflow_env/lib/python3.11/site-packages/airflow/example_dags/plugins/workday.py took 0.028 seconds
[2026-02-24T05:41:19.710+0530] {processor.py:161} INFO - Started process (PID=47769) to work on /Users/aswin/Documents/data-engineering-practice/ETL_Airflow_DBT/airflow/airflow_env/lib/python3.11/site-packages/airflow/example_dags/plugins/workday.py
[2026-02-24T05:41:19.710+0530] {processor.py:830} INFO - Processing file /Users/aswin/Documents/data-engineering-practice/ETL_Airflow_DBT/airflow/airflow_env/lib/python3.11/site-packages/airflow/example_dags/plugins/workday.py for tasks to queue
[2026-02-24T05:41:19.710+0530] {logging_mixin.py:188} INFO - [2026-02-24T05:41:19.710+0530] {dagbag.py:540} INFO - Filling up the DagBag from /Users/aswin/Documents/data-engineering-practice/ETL_Airflow_DBT/airflow/airflow_env/lib/python3.11/site-packages/airflow/example_dags/plugins/workday.py
[2026-02-24T05:41:19.712+0530] {logging_mixin.py:188} INFO - [2026-02-24T05:41:19.712+0530] {workday.py:41} WARNING - Could not import pandas. Holidays will not be considered.
[2026-02-24T05:41:19.712+0530] {processor.py:842} WARNING - No viable dags retrieved from /Users/aswin/Documents/data-engineering-practice/ETL_Airflow_DBT/airflow/airflow_env/lib/python3.11/site-packages/airflow/example_dags/plugins/workday.py
[2026-02-24T05:41:19.736+0530] {processor.py:183} INFO - Processing /Users/aswin/Documents/data-engineering-practice/ETL_Airflow_DBT/airflow/airflow_env/lib/python3.11/site-packages/airflow/example_dags/plugins/workday.py took 0.027 seconds
[2026-02-24T05:42:06.272+0530] {processor.py:161} INFO - Started process (PID=47804) to work on /Users/aswin/Documents/data-engineering-practice/ETL_Airflow_DBT/airflow/airflow_env/lib/python3.11/site-packages/airflow/example_dags/plugins/workday.py
[2026-02-24T05:42:06.273+0530] {processor.py:830} INFO - Processing file /Users/aswin/Documents/data-engineering-practice/ETL_Airflow_DBT/airflow/airflow_env/lib/python3.11/site-packages/airflow/example_dags/plugins/workday.py for tasks to queue
[2026-02-24T05:42:06.273+0530] {logging_mixin.py:188} INFO - [2026-02-24T05:42:06.273+0530] {dagbag.py:540} INFO - Filling up the DagBag from /Users/aswin/Documents/data-engineering-practice/ETL_Airflow_DBT/airflow/airflow_env/lib/python3.11/site-packages/airflow/example_dags/plugins/workday.py
[2026-02-24T05:42:06.274+0530] {logging_mixin.py:188} INFO - [2026-02-24T05:42:06.274+0530] {workday.py:41} WARNING - Could not import pandas. Holidays will not be considered.
[2026-02-24T05:42:06.274+0530] {processor.py:842} WARNING - No viable dags retrieved from /Users/aswin/Documents/data-engineering-practice/ETL_Airflow_DBT/airflow/airflow_env/lib/python3.11/site-packages/airflow/example_dags/plugins/workday.py
[2026-02-24T05:42:06.298+0530] {processor.py:183} INFO - Processing /Users/aswin/Documents/data-engineering-practice/ETL_Airflow_DBT/airflow/airflow_env/lib/python3.11/site-packages/airflow/example_dags/plugins/workday.py took 0.027 seconds
[2026-02-24T05:42:50.813+0530] {processor.py:161} INFO - Started process (PID=47838) to work on /Users/aswin/Documents/data-engineering-practice/ETL_Airflow_DBT/airflow/airflow_env/lib/python3.11/site-packages/airflow/example_dags/plugins/workday.py
[2026-02-24T05:42:50.814+0530] {processor.py:830} INFO - Processing file /Users/aswin/Documents/data-engineering-practice/ETL_Airflow_DBT/airflow/airflow_env/lib/python3.11/site-packages/airflow/example_dags/plugins/workday.py for tasks to queue
[2026-02-24T05:42:50.814+0530] {logging_mixin.py:188} INFO - [2026-02-24T05:42:50.814+0530] {dagbag.py:540} INFO - Filling up the DagBag from /Users/aswin/Documents/data-engineering-practice/ETL_Airflow_DBT/airflow/airflow_env/lib/python3.11/site-packages/airflow/example_dags/plugins/workday.py
[2026-02-24T05:42:50.815+0530] {logging_mixin.py:188} INFO - [2026-02-24T05:42:50.815+0530] {workday.py:41} WARNING - Could not import pandas. Holidays will not be considered.
[2026-02-24T05:42:50.815+0530] {processor.py:842} WARNING - No viable dags retrieved from /Users/aswin/Documents/data-engineering-practice/ETL_Airflow_DBT/airflow/airflow_env/lib/python3.11/site-packages/airflow/example_dags/plugins/workday.py
[2026-02-24T05:42:50.839+0530] {processor.py:183} INFO - Processing /Users/aswin/Documents/data-engineering-practice/ETL_Airflow_DBT/airflow/airflow_env/lib/python3.11/site-packages/airflow/example_dags/plugins/workday.py took 0.027 seconds
[2026-02-24T05:43:35.305+0530] {processor.py:161} INFO - Started process (PID=47872) to work on /Users/aswin/Documents/data-engineering-practice/ETL_Airflow_DBT/airflow/airflow_env/lib/python3.11/site-packages/airflow/example_dags/plugins/workday.py
[2026-02-24T05:43:35.306+0530] {processor.py:830} INFO - Processing file /Users/aswin/Documents/data-engineering-practice/ETL_Airflow_DBT/airflow/airflow_env/lib/python3.11/site-packages/airflow/example_dags/plugins/workday.py for tasks to queue
[2026-02-24T05:43:35.306+0530] {logging_mixin.py:188} INFO - [2026-02-24T05:43:35.306+0530] {dagbag.py:540} INFO - Filling up the DagBag from /Users/aswin/Documents/data-engineering-practice/ETL_Airflow_DBT/airflow/airflow_env/lib/python3.11/site-packages/airflow/example_dags/plugins/workday.py
[2026-02-24T05:43:35.307+0530] {logging_mixin.py:188} INFO - [2026-02-24T05:43:35.307+0530] {workday.py:41} WARNING - Could not import pandas. Holidays will not be considered.
[2026-02-24T05:43:35.307+0530] {processor.py:842} WARNING - No viable dags retrieved from /Users/aswin/Documents/data-engineering-practice/ETL_Airflow_DBT/airflow/airflow_env/lib/python3.11/site-packages/airflow/example_dags/plugins/workday.py
[2026-02-24T05:43:35.331+0530] {processor.py:183} INFO - Processing /Users/aswin/Documents/data-engineering-practice/ETL_Airflow_DBT/airflow/airflow_env/lib/python3.11/site-packages/airflow/example_dags/plugins/workday.py took 0.027 seconds
[2026-02-24T05:44:22.718+0530] {processor.py:161} INFO - Started process (PID=47924) to work on /Users/aswin/Documents/data-engineering-practice/ETL_Airflow_DBT/airflow/airflow_env/lib/python3.11/site-packages/airflow/example_dags/plugins/workday.py
[2026-02-24T05:44:22.719+0530] {processor.py:830} INFO - Processing file /Users/aswin/Documents/data-engineering-practice/ETL_Airflow_DBT/airflow/airflow_env/lib/python3.11/site-packages/airflow/example_dags/plugins/workday.py for tasks to queue
[2026-02-24T05:44:22.719+0530] {logging_mixin.py:188} INFO - [2026-02-24T05:44:22.719+0530] {dagbag.py:540} INFO - Filling up the DagBag from /Users/aswin/Documents/data-engineering-practice/ETL_Airflow_DBT/airflow/airflow_env/lib/python3.11/site-packages/airflow/example_dags/plugins/workday.py
[2026-02-24T05:44:22.720+0530] {logging_mixin.py:188} INFO - [2026-02-24T05:44:22.720+0530] {workday.py:41} WARNING - Could not import pandas. Holidays will not be considered.
[2026-02-24T05:44:22.720+0530] {processor.py:842} WARNING - No viable dags retrieved from /Users/aswin/Documents/data-engineering-practice/ETL_Airflow_DBT/airflow/airflow_env/lib/python3.11/site-packages/airflow/example_dags/plugins/workday.py
[2026-02-24T05:44:22.744+0530] {processor.py:183} INFO - Processing /Users/aswin/Documents/data-engineering-practice/ETL_Airflow_DBT/airflow/airflow_env/lib/python3.11/site-packages/airflow/example_dags/plugins/workday.py took 0.027 seconds
[2026-02-24T05:45:11.239+0530] {processor.py:161} INFO - Started process (PID=47963) to work on /Users/aswin/Documents/data-engineering-practice/ETL_Airflow_DBT/airflow/airflow_env/lib/python3.11/site-packages/airflow/example_dags/plugins/workday.py
[2026-02-24T05:45:11.241+0530] {processor.py:830} INFO - Processing file /Users/aswin/Documents/data-engineering-practice/ETL_Airflow_DBT/airflow/airflow_env/lib/python3.11/site-packages/airflow/example_dags/plugins/workday.py for tasks to queue
[2026-02-24T05:45:11.241+0530] {logging_mixin.py:188} INFO - [2026-02-24T05:45:11.241+0530] {dagbag.py:540} INFO - Filling up the DagBag from /Users/aswin/Documents/data-engineering-practice/ETL_Airflow_DBT/airflow/airflow_env/lib/python3.11/site-packages/airflow/example_dags/plugins/workday.py
[2026-02-24T05:45:11.242+0530] {logging_mixin.py:188} INFO - [2026-02-24T05:45:11.242+0530] {workday.py:41} WARNING - Could not import pandas. Holidays will not be considered.
[2026-02-24T05:45:11.242+0530] {processor.py:842} WARNING - No viable dags retrieved from /Users/aswin/Documents/data-engineering-practice/ETL_Airflow_DBT/airflow/airflow_env/lib/python3.11/site-packages/airflow/example_dags/plugins/workday.py
[2026-02-24T05:45:11.268+0530] {processor.py:183} INFO - Processing /Users/aswin/Documents/data-engineering-practice/ETL_Airflow_DBT/airflow/airflow_env/lib/python3.11/site-packages/airflow/example_dags/plugins/workday.py took 0.029 seconds
[2026-02-24T05:45:56.100+0530] {processor.py:161} INFO - Started process (PID=47999) to work on /Users/aswin/Documents/data-engineering-practice/ETL_Airflow_DBT/airflow/airflow_env/lib/python3.11/site-packages/airflow/example_dags/plugins/workday.py
[2026-02-24T05:45:56.102+0530] {processor.py:830} INFO - Processing file /Users/aswin/Documents/data-engineering-practice/ETL_Airflow_DBT/airflow/airflow_env/lib/python3.11/site-packages/airflow/example_dags/plugins/workday.py for tasks to queue
[2026-02-24T05:45:56.102+0530] {logging_mixin.py:188} INFO - [2026-02-24T05:45:56.102+0530] {dagbag.py:540} INFO - Filling up the DagBag from /Users/aswin/Documents/data-engineering-practice/ETL_Airflow_DBT/airflow/airflow_env/lib/python3.11/site-packages/airflow/example_dags/plugins/workday.py
[2026-02-24T05:45:56.102+0530] {logging_mixin.py:188} INFO - [2026-02-24T05:45:56.102+0530] {workday.py:41} WARNING - Could not import pandas. Holidays will not be considered.
[2026-02-24T05:45:56.102+0530] {processor.py:842} WARNING - No viable dags retrieved from /Users/aswin/Documents/data-engineering-practice/ETL_Airflow_DBT/airflow/airflow_env/lib/python3.11/site-packages/airflow/example_dags/plugins/workday.py
[2026-02-24T05:45:56.127+0530] {processor.py:183} INFO - Processing /Users/aswin/Documents/data-engineering-practice/ETL_Airflow_DBT/airflow/airflow_env/lib/python3.11/site-packages/airflow/example_dags/plugins/workday.py took 0.028 seconds
[2026-02-24T05:46:41.373+0530] {processor.py:161} INFO - Started process (PID=48044) to work on /Users/aswin/Documents/data-engineering-practice/ETL_Airflow_DBT/airflow/airflow_env/lib/python3.11/site-packages/airflow/example_dags/plugins/workday.py
[2026-02-24T05:46:41.374+0530] {processor.py:830} INFO - Processing file /Users/aswin/Documents/data-engineering-practice/ETL_Airflow_DBT/airflow/airflow_env/lib/python3.11/site-packages/airflow/example_dags/plugins/workday.py for tasks to queue
[2026-02-24T05:46:41.374+0530] {logging_mixin.py:188} INFO - [2026-02-24T05:46:41.374+0530] {dagbag.py:540} INFO - Filling up the DagBag from /Users/aswin/Documents/data-engineering-practice/ETL_Airflow_DBT/airflow/airflow_env/lib/python3.11/site-packages/airflow/example_dags/plugins/workday.py
[2026-02-24T05:46:41.375+0530] {logging_mixin.py:188} INFO - [2026-02-24T05:46:41.375+0530] {workday.py:41} WARNING - Could not import pandas. Holidays will not be considered.
[2026-02-24T05:46:41.375+0530] {processor.py:842} WARNING - No viable dags retrieved from /Users/aswin/Documents/data-engineering-practice/ETL_Airflow_DBT/airflow/airflow_env/lib/python3.11/site-packages/airflow/example_dags/plugins/workday.py
[2026-02-24T05:46:41.400+0530] {processor.py:183} INFO - Processing /Users/aswin/Documents/data-engineering-practice/ETL_Airflow_DBT/airflow/airflow_env/lib/python3.11/site-packages/airflow/example_dags/plugins/workday.py took 0.027 seconds
[2026-02-24T05:47:25.863+0530] {processor.py:161} INFO - Started process (PID=48108) to work on /Users/aswin/Documents/data-engineering-practice/ETL_Airflow_DBT/airflow/airflow_env/lib/python3.11/site-packages/airflow/example_dags/plugins/workday.py
[2026-02-24T05:47:25.863+0530] {processor.py:830} INFO - Processing file /Users/aswin/Documents/data-engineering-practice/ETL_Airflow_DBT/airflow/airflow_env/lib/python3.11/site-packages/airflow/example_dags/plugins/workday.py for tasks to queue
[2026-02-24T05:47:25.864+0530] {logging_mixin.py:188} INFO - [2026-02-24T05:47:25.864+0530] {dagbag.py:540} INFO - Filling up the DagBag from /Users/aswin/Documents/data-engineering-practice/ETL_Airflow_DBT/airflow/airflow_env/lib/python3.11/site-packages/airflow/example_dags/plugins/workday.py
[2026-02-24T05:47:25.864+0530] {logging_mixin.py:188} INFO - [2026-02-24T05:47:25.864+0530] {workday.py:41} WARNING - Could not import pandas. Holidays will not be considered.
[2026-02-24T05:47:25.864+0530] {processor.py:842} WARNING - No viable dags retrieved from /Users/aswin/Documents/data-engineering-practice/ETL_Airflow_DBT/airflow/airflow_env/lib/python3.11/site-packages/airflow/example_dags/plugins/workday.py
[2026-02-24T05:47:25.890+0530] {processor.py:183} INFO - Processing /Users/aswin/Documents/data-engineering-practice/ETL_Airflow_DBT/airflow/airflow_env/lib/python3.11/site-packages/airflow/example_dags/plugins/workday.py took 0.028 seconds
[2026-02-24T05:48:10.939+0530] {processor.py:161} INFO - Started process (PID=48151) to work on /Users/aswin/Documents/data-engineering-practice/ETL_Airflow_DBT/airflow/airflow_env/lib/python3.11/site-packages/airflow/example_dags/plugins/workday.py
[2026-02-24T05:48:10.939+0530] {processor.py:830} INFO - Processing file /Users/aswin/Documents/data-engineering-practice/ETL_Airflow_DBT/airflow/airflow_env/lib/python3.11/site-packages/airflow/example_dags/plugins/workday.py for tasks to queue
[2026-02-24T05:48:10.939+0530] {logging_mixin.py:188} INFO - [2026-02-24T05:48:10.939+0530] {dagbag.py:540} INFO - Filling up the DagBag from /Users/aswin/Documents/data-engineering-practice/ETL_Airflow_DBT/airflow/airflow_env/lib/python3.11/site-packages/airflow/example_dags/plugins/workday.py
[2026-02-24T05:48:10.940+0530] {logging_mixin.py:188} INFO - [2026-02-24T05:48:10.940+0530] {workday.py:41} WARNING - Could not import pandas. Holidays will not be considered.
[2026-02-24T05:48:10.940+0530] {processor.py:842} WARNING - No viable dags retrieved from /Users/aswin/Documents/data-engineering-practice/ETL_Airflow_DBT/airflow/airflow_env/lib/python3.11/site-packages/airflow/example_dags/plugins/workday.py
[2026-02-24T05:48:10.965+0530] {processor.py:183} INFO - Processing /Users/aswin/Documents/data-engineering-practice/ETL_Airflow_DBT/airflow/airflow_env/lib/python3.11/site-packages/airflow/example_dags/plugins/workday.py took 0.027 seconds
[2026-02-24T05:48:53.808+0530] {processor.py:161} INFO - Started process (PID=48184) to work on /Users/aswin/Documents/data-engineering-practice/ETL_Airflow_DBT/airflow/airflow_env/lib/python3.11/site-packages/airflow/example_dags/plugins/workday.py
[2026-02-24T05:48:53.808+0530] {processor.py:830} INFO - Processing file /Users/aswin/Documents/data-engineering-practice/ETL_Airflow_DBT/airflow/airflow_env/lib/python3.11/site-packages/airflow/example_dags/plugins/workday.py for tasks to queue
[2026-02-24T05:48:53.808+0530] {logging_mixin.py:188} INFO - [2026-02-24T05:48:53.808+0530] {dagbag.py:540} INFO - Filling up the DagBag from /Users/aswin/Documents/data-engineering-practice/ETL_Airflow_DBT/airflow/airflow_env/lib/python3.11/site-packages/airflow/example_dags/plugins/workday.py
[2026-02-24T05:48:53.809+0530] {logging_mixin.py:188} INFO - [2026-02-24T05:48:53.809+0530] {workday.py:41} WARNING - Could not import pandas. Holidays will not be considered.
[2026-02-24T05:48:53.809+0530] {processor.py:842} WARNING - No viable dags retrieved from /Users/aswin/Documents/data-engineering-practice/ETL_Airflow_DBT/airflow/airflow_env/lib/python3.11/site-packages/airflow/example_dags/plugins/workday.py
[2026-02-24T05:48:53.833+0530] {processor.py:183} INFO - Processing /Users/aswin/Documents/data-engineering-practice/ETL_Airflow_DBT/airflow/airflow_env/lib/python3.11/site-packages/airflow/example_dags/plugins/workday.py took 0.027 seconds
[2026-02-24T05:49:39.607+0530] {processor.py:161} INFO - Started process (PID=48261) to work on /Users/aswin/Documents/data-engineering-practice/ETL_Airflow_DBT/airflow/airflow_env/lib/python3.11/site-packages/airflow/example_dags/plugins/workday.py
[2026-02-24T05:49:39.608+0530] {processor.py:830} INFO - Processing file /Users/aswin/Documents/data-engineering-practice/ETL_Airflow_DBT/airflow/airflow_env/lib/python3.11/site-packages/airflow/example_dags/plugins/workday.py for tasks to queue
[2026-02-24T05:49:39.608+0530] {logging_mixin.py:188} INFO - [2026-02-24T05:49:39.608+0530] {dagbag.py:540} INFO - Filling up the DagBag from /Users/aswin/Documents/data-engineering-practice/ETL_Airflow_DBT/airflow/airflow_env/lib/python3.11/site-packages/airflow/example_dags/plugins/workday.py
[2026-02-24T05:49:39.609+0530] {logging_mixin.py:188} INFO - [2026-02-24T05:49:39.609+0530] {workday.py:41} WARNING - Could not import pandas. Holidays will not be considered.
[2026-02-24T05:49:39.609+0530] {processor.py:842} WARNING - No viable dags retrieved from /Users/aswin/Documents/data-engineering-practice/ETL_Airflow_DBT/airflow/airflow_env/lib/python3.11/site-packages/airflow/example_dags/plugins/workday.py
[2026-02-24T05:49:39.634+0530] {processor.py:183} INFO - Processing /Users/aswin/Documents/data-engineering-practice/ETL_Airflow_DBT/airflow/airflow_env/lib/python3.11/site-packages/airflow/example_dags/plugins/workday.py took 0.028 seconds
[2026-02-24T05:50:25.717+0530] {processor.py:161} INFO - Started process (PID=48303) to work on /Users/aswin/Documents/data-engineering-practice/ETL_Airflow_DBT/airflow/airflow_env/lib/python3.11/site-packages/airflow/example_dags/plugins/workday.py
[2026-02-24T05:50:25.718+0530] {processor.py:830} INFO - Processing file /Users/aswin/Documents/data-engineering-practice/ETL_Airflow_DBT/airflow/airflow_env/lib/python3.11/site-packages/airflow/example_dags/plugins/workday.py for tasks to queue
[2026-02-24T05:50:25.718+0530] {logging_mixin.py:188} INFO - [2026-02-24T05:50:25.718+0530] {dagbag.py:540} INFO - Filling up the DagBag from /Users/aswin/Documents/data-engineering-practice/ETL_Airflow_DBT/airflow/airflow_env/lib/python3.11/site-packages/airflow/example_dags/plugins/workday.py
[2026-02-24T05:50:25.719+0530] {logging_mixin.py:188} INFO - [2026-02-24T05:50:25.719+0530] {workday.py:41} WARNING - Could not import pandas. Holidays will not be considered.
[2026-02-24T05:50:25.719+0530] {processor.py:842} WARNING - No viable dags retrieved from /Users/aswin/Documents/data-engineering-practice/ETL_Airflow_DBT/airflow/airflow_env/lib/python3.11/site-packages/airflow/example_dags/plugins/workday.py
[2026-02-24T05:50:25.744+0530] {processor.py:183} INFO - Processing /Users/aswin/Documents/data-engineering-practice/ETL_Airflow_DBT/airflow/airflow_env/lib/python3.11/site-packages/airflow/example_dags/plugins/workday.py took 0.028 seconds
[2026-02-24T05:51:10.147+0530] {processor.py:161} INFO - Started process (PID=48343) to work on /Users/aswin/Documents/data-engineering-practice/ETL_Airflow_DBT/airflow/airflow_env/lib/python3.11/site-packages/airflow/example_dags/plugins/workday.py
[2026-02-24T05:51:10.148+0530] {processor.py:830} INFO - Processing file /Users/aswin/Documents/data-engineering-practice/ETL_Airflow_DBT/airflow/airflow_env/lib/python3.11/site-packages/airflow/example_dags/plugins/workday.py for tasks to queue
[2026-02-24T05:51:10.148+0530] {logging_mixin.py:188} INFO - [2026-02-24T05:51:10.148+0530] {dagbag.py:540} INFO - Filling up the DagBag from /Users/aswin/Documents/data-engineering-practice/ETL_Airflow_DBT/airflow/airflow_env/lib/python3.11/site-packages/airflow/example_dags/plugins/workday.py
[2026-02-24T05:51:10.149+0530] {logging_mixin.py:188} INFO - [2026-02-24T05:51:10.149+0530] {workday.py:41} WARNING - Could not import pandas. Holidays will not be considered.
[2026-02-24T05:51:10.149+0530] {processor.py:842} WARNING - No viable dags retrieved from /Users/aswin/Documents/data-engineering-practice/ETL_Airflow_DBT/airflow/airflow_env/lib/python3.11/site-packages/airflow/example_dags/plugins/workday.py
[2026-02-24T05:51:10.174+0530] {processor.py:183} INFO - Processing /Users/aswin/Documents/data-engineering-practice/ETL_Airflow_DBT/airflow/airflow_env/lib/python3.11/site-packages/airflow/example_dags/plugins/workday.py took 0.027 seconds
[2026-02-24T05:51:56.287+0530] {processor.py:161} INFO - Started process (PID=48386) to work on /Users/aswin/Documents/data-engineering-practice/ETL_Airflow_DBT/airflow/airflow_env/lib/python3.11/site-packages/airflow/example_dags/plugins/workday.py
[2026-02-24T05:51:56.288+0530] {processor.py:830} INFO - Processing file /Users/aswin/Documents/data-engineering-practice/ETL_Airflow_DBT/airflow/airflow_env/lib/python3.11/site-packages/airflow/example_dags/plugins/workday.py for tasks to queue
[2026-02-24T05:51:56.288+0530] {logging_mixin.py:188} INFO - [2026-02-24T05:51:56.288+0530] {dagbag.py:540} INFO - Filling up the DagBag from /Users/aswin/Documents/data-engineering-practice/ETL_Airflow_DBT/airflow/airflow_env/lib/python3.11/site-packages/airflow/example_dags/plugins/workday.py
[2026-02-24T05:51:56.289+0530] {logging_mixin.py:188} INFO - [2026-02-24T05:51:56.289+0530] {workday.py:41} WARNING - Could not import pandas. Holidays will not be considered.
[2026-02-24T05:51:56.289+0530] {processor.py:842} WARNING - No viable dags retrieved from /Users/aswin/Documents/data-engineering-practice/ETL_Airflow_DBT/airflow/airflow_env/lib/python3.11/site-packages/airflow/example_dags/plugins/workday.py
[2026-02-24T05:51:56.313+0530] {processor.py:183} INFO - Processing /Users/aswin/Documents/data-engineering-practice/ETL_Airflow_DBT/airflow/airflow_env/lib/python3.11/site-packages/airflow/example_dags/plugins/workday.py took 0.027 seconds
[2026-02-24T05:52:44.076+0530] {processor.py:161} INFO - Started process (PID=48423) to work on /Users/aswin/Documents/data-engineering-practice/ETL_Airflow_DBT/airflow/airflow_env/lib/python3.11/site-packages/airflow/example_dags/plugins/workday.py
[2026-02-24T05:52:44.076+0530] {processor.py:830} INFO - Processing file /Users/aswin/Documents/data-engineering-practice/ETL_Airflow_DBT/airflow/airflow_env/lib/python3.11/site-packages/airflow/example_dags/plugins/workday.py for tasks to queue
[2026-02-24T05:52:44.077+0530] {logging_mixin.py:188} INFO - [2026-02-24T05:52:44.076+0530] {dagbag.py:540} INFO - Filling up the DagBag from /Users/aswin/Documents/data-engineering-practice/ETL_Airflow_DBT/airflow/airflow_env/lib/python3.11/site-packages/airflow/example_dags/plugins/workday.py
[2026-02-24T05:52:44.077+0530] {logging_mixin.py:188} INFO - [2026-02-24T05:52:44.077+0530] {workday.py:41} WARNING - Could not import pandas. Holidays will not be considered.
[2026-02-24T05:52:44.077+0530] {processor.py:842} WARNING - No viable dags retrieved from /Users/aswin/Documents/data-engineering-practice/ETL_Airflow_DBT/airflow/airflow_env/lib/python3.11/site-packages/airflow/example_dags/plugins/workday.py
[2026-02-24T05:52:44.102+0530] {processor.py:183} INFO - Processing /Users/aswin/Documents/data-engineering-practice/ETL_Airflow_DBT/airflow/airflow_env/lib/python3.11/site-packages/airflow/example_dags/plugins/workday.py took 0.027 seconds
[2026-02-24T05:53:30.685+0530] {processor.py:161} INFO - Started process (PID=48476) to work on /Users/aswin/Documents/data-engineering-practice/ETL_Airflow_DBT/airflow/airflow_env/lib/python3.11/site-packages/airflow/example_dags/plugins/workday.py
[2026-02-24T05:53:30.687+0530] {processor.py:830} INFO - Processing file /Users/aswin/Documents/data-engineering-practice/ETL_Airflow_DBT/airflow/airflow_env/lib/python3.11/site-packages/airflow/example_dags/plugins/workday.py for tasks to queue
[2026-02-24T05:53:30.687+0530] {logging_mixin.py:188} INFO - [2026-02-24T05:53:30.687+0530] {dagbag.py:540} INFO - Filling up the DagBag from /Users/aswin/Documents/data-engineering-practice/ETL_Airflow_DBT/airflow/airflow_env/lib/python3.11/site-packages/airflow/example_dags/plugins/workday.py
[2026-02-24T05:53:30.688+0530] {logging_mixin.py:188} INFO - [2026-02-24T05:53:30.688+0530] {workday.py:41} WARNING - Could not import pandas. Holidays will not be considered.
[2026-02-24T05:53:30.688+0530] {processor.py:842} WARNING - No viable dags retrieved from /Users/aswin/Documents/data-engineering-practice/ETL_Airflow_DBT/airflow/airflow_env/lib/python3.11/site-packages/airflow/example_dags/plugins/workday.py
[2026-02-24T05:53:30.712+0530] {processor.py:183} INFO - Processing /Users/aswin/Documents/data-engineering-practice/ETL_Airflow_DBT/airflow/airflow_env/lib/python3.11/site-packages/airflow/example_dags/plugins/workday.py took 0.028 seconds
[2026-02-24T05:54:19.045+0530] {processor.py:161} INFO - Started process (PID=48533) to work on /Users/aswin/Documents/data-engineering-practice/ETL_Airflow_DBT/airflow/airflow_env/lib/python3.11/site-packages/airflow/example_dags/plugins/workday.py
[2026-02-24T05:54:19.045+0530] {processor.py:830} INFO - Processing file /Users/aswin/Documents/data-engineering-practice/ETL_Airflow_DBT/airflow/airflow_env/lib/python3.11/site-packages/airflow/example_dags/plugins/workday.py for tasks to queue
[2026-02-24T05:54:19.045+0530] {logging_mixin.py:188} INFO - [2026-02-24T05:54:19.045+0530] {dagbag.py:540} INFO - Filling up the DagBag from /Users/aswin/Documents/data-engineering-practice/ETL_Airflow_DBT/airflow/airflow_env/lib/python3.11/site-packages/airflow/example_dags/plugins/workday.py
[2026-02-24T05:54:19.046+0530] {logging_mixin.py:188} INFO - [2026-02-24T05:54:19.046+0530] {workday.py:41} WARNING - Could not import pandas. Holidays will not be considered.
[2026-02-24T05:54:19.046+0530] {processor.py:842} WARNING - No viable dags retrieved from /Users/aswin/Documents/data-engineering-practice/ETL_Airflow_DBT/airflow/airflow_env/lib/python3.11/site-packages/airflow/example_dags/plugins/workday.py
[2026-02-24T05:54:19.070+0530] {processor.py:183} INFO - Processing /Users/aswin/Documents/data-engineering-practice/ETL_Airflow_DBT/airflow/airflow_env/lib/python3.11/site-packages/airflow/example_dags/plugins/workday.py took 0.027 seconds
[2026-02-24T05:55:04.107+0530] {processor.py:161} INFO - Started process (PID=48588) to work on /Users/aswin/Documents/data-engineering-practice/ETL_Airflow_DBT/airflow/airflow_env/lib/python3.11/site-packages/airflow/example_dags/plugins/workday.py
[2026-02-24T05:55:04.108+0530] {processor.py:830} INFO - Processing file /Users/aswin/Documents/data-engineering-practice/ETL_Airflow_DBT/airflow/airflow_env/lib/python3.11/site-packages/airflow/example_dags/plugins/workday.py for tasks to queue
[2026-02-24T05:55:04.109+0530] {logging_mixin.py:188} INFO - [2026-02-24T05:55:04.108+0530] {dagbag.py:540} INFO - Filling up the DagBag from /Users/aswin/Documents/data-engineering-practice/ETL_Airflow_DBT/airflow/airflow_env/lib/python3.11/site-packages/airflow/example_dags/plugins/workday.py
[2026-02-24T05:55:04.109+0530] {logging_mixin.py:188} INFO - [2026-02-24T05:55:04.109+0530] {workday.py:41} WARNING - Could not import pandas. Holidays will not be considered.
[2026-02-24T05:55:04.109+0530] {processor.py:842} WARNING - No viable dags retrieved from /Users/aswin/Documents/data-engineering-practice/ETL_Airflow_DBT/airflow/airflow_env/lib/python3.11/site-packages/airflow/example_dags/plugins/workday.py
[2026-02-24T05:55:04.133+0530] {processor.py:183} INFO - Processing /Users/aswin/Documents/data-engineering-practice/ETL_Airflow_DBT/airflow/airflow_env/lib/python3.11/site-packages/airflow/example_dags/plugins/workday.py took 0.027 seconds
[2026-02-24T05:55:52.322+0530] {processor.py:161} INFO - Started process (PID=48641) to work on /Users/aswin/Documents/data-engineering-practice/ETL_Airflow_DBT/airflow/airflow_env/lib/python3.11/site-packages/airflow/example_dags/plugins/workday.py
[2026-02-24T05:55:52.322+0530] {processor.py:830} INFO - Processing file /Users/aswin/Documents/data-engineering-practice/ETL_Airflow_DBT/airflow/airflow_env/lib/python3.11/site-packages/airflow/example_dags/plugins/workday.py for tasks to queue
[2026-02-24T05:55:52.322+0530] {logging_mixin.py:188} INFO - [2026-02-24T05:55:52.322+0530] {dagbag.py:540} INFO - Filling up the DagBag from /Users/aswin/Documents/data-engineering-practice/ETL_Airflow_DBT/airflow/airflow_env/lib/python3.11/site-packages/airflow/example_dags/plugins/workday.py
[2026-02-24T05:55:52.323+0530] {logging_mixin.py:188} INFO - [2026-02-24T05:55:52.323+0530] {workday.py:41} WARNING - Could not import pandas. Holidays will not be considered.
[2026-02-24T05:55:52.323+0530] {processor.py:842} WARNING - No viable dags retrieved from /Users/aswin/Documents/data-engineering-practice/ETL_Airflow_DBT/airflow/airflow_env/lib/python3.11/site-packages/airflow/example_dags/plugins/workday.py
[2026-02-24T05:55:52.348+0530] {processor.py:183} INFO - Processing /Users/aswin/Documents/data-engineering-practice/ETL_Airflow_DBT/airflow/airflow_env/lib/python3.11/site-packages/airflow/example_dags/plugins/workday.py took 0.027 seconds
[2026-02-24T05:56:37.571+0530] {processor.py:161} INFO - Started process (PID=48677) to work on /Users/aswin/Documents/data-engineering-practice/ETL_Airflow_DBT/airflow/airflow_env/lib/python3.11/site-packages/airflow/example_dags/plugins/workday.py
[2026-02-24T05:56:37.572+0530] {processor.py:830} INFO - Processing file /Users/aswin/Documents/data-engineering-practice/ETL_Airflow_DBT/airflow/airflow_env/lib/python3.11/site-packages/airflow/example_dags/plugins/workday.py for tasks to queue
[2026-02-24T05:56:37.572+0530] {logging_mixin.py:188} INFO - [2026-02-24T05:56:37.572+0530] {dagbag.py:540} INFO - Filling up the DagBag from /Users/aswin/Documents/data-engineering-practice/ETL_Airflow_DBT/airflow/airflow_env/lib/python3.11/site-packages/airflow/example_dags/plugins/workday.py
[2026-02-24T05:56:37.573+0530] {logging_mixin.py:188} INFO - [2026-02-24T05:56:37.573+0530] {workday.py:41} WARNING - Could not import pandas. Holidays will not be considered.
[2026-02-24T05:56:37.573+0530] {processor.py:842} WARNING - No viable dags retrieved from /Users/aswin/Documents/data-engineering-practice/ETL_Airflow_DBT/airflow/airflow_env/lib/python3.11/site-packages/airflow/example_dags/plugins/workday.py
[2026-02-24T05:56:37.597+0530] {processor.py:183} INFO - Processing /Users/aswin/Documents/data-engineering-practice/ETL_Airflow_DBT/airflow/airflow_env/lib/python3.11/site-packages/airflow/example_dags/plugins/workday.py took 0.027 seconds
[2026-02-24T05:57:24.737+0530] {processor.py:161} INFO - Started process (PID=48716) to work on /Users/aswin/Documents/data-engineering-practice/ETL_Airflow_DBT/airflow/airflow_env/lib/python3.11/site-packages/airflow/example_dags/plugins/workday.py
[2026-02-24T05:57:24.738+0530] {processor.py:830} INFO - Processing file /Users/aswin/Documents/data-engineering-practice/ETL_Airflow_DBT/airflow/airflow_env/lib/python3.11/site-packages/airflow/example_dags/plugins/workday.py for tasks to queue
[2026-02-24T05:57:24.738+0530] {logging_mixin.py:188} INFO - [2026-02-24T05:57:24.738+0530] {dagbag.py:540} INFO - Filling up the DagBag from /Users/aswin/Documents/data-engineering-practice/ETL_Airflow_DBT/airflow/airflow_env/lib/python3.11/site-packages/airflow/example_dags/plugins/workday.py
[2026-02-24T05:57:24.738+0530] {logging_mixin.py:188} INFO - [2026-02-24T05:57:24.738+0530] {workday.py:41} WARNING - Could not import pandas. Holidays will not be considered.
[2026-02-24T05:57:24.738+0530] {processor.py:842} WARNING - No viable dags retrieved from /Users/aswin/Documents/data-engineering-practice/ETL_Airflow_DBT/airflow/airflow_env/lib/python3.11/site-packages/airflow/example_dags/plugins/workday.py
[2026-02-24T05:57:24.763+0530] {processor.py:183} INFO - Processing /Users/aswin/Documents/data-engineering-practice/ETL_Airflow_DBT/airflow/airflow_env/lib/python3.11/site-packages/airflow/example_dags/plugins/workday.py took 0.027 seconds
[2026-02-24T05:58:12.057+0530] {processor.py:161} INFO - Started process (PID=48763) to work on /Users/aswin/Documents/data-engineering-practice/ETL_Airflow_DBT/airflow/airflow_env/lib/python3.11/site-packages/airflow/example_dags/plugins/workday.py
[2026-02-24T05:58:12.058+0530] {processor.py:830} INFO - Processing file /Users/aswin/Documents/data-engineering-practice/ETL_Airflow_DBT/airflow/airflow_env/lib/python3.11/site-packages/airflow/example_dags/plugins/workday.py for tasks to queue
[2026-02-24T05:58:12.058+0530] {logging_mixin.py:188} INFO - [2026-02-24T05:58:12.058+0530] {dagbag.py:540} INFO - Filling up the DagBag from /Users/aswin/Documents/data-engineering-practice/ETL_Airflow_DBT/airflow/airflow_env/lib/python3.11/site-packages/airflow/example_dags/plugins/workday.py
[2026-02-24T05:58:12.059+0530] {logging_mixin.py:188} INFO - [2026-02-24T05:58:12.059+0530] {workday.py:41} WARNING - Could not import pandas. Holidays will not be considered.
[2026-02-24T05:58:12.059+0530] {processor.py:842} WARNING - No viable dags retrieved from /Users/aswin/Documents/data-engineering-practice/ETL_Airflow_DBT/airflow/airflow_env/lib/python3.11/site-packages/airflow/example_dags/plugins/workday.py
[2026-02-24T05:58:12.083+0530] {processor.py:183} INFO - Processing /Users/aswin/Documents/data-engineering-practice/ETL_Airflow_DBT/airflow/airflow_env/lib/python3.11/site-packages/airflow/example_dags/plugins/workday.py took 0.027 seconds
[2026-02-24T05:58:59.282+0530] {processor.py:161} INFO - Started process (PID=48806) to work on /Users/aswin/Documents/data-engineering-practice/ETL_Airflow_DBT/airflow/airflow_env/lib/python3.11/site-packages/airflow/example_dags/plugins/workday.py
[2026-02-24T05:58:59.283+0530] {processor.py:830} INFO - Processing file /Users/aswin/Documents/data-engineering-practice/ETL_Airflow_DBT/airflow/airflow_env/lib/python3.11/site-packages/airflow/example_dags/plugins/workday.py for tasks to queue
[2026-02-24T05:58:59.283+0530] {logging_mixin.py:188} INFO - [2026-02-24T05:58:59.283+0530] {dagbag.py:540} INFO - Filling up the DagBag from /Users/aswin/Documents/data-engineering-practice/ETL_Airflow_DBT/airflow/airflow_env/lib/python3.11/site-packages/airflow/example_dags/plugins/workday.py
[2026-02-24T05:58:59.284+0530] {logging_mixin.py:188} INFO - [2026-02-24T05:58:59.284+0530] {workday.py:41} WARNING - Could not import pandas. Holidays will not be considered.
[2026-02-24T05:58:59.284+0530] {processor.py:842} WARNING - No viable dags retrieved from /Users/aswin/Documents/data-engineering-practice/ETL_Airflow_DBT/airflow/airflow_env/lib/python3.11/site-packages/airflow/example_dags/plugins/workday.py
[2026-02-24T05:58:59.308+0530] {processor.py:183} INFO - Processing /Users/aswin/Documents/data-engineering-practice/ETL_Airflow_DBT/airflow/airflow_env/lib/python3.11/site-packages/airflow/example_dags/plugins/workday.py took 0.027 seconds
[2026-02-24T05:59:44.847+0530] {processor.py:161} INFO - Started process (PID=48852) to work on /Users/aswin/Documents/data-engineering-practice/ETL_Airflow_DBT/airflow/airflow_env/lib/python3.11/site-packages/airflow/example_dags/plugins/workday.py
[2026-02-24T05:59:44.848+0530] {processor.py:830} INFO - Processing file /Users/aswin/Documents/data-engineering-practice/ETL_Airflow_DBT/airflow/airflow_env/lib/python3.11/site-packages/airflow/example_dags/plugins/workday.py for tasks to queue
[2026-02-24T05:59:44.848+0530] {logging_mixin.py:188} INFO - [2026-02-24T05:59:44.848+0530] {dagbag.py:540} INFO - Filling up the DagBag from /Users/aswin/Documents/data-engineering-practice/ETL_Airflow_DBT/airflow/airflow_env/lib/python3.11/site-packages/airflow/example_dags/plugins/workday.py
[2026-02-24T05:59:44.849+0530] {logging_mixin.py:188} INFO - [2026-02-24T05:59:44.849+0530] {workday.py:41} WARNING - Could not import pandas. Holidays will not be considered.
[2026-02-24T05:59:44.849+0530] {processor.py:842} WARNING - No viable dags retrieved from /Users/aswin/Documents/data-engineering-practice/ETL_Airflow_DBT/airflow/airflow_env/lib/python3.11/site-packages/airflow/example_dags/plugins/workday.py
[2026-02-24T05:59:44.873+0530] {processor.py:183} INFO - Processing /Users/aswin/Documents/data-engineering-practice/ETL_Airflow_DBT/airflow/airflow_env/lib/python3.11/site-packages/airflow/example_dags/plugins/workday.py took 0.027 seconds
[2026-02-24T06:00:31.887+0530] {processor.py:161} INFO - Started process (PID=48918) to work on /Users/aswin/Documents/data-engineering-practice/ETL_Airflow_DBT/airflow/airflow_env/lib/python3.11/site-packages/airflow/example_dags/plugins/workday.py
[2026-02-24T06:00:31.888+0530] {processor.py:830} INFO - Processing file /Users/aswin/Documents/data-engineering-practice/ETL_Airflow_DBT/airflow/airflow_env/lib/python3.11/site-packages/airflow/example_dags/plugins/workday.py for tasks to queue
[2026-02-24T06:00:31.888+0530] {logging_mixin.py:188} INFO - [2026-02-24T06:00:31.888+0530] {dagbag.py:540} INFO - Filling up the DagBag from /Users/aswin/Documents/data-engineering-practice/ETL_Airflow_DBT/airflow/airflow_env/lib/python3.11/site-packages/airflow/example_dags/plugins/workday.py
[2026-02-24T06:00:31.889+0530] {logging_mixin.py:188} INFO - [2026-02-24T06:00:31.889+0530] {workday.py:41} WARNING - Could not import pandas. Holidays will not be considered.
[2026-02-24T06:00:31.889+0530] {processor.py:842} WARNING - No viable dags retrieved from /Users/aswin/Documents/data-engineering-practice/ETL_Airflow_DBT/airflow/airflow_env/lib/python3.11/site-packages/airflow/example_dags/plugins/workday.py
[2026-02-24T06:00:31.914+0530] {processor.py:183} INFO - Processing /Users/aswin/Documents/data-engineering-practice/ETL_Airflow_DBT/airflow/airflow_env/lib/python3.11/site-packages/airflow/example_dags/plugins/workday.py took 0.027 seconds
[2026-02-24T06:01:20.996+0530] {processor.py:161} INFO - Started process (PID=48982) to work on /Users/aswin/Documents/data-engineering-practice/ETL_Airflow_DBT/airflow/airflow_env/lib/python3.11/site-packages/airflow/example_dags/plugins/workday.py
[2026-02-24T06:01:20.997+0530] {processor.py:830} INFO - Processing file /Users/aswin/Documents/data-engineering-practice/ETL_Airflow_DBT/airflow/airflow_env/lib/python3.11/site-packages/airflow/example_dags/plugins/workday.py for tasks to queue
[2026-02-24T06:01:20.997+0530] {logging_mixin.py:188} INFO - [2026-02-24T06:01:20.997+0530] {dagbag.py:540} INFO - Filling up the DagBag from /Users/aswin/Documents/data-engineering-practice/ETL_Airflow_DBT/airflow/airflow_env/lib/python3.11/site-packages/airflow/example_dags/plugins/workday.py
[2026-02-24T06:01:20.998+0530] {logging_mixin.py:188} INFO - [2026-02-24T06:01:20.998+0530] {workday.py:41} WARNING - Could not import pandas. Holidays will not be considered.
[2026-02-24T06:01:20.998+0530] {processor.py:842} WARNING - No viable dags retrieved from /Users/aswin/Documents/data-engineering-practice/ETL_Airflow_DBT/airflow/airflow_env/lib/python3.11/site-packages/airflow/example_dags/plugins/workday.py
[2026-02-24T06:01:21.022+0530] {processor.py:183} INFO - Processing /Users/aswin/Documents/data-engineering-practice/ETL_Airflow_DBT/airflow/airflow_env/lib/python3.11/site-packages/airflow/example_dags/plugins/workday.py took 0.027 seconds
[2026-02-24T06:02:07.945+0530] {processor.py:161} INFO - Started process (PID=49060) to work on /Users/aswin/Documents/data-engineering-practice/ETL_Airflow_DBT/airflow/airflow_env/lib/python3.11/site-packages/airflow/example_dags/plugins/workday.py
[2026-02-24T06:02:07.946+0530] {processor.py:830} INFO - Processing file /Users/aswin/Documents/data-engineering-practice/ETL_Airflow_DBT/airflow/airflow_env/lib/python3.11/site-packages/airflow/example_dags/plugins/workday.py for tasks to queue
[2026-02-24T06:02:07.946+0530] {logging_mixin.py:188} INFO - [2026-02-24T06:02:07.946+0530] {dagbag.py:540} INFO - Filling up the DagBag from /Users/aswin/Documents/data-engineering-practice/ETL_Airflow_DBT/airflow/airflow_env/lib/python3.11/site-packages/airflow/example_dags/plugins/workday.py
[2026-02-24T06:02:07.946+0530] {logging_mixin.py:188} INFO - [2026-02-24T06:02:07.946+0530] {workday.py:41} WARNING - Could not import pandas. Holidays will not be considered.
[2026-02-24T06:02:07.946+0530] {processor.py:842} WARNING - No viable dags retrieved from /Users/aswin/Documents/data-engineering-practice/ETL_Airflow_DBT/airflow/airflow_env/lib/python3.11/site-packages/airflow/example_dags/plugins/workday.py
[2026-02-24T06:02:07.971+0530] {processor.py:183} INFO - Processing /Users/aswin/Documents/data-engineering-practice/ETL_Airflow_DBT/airflow/airflow_env/lib/python3.11/site-packages/airflow/example_dags/plugins/workday.py took 0.027 seconds
[2026-02-24T06:02:52.647+0530] {processor.py:161} INFO - Started process (PID=49114) to work on /Users/aswin/Documents/data-engineering-practice/ETL_Airflow_DBT/airflow/airflow_env/lib/python3.11/site-packages/airflow/example_dags/plugins/workday.py
[2026-02-24T06:02:52.648+0530] {processor.py:830} INFO - Processing file /Users/aswin/Documents/data-engineering-practice/ETL_Airflow_DBT/airflow/airflow_env/lib/python3.11/site-packages/airflow/example_dags/plugins/workday.py for tasks to queue
[2026-02-24T06:02:52.648+0530] {logging_mixin.py:188} INFO - [2026-02-24T06:02:52.648+0530] {dagbag.py:540} INFO - Filling up the DagBag from /Users/aswin/Documents/data-engineering-practice/ETL_Airflow_DBT/airflow/airflow_env/lib/python3.11/site-packages/airflow/example_dags/plugins/workday.py
[2026-02-24T06:02:52.648+0530] {logging_mixin.py:188} INFO - [2026-02-24T06:02:52.648+0530] {workday.py:41} WARNING - Could not import pandas. Holidays will not be considered.
[2026-02-24T06:02:52.649+0530] {processor.py:842} WARNING - No viable dags retrieved from /Users/aswin/Documents/data-engineering-practice/ETL_Airflow_DBT/airflow/airflow_env/lib/python3.11/site-packages/airflow/example_dags/plugins/workday.py
[2026-02-24T06:02:52.673+0530] {processor.py:183} INFO - Processing /Users/aswin/Documents/data-engineering-practice/ETL_Airflow_DBT/airflow/airflow_env/lib/python3.11/site-packages/airflow/example_dags/plugins/workday.py took 0.027 seconds
[2026-02-24T06:03:38.063+0530] {processor.py:161} INFO - Started process (PID=49200) to work on /Users/aswin/Documents/data-engineering-practice/ETL_Airflow_DBT/airflow/airflow_env/lib/python3.11/site-packages/airflow/example_dags/plugins/workday.py
[2026-02-24T06:03:38.063+0530] {processor.py:830} INFO - Processing file /Users/aswin/Documents/data-engineering-practice/ETL_Airflow_DBT/airflow/airflow_env/lib/python3.11/site-packages/airflow/example_dags/plugins/workday.py for tasks to queue
[2026-02-24T06:03:38.063+0530] {logging_mixin.py:188} INFO - [2026-02-24T06:03:38.063+0530] {dagbag.py:540} INFO - Filling up the DagBag from /Users/aswin/Documents/data-engineering-practice/ETL_Airflow_DBT/airflow/airflow_env/lib/python3.11/site-packages/airflow/example_dags/plugins/workday.py
[2026-02-24T06:03:38.064+0530] {logging_mixin.py:188} INFO - [2026-02-24T06:03:38.064+0530] {workday.py:41} WARNING - Could not import pandas. Holidays will not be considered.
[2026-02-24T06:03:38.064+0530] {processor.py:842} WARNING - No viable dags retrieved from /Users/aswin/Documents/data-engineering-practice/ETL_Airflow_DBT/airflow/airflow_env/lib/python3.11/site-packages/airflow/example_dags/plugins/workday.py
[2026-02-24T06:03:38.088+0530] {processor.py:183} INFO - Processing /Users/aswin/Documents/data-engineering-practice/ETL_Airflow_DBT/airflow/airflow_env/lib/python3.11/site-packages/airflow/example_dags/plugins/workday.py took 0.026 seconds
[2026-02-24T06:04:29.807+0530] {processor.py:161} INFO - Started process (PID=49276) to work on /Users/aswin/Documents/data-engineering-practice/ETL_Airflow_DBT/airflow/airflow_env/lib/python3.11/site-packages/airflow/example_dags/plugins/workday.py
[2026-02-24T06:04:29.808+0530] {processor.py:830} INFO - Processing file /Users/aswin/Documents/data-engineering-practice/ETL_Airflow_DBT/airflow/airflow_env/lib/python3.11/site-packages/airflow/example_dags/plugins/workday.py for tasks to queue
[2026-02-24T06:04:29.808+0530] {logging_mixin.py:188} INFO - [2026-02-24T06:04:29.808+0530] {dagbag.py:540} INFO - Filling up the DagBag from /Users/aswin/Documents/data-engineering-practice/ETL_Airflow_DBT/airflow/airflow_env/lib/python3.11/site-packages/airflow/example_dags/plugins/workday.py
[2026-02-24T06:04:29.810+0530] {logging_mixin.py:188} INFO - [2026-02-24T06:04:29.810+0530] {workday.py:41} WARNING - Could not import pandas. Holidays will not be considered.
[2026-02-24T06:04:29.810+0530] {processor.py:842} WARNING - No viable dags retrieved from /Users/aswin/Documents/data-engineering-practice/ETL_Airflow_DBT/airflow/airflow_env/lib/python3.11/site-packages/airflow/example_dags/plugins/workday.py
[2026-02-24T06:04:29.840+0530] {processor.py:183} INFO - Processing /Users/aswin/Documents/data-engineering-practice/ETL_Airflow_DBT/airflow/airflow_env/lib/python3.11/site-packages/airflow/example_dags/plugins/workday.py took 0.034 seconds
[2026-02-24T06:05:16.602+0530] {processor.py:161} INFO - Started process (PID=49349) to work on /Users/aswin/Documents/data-engineering-practice/ETL_Airflow_DBT/airflow/airflow_env/lib/python3.11/site-packages/airflow/example_dags/plugins/workday.py
[2026-02-24T06:05:16.602+0530] {processor.py:830} INFO - Processing file /Users/aswin/Documents/data-engineering-practice/ETL_Airflow_DBT/airflow/airflow_env/lib/python3.11/site-packages/airflow/example_dags/plugins/workday.py for tasks to queue
[2026-02-24T06:05:16.603+0530] {logging_mixin.py:188} INFO - [2026-02-24T06:05:16.603+0530] {dagbag.py:540} INFO - Filling up the DagBag from /Users/aswin/Documents/data-engineering-practice/ETL_Airflow_DBT/airflow/airflow_env/lib/python3.11/site-packages/airflow/example_dags/plugins/workday.py
[2026-02-24T06:05:16.603+0530] {logging_mixin.py:188} INFO - [2026-02-24T06:05:16.603+0530] {workday.py:41} WARNING - Could not import pandas. Holidays will not be considered.
[2026-02-24T06:05:16.603+0530] {processor.py:842} WARNING - No viable dags retrieved from /Users/aswin/Documents/data-engineering-practice/ETL_Airflow_DBT/airflow/airflow_env/lib/python3.11/site-packages/airflow/example_dags/plugins/workday.py
[2026-02-24T06:05:16.628+0530] {processor.py:183} INFO - Processing /Users/aswin/Documents/data-engineering-practice/ETL_Airflow_DBT/airflow/airflow_env/lib/python3.11/site-packages/airflow/example_dags/plugins/workday.py took 0.027 seconds
[2026-02-24T06:06:08.546+0530] {processor.py:161} INFO - Started process (PID=49406) to work on /Users/aswin/Documents/data-engineering-practice/ETL_Airflow_DBT/airflow/airflow_env/lib/python3.11/site-packages/airflow/example_dags/plugins/workday.py
[2026-02-24T06:06:08.547+0530] {processor.py:830} INFO - Processing file /Users/aswin/Documents/data-engineering-practice/ETL_Airflow_DBT/airflow/airflow_env/lib/python3.11/site-packages/airflow/example_dags/plugins/workday.py for tasks to queue
[2026-02-24T06:06:08.547+0530] {logging_mixin.py:188} INFO - [2026-02-24T06:06:08.547+0530] {dagbag.py:540} INFO - Filling up the DagBag from /Users/aswin/Documents/data-engineering-practice/ETL_Airflow_DBT/airflow/airflow_env/lib/python3.11/site-packages/airflow/example_dags/plugins/workday.py
[2026-02-24T06:06:08.548+0530] {logging_mixin.py:188} INFO - [2026-02-24T06:06:08.548+0530] {workday.py:41} WARNING - Could not import pandas. Holidays will not be considered.
[2026-02-24T06:06:08.548+0530] {processor.py:842} WARNING - No viable dags retrieved from /Users/aswin/Documents/data-engineering-practice/ETL_Airflow_DBT/airflow/airflow_env/lib/python3.11/site-packages/airflow/example_dags/plugins/workday.py
[2026-02-24T06:06:08.575+0530] {processor.py:183} INFO - Processing /Users/aswin/Documents/data-engineering-practice/ETL_Airflow_DBT/airflow/airflow_env/lib/python3.11/site-packages/airflow/example_dags/plugins/workday.py took 0.031 seconds
[2026-02-24T06:07:00.235+0530] {processor.py:161} INFO - Started process (PID=49450) to work on /Users/aswin/Documents/data-engineering-practice/ETL_Airflow_DBT/airflow/airflow_env/lib/python3.11/site-packages/airflow/example_dags/plugins/workday.py
[2026-02-24T06:07:00.236+0530] {processor.py:830} INFO - Processing file /Users/aswin/Documents/data-engineering-practice/ETL_Airflow_DBT/airflow/airflow_env/lib/python3.11/site-packages/airflow/example_dags/plugins/workday.py for tasks to queue
[2026-02-24T06:07:00.236+0530] {logging_mixin.py:188} INFO - [2026-02-24T06:07:00.236+0530] {dagbag.py:540} INFO - Filling up the DagBag from /Users/aswin/Documents/data-engineering-practice/ETL_Airflow_DBT/airflow/airflow_env/lib/python3.11/site-packages/airflow/example_dags/plugins/workday.py
[2026-02-24T06:07:00.237+0530] {logging_mixin.py:188} INFO - [2026-02-24T06:07:00.237+0530] {workday.py:41} WARNING - Could not import pandas. Holidays will not be considered.
[2026-02-24T06:07:00.237+0530] {processor.py:842} WARNING - No viable dags retrieved from /Users/aswin/Documents/data-engineering-practice/ETL_Airflow_DBT/airflow/airflow_env/lib/python3.11/site-packages/airflow/example_dags/plugins/workday.py
[2026-02-24T06:07:00.262+0530] {processor.py:183} INFO - Processing /Users/aswin/Documents/data-engineering-practice/ETL_Airflow_DBT/airflow/airflow_env/lib/python3.11/site-packages/airflow/example_dags/plugins/workday.py took 0.028 seconds
[2026-02-24T06:07:45.856+0530] {processor.py:161} INFO - Started process (PID=49484) to work on /Users/aswin/Documents/data-engineering-practice/ETL_Airflow_DBT/airflow/airflow_env/lib/python3.11/site-packages/airflow/example_dags/plugins/workday.py
[2026-02-24T06:07:45.856+0530] {processor.py:830} INFO - Processing file /Users/aswin/Documents/data-engineering-practice/ETL_Airflow_DBT/airflow/airflow_env/lib/python3.11/site-packages/airflow/example_dags/plugins/workday.py for tasks to queue
[2026-02-24T06:07:45.859+0530] {logging_mixin.py:188} INFO - [2026-02-24T06:07:45.859+0530] {dagbag.py:540} INFO - Filling up the DagBag from /Users/aswin/Documents/data-engineering-practice/ETL_Airflow_DBT/airflow/airflow_env/lib/python3.11/site-packages/airflow/example_dags/plugins/workday.py
[2026-02-24T06:07:45.860+0530] {logging_mixin.py:188} INFO - [2026-02-24T06:07:45.860+0530] {workday.py:41} WARNING - Could not import pandas. Holidays will not be considered.
[2026-02-24T06:07:45.860+0530] {processor.py:842} WARNING - No viable dags retrieved from /Users/aswin/Documents/data-engineering-practice/ETL_Airflow_DBT/airflow/airflow_env/lib/python3.11/site-packages/airflow/example_dags/plugins/workday.py
[2026-02-24T06:07:45.886+0530] {processor.py:183} INFO - Processing /Users/aswin/Documents/data-engineering-practice/ETL_Airflow_DBT/airflow/airflow_env/lib/python3.11/site-packages/airflow/example_dags/plugins/workday.py took 0.031 seconds
[2026-02-24T06:08:33.227+0530] {processor.py:161} INFO - Started process (PID=49529) to work on /Users/aswin/Documents/data-engineering-practice/ETL_Airflow_DBT/airflow/airflow_env/lib/python3.11/site-packages/airflow/example_dags/plugins/workday.py
[2026-02-24T06:08:33.228+0530] {processor.py:830} INFO - Processing file /Users/aswin/Documents/data-engineering-practice/ETL_Airflow_DBT/airflow/airflow_env/lib/python3.11/site-packages/airflow/example_dags/plugins/workday.py for tasks to queue
[2026-02-24T06:08:33.229+0530] {logging_mixin.py:188} INFO - [2026-02-24T06:08:33.229+0530] {dagbag.py:540} INFO - Filling up the DagBag from /Users/aswin/Documents/data-engineering-practice/ETL_Airflow_DBT/airflow/airflow_env/lib/python3.11/site-packages/airflow/example_dags/plugins/workday.py
[2026-02-24T06:08:33.229+0530] {logging_mixin.py:188} INFO - [2026-02-24T06:08:33.229+0530] {workday.py:41} WARNING - Could not import pandas. Holidays will not be considered.
[2026-02-24T06:08:33.229+0530] {processor.py:842} WARNING - No viable dags retrieved from /Users/aswin/Documents/data-engineering-practice/ETL_Airflow_DBT/airflow/airflow_env/lib/python3.11/site-packages/airflow/example_dags/plugins/workday.py
[2026-02-24T06:08:33.253+0530] {processor.py:183} INFO - Processing /Users/aswin/Documents/data-engineering-practice/ETL_Airflow_DBT/airflow/airflow_env/lib/python3.11/site-packages/airflow/example_dags/plugins/workday.py took 0.027 seconds
[2026-02-24T06:09:20.404+0530] {processor.py:161} INFO - Started process (PID=49567) to work on /Users/aswin/Documents/data-engineering-practice/ETL_Airflow_DBT/airflow/airflow_env/lib/python3.11/site-packages/airflow/example_dags/plugins/workday.py
[2026-02-24T06:09:20.405+0530] {processor.py:830} INFO - Processing file /Users/aswin/Documents/data-engineering-practice/ETL_Airflow_DBT/airflow/airflow_env/lib/python3.11/site-packages/airflow/example_dags/plugins/workday.py for tasks to queue
[2026-02-24T06:09:20.405+0530] {logging_mixin.py:188} INFO - [2026-02-24T06:09:20.405+0530] {dagbag.py:540} INFO - Filling up the DagBag from /Users/aswin/Documents/data-engineering-practice/ETL_Airflow_DBT/airflow/airflow_env/lib/python3.11/site-packages/airflow/example_dags/plugins/workday.py
[2026-02-24T06:09:20.406+0530] {logging_mixin.py:188} INFO - [2026-02-24T06:09:20.406+0530] {workday.py:41} WARNING - Could not import pandas. Holidays will not be considered.
[2026-02-24T06:09:20.406+0530] {processor.py:842} WARNING - No viable dags retrieved from /Users/aswin/Documents/data-engineering-practice/ETL_Airflow_DBT/airflow/airflow_env/lib/python3.11/site-packages/airflow/example_dags/plugins/workday.py
[2026-02-24T06:09:20.431+0530] {processor.py:183} INFO - Processing /Users/aswin/Documents/data-engineering-practice/ETL_Airflow_DBT/airflow/airflow_env/lib/python3.11/site-packages/airflow/example_dags/plugins/workday.py took 0.028 seconds
[2026-02-24T06:10:05.315+0530] {processor.py:161} INFO - Started process (PID=49601) to work on /Users/aswin/Documents/data-engineering-practice/ETL_Airflow_DBT/airflow/airflow_env/lib/python3.11/site-packages/airflow/example_dags/plugins/workday.py
[2026-02-24T06:10:05.316+0530] {processor.py:830} INFO - Processing file /Users/aswin/Documents/data-engineering-practice/ETL_Airflow_DBT/airflow/airflow_env/lib/python3.11/site-packages/airflow/example_dags/plugins/workday.py for tasks to queue
[2026-02-24T06:10:05.316+0530] {logging_mixin.py:188} INFO - [2026-02-24T06:10:05.316+0530] {dagbag.py:540} INFO - Filling up the DagBag from /Users/aswin/Documents/data-engineering-practice/ETL_Airflow_DBT/airflow/airflow_env/lib/python3.11/site-packages/airflow/example_dags/plugins/workday.py
[2026-02-24T06:10:05.317+0530] {logging_mixin.py:188} INFO - [2026-02-24T06:10:05.317+0530] {workday.py:41} WARNING - Could not import pandas. Holidays will not be considered.
[2026-02-24T06:10:05.317+0530] {processor.py:842} WARNING - No viable dags retrieved from /Users/aswin/Documents/data-engineering-practice/ETL_Airflow_DBT/airflow/airflow_env/lib/python3.11/site-packages/airflow/example_dags/plugins/workday.py
[2026-02-24T06:10:05.342+0530] {processor.py:183} INFO - Processing /Users/aswin/Documents/data-engineering-practice/ETL_Airflow_DBT/airflow/airflow_env/lib/python3.11/site-packages/airflow/example_dags/plugins/workday.py took 0.028 seconds
[2026-02-24T06:10:46.595+0530] {processor.py:161} INFO - Started process (PID=49657) to work on /Users/aswin/Documents/data-engineering-practice/ETL_Airflow_DBT/airflow/airflow_env/lib/python3.11/site-packages/airflow/example_dags/plugins/workday.py
[2026-02-24T06:10:46.596+0530] {processor.py:830} INFO - Processing file /Users/aswin/Documents/data-engineering-practice/ETL_Airflow_DBT/airflow/airflow_env/lib/python3.11/site-packages/airflow/example_dags/plugins/workday.py for tasks to queue
[2026-02-24T06:10:46.597+0530] {logging_mixin.py:188} INFO - [2026-02-24T06:10:46.597+0530] {dagbag.py:540} INFO - Filling up the DagBag from /Users/aswin/Documents/data-engineering-practice/ETL_Airflow_DBT/airflow/airflow_env/lib/python3.11/site-packages/airflow/example_dags/plugins/workday.py
[2026-02-24T06:10:46.597+0530] {logging_mixin.py:188} INFO - [2026-02-24T06:10:46.597+0530] {workday.py:41} WARNING - Could not import pandas. Holidays will not be considered.
[2026-02-24T06:10:46.597+0530] {processor.py:842} WARNING - No viable dags retrieved from /Users/aswin/Documents/data-engineering-practice/ETL_Airflow_DBT/airflow/airflow_env/lib/python3.11/site-packages/airflow/example_dags/plugins/workday.py
[2026-02-24T06:10:46.622+0530] {processor.py:183} INFO - Processing /Users/aswin/Documents/data-engineering-practice/ETL_Airflow_DBT/airflow/airflow_env/lib/python3.11/site-packages/airflow/example_dags/plugins/workday.py took 0.027 seconds
[2026-02-24T06:11:27.532+0530] {processor.py:161} INFO - Started process (PID=49692) to work on /Users/aswin/Documents/data-engineering-practice/ETL_Airflow_DBT/airflow/airflow_env/lib/python3.11/site-packages/airflow/example_dags/plugins/workday.py
[2026-02-24T06:11:27.532+0530] {processor.py:830} INFO - Processing file /Users/aswin/Documents/data-engineering-practice/ETL_Airflow_DBT/airflow/airflow_env/lib/python3.11/site-packages/airflow/example_dags/plugins/workday.py for tasks to queue
[2026-02-24T06:11:27.532+0530] {logging_mixin.py:188} INFO - [2026-02-24T06:11:27.532+0530] {dagbag.py:540} INFO - Filling up the DagBag from /Users/aswin/Documents/data-engineering-practice/ETL_Airflow_DBT/airflow/airflow_env/lib/python3.11/site-packages/airflow/example_dags/plugins/workday.py
[2026-02-24T06:11:27.533+0530] {logging_mixin.py:188} INFO - [2026-02-24T06:11:27.533+0530] {workday.py:41} WARNING - Could not import pandas. Holidays will not be considered.
[2026-02-24T06:11:27.533+0530] {processor.py:842} WARNING - No viable dags retrieved from /Users/aswin/Documents/data-engineering-practice/ETL_Airflow_DBT/airflow/airflow_env/lib/python3.11/site-packages/airflow/example_dags/plugins/workday.py
[2026-02-24T06:11:27.559+0530] {processor.py:183} INFO - Processing /Users/aswin/Documents/data-engineering-practice/ETL_Airflow_DBT/airflow/airflow_env/lib/python3.11/site-packages/airflow/example_dags/plugins/workday.py took 0.028 seconds
[2026-02-24T06:12:13.024+0530] {processor.py:161} INFO - Started process (PID=49727) to work on /Users/aswin/Documents/data-engineering-practice/ETL_Airflow_DBT/airflow/airflow_env/lib/python3.11/site-packages/airflow/example_dags/plugins/workday.py
[2026-02-24T06:12:13.025+0530] {processor.py:830} INFO - Processing file /Users/aswin/Documents/data-engineering-practice/ETL_Airflow_DBT/airflow/airflow_env/lib/python3.11/site-packages/airflow/example_dags/plugins/workday.py for tasks to queue
[2026-02-24T06:12:13.025+0530] {logging_mixin.py:188} INFO - [2026-02-24T06:12:13.025+0530] {dagbag.py:540} INFO - Filling up the DagBag from /Users/aswin/Documents/data-engineering-practice/ETL_Airflow_DBT/airflow/airflow_env/lib/python3.11/site-packages/airflow/example_dags/plugins/workday.py
[2026-02-24T06:12:13.026+0530] {logging_mixin.py:188} INFO - [2026-02-24T06:12:13.026+0530] {workday.py:41} WARNING - Could not import pandas. Holidays will not be considered.
[2026-02-24T06:12:13.026+0530] {processor.py:842} WARNING - No viable dags retrieved from /Users/aswin/Documents/data-engineering-practice/ETL_Airflow_DBT/airflow/airflow_env/lib/python3.11/site-packages/airflow/example_dags/plugins/workday.py
[2026-02-24T06:12:13.050+0530] {processor.py:183} INFO - Processing /Users/aswin/Documents/data-engineering-practice/ETL_Airflow_DBT/airflow/airflow_env/lib/python3.11/site-packages/airflow/example_dags/plugins/workday.py took 0.028 seconds
[2026-02-24T06:13:02.745+0530] {processor.py:161} INFO - Started process (PID=49761) to work on /Users/aswin/Documents/data-engineering-practice/ETL_Airflow_DBT/airflow/airflow_env/lib/python3.11/site-packages/airflow/example_dags/plugins/workday.py
[2026-02-24T06:13:02.745+0530] {processor.py:830} INFO - Processing file /Users/aswin/Documents/data-engineering-practice/ETL_Airflow_DBT/airflow/airflow_env/lib/python3.11/site-packages/airflow/example_dags/plugins/workday.py for tasks to queue
[2026-02-24T06:13:02.745+0530] {logging_mixin.py:188} INFO - [2026-02-24T06:13:02.745+0530] {dagbag.py:540} INFO - Filling up the DagBag from /Users/aswin/Documents/data-engineering-practice/ETL_Airflow_DBT/airflow/airflow_env/lib/python3.11/site-packages/airflow/example_dags/plugins/workday.py
[2026-02-24T06:13:02.746+0530] {logging_mixin.py:188} INFO - [2026-02-24T06:13:02.746+0530] {workday.py:41} WARNING - Could not import pandas. Holidays will not be considered.
[2026-02-24T06:13:02.746+0530] {processor.py:842} WARNING - No viable dags retrieved from /Users/aswin/Documents/data-engineering-practice/ETL_Airflow_DBT/airflow/airflow_env/lib/python3.11/site-packages/airflow/example_dags/plugins/workday.py
[2026-02-24T06:13:02.773+0530] {processor.py:183} INFO - Processing /Users/aswin/Documents/data-engineering-practice/ETL_Airflow_DBT/airflow/airflow_env/lib/python3.11/site-packages/airflow/example_dags/plugins/workday.py took 0.029 seconds
[2026-02-24T06:13:53.860+0530] {processor.py:161} INFO - Started process (PID=49800) to work on /Users/aswin/Documents/data-engineering-practice/ETL_Airflow_DBT/airflow/airflow_env/lib/python3.11/site-packages/airflow/example_dags/plugins/workday.py
[2026-02-24T06:13:53.860+0530] {processor.py:830} INFO - Processing file /Users/aswin/Documents/data-engineering-practice/ETL_Airflow_DBT/airflow/airflow_env/lib/python3.11/site-packages/airflow/example_dags/plugins/workday.py for tasks to queue
[2026-02-24T06:13:53.861+0530] {logging_mixin.py:188} INFO - [2026-02-24T06:13:53.860+0530] {dagbag.py:540} INFO - Filling up the DagBag from /Users/aswin/Documents/data-engineering-practice/ETL_Airflow_DBT/airflow/airflow_env/lib/python3.11/site-packages/airflow/example_dags/plugins/workday.py
[2026-02-24T06:13:53.861+0530] {logging_mixin.py:188} INFO - [2026-02-24T06:13:53.861+0530] {workday.py:41} WARNING - Could not import pandas. Holidays will not be considered.
[2026-02-24T06:13:53.861+0530] {processor.py:842} WARNING - No viable dags retrieved from /Users/aswin/Documents/data-engineering-practice/ETL_Airflow_DBT/airflow/airflow_env/lib/python3.11/site-packages/airflow/example_dags/plugins/workday.py
[2026-02-24T06:13:53.885+0530] {processor.py:183} INFO - Processing /Users/aswin/Documents/data-engineering-practice/ETL_Airflow_DBT/airflow/airflow_env/lib/python3.11/site-packages/airflow/example_dags/plugins/workday.py took 0.026 seconds
[2026-02-24T06:14:41.845+0530] {processor.py:161} INFO - Started process (PID=49838) to work on /Users/aswin/Documents/data-engineering-practice/ETL_Airflow_DBT/airflow/airflow_env/lib/python3.11/site-packages/airflow/example_dags/plugins/workday.py
[2026-02-24T06:14:41.845+0530] {processor.py:830} INFO - Processing file /Users/aswin/Documents/data-engineering-practice/ETL_Airflow_DBT/airflow/airflow_env/lib/python3.11/site-packages/airflow/example_dags/plugins/workday.py for tasks to queue
[2026-02-24T06:14:41.845+0530] {logging_mixin.py:188} INFO - [2026-02-24T06:14:41.845+0530] {dagbag.py:540} INFO - Filling up the DagBag from /Users/aswin/Documents/data-engineering-practice/ETL_Airflow_DBT/airflow/airflow_env/lib/python3.11/site-packages/airflow/example_dags/plugins/workday.py
[2026-02-24T06:14:41.846+0530] {logging_mixin.py:188} INFO - [2026-02-24T06:14:41.846+0530] {workday.py:41} WARNING - Could not import pandas. Holidays will not be considered.
[2026-02-24T06:14:41.846+0530] {processor.py:842} WARNING - No viable dags retrieved from /Users/aswin/Documents/data-engineering-practice/ETL_Airflow_DBT/airflow/airflow_env/lib/python3.11/site-packages/airflow/example_dags/plugins/workday.py
[2026-02-24T06:14:41.870+0530] {processor.py:183} INFO - Processing /Users/aswin/Documents/data-engineering-practice/ETL_Airflow_DBT/airflow/airflow_env/lib/python3.11/site-packages/airflow/example_dags/plugins/workday.py took 0.026 seconds
[2026-02-24T06:15:29.026+0530] {processor.py:161} INFO - Started process (PID=49873) to work on /Users/aswin/Documents/data-engineering-practice/ETL_Airflow_DBT/airflow/airflow_env/lib/python3.11/site-packages/airflow/example_dags/plugins/workday.py
[2026-02-24T06:15:29.026+0530] {processor.py:830} INFO - Processing file /Users/aswin/Documents/data-engineering-practice/ETL_Airflow_DBT/airflow/airflow_env/lib/python3.11/site-packages/airflow/example_dags/plugins/workday.py for tasks to queue
[2026-02-24T06:15:29.026+0530] {logging_mixin.py:188} INFO - [2026-02-24T06:15:29.026+0530] {dagbag.py:540} INFO - Filling up the DagBag from /Users/aswin/Documents/data-engineering-practice/ETL_Airflow_DBT/airflow/airflow_env/lib/python3.11/site-packages/airflow/example_dags/plugins/workday.py
[2026-02-24T06:15:29.027+0530] {logging_mixin.py:188} INFO - [2026-02-24T06:15:29.027+0530] {workday.py:41} WARNING - Could not import pandas. Holidays will not be considered.
[2026-02-24T06:15:29.027+0530] {processor.py:842} WARNING - No viable dags retrieved from /Users/aswin/Documents/data-engineering-practice/ETL_Airflow_DBT/airflow/airflow_env/lib/python3.11/site-packages/airflow/example_dags/plugins/workday.py
[2026-02-24T06:15:29.053+0530] {processor.py:183} INFO - Processing /Users/aswin/Documents/data-engineering-practice/ETL_Airflow_DBT/airflow/airflow_env/lib/python3.11/site-packages/airflow/example_dags/plugins/workday.py took 0.029 seconds
[2026-02-24T06:16:16.259+0530] {processor.py:161} INFO - Started process (PID=49924) to work on /Users/aswin/Documents/data-engineering-practice/ETL_Airflow_DBT/airflow/airflow_env/lib/python3.11/site-packages/airflow/example_dags/plugins/workday.py
[2026-02-24T06:16:16.260+0530] {processor.py:830} INFO - Processing file /Users/aswin/Documents/data-engineering-practice/ETL_Airflow_DBT/airflow/airflow_env/lib/python3.11/site-packages/airflow/example_dags/plugins/workday.py for tasks to queue
[2026-02-24T06:16:16.260+0530] {logging_mixin.py:188} INFO - [2026-02-24T06:16:16.260+0530] {dagbag.py:540} INFO - Filling up the DagBag from /Users/aswin/Documents/data-engineering-practice/ETL_Airflow_DBT/airflow/airflow_env/lib/python3.11/site-packages/airflow/example_dags/plugins/workday.py
[2026-02-24T06:16:16.261+0530] {logging_mixin.py:188} INFO - [2026-02-24T06:16:16.261+0530] {workday.py:41} WARNING - Could not import pandas. Holidays will not be considered.
[2026-02-24T06:16:16.261+0530] {processor.py:842} WARNING - No viable dags retrieved from /Users/aswin/Documents/data-engineering-practice/ETL_Airflow_DBT/airflow/airflow_env/lib/python3.11/site-packages/airflow/example_dags/plugins/workday.py
[2026-02-24T06:16:16.286+0530] {processor.py:183} INFO - Processing /Users/aswin/Documents/data-engineering-practice/ETL_Airflow_DBT/airflow/airflow_env/lib/python3.11/site-packages/airflow/example_dags/plugins/workday.py took 0.028 seconds
[2026-02-24T06:17:01.723+0530] {processor.py:161} INFO - Started process (PID=49978) to work on /Users/aswin/Documents/data-engineering-practice/ETL_Airflow_DBT/airflow/airflow_env/lib/python3.11/site-packages/airflow/example_dags/plugins/workday.py
[2026-02-24T06:17:01.724+0530] {processor.py:830} INFO - Processing file /Users/aswin/Documents/data-engineering-practice/ETL_Airflow_DBT/airflow/airflow_env/lib/python3.11/site-packages/airflow/example_dags/plugins/workday.py for tasks to queue
[2026-02-24T06:17:01.724+0530] {logging_mixin.py:188} INFO - [2026-02-24T06:17:01.724+0530] {dagbag.py:540} INFO - Filling up the DagBag from /Users/aswin/Documents/data-engineering-practice/ETL_Airflow_DBT/airflow/airflow_env/lib/python3.11/site-packages/airflow/example_dags/plugins/workday.py
[2026-02-24T06:17:01.725+0530] {logging_mixin.py:188} INFO - [2026-02-24T06:17:01.725+0530] {workday.py:41} WARNING - Could not import pandas. Holidays will not be considered.
[2026-02-24T06:17:01.725+0530] {processor.py:842} WARNING - No viable dags retrieved from /Users/aswin/Documents/data-engineering-practice/ETL_Airflow_DBT/airflow/airflow_env/lib/python3.11/site-packages/airflow/example_dags/plugins/workday.py
[2026-02-24T06:17:01.751+0530] {processor.py:183} INFO - Processing /Users/aswin/Documents/data-engineering-practice/ETL_Airflow_DBT/airflow/airflow_env/lib/python3.11/site-packages/airflow/example_dags/plugins/workday.py took 0.028 seconds
[2026-02-24T06:17:50.657+0530] {processor.py:161} INFO - Started process (PID=50025) to work on /Users/aswin/Documents/data-engineering-practice/ETL_Airflow_DBT/airflow/airflow_env/lib/python3.11/site-packages/airflow/example_dags/plugins/workday.py
[2026-02-24T06:17:50.657+0530] {processor.py:830} INFO - Processing file /Users/aswin/Documents/data-engineering-practice/ETL_Airflow_DBT/airflow/airflow_env/lib/python3.11/site-packages/airflow/example_dags/plugins/workday.py for tasks to queue
[2026-02-24T06:17:50.658+0530] {logging_mixin.py:188} INFO - [2026-02-24T06:17:50.658+0530] {dagbag.py:540} INFO - Filling up the DagBag from /Users/aswin/Documents/data-engineering-practice/ETL_Airflow_DBT/airflow/airflow_env/lib/python3.11/site-packages/airflow/example_dags/plugins/workday.py
[2026-02-24T06:17:50.658+0530] {logging_mixin.py:188} INFO - [2026-02-24T06:17:50.658+0530] {workday.py:41} WARNING - Could not import pandas. Holidays will not be considered.
[2026-02-24T06:17:50.658+0530] {processor.py:842} WARNING - No viable dags retrieved from /Users/aswin/Documents/data-engineering-practice/ETL_Airflow_DBT/airflow/airflow_env/lib/python3.11/site-packages/airflow/example_dags/plugins/workday.py
[2026-02-24T06:17:50.686+0530] {processor.py:183} INFO - Processing /Users/aswin/Documents/data-engineering-practice/ETL_Airflow_DBT/airflow/airflow_env/lib/python3.11/site-packages/airflow/example_dags/plugins/workday.py took 0.030 seconds
