[2026-03-29T05:31:33.369+0530] {processor.py:161} INFO - Started process (PID=57984) to work on /Users/aswin/Documents/data-engineering-practice/ETL_Airflow_DBT/airflow/airflow_env/lib/python3.11/site-packages/airflow/example_dags/example_branch_datetime_operator.py
[2026-03-29T05:31:33.369+0530] {processor.py:830} INFO - Processing file /Users/aswin/Documents/data-engineering-practice/ETL_Airflow_DBT/airflow/airflow_env/lib/python3.11/site-packages/airflow/example_dags/example_branch_datetime_operator.py for tasks to queue
[2026-03-29T05:31:33.369+0530] {logging_mixin.py:188} INFO - [2026-03-29T05:31:33.369+0530] {dagbag.py:540} INFO - Filling up the DagBag from /Users/aswin/Documents/data-engineering-practice/ETL_Airflow_DBT/airflow/airflow_env/lib/python3.11/site-packages/airflow/example_dags/example_branch_datetime_operator.py
[2026-03-29T05:31:33.374+0530] {processor.py:840} INFO - DAG(s) 'example_branch_datetime_operator_2', 'example_branch_datetime_operator_3', 'example_branch_datetime_operator' retrieved from /Users/aswin/Documents/data-engineering-practice/ETL_Airflow_DBT/airflow/airflow_env/lib/python3.11/site-packages/airflow/example_dags/example_branch_datetime_operator.py
[2026-03-29T05:31:33.430+0530] {logging_mixin.py:188} INFO - [2026-03-29T05:31:33.430+0530] {override.py:1829} INFO - Created Permission View: can read on DAG:example_branch_datetime_operator_2
[2026-03-29T05:31:33.433+0530] {logging_mixin.py:188} INFO - [2026-03-29T05:31:33.433+0530] {override.py:1829} INFO - Created Permission View: can delete on DAG:example_branch_datetime_operator_2
[2026-03-29T05:31:33.435+0530] {logging_mixin.py:188} INFO - [2026-03-29T05:31:33.435+0530] {override.py:1829} INFO - Created Permission View: can edit on DAG:example_branch_datetime_operator_2
[2026-03-29T05:31:33.438+0530] {logging_mixin.py:188} INFO - [2026-03-29T05:31:33.438+0530] {override.py:1829} INFO - Created Permission View: can read on DAG:example_branch_datetime_operator_3
[2026-03-29T05:31:33.440+0530] {logging_mixin.py:188} INFO - [2026-03-29T05:31:33.440+0530] {override.py:1829} INFO - Created Permission View: can delete on DAG:example_branch_datetime_operator_3
[2026-03-29T05:31:33.442+0530] {logging_mixin.py:188} INFO - [2026-03-29T05:31:33.441+0530] {override.py:1829} INFO - Created Permission View: can edit on DAG:example_branch_datetime_operator_3
[2026-03-29T05:31:33.445+0530] {logging_mixin.py:188} INFO - [2026-03-29T05:31:33.445+0530] {override.py:1829} INFO - Created Permission View: can read on DAG:example_branch_datetime_operator
[2026-03-29T05:31:33.446+0530] {logging_mixin.py:188} INFO - [2026-03-29T05:31:33.446+0530] {override.py:1829} INFO - Created Permission View: can delete on DAG:example_branch_datetime_operator
[2026-03-29T05:31:33.448+0530] {logging_mixin.py:188} INFO - [2026-03-29T05:31:33.448+0530] {override.py:1829} INFO - Created Permission View: can edit on DAG:example_branch_datetime_operator
[2026-03-29T05:31:33.448+0530] {logging_mixin.py:188} INFO - [2026-03-29T05:31:33.448+0530] {dag.py:3096} INFO - Sync 3 DAGs
[2026-03-29T05:31:33.451+0530] {logging_mixin.py:188} INFO - [2026-03-29T05:31:33.451+0530] {dag.py:3118} INFO - Creating ORM DAG for example_branch_datetime_operator_2
[2026-03-29T05:31:33.451+0530] {logging_mixin.py:188} INFO - [2026-03-29T05:31:33.451+0530] {dag.py:3118} INFO - Creating ORM DAG for example_branch_datetime_operator
[2026-03-29T05:31:33.451+0530] {logging_mixin.py:188} INFO - [2026-03-29T05:31:33.451+0530] {dag.py:3118} INFO - Creating ORM DAG for example_branch_datetime_operator_3
[2026-03-29T05:31:33.454+0530] {logging_mixin.py:188} INFO - [2026-03-29T05:31:33.454+0530] {dag.py:3954} INFO - Setting next_dagrun for example_branch_datetime_operator to 2026-03-28 00:00:00+00:00, run_after=2026-03-29 00:00:00+00:00
[2026-03-29T05:31:33.454+0530] {logging_mixin.py:188} INFO - [2026-03-29T05:31:33.454+0530] {dag.py:3954} INFO - Setting next_dagrun for example_branch_datetime_operator_2 to 2026-03-28 00:00:00+00:00, run_after=2026-03-29 00:00:00+00:00
[2026-03-29T05:31:33.455+0530] {logging_mixin.py:188} INFO - [2026-03-29T05:31:33.455+0530] {dag.py:3954} INFO - Setting next_dagrun for example_branch_datetime_operator_3 to 2026-03-28 00:00:00+00:00, run_after=2026-03-29 00:00:00+00:00
[2026-03-29T05:31:33.481+0530] {processor.py:183} INFO - Processing /Users/aswin/Documents/data-engineering-practice/ETL_Airflow_DBT/airflow/airflow_env/lib/python3.11/site-packages/airflow/example_dags/example_branch_datetime_operator.py took 0.113 seconds
