[2026-03-11T05:31:08.011+0530] {processor.py:161} INFO - Started process (PID=35146) to work on /Users/aswin/Documents/data-engineering-practice/ETL_Airflow_DBT/airflow/airflow_env/lib/python3.11/site-packages/airflow/example_dags/example_branch_operator.py
[2026-03-11T05:31:08.011+0530] {processor.py:830} INFO - Processing file /Users/aswin/Documents/data-engineering-practice/ETL_Airflow_DBT/airflow/airflow_env/lib/python3.11/site-packages/airflow/example_dags/example_branch_operator.py for tasks to queue
[2026-03-11T05:31:08.012+0530] {logging_mixin.py:188} INFO - [2026-03-11T05:31:08.011+0530] {dagbag.py:540} INFO - Filling up the DagBag from /Users/aswin/Documents/data-engineering-practice/ETL_Airflow_DBT/airflow/airflow_env/lib/python3.11/site-packages/airflow/example_dags/example_branch_operator.py
[2026-03-11T05:31:08.019+0530] {processor.py:842} WARNING - No viable dags retrieved from /Users/aswin/Documents/data-engineering-practice/ETL_Airflow_DBT/airflow/airflow_env/lib/python3.11/site-packages/airflow/example_dags/example_branch_operator.py
[2026-03-11T05:31:08.043+0530] {processor.py:183} INFO - Processing /Users/aswin/Documents/data-engineering-practice/ETL_Airflow_DBT/airflow/airflow_env/lib/python3.11/site-packages/airflow/example_dags/example_branch_operator.py took 0.033 seconds
[2026-03-11T05:32:41.129+0530] {processor.py:161} INFO - Started process (PID=35221) to work on /Users/aswin/Documents/data-engineering-practice/ETL_Airflow_DBT/airflow/airflow_env/lib/python3.11/site-packages/airflow/example_dags/example_branch_operator.py
[2026-03-11T05:32:41.130+0530] {processor.py:830} INFO - Processing file /Users/aswin/Documents/data-engineering-practice/ETL_Airflow_DBT/airflow/airflow_env/lib/python3.11/site-packages/airflow/example_dags/example_branch_operator.py for tasks to queue
[2026-03-11T05:32:41.131+0530] {logging_mixin.py:188} INFO - [2026-03-11T05:32:41.131+0530] {dagbag.py:540} INFO - Filling up the DagBag from /Users/aswin/Documents/data-engineering-practice/ETL_Airflow_DBT/airflow/airflow_env/lib/python3.11/site-packages/airflow/example_dags/example_branch_operator.py
[2026-03-11T05:32:41.139+0530] {processor.py:842} WARNING - No viable dags retrieved from /Users/aswin/Documents/data-engineering-practice/ETL_Airflow_DBT/airflow/airflow_env/lib/python3.11/site-packages/airflow/example_dags/example_branch_operator.py
[2026-03-11T05:32:41.164+0530] {processor.py:183} INFO - Processing /Users/aswin/Documents/data-engineering-practice/ETL_Airflow_DBT/airflow/airflow_env/lib/python3.11/site-packages/airflow/example_dags/example_branch_operator.py took 0.036 seconds
[2026-03-11T05:34:14.004+0530] {processor.py:161} INFO - Started process (PID=35297) to work on /Users/aswin/Documents/data-engineering-practice/ETL_Airflow_DBT/airflow/airflow_env/lib/python3.11/site-packages/airflow/example_dags/example_branch_operator.py
[2026-03-11T05:34:14.004+0530] {processor.py:830} INFO - Processing file /Users/aswin/Documents/data-engineering-practice/ETL_Airflow_DBT/airflow/airflow_env/lib/python3.11/site-packages/airflow/example_dags/example_branch_operator.py for tasks to queue
[2026-03-11T05:34:14.004+0530] {logging_mixin.py:188} INFO - [2026-03-11T05:34:14.004+0530] {dagbag.py:540} INFO - Filling up the DagBag from /Users/aswin/Documents/data-engineering-practice/ETL_Airflow_DBT/airflow/airflow_env/lib/python3.11/site-packages/airflow/example_dags/example_branch_operator.py
[2026-03-11T05:34:14.012+0530] {processor.py:842} WARNING - No viable dags retrieved from /Users/aswin/Documents/data-engineering-practice/ETL_Airflow_DBT/airflow/airflow_env/lib/python3.11/site-packages/airflow/example_dags/example_branch_operator.py
[2026-03-11T05:34:14.036+0530] {processor.py:183} INFO - Processing /Users/aswin/Documents/data-engineering-practice/ETL_Airflow_DBT/airflow/airflow_env/lib/python3.11/site-packages/airflow/example_dags/example_branch_operator.py took 0.033 seconds
[2026-03-11T05:35:48.189+0530] {processor.py:161} INFO - Started process (PID=35374) to work on /Users/aswin/Documents/data-engineering-practice/ETL_Airflow_DBT/airflow/airflow_env/lib/python3.11/site-packages/airflow/example_dags/example_branch_operator.py
[2026-03-11T05:35:48.190+0530] {processor.py:830} INFO - Processing file /Users/aswin/Documents/data-engineering-practice/ETL_Airflow_DBT/airflow/airflow_env/lib/python3.11/site-packages/airflow/example_dags/example_branch_operator.py for tasks to queue
[2026-03-11T05:35:48.190+0530] {logging_mixin.py:188} INFO - [2026-03-11T05:35:48.190+0530] {dagbag.py:540} INFO - Filling up the DagBag from /Users/aswin/Documents/data-engineering-practice/ETL_Airflow_DBT/airflow/airflow_env/lib/python3.11/site-packages/airflow/example_dags/example_branch_operator.py
[2026-03-11T05:35:48.198+0530] {processor.py:842} WARNING - No viable dags retrieved from /Users/aswin/Documents/data-engineering-practice/ETL_Airflow_DBT/airflow/airflow_env/lib/python3.11/site-packages/airflow/example_dags/example_branch_operator.py
[2026-03-11T05:35:48.222+0530] {processor.py:183} INFO - Processing /Users/aswin/Documents/data-engineering-practice/ETL_Airflow_DBT/airflow/airflow_env/lib/python3.11/site-packages/airflow/example_dags/example_branch_operator.py took 0.034 seconds
[2026-03-11T05:37:18.795+0530] {processor.py:161} INFO - Started process (PID=35458) to work on /Users/aswin/Documents/data-engineering-practice/ETL_Airflow_DBT/airflow/airflow_env/lib/python3.11/site-packages/airflow/example_dags/example_branch_operator.py
[2026-03-11T05:37:18.795+0530] {processor.py:830} INFO - Processing file /Users/aswin/Documents/data-engineering-practice/ETL_Airflow_DBT/airflow/airflow_env/lib/python3.11/site-packages/airflow/example_dags/example_branch_operator.py for tasks to queue
[2026-03-11T05:37:18.795+0530] {logging_mixin.py:188} INFO - [2026-03-11T05:37:18.795+0530] {dagbag.py:540} INFO - Filling up the DagBag from /Users/aswin/Documents/data-engineering-practice/ETL_Airflow_DBT/airflow/airflow_env/lib/python3.11/site-packages/airflow/example_dags/example_branch_operator.py
[2026-03-11T05:37:18.803+0530] {processor.py:842} WARNING - No viable dags retrieved from /Users/aswin/Documents/data-engineering-practice/ETL_Airflow_DBT/airflow/airflow_env/lib/python3.11/site-packages/airflow/example_dags/example_branch_operator.py
[2026-03-11T05:37:18.828+0530] {processor.py:183} INFO - Processing /Users/aswin/Documents/data-engineering-practice/ETL_Airflow_DBT/airflow/airflow_env/lib/python3.11/site-packages/airflow/example_dags/example_branch_operator.py took 0.034 seconds
[2026-03-11T05:38:53.239+0530] {processor.py:161} INFO - Started process (PID=35536) to work on /Users/aswin/Documents/data-engineering-practice/ETL_Airflow_DBT/airflow/airflow_env/lib/python3.11/site-packages/airflow/example_dags/example_branch_operator.py
[2026-03-11T05:38:53.240+0530] {processor.py:830} INFO - Processing file /Users/aswin/Documents/data-engineering-practice/ETL_Airflow_DBT/airflow/airflow_env/lib/python3.11/site-packages/airflow/example_dags/example_branch_operator.py for tasks to queue
[2026-03-11T05:38:53.241+0530] {logging_mixin.py:188} INFO - [2026-03-11T05:38:53.241+0530] {dagbag.py:540} INFO - Filling up the DagBag from /Users/aswin/Documents/data-engineering-practice/ETL_Airflow_DBT/airflow/airflow_env/lib/python3.11/site-packages/airflow/example_dags/example_branch_operator.py
[2026-03-11T05:38:53.249+0530] {processor.py:842} WARNING - No viable dags retrieved from /Users/aswin/Documents/data-engineering-practice/ETL_Airflow_DBT/airflow/airflow_env/lib/python3.11/site-packages/airflow/example_dags/example_branch_operator.py
[2026-03-11T05:38:53.275+0530] {processor.py:183} INFO - Processing /Users/aswin/Documents/data-engineering-practice/ETL_Airflow_DBT/airflow/airflow_env/lib/python3.11/site-packages/airflow/example_dags/example_branch_operator.py took 0.036 seconds
[2026-03-11T05:40:24.881+0530] {processor.py:161} INFO - Started process (PID=35612) to work on /Users/aswin/Documents/data-engineering-practice/ETL_Airflow_DBT/airflow/airflow_env/lib/python3.11/site-packages/airflow/example_dags/example_branch_operator.py
[2026-03-11T05:40:24.882+0530] {processor.py:830} INFO - Processing file /Users/aswin/Documents/data-engineering-practice/ETL_Airflow_DBT/airflow/airflow_env/lib/python3.11/site-packages/airflow/example_dags/example_branch_operator.py for tasks to queue
[2026-03-11T05:40:24.882+0530] {logging_mixin.py:188} INFO - [2026-03-11T05:40:24.882+0530] {dagbag.py:540} INFO - Filling up the DagBag from /Users/aswin/Documents/data-engineering-practice/ETL_Airflow_DBT/airflow/airflow_env/lib/python3.11/site-packages/airflow/example_dags/example_branch_operator.py
[2026-03-11T05:40:24.891+0530] {processor.py:842} WARNING - No viable dags retrieved from /Users/aswin/Documents/data-engineering-practice/ETL_Airflow_DBT/airflow/airflow_env/lib/python3.11/site-packages/airflow/example_dags/example_branch_operator.py
[2026-03-11T05:40:24.915+0530] {processor.py:183} INFO - Processing /Users/aswin/Documents/data-engineering-practice/ETL_Airflow_DBT/airflow/airflow_env/lib/python3.11/site-packages/airflow/example_dags/example_branch_operator.py took 0.034 seconds
[2026-03-11T05:41:57.310+0530] {processor.py:161} INFO - Started process (PID=35703) to work on /Users/aswin/Documents/data-engineering-practice/ETL_Airflow_DBT/airflow/airflow_env/lib/python3.11/site-packages/airflow/example_dags/example_branch_operator.py
[2026-03-11T05:41:57.311+0530] {processor.py:830} INFO - Processing file /Users/aswin/Documents/data-engineering-practice/ETL_Airflow_DBT/airflow/airflow_env/lib/python3.11/site-packages/airflow/example_dags/example_branch_operator.py for tasks to queue
[2026-03-11T05:41:57.311+0530] {logging_mixin.py:188} INFO - [2026-03-11T05:41:57.311+0530] {dagbag.py:540} INFO - Filling up the DagBag from /Users/aswin/Documents/data-engineering-practice/ETL_Airflow_DBT/airflow/airflow_env/lib/python3.11/site-packages/airflow/example_dags/example_branch_operator.py
[2026-03-11T05:41:57.319+0530] {processor.py:842} WARNING - No viable dags retrieved from /Users/aswin/Documents/data-engineering-practice/ETL_Airflow_DBT/airflow/airflow_env/lib/python3.11/site-packages/airflow/example_dags/example_branch_operator.py
[2026-03-11T05:41:57.343+0530] {processor.py:183} INFO - Processing /Users/aswin/Documents/data-engineering-practice/ETL_Airflow_DBT/airflow/airflow_env/lib/python3.11/site-packages/airflow/example_dags/example_branch_operator.py took 0.034 seconds
[2026-03-11T05:43:33.627+0530] {processor.py:161} INFO - Started process (PID=35867) to work on /Users/aswin/Documents/data-engineering-practice/ETL_Airflow_DBT/airflow/airflow_env/lib/python3.11/site-packages/airflow/example_dags/example_branch_operator.py
[2026-03-11T05:43:33.628+0530] {processor.py:830} INFO - Processing file /Users/aswin/Documents/data-engineering-practice/ETL_Airflow_DBT/airflow/airflow_env/lib/python3.11/site-packages/airflow/example_dags/example_branch_operator.py for tasks to queue
[2026-03-11T05:43:33.629+0530] {logging_mixin.py:188} INFO - [2026-03-11T05:43:33.628+0530] {dagbag.py:540} INFO - Filling up the DagBag from /Users/aswin/Documents/data-engineering-practice/ETL_Airflow_DBT/airflow/airflow_env/lib/python3.11/site-packages/airflow/example_dags/example_branch_operator.py
[2026-03-11T05:43:33.637+0530] {processor.py:842} WARNING - No viable dags retrieved from /Users/aswin/Documents/data-engineering-practice/ETL_Airflow_DBT/airflow/airflow_env/lib/python3.11/site-packages/airflow/example_dags/example_branch_operator.py
[2026-03-11T05:43:33.661+0530] {processor.py:183} INFO - Processing /Users/aswin/Documents/data-engineering-practice/ETL_Airflow_DBT/airflow/airflow_env/lib/python3.11/site-packages/airflow/example_dags/example_branch_operator.py took 0.034 seconds
[2026-03-11T05:45:09.993+0530] {processor.py:161} INFO - Started process (PID=35986) to work on /Users/aswin/Documents/data-engineering-practice/ETL_Airflow_DBT/airflow/airflow_env/lib/python3.11/site-packages/airflow/example_dags/example_branch_operator.py
[2026-03-11T05:45:09.994+0530] {processor.py:830} INFO - Processing file /Users/aswin/Documents/data-engineering-practice/ETL_Airflow_DBT/airflow/airflow_env/lib/python3.11/site-packages/airflow/example_dags/example_branch_operator.py for tasks to queue
[2026-03-11T05:45:09.995+0530] {logging_mixin.py:188} INFO - [2026-03-11T05:45:09.995+0530] {dagbag.py:540} INFO - Filling up the DagBag from /Users/aswin/Documents/data-engineering-practice/ETL_Airflow_DBT/airflow/airflow_env/lib/python3.11/site-packages/airflow/example_dags/example_branch_operator.py
[2026-03-11T05:45:10.003+0530] {processor.py:842} WARNING - No viable dags retrieved from /Users/aswin/Documents/data-engineering-practice/ETL_Airflow_DBT/airflow/airflow_env/lib/python3.11/site-packages/airflow/example_dags/example_branch_operator.py
[2026-03-11T05:45:10.028+0530] {processor.py:183} INFO - Processing /Users/aswin/Documents/data-engineering-practice/ETL_Airflow_DBT/airflow/airflow_env/lib/python3.11/site-packages/airflow/example_dags/example_branch_operator.py took 0.036 seconds
[2026-03-11T05:46:49.187+0530] {processor.py:161} INFO - Started process (PID=36073) to work on /Users/aswin/Documents/data-engineering-practice/ETL_Airflow_DBT/airflow/airflow_env/lib/python3.11/site-packages/airflow/example_dags/example_branch_operator.py
[2026-03-11T05:46:49.187+0530] {processor.py:830} INFO - Processing file /Users/aswin/Documents/data-engineering-practice/ETL_Airflow_DBT/airflow/airflow_env/lib/python3.11/site-packages/airflow/example_dags/example_branch_operator.py for tasks to queue
[2026-03-11T05:46:49.187+0530] {logging_mixin.py:188} INFO - [2026-03-11T05:46:49.187+0530] {dagbag.py:540} INFO - Filling up the DagBag from /Users/aswin/Documents/data-engineering-practice/ETL_Airflow_DBT/airflow/airflow_env/lib/python3.11/site-packages/airflow/example_dags/example_branch_operator.py
[2026-03-11T05:46:49.197+0530] {processor.py:842} WARNING - No viable dags retrieved from /Users/aswin/Documents/data-engineering-practice/ETL_Airflow_DBT/airflow/airflow_env/lib/python3.11/site-packages/airflow/example_dags/example_branch_operator.py
[2026-03-11T05:46:49.223+0530] {processor.py:183} INFO - Processing /Users/aswin/Documents/data-engineering-practice/ETL_Airflow_DBT/airflow/airflow_env/lib/python3.11/site-packages/airflow/example_dags/example_branch_operator.py took 0.038 seconds
[2026-03-11T05:48:19.178+0530] {processor.py:161} INFO - Started process (PID=36145) to work on /Users/aswin/Documents/data-engineering-practice/ETL_Airflow_DBT/airflow/airflow_env/lib/python3.11/site-packages/airflow/example_dags/example_branch_operator.py
[2026-03-11T05:48:19.180+0530] {processor.py:830} INFO - Processing file /Users/aswin/Documents/data-engineering-practice/ETL_Airflow_DBT/airflow/airflow_env/lib/python3.11/site-packages/airflow/example_dags/example_branch_operator.py for tasks to queue
[2026-03-11T05:48:19.180+0530] {logging_mixin.py:188} INFO - [2026-03-11T05:48:19.180+0530] {dagbag.py:540} INFO - Filling up the DagBag from /Users/aswin/Documents/data-engineering-practice/ETL_Airflow_DBT/airflow/airflow_env/lib/python3.11/site-packages/airflow/example_dags/example_branch_operator.py
[2026-03-11T05:48:19.188+0530] {processor.py:842} WARNING - No viable dags retrieved from /Users/aswin/Documents/data-engineering-practice/ETL_Airflow_DBT/airflow/airflow_env/lib/python3.11/site-packages/airflow/example_dags/example_branch_operator.py
[2026-03-11T05:48:19.212+0530] {processor.py:183} INFO - Processing /Users/aswin/Documents/data-engineering-practice/ETL_Airflow_DBT/airflow/airflow_env/lib/python3.11/site-packages/airflow/example_dags/example_branch_operator.py took 0.034 seconds
[2026-03-11T05:49:49.380+0530] {processor.py:161} INFO - Started process (PID=36224) to work on /Users/aswin/Documents/data-engineering-practice/ETL_Airflow_DBT/airflow/airflow_env/lib/python3.11/site-packages/airflow/example_dags/example_branch_operator.py
[2026-03-11T05:49:49.380+0530] {processor.py:830} INFO - Processing file /Users/aswin/Documents/data-engineering-practice/ETL_Airflow_DBT/airflow/airflow_env/lib/python3.11/site-packages/airflow/example_dags/example_branch_operator.py for tasks to queue
[2026-03-11T05:49:49.380+0530] {logging_mixin.py:188} INFO - [2026-03-11T05:49:49.380+0530] {dagbag.py:540} INFO - Filling up the DagBag from /Users/aswin/Documents/data-engineering-practice/ETL_Airflow_DBT/airflow/airflow_env/lib/python3.11/site-packages/airflow/example_dags/example_branch_operator.py
[2026-03-11T05:49:49.388+0530] {processor.py:842} WARNING - No viable dags retrieved from /Users/aswin/Documents/data-engineering-practice/ETL_Airflow_DBT/airflow/airflow_env/lib/python3.11/site-packages/airflow/example_dags/example_branch_operator.py
[2026-03-11T05:49:49.412+0530] {processor.py:183} INFO - Processing /Users/aswin/Documents/data-engineering-practice/ETL_Airflow_DBT/airflow/airflow_env/lib/python3.11/site-packages/airflow/example_dags/example_branch_operator.py took 0.034 seconds
[2026-03-11T05:51:25.132+0530] {processor.py:161} INFO - Started process (PID=36355) to work on /Users/aswin/Documents/data-engineering-practice/ETL_Airflow_DBT/airflow/airflow_env/lib/python3.11/site-packages/airflow/example_dags/example_branch_operator.py
[2026-03-11T05:51:25.132+0530] {processor.py:830} INFO - Processing file /Users/aswin/Documents/data-engineering-practice/ETL_Airflow_DBT/airflow/airflow_env/lib/python3.11/site-packages/airflow/example_dags/example_branch_operator.py for tasks to queue
[2026-03-11T05:51:25.132+0530] {logging_mixin.py:188} INFO - [2026-03-11T05:51:25.132+0530] {dagbag.py:540} INFO - Filling up the DagBag from /Users/aswin/Documents/data-engineering-practice/ETL_Airflow_DBT/airflow/airflow_env/lib/python3.11/site-packages/airflow/example_dags/example_branch_operator.py
[2026-03-11T05:51:25.140+0530] {processor.py:842} WARNING - No viable dags retrieved from /Users/aswin/Documents/data-engineering-practice/ETL_Airflow_DBT/airflow/airflow_env/lib/python3.11/site-packages/airflow/example_dags/example_branch_operator.py
[2026-03-11T05:51:25.165+0530] {processor.py:183} INFO - Processing /Users/aswin/Documents/data-engineering-practice/ETL_Airflow_DBT/airflow/airflow_env/lib/python3.11/site-packages/airflow/example_dags/example_branch_operator.py took 0.034 seconds
[2026-03-11T05:53:01.541+0530] {processor.py:161} INFO - Started process (PID=36484) to work on /Users/aswin/Documents/data-engineering-practice/ETL_Airflow_DBT/airflow/airflow_env/lib/python3.11/site-packages/airflow/example_dags/example_branch_operator.py
[2026-03-11T05:53:01.542+0530] {processor.py:830} INFO - Processing file /Users/aswin/Documents/data-engineering-practice/ETL_Airflow_DBT/airflow/airflow_env/lib/python3.11/site-packages/airflow/example_dags/example_branch_operator.py for tasks to queue
[2026-03-11T05:53:01.542+0530] {logging_mixin.py:188} INFO - [2026-03-11T05:53:01.542+0530] {dagbag.py:540} INFO - Filling up the DagBag from /Users/aswin/Documents/data-engineering-practice/ETL_Airflow_DBT/airflow/airflow_env/lib/python3.11/site-packages/airflow/example_dags/example_branch_operator.py
[2026-03-11T05:53:01.550+0530] {processor.py:842} WARNING - No viable dags retrieved from /Users/aswin/Documents/data-engineering-practice/ETL_Airflow_DBT/airflow/airflow_env/lib/python3.11/site-packages/airflow/example_dags/example_branch_operator.py
[2026-03-11T05:53:01.574+0530] {processor.py:183} INFO - Processing /Users/aswin/Documents/data-engineering-practice/ETL_Airflow_DBT/airflow/airflow_env/lib/python3.11/site-packages/airflow/example_dags/example_branch_operator.py took 0.034 seconds
[2026-03-11T05:54:32.141+0530] {processor.py:161} INFO - Started process (PID=36573) to work on /Users/aswin/Documents/data-engineering-practice/ETL_Airflow_DBT/airflow/airflow_env/lib/python3.11/site-packages/airflow/example_dags/example_branch_operator.py
[2026-03-11T05:54:32.142+0530] {processor.py:830} INFO - Processing file /Users/aswin/Documents/data-engineering-practice/ETL_Airflow_DBT/airflow/airflow_env/lib/python3.11/site-packages/airflow/example_dags/example_branch_operator.py for tasks to queue
[2026-03-11T05:54:32.142+0530] {logging_mixin.py:188} INFO - [2026-03-11T05:54:32.142+0530] {dagbag.py:540} INFO - Filling up the DagBag from /Users/aswin/Documents/data-engineering-practice/ETL_Airflow_DBT/airflow/airflow_env/lib/python3.11/site-packages/airflow/example_dags/example_branch_operator.py
[2026-03-11T05:54:32.150+0530] {processor.py:842} WARNING - No viable dags retrieved from /Users/aswin/Documents/data-engineering-practice/ETL_Airflow_DBT/airflow/airflow_env/lib/python3.11/site-packages/airflow/example_dags/example_branch_operator.py
[2026-03-11T05:54:32.174+0530] {processor.py:183} INFO - Processing /Users/aswin/Documents/data-engineering-practice/ETL_Airflow_DBT/airflow/airflow_env/lib/python3.11/site-packages/airflow/example_dags/example_branch_operator.py took 0.034 seconds
[2026-03-11T05:56:04.058+0530] {processor.py:161} INFO - Started process (PID=36651) to work on /Users/aswin/Documents/data-engineering-practice/ETL_Airflow_DBT/airflow/airflow_env/lib/python3.11/site-packages/airflow/example_dags/example_branch_operator.py
[2026-03-11T05:56:04.059+0530] {processor.py:830} INFO - Processing file /Users/aswin/Documents/data-engineering-practice/ETL_Airflow_DBT/airflow/airflow_env/lib/python3.11/site-packages/airflow/example_dags/example_branch_operator.py for tasks to queue
[2026-03-11T05:56:04.059+0530] {logging_mixin.py:188} INFO - [2026-03-11T05:56:04.059+0530] {dagbag.py:540} INFO - Filling up the DagBag from /Users/aswin/Documents/data-engineering-practice/ETL_Airflow_DBT/airflow/airflow_env/lib/python3.11/site-packages/airflow/example_dags/example_branch_operator.py
[2026-03-11T05:56:04.067+0530] {processor.py:842} WARNING - No viable dags retrieved from /Users/aswin/Documents/data-engineering-practice/ETL_Airflow_DBT/airflow/airflow_env/lib/python3.11/site-packages/airflow/example_dags/example_branch_operator.py
[2026-03-11T05:56:04.090+0530] {processor.py:183} INFO - Processing /Users/aswin/Documents/data-engineering-practice/ETL_Airflow_DBT/airflow/airflow_env/lib/python3.11/site-packages/airflow/example_dags/example_branch_operator.py took 0.033 seconds
[2026-03-11T05:57:40.721+0530] {processor.py:161} INFO - Started process (PID=36725) to work on /Users/aswin/Documents/data-engineering-practice/ETL_Airflow_DBT/airflow/airflow_env/lib/python3.11/site-packages/airflow/example_dags/example_branch_operator.py
[2026-03-11T05:57:40.722+0530] {processor.py:830} INFO - Processing file /Users/aswin/Documents/data-engineering-practice/ETL_Airflow_DBT/airflow/airflow_env/lib/python3.11/site-packages/airflow/example_dags/example_branch_operator.py for tasks to queue
[2026-03-11T05:57:40.722+0530] {logging_mixin.py:188} INFO - [2026-03-11T05:57:40.722+0530] {dagbag.py:540} INFO - Filling up the DagBag from /Users/aswin/Documents/data-engineering-practice/ETL_Airflow_DBT/airflow/airflow_env/lib/python3.11/site-packages/airflow/example_dags/example_branch_operator.py
[2026-03-11T05:57:40.730+0530] {processor.py:842} WARNING - No viable dags retrieved from /Users/aswin/Documents/data-engineering-practice/ETL_Airflow_DBT/airflow/airflow_env/lib/python3.11/site-packages/airflow/example_dags/example_branch_operator.py
[2026-03-11T05:57:40.754+0530] {processor.py:183} INFO - Processing /Users/aswin/Documents/data-engineering-practice/ETL_Airflow_DBT/airflow/airflow_env/lib/python3.11/site-packages/airflow/example_dags/example_branch_operator.py took 0.034 seconds
[2026-03-11T05:59:14.595+0530] {processor.py:161} INFO - Started process (PID=36807) to work on /Users/aswin/Documents/data-engineering-practice/ETL_Airflow_DBT/airflow/airflow_env/lib/python3.11/site-packages/airflow/example_dags/example_branch_operator.py
[2026-03-11T05:59:14.596+0530] {processor.py:830} INFO - Processing file /Users/aswin/Documents/data-engineering-practice/ETL_Airflow_DBT/airflow/airflow_env/lib/python3.11/site-packages/airflow/example_dags/example_branch_operator.py for tasks to queue
[2026-03-11T05:59:14.596+0530] {logging_mixin.py:188} INFO - [2026-03-11T05:59:14.596+0530] {dagbag.py:540} INFO - Filling up the DagBag from /Users/aswin/Documents/data-engineering-practice/ETL_Airflow_DBT/airflow/airflow_env/lib/python3.11/site-packages/airflow/example_dags/example_branch_operator.py
[2026-03-11T05:59:14.604+0530] {processor.py:842} WARNING - No viable dags retrieved from /Users/aswin/Documents/data-engineering-practice/ETL_Airflow_DBT/airflow/airflow_env/lib/python3.11/site-packages/airflow/example_dags/example_branch_operator.py
[2026-03-11T05:59:14.628+0530] {processor.py:183} INFO - Processing /Users/aswin/Documents/data-engineering-practice/ETL_Airflow_DBT/airflow/airflow_env/lib/python3.11/site-packages/airflow/example_dags/example_branch_operator.py took 0.034 seconds
[2026-03-11T06:00:47.675+0530] {processor.py:161} INFO - Started process (PID=36890) to work on /Users/aswin/Documents/data-engineering-practice/ETL_Airflow_DBT/airflow/airflow_env/lib/python3.11/site-packages/airflow/example_dags/example_branch_operator.py
[2026-03-11T06:00:47.675+0530] {processor.py:830} INFO - Processing file /Users/aswin/Documents/data-engineering-practice/ETL_Airflow_DBT/airflow/airflow_env/lib/python3.11/site-packages/airflow/example_dags/example_branch_operator.py for tasks to queue
[2026-03-11T06:00:47.675+0530] {logging_mixin.py:188} INFO - [2026-03-11T06:00:47.675+0530] {dagbag.py:540} INFO - Filling up the DagBag from /Users/aswin/Documents/data-engineering-practice/ETL_Airflow_DBT/airflow/airflow_env/lib/python3.11/site-packages/airflow/example_dags/example_branch_operator.py
[2026-03-11T06:00:47.683+0530] {processor.py:842} WARNING - No viable dags retrieved from /Users/aswin/Documents/data-engineering-practice/ETL_Airflow_DBT/airflow/airflow_env/lib/python3.11/site-packages/airflow/example_dags/example_branch_operator.py
[2026-03-11T06:00:47.707+0530] {processor.py:183} INFO - Processing /Users/aswin/Documents/data-engineering-practice/ETL_Airflow_DBT/airflow/airflow_env/lib/python3.11/site-packages/airflow/example_dags/example_branch_operator.py took 0.033 seconds
[2026-03-11T06:02:26.306+0530] {processor.py:161} INFO - Started process (PID=36975) to work on /Users/aswin/Documents/data-engineering-practice/ETL_Airflow_DBT/airflow/airflow_env/lib/python3.11/site-packages/airflow/example_dags/example_branch_operator.py
[2026-03-11T06:02:26.308+0530] {processor.py:830} INFO - Processing file /Users/aswin/Documents/data-engineering-practice/ETL_Airflow_DBT/airflow/airflow_env/lib/python3.11/site-packages/airflow/example_dags/example_branch_operator.py for tasks to queue
[2026-03-11T06:02:26.308+0530] {logging_mixin.py:188} INFO - [2026-03-11T06:02:26.308+0530] {dagbag.py:540} INFO - Filling up the DagBag from /Users/aswin/Documents/data-engineering-practice/ETL_Airflow_DBT/airflow/airflow_env/lib/python3.11/site-packages/airflow/example_dags/example_branch_operator.py
[2026-03-11T06:02:26.316+0530] {processor.py:842} WARNING - No viable dags retrieved from /Users/aswin/Documents/data-engineering-practice/ETL_Airflow_DBT/airflow/airflow_env/lib/python3.11/site-packages/airflow/example_dags/example_branch_operator.py
[2026-03-11T06:02:26.340+0530] {processor.py:183} INFO - Processing /Users/aswin/Documents/data-engineering-practice/ETL_Airflow_DBT/airflow/airflow_env/lib/python3.11/site-packages/airflow/example_dags/example_branch_operator.py took 0.035 seconds
[2026-03-11T06:04:04.383+0530] {processor.py:161} INFO - Started process (PID=37051) to work on /Users/aswin/Documents/data-engineering-practice/ETL_Airflow_DBT/airflow/airflow_env/lib/python3.11/site-packages/airflow/example_dags/example_branch_operator.py
[2026-03-11T06:04:04.384+0530] {processor.py:830} INFO - Processing file /Users/aswin/Documents/data-engineering-practice/ETL_Airflow_DBT/airflow/airflow_env/lib/python3.11/site-packages/airflow/example_dags/example_branch_operator.py for tasks to queue
[2026-03-11T06:04:04.384+0530] {logging_mixin.py:188} INFO - [2026-03-11T06:04:04.384+0530] {dagbag.py:540} INFO - Filling up the DagBag from /Users/aswin/Documents/data-engineering-practice/ETL_Airflow_DBT/airflow/airflow_env/lib/python3.11/site-packages/airflow/example_dags/example_branch_operator.py
[2026-03-11T06:04:04.392+0530] {processor.py:842} WARNING - No viable dags retrieved from /Users/aswin/Documents/data-engineering-practice/ETL_Airflow_DBT/airflow/airflow_env/lib/python3.11/site-packages/airflow/example_dags/example_branch_operator.py
[2026-03-11T06:04:04.416+0530] {processor.py:183} INFO - Processing /Users/aswin/Documents/data-engineering-practice/ETL_Airflow_DBT/airflow/airflow_env/lib/python3.11/site-packages/airflow/example_dags/example_branch_operator.py took 0.034 seconds
[2026-03-11T06:05:35.464+0530] {processor.py:161} INFO - Started process (PID=37125) to work on /Users/aswin/Documents/data-engineering-practice/ETL_Airflow_DBT/airflow/airflow_env/lib/python3.11/site-packages/airflow/example_dags/example_branch_operator.py
[2026-03-11T06:05:35.465+0530] {processor.py:830} INFO - Processing file /Users/aswin/Documents/data-engineering-practice/ETL_Airflow_DBT/airflow/airflow_env/lib/python3.11/site-packages/airflow/example_dags/example_branch_operator.py for tasks to queue
[2026-03-11T06:05:35.466+0530] {logging_mixin.py:188} INFO - [2026-03-11T06:05:35.465+0530] {dagbag.py:540} INFO - Filling up the DagBag from /Users/aswin/Documents/data-engineering-practice/ETL_Airflow_DBT/airflow/airflow_env/lib/python3.11/site-packages/airflow/example_dags/example_branch_operator.py
[2026-03-11T06:05:35.473+0530] {processor.py:842} WARNING - No viable dags retrieved from /Users/aswin/Documents/data-engineering-practice/ETL_Airflow_DBT/airflow/airflow_env/lib/python3.11/site-packages/airflow/example_dags/example_branch_operator.py
[2026-03-11T06:05:35.499+0530] {processor.py:183} INFO - Processing /Users/aswin/Documents/data-engineering-practice/ETL_Airflow_DBT/airflow/airflow_env/lib/python3.11/site-packages/airflow/example_dags/example_branch_operator.py took 0.035 seconds
[2026-03-11T06:07:15.024+0530] {processor.py:161} INFO - Started process (PID=37200) to work on /Users/aswin/Documents/data-engineering-practice/ETL_Airflow_DBT/airflow/airflow_env/lib/python3.11/site-packages/airflow/example_dags/example_branch_operator.py
[2026-03-11T06:07:15.025+0530] {processor.py:830} INFO - Processing file /Users/aswin/Documents/data-engineering-practice/ETL_Airflow_DBT/airflow/airflow_env/lib/python3.11/site-packages/airflow/example_dags/example_branch_operator.py for tasks to queue
[2026-03-11T06:07:15.025+0530] {logging_mixin.py:188} INFO - [2026-03-11T06:07:15.025+0530] {dagbag.py:540} INFO - Filling up the DagBag from /Users/aswin/Documents/data-engineering-practice/ETL_Airflow_DBT/airflow/airflow_env/lib/python3.11/site-packages/airflow/example_dags/example_branch_operator.py
[2026-03-11T06:07:15.033+0530] {processor.py:842} WARNING - No viable dags retrieved from /Users/aswin/Documents/data-engineering-practice/ETL_Airflow_DBT/airflow/airflow_env/lib/python3.11/site-packages/airflow/example_dags/example_branch_operator.py
[2026-03-11T06:07:15.057+0530] {processor.py:183} INFO - Processing /Users/aswin/Documents/data-engineering-practice/ETL_Airflow_DBT/airflow/airflow_env/lib/python3.11/site-packages/airflow/example_dags/example_branch_operator.py took 0.035 seconds
[2026-03-11T06:08:53.325+0530] {processor.py:161} INFO - Started process (PID=37305) to work on /Users/aswin/Documents/data-engineering-practice/ETL_Airflow_DBT/airflow/airflow_env/lib/python3.11/site-packages/airflow/example_dags/example_branch_operator.py
[2026-03-11T06:08:53.326+0530] {processor.py:830} INFO - Processing file /Users/aswin/Documents/data-engineering-practice/ETL_Airflow_DBT/airflow/airflow_env/lib/python3.11/site-packages/airflow/example_dags/example_branch_operator.py for tasks to queue
[2026-03-11T06:08:53.326+0530] {logging_mixin.py:188} INFO - [2026-03-11T06:08:53.326+0530] {dagbag.py:540} INFO - Filling up the DagBag from /Users/aswin/Documents/data-engineering-practice/ETL_Airflow_DBT/airflow/airflow_env/lib/python3.11/site-packages/airflow/example_dags/example_branch_operator.py
[2026-03-11T06:08:53.335+0530] {processor.py:842} WARNING - No viable dags retrieved from /Users/aswin/Documents/data-engineering-practice/ETL_Airflow_DBT/airflow/airflow_env/lib/python3.11/site-packages/airflow/example_dags/example_branch_operator.py
[2026-03-11T06:08:53.359+0530] {processor.py:183} INFO - Processing /Users/aswin/Documents/data-engineering-practice/ETL_Airflow_DBT/airflow/airflow_env/lib/python3.11/site-packages/airflow/example_dags/example_branch_operator.py took 0.035 seconds
[2026-03-11T06:10:31.216+0530] {processor.py:161} INFO - Started process (PID=37384) to work on /Users/aswin/Documents/data-engineering-practice/ETL_Airflow_DBT/airflow/airflow_env/lib/python3.11/site-packages/airflow/example_dags/example_branch_operator.py
[2026-03-11T06:10:31.217+0530] {processor.py:830} INFO - Processing file /Users/aswin/Documents/data-engineering-practice/ETL_Airflow_DBT/airflow/airflow_env/lib/python3.11/site-packages/airflow/example_dags/example_branch_operator.py for tasks to queue
[2026-03-11T06:10:31.217+0530] {logging_mixin.py:188} INFO - [2026-03-11T06:10:31.217+0530] {dagbag.py:540} INFO - Filling up the DagBag from /Users/aswin/Documents/data-engineering-practice/ETL_Airflow_DBT/airflow/airflow_env/lib/python3.11/site-packages/airflow/example_dags/example_branch_operator.py
[2026-03-11T06:10:31.226+0530] {processor.py:842} WARNING - No viable dags retrieved from /Users/aswin/Documents/data-engineering-practice/ETL_Airflow_DBT/airflow/airflow_env/lib/python3.11/site-packages/airflow/example_dags/example_branch_operator.py
[2026-03-11T06:10:31.252+0530] {processor.py:183} INFO - Processing /Users/aswin/Documents/data-engineering-practice/ETL_Airflow_DBT/airflow/airflow_env/lib/python3.11/site-packages/airflow/example_dags/example_branch_operator.py took 0.037 seconds
[2026-03-11T06:12:05.334+0530] {processor.py:161} INFO - Started process (PID=37475) to work on /Users/aswin/Documents/data-engineering-practice/ETL_Airflow_DBT/airflow/airflow_env/lib/python3.11/site-packages/airflow/example_dags/example_branch_operator.py
[2026-03-11T06:12:05.335+0530] {processor.py:830} INFO - Processing file /Users/aswin/Documents/data-engineering-practice/ETL_Airflow_DBT/airflow/airflow_env/lib/python3.11/site-packages/airflow/example_dags/example_branch_operator.py for tasks to queue
[2026-03-11T06:12:05.335+0530] {logging_mixin.py:188} INFO - [2026-03-11T06:12:05.335+0530] {dagbag.py:540} INFO - Filling up the DagBag from /Users/aswin/Documents/data-engineering-practice/ETL_Airflow_DBT/airflow/airflow_env/lib/python3.11/site-packages/airflow/example_dags/example_branch_operator.py
[2026-03-11T06:12:05.343+0530] {processor.py:842} WARNING - No viable dags retrieved from /Users/aswin/Documents/data-engineering-practice/ETL_Airflow_DBT/airflow/airflow_env/lib/python3.11/site-packages/airflow/example_dags/example_branch_operator.py
[2026-03-11T06:12:05.370+0530] {processor.py:183} INFO - Processing /Users/aswin/Documents/data-engineering-practice/ETL_Airflow_DBT/airflow/airflow_env/lib/python3.11/site-packages/airflow/example_dags/example_branch_operator.py took 0.037 seconds
[2026-03-11T06:13:41.677+0530] {processor.py:161} INFO - Started process (PID=37627) to work on /Users/aswin/Documents/data-engineering-practice/ETL_Airflow_DBT/airflow/airflow_env/lib/python3.11/site-packages/airflow/example_dags/example_branch_operator.py
[2026-03-11T06:13:41.678+0530] {processor.py:830} INFO - Processing file /Users/aswin/Documents/data-engineering-practice/ETL_Airflow_DBT/airflow/airflow_env/lib/python3.11/site-packages/airflow/example_dags/example_branch_operator.py for tasks to queue
[2026-03-11T06:13:41.679+0530] {logging_mixin.py:188} INFO - [2026-03-11T06:13:41.678+0530] {dagbag.py:540} INFO - Filling up the DagBag from /Users/aswin/Documents/data-engineering-practice/ETL_Airflow_DBT/airflow/airflow_env/lib/python3.11/site-packages/airflow/example_dags/example_branch_operator.py
[2026-03-11T06:13:41.686+0530] {processor.py:842} WARNING - No viable dags retrieved from /Users/aswin/Documents/data-engineering-practice/ETL_Airflow_DBT/airflow/airflow_env/lib/python3.11/site-packages/airflow/example_dags/example_branch_operator.py
[2026-03-11T06:13:41.710+0530] {processor.py:183} INFO - Processing /Users/aswin/Documents/data-engineering-practice/ETL_Airflow_DBT/airflow/airflow_env/lib/python3.11/site-packages/airflow/example_dags/example_branch_operator.py took 0.034 seconds
[2026-03-11T06:15:14.829+0530] {processor.py:161} INFO - Started process (PID=37739) to work on /Users/aswin/Documents/data-engineering-practice/ETL_Airflow_DBT/airflow/airflow_env/lib/python3.11/site-packages/airflow/example_dags/example_branch_operator.py
[2026-03-11T06:15:14.830+0530] {processor.py:830} INFO - Processing file /Users/aswin/Documents/data-engineering-practice/ETL_Airflow_DBT/airflow/airflow_env/lib/python3.11/site-packages/airflow/example_dags/example_branch_operator.py for tasks to queue
[2026-03-11T06:15:14.831+0530] {logging_mixin.py:188} INFO - [2026-03-11T06:15:14.831+0530] {dagbag.py:540} INFO - Filling up the DagBag from /Users/aswin/Documents/data-engineering-practice/ETL_Airflow_DBT/airflow/airflow_env/lib/python3.11/site-packages/airflow/example_dags/example_branch_operator.py
[2026-03-11T06:15:14.839+0530] {processor.py:842} WARNING - No viable dags retrieved from /Users/aswin/Documents/data-engineering-practice/ETL_Airflow_DBT/airflow/airflow_env/lib/python3.11/site-packages/airflow/example_dags/example_branch_operator.py
[2026-03-11T06:15:14.863+0530] {processor.py:183} INFO - Processing /Users/aswin/Documents/data-engineering-practice/ETL_Airflow_DBT/airflow/airflow_env/lib/python3.11/site-packages/airflow/example_dags/example_branch_operator.py took 0.034 seconds
[2026-03-11T06:16:54.409+0530] {processor.py:161} INFO - Started process (PID=37888) to work on /Users/aswin/Documents/data-engineering-practice/ETL_Airflow_DBT/airflow/airflow_env/lib/python3.11/site-packages/airflow/example_dags/example_branch_operator.py
[2026-03-11T06:16:54.410+0530] {processor.py:830} INFO - Processing file /Users/aswin/Documents/data-engineering-practice/ETL_Airflow_DBT/airflow/airflow_env/lib/python3.11/site-packages/airflow/example_dags/example_branch_operator.py for tasks to queue
[2026-03-11T06:16:54.410+0530] {logging_mixin.py:188} INFO - [2026-03-11T06:16:54.410+0530] {dagbag.py:540} INFO - Filling up the DagBag from /Users/aswin/Documents/data-engineering-practice/ETL_Airflow_DBT/airflow/airflow_env/lib/python3.11/site-packages/airflow/example_dags/example_branch_operator.py
[2026-03-11T06:16:54.418+0530] {processor.py:842} WARNING - No viable dags retrieved from /Users/aswin/Documents/data-engineering-practice/ETL_Airflow_DBT/airflow/airflow_env/lib/python3.11/site-packages/airflow/example_dags/example_branch_operator.py
[2026-03-11T06:16:54.442+0530] {processor.py:183} INFO - Processing /Users/aswin/Documents/data-engineering-practice/ETL_Airflow_DBT/airflow/airflow_env/lib/python3.11/site-packages/airflow/example_dags/example_branch_operator.py took 0.034 seconds
[2026-03-11T06:18:24.209+0530] {processor.py:161} INFO - Started process (PID=38034) to work on /Users/aswin/Documents/data-engineering-practice/ETL_Airflow_DBT/airflow/airflow_env/lib/python3.11/site-packages/airflow/example_dags/example_branch_operator.py
[2026-03-11T06:18:24.210+0530] {processor.py:830} INFO - Processing file /Users/aswin/Documents/data-engineering-practice/ETL_Airflow_DBT/airflow/airflow_env/lib/python3.11/site-packages/airflow/example_dags/example_branch_operator.py for tasks to queue
[2026-03-11T06:18:24.210+0530] {logging_mixin.py:188} INFO - [2026-03-11T06:18:24.210+0530] {dagbag.py:540} INFO - Filling up the DagBag from /Users/aswin/Documents/data-engineering-practice/ETL_Airflow_DBT/airflow/airflow_env/lib/python3.11/site-packages/airflow/example_dags/example_branch_operator.py
[2026-03-11T06:18:24.218+0530] {processor.py:842} WARNING - No viable dags retrieved from /Users/aswin/Documents/data-engineering-practice/ETL_Airflow_DBT/airflow/airflow_env/lib/python3.11/site-packages/airflow/example_dags/example_branch_operator.py
[2026-03-11T06:18:24.243+0530] {processor.py:183} INFO - Processing /Users/aswin/Documents/data-engineering-practice/ETL_Airflow_DBT/airflow/airflow_env/lib/python3.11/site-packages/airflow/example_dags/example_branch_operator.py took 0.035 seconds
[2026-03-11T06:20:05.573+0530] {processor.py:161} INFO - Started process (PID=38223) to work on /Users/aswin/Documents/data-engineering-practice/ETL_Airflow_DBT/airflow/airflow_env/lib/python3.11/site-packages/airflow/example_dags/example_branch_operator.py
[2026-03-11T06:20:05.575+0530] {processor.py:830} INFO - Processing file /Users/aswin/Documents/data-engineering-practice/ETL_Airflow_DBT/airflow/airflow_env/lib/python3.11/site-packages/airflow/example_dags/example_branch_operator.py for tasks to queue
[2026-03-11T06:20:05.575+0530] {logging_mixin.py:188} INFO - [2026-03-11T06:20:05.575+0530] {dagbag.py:540} INFO - Filling up the DagBag from /Users/aswin/Documents/data-engineering-practice/ETL_Airflow_DBT/airflow/airflow_env/lib/python3.11/site-packages/airflow/example_dags/example_branch_operator.py
[2026-03-11T06:20:05.584+0530] {processor.py:842} WARNING - No viable dags retrieved from /Users/aswin/Documents/data-engineering-practice/ETL_Airflow_DBT/airflow/airflow_env/lib/python3.11/site-packages/airflow/example_dags/example_branch_operator.py
[2026-03-11T06:20:05.610+0530] {processor.py:183} INFO - Processing /Users/aswin/Documents/data-engineering-practice/ETL_Airflow_DBT/airflow/airflow_env/lib/python3.11/site-packages/airflow/example_dags/example_branch_operator.py took 0.038 seconds
[2026-03-11T06:21:41.837+0530] {processor.py:161} INFO - Started process (PID=38376) to work on /Users/aswin/Documents/data-engineering-practice/ETL_Airflow_DBT/airflow/airflow_env/lib/python3.11/site-packages/airflow/example_dags/example_branch_operator.py
[2026-03-11T06:21:41.838+0530] {processor.py:830} INFO - Processing file /Users/aswin/Documents/data-engineering-practice/ETL_Airflow_DBT/airflow/airflow_env/lib/python3.11/site-packages/airflow/example_dags/example_branch_operator.py for tasks to queue
[2026-03-11T06:21:41.838+0530] {logging_mixin.py:188} INFO - [2026-03-11T06:21:41.838+0530] {dagbag.py:540} INFO - Filling up the DagBag from /Users/aswin/Documents/data-engineering-practice/ETL_Airflow_DBT/airflow/airflow_env/lib/python3.11/site-packages/airflow/example_dags/example_branch_operator.py
[2026-03-11T06:21:41.847+0530] {processor.py:842} WARNING - No viable dags retrieved from /Users/aswin/Documents/data-engineering-practice/ETL_Airflow_DBT/airflow/airflow_env/lib/python3.11/site-packages/airflow/example_dags/example_branch_operator.py
[2026-03-11T06:21:41.871+0530] {processor.py:183} INFO - Processing /Users/aswin/Documents/data-engineering-practice/ETL_Airflow_DBT/airflow/airflow_env/lib/python3.11/site-packages/airflow/example_dags/example_branch_operator.py took 0.036 seconds
[2026-03-11T06:23:17.449+0530] {processor.py:161} INFO - Started process (PID=38518) to work on /Users/aswin/Documents/data-engineering-practice/ETL_Airflow_DBT/airflow/airflow_env/lib/python3.11/site-packages/airflow/example_dags/example_branch_operator.py
[2026-03-11T06:23:17.450+0530] {processor.py:830} INFO - Processing file /Users/aswin/Documents/data-engineering-practice/ETL_Airflow_DBT/airflow/airflow_env/lib/python3.11/site-packages/airflow/example_dags/example_branch_operator.py for tasks to queue
[2026-03-11T06:23:17.451+0530] {logging_mixin.py:188} INFO - [2026-03-11T06:23:17.451+0530] {dagbag.py:540} INFO - Filling up the DagBag from /Users/aswin/Documents/data-engineering-practice/ETL_Airflow_DBT/airflow/airflow_env/lib/python3.11/site-packages/airflow/example_dags/example_branch_operator.py
[2026-03-11T06:23:17.459+0530] {processor.py:842} WARNING - No viable dags retrieved from /Users/aswin/Documents/data-engineering-practice/ETL_Airflow_DBT/airflow/airflow_env/lib/python3.11/site-packages/airflow/example_dags/example_branch_operator.py
[2026-03-11T06:23:17.483+0530] {processor.py:183} INFO - Processing /Users/aswin/Documents/data-engineering-practice/ETL_Airflow_DBT/airflow/airflow_env/lib/python3.11/site-packages/airflow/example_dags/example_branch_operator.py took 0.035 seconds
[2026-03-11T06:24:49.328+0530] {processor.py:161} INFO - Started process (PID=38681) to work on /Users/aswin/Documents/data-engineering-practice/ETL_Airflow_DBT/airflow/airflow_env/lib/python3.11/site-packages/airflow/example_dags/example_branch_operator.py
[2026-03-11T06:24:49.329+0530] {processor.py:830} INFO - Processing file /Users/aswin/Documents/data-engineering-practice/ETL_Airflow_DBT/airflow/airflow_env/lib/python3.11/site-packages/airflow/example_dags/example_branch_operator.py for tasks to queue
[2026-03-11T06:24:49.329+0530] {logging_mixin.py:188} INFO - [2026-03-11T06:24:49.329+0530] {dagbag.py:540} INFO - Filling up the DagBag from /Users/aswin/Documents/data-engineering-practice/ETL_Airflow_DBT/airflow/airflow_env/lib/python3.11/site-packages/airflow/example_dags/example_branch_operator.py
[2026-03-11T06:24:49.337+0530] {processor.py:842} WARNING - No viable dags retrieved from /Users/aswin/Documents/data-engineering-practice/ETL_Airflow_DBT/airflow/airflow_env/lib/python3.11/site-packages/airflow/example_dags/example_branch_operator.py
[2026-03-11T06:24:49.361+0530] {processor.py:183} INFO - Processing /Users/aswin/Documents/data-engineering-practice/ETL_Airflow_DBT/airflow/airflow_env/lib/python3.11/site-packages/airflow/example_dags/example_branch_operator.py took 0.034 seconds
[2026-03-11T06:26:25.217+0530] {processor.py:161} INFO - Started process (PID=38853) to work on /Users/aswin/Documents/data-engineering-practice/ETL_Airflow_DBT/airflow/airflow_env/lib/python3.11/site-packages/airflow/example_dags/example_branch_operator.py
[2026-03-11T06:26:25.218+0530] {processor.py:830} INFO - Processing file /Users/aswin/Documents/data-engineering-practice/ETL_Airflow_DBT/airflow/airflow_env/lib/python3.11/site-packages/airflow/example_dags/example_branch_operator.py for tasks to queue
[2026-03-11T06:26:25.218+0530] {logging_mixin.py:188} INFO - [2026-03-11T06:26:25.218+0530] {dagbag.py:540} INFO - Filling up the DagBag from /Users/aswin/Documents/data-engineering-practice/ETL_Airflow_DBT/airflow/airflow_env/lib/python3.11/site-packages/airflow/example_dags/example_branch_operator.py
[2026-03-11T06:26:25.226+0530] {processor.py:842} WARNING - No viable dags retrieved from /Users/aswin/Documents/data-engineering-practice/ETL_Airflow_DBT/airflow/airflow_env/lib/python3.11/site-packages/airflow/example_dags/example_branch_operator.py
[2026-03-11T06:26:25.250+0530] {processor.py:183} INFO - Processing /Users/aswin/Documents/data-engineering-practice/ETL_Airflow_DBT/airflow/airflow_env/lib/python3.11/site-packages/airflow/example_dags/example_branch_operator.py took 0.034 seconds
[2026-03-11T06:27:58.038+0530] {processor.py:161} INFO - Started process (PID=39003) to work on /Users/aswin/Documents/data-engineering-practice/ETL_Airflow_DBT/airflow/airflow_env/lib/python3.11/site-packages/airflow/example_dags/example_branch_operator.py
[2026-03-11T06:27:58.039+0530] {processor.py:830} INFO - Processing file /Users/aswin/Documents/data-engineering-practice/ETL_Airflow_DBT/airflow/airflow_env/lib/python3.11/site-packages/airflow/example_dags/example_branch_operator.py for tasks to queue
[2026-03-11T06:27:58.039+0530] {logging_mixin.py:188} INFO - [2026-03-11T06:27:58.039+0530] {dagbag.py:540} INFO - Filling up the DagBag from /Users/aswin/Documents/data-engineering-practice/ETL_Airflow_DBT/airflow/airflow_env/lib/python3.11/site-packages/airflow/example_dags/example_branch_operator.py
[2026-03-11T06:27:58.047+0530] {processor.py:842} WARNING - No viable dags retrieved from /Users/aswin/Documents/data-engineering-practice/ETL_Airflow_DBT/airflow/airflow_env/lib/python3.11/site-packages/airflow/example_dags/example_branch_operator.py
[2026-03-11T06:27:58.071+0530] {processor.py:183} INFO - Processing /Users/aswin/Documents/data-engineering-practice/ETL_Airflow_DBT/airflow/airflow_env/lib/python3.11/site-packages/airflow/example_dags/example_branch_operator.py took 0.034 seconds
[2026-03-11T06:29:26.579+0530] {processor.py:161} INFO - Started process (PID=39077) to work on /Users/aswin/Documents/data-engineering-practice/ETL_Airflow_DBT/airflow/airflow_env/lib/python3.11/site-packages/airflow/example_dags/example_branch_operator.py
[2026-03-11T06:29:26.580+0530] {processor.py:830} INFO - Processing file /Users/aswin/Documents/data-engineering-practice/ETL_Airflow_DBT/airflow/airflow_env/lib/python3.11/site-packages/airflow/example_dags/example_branch_operator.py for tasks to queue
[2026-03-11T06:29:26.580+0530] {logging_mixin.py:188} INFO - [2026-03-11T06:29:26.580+0530] {dagbag.py:540} INFO - Filling up the DagBag from /Users/aswin/Documents/data-engineering-practice/ETL_Airflow_DBT/airflow/airflow_env/lib/python3.11/site-packages/airflow/example_dags/example_branch_operator.py
[2026-03-11T06:29:26.588+0530] {processor.py:842} WARNING - No viable dags retrieved from /Users/aswin/Documents/data-engineering-practice/ETL_Airflow_DBT/airflow/airflow_env/lib/python3.11/site-packages/airflow/example_dags/example_branch_operator.py
[2026-03-11T06:29:26.612+0530] {processor.py:183} INFO - Processing /Users/aswin/Documents/data-engineering-practice/ETL_Airflow_DBT/airflow/airflow_env/lib/python3.11/site-packages/airflow/example_dags/example_branch_operator.py took 0.034 seconds
[2026-03-11T06:30:56.975+0530] {processor.py:161} INFO - Started process (PID=39160) to work on /Users/aswin/Documents/data-engineering-practice/ETL_Airflow_DBT/airflow/airflow_env/lib/python3.11/site-packages/airflow/example_dags/example_branch_operator.py
[2026-03-11T06:30:56.975+0530] {processor.py:830} INFO - Processing file /Users/aswin/Documents/data-engineering-practice/ETL_Airflow_DBT/airflow/airflow_env/lib/python3.11/site-packages/airflow/example_dags/example_branch_operator.py for tasks to queue
[2026-03-11T06:30:56.976+0530] {logging_mixin.py:188} INFO - [2026-03-11T06:30:56.975+0530] {dagbag.py:540} INFO - Filling up the DagBag from /Users/aswin/Documents/data-engineering-practice/ETL_Airflow_DBT/airflow/airflow_env/lib/python3.11/site-packages/airflow/example_dags/example_branch_operator.py
[2026-03-11T06:30:56.985+0530] {processor.py:842} WARNING - No viable dags retrieved from /Users/aswin/Documents/data-engineering-practice/ETL_Airflow_DBT/airflow/airflow_env/lib/python3.11/site-packages/airflow/example_dags/example_branch_operator.py
[2026-03-11T06:30:57.009+0530] {processor.py:183} INFO - Processing /Users/aswin/Documents/data-engineering-practice/ETL_Airflow_DBT/airflow/airflow_env/lib/python3.11/site-packages/airflow/example_dags/example_branch_operator.py took 0.036 seconds
[2026-03-11T06:32:32.963+0530] {processor.py:161} INFO - Started process (PID=39283) to work on /Users/aswin/Documents/data-engineering-practice/ETL_Airflow_DBT/airflow/airflow_env/lib/python3.11/site-packages/airflow/example_dags/example_branch_operator.py
[2026-03-11T06:32:32.964+0530] {processor.py:830} INFO - Processing file /Users/aswin/Documents/data-engineering-practice/ETL_Airflow_DBT/airflow/airflow_env/lib/python3.11/site-packages/airflow/example_dags/example_branch_operator.py for tasks to queue
[2026-03-11T06:32:32.965+0530] {logging_mixin.py:188} INFO - [2026-03-11T06:32:32.965+0530] {dagbag.py:540} INFO - Filling up the DagBag from /Users/aswin/Documents/data-engineering-practice/ETL_Airflow_DBT/airflow/airflow_env/lib/python3.11/site-packages/airflow/example_dags/example_branch_operator.py
[2026-03-11T06:32:32.973+0530] {processor.py:842} WARNING - No viable dags retrieved from /Users/aswin/Documents/data-engineering-practice/ETL_Airflow_DBT/airflow/airflow_env/lib/python3.11/site-packages/airflow/example_dags/example_branch_operator.py
[2026-03-11T06:32:32.999+0530] {processor.py:183} INFO - Processing /Users/aswin/Documents/data-engineering-practice/ETL_Airflow_DBT/airflow/airflow_env/lib/python3.11/site-packages/airflow/example_dags/example_branch_operator.py took 0.036 seconds
[2026-03-11T06:34:09.585+0530] {processor.py:161} INFO - Started process (PID=39431) to work on /Users/aswin/Documents/data-engineering-practice/ETL_Airflow_DBT/airflow/airflow_env/lib/python3.11/site-packages/airflow/example_dags/example_branch_operator.py
[2026-03-11T06:34:09.586+0530] {processor.py:830} INFO - Processing file /Users/aswin/Documents/data-engineering-practice/ETL_Airflow_DBT/airflow/airflow_env/lib/python3.11/site-packages/airflow/example_dags/example_branch_operator.py for tasks to queue
[2026-03-11T06:34:09.586+0530] {logging_mixin.py:188} INFO - [2026-03-11T06:34:09.586+0530] {dagbag.py:540} INFO - Filling up the DagBag from /Users/aswin/Documents/data-engineering-practice/ETL_Airflow_DBT/airflow/airflow_env/lib/python3.11/site-packages/airflow/example_dags/example_branch_operator.py
[2026-03-11T06:34:09.595+0530] {processor.py:842} WARNING - No viable dags retrieved from /Users/aswin/Documents/data-engineering-practice/ETL_Airflow_DBT/airflow/airflow_env/lib/python3.11/site-packages/airflow/example_dags/example_branch_operator.py
[2026-03-11T06:34:09.621+0530] {processor.py:183} INFO - Processing /Users/aswin/Documents/data-engineering-practice/ETL_Airflow_DBT/airflow/airflow_env/lib/python3.11/site-packages/airflow/example_dags/example_branch_operator.py took 0.037 seconds
[2026-03-11T06:35:39.622+0530] {processor.py:161} INFO - Started process (PID=39503) to work on /Users/aswin/Documents/data-engineering-practice/ETL_Airflow_DBT/airflow/airflow_env/lib/python3.11/site-packages/airflow/example_dags/example_branch_operator.py
[2026-03-11T06:35:39.623+0530] {processor.py:830} INFO - Processing file /Users/aswin/Documents/data-engineering-practice/ETL_Airflow_DBT/airflow/airflow_env/lib/python3.11/site-packages/airflow/example_dags/example_branch_operator.py for tasks to queue
[2026-03-11T06:35:39.623+0530] {logging_mixin.py:188} INFO - [2026-03-11T06:35:39.623+0530] {dagbag.py:540} INFO - Filling up the DagBag from /Users/aswin/Documents/data-engineering-practice/ETL_Airflow_DBT/airflow/airflow_env/lib/python3.11/site-packages/airflow/example_dags/example_branch_operator.py
[2026-03-11T06:35:39.631+0530] {processor.py:842} WARNING - No viable dags retrieved from /Users/aswin/Documents/data-engineering-practice/ETL_Airflow_DBT/airflow/airflow_env/lib/python3.11/site-packages/airflow/example_dags/example_branch_operator.py
[2026-03-11T06:35:39.654+0530] {processor.py:183} INFO - Processing /Users/aswin/Documents/data-engineering-practice/ETL_Airflow_DBT/airflow/airflow_env/lib/python3.11/site-packages/airflow/example_dags/example_branch_operator.py took 0.034 seconds
[2026-03-11T06:37:12.495+0530] {processor.py:161} INFO - Started process (PID=39575) to work on /Users/aswin/Documents/data-engineering-practice/ETL_Airflow_DBT/airflow/airflow_env/lib/python3.11/site-packages/airflow/example_dags/example_branch_operator.py
[2026-03-11T06:37:12.496+0530] {processor.py:830} INFO - Processing file /Users/aswin/Documents/data-engineering-practice/ETL_Airflow_DBT/airflow/airflow_env/lib/python3.11/site-packages/airflow/example_dags/example_branch_operator.py for tasks to queue
[2026-03-11T06:37:12.496+0530] {logging_mixin.py:188} INFO - [2026-03-11T06:37:12.496+0530] {dagbag.py:540} INFO - Filling up the DagBag from /Users/aswin/Documents/data-engineering-practice/ETL_Airflow_DBT/airflow/airflow_env/lib/python3.11/site-packages/airflow/example_dags/example_branch_operator.py
[2026-03-11T06:37:12.504+0530] {processor.py:842} WARNING - No viable dags retrieved from /Users/aswin/Documents/data-engineering-practice/ETL_Airflow_DBT/airflow/airflow_env/lib/python3.11/site-packages/airflow/example_dags/example_branch_operator.py
[2026-03-11T06:37:12.528+0530] {processor.py:183} INFO - Processing /Users/aswin/Documents/data-engineering-practice/ETL_Airflow_DBT/airflow/airflow_env/lib/python3.11/site-packages/airflow/example_dags/example_branch_operator.py took 0.034 seconds
[2026-03-11T06:38:42.408+0530] {processor.py:161} INFO - Started process (PID=39649) to work on /Users/aswin/Documents/data-engineering-practice/ETL_Airflow_DBT/airflow/airflow_env/lib/python3.11/site-packages/airflow/example_dags/example_branch_operator.py
[2026-03-11T06:38:42.409+0530] {processor.py:830} INFO - Processing file /Users/aswin/Documents/data-engineering-practice/ETL_Airflow_DBT/airflow/airflow_env/lib/python3.11/site-packages/airflow/example_dags/example_branch_operator.py for tasks to queue
[2026-03-11T06:38:42.409+0530] {logging_mixin.py:188} INFO - [2026-03-11T06:38:42.409+0530] {dagbag.py:540} INFO - Filling up the DagBag from /Users/aswin/Documents/data-engineering-practice/ETL_Airflow_DBT/airflow/airflow_env/lib/python3.11/site-packages/airflow/example_dags/example_branch_operator.py
[2026-03-11T06:38:42.417+0530] {processor.py:842} WARNING - No viable dags retrieved from /Users/aswin/Documents/data-engineering-practice/ETL_Airflow_DBT/airflow/airflow_env/lib/python3.11/site-packages/airflow/example_dags/example_branch_operator.py
[2026-03-11T06:38:42.441+0530] {processor.py:183} INFO - Processing /Users/aswin/Documents/data-engineering-practice/ETL_Airflow_DBT/airflow/airflow_env/lib/python3.11/site-packages/airflow/example_dags/example_branch_operator.py took 0.034 seconds
[2026-03-11T06:40:13.753+0530] {processor.py:161} INFO - Started process (PID=39741) to work on /Users/aswin/Documents/data-engineering-practice/ETL_Airflow_DBT/airflow/airflow_env/lib/python3.11/site-packages/airflow/example_dags/example_branch_operator.py
[2026-03-11T06:40:13.754+0530] {processor.py:830} INFO - Processing file /Users/aswin/Documents/data-engineering-practice/ETL_Airflow_DBT/airflow/airflow_env/lib/python3.11/site-packages/airflow/example_dags/example_branch_operator.py for tasks to queue
[2026-03-11T06:40:13.755+0530] {logging_mixin.py:188} INFO - [2026-03-11T06:40:13.754+0530] {dagbag.py:540} INFO - Filling up the DagBag from /Users/aswin/Documents/data-engineering-practice/ETL_Airflow_DBT/airflow/airflow_env/lib/python3.11/site-packages/airflow/example_dags/example_branch_operator.py
[2026-03-11T06:40:13.762+0530] {processor.py:842} WARNING - No viable dags retrieved from /Users/aswin/Documents/data-engineering-practice/ETL_Airflow_DBT/airflow/airflow_env/lib/python3.11/site-packages/airflow/example_dags/example_branch_operator.py
[2026-03-11T06:40:13.786+0530] {processor.py:183} INFO - Processing /Users/aswin/Documents/data-engineering-practice/ETL_Airflow_DBT/airflow/airflow_env/lib/python3.11/site-packages/airflow/example_dags/example_branch_operator.py took 0.034 seconds
[2026-03-11T06:41:47.078+0530] {processor.py:161} INFO - Started process (PID=39841) to work on /Users/aswin/Documents/data-engineering-practice/ETL_Airflow_DBT/airflow/airflow_env/lib/python3.11/site-packages/airflow/example_dags/example_branch_operator.py
[2026-03-11T06:41:47.079+0530] {processor.py:830} INFO - Processing file /Users/aswin/Documents/data-engineering-practice/ETL_Airflow_DBT/airflow/airflow_env/lib/python3.11/site-packages/airflow/example_dags/example_branch_operator.py for tasks to queue
[2026-03-11T06:41:47.079+0530] {logging_mixin.py:188} INFO - [2026-03-11T06:41:47.079+0530] {dagbag.py:540} INFO - Filling up the DagBag from /Users/aswin/Documents/data-engineering-practice/ETL_Airflow_DBT/airflow/airflow_env/lib/python3.11/site-packages/airflow/example_dags/example_branch_operator.py
[2026-03-11T06:41:47.087+0530] {processor.py:842} WARNING - No viable dags retrieved from /Users/aswin/Documents/data-engineering-practice/ETL_Airflow_DBT/airflow/airflow_env/lib/python3.11/site-packages/airflow/example_dags/example_branch_operator.py
[2026-03-11T06:41:47.111+0530] {processor.py:183} INFO - Processing /Users/aswin/Documents/data-engineering-practice/ETL_Airflow_DBT/airflow/airflow_env/lib/python3.11/site-packages/airflow/example_dags/example_branch_operator.py took 0.034 seconds
[2026-03-11T06:43:19.963+0530] {processor.py:161} INFO - Started process (PID=39921) to work on /Users/aswin/Documents/data-engineering-practice/ETL_Airflow_DBT/airflow/airflow_env/lib/python3.11/site-packages/airflow/example_dags/example_branch_operator.py
[2026-03-11T06:43:19.963+0530] {processor.py:830} INFO - Processing file /Users/aswin/Documents/data-engineering-practice/ETL_Airflow_DBT/airflow/airflow_env/lib/python3.11/site-packages/airflow/example_dags/example_branch_operator.py for tasks to queue
[2026-03-11T06:43:19.963+0530] {logging_mixin.py:188} INFO - [2026-03-11T06:43:19.963+0530] {dagbag.py:540} INFO - Filling up the DagBag from /Users/aswin/Documents/data-engineering-practice/ETL_Airflow_DBT/airflow/airflow_env/lib/python3.11/site-packages/airflow/example_dags/example_branch_operator.py
[2026-03-11T06:43:19.971+0530] {processor.py:842} WARNING - No viable dags retrieved from /Users/aswin/Documents/data-engineering-practice/ETL_Airflow_DBT/airflow/airflow_env/lib/python3.11/site-packages/airflow/example_dags/example_branch_operator.py
[2026-03-11T06:43:19.995+0530] {processor.py:183} INFO - Processing /Users/aswin/Documents/data-engineering-practice/ETL_Airflow_DBT/airflow/airflow_env/lib/python3.11/site-packages/airflow/example_dags/example_branch_operator.py took 0.033 seconds
[2026-03-11T06:44:51.401+0530] {processor.py:161} INFO - Started process (PID=39997) to work on /Users/aswin/Documents/data-engineering-practice/ETL_Airflow_DBT/airflow/airflow_env/lib/python3.11/site-packages/airflow/example_dags/example_branch_operator.py
[2026-03-11T06:44:51.401+0530] {processor.py:830} INFO - Processing file /Users/aswin/Documents/data-engineering-practice/ETL_Airflow_DBT/airflow/airflow_env/lib/python3.11/site-packages/airflow/example_dags/example_branch_operator.py for tasks to queue
[2026-03-11T06:44:51.401+0530] {logging_mixin.py:188} INFO - [2026-03-11T06:44:51.401+0530] {dagbag.py:540} INFO - Filling up the DagBag from /Users/aswin/Documents/data-engineering-practice/ETL_Airflow_DBT/airflow/airflow_env/lib/python3.11/site-packages/airflow/example_dags/example_branch_operator.py
[2026-03-11T06:44:51.410+0530] {processor.py:842} WARNING - No viable dags retrieved from /Users/aswin/Documents/data-engineering-practice/ETL_Airflow_DBT/airflow/airflow_env/lib/python3.11/site-packages/airflow/example_dags/example_branch_operator.py
[2026-03-11T06:44:51.434+0530] {processor.py:183} INFO - Processing /Users/aswin/Documents/data-engineering-practice/ETL_Airflow_DBT/airflow/airflow_env/lib/python3.11/site-packages/airflow/example_dags/example_branch_operator.py took 0.035 seconds
[2026-03-11T06:46:25.256+0530] {processor.py:161} INFO - Started process (PID=40070) to work on /Users/aswin/Documents/data-engineering-practice/ETL_Airflow_DBT/airflow/airflow_env/lib/python3.11/site-packages/airflow/example_dags/example_branch_operator.py
[2026-03-11T06:46:25.256+0530] {processor.py:830} INFO - Processing file /Users/aswin/Documents/data-engineering-practice/ETL_Airflow_DBT/airflow/airflow_env/lib/python3.11/site-packages/airflow/example_dags/example_branch_operator.py for tasks to queue
[2026-03-11T06:46:25.257+0530] {logging_mixin.py:188} INFO - [2026-03-11T06:46:25.257+0530] {dagbag.py:540} INFO - Filling up the DagBag from /Users/aswin/Documents/data-engineering-practice/ETL_Airflow_DBT/airflow/airflow_env/lib/python3.11/site-packages/airflow/example_dags/example_branch_operator.py
[2026-03-11T06:46:25.264+0530] {processor.py:842} WARNING - No viable dags retrieved from /Users/aswin/Documents/data-engineering-practice/ETL_Airflow_DBT/airflow/airflow_env/lib/python3.11/site-packages/airflow/example_dags/example_branch_operator.py
[2026-03-11T06:46:25.288+0530] {processor.py:183} INFO - Processing /Users/aswin/Documents/data-engineering-practice/ETL_Airflow_DBT/airflow/airflow_env/lib/python3.11/site-packages/airflow/example_dags/example_branch_operator.py took 0.033 seconds
[2026-03-11T06:47:57.958+0530] {processor.py:161} INFO - Started process (PID=40147) to work on /Users/aswin/Documents/data-engineering-practice/ETL_Airflow_DBT/airflow/airflow_env/lib/python3.11/site-packages/airflow/example_dags/example_branch_operator.py
[2026-03-11T06:47:57.959+0530] {processor.py:830} INFO - Processing file /Users/aswin/Documents/data-engineering-practice/ETL_Airflow_DBT/airflow/airflow_env/lib/python3.11/site-packages/airflow/example_dags/example_branch_operator.py for tasks to queue
[2026-03-11T06:47:57.960+0530] {logging_mixin.py:188} INFO - [2026-03-11T06:47:57.960+0530] {dagbag.py:540} INFO - Filling up the DagBag from /Users/aswin/Documents/data-engineering-practice/ETL_Airflow_DBT/airflow/airflow_env/lib/python3.11/site-packages/airflow/example_dags/example_branch_operator.py
[2026-03-11T06:47:57.967+0530] {processor.py:842} WARNING - No viable dags retrieved from /Users/aswin/Documents/data-engineering-practice/ETL_Airflow_DBT/airflow/airflow_env/lib/python3.11/site-packages/airflow/example_dags/example_branch_operator.py
[2026-03-11T06:47:57.991+0530] {processor.py:183} INFO - Processing /Users/aswin/Documents/data-engineering-practice/ETL_Airflow_DBT/airflow/airflow_env/lib/python3.11/site-packages/airflow/example_dags/example_branch_operator.py took 0.034 seconds
[2026-03-11T06:49:30.257+0530] {processor.py:161} INFO - Started process (PID=40223) to work on /Users/aswin/Documents/data-engineering-practice/ETL_Airflow_DBT/airflow/airflow_env/lib/python3.11/site-packages/airflow/example_dags/example_branch_operator.py
[2026-03-11T06:49:30.258+0530] {processor.py:830} INFO - Processing file /Users/aswin/Documents/data-engineering-practice/ETL_Airflow_DBT/airflow/airflow_env/lib/python3.11/site-packages/airflow/example_dags/example_branch_operator.py for tasks to queue
[2026-03-11T06:49:30.258+0530] {logging_mixin.py:188} INFO - [2026-03-11T06:49:30.258+0530] {dagbag.py:540} INFO - Filling up the DagBag from /Users/aswin/Documents/data-engineering-practice/ETL_Airflow_DBT/airflow/airflow_env/lib/python3.11/site-packages/airflow/example_dags/example_branch_operator.py
[2026-03-11T06:49:30.265+0530] {processor.py:842} WARNING - No viable dags retrieved from /Users/aswin/Documents/data-engineering-practice/ETL_Airflow_DBT/airflow/airflow_env/lib/python3.11/site-packages/airflow/example_dags/example_branch_operator.py
[2026-03-11T06:49:30.289+0530] {processor.py:183} INFO - Processing /Users/aswin/Documents/data-engineering-practice/ETL_Airflow_DBT/airflow/airflow_env/lib/python3.11/site-packages/airflow/example_dags/example_branch_operator.py took 0.033 seconds
[2026-03-11T06:50:58.597+0530] {processor.py:161} INFO - Started process (PID=40299) to work on /Users/aswin/Documents/data-engineering-practice/ETL_Airflow_DBT/airflow/airflow_env/lib/python3.11/site-packages/airflow/example_dags/example_branch_operator.py
[2026-03-11T06:50:58.598+0530] {processor.py:830} INFO - Processing file /Users/aswin/Documents/data-engineering-practice/ETL_Airflow_DBT/airflow/airflow_env/lib/python3.11/site-packages/airflow/example_dags/example_branch_operator.py for tasks to queue
[2026-03-11T06:50:58.598+0530] {logging_mixin.py:188} INFO - [2026-03-11T06:50:58.598+0530] {dagbag.py:540} INFO - Filling up the DagBag from /Users/aswin/Documents/data-engineering-practice/ETL_Airflow_DBT/airflow/airflow_env/lib/python3.11/site-packages/airflow/example_dags/example_branch_operator.py
[2026-03-11T06:50:58.606+0530] {processor.py:842} WARNING - No viable dags retrieved from /Users/aswin/Documents/data-engineering-practice/ETL_Airflow_DBT/airflow/airflow_env/lib/python3.11/site-packages/airflow/example_dags/example_branch_operator.py
[2026-03-11T06:50:58.630+0530] {processor.py:183} INFO - Processing /Users/aswin/Documents/data-engineering-practice/ETL_Airflow_DBT/airflow/airflow_env/lib/python3.11/site-packages/airflow/example_dags/example_branch_operator.py took 0.034 seconds
[2026-03-11T06:52:29.952+0530] {processor.py:161} INFO - Started process (PID=40407) to work on /Users/aswin/Documents/data-engineering-practice/ETL_Airflow_DBT/airflow/airflow_env/lib/python3.11/site-packages/airflow/example_dags/example_branch_operator.py
[2026-03-11T06:52:29.952+0530] {processor.py:830} INFO - Processing file /Users/aswin/Documents/data-engineering-practice/ETL_Airflow_DBT/airflow/airflow_env/lib/python3.11/site-packages/airflow/example_dags/example_branch_operator.py for tasks to queue
[2026-03-11T06:52:29.953+0530] {logging_mixin.py:188} INFO - [2026-03-11T06:52:29.953+0530] {dagbag.py:540} INFO - Filling up the DagBag from /Users/aswin/Documents/data-engineering-practice/ETL_Airflow_DBT/airflow/airflow_env/lib/python3.11/site-packages/airflow/example_dags/example_branch_operator.py
[2026-03-11T06:52:29.960+0530] {processor.py:842} WARNING - No viable dags retrieved from /Users/aswin/Documents/data-engineering-practice/ETL_Airflow_DBT/airflow/airflow_env/lib/python3.11/site-packages/airflow/example_dags/example_branch_operator.py
[2026-03-11T06:52:29.984+0530] {processor.py:183} INFO - Processing /Users/aswin/Documents/data-engineering-practice/ETL_Airflow_DBT/airflow/airflow_env/lib/python3.11/site-packages/airflow/example_dags/example_branch_operator.py took 0.033 seconds
[2026-03-11T06:54:00.059+0530] {processor.py:161} INFO - Started process (PID=40495) to work on /Users/aswin/Documents/data-engineering-practice/ETL_Airflow_DBT/airflow/airflow_env/lib/python3.11/site-packages/airflow/example_dags/example_branch_operator.py
[2026-03-11T06:54:00.060+0530] {processor.py:830} INFO - Processing file /Users/aswin/Documents/data-engineering-practice/ETL_Airflow_DBT/airflow/airflow_env/lib/python3.11/site-packages/airflow/example_dags/example_branch_operator.py for tasks to queue
[2026-03-11T06:54:00.060+0530] {logging_mixin.py:188} INFO - [2026-03-11T06:54:00.060+0530] {dagbag.py:540} INFO - Filling up the DagBag from /Users/aswin/Documents/data-engineering-practice/ETL_Airflow_DBT/airflow/airflow_env/lib/python3.11/site-packages/airflow/example_dags/example_branch_operator.py
[2026-03-11T06:54:00.068+0530] {processor.py:842} WARNING - No viable dags retrieved from /Users/aswin/Documents/data-engineering-practice/ETL_Airflow_DBT/airflow/airflow_env/lib/python3.11/site-packages/airflow/example_dags/example_branch_operator.py
[2026-03-11T06:54:00.092+0530] {processor.py:183} INFO - Processing /Users/aswin/Documents/data-engineering-practice/ETL_Airflow_DBT/airflow/airflow_env/lib/python3.11/site-packages/airflow/example_dags/example_branch_operator.py took 0.034 seconds
[2026-03-11T07:41:52.333+0530] {processor.py:161} INFO - Started process (PID=40627) to work on /Users/aswin/Documents/data-engineering-practice/ETL_Airflow_DBT/airflow/airflow_env/lib/python3.11/site-packages/airflow/example_dags/example_branch_operator.py
[2026-03-11T07:41:52.334+0530] {processor.py:830} INFO - Processing file /Users/aswin/Documents/data-engineering-practice/ETL_Airflow_DBT/airflow/airflow_env/lib/python3.11/site-packages/airflow/example_dags/example_branch_operator.py for tasks to queue
[2026-03-11T07:41:52.334+0530] {logging_mixin.py:188} INFO - [2026-03-11T07:41:52.334+0530] {dagbag.py:540} INFO - Filling up the DagBag from /Users/aswin/Documents/data-engineering-practice/ETL_Airflow_DBT/airflow/airflow_env/lib/python3.11/site-packages/airflow/example_dags/example_branch_operator.py
[2026-03-11T07:41:52.343+0530] {processor.py:842} WARNING - No viable dags retrieved from /Users/aswin/Documents/data-engineering-practice/ETL_Airflow_DBT/airflow/airflow_env/lib/python3.11/site-packages/airflow/example_dags/example_branch_operator.py
[2026-03-11T07:41:52.367+0530] {processor.py:183} INFO - Processing /Users/aswin/Documents/data-engineering-practice/ETL_Airflow_DBT/airflow/airflow_env/lib/python3.11/site-packages/airflow/example_dags/example_branch_operator.py took 0.035 seconds
[2026-03-11T11:49:38.559+0530] {processor.py:161} INFO - Started process (PID=40990) to work on /Users/aswin/Documents/data-engineering-practice/ETL_Airflow_DBT/airflow/airflow_env/lib/python3.11/site-packages/airflow/example_dags/example_branch_operator.py
[2026-03-11T11:49:38.559+0530] {processor.py:830} INFO - Processing file /Users/aswin/Documents/data-engineering-practice/ETL_Airflow_DBT/airflow/airflow_env/lib/python3.11/site-packages/airflow/example_dags/example_branch_operator.py for tasks to queue
[2026-03-11T11:49:38.559+0530] {logging_mixin.py:188} INFO - [2026-03-11T11:49:38.559+0530] {dagbag.py:540} INFO - Filling up the DagBag from /Users/aswin/Documents/data-engineering-practice/ETL_Airflow_DBT/airflow/airflow_env/lib/python3.11/site-packages/airflow/example_dags/example_branch_operator.py
[2026-03-11T11:49:38.568+0530] {processor.py:842} WARNING - No viable dags retrieved from /Users/aswin/Documents/data-engineering-practice/ETL_Airflow_DBT/airflow/airflow_env/lib/python3.11/site-packages/airflow/example_dags/example_branch_operator.py
[2026-03-11T11:49:38.594+0530] {processor.py:183} INFO - Processing /Users/aswin/Documents/data-engineering-practice/ETL_Airflow_DBT/airflow/airflow_env/lib/python3.11/site-packages/airflow/example_dags/example_branch_operator.py took 0.036 seconds
[2026-03-11T12:16:46.758+0530] {processor.py:161} INFO - Started process (PID=41129) to work on /Users/aswin/Documents/data-engineering-practice/ETL_Airflow_DBT/airflow/airflow_env/lib/python3.11/site-packages/airflow/example_dags/example_branch_operator.py
[2026-03-11T12:16:46.758+0530] {processor.py:830} INFO - Processing file /Users/aswin/Documents/data-engineering-practice/ETL_Airflow_DBT/airflow/airflow_env/lib/python3.11/site-packages/airflow/example_dags/example_branch_operator.py for tasks to queue
[2026-03-11T12:16:46.758+0530] {logging_mixin.py:188} INFO - [2026-03-11T12:16:46.758+0530] {dagbag.py:540} INFO - Filling up the DagBag from /Users/aswin/Documents/data-engineering-practice/ETL_Airflow_DBT/airflow/airflow_env/lib/python3.11/site-packages/airflow/example_dags/example_branch_operator.py
[2026-03-11T12:16:46.766+0530] {processor.py:842} WARNING - No viable dags retrieved from /Users/aswin/Documents/data-engineering-practice/ETL_Airflow_DBT/airflow/airflow_env/lib/python3.11/site-packages/airflow/example_dags/example_branch_operator.py
[2026-03-11T12:16:46.790+0530] {processor.py:183} INFO - Processing /Users/aswin/Documents/data-engineering-practice/ETL_Airflow_DBT/airflow/airflow_env/lib/python3.11/site-packages/airflow/example_dags/example_branch_operator.py took 0.034 seconds
[2026-03-11T12:18:26.791+0530] {processor.py:161} INFO - Started process (PID=41260) to work on /Users/aswin/Documents/data-engineering-practice/ETL_Airflow_DBT/airflow/airflow_env/lib/python3.11/site-packages/airflow/example_dags/example_branch_operator.py
[2026-03-11T12:18:26.792+0530] {processor.py:830} INFO - Processing file /Users/aswin/Documents/data-engineering-practice/ETL_Airflow_DBT/airflow/airflow_env/lib/python3.11/site-packages/airflow/example_dags/example_branch_operator.py for tasks to queue
[2026-03-11T12:18:26.792+0530] {logging_mixin.py:188} INFO - [2026-03-11T12:18:26.792+0530] {dagbag.py:540} INFO - Filling up the DagBag from /Users/aswin/Documents/data-engineering-practice/ETL_Airflow_DBT/airflow/airflow_env/lib/python3.11/site-packages/airflow/example_dags/example_branch_operator.py
[2026-03-11T12:18:26.800+0530] {processor.py:842} WARNING - No viable dags retrieved from /Users/aswin/Documents/data-engineering-practice/ETL_Airflow_DBT/airflow/airflow_env/lib/python3.11/site-packages/airflow/example_dags/example_branch_operator.py
[2026-03-11T12:18:26.825+0530] {processor.py:183} INFO - Processing /Users/aswin/Documents/data-engineering-practice/ETL_Airflow_DBT/airflow/airflow_env/lib/python3.11/site-packages/airflow/example_dags/example_branch_operator.py took 0.035 seconds
[2026-03-11T12:20:03.562+0530] {processor.py:161} INFO - Started process (PID=41334) to work on /Users/aswin/Documents/data-engineering-practice/ETL_Airflow_DBT/airflow/airflow_env/lib/python3.11/site-packages/airflow/example_dags/example_branch_operator.py
[2026-03-11T12:20:03.562+0530] {processor.py:830} INFO - Processing file /Users/aswin/Documents/data-engineering-practice/ETL_Airflow_DBT/airflow/airflow_env/lib/python3.11/site-packages/airflow/example_dags/example_branch_operator.py for tasks to queue
[2026-03-11T12:20:03.562+0530] {logging_mixin.py:188} INFO - [2026-03-11T12:20:03.562+0530] {dagbag.py:540} INFO - Filling up the DagBag from /Users/aswin/Documents/data-engineering-practice/ETL_Airflow_DBT/airflow/airflow_env/lib/python3.11/site-packages/airflow/example_dags/example_branch_operator.py
[2026-03-11T12:20:03.570+0530] {processor.py:842} WARNING - No viable dags retrieved from /Users/aswin/Documents/data-engineering-practice/ETL_Airflow_DBT/airflow/airflow_env/lib/python3.11/site-packages/airflow/example_dags/example_branch_operator.py
[2026-03-11T12:20:03.595+0530] {processor.py:183} INFO - Processing /Users/aswin/Documents/data-engineering-practice/ETL_Airflow_DBT/airflow/airflow_env/lib/python3.11/site-packages/airflow/example_dags/example_branch_operator.py took 0.034 seconds
[2026-03-11T12:21:41.993+0530] {processor.py:161} INFO - Started process (PID=41422) to work on /Users/aswin/Documents/data-engineering-practice/ETL_Airflow_DBT/airflow/airflow_env/lib/python3.11/site-packages/airflow/example_dags/example_branch_operator.py
[2026-03-11T12:21:41.994+0530] {processor.py:830} INFO - Processing file /Users/aswin/Documents/data-engineering-practice/ETL_Airflow_DBT/airflow/airflow_env/lib/python3.11/site-packages/airflow/example_dags/example_branch_operator.py for tasks to queue
[2026-03-11T12:21:41.994+0530] {logging_mixin.py:188} INFO - [2026-03-11T12:21:41.994+0530] {dagbag.py:540} INFO - Filling up the DagBag from /Users/aswin/Documents/data-engineering-practice/ETL_Airflow_DBT/airflow/airflow_env/lib/python3.11/site-packages/airflow/example_dags/example_branch_operator.py
[2026-03-11T12:21:42.003+0530] {processor.py:842} WARNING - No viable dags retrieved from /Users/aswin/Documents/data-engineering-practice/ETL_Airflow_DBT/airflow/airflow_env/lib/python3.11/site-packages/airflow/example_dags/example_branch_operator.py
[2026-03-11T12:21:42.029+0530] {processor.py:183} INFO - Processing /Users/aswin/Documents/data-engineering-practice/ETL_Airflow_DBT/airflow/airflow_env/lib/python3.11/site-packages/airflow/example_dags/example_branch_operator.py took 0.037 seconds
[2026-03-11T12:23:20.645+0530] {processor.py:161} INFO - Started process (PID=41497) to work on /Users/aswin/Documents/data-engineering-practice/ETL_Airflow_DBT/airflow/airflow_env/lib/python3.11/site-packages/airflow/example_dags/example_branch_operator.py
[2026-03-11T12:23:20.646+0530] {processor.py:830} INFO - Processing file /Users/aswin/Documents/data-engineering-practice/ETL_Airflow_DBT/airflow/airflow_env/lib/python3.11/site-packages/airflow/example_dags/example_branch_operator.py for tasks to queue
[2026-03-11T12:23:20.646+0530] {logging_mixin.py:188} INFO - [2026-03-11T12:23:20.646+0530] {dagbag.py:540} INFO - Filling up the DagBag from /Users/aswin/Documents/data-engineering-practice/ETL_Airflow_DBT/airflow/airflow_env/lib/python3.11/site-packages/airflow/example_dags/example_branch_operator.py
[2026-03-11T12:23:20.654+0530] {processor.py:842} WARNING - No viable dags retrieved from /Users/aswin/Documents/data-engineering-practice/ETL_Airflow_DBT/airflow/airflow_env/lib/python3.11/site-packages/airflow/example_dags/example_branch_operator.py
[2026-03-11T12:23:20.678+0530] {processor.py:183} INFO - Processing /Users/aswin/Documents/data-engineering-practice/ETL_Airflow_DBT/airflow/airflow_env/lib/python3.11/site-packages/airflow/example_dags/example_branch_operator.py took 0.034 seconds
[2026-03-11T12:24:54.722+0530] {processor.py:161} INFO - Started process (PID=41570) to work on /Users/aswin/Documents/data-engineering-practice/ETL_Airflow_DBT/airflow/airflow_env/lib/python3.11/site-packages/airflow/example_dags/example_branch_operator.py
[2026-03-11T12:24:54.723+0530] {processor.py:830} INFO - Processing file /Users/aswin/Documents/data-engineering-practice/ETL_Airflow_DBT/airflow/airflow_env/lib/python3.11/site-packages/airflow/example_dags/example_branch_operator.py for tasks to queue
[2026-03-11T12:24:54.723+0530] {logging_mixin.py:188} INFO - [2026-03-11T12:24:54.723+0530] {dagbag.py:540} INFO - Filling up the DagBag from /Users/aswin/Documents/data-engineering-practice/ETL_Airflow_DBT/airflow/airflow_env/lib/python3.11/site-packages/airflow/example_dags/example_branch_operator.py
[2026-03-11T12:24:54.731+0530] {processor.py:842} WARNING - No viable dags retrieved from /Users/aswin/Documents/data-engineering-practice/ETL_Airflow_DBT/airflow/airflow_env/lib/python3.11/site-packages/airflow/example_dags/example_branch_operator.py
[2026-03-11T12:24:54.755+0530] {processor.py:183} INFO - Processing /Users/aswin/Documents/data-engineering-practice/ETL_Airflow_DBT/airflow/airflow_env/lib/python3.11/site-packages/airflow/example_dags/example_branch_operator.py took 0.034 seconds
