[2026-03-13T04:44:09.860+0530] {processor.py:161} INFO - Started process (PID=47049) to work on /Users/aswin/Documents/data-engineering-practice/ETL_Airflow_DBT/airflow/airflow_env/lib/python3.11/site-packages/airflow/example_dags/example_trigger_target_dag.py
[2026-03-13T04:44:09.860+0530] {processor.py:830} INFO - Processing file /Users/aswin/Documents/data-engineering-practice/ETL_Airflow_DBT/airflow/airflow_env/lib/python3.11/site-packages/airflow/example_dags/example_trigger_target_dag.py for tasks to queue
[2026-03-13T04:44:09.861+0530] {logging_mixin.py:188} INFO - [2026-03-13T04:44:09.861+0530] {dagbag.py:540} INFO - Filling up the DagBag from /Users/aswin/Documents/data-engineering-practice/ETL_Airflow_DBT/airflow/airflow_env/lib/python3.11/site-packages/airflow/example_dags/example_trigger_target_dag.py
[2026-03-13T04:44:09.876+0530] {processor.py:840} INFO - DAG(s) 'example_trigger_target_dag' retrieved from /Users/aswin/Documents/data-engineering-practice/ETL_Airflow_DBT/airflow/airflow_env/lib/python3.11/site-packages/airflow/example_dags/example_trigger_target_dag.py
[2026-03-13T04:44:09.909+0530] {logging_mixin.py:188} INFO - [2026-03-13T04:44:09.909+0530] {dag.py:3096} INFO - Sync 1 DAGs
[2026-03-13T04:44:09.912+0530] {logging_mixin.py:188} INFO - [2026-03-13T04:44:09.912+0530] {dag.py:3954} INFO - Setting next_dagrun for example_trigger_target_dag to None, run_after=None
[2026-03-13T04:44:09.919+0530] {processor.py:183} INFO - Processing /Users/aswin/Documents/data-engineering-practice/ETL_Airflow_DBT/airflow/airflow_env/lib/python3.11/site-packages/airflow/example_dags/example_trigger_target_dag.py took 0.060 seconds
[2026-03-13T05:11:52.727+0530] {processor.py:161} INFO - Started process (PID=47450) to work on /Users/aswin/Documents/data-engineering-practice/ETL_Airflow_DBT/airflow/airflow_env/lib/python3.11/site-packages/airflow/example_dags/example_trigger_target_dag.py
[2026-03-13T05:11:52.727+0530] {processor.py:830} INFO - Processing file /Users/aswin/Documents/data-engineering-practice/ETL_Airflow_DBT/airflow/airflow_env/lib/python3.11/site-packages/airflow/example_dags/example_trigger_target_dag.py for tasks to queue
[2026-03-13T05:11:52.727+0530] {logging_mixin.py:188} INFO - [2026-03-13T05:11:52.727+0530] {dagbag.py:540} INFO - Filling up the DagBag from /Users/aswin/Documents/data-engineering-practice/ETL_Airflow_DBT/airflow/airflow_env/lib/python3.11/site-packages/airflow/example_dags/example_trigger_target_dag.py
[2026-03-13T05:11:52.741+0530] {processor.py:840} INFO - DAG(s) 'example_trigger_target_dag' retrieved from /Users/aswin/Documents/data-engineering-practice/ETL_Airflow_DBT/airflow/airflow_env/lib/python3.11/site-packages/airflow/example_dags/example_trigger_target_dag.py
[2026-03-13T05:11:52.770+0530] {logging_mixin.py:188} INFO - [2026-03-13T05:11:52.770+0530] {dag.py:3096} INFO - Sync 1 DAGs
[2026-03-13T05:11:52.773+0530] {logging_mixin.py:188} INFO - [2026-03-13T05:11:52.772+0530] {dag.py:3954} INFO - Setting next_dagrun for example_trigger_target_dag to None, run_after=None
[2026-03-13T05:11:52.778+0530] {processor.py:183} INFO - Processing /Users/aswin/Documents/data-engineering-practice/ETL_Airflow_DBT/airflow/airflow_env/lib/python3.11/site-packages/airflow/example_dags/example_trigger_target_dag.py took 0.052 seconds
[2026-03-13T05:12:43.557+0530] {processor.py:161} INFO - Started process (PID=47542) to work on /Users/aswin/Documents/data-engineering-practice/ETL_Airflow_DBT/airflow/airflow_env/lib/python3.11/site-packages/airflow/example_dags/example_trigger_target_dag.py
[2026-03-13T05:12:43.557+0530] {processor.py:830} INFO - Processing file /Users/aswin/Documents/data-engineering-practice/ETL_Airflow_DBT/airflow/airflow_env/lib/python3.11/site-packages/airflow/example_dags/example_trigger_target_dag.py for tasks to queue
[2026-03-13T05:12:43.557+0530] {logging_mixin.py:188} INFO - [2026-03-13T05:12:43.557+0530] {dagbag.py:540} INFO - Filling up the DagBag from /Users/aswin/Documents/data-engineering-practice/ETL_Airflow_DBT/airflow/airflow_env/lib/python3.11/site-packages/airflow/example_dags/example_trigger_target_dag.py
[2026-03-13T05:12:43.572+0530] {processor.py:840} INFO - DAG(s) 'example_trigger_target_dag' retrieved from /Users/aswin/Documents/data-engineering-practice/ETL_Airflow_DBT/airflow/airflow_env/lib/python3.11/site-packages/airflow/example_dags/example_trigger_target_dag.py
[2026-03-13T05:12:43.601+0530] {logging_mixin.py:188} INFO - [2026-03-13T05:12:43.601+0530] {dag.py:3096} INFO - Sync 1 DAGs
[2026-03-13T05:12:43.604+0530] {logging_mixin.py:188} INFO - [2026-03-13T05:12:43.604+0530] {dag.py:3954} INFO - Setting next_dagrun for example_trigger_target_dag to None, run_after=None
[2026-03-13T05:12:43.610+0530] {processor.py:183} INFO - Processing /Users/aswin/Documents/data-engineering-practice/ETL_Airflow_DBT/airflow/airflow_env/lib/python3.11/site-packages/airflow/example_dags/example_trigger_target_dag.py took 0.054 seconds
[2026-03-13T05:13:34.043+0530] {processor.py:161} INFO - Started process (PID=47647) to work on /Users/aswin/Documents/data-engineering-practice/ETL_Airflow_DBT/airflow/airflow_env/lib/python3.11/site-packages/airflow/example_dags/example_trigger_target_dag.py
[2026-03-13T05:13:34.044+0530] {processor.py:830} INFO - Processing file /Users/aswin/Documents/data-engineering-practice/ETL_Airflow_DBT/airflow/airflow_env/lib/python3.11/site-packages/airflow/example_dags/example_trigger_target_dag.py for tasks to queue
[2026-03-13T05:13:34.045+0530] {logging_mixin.py:188} INFO - [2026-03-13T05:13:34.045+0530] {dagbag.py:540} INFO - Filling up the DagBag from /Users/aswin/Documents/data-engineering-practice/ETL_Airflow_DBT/airflow/airflow_env/lib/python3.11/site-packages/airflow/example_dags/example_trigger_target_dag.py
[2026-03-13T05:13:34.058+0530] {processor.py:840} INFO - DAG(s) 'example_trigger_target_dag' retrieved from /Users/aswin/Documents/data-engineering-practice/ETL_Airflow_DBT/airflow/airflow_env/lib/python3.11/site-packages/airflow/example_dags/example_trigger_target_dag.py
[2026-03-13T05:13:34.087+0530] {logging_mixin.py:188} INFO - [2026-03-13T05:13:34.087+0530] {dag.py:3096} INFO - Sync 1 DAGs
[2026-03-13T05:13:34.090+0530] {logging_mixin.py:188} INFO - [2026-03-13T05:13:34.090+0530] {dag.py:3954} INFO - Setting next_dagrun for example_trigger_target_dag to None, run_after=None
[2026-03-13T05:13:34.098+0530] {processor.py:183} INFO - Processing /Users/aswin/Documents/data-engineering-practice/ETL_Airflow_DBT/airflow/airflow_env/lib/python3.11/site-packages/airflow/example_dags/example_trigger_target_dag.py took 0.055 seconds
[2026-03-13T05:14:15.375+0530] {processor.py:161} INFO - Started process (PID=47730) to work on /Users/aswin/Documents/data-engineering-practice/ETL_Airflow_DBT/airflow/airflow_env/lib/python3.11/site-packages/airflow/example_dags/example_trigger_target_dag.py
[2026-03-13T05:14:15.375+0530] {processor.py:830} INFO - Processing file /Users/aswin/Documents/data-engineering-practice/ETL_Airflow_DBT/airflow/airflow_env/lib/python3.11/site-packages/airflow/example_dags/example_trigger_target_dag.py for tasks to queue
[2026-03-13T05:14:15.375+0530] {logging_mixin.py:188} INFO - [2026-03-13T05:14:15.375+0530] {dagbag.py:540} INFO - Filling up the DagBag from /Users/aswin/Documents/data-engineering-practice/ETL_Airflow_DBT/airflow/airflow_env/lib/python3.11/site-packages/airflow/example_dags/example_trigger_target_dag.py
[2026-03-13T05:14:15.390+0530] {processor.py:840} INFO - DAG(s) 'example_trigger_target_dag' retrieved from /Users/aswin/Documents/data-engineering-practice/ETL_Airflow_DBT/airflow/airflow_env/lib/python3.11/site-packages/airflow/example_dags/example_trigger_target_dag.py
[2026-03-13T05:14:15.419+0530] {logging_mixin.py:188} INFO - [2026-03-13T05:14:15.419+0530] {dag.py:3096} INFO - Sync 1 DAGs
[2026-03-13T05:14:15.423+0530] {logging_mixin.py:188} INFO - [2026-03-13T05:14:15.423+0530] {dag.py:3954} INFO - Setting next_dagrun for example_trigger_target_dag to None, run_after=None
[2026-03-13T05:14:15.429+0530] {processor.py:183} INFO - Processing /Users/aswin/Documents/data-engineering-practice/ETL_Airflow_DBT/airflow/airflow_env/lib/python3.11/site-packages/airflow/example_dags/example_trigger_target_dag.py took 0.055 seconds
[2026-03-13T05:14:58.302+0530] {processor.py:161} INFO - Started process (PID=47820) to work on /Users/aswin/Documents/data-engineering-practice/ETL_Airflow_DBT/airflow/airflow_env/lib/python3.11/site-packages/airflow/example_dags/example_trigger_target_dag.py
[2026-03-13T05:14:58.303+0530] {processor.py:830} INFO - Processing file /Users/aswin/Documents/data-engineering-practice/ETL_Airflow_DBT/airflow/airflow_env/lib/python3.11/site-packages/airflow/example_dags/example_trigger_target_dag.py for tasks to queue
[2026-03-13T05:14:58.304+0530] {logging_mixin.py:188} INFO - [2026-03-13T05:14:58.304+0530] {dagbag.py:540} INFO - Filling up the DagBag from /Users/aswin/Documents/data-engineering-practice/ETL_Airflow_DBT/airflow/airflow_env/lib/python3.11/site-packages/airflow/example_dags/example_trigger_target_dag.py
[2026-03-13T05:14:58.319+0530] {processor.py:840} INFO - DAG(s) 'example_trigger_target_dag' retrieved from /Users/aswin/Documents/data-engineering-practice/ETL_Airflow_DBT/airflow/airflow_env/lib/python3.11/site-packages/airflow/example_dags/example_trigger_target_dag.py
[2026-03-13T05:14:58.350+0530] {logging_mixin.py:188} INFO - [2026-03-13T05:14:58.350+0530] {dag.py:3096} INFO - Sync 1 DAGs
[2026-03-13T05:14:58.353+0530] {logging_mixin.py:188} INFO - [2026-03-13T05:14:58.353+0530] {dag.py:3954} INFO - Setting next_dagrun for example_trigger_target_dag to None, run_after=None
[2026-03-13T05:14:58.359+0530] {processor.py:183} INFO - Processing /Users/aswin/Documents/data-engineering-practice/ETL_Airflow_DBT/airflow/airflow_env/lib/python3.11/site-packages/airflow/example_dags/example_trigger_target_dag.py took 0.058 seconds
[2026-03-13T05:18:55.550+0530] {processor.py:161} INFO - Started process (PID=47971) to work on /Users/aswin/Documents/data-engineering-practice/ETL_Airflow_DBT/airflow/airflow_env/lib/python3.11/site-packages/airflow/example_dags/example_trigger_target_dag.py
[2026-03-13T05:18:55.551+0530] {processor.py:830} INFO - Processing file /Users/aswin/Documents/data-engineering-practice/ETL_Airflow_DBT/airflow/airflow_env/lib/python3.11/site-packages/airflow/example_dags/example_trigger_target_dag.py for tasks to queue
[2026-03-13T05:18:55.551+0530] {logging_mixin.py:188} INFO - [2026-03-13T05:18:55.551+0530] {dagbag.py:540} INFO - Filling up the DagBag from /Users/aswin/Documents/data-engineering-practice/ETL_Airflow_DBT/airflow/airflow_env/lib/python3.11/site-packages/airflow/example_dags/example_trigger_target_dag.py
[2026-03-13T05:18:55.566+0530] {processor.py:840} INFO - DAG(s) 'example_trigger_target_dag' retrieved from /Users/aswin/Documents/data-engineering-practice/ETL_Airflow_DBT/airflow/airflow_env/lib/python3.11/site-packages/airflow/example_dags/example_trigger_target_dag.py
[2026-03-13T05:18:55.597+0530] {logging_mixin.py:188} INFO - [2026-03-13T05:18:55.597+0530] {dag.py:3096} INFO - Sync 1 DAGs
[2026-03-13T05:18:55.600+0530] {logging_mixin.py:188} INFO - [2026-03-13T05:18:55.600+0530] {dag.py:3954} INFO - Setting next_dagrun for example_trigger_target_dag to None, run_after=None
[2026-03-13T05:18:55.606+0530] {processor.py:183} INFO - Processing /Users/aswin/Documents/data-engineering-practice/ETL_Airflow_DBT/airflow/airflow_env/lib/python3.11/site-packages/airflow/example_dags/example_trigger_target_dag.py took 0.057 seconds
[2026-03-13T05:20:17.085+0530] {processor.py:161} INFO - Started process (PID=48055) to work on /Users/aswin/Documents/data-engineering-practice/ETL_Airflow_DBT/airflow/airflow_env/lib/python3.11/site-packages/airflow/example_dags/example_trigger_target_dag.py
[2026-03-13T05:20:17.086+0530] {processor.py:830} INFO - Processing file /Users/aswin/Documents/data-engineering-practice/ETL_Airflow_DBT/airflow/airflow_env/lib/python3.11/site-packages/airflow/example_dags/example_trigger_target_dag.py for tasks to queue
[2026-03-13T05:20:17.086+0530] {logging_mixin.py:188} INFO - [2026-03-13T05:20:17.086+0530] {dagbag.py:540} INFO - Filling up the DagBag from /Users/aswin/Documents/data-engineering-practice/ETL_Airflow_DBT/airflow/airflow_env/lib/python3.11/site-packages/airflow/example_dags/example_trigger_target_dag.py
[2026-03-13T05:20:17.100+0530] {processor.py:840} INFO - DAG(s) 'example_trigger_target_dag' retrieved from /Users/aswin/Documents/data-engineering-practice/ETL_Airflow_DBT/airflow/airflow_env/lib/python3.11/site-packages/airflow/example_dags/example_trigger_target_dag.py
[2026-03-13T05:20:17.128+0530] {logging_mixin.py:188} INFO - [2026-03-13T05:20:17.128+0530] {dag.py:3096} INFO - Sync 1 DAGs
[2026-03-13T05:20:17.131+0530] {logging_mixin.py:188} INFO - [2026-03-13T05:20:17.131+0530] {dag.py:3954} INFO - Setting next_dagrun for example_trigger_target_dag to None, run_after=None
[2026-03-13T05:20:17.136+0530] {processor.py:183} INFO - Processing /Users/aswin/Documents/data-engineering-practice/ETL_Airflow_DBT/airflow/airflow_env/lib/python3.11/site-packages/airflow/example_dags/example_trigger_target_dag.py took 0.052 seconds
[2026-03-13T05:21:59.310+0530] {processor.py:161} INFO - Started process (PID=48182) to work on /Users/aswin/Documents/data-engineering-practice/ETL_Airflow_DBT/airflow/airflow_env/lib/python3.11/site-packages/airflow/example_dags/example_trigger_target_dag.py
[2026-03-13T05:21:59.312+0530] {processor.py:830} INFO - Processing file /Users/aswin/Documents/data-engineering-practice/ETL_Airflow_DBT/airflow/airflow_env/lib/python3.11/site-packages/airflow/example_dags/example_trigger_target_dag.py for tasks to queue
[2026-03-13T05:21:59.312+0530] {logging_mixin.py:188} INFO - [2026-03-13T05:21:59.312+0530] {dagbag.py:540} INFO - Filling up the DagBag from /Users/aswin/Documents/data-engineering-practice/ETL_Airflow_DBT/airflow/airflow_env/lib/python3.11/site-packages/airflow/example_dags/example_trigger_target_dag.py
[2026-03-13T05:21:59.327+0530] {processor.py:840} INFO - DAG(s) 'example_trigger_target_dag' retrieved from /Users/aswin/Documents/data-engineering-practice/ETL_Airflow_DBT/airflow/airflow_env/lib/python3.11/site-packages/airflow/example_dags/example_trigger_target_dag.py
[2026-03-13T05:21:59.359+0530] {logging_mixin.py:188} INFO - [2026-03-13T05:21:59.359+0530] {dag.py:3096} INFO - Sync 1 DAGs
[2026-03-13T05:21:59.362+0530] {logging_mixin.py:188} INFO - [2026-03-13T05:21:59.362+0530] {dag.py:3954} INFO - Setting next_dagrun for example_trigger_target_dag to None, run_after=None
[2026-03-13T05:21:59.368+0530] {processor.py:183} INFO - Processing /Users/aswin/Documents/data-engineering-practice/ETL_Airflow_DBT/airflow/airflow_env/lib/python3.11/site-packages/airflow/example_dags/example_trigger_target_dag.py took 0.059 seconds
