[2026-03-13T04:44:08.103+0530] {processor.py:161} INFO - Started process (PID=47048) to work on /Users/aswin/Documents/data-engineering-practice/ETL_Airflow_DBT/airflow/airflow_env/lib/python3.11/site-packages/airflow/example_dags/example_xcom.py
[2026-03-13T04:44:08.103+0530] {processor.py:830} INFO - Processing file /Users/aswin/Documents/data-engineering-practice/ETL_Airflow_DBT/airflow/airflow_env/lib/python3.11/site-packages/airflow/example_dags/example_xcom.py for tasks to queue
[2026-03-13T04:44:08.104+0530] {logging_mixin.py:188} INFO - [2026-03-13T04:44:08.104+0530] {dagbag.py:540} INFO - Filling up the DagBag from /Users/aswin/Documents/data-engineering-practice/ETL_Airflow_DBT/airflow/airflow_env/lib/python3.11/site-packages/airflow/example_dags/example_xcom.py
[2026-03-13T04:44:08.118+0530] {processor.py:840} INFO - DAG(s) 'example_xcom' retrieved from /Users/aswin/Documents/data-engineering-practice/ETL_Airflow_DBT/airflow/airflow_env/lib/python3.11/site-packages/airflow/example_dags/example_xcom.py
[2026-03-13T04:44:08.148+0530] {logging_mixin.py:188} INFO - [2026-03-13T04:44:08.148+0530] {dag.py:3096} INFO - Sync 1 DAGs
[2026-03-13T04:44:08.153+0530] {logging_mixin.py:188} INFO - [2026-03-13T04:44:08.153+0530] {dag.py:3954} INFO - Setting next_dagrun for example_xcom to 2021-01-01 00:00:00+00:00, run_after=2021-01-01 00:00:00+00:00
[2026-03-13T04:44:08.158+0530] {processor.py:183} INFO - Processing /Users/aswin/Documents/data-engineering-practice/ETL_Airflow_DBT/airflow/airflow_env/lib/python3.11/site-packages/airflow/example_dags/example_xcom.py took 0.056 seconds
[2026-03-13T05:11:51.878+0530] {processor.py:161} INFO - Started process (PID=47449) to work on /Users/aswin/Documents/data-engineering-practice/ETL_Airflow_DBT/airflow/airflow_env/lib/python3.11/site-packages/airflow/example_dags/example_xcom.py
[2026-03-13T05:11:51.879+0530] {processor.py:830} INFO - Processing file /Users/aswin/Documents/data-engineering-practice/ETL_Airflow_DBT/airflow/airflow_env/lib/python3.11/site-packages/airflow/example_dags/example_xcom.py for tasks to queue
[2026-03-13T05:11:51.879+0530] {logging_mixin.py:188} INFO - [2026-03-13T05:11:51.879+0530] {dagbag.py:540} INFO - Filling up the DagBag from /Users/aswin/Documents/data-engineering-practice/ETL_Airflow_DBT/airflow/airflow_env/lib/python3.11/site-packages/airflow/example_dags/example_xcom.py
[2026-03-13T05:11:51.893+0530] {processor.py:840} INFO - DAG(s) 'example_xcom' retrieved from /Users/aswin/Documents/data-engineering-practice/ETL_Airflow_DBT/airflow/airflow_env/lib/python3.11/site-packages/airflow/example_dags/example_xcom.py
[2026-03-13T05:11:51.922+0530] {logging_mixin.py:188} INFO - [2026-03-13T05:11:51.922+0530] {dag.py:3096} INFO - Sync 1 DAGs
[2026-03-13T05:11:51.927+0530] {logging_mixin.py:188} INFO - [2026-03-13T05:11:51.927+0530] {dag.py:3954} INFO - Setting next_dagrun for example_xcom to 2021-01-01 00:00:00+00:00, run_after=2021-01-01 00:00:00+00:00
[2026-03-13T05:11:51.933+0530] {processor.py:183} INFO - Processing /Users/aswin/Documents/data-engineering-practice/ETL_Airflow_DBT/airflow/airflow_env/lib/python3.11/site-packages/airflow/example_dags/example_xcom.py took 0.056 seconds
[2026-03-13T05:12:42.537+0530] {processor.py:161} INFO - Started process (PID=47541) to work on /Users/aswin/Documents/data-engineering-practice/ETL_Airflow_DBT/airflow/airflow_env/lib/python3.11/site-packages/airflow/example_dags/example_xcom.py
[2026-03-13T05:12:42.538+0530] {processor.py:830} INFO - Processing file /Users/aswin/Documents/data-engineering-practice/ETL_Airflow_DBT/airflow/airflow_env/lib/python3.11/site-packages/airflow/example_dags/example_xcom.py for tasks to queue
[2026-03-13T05:12:42.539+0530] {logging_mixin.py:188} INFO - [2026-03-13T05:12:42.539+0530] {dagbag.py:540} INFO - Filling up the DagBag from /Users/aswin/Documents/data-engineering-practice/ETL_Airflow_DBT/airflow/airflow_env/lib/python3.11/site-packages/airflow/example_dags/example_xcom.py
[2026-03-13T05:12:42.553+0530] {processor.py:840} INFO - DAG(s) 'example_xcom' retrieved from /Users/aswin/Documents/data-engineering-practice/ETL_Airflow_DBT/airflow/airflow_env/lib/python3.11/site-packages/airflow/example_dags/example_xcom.py
[2026-03-13T05:12:42.584+0530] {logging_mixin.py:188} INFO - [2026-03-13T05:12:42.583+0530] {dag.py:3096} INFO - Sync 1 DAGs
[2026-03-13T05:12:42.589+0530] {logging_mixin.py:188} INFO - [2026-03-13T05:12:42.589+0530] {dag.py:3954} INFO - Setting next_dagrun for example_xcom to 2021-01-01 00:00:00+00:00, run_after=2021-01-01 00:00:00+00:00
[2026-03-13T05:12:42.596+0530] {processor.py:183} INFO - Processing /Users/aswin/Documents/data-engineering-practice/ETL_Airflow_DBT/airflow/airflow_env/lib/python3.11/site-packages/airflow/example_dags/example_xcom.py took 0.059 seconds
[2026-03-13T05:13:33.038+0530] {processor.py:161} INFO - Started process (PID=47642) to work on /Users/aswin/Documents/data-engineering-practice/ETL_Airflow_DBT/airflow/airflow_env/lib/python3.11/site-packages/airflow/example_dags/example_xcom.py
[2026-03-13T05:13:33.038+0530] {processor.py:830} INFO - Processing file /Users/aswin/Documents/data-engineering-practice/ETL_Airflow_DBT/airflow/airflow_env/lib/python3.11/site-packages/airflow/example_dags/example_xcom.py for tasks to queue
[2026-03-13T05:13:33.038+0530] {logging_mixin.py:188} INFO - [2026-03-13T05:13:33.038+0530] {dagbag.py:540} INFO - Filling up the DagBag from /Users/aswin/Documents/data-engineering-practice/ETL_Airflow_DBT/airflow/airflow_env/lib/python3.11/site-packages/airflow/example_dags/example_xcom.py
[2026-03-13T05:13:33.053+0530] {processor.py:840} INFO - DAG(s) 'example_xcom' retrieved from /Users/aswin/Documents/data-engineering-practice/ETL_Airflow_DBT/airflow/airflow_env/lib/python3.11/site-packages/airflow/example_dags/example_xcom.py
[2026-03-13T05:13:33.083+0530] {logging_mixin.py:188} INFO - [2026-03-13T05:13:33.083+0530] {dag.py:3096} INFO - Sync 1 DAGs
[2026-03-13T05:13:33.088+0530] {logging_mixin.py:188} INFO - [2026-03-13T05:13:33.088+0530] {dag.py:3954} INFO - Setting next_dagrun for example_xcom to 2021-01-01 00:00:00+00:00, run_after=2021-01-01 00:00:00+00:00
[2026-03-13T05:13:33.094+0530] {processor.py:183} INFO - Processing /Users/aswin/Documents/data-engineering-practice/ETL_Airflow_DBT/airflow/airflow_env/lib/python3.11/site-packages/airflow/example_dags/example_xcom.py took 0.058 seconds
[2026-03-13T05:14:14.316+0530] {processor.py:161} INFO - Started process (PID=47727) to work on /Users/aswin/Documents/data-engineering-practice/ETL_Airflow_DBT/airflow/airflow_env/lib/python3.11/site-packages/airflow/example_dags/example_xcom.py
[2026-03-13T05:14:14.317+0530] {processor.py:830} INFO - Processing file /Users/aswin/Documents/data-engineering-practice/ETL_Airflow_DBT/airflow/airflow_env/lib/python3.11/site-packages/airflow/example_dags/example_xcom.py for tasks to queue
[2026-03-13T05:14:14.317+0530] {logging_mixin.py:188} INFO - [2026-03-13T05:14:14.317+0530] {dagbag.py:540} INFO - Filling up the DagBag from /Users/aswin/Documents/data-engineering-practice/ETL_Airflow_DBT/airflow/airflow_env/lib/python3.11/site-packages/airflow/example_dags/example_xcom.py
[2026-03-13T05:14:14.332+0530] {processor.py:840} INFO - DAG(s) 'example_xcom' retrieved from /Users/aswin/Documents/data-engineering-practice/ETL_Airflow_DBT/airflow/airflow_env/lib/python3.11/site-packages/airflow/example_dags/example_xcom.py
[2026-03-13T05:14:14.366+0530] {logging_mixin.py:188} INFO - [2026-03-13T05:14:14.366+0530] {dag.py:3096} INFO - Sync 1 DAGs
[2026-03-13T05:14:14.374+0530] {logging_mixin.py:188} INFO - [2026-03-13T05:14:14.373+0530] {dag.py:3954} INFO - Setting next_dagrun for example_xcom to 2021-01-01 00:00:00+00:00, run_after=2021-01-01 00:00:00+00:00
[2026-03-13T05:14:14.383+0530] {processor.py:183} INFO - Processing /Users/aswin/Documents/data-engineering-practice/ETL_Airflow_DBT/airflow/airflow_env/lib/python3.11/site-packages/airflow/example_dags/example_xcom.py took 0.068 seconds
[2026-03-13T05:14:57.235+0530] {processor.py:161} INFO - Started process (PID=47819) to work on /Users/aswin/Documents/data-engineering-practice/ETL_Airflow_DBT/airflow/airflow_env/lib/python3.11/site-packages/airflow/example_dags/example_xcom.py
[2026-03-13T05:14:57.237+0530] {processor.py:830} INFO - Processing file /Users/aswin/Documents/data-engineering-practice/ETL_Airflow_DBT/airflow/airflow_env/lib/python3.11/site-packages/airflow/example_dags/example_xcom.py for tasks to queue
[2026-03-13T05:14:57.237+0530] {logging_mixin.py:188} INFO - [2026-03-13T05:14:57.237+0530] {dagbag.py:540} INFO - Filling up the DagBag from /Users/aswin/Documents/data-engineering-practice/ETL_Airflow_DBT/airflow/airflow_env/lib/python3.11/site-packages/airflow/example_dags/example_xcom.py
[2026-03-13T05:14:57.252+0530] {processor.py:840} INFO - DAG(s) 'example_xcom' retrieved from /Users/aswin/Documents/data-engineering-practice/ETL_Airflow_DBT/airflow/airflow_env/lib/python3.11/site-packages/airflow/example_dags/example_xcom.py
[2026-03-13T05:14:57.284+0530] {logging_mixin.py:188} INFO - [2026-03-13T05:14:57.284+0530] {dag.py:3096} INFO - Sync 1 DAGs
[2026-03-13T05:14:57.290+0530] {logging_mixin.py:188} INFO - [2026-03-13T05:14:57.290+0530] {dag.py:3954} INFO - Setting next_dagrun for example_xcom to 2021-01-01 00:00:00+00:00, run_after=2021-01-01 00:00:00+00:00
[2026-03-13T05:14:57.296+0530] {processor.py:183} INFO - Processing /Users/aswin/Documents/data-engineering-practice/ETL_Airflow_DBT/airflow/airflow_env/lib/python3.11/site-packages/airflow/example_dags/example_xcom.py took 0.062 seconds
[2026-03-13T05:18:53.853+0530] {processor.py:161} INFO - Started process (PID=47968) to work on /Users/aswin/Documents/data-engineering-practice/ETL_Airflow_DBT/airflow/airflow_env/lib/python3.11/site-packages/airflow/example_dags/example_xcom.py
[2026-03-13T05:18:53.854+0530] {processor.py:830} INFO - Processing file /Users/aswin/Documents/data-engineering-practice/ETL_Airflow_DBT/airflow/airflow_env/lib/python3.11/site-packages/airflow/example_dags/example_xcom.py for tasks to queue
[2026-03-13T05:18:53.854+0530] {logging_mixin.py:188} INFO - [2026-03-13T05:18:53.854+0530] {dagbag.py:540} INFO - Filling up the DagBag from /Users/aswin/Documents/data-engineering-practice/ETL_Airflow_DBT/airflow/airflow_env/lib/python3.11/site-packages/airflow/example_dags/example_xcom.py
[2026-03-13T05:18:53.867+0530] {processor.py:840} INFO - DAG(s) 'example_xcom' retrieved from /Users/aswin/Documents/data-engineering-practice/ETL_Airflow_DBT/airflow/airflow_env/lib/python3.11/site-packages/airflow/example_dags/example_xcom.py
[2026-03-13T05:18:53.896+0530] {logging_mixin.py:188} INFO - [2026-03-13T05:18:53.896+0530] {dag.py:3096} INFO - Sync 1 DAGs
[2026-03-13T05:18:53.901+0530] {logging_mixin.py:188} INFO - [2026-03-13T05:18:53.901+0530] {dag.py:3954} INFO - Setting next_dagrun for example_xcom to 2021-01-01 00:00:00+00:00, run_after=2021-01-01 00:00:00+00:00
[2026-03-13T05:18:53.906+0530] {processor.py:183} INFO - Processing /Users/aswin/Documents/data-engineering-practice/ETL_Airflow_DBT/airflow/airflow_env/lib/python3.11/site-packages/airflow/example_dags/example_xcom.py took 0.054 seconds
[2026-03-13T05:20:15.424+0530] {processor.py:161} INFO - Started process (PID=48053) to work on /Users/aswin/Documents/data-engineering-practice/ETL_Airflow_DBT/airflow/airflow_env/lib/python3.11/site-packages/airflow/example_dags/example_xcom.py
[2026-03-13T05:20:15.425+0530] {processor.py:830} INFO - Processing file /Users/aswin/Documents/data-engineering-practice/ETL_Airflow_DBT/airflow/airflow_env/lib/python3.11/site-packages/airflow/example_dags/example_xcom.py for tasks to queue
[2026-03-13T05:20:15.426+0530] {logging_mixin.py:188} INFO - [2026-03-13T05:20:15.426+0530] {dagbag.py:540} INFO - Filling up the DagBag from /Users/aswin/Documents/data-engineering-practice/ETL_Airflow_DBT/airflow/airflow_env/lib/python3.11/site-packages/airflow/example_dags/example_xcom.py
[2026-03-13T05:20:15.439+0530] {processor.py:840} INFO - DAG(s) 'example_xcom' retrieved from /Users/aswin/Documents/data-engineering-practice/ETL_Airflow_DBT/airflow/airflow_env/lib/python3.11/site-packages/airflow/example_dags/example_xcom.py
[2026-03-13T05:20:15.468+0530] {logging_mixin.py:188} INFO - [2026-03-13T05:20:15.468+0530] {dag.py:3096} INFO - Sync 1 DAGs
[2026-03-13T05:20:15.473+0530] {logging_mixin.py:188} INFO - [2026-03-13T05:20:15.473+0530] {dag.py:3954} INFO - Setting next_dagrun for example_xcom to 2021-01-01 00:00:00+00:00, run_after=2021-01-01 00:00:00+00:00
[2026-03-13T05:20:15.479+0530] {processor.py:183} INFO - Processing /Users/aswin/Documents/data-engineering-practice/ETL_Airflow_DBT/airflow/airflow_env/lib/python3.11/site-packages/airflow/example_dags/example_xcom.py took 0.055 seconds
[2026-03-13T05:21:08.082+0530] {processor.py:161} INFO - Started process (PID=48139) to work on /Users/aswin/Documents/data-engineering-practice/ETL_Airflow_DBT/airflow/airflow_env/lib/python3.11/site-packages/airflow/example_dags/example_xcom.py
[2026-03-13T05:21:08.083+0530] {processor.py:830} INFO - Processing file /Users/aswin/Documents/data-engineering-practice/ETL_Airflow_DBT/airflow/airflow_env/lib/python3.11/site-packages/airflow/example_dags/example_xcom.py for tasks to queue
[2026-03-13T05:21:08.083+0530] {logging_mixin.py:188} INFO - [2026-03-13T05:21:08.083+0530] {dagbag.py:540} INFO - Filling up the DagBag from /Users/aswin/Documents/data-engineering-practice/ETL_Airflow_DBT/airflow/airflow_env/lib/python3.11/site-packages/airflow/example_dags/example_xcom.py
[2026-03-13T05:21:08.097+0530] {processor.py:840} INFO - DAG(s) 'example_xcom' retrieved from /Users/aswin/Documents/data-engineering-practice/ETL_Airflow_DBT/airflow/airflow_env/lib/python3.11/site-packages/airflow/example_dags/example_xcom.py
[2026-03-13T05:21:08.125+0530] {logging_mixin.py:188} INFO - [2026-03-13T05:21:08.125+0530] {dag.py:3096} INFO - Sync 1 DAGs
[2026-03-13T05:21:08.130+0530] {logging_mixin.py:188} INFO - [2026-03-13T05:21:08.130+0530] {dag.py:3954} INFO - Setting next_dagrun for example_xcom to 2021-01-01 00:00:00+00:00, run_after=2021-01-01 00:00:00+00:00
[2026-03-13T05:21:08.136+0530] {processor.py:183} INFO - Processing /Users/aswin/Documents/data-engineering-practice/ETL_Airflow_DBT/airflow/airflow_env/lib/python3.11/site-packages/airflow/example_dags/example_xcom.py took 0.055 seconds
