[2026-03-13T04:44:23.868+0530] {processor.py:161} INFO - Started process (PID=47064) to work on /Users/aswin/Documents/data-engineering-practice/ETL_Airflow_DBT/airflow/airflow_env/lib/python3.11/site-packages/airflow/example_dags/example_short_circuit_decorator.py
[2026-03-13T04:44:23.868+0530] {processor.py:830} INFO - Processing file /Users/aswin/Documents/data-engineering-practice/ETL_Airflow_DBT/airflow/airflow_env/lib/python3.11/site-packages/airflow/example_dags/example_short_circuit_decorator.py for tasks to queue
[2026-03-13T04:44:23.868+0530] {logging_mixin.py:188} INFO - [2026-03-13T04:44:23.868+0530] {dagbag.py:540} INFO - Filling up the DagBag from /Users/aswin/Documents/data-engineering-practice/ETL_Airflow_DBT/airflow/airflow_env/lib/python3.11/site-packages/airflow/example_dags/example_short_circuit_decorator.py
[2026-03-13T04:44:23.883+0530] {processor.py:840} INFO - DAG(s) 'example_short_circuit_decorator' retrieved from /Users/aswin/Documents/data-engineering-practice/ETL_Airflow_DBT/airflow/airflow_env/lib/python3.11/site-packages/airflow/example_dags/example_short_circuit_decorator.py
[2026-03-13T04:44:23.913+0530] {logging_mixin.py:188} INFO - [2026-03-13T04:44:23.913+0530] {dag.py:3096} INFO - Sync 1 DAGs
[2026-03-13T04:44:23.918+0530] {logging_mixin.py:188} INFO - [2026-03-13T04:44:23.918+0530] {dag.py:3954} INFO - Setting next_dagrun for example_short_circuit_decorator to 2026-03-11 00:00:00+00:00, run_after=2026-03-12 00:00:00+00:00
[2026-03-13T04:44:23.923+0530] {processor.py:183} INFO - Processing /Users/aswin/Documents/data-engineering-practice/ETL_Airflow_DBT/airflow/airflow_env/lib/python3.11/site-packages/airflow/example_dags/example_short_circuit_decorator.py took 0.057 seconds
[2026-03-13T05:12:00.898+0530] {processor.py:161} INFO - Started process (PID=47484) to work on /Users/aswin/Documents/data-engineering-practice/ETL_Airflow_DBT/airflow/airflow_env/lib/python3.11/site-packages/airflow/example_dags/example_short_circuit_decorator.py
[2026-03-13T05:12:00.898+0530] {processor.py:830} INFO - Processing file /Users/aswin/Documents/data-engineering-practice/ETL_Airflow_DBT/airflow/airflow_env/lib/python3.11/site-packages/airflow/example_dags/example_short_circuit_decorator.py for tasks to queue
[2026-03-13T05:12:00.898+0530] {logging_mixin.py:188} INFO - [2026-03-13T05:12:00.898+0530] {dagbag.py:540} INFO - Filling up the DagBag from /Users/aswin/Documents/data-engineering-practice/ETL_Airflow_DBT/airflow/airflow_env/lib/python3.11/site-packages/airflow/example_dags/example_short_circuit_decorator.py
[2026-03-13T05:12:00.913+0530] {processor.py:840} INFO - DAG(s) 'example_short_circuit_decorator' retrieved from /Users/aswin/Documents/data-engineering-practice/ETL_Airflow_DBT/airflow/airflow_env/lib/python3.11/site-packages/airflow/example_dags/example_short_circuit_decorator.py
[2026-03-13T05:12:00.943+0530] {logging_mixin.py:188} INFO - [2026-03-13T05:12:00.943+0530] {dag.py:3096} INFO - Sync 1 DAGs
[2026-03-13T05:12:00.948+0530] {logging_mixin.py:188} INFO - [2026-03-13T05:12:00.948+0530] {dag.py:3954} INFO - Setting next_dagrun for example_short_circuit_decorator to 2026-03-11 00:00:00+00:00, run_after=2026-03-12 00:00:00+00:00
[2026-03-13T05:12:00.954+0530] {processor.py:183} INFO - Processing /Users/aswin/Documents/data-engineering-practice/ETL_Airflow_DBT/airflow/airflow_env/lib/python3.11/site-packages/airflow/example_dags/example_short_circuit_decorator.py took 0.057 seconds
[2026-03-13T05:12:52.040+0530] {processor.py:161} INFO - Started process (PID=47556) to work on /Users/aswin/Documents/data-engineering-practice/ETL_Airflow_DBT/airflow/airflow_env/lib/python3.11/site-packages/airflow/example_dags/example_short_circuit_decorator.py
[2026-03-13T05:12:52.041+0530] {processor.py:830} INFO - Processing file /Users/aswin/Documents/data-engineering-practice/ETL_Airflow_DBT/airflow/airflow_env/lib/python3.11/site-packages/airflow/example_dags/example_short_circuit_decorator.py for tasks to queue
[2026-03-13T05:12:52.041+0530] {logging_mixin.py:188} INFO - [2026-03-13T05:12:52.041+0530] {dagbag.py:540} INFO - Filling up the DagBag from /Users/aswin/Documents/data-engineering-practice/ETL_Airflow_DBT/airflow/airflow_env/lib/python3.11/site-packages/airflow/example_dags/example_short_circuit_decorator.py
[2026-03-13T05:12:52.056+0530] {processor.py:840} INFO - DAG(s) 'example_short_circuit_decorator' retrieved from /Users/aswin/Documents/data-engineering-practice/ETL_Airflow_DBT/airflow/airflow_env/lib/python3.11/site-packages/airflow/example_dags/example_short_circuit_decorator.py
[2026-03-13T05:12:52.087+0530] {logging_mixin.py:188} INFO - [2026-03-13T05:12:52.087+0530] {dag.py:3096} INFO - Sync 1 DAGs
[2026-03-13T05:12:52.092+0530] {logging_mixin.py:188} INFO - [2026-03-13T05:12:52.092+0530] {dag.py:3954} INFO - Setting next_dagrun for example_short_circuit_decorator to 2026-03-11 00:00:00+00:00, run_after=2026-03-12 00:00:00+00:00
[2026-03-13T05:12:52.098+0530] {processor.py:183} INFO - Processing /Users/aswin/Documents/data-engineering-practice/ETL_Airflow_DBT/airflow/airflow_env/lib/python3.11/site-packages/airflow/example_dags/example_short_circuit_decorator.py took 0.059 seconds
[2026-03-13T05:13:42.039+0530] {processor.py:161} INFO - Started process (PID=47661) to work on /Users/aswin/Documents/data-engineering-practice/ETL_Airflow_DBT/airflow/airflow_env/lib/python3.11/site-packages/airflow/example_dags/example_short_circuit_decorator.py
[2026-03-13T05:13:42.040+0530] {processor.py:830} INFO - Processing file /Users/aswin/Documents/data-engineering-practice/ETL_Airflow_DBT/airflow/airflow_env/lib/python3.11/site-packages/airflow/example_dags/example_short_circuit_decorator.py for tasks to queue
[2026-03-13T05:13:42.040+0530] {logging_mixin.py:188} INFO - [2026-03-13T05:13:42.040+0530] {dagbag.py:540} INFO - Filling up the DagBag from /Users/aswin/Documents/data-engineering-practice/ETL_Airflow_DBT/airflow/airflow_env/lib/python3.11/site-packages/airflow/example_dags/example_short_circuit_decorator.py
[2026-03-13T05:13:42.055+0530] {processor.py:840} INFO - DAG(s) 'example_short_circuit_decorator' retrieved from /Users/aswin/Documents/data-engineering-practice/ETL_Airflow_DBT/airflow/airflow_env/lib/python3.11/site-packages/airflow/example_dags/example_short_circuit_decorator.py
[2026-03-13T05:13:42.085+0530] {logging_mixin.py:188} INFO - [2026-03-13T05:13:42.085+0530] {dag.py:3096} INFO - Sync 1 DAGs
[2026-03-13T05:13:42.090+0530] {logging_mixin.py:188} INFO - [2026-03-13T05:13:42.090+0530] {dag.py:3954} INFO - Setting next_dagrun for example_short_circuit_decorator to 2026-03-11 00:00:00+00:00, run_after=2026-03-12 00:00:00+00:00
[2026-03-13T05:13:42.096+0530] {processor.py:183} INFO - Processing /Users/aswin/Documents/data-engineering-practice/ETL_Airflow_DBT/airflow/airflow_env/lib/python3.11/site-packages/airflow/example_dags/example_short_circuit_decorator.py took 0.058 seconds
[2026-03-13T05:14:42.724+0530] {processor.py:161} INFO - Started process (PID=47799) to work on /Users/aswin/Documents/data-engineering-practice/ETL_Airflow_DBT/airflow/airflow_env/lib/python3.11/site-packages/airflow/example_dags/example_short_circuit_decorator.py
[2026-03-13T05:14:42.725+0530] {processor.py:830} INFO - Processing file /Users/aswin/Documents/data-engineering-practice/ETL_Airflow_DBT/airflow/airflow_env/lib/python3.11/site-packages/airflow/example_dags/example_short_circuit_decorator.py for tasks to queue
[2026-03-13T05:14:42.726+0530] {logging_mixin.py:188} INFO - [2026-03-13T05:14:42.726+0530] {dagbag.py:540} INFO - Filling up the DagBag from /Users/aswin/Documents/data-engineering-practice/ETL_Airflow_DBT/airflow/airflow_env/lib/python3.11/site-packages/airflow/example_dags/example_short_circuit_decorator.py
[2026-03-13T05:14:42.740+0530] {processor.py:840} INFO - DAG(s) 'example_short_circuit_decorator' retrieved from /Users/aswin/Documents/data-engineering-practice/ETL_Airflow_DBT/airflow/airflow_env/lib/python3.11/site-packages/airflow/example_dags/example_short_circuit_decorator.py
[2026-03-13T05:14:42.773+0530] {logging_mixin.py:188} INFO - [2026-03-13T05:14:42.773+0530] {dag.py:3096} INFO - Sync 1 DAGs
[2026-03-13T05:14:42.778+0530] {logging_mixin.py:188} INFO - [2026-03-13T05:14:42.778+0530] {dag.py:3954} INFO - Setting next_dagrun for example_short_circuit_decorator to 2026-03-11 00:00:00+00:00, run_after=2026-03-12 00:00:00+00:00
[2026-03-13T05:14:42.784+0530] {processor.py:183} INFO - Processing /Users/aswin/Documents/data-engineering-practice/ETL_Airflow_DBT/airflow/airflow_env/lib/python3.11/site-packages/airflow/example_dags/example_short_circuit_decorator.py took 0.061 seconds
[2026-03-13T05:15:24.812+0530] {processor.py:161} INFO - Started process (PID=47857) to work on /Users/aswin/Documents/data-engineering-practice/ETL_Airflow_DBT/airflow/airflow_env/lib/python3.11/site-packages/airflow/example_dags/example_short_circuit_decorator.py
[2026-03-13T05:15:24.812+0530] {processor.py:830} INFO - Processing file /Users/aswin/Documents/data-engineering-practice/ETL_Airflow_DBT/airflow/airflow_env/lib/python3.11/site-packages/airflow/example_dags/example_short_circuit_decorator.py for tasks to queue
[2026-03-13T05:15:24.813+0530] {logging_mixin.py:188} INFO - [2026-03-13T05:15:24.813+0530] {dagbag.py:540} INFO - Filling up the DagBag from /Users/aswin/Documents/data-engineering-practice/ETL_Airflow_DBT/airflow/airflow_env/lib/python3.11/site-packages/airflow/example_dags/example_short_circuit_decorator.py
[2026-03-13T05:15:24.828+0530] {processor.py:840} INFO - DAG(s) 'example_short_circuit_decorator' retrieved from /Users/aswin/Documents/data-engineering-practice/ETL_Airflow_DBT/airflow/airflow_env/lib/python3.11/site-packages/airflow/example_dags/example_short_circuit_decorator.py
[2026-03-13T05:15:24.860+0530] {logging_mixin.py:188} INFO - [2026-03-13T05:15:24.860+0530] {dag.py:3096} INFO - Sync 1 DAGs
[2026-03-13T05:15:24.865+0530] {logging_mixin.py:188} INFO - [2026-03-13T05:15:24.865+0530] {dag.py:3954} INFO - Setting next_dagrun for example_short_circuit_decorator to 2026-03-11 00:00:00+00:00, run_after=2026-03-12 00:00:00+00:00
[2026-03-13T05:15:24.871+0530] {processor.py:183} INFO - Processing /Users/aswin/Documents/data-engineering-practice/ETL_Airflow_DBT/airflow/airflow_env/lib/python3.11/site-packages/airflow/example_dags/example_short_circuit_decorator.py took 0.060 seconds
[2026-03-13T05:19:10.855+0530] {processor.py:161} INFO - Started process (PID=47988) to work on /Users/aswin/Documents/data-engineering-practice/ETL_Airflow_DBT/airflow/airflow_env/lib/python3.11/site-packages/airflow/example_dags/example_short_circuit_decorator.py
[2026-03-13T05:19:10.856+0530] {processor.py:830} INFO - Processing file /Users/aswin/Documents/data-engineering-practice/ETL_Airflow_DBT/airflow/airflow_env/lib/python3.11/site-packages/airflow/example_dags/example_short_circuit_decorator.py for tasks to queue
[2026-03-13T05:19:10.856+0530] {logging_mixin.py:188} INFO - [2026-03-13T05:19:10.856+0530] {dagbag.py:540} INFO - Filling up the DagBag from /Users/aswin/Documents/data-engineering-practice/ETL_Airflow_DBT/airflow/airflow_env/lib/python3.11/site-packages/airflow/example_dags/example_short_circuit_decorator.py
[2026-03-13T05:19:10.870+0530] {processor.py:840} INFO - DAG(s) 'example_short_circuit_decorator' retrieved from /Users/aswin/Documents/data-engineering-practice/ETL_Airflow_DBT/airflow/airflow_env/lib/python3.11/site-packages/airflow/example_dags/example_short_circuit_decorator.py
[2026-03-13T05:19:10.899+0530] {logging_mixin.py:188} INFO - [2026-03-13T05:19:10.899+0530] {dag.py:3096} INFO - Sync 1 DAGs
[2026-03-13T05:19:10.904+0530] {logging_mixin.py:188} INFO - [2026-03-13T05:19:10.904+0530] {dag.py:3954} INFO - Setting next_dagrun for example_short_circuit_decorator to 2026-03-11 00:00:00+00:00, run_after=2026-03-12 00:00:00+00:00
[2026-03-13T05:19:10.910+0530] {processor.py:183} INFO - Processing /Users/aswin/Documents/data-engineering-practice/ETL_Airflow_DBT/airflow/airflow_env/lib/python3.11/site-packages/airflow/example_dags/example_short_circuit_decorator.py took 0.056 seconds
[2026-03-13T05:20:30.540+0530] {processor.py:161} INFO - Started process (PID=48068) to work on /Users/aswin/Documents/data-engineering-practice/ETL_Airflow_DBT/airflow/airflow_env/lib/python3.11/site-packages/airflow/example_dags/example_short_circuit_decorator.py
[2026-03-13T05:20:30.541+0530] {processor.py:830} INFO - Processing file /Users/aswin/Documents/data-engineering-practice/ETL_Airflow_DBT/airflow/airflow_env/lib/python3.11/site-packages/airflow/example_dags/example_short_circuit_decorator.py for tasks to queue
[2026-03-13T05:20:30.541+0530] {logging_mixin.py:188} INFO - [2026-03-13T05:20:30.541+0530] {dagbag.py:540} INFO - Filling up the DagBag from /Users/aswin/Documents/data-engineering-practice/ETL_Airflow_DBT/airflow/airflow_env/lib/python3.11/site-packages/airflow/example_dags/example_short_circuit_decorator.py
[2026-03-13T05:20:30.556+0530] {processor.py:840} INFO - DAG(s) 'example_short_circuit_decorator' retrieved from /Users/aswin/Documents/data-engineering-practice/ETL_Airflow_DBT/airflow/airflow_env/lib/python3.11/site-packages/airflow/example_dags/example_short_circuit_decorator.py
[2026-03-13T05:20:30.585+0530] {logging_mixin.py:188} INFO - [2026-03-13T05:20:30.585+0530] {dag.py:3096} INFO - Sync 1 DAGs
[2026-03-13T05:20:30.590+0530] {logging_mixin.py:188} INFO - [2026-03-13T05:20:30.590+0530] {dag.py:3954} INFO - Setting next_dagrun for example_short_circuit_decorator to 2026-03-11 00:00:00+00:00, run_after=2026-03-12 00:00:00+00:00
[2026-03-13T05:20:30.595+0530] {processor.py:183} INFO - Processing /Users/aswin/Documents/data-engineering-practice/ETL_Airflow_DBT/airflow/airflow_env/lib/python3.11/site-packages/airflow/example_dags/example_short_circuit_decorator.py took 0.056 seconds
[2026-03-13T05:22:13.157+0530] {processor.py:161} INFO - Started process (PID=48208) to work on /Users/aswin/Documents/data-engineering-practice/ETL_Airflow_DBT/airflow/airflow_env/lib/python3.11/site-packages/airflow/example_dags/example_short_circuit_decorator.py
[2026-03-13T05:22:13.158+0530] {processor.py:830} INFO - Processing file /Users/aswin/Documents/data-engineering-practice/ETL_Airflow_DBT/airflow/airflow_env/lib/python3.11/site-packages/airflow/example_dags/example_short_circuit_decorator.py for tasks to queue
[2026-03-13T05:22:13.159+0530] {logging_mixin.py:188} INFO - [2026-03-13T05:22:13.158+0530] {dagbag.py:540} INFO - Filling up the DagBag from /Users/aswin/Documents/data-engineering-practice/ETL_Airflow_DBT/airflow/airflow_env/lib/python3.11/site-packages/airflow/example_dags/example_short_circuit_decorator.py
[2026-03-13T05:22:13.174+0530] {processor.py:840} INFO - DAG(s) 'example_short_circuit_decorator' retrieved from /Users/aswin/Documents/data-engineering-practice/ETL_Airflow_DBT/airflow/airflow_env/lib/python3.11/site-packages/airflow/example_dags/example_short_circuit_decorator.py
[2026-03-13T05:22:13.207+0530] {logging_mixin.py:188} INFO - [2026-03-13T05:22:13.206+0530] {dag.py:3096} INFO - Sync 1 DAGs
[2026-03-13T05:22:13.212+0530] {logging_mixin.py:188} INFO - [2026-03-13T05:22:13.212+0530] {dag.py:3954} INFO - Setting next_dagrun for example_short_circuit_decorator to 2026-03-11 00:00:00+00:00, run_after=2026-03-12 00:00:00+00:00
[2026-03-13T05:22:13.218+0530] {processor.py:183} INFO - Processing /Users/aswin/Documents/data-engineering-practice/ETL_Airflow_DBT/airflow/airflow_env/lib/python3.11/site-packages/airflow/example_dags/example_short_circuit_decorator.py took 0.062 seconds
