[2026-03-13T05:12:06.943+0530] {processor.py:161} INFO - Started process (PID=47490) to work on /Users/aswin/Documents/data-engineering-practice/ETL_Airflow_DBT/airflow/airflow_env/lib/python3.11/site-packages/airflow/example_dags/example_python_decorator.py
[2026-03-13T05:12:06.944+0530] {processor.py:830} INFO - Processing file /Users/aswin/Documents/data-engineering-practice/ETL_Airflow_DBT/airflow/airflow_env/lib/python3.11/site-packages/airflow/example_dags/example_python_decorator.py for tasks to queue
[2026-03-13T05:12:06.944+0530] {logging_mixin.py:188} INFO - [2026-03-13T05:12:06.944+0530] {dagbag.py:540} INFO - Filling up the DagBag from /Users/aswin/Documents/data-engineering-practice/ETL_Airflow_DBT/airflow/airflow_env/lib/python3.11/site-packages/airflow/example_dags/example_python_decorator.py
[2026-03-13T05:12:06.958+0530] {logging_mixin.py:188} INFO - [2026-03-13T05:12:06.958+0530] {example_python_decorator.py:80} WARNING - The virtalenv_python example task requires virtualenv, please install it.
[2026-03-13T05:12:06.958+0530] {processor.py:840} INFO - DAG(s) 'example_python_decorator' retrieved from /Users/aswin/Documents/data-engineering-practice/ETL_Airflow_DBT/airflow/airflow_env/lib/python3.11/site-packages/airflow/example_dags/example_python_decorator.py
[2026-03-13T05:12:06.989+0530] {logging_mixin.py:188} INFO - [2026-03-13T05:12:06.988+0530] {dag.py:3096} INFO - Sync 1 DAGs
[2026-03-13T05:12:06.992+0530] {logging_mixin.py:188} INFO - [2026-03-13T05:12:06.991+0530] {dag.py:3954} INFO - Setting next_dagrun for example_python_decorator to None, run_after=None
[2026-03-13T05:12:06.998+0530] {processor.py:183} INFO - Processing /Users/aswin/Documents/data-engineering-practice/ETL_Airflow_DBT/airflow/airflow_env/lib/python3.11/site-packages/airflow/example_dags/example_python_decorator.py took 0.055 seconds
[2026-03-13T05:12:57.519+0530] {processor.py:161} INFO - Started process (PID=47570) to work on /Users/aswin/Documents/data-engineering-practice/ETL_Airflow_DBT/airflow/airflow_env/lib/python3.11/site-packages/airflow/example_dags/example_python_decorator.py
[2026-03-13T05:12:57.520+0530] {processor.py:830} INFO - Processing file /Users/aswin/Documents/data-engineering-practice/ETL_Airflow_DBT/airflow/airflow_env/lib/python3.11/site-packages/airflow/example_dags/example_python_decorator.py for tasks to queue
[2026-03-13T05:12:57.520+0530] {logging_mixin.py:188} INFO - [2026-03-13T05:12:57.520+0530] {dagbag.py:540} INFO - Filling up the DagBag from /Users/aswin/Documents/data-engineering-practice/ETL_Airflow_DBT/airflow/airflow_env/lib/python3.11/site-packages/airflow/example_dags/example_python_decorator.py
[2026-03-13T05:12:57.534+0530] {logging_mixin.py:188} INFO - [2026-03-13T05:12:57.534+0530] {example_python_decorator.py:80} WARNING - The virtalenv_python example task requires virtualenv, please install it.
[2026-03-13T05:12:57.535+0530] {processor.py:840} INFO - DAG(s) 'example_python_decorator' retrieved from /Users/aswin/Documents/data-engineering-practice/ETL_Airflow_DBT/airflow/airflow_env/lib/python3.11/site-packages/airflow/example_dags/example_python_decorator.py
[2026-03-13T05:12:57.566+0530] {logging_mixin.py:188} INFO - [2026-03-13T05:12:57.565+0530] {dag.py:3096} INFO - Sync 1 DAGs
[2026-03-13T05:12:57.569+0530] {logging_mixin.py:188} INFO - [2026-03-13T05:12:57.569+0530] {dag.py:3954} INFO - Setting next_dagrun for example_python_decorator to None, run_after=None
[2026-03-13T05:12:57.575+0530] {processor.py:183} INFO - Processing /Users/aswin/Documents/data-engineering-practice/ETL_Airflow_DBT/airflow/airflow_env/lib/python3.11/site-packages/airflow/example_dags/example_python_decorator.py took 0.056 seconds
[2026-03-13T05:13:47.891+0530] {processor.py:161} INFO - Started process (PID=47674) to work on /Users/aswin/Documents/data-engineering-practice/ETL_Airflow_DBT/airflow/airflow_env/lib/python3.11/site-packages/airflow/example_dags/example_python_decorator.py
[2026-03-13T05:13:47.891+0530] {processor.py:830} INFO - Processing file /Users/aswin/Documents/data-engineering-practice/ETL_Airflow_DBT/airflow/airflow_env/lib/python3.11/site-packages/airflow/example_dags/example_python_decorator.py for tasks to queue
[2026-03-13T05:13:47.892+0530] {logging_mixin.py:188} INFO - [2026-03-13T05:13:47.892+0530] {dagbag.py:540} INFO - Filling up the DagBag from /Users/aswin/Documents/data-engineering-practice/ETL_Airflow_DBT/airflow/airflow_env/lib/python3.11/site-packages/airflow/example_dags/example_python_decorator.py
[2026-03-13T05:13:47.907+0530] {logging_mixin.py:188} INFO - [2026-03-13T05:13:47.907+0530] {example_python_decorator.py:80} WARNING - The virtalenv_python example task requires virtualenv, please install it.
[2026-03-13T05:13:47.908+0530] {processor.py:840} INFO - DAG(s) 'example_python_decorator' retrieved from /Users/aswin/Documents/data-engineering-practice/ETL_Airflow_DBT/airflow/airflow_env/lib/python3.11/site-packages/airflow/example_dags/example_python_decorator.py
[2026-03-13T05:13:47.938+0530] {logging_mixin.py:188} INFO - [2026-03-13T05:13:47.938+0530] {dag.py:3096} INFO - Sync 1 DAGs
[2026-03-13T05:13:47.941+0530] {logging_mixin.py:188} INFO - [2026-03-13T05:13:47.941+0530] {dag.py:3954} INFO - Setting next_dagrun for example_python_decorator to None, run_after=None
[2026-03-13T05:13:47.947+0530] {processor.py:183} INFO - Processing /Users/aswin/Documents/data-engineering-practice/ETL_Airflow_DBT/airflow/airflow_env/lib/python3.11/site-packages/airflow/example_dags/example_python_decorator.py took 0.058 seconds
[2026-03-13T05:14:48.546+0530] {processor.py:161} INFO - Started process (PID=47807) to work on /Users/aswin/Documents/data-engineering-practice/ETL_Airflow_DBT/airflow/airflow_env/lib/python3.11/site-packages/airflow/example_dags/example_python_decorator.py
[2026-03-13T05:14:48.547+0530] {processor.py:830} INFO - Processing file /Users/aswin/Documents/data-engineering-practice/ETL_Airflow_DBT/airflow/airflow_env/lib/python3.11/site-packages/airflow/example_dags/example_python_decorator.py for tasks to queue
[2026-03-13T05:14:48.547+0530] {logging_mixin.py:188} INFO - [2026-03-13T05:14:48.547+0530] {dagbag.py:540} INFO - Filling up the DagBag from /Users/aswin/Documents/data-engineering-practice/ETL_Airflow_DBT/airflow/airflow_env/lib/python3.11/site-packages/airflow/example_dags/example_python_decorator.py
[2026-03-13T05:14:48.561+0530] {logging_mixin.py:188} INFO - [2026-03-13T05:14:48.561+0530] {example_python_decorator.py:80} WARNING - The virtalenv_python example task requires virtualenv, please install it.
[2026-03-13T05:14:48.561+0530] {processor.py:840} INFO - DAG(s) 'example_python_decorator' retrieved from /Users/aswin/Documents/data-engineering-practice/ETL_Airflow_DBT/airflow/airflow_env/lib/python3.11/site-packages/airflow/example_dags/example_python_decorator.py
[2026-03-13T05:14:48.592+0530] {logging_mixin.py:188} INFO - [2026-03-13T05:14:48.591+0530] {dag.py:3096} INFO - Sync 1 DAGs
[2026-03-13T05:14:48.595+0530] {logging_mixin.py:188} INFO - [2026-03-13T05:14:48.595+0530] {dag.py:3954} INFO - Setting next_dagrun for example_python_decorator to None, run_after=None
[2026-03-13T05:14:48.600+0530] {processor.py:183} INFO - Processing /Users/aswin/Documents/data-engineering-practice/ETL_Airflow_DBT/airflow/airflow_env/lib/python3.11/site-packages/airflow/example_dags/example_python_decorator.py took 0.055 seconds
[2026-03-13T05:19:18.792+0530] {processor.py:161} INFO - Started process (PID=47998) to work on /Users/aswin/Documents/data-engineering-practice/ETL_Airflow_DBT/airflow/airflow_env/lib/python3.11/site-packages/airflow/example_dags/example_python_decorator.py
[2026-03-13T05:19:18.792+0530] {processor.py:830} INFO - Processing file /Users/aswin/Documents/data-engineering-practice/ETL_Airflow_DBT/airflow/airflow_env/lib/python3.11/site-packages/airflow/example_dags/example_python_decorator.py for tasks to queue
[2026-03-13T05:19:18.793+0530] {logging_mixin.py:188} INFO - [2026-03-13T05:19:18.792+0530] {dagbag.py:540} INFO - Filling up the DagBag from /Users/aswin/Documents/data-engineering-practice/ETL_Airflow_DBT/airflow/airflow_env/lib/python3.11/site-packages/airflow/example_dags/example_python_decorator.py
[2026-03-13T05:19:18.806+0530] {logging_mixin.py:188} INFO - [2026-03-13T05:19:18.806+0530] {example_python_decorator.py:80} WARNING - The virtalenv_python example task requires virtualenv, please install it.
[2026-03-13T05:19:18.806+0530] {processor.py:840} INFO - DAG(s) 'example_python_decorator' retrieved from /Users/aswin/Documents/data-engineering-practice/ETL_Airflow_DBT/airflow/airflow_env/lib/python3.11/site-packages/airflow/example_dags/example_python_decorator.py
[2026-03-13T05:19:18.835+0530] {logging_mixin.py:188} INFO - [2026-03-13T05:19:18.835+0530] {dag.py:3096} INFO - Sync 1 DAGs
[2026-03-13T05:19:18.838+0530] {logging_mixin.py:188} INFO - [2026-03-13T05:19:18.838+0530] {dag.py:3954} INFO - Setting next_dagrun for example_python_decorator to None, run_after=None
[2026-03-13T05:19:18.844+0530] {processor.py:183} INFO - Processing /Users/aswin/Documents/data-engineering-practice/ETL_Airflow_DBT/airflow/airflow_env/lib/python3.11/site-packages/airflow/example_dags/example_python_decorator.py took 0.053 seconds
[2026-03-13T05:20:39.909+0530] {processor.py:161} INFO - Started process (PID=48083) to work on /Users/aswin/Documents/data-engineering-practice/ETL_Airflow_DBT/airflow/airflow_env/lib/python3.11/site-packages/airflow/example_dags/example_python_decorator.py
[2026-03-13T05:20:39.910+0530] {processor.py:830} INFO - Processing file /Users/aswin/Documents/data-engineering-practice/ETL_Airflow_DBT/airflow/airflow_env/lib/python3.11/site-packages/airflow/example_dags/example_python_decorator.py for tasks to queue
[2026-03-13T05:20:39.910+0530] {logging_mixin.py:188} INFO - [2026-03-13T05:20:39.910+0530] {dagbag.py:540} INFO - Filling up the DagBag from /Users/aswin/Documents/data-engineering-practice/ETL_Airflow_DBT/airflow/airflow_env/lib/python3.11/site-packages/airflow/example_dags/example_python_decorator.py
[2026-03-13T05:20:39.924+0530] {logging_mixin.py:188} INFO - [2026-03-13T05:20:39.924+0530] {example_python_decorator.py:80} WARNING - The virtalenv_python example task requires virtualenv, please install it.
[2026-03-13T05:20:39.925+0530] {processor.py:840} INFO - DAG(s) 'example_python_decorator' retrieved from /Users/aswin/Documents/data-engineering-practice/ETL_Airflow_DBT/airflow/airflow_env/lib/python3.11/site-packages/airflow/example_dags/example_python_decorator.py
[2026-03-13T05:20:39.957+0530] {logging_mixin.py:188} INFO - [2026-03-13T05:20:39.957+0530] {dag.py:3096} INFO - Sync 1 DAGs
[2026-03-13T05:20:39.960+0530] {logging_mixin.py:188} INFO - [2026-03-13T05:20:39.960+0530] {dag.py:3954} INFO - Setting next_dagrun for example_python_decorator to None, run_after=None
[2026-03-13T05:20:39.966+0530] {processor.py:183} INFO - Processing /Users/aswin/Documents/data-engineering-practice/ETL_Airflow_DBT/airflow/airflow_env/lib/python3.11/site-packages/airflow/example_dags/example_python_decorator.py took 0.059 seconds
[2026-03-13T05:22:22.278+0530] {processor.py:161} INFO - Started process (PID=48215) to work on /Users/aswin/Documents/data-engineering-practice/ETL_Airflow_DBT/airflow/airflow_env/lib/python3.11/site-packages/airflow/example_dags/example_python_decorator.py
[2026-03-13T05:22:22.279+0530] {processor.py:830} INFO - Processing file /Users/aswin/Documents/data-engineering-practice/ETL_Airflow_DBT/airflow/airflow_env/lib/python3.11/site-packages/airflow/example_dags/example_python_decorator.py for tasks to queue
[2026-03-13T05:22:22.279+0530] {logging_mixin.py:188} INFO - [2026-03-13T05:22:22.279+0530] {dagbag.py:540} INFO - Filling up the DagBag from /Users/aswin/Documents/data-engineering-practice/ETL_Airflow_DBT/airflow/airflow_env/lib/python3.11/site-packages/airflow/example_dags/example_python_decorator.py
[2026-03-13T05:22:22.293+0530] {logging_mixin.py:188} INFO - [2026-03-13T05:22:22.293+0530] {example_python_decorator.py:80} WARNING - The virtalenv_python example task requires virtualenv, please install it.
[2026-03-13T05:22:22.294+0530] {processor.py:840} INFO - DAG(s) 'example_python_decorator' retrieved from /Users/aswin/Documents/data-engineering-practice/ETL_Airflow_DBT/airflow/airflow_env/lib/python3.11/site-packages/airflow/example_dags/example_python_decorator.py
[2026-03-13T05:22:22.325+0530] {logging_mixin.py:188} INFO - [2026-03-13T05:22:22.324+0530] {dag.py:3096} INFO - Sync 1 DAGs
[2026-03-13T05:22:22.328+0530] {logging_mixin.py:188} INFO - [2026-03-13T05:22:22.328+0530] {dag.py:3954} INFO - Setting next_dagrun for example_python_decorator to None, run_after=None
[2026-03-13T05:22:22.334+0530] {processor.py:183} INFO - Processing /Users/aswin/Documents/data-engineering-practice/ETL_Airflow_DBT/airflow/airflow_env/lib/python3.11/site-packages/airflow/example_dags/example_python_decorator.py took 0.057 seconds
