[2026-03-13T04:44:18.889+0530] {processor.py:161} INFO - Started process (PID=47059) to work on /Users/aswin/Documents/data-engineering-practice/ETL_Airflow_DBT/airflow/airflow_env/lib/python3.11/site-packages/airflow/example_dags/example_sla_dag.py
[2026-03-13T04:44:18.890+0530] {processor.py:830} INFO - Processing file /Users/aswin/Documents/data-engineering-practice/ETL_Airflow_DBT/airflow/airflow_env/lib/python3.11/site-packages/airflow/example_dags/example_sla_dag.py for tasks to queue
[2026-03-13T04:44:18.890+0530] {logging_mixin.py:188} INFO - [2026-03-13T04:44:18.890+0530] {dagbag.py:540} INFO - Filling up the DagBag from /Users/aswin/Documents/data-engineering-practice/ETL_Airflow_DBT/airflow/airflow_env/lib/python3.11/site-packages/airflow/example_dags/example_sla_dag.py
[2026-03-13T04:44:18.905+0530] {processor.py:840} INFO - DAG(s) 'example_sla_dag' retrieved from /Users/aswin/Documents/data-engineering-practice/ETL_Airflow_DBT/airflow/airflow_env/lib/python3.11/site-packages/airflow/example_dags/example_sla_dag.py
[2026-03-13T04:44:18.934+0530] {logging_mixin.py:188} INFO - [2026-03-13T04:44:18.934+0530] {dag.py:3096} INFO - Sync 1 DAGs
[2026-03-13T04:44:18.940+0530] {logging_mixin.py:188} INFO - [2026-03-13T04:44:18.940+0530] {dag.py:3954} INFO - Setting next_dagrun for example_sla_dag to 2026-03-12 23:12:00+00:00, run_after=2026-03-12 23:14:00+00:00
[2026-03-13T04:44:18.949+0530] {processor.py:183} INFO - Processing /Users/aswin/Documents/data-engineering-practice/ETL_Airflow_DBT/airflow/airflow_env/lib/python3.11/site-packages/airflow/example_dags/example_sla_dag.py took 0.061 seconds
[2026-03-13T05:11:58.156+0530] {processor.py:161} INFO - Started process (PID=47470) to work on /Users/aswin/Documents/data-engineering-practice/ETL_Airflow_DBT/airflow/airflow_env/lib/python3.11/site-packages/airflow/example_dags/example_sla_dag.py
[2026-03-13T05:11:58.157+0530] {processor.py:830} INFO - Processing file /Users/aswin/Documents/data-engineering-practice/ETL_Airflow_DBT/airflow/airflow_env/lib/python3.11/site-packages/airflow/example_dags/example_sla_dag.py for tasks to queue
[2026-03-13T05:11:58.157+0530] {logging_mixin.py:188} INFO - [2026-03-13T05:11:58.157+0530] {dagbag.py:540} INFO - Filling up the DagBag from /Users/aswin/Documents/data-engineering-practice/ETL_Airflow_DBT/airflow/airflow_env/lib/python3.11/site-packages/airflow/example_dags/example_sla_dag.py
[2026-03-13T05:11:58.171+0530] {processor.py:840} INFO - DAG(s) 'example_sla_dag' retrieved from /Users/aswin/Documents/data-engineering-practice/ETL_Airflow_DBT/airflow/airflow_env/lib/python3.11/site-packages/airflow/example_dags/example_sla_dag.py
[2026-03-13T05:11:58.200+0530] {logging_mixin.py:188} INFO - [2026-03-13T05:11:58.200+0530] {dag.py:3096} INFO - Sync 1 DAGs
[2026-03-13T05:11:58.207+0530] {logging_mixin.py:188} INFO - [2026-03-13T05:11:58.207+0530] {dag.py:3954} INFO - Setting next_dagrun for example_sla_dag to 2026-03-12 23:38:00+00:00, run_after=2026-03-12 23:40:00+00:00
[2026-03-13T05:11:58.212+0530] {processor.py:183} INFO - Processing /Users/aswin/Documents/data-engineering-practice/ETL_Airflow_DBT/airflow/airflow_env/lib/python3.11/site-packages/airflow/example_dags/example_sla_dag.py took 0.057 seconds
[2026-03-13T05:12:49.643+0530] {processor.py:161} INFO - Started process (PID=47552) to work on /Users/aswin/Documents/data-engineering-practice/ETL_Airflow_DBT/airflow/airflow_env/lib/python3.11/site-packages/airflow/example_dags/example_sla_dag.py
[2026-03-13T05:12:49.644+0530] {processor.py:830} INFO - Processing file /Users/aswin/Documents/data-engineering-practice/ETL_Airflow_DBT/airflow/airflow_env/lib/python3.11/site-packages/airflow/example_dags/example_sla_dag.py for tasks to queue
[2026-03-13T05:12:49.644+0530] {logging_mixin.py:188} INFO - [2026-03-13T05:12:49.644+0530] {dagbag.py:540} INFO - Filling up the DagBag from /Users/aswin/Documents/data-engineering-practice/ETL_Airflow_DBT/airflow/airflow_env/lib/python3.11/site-packages/airflow/example_dags/example_sla_dag.py
[2026-03-13T05:12:49.658+0530] {processor.py:840} INFO - DAG(s) 'example_sla_dag' retrieved from /Users/aswin/Documents/data-engineering-practice/ETL_Airflow_DBT/airflow/airflow_env/lib/python3.11/site-packages/airflow/example_dags/example_sla_dag.py
[2026-03-13T05:12:49.687+0530] {logging_mixin.py:188} INFO - [2026-03-13T05:12:49.687+0530] {dag.py:3096} INFO - Sync 1 DAGs
[2026-03-13T05:12:49.693+0530] {logging_mixin.py:188} INFO - [2026-03-13T05:12:49.693+0530] {dag.py:3954} INFO - Setting next_dagrun for example_sla_dag to 2026-03-12 23:40:00+00:00, run_after=2026-03-12 23:42:00+00:00
[2026-03-13T05:12:49.699+0530] {processor.py:183} INFO - Processing /Users/aswin/Documents/data-engineering-practice/ETL_Airflow_DBT/airflow/airflow_env/lib/python3.11/site-packages/airflow/example_dags/example_sla_dag.py took 0.057 seconds
[2026-03-13T05:13:39.456+0530] {processor.py:161} INFO - Started process (PID=47658) to work on /Users/aswin/Documents/data-engineering-practice/ETL_Airflow_DBT/airflow/airflow_env/lib/python3.11/site-packages/airflow/example_dags/example_sla_dag.py
[2026-03-13T05:13:39.456+0530] {processor.py:830} INFO - Processing file /Users/aswin/Documents/data-engineering-practice/ETL_Airflow_DBT/airflow/airflow_env/lib/python3.11/site-packages/airflow/example_dags/example_sla_dag.py for tasks to queue
[2026-03-13T05:13:39.456+0530] {logging_mixin.py:188} INFO - [2026-03-13T05:13:39.456+0530] {dagbag.py:540} INFO - Filling up the DagBag from /Users/aswin/Documents/data-engineering-practice/ETL_Airflow_DBT/airflow/airflow_env/lib/python3.11/site-packages/airflow/example_dags/example_sla_dag.py
[2026-03-13T05:13:39.472+0530] {processor.py:840} INFO - DAG(s) 'example_sla_dag' retrieved from /Users/aswin/Documents/data-engineering-practice/ETL_Airflow_DBT/airflow/airflow_env/lib/python3.11/site-packages/airflow/example_dags/example_sla_dag.py
[2026-03-13T05:13:39.502+0530] {logging_mixin.py:188} INFO - [2026-03-13T05:13:39.502+0530] {dag.py:3096} INFO - Sync 1 DAGs
[2026-03-13T05:13:39.509+0530] {logging_mixin.py:188} INFO - [2026-03-13T05:13:39.509+0530] {dag.py:3954} INFO - Setting next_dagrun for example_sla_dag to 2026-03-12 23:40:00+00:00, run_after=2026-03-12 23:42:00+00:00
[2026-03-13T05:13:39.515+0530] {processor.py:183} INFO - Processing /Users/aswin/Documents/data-engineering-practice/ETL_Airflow_DBT/airflow/airflow_env/lib/python3.11/site-packages/airflow/example_dags/example_sla_dag.py took 0.060 seconds
[2026-03-13T05:14:21.420+0530] {processor.py:161} INFO - Started process (PID=47746) to work on /Users/aswin/Documents/data-engineering-practice/ETL_Airflow_DBT/airflow/airflow_env/lib/python3.11/site-packages/airflow/example_dags/example_sla_dag.py
[2026-03-13T05:14:21.421+0530] {processor.py:830} INFO - Processing file /Users/aswin/Documents/data-engineering-practice/ETL_Airflow_DBT/airflow/airflow_env/lib/python3.11/site-packages/airflow/example_dags/example_sla_dag.py for tasks to queue
[2026-03-13T05:14:21.421+0530] {logging_mixin.py:188} INFO - [2026-03-13T05:14:21.421+0530] {dagbag.py:540} INFO - Filling up the DagBag from /Users/aswin/Documents/data-engineering-practice/ETL_Airflow_DBT/airflow/airflow_env/lib/python3.11/site-packages/airflow/example_dags/example_sla_dag.py
[2026-03-13T05:14:21.437+0530] {processor.py:840} INFO - DAG(s) 'example_sla_dag' retrieved from /Users/aswin/Documents/data-engineering-practice/ETL_Airflow_DBT/airflow/airflow_env/lib/python3.11/site-packages/airflow/example_dags/example_sla_dag.py
[2026-03-13T05:14:21.467+0530] {logging_mixin.py:188} INFO - [2026-03-13T05:14:21.467+0530] {dag.py:3096} INFO - Sync 1 DAGs
[2026-03-13T05:14:21.474+0530] {logging_mixin.py:188} INFO - [2026-03-13T05:14:21.474+0530] {dag.py:3954} INFO - Setting next_dagrun for example_sla_dag to 2026-03-12 23:42:00+00:00, run_after=2026-03-12 23:44:00+00:00
[2026-03-13T05:14:21.480+0530] {processor.py:183} INFO - Processing /Users/aswin/Documents/data-engineering-practice/ETL_Airflow_DBT/airflow/airflow_env/lib/python3.11/site-packages/airflow/example_dags/example_sla_dag.py took 0.060 seconds
[2026-03-13T05:15:03.704+0530] {processor.py:161} INFO - Started process (PID=47826) to work on /Users/aswin/Documents/data-engineering-practice/ETL_Airflow_DBT/airflow/airflow_env/lib/python3.11/site-packages/airflow/example_dags/example_sla_dag.py
[2026-03-13T05:15:03.705+0530] {processor.py:830} INFO - Processing file /Users/aswin/Documents/data-engineering-practice/ETL_Airflow_DBT/airflow/airflow_env/lib/python3.11/site-packages/airflow/example_dags/example_sla_dag.py for tasks to queue
[2026-03-13T05:15:03.706+0530] {logging_mixin.py:188} INFO - [2026-03-13T05:15:03.705+0530] {dagbag.py:540} INFO - Filling up the DagBag from /Users/aswin/Documents/data-engineering-practice/ETL_Airflow_DBT/airflow/airflow_env/lib/python3.11/site-packages/airflow/example_dags/example_sla_dag.py
[2026-03-13T05:15:03.721+0530] {processor.py:840} INFO - DAG(s) 'example_sla_dag' retrieved from /Users/aswin/Documents/data-engineering-practice/ETL_Airflow_DBT/airflow/airflow_env/lib/python3.11/site-packages/airflow/example_dags/example_sla_dag.py
[2026-03-13T05:15:03.751+0530] {logging_mixin.py:188} INFO - [2026-03-13T05:15:03.750+0530] {dag.py:3096} INFO - Sync 1 DAGs
[2026-03-13T05:15:03.757+0530] {logging_mixin.py:188} INFO - [2026-03-13T05:15:03.757+0530] {dag.py:3954} INFO - Setting next_dagrun for example_sla_dag to 2026-03-12 23:42:00+00:00, run_after=2026-03-12 23:44:00+00:00
[2026-03-13T05:15:03.763+0530] {processor.py:183} INFO - Processing /Users/aswin/Documents/data-engineering-practice/ETL_Airflow_DBT/airflow/airflow_env/lib/python3.11/site-packages/airflow/example_dags/example_sla_dag.py took 0.060 seconds
[2026-03-13T05:19:05.885+0530] {processor.py:161} INFO - Started process (PID=47985) to work on /Users/aswin/Documents/data-engineering-practice/ETL_Airflow_DBT/airflow/airflow_env/lib/python3.11/site-packages/airflow/example_dags/example_sla_dag.py
[2026-03-13T05:19:05.886+0530] {processor.py:830} INFO - Processing file /Users/aswin/Documents/data-engineering-practice/ETL_Airflow_DBT/airflow/airflow_env/lib/python3.11/site-packages/airflow/example_dags/example_sla_dag.py for tasks to queue
[2026-03-13T05:19:05.886+0530] {logging_mixin.py:188} INFO - [2026-03-13T05:19:05.886+0530] {dagbag.py:540} INFO - Filling up the DagBag from /Users/aswin/Documents/data-engineering-practice/ETL_Airflow_DBT/airflow/airflow_env/lib/python3.11/site-packages/airflow/example_dags/example_sla_dag.py
[2026-03-13T05:19:05.900+0530] {processor.py:840} INFO - DAG(s) 'example_sla_dag' retrieved from /Users/aswin/Documents/data-engineering-practice/ETL_Airflow_DBT/airflow/airflow_env/lib/python3.11/site-packages/airflow/example_dags/example_sla_dag.py
[2026-03-13T05:19:05.929+0530] {logging_mixin.py:188} INFO - [2026-03-13T05:19:05.929+0530] {dag.py:3096} INFO - Sync 1 DAGs
[2026-03-13T05:19:05.935+0530] {logging_mixin.py:188} INFO - [2026-03-13T05:19:05.935+0530] {dag.py:3954} INFO - Setting next_dagrun for example_sla_dag to 2026-03-12 23:46:00+00:00, run_after=2026-03-12 23:48:00+00:00
[2026-03-13T05:19:05.941+0530] {processor.py:183} INFO - Processing /Users/aswin/Documents/data-engineering-practice/ETL_Airflow_DBT/airflow/airflow_env/lib/python3.11/site-packages/airflow/example_dags/example_sla_dag.py took 0.057 seconds
[2026-03-13T05:20:25.826+0530] {processor.py:161} INFO - Started process (PID=48061) to work on /Users/aswin/Documents/data-engineering-practice/ETL_Airflow_DBT/airflow/airflow_env/lib/python3.11/site-packages/airflow/example_dags/example_sla_dag.py
[2026-03-13T05:20:25.828+0530] {processor.py:830} INFO - Processing file /Users/aswin/Documents/data-engineering-practice/ETL_Airflow_DBT/airflow/airflow_env/lib/python3.11/site-packages/airflow/example_dags/example_sla_dag.py for tasks to queue
[2026-03-13T05:20:25.828+0530] {logging_mixin.py:188} INFO - [2026-03-13T05:20:25.828+0530] {dagbag.py:540} INFO - Filling up the DagBag from /Users/aswin/Documents/data-engineering-practice/ETL_Airflow_DBT/airflow/airflow_env/lib/python3.11/site-packages/airflow/example_dags/example_sla_dag.py
[2026-03-13T05:20:25.842+0530] {processor.py:840} INFO - DAG(s) 'example_sla_dag' retrieved from /Users/aswin/Documents/data-engineering-practice/ETL_Airflow_DBT/airflow/airflow_env/lib/python3.11/site-packages/airflow/example_dags/example_sla_dag.py
[2026-03-13T05:20:25.871+0530] {logging_mixin.py:188} INFO - [2026-03-13T05:20:25.871+0530] {dag.py:3096} INFO - Sync 1 DAGs
[2026-03-13T05:20:25.877+0530] {logging_mixin.py:188} INFO - [2026-03-13T05:20:25.877+0530] {dag.py:3954} INFO - Setting next_dagrun for example_sla_dag to 2026-03-12 23:48:00+00:00, run_after=2026-03-12 23:50:00+00:00
[2026-03-13T05:20:25.883+0530] {processor.py:183} INFO - Processing /Users/aswin/Documents/data-engineering-practice/ETL_Airflow_DBT/airflow/airflow_env/lib/python3.11/site-packages/airflow/example_dags/example_sla_dag.py took 0.057 seconds
[2026-03-13T05:22:09.167+0530] {processor.py:161} INFO - Started process (PID=48205) to work on /Users/aswin/Documents/data-engineering-practice/ETL_Airflow_DBT/airflow/airflow_env/lib/python3.11/site-packages/airflow/example_dags/example_sla_dag.py
[2026-03-13T05:22:09.167+0530] {processor.py:830} INFO - Processing file /Users/aswin/Documents/data-engineering-practice/ETL_Airflow_DBT/airflow/airflow_env/lib/python3.11/site-packages/airflow/example_dags/example_sla_dag.py for tasks to queue
[2026-03-13T05:22:09.167+0530] {logging_mixin.py:188} INFO - [2026-03-13T05:22:09.167+0530] {dagbag.py:540} INFO - Filling up the DagBag from /Users/aswin/Documents/data-engineering-practice/ETL_Airflow_DBT/airflow/airflow_env/lib/python3.11/site-packages/airflow/example_dags/example_sla_dag.py
[2026-03-13T05:22:09.183+0530] {processor.py:840} INFO - DAG(s) 'example_sla_dag' retrieved from /Users/aswin/Documents/data-engineering-practice/ETL_Airflow_DBT/airflow/airflow_env/lib/python3.11/site-packages/airflow/example_dags/example_sla_dag.py
[2026-03-13T05:22:09.214+0530] {logging_mixin.py:188} INFO - [2026-03-13T05:22:09.214+0530] {dag.py:3096} INFO - Sync 1 DAGs
[2026-03-13T05:22:09.220+0530] {logging_mixin.py:188} INFO - [2026-03-13T05:22:09.220+0530] {dag.py:3954} INFO - Setting next_dagrun for example_sla_dag to 2026-03-12 23:50:00+00:00, run_after=2026-03-12 23:52:00+00:00
[2026-03-13T05:22:09.226+0530] {processor.py:183} INFO - Processing /Users/aswin/Documents/data-engineering-practice/ETL_Airflow_DBT/airflow/airflow_env/lib/python3.11/site-packages/airflow/example_dags/example_sla_dag.py took 0.060 seconds
