[2026-03-13T05:12:26.784+0530] {processor.py:161} INFO - Started process (PID=47513) to work on /Users/aswin/Documents/data-engineering-practice/ETL_Airflow_DBT/airflow/airflow_env/lib/python3.11/site-packages/airflow/example_dags/example_branch_datetime_operator.py
[2026-03-13T05:12:26.784+0530] {processor.py:830} INFO - Processing file /Users/aswin/Documents/data-engineering-practice/ETL_Airflow_DBT/airflow/airflow_env/lib/python3.11/site-packages/airflow/example_dags/example_branch_datetime_operator.py for tasks to queue
[2026-03-13T05:12:26.784+0530] {logging_mixin.py:188} INFO - [2026-03-13T05:12:26.784+0530] {dagbag.py:540} INFO - Filling up the DagBag from /Users/aswin/Documents/data-engineering-practice/ETL_Airflow_DBT/airflow/airflow_env/lib/python3.11/site-packages/airflow/example_dags/example_branch_datetime_operator.py
[2026-03-13T05:12:26.789+0530] {processor.py:840} INFO - DAG(s) 'example_branch_datetime_operator_2', 'example_branch_datetime_operator', 'example_branch_datetime_operator_3' retrieved from /Users/aswin/Documents/data-engineering-practice/ETL_Airflow_DBT/airflow/airflow_env/lib/python3.11/site-packages/airflow/example_dags/example_branch_datetime_operator.py
[2026-03-13T05:12:26.820+0530] {logging_mixin.py:188} INFO - [2026-03-13T05:12:26.820+0530] {dag.py:3096} INFO - Sync 3 DAGs
[2026-03-13T05:12:26.826+0530] {logging_mixin.py:188} INFO - [2026-03-13T05:12:26.826+0530] {dag.py:3954} INFO - Setting next_dagrun for example_branch_datetime_operator to 2026-03-11 00:00:00+00:00, run_after=2026-03-12 00:00:00+00:00
[2026-03-13T05:12:26.827+0530] {logging_mixin.py:188} INFO - [2026-03-13T05:12:26.827+0530] {dag.py:3954} INFO - Setting next_dagrun for example_branch_datetime_operator_2 to 2026-03-11 00:00:00+00:00, run_after=2026-03-12 00:00:00+00:00
[2026-03-13T05:12:26.828+0530] {logging_mixin.py:188} INFO - [2026-03-13T05:12:26.827+0530] {dag.py:3954} INFO - Setting next_dagrun for example_branch_datetime_operator_3 to 2026-03-11 00:00:00+00:00, run_after=2026-03-12 00:00:00+00:00
[2026-03-13T05:12:26.833+0530] {processor.py:183} INFO - Processing /Users/aswin/Documents/data-engineering-practice/ETL_Airflow_DBT/airflow/airflow_env/lib/python3.11/site-packages/airflow/example_dags/example_branch_datetime_operator.py took 0.050 seconds
[2026-03-13T05:13:28.497+0530] {processor.py:161} INFO - Started process (PID=47637) to work on /Users/aswin/Documents/data-engineering-practice/ETL_Airflow_DBT/airflow/airflow_env/lib/python3.11/site-packages/airflow/example_dags/example_branch_datetime_operator.py
[2026-03-13T05:13:28.498+0530] {processor.py:830} INFO - Processing file /Users/aswin/Documents/data-engineering-practice/ETL_Airflow_DBT/airflow/airflow_env/lib/python3.11/site-packages/airflow/example_dags/example_branch_datetime_operator.py for tasks to queue
[2026-03-13T05:13:28.498+0530] {logging_mixin.py:188} INFO - [2026-03-13T05:13:28.498+0530] {dagbag.py:540} INFO - Filling up the DagBag from /Users/aswin/Documents/data-engineering-practice/ETL_Airflow_DBT/airflow/airflow_env/lib/python3.11/site-packages/airflow/example_dags/example_branch_datetime_operator.py
[2026-03-13T05:13:28.503+0530] {processor.py:840} INFO - DAG(s) 'example_branch_datetime_operator_2', 'example_branch_datetime_operator', 'example_branch_datetime_operator_3' retrieved from /Users/aswin/Documents/data-engineering-practice/ETL_Airflow_DBT/airflow/airflow_env/lib/python3.11/site-packages/airflow/example_dags/example_branch_datetime_operator.py
[2026-03-13T05:13:28.534+0530] {logging_mixin.py:188} INFO - [2026-03-13T05:13:28.534+0530] {dag.py:3096} INFO - Sync 3 DAGs
[2026-03-13T05:13:28.540+0530] {logging_mixin.py:188} INFO - [2026-03-13T05:13:28.540+0530] {dag.py:3954} INFO - Setting next_dagrun for example_branch_datetime_operator to 2026-03-11 00:00:00+00:00, run_after=2026-03-12 00:00:00+00:00
[2026-03-13T05:13:28.541+0530] {logging_mixin.py:188} INFO - [2026-03-13T05:13:28.541+0530] {dag.py:3954} INFO - Setting next_dagrun for example_branch_datetime_operator_2 to 2026-03-11 00:00:00+00:00, run_after=2026-03-12 00:00:00+00:00
[2026-03-13T05:13:28.542+0530] {logging_mixin.py:188} INFO - [2026-03-13T05:13:28.542+0530] {dag.py:3954} INFO - Setting next_dagrun for example_branch_datetime_operator_3 to 2026-03-11 00:00:00+00:00, run_after=2026-03-12 00:00:00+00:00
[2026-03-13T05:13:28.547+0530] {processor.py:183} INFO - Processing /Users/aswin/Documents/data-engineering-practice/ETL_Airflow_DBT/airflow/airflow_env/lib/python3.11/site-packages/airflow/example_dags/example_branch_datetime_operator.py took 0.051 seconds
[2026-03-13T05:14:28.557+0530] {processor.py:161} INFO - Started process (PID=47767) to work on /Users/aswin/Documents/data-engineering-practice/ETL_Airflow_DBT/airflow/airflow_env/lib/python3.11/site-packages/airflow/example_dags/example_branch_datetime_operator.py
[2026-03-13T05:14:28.558+0530] {processor.py:830} INFO - Processing file /Users/aswin/Documents/data-engineering-practice/ETL_Airflow_DBT/airflow/airflow_env/lib/python3.11/site-packages/airflow/example_dags/example_branch_datetime_operator.py for tasks to queue
[2026-03-13T05:14:28.558+0530] {logging_mixin.py:188} INFO - [2026-03-13T05:14:28.558+0530] {dagbag.py:540} INFO - Filling up the DagBag from /Users/aswin/Documents/data-engineering-practice/ETL_Airflow_DBT/airflow/airflow_env/lib/python3.11/site-packages/airflow/example_dags/example_branch_datetime_operator.py
[2026-03-13T05:14:28.562+0530] {processor.py:840} INFO - DAG(s) 'example_branch_datetime_operator_2', 'example_branch_datetime_operator_3', 'example_branch_datetime_operator' retrieved from /Users/aswin/Documents/data-engineering-practice/ETL_Airflow_DBT/airflow/airflow_env/lib/python3.11/site-packages/airflow/example_dags/example_branch_datetime_operator.py
[2026-03-13T05:14:28.596+0530] {logging_mixin.py:188} INFO - [2026-03-13T05:14:28.596+0530] {dag.py:3096} INFO - Sync 3 DAGs
[2026-03-13T05:14:28.602+0530] {logging_mixin.py:188} INFO - [2026-03-13T05:14:28.602+0530] {dag.py:3954} INFO - Setting next_dagrun for example_branch_datetime_operator to 2026-03-11 00:00:00+00:00, run_after=2026-03-12 00:00:00+00:00
[2026-03-13T05:14:28.603+0530] {logging_mixin.py:188} INFO - [2026-03-13T05:14:28.603+0530] {dag.py:3954} INFO - Setting next_dagrun for example_branch_datetime_operator_2 to 2026-03-11 00:00:00+00:00, run_after=2026-03-12 00:00:00+00:00
[2026-03-13T05:14:28.604+0530] {logging_mixin.py:188} INFO - [2026-03-13T05:14:28.604+0530] {dag.py:3954} INFO - Setting next_dagrun for example_branch_datetime_operator_3 to 2026-03-11 00:00:00+00:00, run_after=2026-03-12 00:00:00+00:00
[2026-03-13T05:14:28.610+0530] {processor.py:183} INFO - Processing /Users/aswin/Documents/data-engineering-practice/ETL_Airflow_DBT/airflow/airflow_env/lib/python3.11/site-packages/airflow/example_dags/example_branch_datetime_operator.py took 0.054 seconds
[2026-03-13T05:15:32.414+0530] {processor.py:161} INFO - Started process (PID=47874) to work on /Users/aswin/Documents/data-engineering-practice/ETL_Airflow_DBT/airflow/airflow_env/lib/python3.11/site-packages/airflow/example_dags/example_branch_datetime_operator.py
[2026-03-13T05:15:32.414+0530] {processor.py:830} INFO - Processing file /Users/aswin/Documents/data-engineering-practice/ETL_Airflow_DBT/airflow/airflow_env/lib/python3.11/site-packages/airflow/example_dags/example_branch_datetime_operator.py for tasks to queue
[2026-03-13T05:15:32.414+0530] {logging_mixin.py:188} INFO - [2026-03-13T05:15:32.414+0530] {dagbag.py:540} INFO - Filling up the DagBag from /Users/aswin/Documents/data-engineering-practice/ETL_Airflow_DBT/airflow/airflow_env/lib/python3.11/site-packages/airflow/example_dags/example_branch_datetime_operator.py
[2026-03-13T05:15:32.419+0530] {processor.py:840} INFO - DAG(s) 'example_branch_datetime_operator', 'example_branch_datetime_operator_2', 'example_branch_datetime_operator_3' retrieved from /Users/aswin/Documents/data-engineering-practice/ETL_Airflow_DBT/airflow/airflow_env/lib/python3.11/site-packages/airflow/example_dags/example_branch_datetime_operator.py
[2026-03-13T05:15:32.451+0530] {logging_mixin.py:188} INFO - [2026-03-13T05:15:32.451+0530] {dag.py:3096} INFO - Sync 3 DAGs
[2026-03-13T05:15:32.457+0530] {logging_mixin.py:188} INFO - [2026-03-13T05:15:32.457+0530] {dag.py:3954} INFO - Setting next_dagrun for example_branch_datetime_operator to 2026-03-11 00:00:00+00:00, run_after=2026-03-12 00:00:00+00:00
[2026-03-13T05:15:32.458+0530] {logging_mixin.py:188} INFO - [2026-03-13T05:15:32.458+0530] {dag.py:3954} INFO - Setting next_dagrun for example_branch_datetime_operator_2 to 2026-03-11 00:00:00+00:00, run_after=2026-03-12 00:00:00+00:00
[2026-03-13T05:15:32.458+0530] {logging_mixin.py:188} INFO - [2026-03-13T05:15:32.458+0530] {dag.py:3954} INFO - Setting next_dagrun for example_branch_datetime_operator_3 to 2026-03-11 00:00:00+00:00, run_after=2026-03-12 00:00:00+00:00
[2026-03-13T05:15:32.464+0530] {processor.py:183} INFO - Processing /Users/aswin/Documents/data-engineering-practice/ETL_Airflow_DBT/airflow/airflow_env/lib/python3.11/site-packages/airflow/example_dags/example_branch_datetime_operator.py took 0.052 seconds
[2026-03-13T05:19:50.711+0530] {processor.py:161} INFO - Started process (PID=48020) to work on /Users/aswin/Documents/data-engineering-practice/ETL_Airflow_DBT/airflow/airflow_env/lib/python3.11/site-packages/airflow/example_dags/example_branch_datetime_operator.py
[2026-03-13T05:19:50.712+0530] {processor.py:830} INFO - Processing file /Users/aswin/Documents/data-engineering-practice/ETL_Airflow_DBT/airflow/airflow_env/lib/python3.11/site-packages/airflow/example_dags/example_branch_datetime_operator.py for tasks to queue
[2026-03-13T05:19:50.712+0530] {logging_mixin.py:188} INFO - [2026-03-13T05:19:50.712+0530] {dagbag.py:540} INFO - Filling up the DagBag from /Users/aswin/Documents/data-engineering-practice/ETL_Airflow_DBT/airflow/airflow_env/lib/python3.11/site-packages/airflow/example_dags/example_branch_datetime_operator.py
[2026-03-13T05:19:50.716+0530] {processor.py:840} INFO - DAG(s) 'example_branch_datetime_operator_3', 'example_branch_datetime_operator_2', 'example_branch_datetime_operator' retrieved from /Users/aswin/Documents/data-engineering-practice/ETL_Airflow_DBT/airflow/airflow_env/lib/python3.11/site-packages/airflow/example_dags/example_branch_datetime_operator.py
[2026-03-13T05:19:50.747+0530] {logging_mixin.py:188} INFO - [2026-03-13T05:19:50.747+0530] {dag.py:3096} INFO - Sync 3 DAGs
[2026-03-13T05:19:50.753+0530] {logging_mixin.py:188} INFO - [2026-03-13T05:19:50.753+0530] {dag.py:3954} INFO - Setting next_dagrun for example_branch_datetime_operator to 2026-03-11 00:00:00+00:00, run_after=2026-03-12 00:00:00+00:00
[2026-03-13T05:19:50.754+0530] {logging_mixin.py:188} INFO - [2026-03-13T05:19:50.754+0530] {dag.py:3954} INFO - Setting next_dagrun for example_branch_datetime_operator_2 to 2026-03-11 00:00:00+00:00, run_after=2026-03-12 00:00:00+00:00
[2026-03-13T05:19:50.754+0530] {logging_mixin.py:188} INFO - [2026-03-13T05:19:50.754+0530] {dag.py:3954} INFO - Setting next_dagrun for example_branch_datetime_operator_3 to 2026-03-11 00:00:00+00:00, run_after=2026-03-12 00:00:00+00:00
[2026-03-13T05:19:50.760+0530] {processor.py:183} INFO - Processing /Users/aswin/Documents/data-engineering-practice/ETL_Airflow_DBT/airflow/airflow_env/lib/python3.11/site-packages/airflow/example_dags/example_branch_datetime_operator.py took 0.050 seconds
[2026-03-13T05:21:34.057+0530] {processor.py:161} INFO - Started process (PID=48160) to work on /Users/aswin/Documents/data-engineering-practice/ETL_Airflow_DBT/airflow/airflow_env/lib/python3.11/site-packages/airflow/example_dags/example_branch_datetime_operator.py
[2026-03-13T05:21:34.058+0530] {processor.py:830} INFO - Processing file /Users/aswin/Documents/data-engineering-practice/ETL_Airflow_DBT/airflow/airflow_env/lib/python3.11/site-packages/airflow/example_dags/example_branch_datetime_operator.py for tasks to queue
[2026-03-13T05:21:34.058+0530] {logging_mixin.py:188} INFO - [2026-03-13T05:21:34.058+0530] {dagbag.py:540} INFO - Filling up the DagBag from /Users/aswin/Documents/data-engineering-practice/ETL_Airflow_DBT/airflow/airflow_env/lib/python3.11/site-packages/airflow/example_dags/example_branch_datetime_operator.py
[2026-03-13T05:21:34.063+0530] {processor.py:840} INFO - DAG(s) 'example_branch_datetime_operator_2', 'example_branch_datetime_operator', 'example_branch_datetime_operator_3' retrieved from /Users/aswin/Documents/data-engineering-practice/ETL_Airflow_DBT/airflow/airflow_env/lib/python3.11/site-packages/airflow/example_dags/example_branch_datetime_operator.py
[2026-03-13T05:21:34.096+0530] {logging_mixin.py:188} INFO - [2026-03-13T05:21:34.095+0530] {dag.py:3096} INFO - Sync 3 DAGs
[2026-03-13T05:21:34.101+0530] {logging_mixin.py:188} INFO - [2026-03-13T05:21:34.101+0530] {dag.py:3954} INFO - Setting next_dagrun for example_branch_datetime_operator to 2026-03-11 00:00:00+00:00, run_after=2026-03-12 00:00:00+00:00
[2026-03-13T05:21:34.103+0530] {logging_mixin.py:188} INFO - [2026-03-13T05:21:34.103+0530] {dag.py:3954} INFO - Setting next_dagrun for example_branch_datetime_operator_2 to 2026-03-11 00:00:00+00:00, run_after=2026-03-12 00:00:00+00:00
[2026-03-13T05:21:34.103+0530] {logging_mixin.py:188} INFO - [2026-03-13T05:21:34.103+0530] {dag.py:3954} INFO - Setting next_dagrun for example_branch_datetime_operator_3 to 2026-03-11 00:00:00+00:00, run_after=2026-03-12 00:00:00+00:00
[2026-03-13T05:21:34.110+0530] {processor.py:183} INFO - Processing /Users/aswin/Documents/data-engineering-practice/ETL_Airflow_DBT/airflow/airflow_env/lib/python3.11/site-packages/airflow/example_dags/example_branch_datetime_operator.py took 0.054 seconds
