[2026-03-13T04:44:07.473+0530] {processor.py:161} INFO - Started process (PID=47047) to work on /Users/aswin/Documents/data-engineering-practice/ETL_Airflow_DBT/airflow/airflow_env/lib/python3.11/site-packages/airflow/example_dags/example_xcomargs.py
[2026-03-13T04:44:07.474+0530] {processor.py:830} INFO - Processing file /Users/aswin/Documents/data-engineering-practice/ETL_Airflow_DBT/airflow/airflow_env/lib/python3.11/site-packages/airflow/example_dags/example_xcomargs.py for tasks to queue
[2026-03-13T04:44:07.474+0530] {logging_mixin.py:188} INFO - [2026-03-13T04:44:07.474+0530] {dagbag.py:540} INFO - Filling up the DagBag from /Users/aswin/Documents/data-engineering-practice/ETL_Airflow_DBT/airflow/airflow_env/lib/python3.11/site-packages/airflow/example_dags/example_xcomargs.py
[2026-03-13T04:44:07.489+0530] {processor.py:840} INFO - DAG(s) 'example_xcom_args', 'example_xcom_args_with_operators' retrieved from /Users/aswin/Documents/data-engineering-practice/ETL_Airflow_DBT/airflow/airflow_env/lib/python3.11/site-packages/airflow/example_dags/example_xcomargs.py
[2026-03-13T04:44:07.519+0530] {logging_mixin.py:188} INFO - [2026-03-13T04:44:07.519+0530] {dag.py:3096} INFO - Sync 2 DAGs
[2026-03-13T04:44:07.521+0530] {logging_mixin.py:188} INFO - [2026-03-13T04:44:07.521+0530] {dag.py:3954} INFO - Setting next_dagrun for example_xcom_args to None, run_after=None
[2026-03-13T04:44:07.523+0530] {logging_mixin.py:188} INFO - [2026-03-13T04:44:07.523+0530] {dag.py:3954} INFO - Setting next_dagrun for example_xcom_args_with_operators to None, run_after=None
[2026-03-13T04:44:07.528+0530] {processor.py:183} INFO - Processing /Users/aswin/Documents/data-engineering-practice/ETL_Airflow_DBT/airflow/airflow_env/lib/python3.11/site-packages/airflow/example_dags/example_xcomargs.py took 0.055 seconds
[2026-03-13T05:11:50.858+0530] {processor.py:161} INFO - Started process (PID=47448) to work on /Users/aswin/Documents/data-engineering-practice/ETL_Airflow_DBT/airflow/airflow_env/lib/python3.11/site-packages/airflow/example_dags/example_xcomargs.py
[2026-03-13T05:11:50.859+0530] {processor.py:830} INFO - Processing file /Users/aswin/Documents/data-engineering-practice/ETL_Airflow_DBT/airflow/airflow_env/lib/python3.11/site-packages/airflow/example_dags/example_xcomargs.py for tasks to queue
[2026-03-13T05:11:50.859+0530] {logging_mixin.py:188} INFO - [2026-03-13T05:11:50.859+0530] {dagbag.py:540} INFO - Filling up the DagBag from /Users/aswin/Documents/data-engineering-practice/ETL_Airflow_DBT/airflow/airflow_env/lib/python3.11/site-packages/airflow/example_dags/example_xcomargs.py
[2026-03-13T05:11:50.873+0530] {processor.py:840} INFO - DAG(s) 'example_xcom_args_with_operators', 'example_xcom_args' retrieved from /Users/aswin/Documents/data-engineering-practice/ETL_Airflow_DBT/airflow/airflow_env/lib/python3.11/site-packages/airflow/example_dags/example_xcomargs.py
[2026-03-13T05:11:50.903+0530] {logging_mixin.py:188} INFO - [2026-03-13T05:11:50.903+0530] {dag.py:3096} INFO - Sync 2 DAGs
[2026-03-13T05:11:50.906+0530] {logging_mixin.py:188} INFO - [2026-03-13T05:11:50.906+0530] {dag.py:3954} INFO - Setting next_dagrun for example_xcom_args to None, run_after=None
[2026-03-13T05:11:50.907+0530] {logging_mixin.py:188} INFO - [2026-03-13T05:11:50.907+0530] {dag.py:3954} INFO - Setting next_dagrun for example_xcom_args_with_operators to None, run_after=None
[2026-03-13T05:11:50.913+0530] {processor.py:183} INFO - Processing /Users/aswin/Documents/data-engineering-practice/ETL_Airflow_DBT/airflow/airflow_env/lib/python3.11/site-packages/airflow/example_dags/example_xcomargs.py took 0.056 seconds
[2026-03-13T05:12:41.451+0530] {processor.py:161} INFO - Started process (PID=47536) to work on /Users/aswin/Documents/data-engineering-practice/ETL_Airflow_DBT/airflow/airflow_env/lib/python3.11/site-packages/airflow/example_dags/example_xcomargs.py
[2026-03-13T05:12:41.452+0530] {processor.py:830} INFO - Processing file /Users/aswin/Documents/data-engineering-practice/ETL_Airflow_DBT/airflow/airflow_env/lib/python3.11/site-packages/airflow/example_dags/example_xcomargs.py for tasks to queue
[2026-03-13T05:12:41.452+0530] {logging_mixin.py:188} INFO - [2026-03-13T05:12:41.452+0530] {dagbag.py:540} INFO - Filling up the DagBag from /Users/aswin/Documents/data-engineering-practice/ETL_Airflow_DBT/airflow/airflow_env/lib/python3.11/site-packages/airflow/example_dags/example_xcomargs.py
[2026-03-13T05:12:41.467+0530] {processor.py:840} INFO - DAG(s) 'example_xcom_args', 'example_xcom_args_with_operators' retrieved from /Users/aswin/Documents/data-engineering-practice/ETL_Airflow_DBT/airflow/airflow_env/lib/python3.11/site-packages/airflow/example_dags/example_xcomargs.py
[2026-03-13T05:12:41.501+0530] {logging_mixin.py:188} INFO - [2026-03-13T05:12:41.501+0530] {dag.py:3096} INFO - Sync 2 DAGs
[2026-03-13T05:12:41.505+0530] {logging_mixin.py:188} INFO - [2026-03-13T05:12:41.505+0530] {dag.py:3954} INFO - Setting next_dagrun for example_xcom_args to None, run_after=None
[2026-03-13T05:12:41.506+0530] {logging_mixin.py:188} INFO - [2026-03-13T05:12:41.506+0530] {dag.py:3954} INFO - Setting next_dagrun for example_xcom_args_with_operators to None, run_after=None
[2026-03-13T05:12:41.512+0530] {processor.py:183} INFO - Processing /Users/aswin/Documents/data-engineering-practice/ETL_Airflow_DBT/airflow/airflow_env/lib/python3.11/site-packages/airflow/example_dags/example_xcomargs.py took 0.062 seconds
[2026-03-13T05:13:32.023+0530] {processor.py:161} INFO - Started process (PID=47641) to work on /Users/aswin/Documents/data-engineering-practice/ETL_Airflow_DBT/airflow/airflow_env/lib/python3.11/site-packages/airflow/example_dags/example_xcomargs.py
[2026-03-13T05:13:32.024+0530] {processor.py:830} INFO - Processing file /Users/aswin/Documents/data-engineering-practice/ETL_Airflow_DBT/airflow/airflow_env/lib/python3.11/site-packages/airflow/example_dags/example_xcomargs.py for tasks to queue
[2026-03-13T05:13:32.024+0530] {logging_mixin.py:188} INFO - [2026-03-13T05:13:32.024+0530] {dagbag.py:540} INFO - Filling up the DagBag from /Users/aswin/Documents/data-engineering-practice/ETL_Airflow_DBT/airflow/airflow_env/lib/python3.11/site-packages/airflow/example_dags/example_xcomargs.py
[2026-03-13T05:13:32.039+0530] {processor.py:840} INFO - DAG(s) 'example_xcom_args', 'example_xcom_args_with_operators' retrieved from /Users/aswin/Documents/data-engineering-practice/ETL_Airflow_DBT/airflow/airflow_env/lib/python3.11/site-packages/airflow/example_dags/example_xcomargs.py
[2026-03-13T05:13:32.070+0530] {logging_mixin.py:188} INFO - [2026-03-13T05:13:32.070+0530] {dag.py:3096} INFO - Sync 2 DAGs
[2026-03-13T05:13:32.073+0530] {logging_mixin.py:188} INFO - [2026-03-13T05:13:32.073+0530] {dag.py:3954} INFO - Setting next_dagrun for example_xcom_args to None, run_after=None
[2026-03-13T05:13:32.074+0530] {logging_mixin.py:188} INFO - [2026-03-13T05:13:32.074+0530] {dag.py:3954} INFO - Setting next_dagrun for example_xcom_args_with_operators to None, run_after=None
[2026-03-13T05:13:32.079+0530] {processor.py:183} INFO - Processing /Users/aswin/Documents/data-engineering-practice/ETL_Airflow_DBT/airflow/airflow_env/lib/python3.11/site-packages/airflow/example_dags/example_xcomargs.py took 0.057 seconds
[2026-03-13T05:14:13.294+0530] {processor.py:161} INFO - Started process (PID=47725) to work on /Users/aswin/Documents/data-engineering-practice/ETL_Airflow_DBT/airflow/airflow_env/lib/python3.11/site-packages/airflow/example_dags/example_xcomargs.py
[2026-03-13T05:14:13.294+0530] {processor.py:830} INFO - Processing file /Users/aswin/Documents/data-engineering-practice/ETL_Airflow_DBT/airflow/airflow_env/lib/python3.11/site-packages/airflow/example_dags/example_xcomargs.py for tasks to queue
[2026-03-13T05:14:13.294+0530] {logging_mixin.py:188} INFO - [2026-03-13T05:14:13.294+0530] {dagbag.py:540} INFO - Filling up the DagBag from /Users/aswin/Documents/data-engineering-practice/ETL_Airflow_DBT/airflow/airflow_env/lib/python3.11/site-packages/airflow/example_dags/example_xcomargs.py
[2026-03-13T05:14:13.309+0530] {processor.py:840} INFO - DAG(s) 'example_xcom_args', 'example_xcom_args_with_operators' retrieved from /Users/aswin/Documents/data-engineering-practice/ETL_Airflow_DBT/airflow/airflow_env/lib/python3.11/site-packages/airflow/example_dags/example_xcomargs.py
[2026-03-13T05:14:13.339+0530] {logging_mixin.py:188} INFO - [2026-03-13T05:14:13.339+0530] {dag.py:3096} INFO - Sync 2 DAGs
[2026-03-13T05:14:13.342+0530] {logging_mixin.py:188} INFO - [2026-03-13T05:14:13.342+0530] {dag.py:3954} INFO - Setting next_dagrun for example_xcom_args to None, run_after=None
[2026-03-13T05:14:13.343+0530] {logging_mixin.py:188} INFO - [2026-03-13T05:14:13.343+0530] {dag.py:3954} INFO - Setting next_dagrun for example_xcom_args_with_operators to None, run_after=None
[2026-03-13T05:14:13.350+0530] {processor.py:183} INFO - Processing /Users/aswin/Documents/data-engineering-practice/ETL_Airflow_DBT/airflow/airflow_env/lib/python3.11/site-packages/airflow/example_dags/example_xcomargs.py took 0.058 seconds
[2026-03-13T05:14:56.218+0530] {processor.py:161} INFO - Started process (PID=47818) to work on /Users/aswin/Documents/data-engineering-practice/ETL_Airflow_DBT/airflow/airflow_env/lib/python3.11/site-packages/airflow/example_dags/example_xcomargs.py
[2026-03-13T05:14:56.219+0530] {processor.py:830} INFO - Processing file /Users/aswin/Documents/data-engineering-practice/ETL_Airflow_DBT/airflow/airflow_env/lib/python3.11/site-packages/airflow/example_dags/example_xcomargs.py for tasks to queue
[2026-03-13T05:14:56.219+0530] {logging_mixin.py:188} INFO - [2026-03-13T05:14:56.219+0530] {dagbag.py:540} INFO - Filling up the DagBag from /Users/aswin/Documents/data-engineering-practice/ETL_Airflow_DBT/airflow/airflow_env/lib/python3.11/site-packages/airflow/example_dags/example_xcomargs.py
[2026-03-13T05:14:56.234+0530] {processor.py:840} INFO - DAG(s) 'example_xcom_args_with_operators', 'example_xcom_args' retrieved from /Users/aswin/Documents/data-engineering-practice/ETL_Airflow_DBT/airflow/airflow_env/lib/python3.11/site-packages/airflow/example_dags/example_xcomargs.py
[2026-03-13T05:14:56.266+0530] {logging_mixin.py:188} INFO - [2026-03-13T05:14:56.266+0530] {dag.py:3096} INFO - Sync 2 DAGs
[2026-03-13T05:14:56.270+0530] {logging_mixin.py:188} INFO - [2026-03-13T05:14:56.270+0530] {dag.py:3954} INFO - Setting next_dagrun for example_xcom_args to None, run_after=None
[2026-03-13T05:14:56.271+0530] {logging_mixin.py:188} INFO - [2026-03-13T05:14:56.271+0530] {dag.py:3954} INFO - Setting next_dagrun for example_xcom_args_with_operators to None, run_after=None
[2026-03-13T05:14:56.277+0530] {processor.py:183} INFO - Processing /Users/aswin/Documents/data-engineering-practice/ETL_Airflow_DBT/airflow/airflow_env/lib/python3.11/site-packages/airflow/example_dags/example_xcomargs.py took 0.060 seconds
[2026-03-13T05:18:52.190+0530] {processor.py:161} INFO - Started process (PID=47967) to work on /Users/aswin/Documents/data-engineering-practice/ETL_Airflow_DBT/airflow/airflow_env/lib/python3.11/site-packages/airflow/example_dags/example_xcomargs.py
[2026-03-13T05:18:52.191+0530] {processor.py:830} INFO - Processing file /Users/aswin/Documents/data-engineering-practice/ETL_Airflow_DBT/airflow/airflow_env/lib/python3.11/site-packages/airflow/example_dags/example_xcomargs.py for tasks to queue
[2026-03-13T05:18:52.191+0530] {logging_mixin.py:188} INFO - [2026-03-13T05:18:52.191+0530] {dagbag.py:540} INFO - Filling up the DagBag from /Users/aswin/Documents/data-engineering-practice/ETL_Airflow_DBT/airflow/airflow_env/lib/python3.11/site-packages/airflow/example_dags/example_xcomargs.py
[2026-03-13T05:18:52.205+0530] {processor.py:840} INFO - DAG(s) 'example_xcom_args_with_operators', 'example_xcom_args' retrieved from /Users/aswin/Documents/data-engineering-practice/ETL_Airflow_DBT/airflow/airflow_env/lib/python3.11/site-packages/airflow/example_dags/example_xcomargs.py
[2026-03-13T05:18:52.234+0530] {logging_mixin.py:188} INFO - [2026-03-13T05:18:52.234+0530] {dag.py:3096} INFO - Sync 2 DAGs
[2026-03-13T05:18:52.237+0530] {logging_mixin.py:188} INFO - [2026-03-13T05:18:52.237+0530] {dag.py:3954} INFO - Setting next_dagrun for example_xcom_args to None, run_after=None
[2026-03-13T05:18:52.238+0530] {logging_mixin.py:188} INFO - [2026-03-13T05:18:52.238+0530] {dag.py:3954} INFO - Setting next_dagrun for example_xcom_args_with_operators to None, run_after=None
[2026-03-13T05:18:52.243+0530] {processor.py:183} INFO - Processing /Users/aswin/Documents/data-engineering-practice/ETL_Airflow_DBT/airflow/airflow_env/lib/python3.11/site-packages/airflow/example_dags/example_xcomargs.py took 0.054 seconds
[2026-03-13T05:20:13.729+0530] {processor.py:161} INFO - Started process (PID=48046) to work on /Users/aswin/Documents/data-engineering-practice/ETL_Airflow_DBT/airflow/airflow_env/lib/python3.11/site-packages/airflow/example_dags/example_xcomargs.py
[2026-03-13T05:20:13.729+0530] {processor.py:830} INFO - Processing file /Users/aswin/Documents/data-engineering-practice/ETL_Airflow_DBT/airflow/airflow_env/lib/python3.11/site-packages/airflow/example_dags/example_xcomargs.py for tasks to queue
[2026-03-13T05:20:13.729+0530] {logging_mixin.py:188} INFO - [2026-03-13T05:20:13.729+0530] {dagbag.py:540} INFO - Filling up the DagBag from /Users/aswin/Documents/data-engineering-practice/ETL_Airflow_DBT/airflow/airflow_env/lib/python3.11/site-packages/airflow/example_dags/example_xcomargs.py
[2026-03-13T05:20:13.745+0530] {processor.py:840} INFO - DAG(s) 'example_xcom_args', 'example_xcom_args_with_operators' retrieved from /Users/aswin/Documents/data-engineering-practice/ETL_Airflow_DBT/airflow/airflow_env/lib/python3.11/site-packages/airflow/example_dags/example_xcomargs.py
[2026-03-13T05:20:13.777+0530] {logging_mixin.py:188} INFO - [2026-03-13T05:20:13.777+0530] {dag.py:3096} INFO - Sync 2 DAGs
[2026-03-13T05:20:13.780+0530] {logging_mixin.py:188} INFO - [2026-03-13T05:20:13.780+0530] {dag.py:3954} INFO - Setting next_dagrun for example_xcom_args to None, run_after=None
[2026-03-13T05:20:13.781+0530] {logging_mixin.py:188} INFO - [2026-03-13T05:20:13.781+0530] {dag.py:3954} INFO - Setting next_dagrun for example_xcom_args_with_operators to None, run_after=None
[2026-03-13T05:20:13.787+0530] {processor.py:183} INFO - Processing /Users/aswin/Documents/data-engineering-practice/ETL_Airflow_DBT/airflow/airflow_env/lib/python3.11/site-packages/airflow/example_dags/example_xcomargs.py took 0.060 seconds
[2026-03-13T05:21:06.374+0530] {processor.py:161} INFO - Started process (PID=48138) to work on /Users/aswin/Documents/data-engineering-practice/ETL_Airflow_DBT/airflow/airflow_env/lib/python3.11/site-packages/airflow/example_dags/example_xcomargs.py
[2026-03-13T05:21:06.375+0530] {processor.py:830} INFO - Processing file /Users/aswin/Documents/data-engineering-practice/ETL_Airflow_DBT/airflow/airflow_env/lib/python3.11/site-packages/airflow/example_dags/example_xcomargs.py for tasks to queue
[2026-03-13T05:21:06.375+0530] {logging_mixin.py:188} INFO - [2026-03-13T05:21:06.375+0530] {dagbag.py:540} INFO - Filling up the DagBag from /Users/aswin/Documents/data-engineering-practice/ETL_Airflow_DBT/airflow/airflow_env/lib/python3.11/site-packages/airflow/example_dags/example_xcomargs.py
[2026-03-13T05:21:06.392+0530] {processor.py:840} INFO - DAG(s) 'example_xcom_args_with_operators', 'example_xcom_args' retrieved from /Users/aswin/Documents/data-engineering-practice/ETL_Airflow_DBT/airflow/airflow_env/lib/python3.11/site-packages/airflow/example_dags/example_xcomargs.py
[2026-03-13T05:21:06.423+0530] {logging_mixin.py:188} INFO - [2026-03-13T05:21:06.423+0530] {dag.py:3096} INFO - Sync 2 DAGs
[2026-03-13T05:21:06.426+0530] {logging_mixin.py:188} INFO - [2026-03-13T05:21:06.426+0530] {dag.py:3954} INFO - Setting next_dagrun for example_xcom_args to None, run_after=None
[2026-03-13T05:21:06.427+0530] {logging_mixin.py:188} INFO - [2026-03-13T05:21:06.427+0530] {dag.py:3954} INFO - Setting next_dagrun for example_xcom_args_with_operators to None, run_after=None
[2026-03-13T05:21:06.433+0530] {processor.py:183} INFO - Processing /Users/aswin/Documents/data-engineering-practice/ETL_Airflow_DBT/airflow/airflow_env/lib/python3.11/site-packages/airflow/example_dags/example_xcomargs.py took 0.060 seconds
[2026-03-13T05:21:58.464+0530] {processor.py:161} INFO - Started process (PID=48181) to work on /Users/aswin/Documents/data-engineering-practice/ETL_Airflow_DBT/airflow/airflow_env/lib/python3.11/site-packages/airflow/example_dags/example_xcomargs.py
[2026-03-13T05:21:58.465+0530] {processor.py:830} INFO - Processing file /Users/aswin/Documents/data-engineering-practice/ETL_Airflow_DBT/airflow/airflow_env/lib/python3.11/site-packages/airflow/example_dags/example_xcomargs.py for tasks to queue
[2026-03-13T05:21:58.465+0530] {logging_mixin.py:188} INFO - [2026-03-13T05:21:58.465+0530] {dagbag.py:540} INFO - Filling up the DagBag from /Users/aswin/Documents/data-engineering-practice/ETL_Airflow_DBT/airflow/airflow_env/lib/python3.11/site-packages/airflow/example_dags/example_xcomargs.py
[2026-03-13T05:21:58.480+0530] {processor.py:840} INFO - DAG(s) 'example_xcom_args_with_operators', 'example_xcom_args' retrieved from /Users/aswin/Documents/data-engineering-practice/ETL_Airflow_DBT/airflow/airflow_env/lib/python3.11/site-packages/airflow/example_dags/example_xcomargs.py
[2026-03-13T05:21:58.513+0530] {logging_mixin.py:188} INFO - [2026-03-13T05:21:58.513+0530] {dag.py:3096} INFO - Sync 2 DAGs
[2026-03-13T05:21:58.516+0530] {logging_mixin.py:188} INFO - [2026-03-13T05:21:58.516+0530] {dag.py:3954} INFO - Setting next_dagrun for example_xcom_args to None, run_after=None
[2026-03-13T05:21:58.517+0530] {logging_mixin.py:188} INFO - [2026-03-13T05:21:58.517+0530] {dag.py:3954} INFO - Setting next_dagrun for example_xcom_args_with_operators to None, run_after=None
[2026-03-13T05:21:58.524+0530] {processor.py:183} INFO - Processing /Users/aswin/Documents/data-engineering-practice/ETL_Airflow_DBT/airflow/airflow_env/lib/python3.11/site-packages/airflow/example_dags/example_xcomargs.py took 0.061 seconds
