[2026-03-13T04:44:26.269+0530] {processor.py:161} INFO - Started process (PID=47070) to work on /Users/aswin/Documents/data-engineering-practice/ETL_Airflow_DBT/airflow/airflow_env/lib/python3.11/site-packages/airflow/example_dags/example_setup_teardown.py
[2026-03-13T04:44:26.269+0530] {processor.py:830} INFO - Processing file /Users/aswin/Documents/data-engineering-practice/ETL_Airflow_DBT/airflow/airflow_env/lib/python3.11/site-packages/airflow/example_dags/example_setup_teardown.py for tasks to queue
[2026-03-13T04:44:26.269+0530] {logging_mixin.py:188} INFO - [2026-03-13T04:44:26.269+0530] {dagbag.py:540} INFO - Filling up the DagBag from /Users/aswin/Documents/data-engineering-practice/ETL_Airflow_DBT/airflow/airflow_env/lib/python3.11/site-packages/airflow/example_dags/example_setup_teardown.py
[2026-03-13T04:44:26.272+0530] {processor.py:840} INFO - DAG(s) 'example_setup_teardown' retrieved from /Users/aswin/Documents/data-engineering-practice/ETL_Airflow_DBT/airflow/airflow_env/lib/python3.11/site-packages/airflow/example_dags/example_setup_teardown.py
[2026-03-13T04:44:26.305+0530] {logging_mixin.py:188} INFO - [2026-03-13T04:44:26.305+0530] {dag.py:3096} INFO - Sync 1 DAGs
[2026-03-13T04:44:26.310+0530] {logging_mixin.py:188} INFO - [2026-03-13T04:44:26.310+0530] {dag.py:3954} INFO - Setting next_dagrun for example_setup_teardown to 2026-03-11 00:00:00+00:00, run_after=2026-03-12 00:00:00+00:00
[2026-03-13T04:44:26.317+0530] {processor.py:183} INFO - Processing /Users/aswin/Documents/data-engineering-practice/ETL_Airflow_DBT/airflow/airflow_env/lib/python3.11/site-packages/airflow/example_dags/example_setup_teardown.py took 0.049 seconds
[2026-03-13T05:12:02.965+0530] {processor.py:161} INFO - Started process (PID=47486) to work on /Users/aswin/Documents/data-engineering-practice/ETL_Airflow_DBT/airflow/airflow_env/lib/python3.11/site-packages/airflow/example_dags/example_setup_teardown.py
[2026-03-13T05:12:02.966+0530] {processor.py:830} INFO - Processing file /Users/aswin/Documents/data-engineering-practice/ETL_Airflow_DBT/airflow/airflow_env/lib/python3.11/site-packages/airflow/example_dags/example_setup_teardown.py for tasks to queue
[2026-03-13T05:12:02.966+0530] {logging_mixin.py:188} INFO - [2026-03-13T05:12:02.966+0530] {dagbag.py:540} INFO - Filling up the DagBag from /Users/aswin/Documents/data-engineering-practice/ETL_Airflow_DBT/airflow/airflow_env/lib/python3.11/site-packages/airflow/example_dags/example_setup_teardown.py
[2026-03-13T05:12:02.969+0530] {processor.py:840} INFO - DAG(s) 'example_setup_teardown' retrieved from /Users/aswin/Documents/data-engineering-practice/ETL_Airflow_DBT/airflow/airflow_env/lib/python3.11/site-packages/airflow/example_dags/example_setup_teardown.py
[2026-03-13T05:12:03.000+0530] {logging_mixin.py:188} INFO - [2026-03-13T05:12:03.000+0530] {dag.py:3096} INFO - Sync 1 DAGs
[2026-03-13T05:12:03.005+0530] {logging_mixin.py:188} INFO - [2026-03-13T05:12:03.005+0530] {dag.py:3954} INFO - Setting next_dagrun for example_setup_teardown to 2026-03-11 00:00:00+00:00, run_after=2026-03-12 00:00:00+00:00
[2026-03-13T05:12:03.011+0530] {processor.py:183} INFO - Processing /Users/aswin/Documents/data-engineering-practice/ETL_Airflow_DBT/airflow/airflow_env/lib/python3.11/site-packages/airflow/example_dags/example_setup_teardown.py took 0.047 seconds
[2026-03-13T05:12:53.747+0530] {processor.py:161} INFO - Started process (PID=47558) to work on /Users/aswin/Documents/data-engineering-practice/ETL_Airflow_DBT/airflow/airflow_env/lib/python3.11/site-packages/airflow/example_dags/example_setup_teardown.py
[2026-03-13T05:12:53.748+0530] {processor.py:830} INFO - Processing file /Users/aswin/Documents/data-engineering-practice/ETL_Airflow_DBT/airflow/airflow_env/lib/python3.11/site-packages/airflow/example_dags/example_setup_teardown.py for tasks to queue
[2026-03-13T05:12:53.749+0530] {logging_mixin.py:188} INFO - [2026-03-13T05:12:53.749+0530] {dagbag.py:540} INFO - Filling up the DagBag from /Users/aswin/Documents/data-engineering-practice/ETL_Airflow_DBT/airflow/airflow_env/lib/python3.11/site-packages/airflow/example_dags/example_setup_teardown.py
[2026-03-13T05:12:53.752+0530] {processor.py:840} INFO - DAG(s) 'example_setup_teardown' retrieved from /Users/aswin/Documents/data-engineering-practice/ETL_Airflow_DBT/airflow/airflow_env/lib/python3.11/site-packages/airflow/example_dags/example_setup_teardown.py
[2026-03-13T05:12:53.782+0530] {logging_mixin.py:188} INFO - [2026-03-13T05:12:53.782+0530] {dag.py:3096} INFO - Sync 1 DAGs
[2026-03-13T05:12:53.787+0530] {logging_mixin.py:188} INFO - [2026-03-13T05:12:53.787+0530] {dag.py:3954} INFO - Setting next_dagrun for example_setup_teardown to 2026-03-11 00:00:00+00:00, run_after=2026-03-12 00:00:00+00:00
[2026-03-13T05:12:53.793+0530] {processor.py:183} INFO - Processing /Users/aswin/Documents/data-engineering-practice/ETL_Airflow_DBT/airflow/airflow_env/lib/python3.11/site-packages/airflow/example_dags/example_setup_teardown.py took 0.047 seconds
[2026-03-13T05:13:44.070+0530] {processor.py:161} INFO - Started process (PID=47670) to work on /Users/aswin/Documents/data-engineering-practice/ETL_Airflow_DBT/airflow/airflow_env/lib/python3.11/site-packages/airflow/example_dags/example_setup_teardown.py
[2026-03-13T05:13:44.071+0530] {processor.py:830} INFO - Processing file /Users/aswin/Documents/data-engineering-practice/ETL_Airflow_DBT/airflow/airflow_env/lib/python3.11/site-packages/airflow/example_dags/example_setup_teardown.py for tasks to queue
[2026-03-13T05:13:44.071+0530] {logging_mixin.py:188} INFO - [2026-03-13T05:13:44.071+0530] {dagbag.py:540} INFO - Filling up the DagBag from /Users/aswin/Documents/data-engineering-practice/ETL_Airflow_DBT/airflow/airflow_env/lib/python3.11/site-packages/airflow/example_dags/example_setup_teardown.py
[2026-03-13T05:13:44.074+0530] {processor.py:840} INFO - DAG(s) 'example_setup_teardown' retrieved from /Users/aswin/Documents/data-engineering-practice/ETL_Airflow_DBT/airflow/airflow_env/lib/python3.11/site-packages/airflow/example_dags/example_setup_teardown.py
[2026-03-13T05:13:44.105+0530] {logging_mixin.py:188} INFO - [2026-03-13T05:13:44.104+0530] {dag.py:3096} INFO - Sync 1 DAGs
[2026-03-13T05:13:44.110+0530] {logging_mixin.py:188} INFO - [2026-03-13T05:13:44.109+0530] {dag.py:3954} INFO - Setting next_dagrun for example_setup_teardown to 2026-03-11 00:00:00+00:00, run_after=2026-03-12 00:00:00+00:00
[2026-03-13T05:13:44.115+0530] {processor.py:183} INFO - Processing /Users/aswin/Documents/data-engineering-practice/ETL_Airflow_DBT/airflow/airflow_env/lib/python3.11/site-packages/airflow/example_dags/example_setup_teardown.py took 0.046 seconds
[2026-03-13T05:14:44.400+0530] {processor.py:161} INFO - Started process (PID=47802) to work on /Users/aswin/Documents/data-engineering-practice/ETL_Airflow_DBT/airflow/airflow_env/lib/python3.11/site-packages/airflow/example_dags/example_setup_teardown.py
[2026-03-13T05:14:44.400+0530] {processor.py:830} INFO - Processing file /Users/aswin/Documents/data-engineering-practice/ETL_Airflow_DBT/airflow/airflow_env/lib/python3.11/site-packages/airflow/example_dags/example_setup_teardown.py for tasks to queue
[2026-03-13T05:14:44.401+0530] {logging_mixin.py:188} INFO - [2026-03-13T05:14:44.401+0530] {dagbag.py:540} INFO - Filling up the DagBag from /Users/aswin/Documents/data-engineering-practice/ETL_Airflow_DBT/airflow/airflow_env/lib/python3.11/site-packages/airflow/example_dags/example_setup_teardown.py
[2026-03-13T05:14:44.403+0530] {processor.py:840} INFO - DAG(s) 'example_setup_teardown' retrieved from /Users/aswin/Documents/data-engineering-practice/ETL_Airflow_DBT/airflow/airflow_env/lib/python3.11/site-packages/airflow/example_dags/example_setup_teardown.py
[2026-03-13T05:14:44.434+0530] {logging_mixin.py:188} INFO - [2026-03-13T05:14:44.434+0530] {dag.py:3096} INFO - Sync 1 DAGs
[2026-03-13T05:14:44.439+0530] {logging_mixin.py:188} INFO - [2026-03-13T05:14:44.439+0530] {dag.py:3954} INFO - Setting next_dagrun for example_setup_teardown to 2026-03-11 00:00:00+00:00, run_after=2026-03-12 00:00:00+00:00
[2026-03-13T05:14:44.445+0530] {processor.py:183} INFO - Processing /Users/aswin/Documents/data-engineering-practice/ETL_Airflow_DBT/airflow/airflow_env/lib/python3.11/site-packages/airflow/example_dags/example_setup_teardown.py took 0.045 seconds
[2026-03-13T05:19:13.170+0530] {processor.py:161} INFO - Started process (PID=47990) to work on /Users/aswin/Documents/data-engineering-practice/ETL_Airflow_DBT/airflow/airflow_env/lib/python3.11/site-packages/airflow/example_dags/example_setup_teardown.py
[2026-03-13T05:19:13.171+0530] {processor.py:830} INFO - Processing file /Users/aswin/Documents/data-engineering-practice/ETL_Airflow_DBT/airflow/airflow_env/lib/python3.11/site-packages/airflow/example_dags/example_setup_teardown.py for tasks to queue
[2026-03-13T05:19:13.171+0530] {logging_mixin.py:188} INFO - [2026-03-13T05:19:13.171+0530] {dagbag.py:540} INFO - Filling up the DagBag from /Users/aswin/Documents/data-engineering-practice/ETL_Airflow_DBT/airflow/airflow_env/lib/python3.11/site-packages/airflow/example_dags/example_setup_teardown.py
[2026-03-13T05:19:13.174+0530] {processor.py:840} INFO - DAG(s) 'example_setup_teardown' retrieved from /Users/aswin/Documents/data-engineering-practice/ETL_Airflow_DBT/airflow/airflow_env/lib/python3.11/site-packages/airflow/example_dags/example_setup_teardown.py
[2026-03-13T05:19:13.204+0530] {logging_mixin.py:188} INFO - [2026-03-13T05:19:13.204+0530] {dag.py:3096} INFO - Sync 1 DAGs
[2026-03-13T05:19:13.209+0530] {logging_mixin.py:188} INFO - [2026-03-13T05:19:13.209+0530] {dag.py:3954} INFO - Setting next_dagrun for example_setup_teardown to 2026-03-11 00:00:00+00:00, run_after=2026-03-12 00:00:00+00:00
[2026-03-13T05:19:13.215+0530] {processor.py:183} INFO - Processing /Users/aswin/Documents/data-engineering-practice/ETL_Airflow_DBT/airflow/airflow_env/lib/python3.11/site-packages/airflow/example_dags/example_setup_teardown.py took 0.045 seconds
[2026-03-13T05:20:33.923+0530] {processor.py:161} INFO - Started process (PID=48074) to work on /Users/aswin/Documents/data-engineering-practice/ETL_Airflow_DBT/airflow/airflow_env/lib/python3.11/site-packages/airflow/example_dags/example_setup_teardown.py
[2026-03-13T05:20:33.924+0530] {processor.py:830} INFO - Processing file /Users/aswin/Documents/data-engineering-practice/ETL_Airflow_DBT/airflow/airflow_env/lib/python3.11/site-packages/airflow/example_dags/example_setup_teardown.py for tasks to queue
[2026-03-13T05:20:33.924+0530] {logging_mixin.py:188} INFO - [2026-03-13T05:20:33.924+0530] {dagbag.py:540} INFO - Filling up the DagBag from /Users/aswin/Documents/data-engineering-practice/ETL_Airflow_DBT/airflow/airflow_env/lib/python3.11/site-packages/airflow/example_dags/example_setup_teardown.py
[2026-03-13T05:20:33.927+0530] {processor.py:840} INFO - DAG(s) 'example_setup_teardown' retrieved from /Users/aswin/Documents/data-engineering-practice/ETL_Airflow_DBT/airflow/airflow_env/lib/python3.11/site-packages/airflow/example_dags/example_setup_teardown.py
[2026-03-13T05:20:33.957+0530] {logging_mixin.py:188} INFO - [2026-03-13T05:20:33.957+0530] {dag.py:3096} INFO - Sync 1 DAGs
[2026-03-13T05:20:33.962+0530] {logging_mixin.py:188} INFO - [2026-03-13T05:20:33.962+0530] {dag.py:3954} INFO - Setting next_dagrun for example_setup_teardown to 2026-03-11 00:00:00+00:00, run_after=2026-03-12 00:00:00+00:00
[2026-03-13T05:20:33.968+0530] {processor.py:183} INFO - Processing /Users/aswin/Documents/data-engineering-practice/ETL_Airflow_DBT/airflow/airflow_env/lib/python3.11/site-packages/airflow/example_dags/example_setup_teardown.py took 0.046 seconds
[2026-03-13T05:22:16.565+0530] {processor.py:161} INFO - Started process (PID=48211) to work on /Users/aswin/Documents/data-engineering-practice/ETL_Airflow_DBT/airflow/airflow_env/lib/python3.11/site-packages/airflow/example_dags/example_setup_teardown.py
[2026-03-13T05:22:16.565+0530] {processor.py:830} INFO - Processing file /Users/aswin/Documents/data-engineering-practice/ETL_Airflow_DBT/airflow/airflow_env/lib/python3.11/site-packages/airflow/example_dags/example_setup_teardown.py for tasks to queue
[2026-03-13T05:22:16.566+0530] {logging_mixin.py:188} INFO - [2026-03-13T05:22:16.566+0530] {dagbag.py:540} INFO - Filling up the DagBag from /Users/aswin/Documents/data-engineering-practice/ETL_Airflow_DBT/airflow/airflow_env/lib/python3.11/site-packages/airflow/example_dags/example_setup_teardown.py
[2026-03-13T05:22:16.568+0530] {processor.py:840} INFO - DAG(s) 'example_setup_teardown' retrieved from /Users/aswin/Documents/data-engineering-practice/ETL_Airflow_DBT/airflow/airflow_env/lib/python3.11/site-packages/airflow/example_dags/example_setup_teardown.py
[2026-03-13T05:22:16.600+0530] {logging_mixin.py:188} INFO - [2026-03-13T05:22:16.600+0530] {dag.py:3096} INFO - Sync 1 DAGs
[2026-03-13T05:22:16.605+0530] {logging_mixin.py:188} INFO - [2026-03-13T05:22:16.605+0530] {dag.py:3954} INFO - Setting next_dagrun for example_setup_teardown to 2026-03-11 00:00:00+00:00, run_after=2026-03-12 00:00:00+00:00
[2026-03-13T05:22:16.612+0530] {processor.py:183} INFO - Processing /Users/aswin/Documents/data-engineering-practice/ETL_Airflow_DBT/airflow/airflow_env/lib/python3.11/site-packages/airflow/example_dags/example_setup_teardown.py took 0.048 seconds
