[2026-03-13T05:12:10.081+0530] {processor.py:161} INFO - Started process (PID=47495) to work on /Users/aswin/Documents/data-engineering-practice/ETL_Airflow_DBT/airflow/airflow_env/lib/python3.11/site-packages/airflow/example_dags/example_nested_branch_dag.py
[2026-03-13T05:12:10.081+0530] {processor.py:830} INFO - Processing file /Users/aswin/Documents/data-engineering-practice/ETL_Airflow_DBT/airflow/airflow_env/lib/python3.11/site-packages/airflow/example_dags/example_nested_branch_dag.py for tasks to queue
[2026-03-13T05:12:10.081+0530] {logging_mixin.py:188} INFO - [2026-03-13T05:12:10.081+0530] {dagbag.py:540} INFO - Filling up the DagBag from /Users/aswin/Documents/data-engineering-practice/ETL_Airflow_DBT/airflow/airflow_env/lib/python3.11/site-packages/airflow/example_dags/example_nested_branch_dag.py
[2026-03-13T05:12:10.096+0530] {processor.py:840} INFO - DAG(s) 'example_nested_branch_dag' retrieved from /Users/aswin/Documents/data-engineering-practice/ETL_Airflow_DBT/airflow/airflow_env/lib/python3.11/site-packages/airflow/example_dags/example_nested_branch_dag.py
[2026-03-13T05:12:10.126+0530] {logging_mixin.py:188} INFO - [2026-03-13T05:12:10.126+0530] {dag.py:3096} INFO - Sync 1 DAGs
[2026-03-13T05:12:10.131+0530] {logging_mixin.py:188} INFO - [2026-03-13T05:12:10.131+0530] {dag.py:3954} INFO - Setting next_dagrun for example_nested_branch_dag to 2026-03-11 00:00:00+00:00, run_after=2026-03-12 00:00:00+00:00
[2026-03-13T05:12:10.137+0530] {processor.py:183} INFO - Processing /Users/aswin/Documents/data-engineering-practice/ETL_Airflow_DBT/airflow/airflow_env/lib/python3.11/site-packages/airflow/example_dags/example_nested_branch_dag.py took 0.057 seconds
[2026-03-13T05:13:01.381+0530] {processor.py:161} INFO - Started process (PID=47583) to work on /Users/aswin/Documents/data-engineering-practice/ETL_Airflow_DBT/airflow/airflow_env/lib/python3.11/site-packages/airflow/example_dags/example_nested_branch_dag.py
[2026-03-13T05:13:01.381+0530] {processor.py:830} INFO - Processing file /Users/aswin/Documents/data-engineering-practice/ETL_Airflow_DBT/airflow/airflow_env/lib/python3.11/site-packages/airflow/example_dags/example_nested_branch_dag.py for tasks to queue
[2026-03-13T05:13:01.382+0530] {logging_mixin.py:188} INFO - [2026-03-13T05:13:01.381+0530] {dagbag.py:540} INFO - Filling up the DagBag from /Users/aswin/Documents/data-engineering-practice/ETL_Airflow_DBT/airflow/airflow_env/lib/python3.11/site-packages/airflow/example_dags/example_nested_branch_dag.py
[2026-03-13T05:13:01.396+0530] {processor.py:840} INFO - DAG(s) 'example_nested_branch_dag' retrieved from /Users/aswin/Documents/data-engineering-practice/ETL_Airflow_DBT/airflow/airflow_env/lib/python3.11/site-packages/airflow/example_dags/example_nested_branch_dag.py
[2026-03-13T05:13:01.427+0530] {logging_mixin.py:188} INFO - [2026-03-13T05:13:01.427+0530] {dag.py:3096} INFO - Sync 1 DAGs
[2026-03-13T05:13:01.433+0530] {logging_mixin.py:188} INFO - [2026-03-13T05:13:01.433+0530] {dag.py:3954} INFO - Setting next_dagrun for example_nested_branch_dag to 2026-03-11 00:00:00+00:00, run_after=2026-03-12 00:00:00+00:00
[2026-03-13T05:13:01.439+0530] {processor.py:183} INFO - Processing /Users/aswin/Documents/data-engineering-practice/ETL_Airflow_DBT/airflow/airflow_env/lib/python3.11/site-packages/airflow/example_dags/example_nested_branch_dag.py took 0.059 seconds
[2026-03-13T05:14:01.127+0530] {processor.py:161} INFO - Started process (PID=47699) to work on /Users/aswin/Documents/data-engineering-practice/ETL_Airflow_DBT/airflow/airflow_env/lib/python3.11/site-packages/airflow/example_dags/example_nested_branch_dag.py
[2026-03-13T05:14:01.129+0530] {processor.py:830} INFO - Processing file /Users/aswin/Documents/data-engineering-practice/ETL_Airflow_DBT/airflow/airflow_env/lib/python3.11/site-packages/airflow/example_dags/example_nested_branch_dag.py for tasks to queue
[2026-03-13T05:14:01.129+0530] {logging_mixin.py:188} INFO - [2026-03-13T05:14:01.129+0530] {dagbag.py:540} INFO - Filling up the DagBag from /Users/aswin/Documents/data-engineering-practice/ETL_Airflow_DBT/airflow/airflow_env/lib/python3.11/site-packages/airflow/example_dags/example_nested_branch_dag.py
[2026-03-13T05:14:01.143+0530] {processor.py:840} INFO - DAG(s) 'example_nested_branch_dag' retrieved from /Users/aswin/Documents/data-engineering-practice/ETL_Airflow_DBT/airflow/airflow_env/lib/python3.11/site-packages/airflow/example_dags/example_nested_branch_dag.py
[2026-03-13T05:14:01.173+0530] {logging_mixin.py:188} INFO - [2026-03-13T05:14:01.173+0530] {dag.py:3096} INFO - Sync 1 DAGs
[2026-03-13T05:14:01.178+0530] {logging_mixin.py:188} INFO - [2026-03-13T05:14:01.178+0530] {dag.py:3954} INFO - Setting next_dagrun for example_nested_branch_dag to 2026-03-11 00:00:00+00:00, run_after=2026-03-12 00:00:00+00:00
[2026-03-13T05:14:01.184+0530] {processor.py:183} INFO - Processing /Users/aswin/Documents/data-engineering-practice/ETL_Airflow_DBT/airflow/airflow_env/lib/python3.11/site-packages/airflow/example_dags/example_nested_branch_dag.py took 0.058 seconds
[2026-03-13T05:15:04.752+0530] {processor.py:161} INFO - Started process (PID=47827) to work on /Users/aswin/Documents/data-engineering-practice/ETL_Airflow_DBT/airflow/airflow_env/lib/python3.11/site-packages/airflow/example_dags/example_nested_branch_dag.py
[2026-03-13T05:15:04.753+0530] {processor.py:830} INFO - Processing file /Users/aswin/Documents/data-engineering-practice/ETL_Airflow_DBT/airflow/airflow_env/lib/python3.11/site-packages/airflow/example_dags/example_nested_branch_dag.py for tasks to queue
[2026-03-13T05:15:04.754+0530] {logging_mixin.py:188} INFO - [2026-03-13T05:15:04.753+0530] {dagbag.py:540} INFO - Filling up the DagBag from /Users/aswin/Documents/data-engineering-practice/ETL_Airflow_DBT/airflow/airflow_env/lib/python3.11/site-packages/airflow/example_dags/example_nested_branch_dag.py
[2026-03-13T05:15:04.772+0530] {processor.py:840} INFO - DAG(s) 'example_nested_branch_dag' retrieved from /Users/aswin/Documents/data-engineering-practice/ETL_Airflow_DBT/airflow/airflow_env/lib/python3.11/site-packages/airflow/example_dags/example_nested_branch_dag.py
[2026-03-13T05:15:04.804+0530] {logging_mixin.py:188} INFO - [2026-03-13T05:15:04.804+0530] {dag.py:3096} INFO - Sync 1 DAGs
[2026-03-13T05:15:04.809+0530] {logging_mixin.py:188} INFO - [2026-03-13T05:15:04.809+0530] {dag.py:3954} INFO - Setting next_dagrun for example_nested_branch_dag to 2026-03-11 00:00:00+00:00, run_after=2026-03-12 00:00:00+00:00
[2026-03-13T05:15:04.816+0530] {processor.py:183} INFO - Processing /Users/aswin/Documents/data-engineering-practice/ETL_Airflow_DBT/airflow/airflow_env/lib/python3.11/site-packages/airflow/example_dags/example_nested_branch_dag.py took 0.065 seconds
[2026-03-13T05:19:24.452+0530] {processor.py:161} INFO - Started process (PID=48002) to work on /Users/aswin/Documents/data-engineering-practice/ETL_Airflow_DBT/airflow/airflow_env/lib/python3.11/site-packages/airflow/example_dags/example_nested_branch_dag.py
[2026-03-13T05:19:24.453+0530] {processor.py:830} INFO - Processing file /Users/aswin/Documents/data-engineering-practice/ETL_Airflow_DBT/airflow/airflow_env/lib/python3.11/site-packages/airflow/example_dags/example_nested_branch_dag.py for tasks to queue
[2026-03-13T05:19:24.453+0530] {logging_mixin.py:188} INFO - [2026-03-13T05:19:24.453+0530] {dagbag.py:540} INFO - Filling up the DagBag from /Users/aswin/Documents/data-engineering-practice/ETL_Airflow_DBT/airflow/airflow_env/lib/python3.11/site-packages/airflow/example_dags/example_nested_branch_dag.py
[2026-03-13T05:19:24.467+0530] {processor.py:840} INFO - DAG(s) 'example_nested_branch_dag' retrieved from /Users/aswin/Documents/data-engineering-practice/ETL_Airflow_DBT/airflow/airflow_env/lib/python3.11/site-packages/airflow/example_dags/example_nested_branch_dag.py
[2026-03-13T05:19:24.496+0530] {logging_mixin.py:188} INFO - [2026-03-13T05:19:24.496+0530] {dag.py:3096} INFO - Sync 1 DAGs
[2026-03-13T05:19:24.501+0530] {logging_mixin.py:188} INFO - [2026-03-13T05:19:24.501+0530] {dag.py:3954} INFO - Setting next_dagrun for example_nested_branch_dag to 2026-03-11 00:00:00+00:00, run_after=2026-03-12 00:00:00+00:00
[2026-03-13T05:19:24.506+0530] {processor.py:183} INFO - Processing /Users/aswin/Documents/data-engineering-practice/ETL_Airflow_DBT/airflow/airflow_env/lib/python3.11/site-packages/airflow/example_dags/example_nested_branch_dag.py took 0.055 seconds
[2026-03-13T05:21:09.738+0530] {processor.py:161} INFO - Started process (PID=48140) to work on /Users/aswin/Documents/data-engineering-practice/ETL_Airflow_DBT/airflow/airflow_env/lib/python3.11/site-packages/airflow/example_dags/example_nested_branch_dag.py
[2026-03-13T05:21:09.738+0530] {processor.py:830} INFO - Processing file /Users/aswin/Documents/data-engineering-practice/ETL_Airflow_DBT/airflow/airflow_env/lib/python3.11/site-packages/airflow/example_dags/example_nested_branch_dag.py for tasks to queue
[2026-03-13T05:21:09.739+0530] {logging_mixin.py:188} INFO - [2026-03-13T05:21:09.739+0530] {dagbag.py:540} INFO - Filling up the DagBag from /Users/aswin/Documents/data-engineering-practice/ETL_Airflow_DBT/airflow/airflow_env/lib/python3.11/site-packages/airflow/example_dags/example_nested_branch_dag.py
[2026-03-13T05:21:09.754+0530] {processor.py:840} INFO - DAG(s) 'example_nested_branch_dag' retrieved from /Users/aswin/Documents/data-engineering-practice/ETL_Airflow_DBT/airflow/airflow_env/lib/python3.11/site-packages/airflow/example_dags/example_nested_branch_dag.py
[2026-03-13T05:21:09.783+0530] {logging_mixin.py:188} INFO - [2026-03-13T05:21:09.783+0530] {dag.py:3096} INFO - Sync 1 DAGs
[2026-03-13T05:21:09.789+0530] {logging_mixin.py:188} INFO - [2026-03-13T05:21:09.789+0530] {dag.py:3954} INFO - Setting next_dagrun for example_nested_branch_dag to 2026-03-11 00:00:00+00:00, run_after=2026-03-12 00:00:00+00:00
[2026-03-13T05:21:09.794+0530] {processor.py:183} INFO - Processing /Users/aswin/Documents/data-engineering-practice/ETL_Airflow_DBT/airflow/airflow_env/lib/python3.11/site-packages/airflow/example_dags/example_nested_branch_dag.py took 0.057 seconds
