[2026-03-13T05:12:14.255+0530] {processor.py:161} INFO - Started process (PID=47499) to work on /Users/aswin/Documents/data-engineering-practice/ETL_Airflow_DBT/airflow/airflow_env/lib/python3.11/site-packages/airflow/example_dags/example_kubernetes_executor.py
[2026-03-13T05:12:14.255+0530] {processor.py:830} INFO - Processing file /Users/aswin/Documents/data-engineering-practice/ETL_Airflow_DBT/airflow/airflow_env/lib/python3.11/site-packages/airflow/example_dags/example_kubernetes_executor.py for tasks to queue
[2026-03-13T05:12:14.256+0530] {logging_mixin.py:188} INFO - [2026-03-13T05:12:14.256+0530] {dagbag.py:540} INFO - Filling up the DagBag from /Users/aswin/Documents/data-engineering-practice/ETL_Airflow_DBT/airflow/airflow_env/lib/python3.11/site-packages/airflow/example_dags/example_kubernetes_executor.py
[2026-03-13T05:12:14.269+0530] {logging_mixin.py:188} INFO - [2026-03-13T05:12:14.269+0530] {example_kubernetes_executor.py:39} WARNING - The example_kubernetes_executor example DAG requires the kubernetes provider. Please install it with: pip install apache-airflow[cncf.kubernetes]
[2026-03-13T05:12:14.269+0530] {processor.py:842} WARNING - No viable dags retrieved from /Users/aswin/Documents/data-engineering-practice/ETL_Airflow_DBT/airflow/airflow_env/lib/python3.11/site-packages/airflow/example_dags/example_kubernetes_executor.py
[2026-03-13T05:12:14.294+0530] {processor.py:183} INFO - Processing /Users/aswin/Documents/data-engineering-practice/ETL_Airflow_DBT/airflow/airflow_env/lib/python3.11/site-packages/airflow/example_dags/example_kubernetes_executor.py took 0.040 seconds
[2026-03-13T05:13:05.171+0530] {processor.py:161} INFO - Started process (PID=47590) to work on /Users/aswin/Documents/data-engineering-practice/ETL_Airflow_DBT/airflow/airflow_env/lib/python3.11/site-packages/airflow/example_dags/example_kubernetes_executor.py
[2026-03-13T05:13:05.172+0530] {processor.py:830} INFO - Processing file /Users/aswin/Documents/data-engineering-practice/ETL_Airflow_DBT/airflow/airflow_env/lib/python3.11/site-packages/airflow/example_dags/example_kubernetes_executor.py for tasks to queue
[2026-03-13T05:13:05.172+0530] {logging_mixin.py:188} INFO - [2026-03-13T05:13:05.172+0530] {dagbag.py:540} INFO - Filling up the DagBag from /Users/aswin/Documents/data-engineering-practice/ETL_Airflow_DBT/airflow/airflow_env/lib/python3.11/site-packages/airflow/example_dags/example_kubernetes_executor.py
[2026-03-13T05:13:05.186+0530] {logging_mixin.py:188} INFO - [2026-03-13T05:13:05.186+0530] {example_kubernetes_executor.py:39} WARNING - The example_kubernetes_executor example DAG requires the kubernetes provider. Please install it with: pip install apache-airflow[cncf.kubernetes]
[2026-03-13T05:13:05.186+0530] {processor.py:842} WARNING - No viable dags retrieved from /Users/aswin/Documents/data-engineering-practice/ETL_Airflow_DBT/airflow/airflow_env/lib/python3.11/site-packages/airflow/example_dags/example_kubernetes_executor.py
[2026-03-13T05:13:05.212+0530] {processor.py:183} INFO - Processing /Users/aswin/Documents/data-engineering-practice/ETL_Airflow_DBT/airflow/airflow_env/lib/python3.11/site-packages/airflow/example_dags/example_kubernetes_executor.py took 0.042 seconds
[2026-03-13T05:14:04.936+0530] {processor.py:161} INFO - Started process (PID=47707) to work on /Users/aswin/Documents/data-engineering-practice/ETL_Airflow_DBT/airflow/airflow_env/lib/python3.11/site-packages/airflow/example_dags/example_kubernetes_executor.py
[2026-03-13T05:14:04.937+0530] {processor.py:830} INFO - Processing file /Users/aswin/Documents/data-engineering-practice/ETL_Airflow_DBT/airflow/airflow_env/lib/python3.11/site-packages/airflow/example_dags/example_kubernetes_executor.py for tasks to queue
[2026-03-13T05:14:04.937+0530] {logging_mixin.py:188} INFO - [2026-03-13T05:14:04.937+0530] {dagbag.py:540} INFO - Filling up the DagBag from /Users/aswin/Documents/data-engineering-practice/ETL_Airflow_DBT/airflow/airflow_env/lib/python3.11/site-packages/airflow/example_dags/example_kubernetes_executor.py
[2026-03-13T05:14:04.951+0530] {logging_mixin.py:188} INFO - [2026-03-13T05:14:04.951+0530] {example_kubernetes_executor.py:39} WARNING - The example_kubernetes_executor example DAG requires the kubernetes provider. Please install it with: pip install apache-airflow[cncf.kubernetes]
[2026-03-13T05:14:04.951+0530] {processor.py:842} WARNING - No viable dags retrieved from /Users/aswin/Documents/data-engineering-practice/ETL_Airflow_DBT/airflow/airflow_env/lib/python3.11/site-packages/airflow/example_dags/example_kubernetes_executor.py
[2026-03-13T05:14:04.976+0530] {processor.py:183} INFO - Processing /Users/aswin/Documents/data-engineering-practice/ETL_Airflow_DBT/airflow/airflow_env/lib/python3.11/site-packages/airflow/example_dags/example_kubernetes_executor.py took 0.041 seconds
[2026-03-13T05:15:08.479+0530] {processor.py:161} INFO - Started process (PID=47833) to work on /Users/aswin/Documents/data-engineering-practice/ETL_Airflow_DBT/airflow/airflow_env/lib/python3.11/site-packages/airflow/example_dags/example_kubernetes_executor.py
[2026-03-13T05:15:08.480+0530] {processor.py:830} INFO - Processing file /Users/aswin/Documents/data-engineering-practice/ETL_Airflow_DBT/airflow/airflow_env/lib/python3.11/site-packages/airflow/example_dags/example_kubernetes_executor.py for tasks to queue
[2026-03-13T05:15:08.480+0530] {logging_mixin.py:188} INFO - [2026-03-13T05:15:08.480+0530] {dagbag.py:540} INFO - Filling up the DagBag from /Users/aswin/Documents/data-engineering-practice/ETL_Airflow_DBT/airflow/airflow_env/lib/python3.11/site-packages/airflow/example_dags/example_kubernetes_executor.py
[2026-03-13T05:15:08.494+0530] {logging_mixin.py:188} INFO - [2026-03-13T05:15:08.494+0530] {example_kubernetes_executor.py:39} WARNING - The example_kubernetes_executor example DAG requires the kubernetes provider. Please install it with: pip install apache-airflow[cncf.kubernetes]
[2026-03-13T05:15:08.494+0530] {processor.py:842} WARNING - No viable dags retrieved from /Users/aswin/Documents/data-engineering-practice/ETL_Airflow_DBT/airflow/airflow_env/lib/python3.11/site-packages/airflow/example_dags/example_kubernetes_executor.py
[2026-03-13T05:15:08.519+0530] {processor.py:183} INFO - Processing /Users/aswin/Documents/data-engineering-practice/ETL_Airflow_DBT/airflow/airflow_env/lib/python3.11/site-packages/airflow/example_dags/example_kubernetes_executor.py took 0.041 seconds
[2026-03-13T05:19:30.065+0530] {processor.py:161} INFO - Started process (PID=48006) to work on /Users/aswin/Documents/data-engineering-practice/ETL_Airflow_DBT/airflow/airflow_env/lib/python3.11/site-packages/airflow/example_dags/example_kubernetes_executor.py
[2026-03-13T05:19:30.065+0530] {processor.py:830} INFO - Processing file /Users/aswin/Documents/data-engineering-practice/ETL_Airflow_DBT/airflow/airflow_env/lib/python3.11/site-packages/airflow/example_dags/example_kubernetes_executor.py for tasks to queue
[2026-03-13T05:19:30.065+0530] {logging_mixin.py:188} INFO - [2026-03-13T05:19:30.065+0530] {dagbag.py:540} INFO - Filling up the DagBag from /Users/aswin/Documents/data-engineering-practice/ETL_Airflow_DBT/airflow/airflow_env/lib/python3.11/site-packages/airflow/example_dags/example_kubernetes_executor.py
[2026-03-13T05:19:30.078+0530] {logging_mixin.py:188} INFO - [2026-03-13T05:19:30.078+0530] {example_kubernetes_executor.py:39} WARNING - The example_kubernetes_executor example DAG requires the kubernetes provider. Please install it with: pip install apache-airflow[cncf.kubernetes]
[2026-03-13T05:19:30.078+0530] {processor.py:842} WARNING - No viable dags retrieved from /Users/aswin/Documents/data-engineering-practice/ETL_Airflow_DBT/airflow/airflow_env/lib/python3.11/site-packages/airflow/example_dags/example_kubernetes_executor.py
[2026-03-13T05:19:30.101+0530] {processor.py:183} INFO - Processing /Users/aswin/Documents/data-engineering-practice/ETL_Airflow_DBT/airflow/airflow_env/lib/python3.11/site-packages/airflow/example_dags/example_kubernetes_executor.py took 0.037 seconds
[2026-03-13T05:21:15.344+0530] {processor.py:161} INFO - Started process (PID=48146) to work on /Users/aswin/Documents/data-engineering-practice/ETL_Airflow_DBT/airflow/airflow_env/lib/python3.11/site-packages/airflow/example_dags/example_kubernetes_executor.py
[2026-03-13T05:21:15.345+0530] {processor.py:830} INFO - Processing file /Users/aswin/Documents/data-engineering-practice/ETL_Airflow_DBT/airflow/airflow_env/lib/python3.11/site-packages/airflow/example_dags/example_kubernetes_executor.py for tasks to queue
[2026-03-13T05:21:15.345+0530] {logging_mixin.py:188} INFO - [2026-03-13T05:21:15.345+0530] {dagbag.py:540} INFO - Filling up the DagBag from /Users/aswin/Documents/data-engineering-practice/ETL_Airflow_DBT/airflow/airflow_env/lib/python3.11/site-packages/airflow/example_dags/example_kubernetes_executor.py
[2026-03-13T05:21:15.358+0530] {logging_mixin.py:188} INFO - [2026-03-13T05:21:15.358+0530] {example_kubernetes_executor.py:39} WARNING - The example_kubernetes_executor example DAG requires the kubernetes provider. Please install it with: pip install apache-airflow[cncf.kubernetes]
[2026-03-13T05:21:15.359+0530] {processor.py:842} WARNING - No viable dags retrieved from /Users/aswin/Documents/data-engineering-practice/ETL_Airflow_DBT/airflow/airflow_env/lib/python3.11/site-packages/airflow/example_dags/example_kubernetes_executor.py
[2026-03-13T05:21:15.383+0530] {processor.py:183} INFO - Processing /Users/aswin/Documents/data-engineering-practice/ETL_Airflow_DBT/airflow/airflow_env/lib/python3.11/site-packages/airflow/example_dags/example_kubernetes_executor.py took 0.040 seconds
