[2026-03-13T04:44:05.818+0530] {processor.py:161} INFO - Started process (PID=47046) to work on /Users/aswin/Documents/data-engineering-practice/ETL_Airflow_DBT/airflow/airflow_env/lib/python3.11/site-packages/airflow/example_dags/tutorial.py
[2026-03-13T04:44:05.819+0530] {processor.py:830} INFO - Processing file /Users/aswin/Documents/data-engineering-practice/ETL_Airflow_DBT/airflow/airflow_env/lib/python3.11/site-packages/airflow/example_dags/tutorial.py for tasks to queue
[2026-03-13T04:44:05.819+0530] {logging_mixin.py:188} INFO - [2026-03-13T04:44:05.819+0530] {dagbag.py:540} INFO - Filling up the DagBag from /Users/aswin/Documents/data-engineering-practice/ETL_Airflow_DBT/airflow/airflow_env/lib/python3.11/site-packages/airflow/example_dags/tutorial.py
[2026-03-13T04:44:05.822+0530] {processor.py:840} INFO - DAG(s) 'tutorial' retrieved from /Users/aswin/Documents/data-engineering-practice/ETL_Airflow_DBT/airflow/airflow_env/lib/python3.11/site-packages/airflow/example_dags/tutorial.py
[2026-03-13T04:44:05.851+0530] {logging_mixin.py:188} INFO - [2026-03-13T04:44:05.851+0530] {dag.py:3096} INFO - Sync 1 DAGs
[2026-03-13T04:44:05.856+0530] {logging_mixin.py:188} INFO - [2026-03-13T04:44:05.856+0530] {dag.py:3954} INFO - Setting next_dagrun for tutorial to 2026-03-11 00:00:00+00:00, run_after=2026-03-12 00:00:00+00:00
[2026-03-13T04:44:05.862+0530] {processor.py:183} INFO - Processing /Users/aswin/Documents/data-engineering-practice/ETL_Airflow_DBT/airflow/airflow_env/lib/python3.11/site-packages/airflow/example_dags/tutorial.py took 0.045 seconds
[2026-03-13T05:11:49.807+0530] {processor.py:161} INFO - Started process (PID=47447) to work on /Users/aswin/Documents/data-engineering-practice/ETL_Airflow_DBT/airflow/airflow_env/lib/python3.11/site-packages/airflow/example_dags/tutorial.py
[2026-03-13T05:11:49.808+0530] {processor.py:830} INFO - Processing file /Users/aswin/Documents/data-engineering-practice/ETL_Airflow_DBT/airflow/airflow_env/lib/python3.11/site-packages/airflow/example_dags/tutorial.py for tasks to queue
[2026-03-13T05:11:49.809+0530] {logging_mixin.py:188} INFO - [2026-03-13T05:11:49.809+0530] {dagbag.py:540} INFO - Filling up the DagBag from /Users/aswin/Documents/data-engineering-practice/ETL_Airflow_DBT/airflow/airflow_env/lib/python3.11/site-packages/airflow/example_dags/tutorial.py
[2026-03-13T05:11:49.811+0530] {processor.py:840} INFO - DAG(s) 'tutorial' retrieved from /Users/aswin/Documents/data-engineering-practice/ETL_Airflow_DBT/airflow/airflow_env/lib/python3.11/site-packages/airflow/example_dags/tutorial.py
[2026-03-13T05:11:49.841+0530] {logging_mixin.py:188} INFO - [2026-03-13T05:11:49.841+0530] {dag.py:3096} INFO - Sync 1 DAGs
[2026-03-13T05:11:49.846+0530] {logging_mixin.py:188} INFO - [2026-03-13T05:11:49.846+0530] {dag.py:3954} INFO - Setting next_dagrun for tutorial to 2026-03-11 00:00:00+00:00, run_after=2026-03-12 00:00:00+00:00
[2026-03-13T05:11:49.853+0530] {processor.py:183} INFO - Processing /Users/aswin/Documents/data-engineering-practice/ETL_Airflow_DBT/airflow/airflow_env/lib/python3.11/site-packages/airflow/example_dags/tutorial.py took 0.046 seconds
[2026-03-13T05:12:40.828+0530] {processor.py:161} INFO - Started process (PID=47535) to work on /Users/aswin/Documents/data-engineering-practice/ETL_Airflow_DBT/airflow/airflow_env/lib/python3.11/site-packages/airflow/example_dags/tutorial.py
[2026-03-13T05:12:40.829+0530] {processor.py:830} INFO - Processing file /Users/aswin/Documents/data-engineering-practice/ETL_Airflow_DBT/airflow/airflow_env/lib/python3.11/site-packages/airflow/example_dags/tutorial.py for tasks to queue
[2026-03-13T05:12:40.829+0530] {logging_mixin.py:188} INFO - [2026-03-13T05:12:40.829+0530] {dagbag.py:540} INFO - Filling up the DagBag from /Users/aswin/Documents/data-engineering-practice/ETL_Airflow_DBT/airflow/airflow_env/lib/python3.11/site-packages/airflow/example_dags/tutorial.py
[2026-03-13T05:12:40.831+0530] {processor.py:840} INFO - DAG(s) 'tutorial' retrieved from /Users/aswin/Documents/data-engineering-practice/ETL_Airflow_DBT/airflow/airflow_env/lib/python3.11/site-packages/airflow/example_dags/tutorial.py
[2026-03-13T05:12:40.862+0530] {logging_mixin.py:188} INFO - [2026-03-13T05:12:40.862+0530] {dag.py:3096} INFO - Sync 1 DAGs
[2026-03-13T05:12:40.867+0530] {logging_mixin.py:188} INFO - [2026-03-13T05:12:40.867+0530] {dag.py:3954} INFO - Setting next_dagrun for tutorial to 2026-03-11 00:00:00+00:00, run_after=2026-03-12 00:00:00+00:00
[2026-03-13T05:12:40.874+0530] {processor.py:183} INFO - Processing /Users/aswin/Documents/data-engineering-practice/ETL_Airflow_DBT/airflow/airflow_env/lib/python3.11/site-packages/airflow/example_dags/tutorial.py took 0.047 seconds
[2026-03-13T05:13:30.966+0530] {processor.py:161} INFO - Started process (PID=47640) to work on /Users/aswin/Documents/data-engineering-practice/ETL_Airflow_DBT/airflow/airflow_env/lib/python3.11/site-packages/airflow/example_dags/tutorial.py
[2026-03-13T05:13:30.967+0530] {processor.py:830} INFO - Processing file /Users/aswin/Documents/data-engineering-practice/ETL_Airflow_DBT/airflow/airflow_env/lib/python3.11/site-packages/airflow/example_dags/tutorial.py for tasks to queue
[2026-03-13T05:13:30.967+0530] {logging_mixin.py:188} INFO - [2026-03-13T05:13:30.967+0530] {dagbag.py:540} INFO - Filling up the DagBag from /Users/aswin/Documents/data-engineering-practice/ETL_Airflow_DBT/airflow/airflow_env/lib/python3.11/site-packages/airflow/example_dags/tutorial.py
[2026-03-13T05:13:30.970+0530] {processor.py:840} INFO - DAG(s) 'tutorial' retrieved from /Users/aswin/Documents/data-engineering-practice/ETL_Airflow_DBT/airflow/airflow_env/lib/python3.11/site-packages/airflow/example_dags/tutorial.py
[2026-03-13T05:13:30.999+0530] {logging_mixin.py:188} INFO - [2026-03-13T05:13:30.999+0530] {dag.py:3096} INFO - Sync 1 DAGs
[2026-03-13T05:13:31.005+0530] {logging_mixin.py:188} INFO - [2026-03-13T05:13:31.005+0530] {dag.py:3954} INFO - Setting next_dagrun for tutorial to 2026-03-11 00:00:00+00:00, run_after=2026-03-12 00:00:00+00:00
[2026-03-13T05:13:31.012+0530] {processor.py:183} INFO - Processing /Users/aswin/Documents/data-engineering-practice/ETL_Airflow_DBT/airflow/airflow_env/lib/python3.11/site-packages/airflow/example_dags/tutorial.py took 0.046 seconds
[2026-03-13T05:14:12.268+0530] {processor.py:161} INFO - Started process (PID=47723) to work on /Users/aswin/Documents/data-engineering-practice/ETL_Airflow_DBT/airflow/airflow_env/lib/python3.11/site-packages/airflow/example_dags/tutorial.py
[2026-03-13T05:14:12.269+0530] {processor.py:830} INFO - Processing file /Users/aswin/Documents/data-engineering-practice/ETL_Airflow_DBT/airflow/airflow_env/lib/python3.11/site-packages/airflow/example_dags/tutorial.py for tasks to queue
[2026-03-13T05:14:12.270+0530] {logging_mixin.py:188} INFO - [2026-03-13T05:14:12.270+0530] {dagbag.py:540} INFO - Filling up the DagBag from /Users/aswin/Documents/data-engineering-practice/ETL_Airflow_DBT/airflow/airflow_env/lib/python3.11/site-packages/airflow/example_dags/tutorial.py
[2026-03-13T05:14:12.273+0530] {processor.py:840} INFO - DAG(s) 'tutorial' retrieved from /Users/aswin/Documents/data-engineering-practice/ETL_Airflow_DBT/airflow/airflow_env/lib/python3.11/site-packages/airflow/example_dags/tutorial.py
[2026-03-13T05:14:12.303+0530] {logging_mixin.py:188} INFO - [2026-03-13T05:14:12.303+0530] {dag.py:3096} INFO - Sync 1 DAGs
[2026-03-13T05:14:12.308+0530] {logging_mixin.py:188} INFO - [2026-03-13T05:14:12.308+0530] {dag.py:3954} INFO - Setting next_dagrun for tutorial to 2026-03-11 00:00:00+00:00, run_after=2026-03-12 00:00:00+00:00
[2026-03-13T05:14:12.315+0530] {processor.py:183} INFO - Processing /Users/aswin/Documents/data-engineering-practice/ETL_Airflow_DBT/airflow/airflow_env/lib/python3.11/site-packages/airflow/example_dags/tutorial.py took 0.047 seconds
[2026-03-13T05:14:55.175+0530] {processor.py:161} INFO - Started process (PID=47817) to work on /Users/aswin/Documents/data-engineering-practice/ETL_Airflow_DBT/airflow/airflow_env/lib/python3.11/site-packages/airflow/example_dags/tutorial.py
[2026-03-13T05:14:55.178+0530] {processor.py:830} INFO - Processing file /Users/aswin/Documents/data-engineering-practice/ETL_Airflow_DBT/airflow/airflow_env/lib/python3.11/site-packages/airflow/example_dags/tutorial.py for tasks to queue
[2026-03-13T05:14:55.178+0530] {logging_mixin.py:188} INFO - [2026-03-13T05:14:55.178+0530] {dagbag.py:540} INFO - Filling up the DagBag from /Users/aswin/Documents/data-engineering-practice/ETL_Airflow_DBT/airflow/airflow_env/lib/python3.11/site-packages/airflow/example_dags/tutorial.py
[2026-03-13T05:14:55.181+0530] {processor.py:840} INFO - DAG(s) 'tutorial' retrieved from /Users/aswin/Documents/data-engineering-practice/ETL_Airflow_DBT/airflow/airflow_env/lib/python3.11/site-packages/airflow/example_dags/tutorial.py
[2026-03-13T05:14:55.215+0530] {logging_mixin.py:188} INFO - [2026-03-13T05:14:55.215+0530] {dag.py:3096} INFO - Sync 1 DAGs
[2026-03-13T05:14:55.221+0530] {logging_mixin.py:188} INFO - [2026-03-13T05:14:55.221+0530] {dag.py:3954} INFO - Setting next_dagrun for tutorial to 2026-03-11 00:00:00+00:00, run_after=2026-03-12 00:00:00+00:00
[2026-03-13T05:14:55.228+0530] {processor.py:183} INFO - Processing /Users/aswin/Documents/data-engineering-practice/ETL_Airflow_DBT/airflow/airflow_env/lib/python3.11/site-packages/airflow/example_dags/tutorial.py took 0.055 seconds
[2026-03-13T05:18:50.533+0530] {processor.py:161} INFO - Started process (PID=47966) to work on /Users/aswin/Documents/data-engineering-practice/ETL_Airflow_DBT/airflow/airflow_env/lib/python3.11/site-packages/airflow/example_dags/tutorial.py
[2026-03-13T05:18:50.534+0530] {processor.py:830} INFO - Processing file /Users/aswin/Documents/data-engineering-practice/ETL_Airflow_DBT/airflow/airflow_env/lib/python3.11/site-packages/airflow/example_dags/tutorial.py for tasks to queue
[2026-03-13T05:18:50.535+0530] {logging_mixin.py:188} INFO - [2026-03-13T05:18:50.535+0530] {dagbag.py:540} INFO - Filling up the DagBag from /Users/aswin/Documents/data-engineering-practice/ETL_Airflow_DBT/airflow/airflow_env/lib/python3.11/site-packages/airflow/example_dags/tutorial.py
[2026-03-13T05:18:50.537+0530] {processor.py:840} INFO - DAG(s) 'tutorial' retrieved from /Users/aswin/Documents/data-engineering-practice/ETL_Airflow_DBT/airflow/airflow_env/lib/python3.11/site-packages/airflow/example_dags/tutorial.py
[2026-03-13T05:18:50.569+0530] {logging_mixin.py:188} INFO - [2026-03-13T05:18:50.569+0530] {dag.py:3096} INFO - Sync 1 DAGs
[2026-03-13T05:18:50.575+0530] {logging_mixin.py:188} INFO - [2026-03-13T05:18:50.575+0530] {dag.py:3954} INFO - Setting next_dagrun for tutorial to 2026-03-11 00:00:00+00:00, run_after=2026-03-12 00:00:00+00:00
[2026-03-13T05:18:50.581+0530] {processor.py:183} INFO - Processing /Users/aswin/Documents/data-engineering-practice/ETL_Airflow_DBT/airflow/airflow_env/lib/python3.11/site-packages/airflow/example_dags/tutorial.py took 0.049 seconds
[2026-03-13T05:20:12.832+0530] {processor.py:161} INFO - Started process (PID=48045) to work on /Users/aswin/Documents/data-engineering-practice/ETL_Airflow_DBT/airflow/airflow_env/lib/python3.11/site-packages/airflow/example_dags/tutorial.py
[2026-03-13T05:20:12.833+0530] {processor.py:830} INFO - Processing file /Users/aswin/Documents/data-engineering-practice/ETL_Airflow_DBT/airflow/airflow_env/lib/python3.11/site-packages/airflow/example_dags/tutorial.py for tasks to queue
[2026-03-13T05:20:12.833+0530] {logging_mixin.py:188} INFO - [2026-03-13T05:20:12.833+0530] {dagbag.py:540} INFO - Filling up the DagBag from /Users/aswin/Documents/data-engineering-practice/ETL_Airflow_DBT/airflow/airflow_env/lib/python3.11/site-packages/airflow/example_dags/tutorial.py
[2026-03-13T05:20:12.836+0530] {processor.py:840} INFO - DAG(s) 'tutorial' retrieved from /Users/aswin/Documents/data-engineering-practice/ETL_Airflow_DBT/airflow/airflow_env/lib/python3.11/site-packages/airflow/example_dags/tutorial.py
[2026-03-13T05:20:12.871+0530] {logging_mixin.py:188} INFO - [2026-03-13T05:20:12.871+0530] {dag.py:3096} INFO - Sync 1 DAGs
[2026-03-13T05:20:12.876+0530] {logging_mixin.py:188} INFO - [2026-03-13T05:20:12.876+0530] {dag.py:3954} INFO - Setting next_dagrun for tutorial to 2026-03-11 00:00:00+00:00, run_after=2026-03-12 00:00:00+00:00
[2026-03-13T05:20:12.883+0530] {processor.py:183} INFO - Processing /Users/aswin/Documents/data-engineering-practice/ETL_Airflow_DBT/airflow/airflow_env/lib/python3.11/site-packages/airflow/example_dags/tutorial.py took 0.052 seconds
[2026-03-13T05:21:05.243+0530] {processor.py:161} INFO - Started process (PID=48137) to work on /Users/aswin/Documents/data-engineering-practice/ETL_Airflow_DBT/airflow/airflow_env/lib/python3.11/site-packages/airflow/example_dags/tutorial.py
[2026-03-13T05:21:05.244+0530] {processor.py:830} INFO - Processing file /Users/aswin/Documents/data-engineering-practice/ETL_Airflow_DBT/airflow/airflow_env/lib/python3.11/site-packages/airflow/example_dags/tutorial.py for tasks to queue
[2026-03-13T05:21:05.245+0530] {logging_mixin.py:188} INFO - [2026-03-13T05:21:05.245+0530] {dagbag.py:540} INFO - Filling up the DagBag from /Users/aswin/Documents/data-engineering-practice/ETL_Airflow_DBT/airflow/airflow_env/lib/python3.11/site-packages/airflow/example_dags/tutorial.py
[2026-03-13T05:21:05.247+0530] {processor.py:840} INFO - DAG(s) 'tutorial' retrieved from /Users/aswin/Documents/data-engineering-practice/ETL_Airflow_DBT/airflow/airflow_env/lib/python3.11/site-packages/airflow/example_dags/tutorial.py
[2026-03-13T05:21:05.279+0530] {logging_mixin.py:188} INFO - [2026-03-13T05:21:05.279+0530] {dag.py:3096} INFO - Sync 1 DAGs
[2026-03-13T05:21:05.284+0530] {logging_mixin.py:188} INFO - [2026-03-13T05:21:05.284+0530] {dag.py:3954} INFO - Setting next_dagrun for tutorial to 2026-03-11 00:00:00+00:00, run_after=2026-03-12 00:00:00+00:00
[2026-03-13T05:21:05.290+0530] {processor.py:183} INFO - Processing /Users/aswin/Documents/data-engineering-practice/ETL_Airflow_DBT/airflow/airflow_env/lib/python3.11/site-packages/airflow/example_dags/tutorial.py took 0.048 seconds
[2026-03-13T05:21:56.703+0530] {processor.py:161} INFO - Started process (PID=48180) to work on /Users/aswin/Documents/data-engineering-practice/ETL_Airflow_DBT/airflow/airflow_env/lib/python3.11/site-packages/airflow/example_dags/tutorial.py
[2026-03-13T05:21:56.704+0530] {processor.py:830} INFO - Processing file /Users/aswin/Documents/data-engineering-practice/ETL_Airflow_DBT/airflow/airflow_env/lib/python3.11/site-packages/airflow/example_dags/tutorial.py for tasks to queue
[2026-03-13T05:21:56.704+0530] {logging_mixin.py:188} INFO - [2026-03-13T05:21:56.704+0530] {dagbag.py:540} INFO - Filling up the DagBag from /Users/aswin/Documents/data-engineering-practice/ETL_Airflow_DBT/airflow/airflow_env/lib/python3.11/site-packages/airflow/example_dags/tutorial.py
[2026-03-13T05:21:56.707+0530] {processor.py:840} INFO - DAG(s) 'tutorial' retrieved from /Users/aswin/Documents/data-engineering-practice/ETL_Airflow_DBT/airflow/airflow_env/lib/python3.11/site-packages/airflow/example_dags/tutorial.py
[2026-03-13T05:21:56.739+0530] {logging_mixin.py:188} INFO - [2026-03-13T05:21:56.739+0530] {dag.py:3096} INFO - Sync 1 DAGs
[2026-03-13T05:21:56.745+0530] {logging_mixin.py:188} INFO - [2026-03-13T05:21:56.745+0530] {dag.py:3954} INFO - Setting next_dagrun for tutorial to 2026-03-11 00:00:00+00:00, run_after=2026-03-12 00:00:00+00:00
[2026-03-13T05:21:56.752+0530] {processor.py:183} INFO - Processing /Users/aswin/Documents/data-engineering-practice/ETL_Airflow_DBT/airflow/airflow_env/lib/python3.11/site-packages/airflow/example_dags/tutorial.py took 0.050 seconds
