[2026-02-24T05:30:39.396+0530] {processor.py:161} INFO - Started process (PID=47103) to work on /Users/aswin/Documents/data-engineering-practice/ETL_Airflow_DBT/airflow/airflow_env/lib/python3.11/site-packages/airflow/example_dags/example_sensor_decorator.py
[2026-02-24T05:30:39.397+0530] {processor.py:830} INFO - Processing file /Users/aswin/Documents/data-engineering-practice/ETL_Airflow_DBT/airflow/airflow_env/lib/python3.11/site-packages/airflow/example_dags/example_sensor_decorator.py for tasks to queue
[2026-02-24T05:30:39.397+0530] {logging_mixin.py:188} INFO - [2026-02-24T05:30:39.397+0530] {dagbag.py:540} INFO - Filling up the DagBag from /Users/aswin/Documents/data-engineering-practice/ETL_Airflow_DBT/airflow/airflow_env/lib/python3.11/site-packages/airflow/example_dags/example_sensor_decorator.py
[2026-02-24T05:30:39.410+0530] {processor.py:840} INFO - DAG(s) 'example_sensor_decorator' retrieved from /Users/aswin/Documents/data-engineering-practice/ETL_Airflow_DBT/airflow/airflow_env/lib/python3.11/site-packages/airflow/example_dags/example_sensor_decorator.py
[2026-02-24T05:30:39.441+0530] {logging_mixin.py:188} INFO - [2026-02-24T05:30:39.440+0530] {dag.py:3096} INFO - Sync 1 DAGs
[2026-02-24T05:30:39.443+0530] {logging_mixin.py:188} INFO - [2026-02-24T05:30:39.443+0530] {dag.py:3954} INFO - Setting next_dagrun for example_sensor_decorator to None, run_after=None
[2026-02-24T05:30:39.449+0530] {processor.py:183} INFO - Processing /Users/aswin/Documents/data-engineering-practice/ETL_Airflow_DBT/airflow/airflow_env/lib/python3.11/site-packages/airflow/example_dags/example_sensor_decorator.py took 0.054 seconds
[2026-02-24T05:32:06.855+0530] {processor.py:161} INFO - Started process (PID=47197) to work on /Users/aswin/Documents/data-engineering-practice/ETL_Airflow_DBT/airflow/airflow_env/lib/python3.11/site-packages/airflow/example_dags/example_sensor_decorator.py
[2026-02-24T05:32:06.856+0530] {processor.py:830} INFO - Processing file /Users/aswin/Documents/data-engineering-practice/ETL_Airflow_DBT/airflow/airflow_env/lib/python3.11/site-packages/airflow/example_dags/example_sensor_decorator.py for tasks to queue
[2026-02-24T05:32:06.856+0530] {logging_mixin.py:188} INFO - [2026-02-24T05:32:06.856+0530] {dagbag.py:540} INFO - Filling up the DagBag from /Users/aswin/Documents/data-engineering-practice/ETL_Airflow_DBT/airflow/airflow_env/lib/python3.11/site-packages/airflow/example_dags/example_sensor_decorator.py
[2026-02-24T05:32:06.869+0530] {processor.py:840} INFO - DAG(s) 'example_sensor_decorator' retrieved from /Users/aswin/Documents/data-engineering-practice/ETL_Airflow_DBT/airflow/airflow_env/lib/python3.11/site-packages/airflow/example_dags/example_sensor_decorator.py
[2026-02-24T05:32:06.900+0530] {logging_mixin.py:188} INFO - [2026-02-24T05:32:06.900+0530] {dag.py:3096} INFO - Sync 1 DAGs
[2026-02-24T05:32:06.903+0530] {logging_mixin.py:188} INFO - [2026-02-24T05:32:06.903+0530] {dag.py:3954} INFO - Setting next_dagrun for example_sensor_decorator to None, run_after=None
[2026-02-24T05:32:06.908+0530] {processor.py:183} INFO - Processing /Users/aswin/Documents/data-engineering-practice/ETL_Airflow_DBT/airflow/airflow_env/lib/python3.11/site-packages/airflow/example_dags/example_sensor_decorator.py took 0.055 seconds
[2026-02-24T05:33:42.615+0530] {processor.py:161} INFO - Started process (PID=47311) to work on /Users/aswin/Documents/data-engineering-practice/ETL_Airflow_DBT/airflow/airflow_env/lib/python3.11/site-packages/airflow/example_dags/example_sensor_decorator.py
[2026-02-24T05:33:42.617+0530] {processor.py:830} INFO - Processing file /Users/aswin/Documents/data-engineering-practice/ETL_Airflow_DBT/airflow/airflow_env/lib/python3.11/site-packages/airflow/example_dags/example_sensor_decorator.py for tasks to queue
[2026-02-24T05:33:42.617+0530] {logging_mixin.py:188} INFO - [2026-02-24T05:33:42.617+0530] {dagbag.py:540} INFO - Filling up the DagBag from /Users/aswin/Documents/data-engineering-practice/ETL_Airflow_DBT/airflow/airflow_env/lib/python3.11/site-packages/airflow/example_dags/example_sensor_decorator.py
[2026-02-24T05:33:42.631+0530] {processor.py:840} INFO - DAG(s) 'example_sensor_decorator' retrieved from /Users/aswin/Documents/data-engineering-practice/ETL_Airflow_DBT/airflow/airflow_env/lib/python3.11/site-packages/airflow/example_dags/example_sensor_decorator.py
[2026-02-24T05:33:42.666+0530] {logging_mixin.py:188} INFO - [2026-02-24T05:33:42.665+0530] {dag.py:3096} INFO - Sync 1 DAGs
[2026-02-24T05:33:42.669+0530] {logging_mixin.py:188} INFO - [2026-02-24T05:33:42.668+0530] {dag.py:3954} INFO - Setting next_dagrun for example_sensor_decorator to None, run_after=None
[2026-02-24T05:33:42.674+0530] {processor.py:183} INFO - Processing /Users/aswin/Documents/data-engineering-practice/ETL_Airflow_DBT/airflow/airflow_env/lib/python3.11/site-packages/airflow/example_dags/example_sensor_decorator.py took 0.060 seconds
[2026-02-24T05:35:18.927+0530] {processor.py:161} INFO - Started process (PID=47409) to work on /Users/aswin/Documents/data-engineering-practice/ETL_Airflow_DBT/airflow/airflow_env/lib/python3.11/site-packages/airflow/example_dags/example_sensor_decorator.py
[2026-02-24T05:35:18.928+0530] {processor.py:830} INFO - Processing file /Users/aswin/Documents/data-engineering-practice/ETL_Airflow_DBT/airflow/airflow_env/lib/python3.11/site-packages/airflow/example_dags/example_sensor_decorator.py for tasks to queue
[2026-02-24T05:35:18.929+0530] {logging_mixin.py:188} INFO - [2026-02-24T05:35:18.929+0530] {dagbag.py:540} INFO - Filling up the DagBag from /Users/aswin/Documents/data-engineering-practice/ETL_Airflow_DBT/airflow/airflow_env/lib/python3.11/site-packages/airflow/example_dags/example_sensor_decorator.py
[2026-02-24T05:35:18.943+0530] {processor.py:840} INFO - DAG(s) 'example_sensor_decorator' retrieved from /Users/aswin/Documents/data-engineering-practice/ETL_Airflow_DBT/airflow/airflow_env/lib/python3.11/site-packages/airflow/example_dags/example_sensor_decorator.py
[2026-02-24T05:35:18.976+0530] {logging_mixin.py:188} INFO - [2026-02-24T05:35:18.975+0530] {dag.py:3096} INFO - Sync 1 DAGs
[2026-02-24T05:35:18.978+0530] {logging_mixin.py:188} INFO - [2026-02-24T05:35:18.978+0530] {dag.py:3954} INFO - Setting next_dagrun for example_sensor_decorator to None, run_after=None
[2026-02-24T05:35:18.987+0530] {processor.py:183} INFO - Processing /Users/aswin/Documents/data-engineering-practice/ETL_Airflow_DBT/airflow/airflow_env/lib/python3.11/site-packages/airflow/example_dags/example_sensor_decorator.py took 0.060 seconds
[2026-02-24T05:36:56.762+0530] {processor.py:161} INFO - Started process (PID=47529) to work on /Users/aswin/Documents/data-engineering-practice/ETL_Airflow_DBT/airflow/airflow_env/lib/python3.11/site-packages/airflow/example_dags/example_sensor_decorator.py
[2026-02-24T05:36:56.764+0530] {processor.py:830} INFO - Processing file /Users/aswin/Documents/data-engineering-practice/ETL_Airflow_DBT/airflow/airflow_env/lib/python3.11/site-packages/airflow/example_dags/example_sensor_decorator.py for tasks to queue
[2026-02-24T05:36:56.764+0530] {logging_mixin.py:188} INFO - [2026-02-24T05:36:56.764+0530] {dagbag.py:540} INFO - Filling up the DagBag from /Users/aswin/Documents/data-engineering-practice/ETL_Airflow_DBT/airflow/airflow_env/lib/python3.11/site-packages/airflow/example_dags/example_sensor_decorator.py
[2026-02-24T05:36:56.779+0530] {processor.py:840} INFO - DAG(s) 'example_sensor_decorator' retrieved from /Users/aswin/Documents/data-engineering-practice/ETL_Airflow_DBT/airflow/airflow_env/lib/python3.11/site-packages/airflow/example_dags/example_sensor_decorator.py
[2026-02-24T05:36:56.814+0530] {logging_mixin.py:188} INFO - [2026-02-24T05:36:56.813+0530] {dag.py:3096} INFO - Sync 1 DAGs
[2026-02-24T05:36:56.817+0530] {logging_mixin.py:188} INFO - [2026-02-24T05:36:56.817+0530] {dag.py:3954} INFO - Setting next_dagrun for example_sensor_decorator to None, run_after=None
[2026-02-24T05:36:56.823+0530] {processor.py:183} INFO - Processing /Users/aswin/Documents/data-engineering-practice/ETL_Airflow_DBT/airflow/airflow_env/lib/python3.11/site-packages/airflow/example_dags/example_sensor_decorator.py took 0.062 seconds
[2026-02-24T05:38:38.986+0530] {processor.py:161} INFO - Started process (PID=47620) to work on /Users/aswin/Documents/data-engineering-practice/ETL_Airflow_DBT/airflow/airflow_env/lib/python3.11/site-packages/airflow/example_dags/example_sensor_decorator.py
[2026-02-24T05:38:38.988+0530] {processor.py:830} INFO - Processing file /Users/aswin/Documents/data-engineering-practice/ETL_Airflow_DBT/airflow/airflow_env/lib/python3.11/site-packages/airflow/example_dags/example_sensor_decorator.py for tasks to queue
[2026-02-24T05:38:38.988+0530] {logging_mixin.py:188} INFO - [2026-02-24T05:38:38.988+0530] {dagbag.py:540} INFO - Filling up the DagBag from /Users/aswin/Documents/data-engineering-practice/ETL_Airflow_DBT/airflow/airflow_env/lib/python3.11/site-packages/airflow/example_dags/example_sensor_decorator.py
[2026-02-24T05:38:39.001+0530] {processor.py:840} INFO - DAG(s) 'example_sensor_decorator' retrieved from /Users/aswin/Documents/data-engineering-practice/ETL_Airflow_DBT/airflow/airflow_env/lib/python3.11/site-packages/airflow/example_dags/example_sensor_decorator.py
[2026-02-24T05:38:39.031+0530] {logging_mixin.py:188} INFO - [2026-02-24T05:38:39.031+0530] {dag.py:3096} INFO - Sync 1 DAGs
[2026-02-24T05:38:39.034+0530] {logging_mixin.py:188} INFO - [2026-02-24T05:38:39.034+0530] {dag.py:3954} INFO - Setting next_dagrun for example_sensor_decorator to None, run_after=None
[2026-02-24T05:38:39.040+0530] {processor.py:183} INFO - Processing /Users/aswin/Documents/data-engineering-practice/ETL_Airflow_DBT/airflow/airflow_env/lib/python3.11/site-packages/airflow/example_dags/example_sensor_decorator.py took 0.055 seconds
[2026-02-24T05:40:09.515+0530] {processor.py:161} INFO - Started process (PID=47702) to work on /Users/aswin/Documents/data-engineering-practice/ETL_Airflow_DBT/airflow/airflow_env/lib/python3.11/site-packages/airflow/example_dags/example_sensor_decorator.py
[2026-02-24T05:40:09.517+0530] {processor.py:830} INFO - Processing file /Users/aswin/Documents/data-engineering-practice/ETL_Airflow_DBT/airflow/airflow_env/lib/python3.11/site-packages/airflow/example_dags/example_sensor_decorator.py for tasks to queue
[2026-02-24T05:40:09.517+0530] {logging_mixin.py:188} INFO - [2026-02-24T05:40:09.517+0530] {dagbag.py:540} INFO - Filling up the DagBag from /Users/aswin/Documents/data-engineering-practice/ETL_Airflow_DBT/airflow/airflow_env/lib/python3.11/site-packages/airflow/example_dags/example_sensor_decorator.py
[2026-02-24T05:40:09.531+0530] {processor.py:840} INFO - DAG(s) 'example_sensor_decorator' retrieved from /Users/aswin/Documents/data-engineering-practice/ETL_Airflow_DBT/airflow/airflow_env/lib/python3.11/site-packages/airflow/example_dags/example_sensor_decorator.py
[2026-02-24T05:40:09.562+0530] {logging_mixin.py:188} INFO - [2026-02-24T05:40:09.562+0530] {dag.py:3096} INFO - Sync 1 DAGs
[2026-02-24T05:40:09.565+0530] {logging_mixin.py:188} INFO - [2026-02-24T05:40:09.565+0530] {dag.py:3954} INFO - Setting next_dagrun for example_sensor_decorator to None, run_after=None
[2026-02-24T05:40:09.570+0530] {processor.py:183} INFO - Processing /Users/aswin/Documents/data-engineering-practice/ETL_Airflow_DBT/airflow/airflow_env/lib/python3.11/site-packages/airflow/example_dags/example_sensor_decorator.py took 0.056 seconds
[2026-02-24T05:41:52.614+0530] {processor.py:161} INFO - Started process (PID=47794) to work on /Users/aswin/Documents/data-engineering-practice/ETL_Airflow_DBT/airflow/airflow_env/lib/python3.11/site-packages/airflow/example_dags/example_sensor_decorator.py
[2026-02-24T05:41:52.614+0530] {processor.py:830} INFO - Processing file /Users/aswin/Documents/data-engineering-practice/ETL_Airflow_DBT/airflow/airflow_env/lib/python3.11/site-packages/airflow/example_dags/example_sensor_decorator.py for tasks to queue
[2026-02-24T05:41:52.614+0530] {logging_mixin.py:188} INFO - [2026-02-24T05:41:52.614+0530] {dagbag.py:540} INFO - Filling up the DagBag from /Users/aswin/Documents/data-engineering-practice/ETL_Airflow_DBT/airflow/airflow_env/lib/python3.11/site-packages/airflow/example_dags/example_sensor_decorator.py
[2026-02-24T05:41:52.629+0530] {processor.py:840} INFO - DAG(s) 'example_sensor_decorator' retrieved from /Users/aswin/Documents/data-engineering-practice/ETL_Airflow_DBT/airflow/airflow_env/lib/python3.11/site-packages/airflow/example_dags/example_sensor_decorator.py
[2026-02-24T05:41:52.661+0530] {logging_mixin.py:188} INFO - [2026-02-24T05:41:52.661+0530] {dag.py:3096} INFO - Sync 1 DAGs
[2026-02-24T05:41:52.664+0530] {logging_mixin.py:188} INFO - [2026-02-24T05:41:52.664+0530] {dag.py:3954} INFO - Setting next_dagrun for example_sensor_decorator to None, run_after=None
[2026-02-24T05:41:52.670+0530] {processor.py:183} INFO - Processing /Users/aswin/Documents/data-engineering-practice/ETL_Airflow_DBT/airflow/airflow_env/lib/python3.11/site-packages/airflow/example_dags/example_sensor_decorator.py took 0.057 seconds
[2026-02-24T05:43:21.620+0530] {processor.py:161} INFO - Started process (PID=47860) to work on /Users/aswin/Documents/data-engineering-practice/ETL_Airflow_DBT/airflow/airflow_env/lib/python3.11/site-packages/airflow/example_dags/example_sensor_decorator.py
[2026-02-24T05:43:21.621+0530] {processor.py:830} INFO - Processing file /Users/aswin/Documents/data-engineering-practice/ETL_Airflow_DBT/airflow/airflow_env/lib/python3.11/site-packages/airflow/example_dags/example_sensor_decorator.py for tasks to queue
[2026-02-24T05:43:21.621+0530] {logging_mixin.py:188} INFO - [2026-02-24T05:43:21.621+0530] {dagbag.py:540} INFO - Filling up the DagBag from /Users/aswin/Documents/data-engineering-practice/ETL_Airflow_DBT/airflow/airflow_env/lib/python3.11/site-packages/airflow/example_dags/example_sensor_decorator.py
[2026-02-24T05:43:21.635+0530] {processor.py:840} INFO - DAG(s) 'example_sensor_decorator' retrieved from /Users/aswin/Documents/data-engineering-practice/ETL_Airflow_DBT/airflow/airflow_env/lib/python3.11/site-packages/airflow/example_dags/example_sensor_decorator.py
[2026-02-24T05:43:21.668+0530] {logging_mixin.py:188} INFO - [2026-02-24T05:43:21.668+0530] {dag.py:3096} INFO - Sync 1 DAGs
[2026-02-24T05:43:21.671+0530] {logging_mixin.py:188} INFO - [2026-02-24T05:43:21.671+0530] {dag.py:3954} INFO - Setting next_dagrun for example_sensor_decorator to None, run_after=None
[2026-02-24T05:43:21.676+0530] {processor.py:183} INFO - Processing /Users/aswin/Documents/data-engineering-practice/ETL_Airflow_DBT/airflow/airflow_env/lib/python3.11/site-packages/airflow/example_dags/example_sensor_decorator.py took 0.057 seconds
[2026-02-24T05:44:55.918+0530] {processor.py:161} INFO - Started process (PID=47952) to work on /Users/aswin/Documents/data-engineering-practice/ETL_Airflow_DBT/airflow/airflow_env/lib/python3.11/site-packages/airflow/example_dags/example_sensor_decorator.py
[2026-02-24T05:44:55.919+0530] {processor.py:830} INFO - Processing file /Users/aswin/Documents/data-engineering-practice/ETL_Airflow_DBT/airflow/airflow_env/lib/python3.11/site-packages/airflow/example_dags/example_sensor_decorator.py for tasks to queue
[2026-02-24T05:44:55.919+0530] {logging_mixin.py:188} INFO - [2026-02-24T05:44:55.919+0530] {dagbag.py:540} INFO - Filling up the DagBag from /Users/aswin/Documents/data-engineering-practice/ETL_Airflow_DBT/airflow/airflow_env/lib/python3.11/site-packages/airflow/example_dags/example_sensor_decorator.py
[2026-02-24T05:44:55.932+0530] {processor.py:840} INFO - DAG(s) 'example_sensor_decorator' retrieved from /Users/aswin/Documents/data-engineering-practice/ETL_Airflow_DBT/airflow/airflow_env/lib/python3.11/site-packages/airflow/example_dags/example_sensor_decorator.py
[2026-02-24T05:44:55.963+0530] {logging_mixin.py:188} INFO - [2026-02-24T05:44:55.963+0530] {dag.py:3096} INFO - Sync 1 DAGs
[2026-02-24T05:44:55.966+0530] {logging_mixin.py:188} INFO - [2026-02-24T05:44:55.966+0530] {dag.py:3954} INFO - Setting next_dagrun for example_sensor_decorator to None, run_after=None
[2026-02-24T05:44:55.974+0530] {processor.py:183} INFO - Processing /Users/aswin/Documents/data-engineering-practice/ETL_Airflow_DBT/airflow/airflow_env/lib/python3.11/site-packages/airflow/example_dags/example_sensor_decorator.py took 0.056 seconds
[2026-02-24T05:46:27.362+0530] {processor.py:161} INFO - Started process (PID=48024) to work on /Users/aswin/Documents/data-engineering-practice/ETL_Airflow_DBT/airflow/airflow_env/lib/python3.11/site-packages/airflow/example_dags/example_sensor_decorator.py
[2026-02-24T05:46:27.363+0530] {processor.py:830} INFO - Processing file /Users/aswin/Documents/data-engineering-practice/ETL_Airflow_DBT/airflow/airflow_env/lib/python3.11/site-packages/airflow/example_dags/example_sensor_decorator.py for tasks to queue
[2026-02-24T05:46:27.363+0530] {logging_mixin.py:188} INFO - [2026-02-24T05:46:27.363+0530] {dagbag.py:540} INFO - Filling up the DagBag from /Users/aswin/Documents/data-engineering-practice/ETL_Airflow_DBT/airflow/airflow_env/lib/python3.11/site-packages/airflow/example_dags/example_sensor_decorator.py
[2026-02-24T05:46:27.376+0530] {processor.py:840} INFO - DAG(s) 'example_sensor_decorator' retrieved from /Users/aswin/Documents/data-engineering-practice/ETL_Airflow_DBT/airflow/airflow_env/lib/python3.11/site-packages/airflow/example_dags/example_sensor_decorator.py
[2026-02-24T05:46:27.407+0530] {logging_mixin.py:188} INFO - [2026-02-24T05:46:27.407+0530] {dag.py:3096} INFO - Sync 1 DAGs
[2026-02-24T05:46:27.410+0530] {logging_mixin.py:188} INFO - [2026-02-24T05:46:27.410+0530] {dag.py:3954} INFO - Setting next_dagrun for example_sensor_decorator to None, run_after=None
[2026-02-24T05:46:27.416+0530] {processor.py:183} INFO - Processing /Users/aswin/Documents/data-engineering-practice/ETL_Airflow_DBT/airflow/airflow_env/lib/python3.11/site-packages/airflow/example_dags/example_sensor_decorator.py took 0.055 seconds
[2026-02-24T05:47:56.352+0530] {processor.py:161} INFO - Started process (PID=48134) to work on /Users/aswin/Documents/data-engineering-practice/ETL_Airflow_DBT/airflow/airflow_env/lib/python3.11/site-packages/airflow/example_dags/example_sensor_decorator.py
[2026-02-24T05:47:56.353+0530] {processor.py:830} INFO - Processing file /Users/aswin/Documents/data-engineering-practice/ETL_Airflow_DBT/airflow/airflow_env/lib/python3.11/site-packages/airflow/example_dags/example_sensor_decorator.py for tasks to queue
[2026-02-24T05:47:56.353+0530] {logging_mixin.py:188} INFO - [2026-02-24T05:47:56.353+0530] {dagbag.py:540} INFO - Filling up the DagBag from /Users/aswin/Documents/data-engineering-practice/ETL_Airflow_DBT/airflow/airflow_env/lib/python3.11/site-packages/airflow/example_dags/example_sensor_decorator.py
[2026-02-24T05:47:56.366+0530] {processor.py:840} INFO - DAG(s) 'example_sensor_decorator' retrieved from /Users/aswin/Documents/data-engineering-practice/ETL_Airflow_DBT/airflow/airflow_env/lib/python3.11/site-packages/airflow/example_dags/example_sensor_decorator.py
[2026-02-24T05:47:56.397+0530] {logging_mixin.py:188} INFO - [2026-02-24T05:47:56.396+0530] {dag.py:3096} INFO - Sync 1 DAGs
[2026-02-24T05:47:56.399+0530] {logging_mixin.py:188} INFO - [2026-02-24T05:47:56.399+0530] {dag.py:3954} INFO - Setting next_dagrun for example_sensor_decorator to None, run_after=None
[2026-02-24T05:47:56.405+0530] {processor.py:183} INFO - Processing /Users/aswin/Documents/data-engineering-practice/ETL_Airflow_DBT/airflow/airflow_env/lib/python3.11/site-packages/airflow/example_dags/example_sensor_decorator.py took 0.054 seconds
[2026-02-24T05:49:23.930+0530] {processor.py:161} INFO - Started process (PID=48249) to work on /Users/aswin/Documents/data-engineering-practice/ETL_Airflow_DBT/airflow/airflow_env/lib/python3.11/site-packages/airflow/example_dags/example_sensor_decorator.py
[2026-02-24T05:49:23.930+0530] {processor.py:830} INFO - Processing file /Users/aswin/Documents/data-engineering-practice/ETL_Airflow_DBT/airflow/airflow_env/lib/python3.11/site-packages/airflow/example_dags/example_sensor_decorator.py for tasks to queue
[2026-02-24T05:49:23.931+0530] {logging_mixin.py:188} INFO - [2026-02-24T05:49:23.931+0530] {dagbag.py:540} INFO - Filling up the DagBag from /Users/aswin/Documents/data-engineering-practice/ETL_Airflow_DBT/airflow/airflow_env/lib/python3.11/site-packages/airflow/example_dags/example_sensor_decorator.py
[2026-02-24T05:49:23.945+0530] {processor.py:840} INFO - DAG(s) 'example_sensor_decorator' retrieved from /Users/aswin/Documents/data-engineering-practice/ETL_Airflow_DBT/airflow/airflow_env/lib/python3.11/site-packages/airflow/example_dags/example_sensor_decorator.py
[2026-02-24T05:49:23.977+0530] {logging_mixin.py:188} INFO - [2026-02-24T05:49:23.977+0530] {dag.py:3096} INFO - Sync 1 DAGs
[2026-02-24T05:49:23.980+0530] {logging_mixin.py:188} INFO - [2026-02-24T05:49:23.980+0530] {dag.py:3954} INFO - Setting next_dagrun for example_sensor_decorator to None, run_after=None
[2026-02-24T05:49:23.986+0530] {processor.py:183} INFO - Processing /Users/aswin/Documents/data-engineering-practice/ETL_Airflow_DBT/airflow/airflow_env/lib/python3.11/site-packages/airflow/example_dags/example_sensor_decorator.py took 0.057 seconds
[2026-02-24T05:50:56.255+0530] {processor.py:161} INFO - Started process (PID=48332) to work on /Users/aswin/Documents/data-engineering-practice/ETL_Airflow_DBT/airflow/airflow_env/lib/python3.11/site-packages/airflow/example_dags/example_sensor_decorator.py
[2026-02-24T05:50:56.255+0530] {processor.py:830} INFO - Processing file /Users/aswin/Documents/data-engineering-practice/ETL_Airflow_DBT/airflow/airflow_env/lib/python3.11/site-packages/airflow/example_dags/example_sensor_decorator.py for tasks to queue
[2026-02-24T05:50:56.256+0530] {logging_mixin.py:188} INFO - [2026-02-24T05:50:56.256+0530] {dagbag.py:540} INFO - Filling up the DagBag from /Users/aswin/Documents/data-engineering-practice/ETL_Airflow_DBT/airflow/airflow_env/lib/python3.11/site-packages/airflow/example_dags/example_sensor_decorator.py
[2026-02-24T05:50:56.269+0530] {processor.py:840} INFO - DAG(s) 'example_sensor_decorator' retrieved from /Users/aswin/Documents/data-engineering-practice/ETL_Airflow_DBT/airflow/airflow_env/lib/python3.11/site-packages/airflow/example_dags/example_sensor_decorator.py
[2026-02-24T05:50:56.301+0530] {logging_mixin.py:188} INFO - [2026-02-24T05:50:56.301+0530] {dag.py:3096} INFO - Sync 1 DAGs
[2026-02-24T05:50:56.304+0530] {logging_mixin.py:188} INFO - [2026-02-24T05:50:56.304+0530] {dag.py:3954} INFO - Setting next_dagrun for example_sensor_decorator to None, run_after=None
[2026-02-24T05:50:56.309+0530] {processor.py:183} INFO - Processing /Users/aswin/Documents/data-engineering-practice/ETL_Airflow_DBT/airflow/airflow_env/lib/python3.11/site-packages/airflow/example_dags/example_sensor_decorator.py took 0.055 seconds
[2026-02-24T05:52:28.823+0530] {processor.py:161} INFO - Started process (PID=48413) to work on /Users/aswin/Documents/data-engineering-practice/ETL_Airflow_DBT/airflow/airflow_env/lib/python3.11/site-packages/airflow/example_dags/example_sensor_decorator.py
[2026-02-24T05:52:28.823+0530] {processor.py:830} INFO - Processing file /Users/aswin/Documents/data-engineering-practice/ETL_Airflow_DBT/airflow/airflow_env/lib/python3.11/site-packages/airflow/example_dags/example_sensor_decorator.py for tasks to queue
[2026-02-24T05:52:28.824+0530] {logging_mixin.py:188} INFO - [2026-02-24T05:52:28.824+0530] {dagbag.py:540} INFO - Filling up the DagBag from /Users/aswin/Documents/data-engineering-practice/ETL_Airflow_DBT/airflow/airflow_env/lib/python3.11/site-packages/airflow/example_dags/example_sensor_decorator.py
[2026-02-24T05:52:28.837+0530] {processor.py:840} INFO - DAG(s) 'example_sensor_decorator' retrieved from /Users/aswin/Documents/data-engineering-practice/ETL_Airflow_DBT/airflow/airflow_env/lib/python3.11/site-packages/airflow/example_dags/example_sensor_decorator.py
[2026-02-24T05:52:28.870+0530] {logging_mixin.py:188} INFO - [2026-02-24T05:52:28.869+0530] {dag.py:3096} INFO - Sync 1 DAGs
[2026-02-24T05:52:28.872+0530] {logging_mixin.py:188} INFO - [2026-02-24T05:52:28.872+0530] {dag.py:3954} INFO - Setting next_dagrun for example_sensor_decorator to None, run_after=None
[2026-02-24T05:52:28.878+0530] {processor.py:183} INFO - Processing /Users/aswin/Documents/data-engineering-practice/ETL_Airflow_DBT/airflow/airflow_env/lib/python3.11/site-packages/airflow/example_dags/example_sensor_decorator.py took 0.056 seconds
[2026-02-24T05:54:03.462+0530] {processor.py:161} INFO - Started process (PID=48504) to work on /Users/aswin/Documents/data-engineering-practice/ETL_Airflow_DBT/airflow/airflow_env/lib/python3.11/site-packages/airflow/example_dags/example_sensor_decorator.py
[2026-02-24T05:54:03.463+0530] {processor.py:830} INFO - Processing file /Users/aswin/Documents/data-engineering-practice/ETL_Airflow_DBT/airflow/airflow_env/lib/python3.11/site-packages/airflow/example_dags/example_sensor_decorator.py for tasks to queue
[2026-02-24T05:54:03.463+0530] {logging_mixin.py:188} INFO - [2026-02-24T05:54:03.463+0530] {dagbag.py:540} INFO - Filling up the DagBag from /Users/aswin/Documents/data-engineering-practice/ETL_Airflow_DBT/airflow/airflow_env/lib/python3.11/site-packages/airflow/example_dags/example_sensor_decorator.py
[2026-02-24T05:54:03.476+0530] {processor.py:840} INFO - DAG(s) 'example_sensor_decorator' retrieved from /Users/aswin/Documents/data-engineering-practice/ETL_Airflow_DBT/airflow/airflow_env/lib/python3.11/site-packages/airflow/example_dags/example_sensor_decorator.py
[2026-02-24T05:54:03.507+0530] {logging_mixin.py:188} INFO - [2026-02-24T05:54:03.507+0530] {dag.py:3096} INFO - Sync 1 DAGs
[2026-02-24T05:54:03.510+0530] {logging_mixin.py:188} INFO - [2026-02-24T05:54:03.510+0530] {dag.py:3954} INFO - Setting next_dagrun for example_sensor_decorator to None, run_after=None
[2026-02-24T05:54:03.516+0530] {processor.py:183} INFO - Processing /Users/aswin/Documents/data-engineering-practice/ETL_Airflow_DBT/airflow/airflow_env/lib/python3.11/site-packages/airflow/example_dags/example_sensor_decorator.py took 0.055 seconds
[2026-02-24T05:55:37.679+0530] {processor.py:161} INFO - Started process (PID=48627) to work on /Users/aswin/Documents/data-engineering-practice/ETL_Airflow_DBT/airflow/airflow_env/lib/python3.11/site-packages/airflow/example_dags/example_sensor_decorator.py
[2026-02-24T05:55:37.680+0530] {processor.py:830} INFO - Processing file /Users/aswin/Documents/data-engineering-practice/ETL_Airflow_DBT/airflow/airflow_env/lib/python3.11/site-packages/airflow/example_dags/example_sensor_decorator.py for tasks to queue
[2026-02-24T05:55:37.680+0530] {logging_mixin.py:188} INFO - [2026-02-24T05:55:37.680+0530] {dagbag.py:540} INFO - Filling up the DagBag from /Users/aswin/Documents/data-engineering-practice/ETL_Airflow_DBT/airflow/airflow_env/lib/python3.11/site-packages/airflow/example_dags/example_sensor_decorator.py
[2026-02-24T05:55:37.693+0530] {processor.py:840} INFO - DAG(s) 'example_sensor_decorator' retrieved from /Users/aswin/Documents/data-engineering-practice/ETL_Airflow_DBT/airflow/airflow_env/lib/python3.11/site-packages/airflow/example_dags/example_sensor_decorator.py
[2026-02-24T05:55:37.726+0530] {logging_mixin.py:188} INFO - [2026-02-24T05:55:37.725+0530] {dag.py:3096} INFO - Sync 1 DAGs
[2026-02-24T05:55:37.728+0530] {logging_mixin.py:188} INFO - [2026-02-24T05:55:37.728+0530] {dag.py:3954} INFO - Setting next_dagrun for example_sensor_decorator to None, run_after=None
[2026-02-24T05:55:37.734+0530] {processor.py:183} INFO - Processing /Users/aswin/Documents/data-engineering-practice/ETL_Airflow_DBT/airflow/airflow_env/lib/python3.11/site-packages/airflow/example_dags/example_sensor_decorator.py took 0.056 seconds
[2026-02-24T05:57:09.489+0530] {processor.py:161} INFO - Started process (PID=48704) to work on /Users/aswin/Documents/data-engineering-practice/ETL_Airflow_DBT/airflow/airflow_env/lib/python3.11/site-packages/airflow/example_dags/example_sensor_decorator.py
[2026-02-24T05:57:09.490+0530] {processor.py:830} INFO - Processing file /Users/aswin/Documents/data-engineering-practice/ETL_Airflow_DBT/airflow/airflow_env/lib/python3.11/site-packages/airflow/example_dags/example_sensor_decorator.py for tasks to queue
[2026-02-24T05:57:09.490+0530] {logging_mixin.py:188} INFO - [2026-02-24T05:57:09.490+0530] {dagbag.py:540} INFO - Filling up the DagBag from /Users/aswin/Documents/data-engineering-practice/ETL_Airflow_DBT/airflow/airflow_env/lib/python3.11/site-packages/airflow/example_dags/example_sensor_decorator.py
[2026-02-24T05:57:09.503+0530] {processor.py:840} INFO - DAG(s) 'example_sensor_decorator' retrieved from /Users/aswin/Documents/data-engineering-practice/ETL_Airflow_DBT/airflow/airflow_env/lib/python3.11/site-packages/airflow/example_dags/example_sensor_decorator.py
[2026-02-24T05:57:09.535+0530] {logging_mixin.py:188} INFO - [2026-02-24T05:57:09.535+0530] {dag.py:3096} INFO - Sync 1 DAGs
[2026-02-24T05:57:09.538+0530] {logging_mixin.py:188} INFO - [2026-02-24T05:57:09.538+0530] {dag.py:3954} INFO - Setting next_dagrun for example_sensor_decorator to None, run_after=None
[2026-02-24T05:57:09.544+0530] {processor.py:183} INFO - Processing /Users/aswin/Documents/data-engineering-practice/ETL_Airflow_DBT/airflow/airflow_env/lib/python3.11/site-packages/airflow/example_dags/example_sensor_decorator.py took 0.056 seconds
[2026-02-24T05:58:44.636+0530] {processor.py:161} INFO - Started process (PID=48790) to work on /Users/aswin/Documents/data-engineering-practice/ETL_Airflow_DBT/airflow/airflow_env/lib/python3.11/site-packages/airflow/example_dags/example_sensor_decorator.py
[2026-02-24T05:58:44.637+0530] {processor.py:830} INFO - Processing file /Users/aswin/Documents/data-engineering-practice/ETL_Airflow_DBT/airflow/airflow_env/lib/python3.11/site-packages/airflow/example_dags/example_sensor_decorator.py for tasks to queue
[2026-02-24T05:58:44.638+0530] {logging_mixin.py:188} INFO - [2026-02-24T05:58:44.637+0530] {dagbag.py:540} INFO - Filling up the DagBag from /Users/aswin/Documents/data-engineering-practice/ETL_Airflow_DBT/airflow/airflow_env/lib/python3.11/site-packages/airflow/example_dags/example_sensor_decorator.py
[2026-02-24T05:58:44.650+0530] {processor.py:840} INFO - DAG(s) 'example_sensor_decorator' retrieved from /Users/aswin/Documents/data-engineering-practice/ETL_Airflow_DBT/airflow/airflow_env/lib/python3.11/site-packages/airflow/example_dags/example_sensor_decorator.py
[2026-02-24T05:58:44.682+0530] {logging_mixin.py:188} INFO - [2026-02-24T05:58:44.682+0530] {dag.py:3096} INFO - Sync 1 DAGs
[2026-02-24T05:58:44.684+0530] {logging_mixin.py:188} INFO - [2026-02-24T05:58:44.684+0530] {dag.py:3954} INFO - Setting next_dagrun for example_sensor_decorator to None, run_after=None
[2026-02-24T05:58:44.690+0530] {processor.py:183} INFO - Processing /Users/aswin/Documents/data-engineering-practice/ETL_Airflow_DBT/airflow/airflow_env/lib/python3.11/site-packages/airflow/example_dags/example_sensor_decorator.py took 0.055 seconds
[2026-02-24T06:00:16.820+0530] {processor.py:161} INFO - Started process (PID=48893) to work on /Users/aswin/Documents/data-engineering-practice/ETL_Airflow_DBT/airflow/airflow_env/lib/python3.11/site-packages/airflow/example_dags/example_sensor_decorator.py
[2026-02-24T06:00:16.821+0530] {processor.py:830} INFO - Processing file /Users/aswin/Documents/data-engineering-practice/ETL_Airflow_DBT/airflow/airflow_env/lib/python3.11/site-packages/airflow/example_dags/example_sensor_decorator.py for tasks to queue
[2026-02-24T06:00:16.821+0530] {logging_mixin.py:188} INFO - [2026-02-24T06:00:16.821+0530] {dagbag.py:540} INFO - Filling up the DagBag from /Users/aswin/Documents/data-engineering-practice/ETL_Airflow_DBT/airflow/airflow_env/lib/python3.11/site-packages/airflow/example_dags/example_sensor_decorator.py
[2026-02-24T06:00:16.835+0530] {processor.py:840} INFO - DAG(s) 'example_sensor_decorator' retrieved from /Users/aswin/Documents/data-engineering-practice/ETL_Airflow_DBT/airflow/airflow_env/lib/python3.11/site-packages/airflow/example_dags/example_sensor_decorator.py
[2026-02-24T06:00:16.867+0530] {logging_mixin.py:188} INFO - [2026-02-24T06:00:16.867+0530] {dag.py:3096} INFO - Sync 1 DAGs
[2026-02-24T06:00:16.870+0530] {logging_mixin.py:188} INFO - [2026-02-24T06:00:16.870+0530] {dag.py:3954} INFO - Setting next_dagrun for example_sensor_decorator to None, run_after=None
[2026-02-24T06:00:16.876+0530] {processor.py:183} INFO - Processing /Users/aswin/Documents/data-engineering-practice/ETL_Airflow_DBT/airflow/airflow_env/lib/python3.11/site-packages/airflow/example_dags/example_sensor_decorator.py took 0.057 seconds
[2026-02-24T06:01:53.234+0530] {processor.py:161} INFO - Started process (PID=49023) to work on /Users/aswin/Documents/data-engineering-practice/ETL_Airflow_DBT/airflow/airflow_env/lib/python3.11/site-packages/airflow/example_dags/example_sensor_decorator.py
[2026-02-24T06:01:53.235+0530] {processor.py:830} INFO - Processing file /Users/aswin/Documents/data-engineering-practice/ETL_Airflow_DBT/airflow/airflow_env/lib/python3.11/site-packages/airflow/example_dags/example_sensor_decorator.py for tasks to queue
[2026-02-24T06:01:53.235+0530] {logging_mixin.py:188} INFO - [2026-02-24T06:01:53.235+0530] {dagbag.py:540} INFO - Filling up the DagBag from /Users/aswin/Documents/data-engineering-practice/ETL_Airflow_DBT/airflow/airflow_env/lib/python3.11/site-packages/airflow/example_dags/example_sensor_decorator.py
[2026-02-24T06:01:53.248+0530] {processor.py:840} INFO - DAG(s) 'example_sensor_decorator' retrieved from /Users/aswin/Documents/data-engineering-practice/ETL_Airflow_DBT/airflow/airflow_env/lib/python3.11/site-packages/airflow/example_dags/example_sensor_decorator.py
[2026-02-24T06:01:53.279+0530] {logging_mixin.py:188} INFO - [2026-02-24T06:01:53.279+0530] {dag.py:3096} INFO - Sync 1 DAGs
[2026-02-24T06:01:53.281+0530] {logging_mixin.py:188} INFO - [2026-02-24T06:01:53.281+0530] {dag.py:3954} INFO - Setting next_dagrun for example_sensor_decorator to None, run_after=None
[2026-02-24T06:01:53.287+0530] {processor.py:183} INFO - Processing /Users/aswin/Documents/data-engineering-practice/ETL_Airflow_DBT/airflow/airflow_env/lib/python3.11/site-packages/airflow/example_dags/example_sensor_decorator.py took 0.054 seconds
[2026-02-24T06:03:22.410+0530] {processor.py:161} INFO - Started process (PID=49186) to work on /Users/aswin/Documents/data-engineering-practice/ETL_Airflow_DBT/airflow/airflow_env/lib/python3.11/site-packages/airflow/example_dags/example_sensor_decorator.py
[2026-02-24T06:03:22.410+0530] {processor.py:830} INFO - Processing file /Users/aswin/Documents/data-engineering-practice/ETL_Airflow_DBT/airflow/airflow_env/lib/python3.11/site-packages/airflow/example_dags/example_sensor_decorator.py for tasks to queue
[2026-02-24T06:03:22.410+0530] {logging_mixin.py:188} INFO - [2026-02-24T06:03:22.410+0530] {dagbag.py:540} INFO - Filling up the DagBag from /Users/aswin/Documents/data-engineering-practice/ETL_Airflow_DBT/airflow/airflow_env/lib/python3.11/site-packages/airflow/example_dags/example_sensor_decorator.py
[2026-02-24T06:03:22.423+0530] {processor.py:840} INFO - DAG(s) 'example_sensor_decorator' retrieved from /Users/aswin/Documents/data-engineering-practice/ETL_Airflow_DBT/airflow/airflow_env/lib/python3.11/site-packages/airflow/example_dags/example_sensor_decorator.py
[2026-02-24T06:03:22.454+0530] {logging_mixin.py:188} INFO - [2026-02-24T06:03:22.454+0530] {dag.py:3096} INFO - Sync 1 DAGs
[2026-02-24T06:03:22.457+0530] {logging_mixin.py:188} INFO - [2026-02-24T06:03:22.457+0530] {dag.py:3954} INFO - Setting next_dagrun for example_sensor_decorator to None, run_after=None
[2026-02-24T06:03:22.463+0530] {processor.py:183} INFO - Processing /Users/aswin/Documents/data-engineering-practice/ETL_Airflow_DBT/airflow/airflow_env/lib/python3.11/site-packages/airflow/example_dags/example_sensor_decorator.py took 0.054 seconds
[2026-02-24T06:05:02.651+0530] {processor.py:161} INFO - Started process (PID=49338) to work on /Users/aswin/Documents/data-engineering-practice/ETL_Airflow_DBT/airflow/airflow_env/lib/python3.11/site-packages/airflow/example_dags/example_sensor_decorator.py
[2026-02-24T06:05:02.652+0530] {processor.py:830} INFO - Processing file /Users/aswin/Documents/data-engineering-practice/ETL_Airflow_DBT/airflow/airflow_env/lib/python3.11/site-packages/airflow/example_dags/example_sensor_decorator.py for tasks to queue
[2026-02-24T06:05:02.653+0530] {logging_mixin.py:188} INFO - [2026-02-24T06:05:02.653+0530] {dagbag.py:540} INFO - Filling up the DagBag from /Users/aswin/Documents/data-engineering-practice/ETL_Airflow_DBT/airflow/airflow_env/lib/python3.11/site-packages/airflow/example_dags/example_sensor_decorator.py
[2026-02-24T06:05:02.666+0530] {processor.py:840} INFO - DAG(s) 'example_sensor_decorator' retrieved from /Users/aswin/Documents/data-engineering-practice/ETL_Airflow_DBT/airflow/airflow_env/lib/python3.11/site-packages/airflow/example_dags/example_sensor_decorator.py
[2026-02-24T06:05:02.696+0530] {logging_mixin.py:188} INFO - [2026-02-24T06:05:02.696+0530] {dag.py:3096} INFO - Sync 1 DAGs
[2026-02-24T06:05:02.699+0530] {logging_mixin.py:188} INFO - [2026-02-24T06:05:02.699+0530] {dag.py:3954} INFO - Setting next_dagrun for example_sensor_decorator to None, run_after=None
[2026-02-24T06:05:02.705+0530] {processor.py:183} INFO - Processing /Users/aswin/Documents/data-engineering-practice/ETL_Airflow_DBT/airflow/airflow_env/lib/python3.11/site-packages/airflow/example_dags/example_sensor_decorator.py took 0.055 seconds
[2026-02-24T06:06:44.988+0530] {processor.py:161} INFO - Started process (PID=49438) to work on /Users/aswin/Documents/data-engineering-practice/ETL_Airflow_DBT/airflow/airflow_env/lib/python3.11/site-packages/airflow/example_dags/example_sensor_decorator.py
[2026-02-24T06:06:44.988+0530] {processor.py:830} INFO - Processing file /Users/aswin/Documents/data-engineering-practice/ETL_Airflow_DBT/airflow/airflow_env/lib/python3.11/site-packages/airflow/example_dags/example_sensor_decorator.py for tasks to queue
[2026-02-24T06:06:44.989+0530] {logging_mixin.py:188} INFO - [2026-02-24T06:06:44.988+0530] {dagbag.py:540} INFO - Filling up the DagBag from /Users/aswin/Documents/data-engineering-practice/ETL_Airflow_DBT/airflow/airflow_env/lib/python3.11/site-packages/airflow/example_dags/example_sensor_decorator.py
[2026-02-24T06:06:45.001+0530] {processor.py:840} INFO - DAG(s) 'example_sensor_decorator' retrieved from /Users/aswin/Documents/data-engineering-practice/ETL_Airflow_DBT/airflow/airflow_env/lib/python3.11/site-packages/airflow/example_dags/example_sensor_decorator.py
[2026-02-24T06:06:45.032+0530] {logging_mixin.py:188} INFO - [2026-02-24T06:06:45.032+0530] {dag.py:3096} INFO - Sync 1 DAGs
[2026-02-24T06:06:45.035+0530] {logging_mixin.py:188} INFO - [2026-02-24T06:06:45.035+0530] {dag.py:3954} INFO - Setting next_dagrun for example_sensor_decorator to None, run_after=None
[2026-02-24T06:06:45.041+0530] {processor.py:183} INFO - Processing /Users/aswin/Documents/data-engineering-practice/ETL_Airflow_DBT/airflow/airflow_env/lib/python3.11/site-packages/airflow/example_dags/example_sensor_decorator.py took 0.054 seconds
[2026-02-24T06:08:16.671+0530] {processor.py:161} INFO - Started process (PID=49517) to work on /Users/aswin/Documents/data-engineering-practice/ETL_Airflow_DBT/airflow/airflow_env/lib/python3.11/site-packages/airflow/example_dags/example_sensor_decorator.py
[2026-02-24T06:08:16.672+0530] {processor.py:830} INFO - Processing file /Users/aswin/Documents/data-engineering-practice/ETL_Airflow_DBT/airflow/airflow_env/lib/python3.11/site-packages/airflow/example_dags/example_sensor_decorator.py for tasks to queue
[2026-02-24T06:08:16.672+0530] {logging_mixin.py:188} INFO - [2026-02-24T06:08:16.672+0530] {dagbag.py:540} INFO - Filling up the DagBag from /Users/aswin/Documents/data-engineering-practice/ETL_Airflow_DBT/airflow/airflow_env/lib/python3.11/site-packages/airflow/example_dags/example_sensor_decorator.py
[2026-02-24T06:08:16.687+0530] {processor.py:840} INFO - DAG(s) 'example_sensor_decorator' retrieved from /Users/aswin/Documents/data-engineering-practice/ETL_Airflow_DBT/airflow/airflow_env/lib/python3.11/site-packages/airflow/example_dags/example_sensor_decorator.py
[2026-02-24T06:08:16.719+0530] {logging_mixin.py:188} INFO - [2026-02-24T06:08:16.719+0530] {dag.py:3096} INFO - Sync 1 DAGs
[2026-02-24T06:08:16.722+0530] {logging_mixin.py:188} INFO - [2026-02-24T06:08:16.722+0530] {dag.py:3954} INFO - Setting next_dagrun for example_sensor_decorator to None, run_after=None
[2026-02-24T06:08:16.728+0530] {processor.py:183} INFO - Processing /Users/aswin/Documents/data-engineering-practice/ETL_Airflow_DBT/airflow/airflow_env/lib/python3.11/site-packages/airflow/example_dags/example_sensor_decorator.py took 0.058 seconds
[2026-02-24T06:09:49.636+0530] {processor.py:161} INFO - Started process (PID=49590) to work on /Users/aswin/Documents/data-engineering-practice/ETL_Airflow_DBT/airflow/airflow_env/lib/python3.11/site-packages/airflow/example_dags/example_sensor_decorator.py
[2026-02-24T06:09:49.637+0530] {processor.py:830} INFO - Processing file /Users/aswin/Documents/data-engineering-practice/ETL_Airflow_DBT/airflow/airflow_env/lib/python3.11/site-packages/airflow/example_dags/example_sensor_decorator.py for tasks to queue
[2026-02-24T06:09:49.637+0530] {logging_mixin.py:188} INFO - [2026-02-24T06:09:49.637+0530] {dagbag.py:540} INFO - Filling up the DagBag from /Users/aswin/Documents/data-engineering-practice/ETL_Airflow_DBT/airflow/airflow_env/lib/python3.11/site-packages/airflow/example_dags/example_sensor_decorator.py
[2026-02-24T06:09:49.651+0530] {processor.py:840} INFO - DAG(s) 'example_sensor_decorator' retrieved from /Users/aswin/Documents/data-engineering-practice/ETL_Airflow_DBT/airflow/airflow_env/lib/python3.11/site-packages/airflow/example_dags/example_sensor_decorator.py
[2026-02-24T06:09:49.682+0530] {logging_mixin.py:188} INFO - [2026-02-24T06:09:49.682+0530] {dag.py:3096} INFO - Sync 1 DAGs
[2026-02-24T06:09:49.685+0530] {logging_mixin.py:188} INFO - [2026-02-24T06:09:49.685+0530] {dag.py:3954} INFO - Setting next_dagrun for example_sensor_decorator to None, run_after=None
[2026-02-24T06:09:49.691+0530] {processor.py:183} INFO - Processing /Users/aswin/Documents/data-engineering-practice/ETL_Airflow_DBT/airflow/airflow_env/lib/python3.11/site-packages/airflow/example_dags/example_sensor_decorator.py took 0.056 seconds
[2026-02-24T06:11:12.518+0530] {processor.py:161} INFO - Started process (PID=49681) to work on /Users/aswin/Documents/data-engineering-practice/ETL_Airflow_DBT/airflow/airflow_env/lib/python3.11/site-packages/airflow/example_dags/example_sensor_decorator.py
[2026-02-24T06:11:12.518+0530] {processor.py:830} INFO - Processing file /Users/aswin/Documents/data-engineering-practice/ETL_Airflow_DBT/airflow/airflow_env/lib/python3.11/site-packages/airflow/example_dags/example_sensor_decorator.py for tasks to queue
[2026-02-24T06:11:12.518+0530] {logging_mixin.py:188} INFO - [2026-02-24T06:11:12.518+0530] {dagbag.py:540} INFO - Filling up the DagBag from /Users/aswin/Documents/data-engineering-practice/ETL_Airflow_DBT/airflow/airflow_env/lib/python3.11/site-packages/airflow/example_dags/example_sensor_decorator.py
[2026-02-24T06:11:12.532+0530] {processor.py:840} INFO - DAG(s) 'example_sensor_decorator' retrieved from /Users/aswin/Documents/data-engineering-practice/ETL_Airflow_DBT/airflow/airflow_env/lib/python3.11/site-packages/airflow/example_dags/example_sensor_decorator.py
[2026-02-24T06:11:12.564+0530] {logging_mixin.py:188} INFO - [2026-02-24T06:11:12.564+0530] {dag.py:3096} INFO - Sync 1 DAGs
[2026-02-24T06:11:12.567+0530] {logging_mixin.py:188} INFO - [2026-02-24T06:11:12.566+0530] {dag.py:3954} INFO - Setting next_dagrun for example_sensor_decorator to None, run_after=None
[2026-02-24T06:11:12.572+0530] {processor.py:183} INFO - Processing /Users/aswin/Documents/data-engineering-practice/ETL_Airflow_DBT/airflow/airflow_env/lib/python3.11/site-packages/airflow/example_dags/example_sensor_decorator.py took 0.056 seconds
[2026-02-24T06:12:45.269+0530] {processor.py:161} INFO - Started process (PID=49749) to work on /Users/aswin/Documents/data-engineering-practice/ETL_Airflow_DBT/airflow/airflow_env/lib/python3.11/site-packages/airflow/example_dags/example_sensor_decorator.py
[2026-02-24T06:12:45.270+0530] {processor.py:830} INFO - Processing file /Users/aswin/Documents/data-engineering-practice/ETL_Airflow_DBT/airflow/airflow_env/lib/python3.11/site-packages/airflow/example_dags/example_sensor_decorator.py for tasks to queue
[2026-02-24T06:12:45.270+0530] {logging_mixin.py:188} INFO - [2026-02-24T06:12:45.270+0530] {dagbag.py:540} INFO - Filling up the DagBag from /Users/aswin/Documents/data-engineering-practice/ETL_Airflow_DBT/airflow/airflow_env/lib/python3.11/site-packages/airflow/example_dags/example_sensor_decorator.py
[2026-02-24T06:12:45.284+0530] {processor.py:840} INFO - DAG(s) 'example_sensor_decorator' retrieved from /Users/aswin/Documents/data-engineering-practice/ETL_Airflow_DBT/airflow/airflow_env/lib/python3.11/site-packages/airflow/example_dags/example_sensor_decorator.py
[2026-02-24T06:12:45.318+0530] {logging_mixin.py:188} INFO - [2026-02-24T06:12:45.318+0530] {dag.py:3096} INFO - Sync 1 DAGs
[2026-02-24T06:12:45.321+0530] {logging_mixin.py:188} INFO - [2026-02-24T06:12:45.321+0530] {dag.py:3954} INFO - Setting next_dagrun for example_sensor_decorator to None, run_after=None
[2026-02-24T06:12:45.327+0530] {processor.py:183} INFO - Processing /Users/aswin/Documents/data-engineering-practice/ETL_Airflow_DBT/airflow/airflow_env/lib/python3.11/site-packages/airflow/example_dags/example_sensor_decorator.py took 0.059 seconds
[2026-02-24T06:14:25.548+0530] {processor.py:161} INFO - Started process (PID=49824) to work on /Users/aswin/Documents/data-engineering-practice/ETL_Airflow_DBT/airflow/airflow_env/lib/python3.11/site-packages/airflow/example_dags/example_sensor_decorator.py
[2026-02-24T06:14:25.549+0530] {processor.py:830} INFO - Processing file /Users/aswin/Documents/data-engineering-practice/ETL_Airflow_DBT/airflow/airflow_env/lib/python3.11/site-packages/airflow/example_dags/example_sensor_decorator.py for tasks to queue
[2026-02-24T06:14:25.550+0530] {logging_mixin.py:188} INFO - [2026-02-24T06:14:25.550+0530] {dagbag.py:540} INFO - Filling up the DagBag from /Users/aswin/Documents/data-engineering-practice/ETL_Airflow_DBT/airflow/airflow_env/lib/python3.11/site-packages/airflow/example_dags/example_sensor_decorator.py
[2026-02-24T06:14:25.563+0530] {processor.py:840} INFO - DAG(s) 'example_sensor_decorator' retrieved from /Users/aswin/Documents/data-engineering-practice/ETL_Airflow_DBT/airflow/airflow_env/lib/python3.11/site-packages/airflow/example_dags/example_sensor_decorator.py
[2026-02-24T06:14:25.593+0530] {logging_mixin.py:188} INFO - [2026-02-24T06:14:25.593+0530] {dag.py:3096} INFO - Sync 1 DAGs
[2026-02-24T06:14:25.596+0530] {logging_mixin.py:188} INFO - [2026-02-24T06:14:25.596+0530] {dag.py:3954} INFO - Setting next_dagrun for example_sensor_decorator to None, run_after=None
[2026-02-24T06:14:25.602+0530] {processor.py:183} INFO - Processing /Users/aswin/Documents/data-engineering-practice/ETL_Airflow_DBT/airflow/airflow_env/lib/python3.11/site-packages/airflow/example_dags/example_sensor_decorator.py took 0.055 seconds
[2026-02-24T06:15:58.962+0530] {processor.py:161} INFO - Started process (PID=49904) to work on /Users/aswin/Documents/data-engineering-practice/ETL_Airflow_DBT/airflow/airflow_env/lib/python3.11/site-packages/airflow/example_dags/example_sensor_decorator.py
[2026-02-24T06:15:58.963+0530] {processor.py:830} INFO - Processing file /Users/aswin/Documents/data-engineering-practice/ETL_Airflow_DBT/airflow/airflow_env/lib/python3.11/site-packages/airflow/example_dags/example_sensor_decorator.py for tasks to queue
[2026-02-24T06:15:58.963+0530] {logging_mixin.py:188} INFO - [2026-02-24T06:15:58.963+0530] {dagbag.py:540} INFO - Filling up the DagBag from /Users/aswin/Documents/data-engineering-practice/ETL_Airflow_DBT/airflow/airflow_env/lib/python3.11/site-packages/airflow/example_dags/example_sensor_decorator.py
[2026-02-24T06:15:58.976+0530] {processor.py:840} INFO - DAG(s) 'example_sensor_decorator' retrieved from /Users/aswin/Documents/data-engineering-practice/ETL_Airflow_DBT/airflow/airflow_env/lib/python3.11/site-packages/airflow/example_dags/example_sensor_decorator.py
[2026-02-24T06:15:59.007+0530] {logging_mixin.py:188} INFO - [2026-02-24T06:15:59.007+0530] {dag.py:3096} INFO - Sync 1 DAGs
[2026-02-24T06:15:59.010+0530] {logging_mixin.py:188} INFO - [2026-02-24T06:15:59.010+0530] {dag.py:3954} INFO - Setting next_dagrun for example_sensor_decorator to None, run_after=None
[2026-02-24T06:15:59.016+0530] {processor.py:183} INFO - Processing /Users/aswin/Documents/data-engineering-practice/ETL_Airflow_DBT/airflow/airflow_env/lib/python3.11/site-packages/airflow/example_dags/example_sensor_decorator.py took 0.055 seconds
[2026-02-24T06:17:33.292+0530] {processor.py:161} INFO - Started process (PID=50002) to work on /Users/aswin/Documents/data-engineering-practice/ETL_Airflow_DBT/airflow/airflow_env/lib/python3.11/site-packages/airflow/example_dags/example_sensor_decorator.py
[2026-02-24T06:17:33.293+0530] {processor.py:830} INFO - Processing file /Users/aswin/Documents/data-engineering-practice/ETL_Airflow_DBT/airflow/airflow_env/lib/python3.11/site-packages/airflow/example_dags/example_sensor_decorator.py for tasks to queue
[2026-02-24T06:17:33.294+0530] {logging_mixin.py:188} INFO - [2026-02-24T06:17:33.294+0530] {dagbag.py:540} INFO - Filling up the DagBag from /Users/aswin/Documents/data-engineering-practice/ETL_Airflow_DBT/airflow/airflow_env/lib/python3.11/site-packages/airflow/example_dags/example_sensor_decorator.py
[2026-02-24T06:17:33.307+0530] {processor.py:840} INFO - DAG(s) 'example_sensor_decorator' retrieved from /Users/aswin/Documents/data-engineering-practice/ETL_Airflow_DBT/airflow/airflow_env/lib/python3.11/site-packages/airflow/example_dags/example_sensor_decorator.py
[2026-02-24T06:17:33.339+0530] {logging_mixin.py:188} INFO - [2026-02-24T06:17:33.338+0530] {dag.py:3096} INFO - Sync 1 DAGs
[2026-02-24T06:17:33.341+0530] {logging_mixin.py:188} INFO - [2026-02-24T06:17:33.341+0530] {dag.py:3954} INFO - Setting next_dagrun for example_sensor_decorator to None, run_after=None
[2026-02-24T06:17:33.347+0530] {processor.py:183} INFO - Processing /Users/aswin/Documents/data-engineering-practice/ETL_Airflow_DBT/airflow/airflow_env/lib/python3.11/site-packages/airflow/example_dags/example_sensor_decorator.py took 0.056 seconds
