[2026-02-24T05:30:35.415+0530] {processor.py:161} INFO - Started process (PID=47098) to work on /Users/aswin/Documents/data-engineering-practice/ETL_Airflow_DBT/airflow/airflow_env/lib/python3.11/site-packages/airflow/example_dags/example_setup_teardown_taskflow.py
[2026-02-24T05:30:35.415+0530] {processor.py:830} INFO - Processing file /Users/aswin/Documents/data-engineering-practice/ETL_Airflow_DBT/airflow/airflow_env/lib/python3.11/site-packages/airflow/example_dags/example_setup_teardown_taskflow.py for tasks to queue
[2026-02-24T05:30:35.416+0530] {logging_mixin.py:188} INFO - [2026-02-24T05:30:35.416+0530] {dagbag.py:540} INFO - Filling up the DagBag from /Users/aswin/Documents/data-engineering-practice/ETL_Airflow_DBT/airflow/airflow_env/lib/python3.11/site-packages/airflow/example_dags/example_setup_teardown_taskflow.py
[2026-02-24T05:30:35.429+0530] {processor.py:840} INFO - DAG(s) 'example_setup_teardown_taskflow' retrieved from /Users/aswin/Documents/data-engineering-practice/ETL_Airflow_DBT/airflow/airflow_env/lib/python3.11/site-packages/airflow/example_dags/example_setup_teardown_taskflow.py
[2026-02-24T05:30:35.459+0530] {logging_mixin.py:188} INFO - [2026-02-24T05:30:35.458+0530] {dag.py:3096} INFO - Sync 1 DAGs
[2026-02-24T05:30:35.463+0530] {logging_mixin.py:188} INFO - [2026-02-24T05:30:35.463+0530] {dag.py:3954} INFO - Setting next_dagrun for example_setup_teardown_taskflow to 2026-02-23 00:00:00+00:00, run_after=2026-02-24 00:00:00+00:00
[2026-02-24T05:30:35.469+0530] {processor.py:183} INFO - Processing /Users/aswin/Documents/data-engineering-practice/ETL_Airflow_DBT/airflow/airflow_env/lib/python3.11/site-packages/airflow/example_dags/example_setup_teardown_taskflow.py took 0.055 seconds
[2026-02-24T05:32:02.892+0530] {processor.py:161} INFO - Started process (PID=47192) to work on /Users/aswin/Documents/data-engineering-practice/ETL_Airflow_DBT/airflow/airflow_env/lib/python3.11/site-packages/airflow/example_dags/example_setup_teardown_taskflow.py
[2026-02-24T05:32:02.893+0530] {processor.py:830} INFO - Processing file /Users/aswin/Documents/data-engineering-practice/ETL_Airflow_DBT/airflow/airflow_env/lib/python3.11/site-packages/airflow/example_dags/example_setup_teardown_taskflow.py for tasks to queue
[2026-02-24T05:32:02.893+0530] {logging_mixin.py:188} INFO - [2026-02-24T05:32:02.893+0530] {dagbag.py:540} INFO - Filling up the DagBag from /Users/aswin/Documents/data-engineering-practice/ETL_Airflow_DBT/airflow/airflow_env/lib/python3.11/site-packages/airflow/example_dags/example_setup_teardown_taskflow.py
[2026-02-24T05:32:02.907+0530] {processor.py:840} INFO - DAG(s) 'example_setup_teardown_taskflow' retrieved from /Users/aswin/Documents/data-engineering-practice/ETL_Airflow_DBT/airflow/airflow_env/lib/python3.11/site-packages/airflow/example_dags/example_setup_teardown_taskflow.py
[2026-02-24T05:32:02.936+0530] {logging_mixin.py:188} INFO - [2026-02-24T05:32:02.936+0530] {dag.py:3096} INFO - Sync 1 DAGs
[2026-02-24T05:32:02.941+0530] {logging_mixin.py:188} INFO - [2026-02-24T05:32:02.941+0530] {dag.py:3954} INFO - Setting next_dagrun for example_setup_teardown_taskflow to 2026-02-23 00:00:00+00:00, run_after=2026-02-24 00:00:00+00:00
[2026-02-24T05:32:02.946+0530] {processor.py:183} INFO - Processing /Users/aswin/Documents/data-engineering-practice/ETL_Airflow_DBT/airflow/airflow_env/lib/python3.11/site-packages/airflow/example_dags/example_setup_teardown_taskflow.py took 0.055 seconds
[2026-02-24T05:33:37.677+0530] {processor.py:161} INFO - Started process (PID=47308) to work on /Users/aswin/Documents/data-engineering-practice/ETL_Airflow_DBT/airflow/airflow_env/lib/python3.11/site-packages/airflow/example_dags/example_setup_teardown_taskflow.py
[2026-02-24T05:33:37.678+0530] {processor.py:830} INFO - Processing file /Users/aswin/Documents/data-engineering-practice/ETL_Airflow_DBT/airflow/airflow_env/lib/python3.11/site-packages/airflow/example_dags/example_setup_teardown_taskflow.py for tasks to queue
[2026-02-24T05:33:37.678+0530] {logging_mixin.py:188} INFO - [2026-02-24T05:33:37.678+0530] {dagbag.py:540} INFO - Filling up the DagBag from /Users/aswin/Documents/data-engineering-practice/ETL_Airflow_DBT/airflow/airflow_env/lib/python3.11/site-packages/airflow/example_dags/example_setup_teardown_taskflow.py
[2026-02-24T05:33:37.692+0530] {processor.py:840} INFO - DAG(s) 'example_setup_teardown_taskflow' retrieved from /Users/aswin/Documents/data-engineering-practice/ETL_Airflow_DBT/airflow/airflow_env/lib/python3.11/site-packages/airflow/example_dags/example_setup_teardown_taskflow.py
[2026-02-24T05:33:37.721+0530] {logging_mixin.py:188} INFO - [2026-02-24T05:33:37.721+0530] {dag.py:3096} INFO - Sync 1 DAGs
[2026-02-24T05:33:37.726+0530] {logging_mixin.py:188} INFO - [2026-02-24T05:33:37.726+0530] {dag.py:3954} INFO - Setting next_dagrun for example_setup_teardown_taskflow to 2026-02-23 00:00:00+00:00, run_after=2026-02-24 00:00:00+00:00
[2026-02-24T05:33:37.732+0530] {processor.py:183} INFO - Processing /Users/aswin/Documents/data-engineering-practice/ETL_Airflow_DBT/airflow/airflow_env/lib/python3.11/site-packages/airflow/example_dags/example_setup_teardown_taskflow.py took 0.056 seconds
[2026-02-24T05:35:14.899+0530] {processor.py:161} INFO - Started process (PID=47406) to work on /Users/aswin/Documents/data-engineering-practice/ETL_Airflow_DBT/airflow/airflow_env/lib/python3.11/site-packages/airflow/example_dags/example_setup_teardown_taskflow.py
[2026-02-24T05:35:14.900+0530] {processor.py:830} INFO - Processing file /Users/aswin/Documents/data-engineering-practice/ETL_Airflow_DBT/airflow/airflow_env/lib/python3.11/site-packages/airflow/example_dags/example_setup_teardown_taskflow.py for tasks to queue
[2026-02-24T05:35:14.900+0530] {logging_mixin.py:188} INFO - [2026-02-24T05:35:14.900+0530] {dagbag.py:540} INFO - Filling up the DagBag from /Users/aswin/Documents/data-engineering-practice/ETL_Airflow_DBT/airflow/airflow_env/lib/python3.11/site-packages/airflow/example_dags/example_setup_teardown_taskflow.py
[2026-02-24T05:35:14.914+0530] {processor.py:840} INFO - DAG(s) 'example_setup_teardown_taskflow' retrieved from /Users/aswin/Documents/data-engineering-practice/ETL_Airflow_DBT/airflow/airflow_env/lib/python3.11/site-packages/airflow/example_dags/example_setup_teardown_taskflow.py
[2026-02-24T05:35:14.943+0530] {logging_mixin.py:188} INFO - [2026-02-24T05:35:14.943+0530] {dag.py:3096} INFO - Sync 1 DAGs
[2026-02-24T05:35:14.949+0530] {logging_mixin.py:188} INFO - [2026-02-24T05:35:14.949+0530] {dag.py:3954} INFO - Setting next_dagrun for example_setup_teardown_taskflow to 2026-02-23 00:00:00+00:00, run_after=2026-02-24 00:00:00+00:00
[2026-02-24T05:35:14.954+0530] {processor.py:183} INFO - Processing /Users/aswin/Documents/data-engineering-practice/ETL_Airflow_DBT/airflow/airflow_env/lib/python3.11/site-packages/airflow/example_dags/example_setup_teardown_taskflow.py took 0.056 seconds
[2026-02-24T05:36:51.578+0530] {processor.py:161} INFO - Started process (PID=47526) to work on /Users/aswin/Documents/data-engineering-practice/ETL_Airflow_DBT/airflow/airflow_env/lib/python3.11/site-packages/airflow/example_dags/example_setup_teardown_taskflow.py
[2026-02-24T05:36:51.578+0530] {processor.py:830} INFO - Processing file /Users/aswin/Documents/data-engineering-practice/ETL_Airflow_DBT/airflow/airflow_env/lib/python3.11/site-packages/airflow/example_dags/example_setup_teardown_taskflow.py for tasks to queue
[2026-02-24T05:36:51.578+0530] {logging_mixin.py:188} INFO - [2026-02-24T05:36:51.578+0530] {dagbag.py:540} INFO - Filling up the DagBag from /Users/aswin/Documents/data-engineering-practice/ETL_Airflow_DBT/airflow/airflow_env/lib/python3.11/site-packages/airflow/example_dags/example_setup_teardown_taskflow.py
[2026-02-24T05:36:51.593+0530] {processor.py:840} INFO - DAG(s) 'example_setup_teardown_taskflow' retrieved from /Users/aswin/Documents/data-engineering-practice/ETL_Airflow_DBT/airflow/airflow_env/lib/python3.11/site-packages/airflow/example_dags/example_setup_teardown_taskflow.py
[2026-02-24T05:36:51.623+0530] {logging_mixin.py:188} INFO - [2026-02-24T05:36:51.623+0530] {dag.py:3096} INFO - Sync 1 DAGs
[2026-02-24T05:36:51.629+0530] {logging_mixin.py:188} INFO - [2026-02-24T05:36:51.628+0530] {dag.py:3954} INFO - Setting next_dagrun for example_setup_teardown_taskflow to 2026-02-23 00:00:00+00:00, run_after=2026-02-24 00:00:00+00:00
[2026-02-24T05:36:51.635+0530] {processor.py:183} INFO - Processing /Users/aswin/Documents/data-engineering-practice/ETL_Airflow_DBT/airflow/airflow_env/lib/python3.11/site-packages/airflow/example_dags/example_setup_teardown_taskflow.py took 0.058 seconds
[2026-02-24T05:38:34.932+0530] {processor.py:161} INFO - Started process (PID=47615) to work on /Users/aswin/Documents/data-engineering-practice/ETL_Airflow_DBT/airflow/airflow_env/lib/python3.11/site-packages/airflow/example_dags/example_setup_teardown_taskflow.py
[2026-02-24T05:38:34.933+0530] {processor.py:830} INFO - Processing file /Users/aswin/Documents/data-engineering-practice/ETL_Airflow_DBT/airflow/airflow_env/lib/python3.11/site-packages/airflow/example_dags/example_setup_teardown_taskflow.py for tasks to queue
[2026-02-24T05:38:34.933+0530] {logging_mixin.py:188} INFO - [2026-02-24T05:38:34.933+0530] {dagbag.py:540} INFO - Filling up the DagBag from /Users/aswin/Documents/data-engineering-practice/ETL_Airflow_DBT/airflow/airflow_env/lib/python3.11/site-packages/airflow/example_dags/example_setup_teardown_taskflow.py
[2026-02-24T05:38:34.947+0530] {processor.py:840} INFO - DAG(s) 'example_setup_teardown_taskflow' retrieved from /Users/aswin/Documents/data-engineering-practice/ETL_Airflow_DBT/airflow/airflow_env/lib/python3.11/site-packages/airflow/example_dags/example_setup_teardown_taskflow.py
[2026-02-24T05:38:34.975+0530] {logging_mixin.py:188} INFO - [2026-02-24T05:38:34.975+0530] {dag.py:3096} INFO - Sync 1 DAGs
[2026-02-24T05:38:34.980+0530] {logging_mixin.py:188} INFO - [2026-02-24T05:38:34.980+0530] {dag.py:3954} INFO - Setting next_dagrun for example_setup_teardown_taskflow to 2026-02-23 00:00:00+00:00, run_after=2026-02-24 00:00:00+00:00
[2026-02-24T05:38:34.986+0530] {processor.py:183} INFO - Processing /Users/aswin/Documents/data-engineering-practice/ETL_Airflow_DBT/airflow/airflow_env/lib/python3.11/site-packages/airflow/example_dags/example_setup_teardown_taskflow.py took 0.055 seconds
[2026-02-24T05:40:04.368+0530] {processor.py:161} INFO - Started process (PID=47695) to work on /Users/aswin/Documents/data-engineering-practice/ETL_Airflow_DBT/airflow/airflow_env/lib/python3.11/site-packages/airflow/example_dags/example_setup_teardown_taskflow.py
[2026-02-24T05:40:04.368+0530] {processor.py:830} INFO - Processing file /Users/aswin/Documents/data-engineering-practice/ETL_Airflow_DBT/airflow/airflow_env/lib/python3.11/site-packages/airflow/example_dags/example_setup_teardown_taskflow.py for tasks to queue
[2026-02-24T05:40:04.369+0530] {logging_mixin.py:188} INFO - [2026-02-24T05:40:04.369+0530] {dagbag.py:540} INFO - Filling up the DagBag from /Users/aswin/Documents/data-engineering-practice/ETL_Airflow_DBT/airflow/airflow_env/lib/python3.11/site-packages/airflow/example_dags/example_setup_teardown_taskflow.py
[2026-02-24T05:40:04.387+0530] {processor.py:840} INFO - DAG(s) 'example_setup_teardown_taskflow' retrieved from /Users/aswin/Documents/data-engineering-practice/ETL_Airflow_DBT/airflow/airflow_env/lib/python3.11/site-packages/airflow/example_dags/example_setup_teardown_taskflow.py
[2026-02-24T05:40:04.421+0530] {logging_mixin.py:188} INFO - [2026-02-24T05:40:04.420+0530] {dag.py:3096} INFO - Sync 1 DAGs
[2026-02-24T05:40:04.426+0530] {logging_mixin.py:188} INFO - [2026-02-24T05:40:04.426+0530] {dag.py:3954} INFO - Setting next_dagrun for example_setup_teardown_taskflow to 2026-02-23 00:00:00+00:00, run_after=2026-02-24 00:00:00+00:00
[2026-02-24T05:40:04.435+0530] {processor.py:183} INFO - Processing /Users/aswin/Documents/data-engineering-practice/ETL_Airflow_DBT/airflow/airflow_env/lib/python3.11/site-packages/airflow/example_dags/example_setup_teardown_taskflow.py took 0.068 seconds
[2026-02-24T05:41:48.654+0530] {processor.py:161} INFO - Started process (PID=47791) to work on /Users/aswin/Documents/data-engineering-practice/ETL_Airflow_DBT/airflow/airflow_env/lib/python3.11/site-packages/airflow/example_dags/example_setup_teardown_taskflow.py
[2026-02-24T05:41:48.655+0530] {processor.py:830} INFO - Processing file /Users/aswin/Documents/data-engineering-practice/ETL_Airflow_DBT/airflow/airflow_env/lib/python3.11/site-packages/airflow/example_dags/example_setup_teardown_taskflow.py for tasks to queue
[2026-02-24T05:41:48.655+0530] {logging_mixin.py:188} INFO - [2026-02-24T05:41:48.655+0530] {dagbag.py:540} INFO - Filling up the DagBag from /Users/aswin/Documents/data-engineering-practice/ETL_Airflow_DBT/airflow/airflow_env/lib/python3.11/site-packages/airflow/example_dags/example_setup_teardown_taskflow.py
[2026-02-24T05:41:48.669+0530] {processor.py:840} INFO - DAG(s) 'example_setup_teardown_taskflow' retrieved from /Users/aswin/Documents/data-engineering-practice/ETL_Airflow_DBT/airflow/airflow_env/lib/python3.11/site-packages/airflow/example_dags/example_setup_teardown_taskflow.py
[2026-02-24T05:41:48.698+0530] {logging_mixin.py:188} INFO - [2026-02-24T05:41:48.698+0530] {dag.py:3096} INFO - Sync 1 DAGs
[2026-02-24T05:41:48.703+0530] {logging_mixin.py:188} INFO - [2026-02-24T05:41:48.703+0530] {dag.py:3954} INFO - Setting next_dagrun for example_setup_teardown_taskflow to 2026-02-23 00:00:00+00:00, run_after=2026-02-24 00:00:00+00:00
[2026-02-24T05:41:48.709+0530] {processor.py:183} INFO - Processing /Users/aswin/Documents/data-engineering-practice/ETL_Airflow_DBT/airflow/airflow_env/lib/python3.11/site-packages/airflow/example_dags/example_setup_teardown_taskflow.py took 0.055 seconds
[2026-02-24T05:43:17.667+0530] {processor.py:161} INFO - Started process (PID=47857) to work on /Users/aswin/Documents/data-engineering-practice/ETL_Airflow_DBT/airflow/airflow_env/lib/python3.11/site-packages/airflow/example_dags/example_setup_teardown_taskflow.py
[2026-02-24T05:43:17.668+0530] {processor.py:830} INFO - Processing file /Users/aswin/Documents/data-engineering-practice/ETL_Airflow_DBT/airflow/airflow_env/lib/python3.11/site-packages/airflow/example_dags/example_setup_teardown_taskflow.py for tasks to queue
[2026-02-24T05:43:17.668+0530] {logging_mixin.py:188} INFO - [2026-02-24T05:43:17.668+0530] {dagbag.py:540} INFO - Filling up the DagBag from /Users/aswin/Documents/data-engineering-practice/ETL_Airflow_DBT/airflow/airflow_env/lib/python3.11/site-packages/airflow/example_dags/example_setup_teardown_taskflow.py
[2026-02-24T05:43:17.683+0530] {processor.py:840} INFO - DAG(s) 'example_setup_teardown_taskflow' retrieved from /Users/aswin/Documents/data-engineering-practice/ETL_Airflow_DBT/airflow/airflow_env/lib/python3.11/site-packages/airflow/example_dags/example_setup_teardown_taskflow.py
[2026-02-24T05:43:17.712+0530] {logging_mixin.py:188} INFO - [2026-02-24T05:43:17.712+0530] {dag.py:3096} INFO - Sync 1 DAGs
[2026-02-24T05:43:17.717+0530] {logging_mixin.py:188} INFO - [2026-02-24T05:43:17.717+0530] {dag.py:3954} INFO - Setting next_dagrun for example_setup_teardown_taskflow to 2026-02-23 00:00:00+00:00, run_after=2026-02-24 00:00:00+00:00
[2026-02-24T05:43:17.723+0530] {processor.py:183} INFO - Processing /Users/aswin/Documents/data-engineering-practice/ETL_Airflow_DBT/airflow/airflow_env/lib/python3.11/site-packages/airflow/example_dags/example_setup_teardown_taskflow.py took 0.057 seconds
[2026-02-24T05:44:51.602+0530] {processor.py:161} INFO - Started process (PID=47949) to work on /Users/aswin/Documents/data-engineering-practice/ETL_Airflow_DBT/airflow/airflow_env/lib/python3.11/site-packages/airflow/example_dags/example_setup_teardown_taskflow.py
[2026-02-24T05:44:51.603+0530] {processor.py:830} INFO - Processing file /Users/aswin/Documents/data-engineering-practice/ETL_Airflow_DBT/airflow/airflow_env/lib/python3.11/site-packages/airflow/example_dags/example_setup_teardown_taskflow.py for tasks to queue
[2026-02-24T05:44:51.603+0530] {logging_mixin.py:188} INFO - [2026-02-24T05:44:51.603+0530] {dagbag.py:540} INFO - Filling up the DagBag from /Users/aswin/Documents/data-engineering-practice/ETL_Airflow_DBT/airflow/airflow_env/lib/python3.11/site-packages/airflow/example_dags/example_setup_teardown_taskflow.py
[2026-02-24T05:44:51.617+0530] {processor.py:840} INFO - DAG(s) 'example_setup_teardown_taskflow' retrieved from /Users/aswin/Documents/data-engineering-practice/ETL_Airflow_DBT/airflow/airflow_env/lib/python3.11/site-packages/airflow/example_dags/example_setup_teardown_taskflow.py
[2026-02-24T05:44:51.646+0530] {logging_mixin.py:188} INFO - [2026-02-24T05:44:51.646+0530] {dag.py:3096} INFO - Sync 1 DAGs
[2026-02-24T05:44:51.651+0530] {logging_mixin.py:188} INFO - [2026-02-24T05:44:51.651+0530] {dag.py:3954} INFO - Setting next_dagrun for example_setup_teardown_taskflow to 2026-02-23 00:00:00+00:00, run_after=2026-02-24 00:00:00+00:00
[2026-02-24T05:44:51.657+0530] {processor.py:183} INFO - Processing /Users/aswin/Documents/data-engineering-practice/ETL_Airflow_DBT/airflow/airflow_env/lib/python3.11/site-packages/airflow/example_dags/example_setup_teardown_taskflow.py took 0.056 seconds
[2026-02-24T05:46:23.387+0530] {processor.py:161} INFO - Started process (PID=48020) to work on /Users/aswin/Documents/data-engineering-practice/ETL_Airflow_DBT/airflow/airflow_env/lib/python3.11/site-packages/airflow/example_dags/example_setup_teardown_taskflow.py
[2026-02-24T05:46:23.388+0530] {processor.py:830} INFO - Processing file /Users/aswin/Documents/data-engineering-practice/ETL_Airflow_DBT/airflow/airflow_env/lib/python3.11/site-packages/airflow/example_dags/example_setup_teardown_taskflow.py for tasks to queue
[2026-02-24T05:46:23.388+0530] {logging_mixin.py:188} INFO - [2026-02-24T05:46:23.388+0530] {dagbag.py:540} INFO - Filling up the DagBag from /Users/aswin/Documents/data-engineering-practice/ETL_Airflow_DBT/airflow/airflow_env/lib/python3.11/site-packages/airflow/example_dags/example_setup_teardown_taskflow.py
[2026-02-24T05:46:23.402+0530] {processor.py:840} INFO - DAG(s) 'example_setup_teardown_taskflow' retrieved from /Users/aswin/Documents/data-engineering-practice/ETL_Airflow_DBT/airflow/airflow_env/lib/python3.11/site-packages/airflow/example_dags/example_setup_teardown_taskflow.py
[2026-02-24T05:46:23.431+0530] {logging_mixin.py:188} INFO - [2026-02-24T05:46:23.431+0530] {dag.py:3096} INFO - Sync 1 DAGs
[2026-02-24T05:46:23.436+0530] {logging_mixin.py:188} INFO - [2026-02-24T05:46:23.436+0530] {dag.py:3954} INFO - Setting next_dagrun for example_setup_teardown_taskflow to 2026-02-23 00:00:00+00:00, run_after=2026-02-24 00:00:00+00:00
[2026-02-24T05:46:23.442+0530] {processor.py:183} INFO - Processing /Users/aswin/Documents/data-engineering-practice/ETL_Airflow_DBT/airflow/airflow_env/lib/python3.11/site-packages/airflow/example_dags/example_setup_teardown_taskflow.py took 0.056 seconds
[2026-02-24T05:47:51.728+0530] {processor.py:161} INFO - Started process (PID=48131) to work on /Users/aswin/Documents/data-engineering-practice/ETL_Airflow_DBT/airflow/airflow_env/lib/python3.11/site-packages/airflow/example_dags/example_setup_teardown_taskflow.py
[2026-02-24T05:47:51.729+0530] {processor.py:830} INFO - Processing file /Users/aswin/Documents/data-engineering-practice/ETL_Airflow_DBT/airflow/airflow_env/lib/python3.11/site-packages/airflow/example_dags/example_setup_teardown_taskflow.py for tasks to queue
[2026-02-24T05:47:51.730+0530] {logging_mixin.py:188} INFO - [2026-02-24T05:47:51.730+0530] {dagbag.py:540} INFO - Filling up the DagBag from /Users/aswin/Documents/data-engineering-practice/ETL_Airflow_DBT/airflow/airflow_env/lib/python3.11/site-packages/airflow/example_dags/example_setup_teardown_taskflow.py
[2026-02-24T05:47:51.744+0530] {processor.py:840} INFO - DAG(s) 'example_setup_teardown_taskflow' retrieved from /Users/aswin/Documents/data-engineering-practice/ETL_Airflow_DBT/airflow/airflow_env/lib/python3.11/site-packages/airflow/example_dags/example_setup_teardown_taskflow.py
[2026-02-24T05:47:51.773+0530] {logging_mixin.py:188} INFO - [2026-02-24T05:47:51.772+0530] {dag.py:3096} INFO - Sync 1 DAGs
[2026-02-24T05:47:51.777+0530] {logging_mixin.py:188} INFO - [2026-02-24T05:47:51.777+0530] {dag.py:3954} INFO - Setting next_dagrun for example_setup_teardown_taskflow to 2026-02-23 00:00:00+00:00, run_after=2026-02-24 00:00:00+00:00
[2026-02-24T05:47:51.783+0530] {processor.py:183} INFO - Processing /Users/aswin/Documents/data-engineering-practice/ETL_Airflow_DBT/airflow/airflow_env/lib/python3.11/site-packages/airflow/example_dags/example_setup_teardown_taskflow.py took 0.056 seconds
[2026-02-24T05:49:19.036+0530] {processor.py:161} INFO - Started process (PID=48246) to work on /Users/aswin/Documents/data-engineering-practice/ETL_Airflow_DBT/airflow/airflow_env/lib/python3.11/site-packages/airflow/example_dags/example_setup_teardown_taskflow.py
[2026-02-24T05:49:19.037+0530] {processor.py:830} INFO - Processing file /Users/aswin/Documents/data-engineering-practice/ETL_Airflow_DBT/airflow/airflow_env/lib/python3.11/site-packages/airflow/example_dags/example_setup_teardown_taskflow.py for tasks to queue
[2026-02-24T05:49:19.038+0530] {logging_mixin.py:188} INFO - [2026-02-24T05:49:19.038+0530] {dagbag.py:540} INFO - Filling up the DagBag from /Users/aswin/Documents/data-engineering-practice/ETL_Airflow_DBT/airflow/airflow_env/lib/python3.11/site-packages/airflow/example_dags/example_setup_teardown_taskflow.py
[2026-02-24T05:49:19.052+0530] {processor.py:840} INFO - DAG(s) 'example_setup_teardown_taskflow' retrieved from /Users/aswin/Documents/data-engineering-practice/ETL_Airflow_DBT/airflow/airflow_env/lib/python3.11/site-packages/airflow/example_dags/example_setup_teardown_taskflow.py
[2026-02-24T05:49:19.081+0530] {logging_mixin.py:188} INFO - [2026-02-24T05:49:19.081+0530] {dag.py:3096} INFO - Sync 1 DAGs
[2026-02-24T05:49:19.086+0530] {logging_mixin.py:188} INFO - [2026-02-24T05:49:19.086+0530] {dag.py:3954} INFO - Setting next_dagrun for example_setup_teardown_taskflow to 2026-02-23 00:00:00+00:00, run_after=2026-02-24 00:00:00+00:00
[2026-02-24T05:49:19.091+0530] {processor.py:183} INFO - Processing /Users/aswin/Documents/data-engineering-practice/ETL_Airflow_DBT/airflow/airflow_env/lib/python3.11/site-packages/airflow/example_dags/example_setup_teardown_taskflow.py took 0.056 seconds
[2026-02-24T05:50:51.576+0530] {processor.py:161} INFO - Started process (PID=48329) to work on /Users/aswin/Documents/data-engineering-practice/ETL_Airflow_DBT/airflow/airflow_env/lib/python3.11/site-packages/airflow/example_dags/example_setup_teardown_taskflow.py
[2026-02-24T05:50:51.577+0530] {processor.py:830} INFO - Processing file /Users/aswin/Documents/data-engineering-practice/ETL_Airflow_DBT/airflow/airflow_env/lib/python3.11/site-packages/airflow/example_dags/example_setup_teardown_taskflow.py for tasks to queue
[2026-02-24T05:50:51.577+0530] {logging_mixin.py:188} INFO - [2026-02-24T05:50:51.577+0530] {dagbag.py:540} INFO - Filling up the DagBag from /Users/aswin/Documents/data-engineering-practice/ETL_Airflow_DBT/airflow/airflow_env/lib/python3.11/site-packages/airflow/example_dags/example_setup_teardown_taskflow.py
[2026-02-24T05:50:51.591+0530] {processor.py:840} INFO - DAG(s) 'example_setup_teardown_taskflow' retrieved from /Users/aswin/Documents/data-engineering-practice/ETL_Airflow_DBT/airflow/airflow_env/lib/python3.11/site-packages/airflow/example_dags/example_setup_teardown_taskflow.py
[2026-02-24T05:50:51.620+0530] {logging_mixin.py:188} INFO - [2026-02-24T05:50:51.620+0530] {dag.py:3096} INFO - Sync 1 DAGs
[2026-02-24T05:50:51.625+0530] {logging_mixin.py:188} INFO - [2026-02-24T05:50:51.625+0530] {dag.py:3954} INFO - Setting next_dagrun for example_setup_teardown_taskflow to 2026-02-23 00:00:00+00:00, run_after=2026-02-24 00:00:00+00:00
[2026-02-24T05:50:51.631+0530] {processor.py:183} INFO - Processing /Users/aswin/Documents/data-engineering-practice/ETL_Airflow_DBT/airflow/airflow_env/lib/python3.11/site-packages/airflow/example_dags/example_setup_teardown_taskflow.py took 0.055 seconds
[2026-02-24T05:52:24.463+0530] {processor.py:161} INFO - Started process (PID=48408) to work on /Users/aswin/Documents/data-engineering-practice/ETL_Airflow_DBT/airflow/airflow_env/lib/python3.11/site-packages/airflow/example_dags/example_setup_teardown_taskflow.py
[2026-02-24T05:52:24.464+0530] {processor.py:830} INFO - Processing file /Users/aswin/Documents/data-engineering-practice/ETL_Airflow_DBT/airflow/airflow_env/lib/python3.11/site-packages/airflow/example_dags/example_setup_teardown_taskflow.py for tasks to queue
[2026-02-24T05:52:24.464+0530] {logging_mixin.py:188} INFO - [2026-02-24T05:52:24.464+0530] {dagbag.py:540} INFO - Filling up the DagBag from /Users/aswin/Documents/data-engineering-practice/ETL_Airflow_DBT/airflow/airflow_env/lib/python3.11/site-packages/airflow/example_dags/example_setup_teardown_taskflow.py
[2026-02-24T05:52:24.478+0530] {processor.py:840} INFO - DAG(s) 'example_setup_teardown_taskflow' retrieved from /Users/aswin/Documents/data-engineering-practice/ETL_Airflow_DBT/airflow/airflow_env/lib/python3.11/site-packages/airflow/example_dags/example_setup_teardown_taskflow.py
[2026-02-24T05:52:24.508+0530] {logging_mixin.py:188} INFO - [2026-02-24T05:52:24.507+0530] {dag.py:3096} INFO - Sync 1 DAGs
[2026-02-24T05:52:24.512+0530] {logging_mixin.py:188} INFO - [2026-02-24T05:52:24.512+0530] {dag.py:3954} INFO - Setting next_dagrun for example_setup_teardown_taskflow to 2026-02-23 00:00:00+00:00, run_after=2026-02-24 00:00:00+00:00
[2026-02-24T05:52:24.518+0530] {processor.py:183} INFO - Processing /Users/aswin/Documents/data-engineering-practice/ETL_Airflow_DBT/airflow/airflow_env/lib/python3.11/site-packages/airflow/example_dags/example_setup_teardown_taskflow.py took 0.056 seconds
[2026-02-24T05:54:00.341+0530] {processor.py:161} INFO - Started process (PID=48501) to work on /Users/aswin/Documents/data-engineering-practice/ETL_Airflow_DBT/airflow/airflow_env/lib/python3.11/site-packages/airflow/example_dags/example_setup_teardown_taskflow.py
[2026-02-24T05:54:00.341+0530] {processor.py:830} INFO - Processing file /Users/aswin/Documents/data-engineering-practice/ETL_Airflow_DBT/airflow/airflow_env/lib/python3.11/site-packages/airflow/example_dags/example_setup_teardown_taskflow.py for tasks to queue
[2026-02-24T05:54:00.341+0530] {logging_mixin.py:188} INFO - [2026-02-24T05:54:00.341+0530] {dagbag.py:540} INFO - Filling up the DagBag from /Users/aswin/Documents/data-engineering-practice/ETL_Airflow_DBT/airflow/airflow_env/lib/python3.11/site-packages/airflow/example_dags/example_setup_teardown_taskflow.py
[2026-02-24T05:54:00.355+0530] {processor.py:840} INFO - DAG(s) 'example_setup_teardown_taskflow' retrieved from /Users/aswin/Documents/data-engineering-practice/ETL_Airflow_DBT/airflow/airflow_env/lib/python3.11/site-packages/airflow/example_dags/example_setup_teardown_taskflow.py
[2026-02-24T05:54:00.385+0530] {logging_mixin.py:188} INFO - [2026-02-24T05:54:00.385+0530] {dag.py:3096} INFO - Sync 1 DAGs
[2026-02-24T05:54:00.390+0530] {logging_mixin.py:188} INFO - [2026-02-24T05:54:00.390+0530] {dag.py:3954} INFO - Setting next_dagrun for example_setup_teardown_taskflow to 2026-02-23 00:00:00+00:00, run_after=2026-02-24 00:00:00+00:00
[2026-02-24T05:54:00.395+0530] {processor.py:183} INFO - Processing /Users/aswin/Documents/data-engineering-practice/ETL_Airflow_DBT/airflow/airflow_env/lib/python3.11/site-packages/airflow/example_dags/example_setup_teardown_taskflow.py took 0.056 seconds
[2026-02-24T05:55:33.037+0530] {processor.py:161} INFO - Started process (PID=48622) to work on /Users/aswin/Documents/data-engineering-practice/ETL_Airflow_DBT/airflow/airflow_env/lib/python3.11/site-packages/airflow/example_dags/example_setup_teardown_taskflow.py
[2026-02-24T05:55:33.038+0530] {processor.py:830} INFO - Processing file /Users/aswin/Documents/data-engineering-practice/ETL_Airflow_DBT/airflow/airflow_env/lib/python3.11/site-packages/airflow/example_dags/example_setup_teardown_taskflow.py for tasks to queue
[2026-02-24T05:55:33.038+0530] {logging_mixin.py:188} INFO - [2026-02-24T05:55:33.038+0530] {dagbag.py:540} INFO - Filling up the DagBag from /Users/aswin/Documents/data-engineering-practice/ETL_Airflow_DBT/airflow/airflow_env/lib/python3.11/site-packages/airflow/example_dags/example_setup_teardown_taskflow.py
[2026-02-24T05:55:33.053+0530] {processor.py:840} INFO - DAG(s) 'example_setup_teardown_taskflow' retrieved from /Users/aswin/Documents/data-engineering-practice/ETL_Airflow_DBT/airflow/airflow_env/lib/python3.11/site-packages/airflow/example_dags/example_setup_teardown_taskflow.py
[2026-02-24T05:55:33.082+0530] {logging_mixin.py:188} INFO - [2026-02-24T05:55:33.082+0530] {dag.py:3096} INFO - Sync 1 DAGs
[2026-02-24T05:55:33.087+0530] {logging_mixin.py:188} INFO - [2026-02-24T05:55:33.087+0530] {dag.py:3954} INFO - Setting next_dagrun for example_setup_teardown_taskflow to 2026-02-23 00:00:00+00:00, run_after=2026-02-24 00:00:00+00:00
[2026-02-24T05:55:33.093+0530] {processor.py:183} INFO - Processing /Users/aswin/Documents/data-engineering-practice/ETL_Airflow_DBT/airflow/airflow_env/lib/python3.11/site-packages/airflow/example_dags/example_setup_teardown_taskflow.py took 0.056 seconds
[2026-02-24T05:57:05.058+0530] {processor.py:161} INFO - Started process (PID=48697) to work on /Users/aswin/Documents/data-engineering-practice/ETL_Airflow_DBT/airflow/airflow_env/lib/python3.11/site-packages/airflow/example_dags/example_setup_teardown_taskflow.py
[2026-02-24T05:57:05.059+0530] {processor.py:830} INFO - Processing file /Users/aswin/Documents/data-engineering-practice/ETL_Airflow_DBT/airflow/airflow_env/lib/python3.11/site-packages/airflow/example_dags/example_setup_teardown_taskflow.py for tasks to queue
[2026-02-24T05:57:05.059+0530] {logging_mixin.py:188} INFO - [2026-02-24T05:57:05.059+0530] {dagbag.py:540} INFO - Filling up the DagBag from /Users/aswin/Documents/data-engineering-practice/ETL_Airflow_DBT/airflow/airflow_env/lib/python3.11/site-packages/airflow/example_dags/example_setup_teardown_taskflow.py
[2026-02-24T05:57:05.074+0530] {processor.py:840} INFO - DAG(s) 'example_setup_teardown_taskflow' retrieved from /Users/aswin/Documents/data-engineering-practice/ETL_Airflow_DBT/airflow/airflow_env/lib/python3.11/site-packages/airflow/example_dags/example_setup_teardown_taskflow.py
[2026-02-24T05:57:05.103+0530] {logging_mixin.py:188} INFO - [2026-02-24T05:57:05.103+0530] {dag.py:3096} INFO - Sync 1 DAGs
[2026-02-24T05:57:05.108+0530] {logging_mixin.py:188} INFO - [2026-02-24T05:57:05.108+0530] {dag.py:3954} INFO - Setting next_dagrun for example_setup_teardown_taskflow to 2026-02-23 00:00:00+00:00, run_after=2026-02-24 00:00:00+00:00
[2026-02-24T05:57:05.113+0530] {processor.py:183} INFO - Processing /Users/aswin/Documents/data-engineering-practice/ETL_Airflow_DBT/airflow/airflow_env/lib/python3.11/site-packages/airflow/example_dags/example_setup_teardown_taskflow.py took 0.057 seconds
[2026-02-24T05:58:40.037+0530] {processor.py:161} INFO - Started process (PID=48786) to work on /Users/aswin/Documents/data-engineering-practice/ETL_Airflow_DBT/airflow/airflow_env/lib/python3.11/site-packages/airflow/example_dags/example_setup_teardown_taskflow.py
[2026-02-24T05:58:40.038+0530] {processor.py:830} INFO - Processing file /Users/aswin/Documents/data-engineering-practice/ETL_Airflow_DBT/airflow/airflow_env/lib/python3.11/site-packages/airflow/example_dags/example_setup_teardown_taskflow.py for tasks to queue
[2026-02-24T05:58:40.038+0530] {logging_mixin.py:188} INFO - [2026-02-24T05:58:40.038+0530] {dagbag.py:540} INFO - Filling up the DagBag from /Users/aswin/Documents/data-engineering-practice/ETL_Airflow_DBT/airflow/airflow_env/lib/python3.11/site-packages/airflow/example_dags/example_setup_teardown_taskflow.py
[2026-02-24T05:58:40.052+0530] {processor.py:840} INFO - DAG(s) 'example_setup_teardown_taskflow' retrieved from /Users/aswin/Documents/data-engineering-practice/ETL_Airflow_DBT/airflow/airflow_env/lib/python3.11/site-packages/airflow/example_dags/example_setup_teardown_taskflow.py
[2026-02-24T05:58:40.081+0530] {logging_mixin.py:188} INFO - [2026-02-24T05:58:40.081+0530] {dag.py:3096} INFO - Sync 1 DAGs
[2026-02-24T05:58:40.086+0530] {logging_mixin.py:188} INFO - [2026-02-24T05:58:40.086+0530] {dag.py:3954} INFO - Setting next_dagrun for example_setup_teardown_taskflow to 2026-02-23 00:00:00+00:00, run_after=2026-02-24 00:00:00+00:00
[2026-02-24T05:58:40.091+0530] {processor.py:183} INFO - Processing /Users/aswin/Documents/data-engineering-practice/ETL_Airflow_DBT/airflow/airflow_env/lib/python3.11/site-packages/airflow/example_dags/example_setup_teardown_taskflow.py took 0.056 seconds
[2026-02-24T06:00:12.068+0530] {processor.py:161} INFO - Started process (PID=48890) to work on /Users/aswin/Documents/data-engineering-practice/ETL_Airflow_DBT/airflow/airflow_env/lib/python3.11/site-packages/airflow/example_dags/example_setup_teardown_taskflow.py
[2026-02-24T06:00:12.069+0530] {processor.py:830} INFO - Processing file /Users/aswin/Documents/data-engineering-practice/ETL_Airflow_DBT/airflow/airflow_env/lib/python3.11/site-packages/airflow/example_dags/example_setup_teardown_taskflow.py for tasks to queue
[2026-02-24T06:00:12.069+0530] {logging_mixin.py:188} INFO - [2026-02-24T06:00:12.069+0530] {dagbag.py:540} INFO - Filling up the DagBag from /Users/aswin/Documents/data-engineering-practice/ETL_Airflow_DBT/airflow/airflow_env/lib/python3.11/site-packages/airflow/example_dags/example_setup_teardown_taskflow.py
[2026-02-24T06:00:12.084+0530] {processor.py:840} INFO - DAG(s) 'example_setup_teardown_taskflow' retrieved from /Users/aswin/Documents/data-engineering-practice/ETL_Airflow_DBT/airflow/airflow_env/lib/python3.11/site-packages/airflow/example_dags/example_setup_teardown_taskflow.py
[2026-02-24T06:00:12.114+0530] {logging_mixin.py:188} INFO - [2026-02-24T06:00:12.113+0530] {dag.py:3096} INFO - Sync 1 DAGs
[2026-02-24T06:00:12.118+0530] {logging_mixin.py:188} INFO - [2026-02-24T06:00:12.118+0530] {dag.py:3954} INFO - Setting next_dagrun for example_setup_teardown_taskflow to 2026-02-23 00:00:00+00:00, run_after=2026-02-24 00:00:00+00:00
[2026-02-24T06:00:12.124+0530] {processor.py:183} INFO - Processing /Users/aswin/Documents/data-engineering-practice/ETL_Airflow_DBT/airflow/airflow_env/lib/python3.11/site-packages/airflow/example_dags/example_setup_teardown_taskflow.py took 0.057 seconds
[2026-02-24T06:01:48.273+0530] {processor.py:161} INFO - Started process (PID=49018) to work on /Users/aswin/Documents/data-engineering-practice/ETL_Airflow_DBT/airflow/airflow_env/lib/python3.11/site-packages/airflow/example_dags/example_setup_teardown_taskflow.py
[2026-02-24T06:01:48.273+0530] {processor.py:830} INFO - Processing file /Users/aswin/Documents/data-engineering-practice/ETL_Airflow_DBT/airflow/airflow_env/lib/python3.11/site-packages/airflow/example_dags/example_setup_teardown_taskflow.py for tasks to queue
[2026-02-24T06:01:48.274+0530] {logging_mixin.py:188} INFO - [2026-02-24T06:01:48.274+0530] {dagbag.py:540} INFO - Filling up the DagBag from /Users/aswin/Documents/data-engineering-practice/ETL_Airflow_DBT/airflow/airflow_env/lib/python3.11/site-packages/airflow/example_dags/example_setup_teardown_taskflow.py
[2026-02-24T06:01:48.288+0530] {processor.py:840} INFO - DAG(s) 'example_setup_teardown_taskflow' retrieved from /Users/aswin/Documents/data-engineering-practice/ETL_Airflow_DBT/airflow/airflow_env/lib/python3.11/site-packages/airflow/example_dags/example_setup_teardown_taskflow.py
[2026-02-24T06:01:48.317+0530] {logging_mixin.py:188} INFO - [2026-02-24T06:01:48.317+0530] {dag.py:3096} INFO - Sync 1 DAGs
[2026-02-24T06:01:48.322+0530] {logging_mixin.py:188} INFO - [2026-02-24T06:01:48.322+0530] {dag.py:3954} INFO - Setting next_dagrun for example_setup_teardown_taskflow to 2026-02-23 00:00:00+00:00, run_after=2026-02-24 00:00:00+00:00
[2026-02-24T06:01:48.327+0530] {processor.py:183} INFO - Processing /Users/aswin/Documents/data-engineering-practice/ETL_Airflow_DBT/airflow/airflow_env/lib/python3.11/site-packages/airflow/example_dags/example_setup_teardown_taskflow.py took 0.055 seconds
[2026-02-24T06:03:18.416+0530] {processor.py:161} INFO - Started process (PID=49179) to work on /Users/aswin/Documents/data-engineering-practice/ETL_Airflow_DBT/airflow/airflow_env/lib/python3.11/site-packages/airflow/example_dags/example_setup_teardown_taskflow.py
[2026-02-24T06:03:18.417+0530] {processor.py:830} INFO - Processing file /Users/aswin/Documents/data-engineering-practice/ETL_Airflow_DBT/airflow/airflow_env/lib/python3.11/site-packages/airflow/example_dags/example_setup_teardown_taskflow.py for tasks to queue
[2026-02-24T06:03:18.417+0530] {logging_mixin.py:188} INFO - [2026-02-24T06:03:18.417+0530] {dagbag.py:540} INFO - Filling up the DagBag from /Users/aswin/Documents/data-engineering-practice/ETL_Airflow_DBT/airflow/airflow_env/lib/python3.11/site-packages/airflow/example_dags/example_setup_teardown_taskflow.py
[2026-02-24T06:03:18.431+0530] {processor.py:840} INFO - DAG(s) 'example_setup_teardown_taskflow' retrieved from /Users/aswin/Documents/data-engineering-practice/ETL_Airflow_DBT/airflow/airflow_env/lib/python3.11/site-packages/airflow/example_dags/example_setup_teardown_taskflow.py
[2026-02-24T06:03:18.462+0530] {logging_mixin.py:188} INFO - [2026-02-24T06:03:18.461+0530] {dag.py:3096} INFO - Sync 1 DAGs
[2026-02-24T06:03:18.467+0530] {logging_mixin.py:188} INFO - [2026-02-24T06:03:18.466+0530] {dag.py:3954} INFO - Setting next_dagrun for example_setup_teardown_taskflow to 2026-02-23 00:00:00+00:00, run_after=2026-02-24 00:00:00+00:00
[2026-02-24T06:03:18.472+0530] {processor.py:183} INFO - Processing /Users/aswin/Documents/data-engineering-practice/ETL_Airflow_DBT/airflow/airflow_env/lib/python3.11/site-packages/airflow/example_dags/example_setup_teardown_taskflow.py took 0.057 seconds
[2026-02-24T06:04:58.699+0530] {processor.py:161} INFO - Started process (PID=49335) to work on /Users/aswin/Documents/data-engineering-practice/ETL_Airflow_DBT/airflow/airflow_env/lib/python3.11/site-packages/airflow/example_dags/example_setup_teardown_taskflow.py
[2026-02-24T06:04:58.699+0530] {processor.py:830} INFO - Processing file /Users/aswin/Documents/data-engineering-practice/ETL_Airflow_DBT/airflow/airflow_env/lib/python3.11/site-packages/airflow/example_dags/example_setup_teardown_taskflow.py for tasks to queue
[2026-02-24T06:04:58.700+0530] {logging_mixin.py:188} INFO - [2026-02-24T06:04:58.699+0530] {dagbag.py:540} INFO - Filling up the DagBag from /Users/aswin/Documents/data-engineering-practice/ETL_Airflow_DBT/airflow/airflow_env/lib/python3.11/site-packages/airflow/example_dags/example_setup_teardown_taskflow.py
[2026-02-24T06:04:58.714+0530] {processor.py:840} INFO - DAG(s) 'example_setup_teardown_taskflow' retrieved from /Users/aswin/Documents/data-engineering-practice/ETL_Airflow_DBT/airflow/airflow_env/lib/python3.11/site-packages/airflow/example_dags/example_setup_teardown_taskflow.py
[2026-02-24T06:04:58.743+0530] {logging_mixin.py:188} INFO - [2026-02-24T06:04:58.743+0530] {dag.py:3096} INFO - Sync 1 DAGs
[2026-02-24T06:04:58.748+0530] {logging_mixin.py:188} INFO - [2026-02-24T06:04:58.748+0530] {dag.py:3954} INFO - Setting next_dagrun for example_setup_teardown_taskflow to 2026-02-23 00:00:00+00:00, run_after=2026-02-24 00:00:00+00:00
[2026-02-24T06:04:58.754+0530] {processor.py:183} INFO - Processing /Users/aswin/Documents/data-engineering-practice/ETL_Airflow_DBT/airflow/airflow_env/lib/python3.11/site-packages/airflow/example_dags/example_setup_teardown_taskflow.py took 0.056 seconds
[2026-02-24T06:06:41.034+0530] {processor.py:161} INFO - Started process (PID=49435) to work on /Users/aswin/Documents/data-engineering-practice/ETL_Airflow_DBT/airflow/airflow_env/lib/python3.11/site-packages/airflow/example_dags/example_setup_teardown_taskflow.py
[2026-02-24T06:06:41.035+0530] {processor.py:830} INFO - Processing file /Users/aswin/Documents/data-engineering-practice/ETL_Airflow_DBT/airflow/airflow_env/lib/python3.11/site-packages/airflow/example_dags/example_setup_teardown_taskflow.py for tasks to queue
[2026-02-24T06:06:41.035+0530] {logging_mixin.py:188} INFO - [2026-02-24T06:06:41.035+0530] {dagbag.py:540} INFO - Filling up the DagBag from /Users/aswin/Documents/data-engineering-practice/ETL_Airflow_DBT/airflow/airflow_env/lib/python3.11/site-packages/airflow/example_dags/example_setup_teardown_taskflow.py
[2026-02-24T06:06:41.049+0530] {processor.py:840} INFO - DAG(s) 'example_setup_teardown_taskflow' retrieved from /Users/aswin/Documents/data-engineering-practice/ETL_Airflow_DBT/airflow/airflow_env/lib/python3.11/site-packages/airflow/example_dags/example_setup_teardown_taskflow.py
[2026-02-24T06:06:41.078+0530] {logging_mixin.py:188} INFO - [2026-02-24T06:06:41.078+0530] {dag.py:3096} INFO - Sync 1 DAGs
[2026-02-24T06:06:41.083+0530] {logging_mixin.py:188} INFO - [2026-02-24T06:06:41.083+0530] {dag.py:3954} INFO - Setting next_dagrun for example_setup_teardown_taskflow to 2026-02-23 00:00:00+00:00, run_after=2026-02-24 00:00:00+00:00
[2026-02-24T06:06:41.089+0530] {processor.py:183} INFO - Processing /Users/aswin/Documents/data-engineering-practice/ETL_Airflow_DBT/airflow/airflow_env/lib/python3.11/site-packages/airflow/example_dags/example_setup_teardown_taskflow.py took 0.056 seconds
[2026-02-24T06:08:12.033+0530] {processor.py:161} INFO - Started process (PID=49514) to work on /Users/aswin/Documents/data-engineering-practice/ETL_Airflow_DBT/airflow/airflow_env/lib/python3.11/site-packages/airflow/example_dags/example_setup_teardown_taskflow.py
[2026-02-24T06:08:12.034+0530] {processor.py:830} INFO - Processing file /Users/aswin/Documents/data-engineering-practice/ETL_Airflow_DBT/airflow/airflow_env/lib/python3.11/site-packages/airflow/example_dags/example_setup_teardown_taskflow.py for tasks to queue
[2026-02-24T06:08:12.034+0530] {logging_mixin.py:188} INFO - [2026-02-24T06:08:12.034+0530] {dagbag.py:540} INFO - Filling up the DagBag from /Users/aswin/Documents/data-engineering-practice/ETL_Airflow_DBT/airflow/airflow_env/lib/python3.11/site-packages/airflow/example_dags/example_setup_teardown_taskflow.py
[2026-02-24T06:08:12.049+0530] {processor.py:840} INFO - DAG(s) 'example_setup_teardown_taskflow' retrieved from /Users/aswin/Documents/data-engineering-practice/ETL_Airflow_DBT/airflow/airflow_env/lib/python3.11/site-packages/airflow/example_dags/example_setup_teardown_taskflow.py
[2026-02-24T06:08:12.078+0530] {logging_mixin.py:188} INFO - [2026-02-24T06:08:12.078+0530] {dag.py:3096} INFO - Sync 1 DAGs
[2026-02-24T06:08:12.083+0530] {logging_mixin.py:188} INFO - [2026-02-24T06:08:12.083+0530] {dag.py:3954} INFO - Setting next_dagrun for example_setup_teardown_taskflow to 2026-02-23 00:00:00+00:00, run_after=2026-02-24 00:00:00+00:00
[2026-02-24T06:08:12.088+0530] {processor.py:183} INFO - Processing /Users/aswin/Documents/data-engineering-practice/ETL_Airflow_DBT/airflow/airflow_env/lib/python3.11/site-packages/airflow/example_dags/example_setup_teardown_taskflow.py took 0.056 seconds
[2026-02-24T06:09:45.249+0530] {processor.py:161} INFO - Started process (PID=49586) to work on /Users/aswin/Documents/data-engineering-practice/ETL_Airflow_DBT/airflow/airflow_env/lib/python3.11/site-packages/airflow/example_dags/example_setup_teardown_taskflow.py
[2026-02-24T06:09:45.250+0530] {processor.py:830} INFO - Processing file /Users/aswin/Documents/data-engineering-practice/ETL_Airflow_DBT/airflow/airflow_env/lib/python3.11/site-packages/airflow/example_dags/example_setup_teardown_taskflow.py for tasks to queue
[2026-02-24T06:09:45.250+0530] {logging_mixin.py:188} INFO - [2026-02-24T06:09:45.250+0530] {dagbag.py:540} INFO - Filling up the DagBag from /Users/aswin/Documents/data-engineering-practice/ETL_Airflow_DBT/airflow/airflow_env/lib/python3.11/site-packages/airflow/example_dags/example_setup_teardown_taskflow.py
[2026-02-24T06:09:45.264+0530] {processor.py:840} INFO - DAG(s) 'example_setup_teardown_taskflow' retrieved from /Users/aswin/Documents/data-engineering-practice/ETL_Airflow_DBT/airflow/airflow_env/lib/python3.11/site-packages/airflow/example_dags/example_setup_teardown_taskflow.py
[2026-02-24T06:09:45.293+0530] {logging_mixin.py:188} INFO - [2026-02-24T06:09:45.293+0530] {dag.py:3096} INFO - Sync 1 DAGs
[2026-02-24T06:09:45.297+0530] {logging_mixin.py:188} INFO - [2026-02-24T06:09:45.297+0530] {dag.py:3954} INFO - Setting next_dagrun for example_setup_teardown_taskflow to 2026-02-23 00:00:00+00:00, run_after=2026-02-24 00:00:00+00:00
[2026-02-24T06:09:45.303+0530] {processor.py:183} INFO - Processing /Users/aswin/Documents/data-engineering-practice/ETL_Airflow_DBT/airflow/airflow_env/lib/python3.11/site-packages/airflow/example_dags/example_setup_teardown_taskflow.py took 0.055 seconds
[2026-02-24T06:11:08.575+0530] {processor.py:161} INFO - Started process (PID=49678) to work on /Users/aswin/Documents/data-engineering-practice/ETL_Airflow_DBT/airflow/airflow_env/lib/python3.11/site-packages/airflow/example_dags/example_setup_teardown_taskflow.py
[2026-02-24T06:11:08.576+0530] {processor.py:830} INFO - Processing file /Users/aswin/Documents/data-engineering-practice/ETL_Airflow_DBT/airflow/airflow_env/lib/python3.11/site-packages/airflow/example_dags/example_setup_teardown_taskflow.py for tasks to queue
[2026-02-24T06:11:08.576+0530] {logging_mixin.py:188} INFO - [2026-02-24T06:11:08.576+0530] {dagbag.py:540} INFO - Filling up the DagBag from /Users/aswin/Documents/data-engineering-practice/ETL_Airflow_DBT/airflow/airflow_env/lib/python3.11/site-packages/airflow/example_dags/example_setup_teardown_taskflow.py
[2026-02-24T06:11:08.590+0530] {processor.py:840} INFO - DAG(s) 'example_setup_teardown_taskflow' retrieved from /Users/aswin/Documents/data-engineering-practice/ETL_Airflow_DBT/airflow/airflow_env/lib/python3.11/site-packages/airflow/example_dags/example_setup_teardown_taskflow.py
[2026-02-24T06:11:08.619+0530] {logging_mixin.py:188} INFO - [2026-02-24T06:11:08.619+0530] {dag.py:3096} INFO - Sync 1 DAGs
[2026-02-24T06:11:08.624+0530] {logging_mixin.py:188} INFO - [2026-02-24T06:11:08.624+0530] {dag.py:3954} INFO - Setting next_dagrun for example_setup_teardown_taskflow to 2026-02-23 00:00:00+00:00, run_after=2026-02-24 00:00:00+00:00
[2026-02-24T06:11:08.629+0530] {processor.py:183} INFO - Processing /Users/aswin/Documents/data-engineering-practice/ETL_Airflow_DBT/airflow/airflow_env/lib/python3.11/site-packages/airflow/example_dags/example_setup_teardown_taskflow.py took 0.055 seconds
[2026-02-24T06:12:40.097+0530] {processor.py:161} INFO - Started process (PID=49746) to work on /Users/aswin/Documents/data-engineering-practice/ETL_Airflow_DBT/airflow/airflow_env/lib/python3.11/site-packages/airflow/example_dags/example_setup_teardown_taskflow.py
[2026-02-24T06:12:40.098+0530] {processor.py:830} INFO - Processing file /Users/aswin/Documents/data-engineering-practice/ETL_Airflow_DBT/airflow/airflow_env/lib/python3.11/site-packages/airflow/example_dags/example_setup_teardown_taskflow.py for tasks to queue
[2026-02-24T06:12:40.098+0530] {logging_mixin.py:188} INFO - [2026-02-24T06:12:40.098+0530] {dagbag.py:540} INFO - Filling up the DagBag from /Users/aswin/Documents/data-engineering-practice/ETL_Airflow_DBT/airflow/airflow_env/lib/python3.11/site-packages/airflow/example_dags/example_setup_teardown_taskflow.py
[2026-02-24T06:12:40.113+0530] {processor.py:840} INFO - DAG(s) 'example_setup_teardown_taskflow' retrieved from /Users/aswin/Documents/data-engineering-practice/ETL_Airflow_DBT/airflow/airflow_env/lib/python3.11/site-packages/airflow/example_dags/example_setup_teardown_taskflow.py
[2026-02-24T06:12:40.145+0530] {logging_mixin.py:188} INFO - [2026-02-24T06:12:40.145+0530] {dag.py:3096} INFO - Sync 1 DAGs
[2026-02-24T06:12:40.150+0530] {logging_mixin.py:188} INFO - [2026-02-24T06:12:40.150+0530] {dag.py:3954} INFO - Setting next_dagrun for example_setup_teardown_taskflow to 2026-02-23 00:00:00+00:00, run_after=2026-02-24 00:00:00+00:00
[2026-02-24T06:12:40.156+0530] {processor.py:183} INFO - Processing /Users/aswin/Documents/data-engineering-practice/ETL_Airflow_DBT/airflow/airflow_env/lib/python3.11/site-packages/airflow/example_dags/example_setup_teardown_taskflow.py took 0.060 seconds
[2026-02-24T06:14:20.813+0530] {processor.py:161} INFO - Started process (PID=49821) to work on /Users/aswin/Documents/data-engineering-practice/ETL_Airflow_DBT/airflow/airflow_env/lib/python3.11/site-packages/airflow/example_dags/example_setup_teardown_taskflow.py
[2026-02-24T06:14:20.814+0530] {processor.py:830} INFO - Processing file /Users/aswin/Documents/data-engineering-practice/ETL_Airflow_DBT/airflow/airflow_env/lib/python3.11/site-packages/airflow/example_dags/example_setup_teardown_taskflow.py for tasks to queue
[2026-02-24T06:14:20.814+0530] {logging_mixin.py:188} INFO - [2026-02-24T06:14:20.814+0530] {dagbag.py:540} INFO - Filling up the DagBag from /Users/aswin/Documents/data-engineering-practice/ETL_Airflow_DBT/airflow/airflow_env/lib/python3.11/site-packages/airflow/example_dags/example_setup_teardown_taskflow.py
[2026-02-24T06:14:20.828+0530] {processor.py:840} INFO - DAG(s) 'example_setup_teardown_taskflow' retrieved from /Users/aswin/Documents/data-engineering-practice/ETL_Airflow_DBT/airflow/airflow_env/lib/python3.11/site-packages/airflow/example_dags/example_setup_teardown_taskflow.py
[2026-02-24T06:14:20.857+0530] {logging_mixin.py:188} INFO - [2026-02-24T06:14:20.857+0530] {dag.py:3096} INFO - Sync 1 DAGs
[2026-02-24T06:14:20.862+0530] {logging_mixin.py:188} INFO - [2026-02-24T06:14:20.861+0530] {dag.py:3954} INFO - Setting next_dagrun for example_setup_teardown_taskflow to 2026-02-23 00:00:00+00:00, run_after=2026-02-24 00:00:00+00:00
[2026-02-24T06:14:20.867+0530] {processor.py:183} INFO - Processing /Users/aswin/Documents/data-engineering-practice/ETL_Airflow_DBT/airflow/airflow_env/lib/python3.11/site-packages/airflow/example_dags/example_setup_teardown_taskflow.py took 0.055 seconds
[2026-02-24T06:15:53.898+0530] {processor.py:161} INFO - Started process (PID=49893) to work on /Users/aswin/Documents/data-engineering-practice/ETL_Airflow_DBT/airflow/airflow_env/lib/python3.11/site-packages/airflow/example_dags/example_setup_teardown_taskflow.py
[2026-02-24T06:15:53.899+0530] {processor.py:830} INFO - Processing file /Users/aswin/Documents/data-engineering-practice/ETL_Airflow_DBT/airflow/airflow_env/lib/python3.11/site-packages/airflow/example_dags/example_setup_teardown_taskflow.py for tasks to queue
[2026-02-24T06:15:53.899+0530] {logging_mixin.py:188} INFO - [2026-02-24T06:15:53.899+0530] {dagbag.py:540} INFO - Filling up the DagBag from /Users/aswin/Documents/data-engineering-practice/ETL_Airflow_DBT/airflow/airflow_env/lib/python3.11/site-packages/airflow/example_dags/example_setup_teardown_taskflow.py
[2026-02-24T06:15:53.913+0530] {processor.py:840} INFO - DAG(s) 'example_setup_teardown_taskflow' retrieved from /Users/aswin/Documents/data-engineering-practice/ETL_Airflow_DBT/airflow/airflow_env/lib/python3.11/site-packages/airflow/example_dags/example_setup_teardown_taskflow.py
[2026-02-24T06:15:53.945+0530] {logging_mixin.py:188} INFO - [2026-02-24T06:15:53.945+0530] {dag.py:3096} INFO - Sync 1 DAGs
[2026-02-24T06:15:53.950+0530] {logging_mixin.py:188} INFO - [2026-02-24T06:15:53.950+0530] {dag.py:3954} INFO - Setting next_dagrun for example_setup_teardown_taskflow to 2026-02-23 00:00:00+00:00, run_after=2026-02-24 00:00:00+00:00
[2026-02-24T06:15:53.957+0530] {processor.py:183} INFO - Processing /Users/aswin/Documents/data-engineering-practice/ETL_Airflow_DBT/airflow/airflow_env/lib/python3.11/site-packages/airflow/example_dags/example_setup_teardown_taskflow.py took 0.060 seconds
[2026-02-24T06:17:28.234+0530] {processor.py:161} INFO - Started process (PID=49998) to work on /Users/aswin/Documents/data-engineering-practice/ETL_Airflow_DBT/airflow/airflow_env/lib/python3.11/site-packages/airflow/example_dags/example_setup_teardown_taskflow.py
[2026-02-24T06:17:28.234+0530] {processor.py:830} INFO - Processing file /Users/aswin/Documents/data-engineering-practice/ETL_Airflow_DBT/airflow/airflow_env/lib/python3.11/site-packages/airflow/example_dags/example_setup_teardown_taskflow.py for tasks to queue
[2026-02-24T06:17:28.234+0530] {logging_mixin.py:188} INFO - [2026-02-24T06:17:28.234+0530] {dagbag.py:540} INFO - Filling up the DagBag from /Users/aswin/Documents/data-engineering-practice/ETL_Airflow_DBT/airflow/airflow_env/lib/python3.11/site-packages/airflow/example_dags/example_setup_teardown_taskflow.py
[2026-02-24T06:17:28.252+0530] {processor.py:840} INFO - DAG(s) 'example_setup_teardown_taskflow' retrieved from /Users/aswin/Documents/data-engineering-practice/ETL_Airflow_DBT/airflow/airflow_env/lib/python3.11/site-packages/airflow/example_dags/example_setup_teardown_taskflow.py
[2026-02-24T06:17:28.281+0530] {logging_mixin.py:188} INFO - [2026-02-24T06:17:28.281+0530] {dag.py:3096} INFO - Sync 1 DAGs
[2026-02-24T06:17:28.286+0530] {logging_mixin.py:188} INFO - [2026-02-24T06:17:28.286+0530] {dag.py:3954} INFO - Setting next_dagrun for example_setup_teardown_taskflow to 2026-02-23 00:00:00+00:00, run_after=2026-02-24 00:00:00+00:00
[2026-02-24T06:17:28.292+0530] {processor.py:183} INFO - Processing /Users/aswin/Documents/data-engineering-practice/ETL_Airflow_DBT/airflow/airflow_env/lib/python3.11/site-packages/airflow/example_dags/example_setup_teardown_taskflow.py took 0.059 seconds
