[2026-02-24T05:31:22.242+0530] {processor.py:161} INFO - Started process (PID=47138) to work on /Users/aswin/Documents/data-engineering-practice/ETL_Airflow_DBT/airflow/airflow_env/lib/python3.11/site-packages/airflow/example_dags/example_branch_python_dop_operator_3.py
[2026-02-24T05:31:22.243+0530] {processor.py:830} INFO - Processing file /Users/aswin/Documents/data-engineering-practice/ETL_Airflow_DBT/airflow/airflow_env/lib/python3.11/site-packages/airflow/example_dags/example_branch_python_dop_operator_3.py for tasks to queue
[2026-02-24T05:31:22.243+0530] {logging_mixin.py:188} INFO - [2026-02-24T05:31:22.243+0530] {dagbag.py:540} INFO - Filling up the DagBag from /Users/aswin/Documents/data-engineering-practice/ETL_Airflow_DBT/airflow/airflow_env/lib/python3.11/site-packages/airflow/example_dags/example_branch_python_dop_operator_3.py
[2026-02-24T05:31:22.257+0530] {processor.py:840} INFO - DAG(s) 'example_branch_dop_operator_v3' retrieved from /Users/aswin/Documents/data-engineering-practice/ETL_Airflow_DBT/airflow/airflow_env/lib/python3.11/site-packages/airflow/example_dags/example_branch_python_dop_operator_3.py
[2026-02-24T05:31:22.286+0530] {logging_mixin.py:188} INFO - [2026-02-24T05:31:22.286+0530] {dag.py:3096} INFO - Sync 1 DAGs
[2026-02-24T05:31:22.292+0530] {logging_mixin.py:188} INFO - [2026-02-24T05:31:22.292+0530] {dag.py:3954} INFO - Setting next_dagrun for example_branch_dop_operator_v3 to 2026-02-24 00:00:00+00:00, run_after=2026-02-24 00:01:00+00:00
[2026-02-24T05:31:22.298+0530] {processor.py:183} INFO - Processing /Users/aswin/Documents/data-engineering-practice/ETL_Airflow_DBT/airflow/airflow_env/lib/python3.11/site-packages/airflow/example_dags/example_branch_python_dop_operator_3.py took 0.056 seconds
[2026-02-24T05:32:56.952+0530] {processor.py:161} INFO - Started process (PID=47259) to work on /Users/aswin/Documents/data-engineering-practice/ETL_Airflow_DBT/airflow/airflow_env/lib/python3.11/site-packages/airflow/example_dags/example_branch_python_dop_operator_3.py
[2026-02-24T05:32:56.953+0530] {processor.py:830} INFO - Processing file /Users/aswin/Documents/data-engineering-practice/ETL_Airflow_DBT/airflow/airflow_env/lib/python3.11/site-packages/airflow/example_dags/example_branch_python_dop_operator_3.py for tasks to queue
[2026-02-24T05:32:56.953+0530] {logging_mixin.py:188} INFO - [2026-02-24T05:32:56.953+0530] {dagbag.py:540} INFO - Filling up the DagBag from /Users/aswin/Documents/data-engineering-practice/ETL_Airflow_DBT/airflow/airflow_env/lib/python3.11/site-packages/airflow/example_dags/example_branch_python_dop_operator_3.py
[2026-02-24T05:32:56.967+0530] {processor.py:840} INFO - DAG(s) 'example_branch_dop_operator_v3' retrieved from /Users/aswin/Documents/data-engineering-practice/ETL_Airflow_DBT/airflow/airflow_env/lib/python3.11/site-packages/airflow/example_dags/example_branch_python_dop_operator_3.py
[2026-02-24T05:32:56.995+0530] {logging_mixin.py:188} INFO - [2026-02-24T05:32:56.995+0530] {dag.py:3096} INFO - Sync 1 DAGs
[2026-02-24T05:32:57.001+0530] {logging_mixin.py:188} INFO - [2026-02-24T05:32:57.001+0530] {dag.py:3954} INFO - Setting next_dagrun for example_branch_dop_operator_v3 to 2026-02-24 00:01:00+00:00, run_after=2026-02-24 00:02:00+00:00
[2026-02-24T05:32:57.007+0530] {processor.py:183} INFO - Processing /Users/aswin/Documents/data-engineering-practice/ETL_Airflow_DBT/airflow/airflow_env/lib/python3.11/site-packages/airflow/example_dags/example_branch_python_dop_operator_3.py took 0.056 seconds
[2026-02-24T05:34:32.069+0530] {processor.py:161} INFO - Started process (PID=47373) to work on /Users/aswin/Documents/data-engineering-practice/ETL_Airflow_DBT/airflow/airflow_env/lib/python3.11/site-packages/airflow/example_dags/example_branch_python_dop_operator_3.py
[2026-02-24T05:34:32.069+0530] {processor.py:830} INFO - Processing file /Users/aswin/Documents/data-engineering-practice/ETL_Airflow_DBT/airflow/airflow_env/lib/python3.11/site-packages/airflow/example_dags/example_branch_python_dop_operator_3.py for tasks to queue
[2026-02-24T05:34:32.069+0530] {logging_mixin.py:188} INFO - [2026-02-24T05:34:32.069+0530] {dagbag.py:540} INFO - Filling up the DagBag from /Users/aswin/Documents/data-engineering-practice/ETL_Airflow_DBT/airflow/airflow_env/lib/python3.11/site-packages/airflow/example_dags/example_branch_python_dop_operator_3.py
[2026-02-24T05:34:32.084+0530] {processor.py:840} INFO - DAG(s) 'example_branch_dop_operator_v3' retrieved from /Users/aswin/Documents/data-engineering-practice/ETL_Airflow_DBT/airflow/airflow_env/lib/python3.11/site-packages/airflow/example_dags/example_branch_python_dop_operator_3.py
[2026-02-24T05:34:32.113+0530] {logging_mixin.py:188} INFO - [2026-02-24T05:34:32.113+0530] {dag.py:3096} INFO - Sync 1 DAGs
[2026-02-24T05:34:32.120+0530] {logging_mixin.py:188} INFO - [2026-02-24T05:34:32.120+0530] {dag.py:3954} INFO - Setting next_dagrun for example_branch_dop_operator_v3 to 2026-02-24 00:03:00+00:00, run_after=2026-02-24 00:04:00+00:00
[2026-02-24T05:34:32.126+0530] {processor.py:183} INFO - Processing /Users/aswin/Documents/data-engineering-practice/ETL_Airflow_DBT/airflow/airflow_env/lib/python3.11/site-packages/airflow/example_dags/example_branch_python_dop_operator_3.py took 0.058 seconds
[2026-02-24T05:36:04.943+0530] {processor.py:161} INFO - Started process (PID=47465) to work on /Users/aswin/Documents/data-engineering-practice/ETL_Airflow_DBT/airflow/airflow_env/lib/python3.11/site-packages/airflow/example_dags/example_branch_python_dop_operator_3.py
[2026-02-24T05:36:04.943+0530] {processor.py:830} INFO - Processing file /Users/aswin/Documents/data-engineering-practice/ETL_Airflow_DBT/airflow/airflow_env/lib/python3.11/site-packages/airflow/example_dags/example_branch_python_dop_operator_3.py for tasks to queue
[2026-02-24T05:36:04.943+0530] {logging_mixin.py:188} INFO - [2026-02-24T05:36:04.943+0530] {dagbag.py:540} INFO - Filling up the DagBag from /Users/aswin/Documents/data-engineering-practice/ETL_Airflow_DBT/airflow/airflow_env/lib/python3.11/site-packages/airflow/example_dags/example_branch_python_dop_operator_3.py
[2026-02-24T05:36:04.957+0530] {processor.py:840} INFO - DAG(s) 'example_branch_dop_operator_v3' retrieved from /Users/aswin/Documents/data-engineering-practice/ETL_Airflow_DBT/airflow/airflow_env/lib/python3.11/site-packages/airflow/example_dags/example_branch_python_dop_operator_3.py
[2026-02-24T05:36:04.986+0530] {logging_mixin.py:188} INFO - [2026-02-24T05:36:04.986+0530] {dag.py:3096} INFO - Sync 1 DAGs
[2026-02-24T05:36:04.992+0530] {logging_mixin.py:188} INFO - [2026-02-24T05:36:04.992+0530] {dag.py:3954} INFO - Setting next_dagrun for example_branch_dop_operator_v3 to 2026-02-24 00:05:00+00:00, run_after=2026-02-24 00:06:00+00:00
[2026-02-24T05:36:04.998+0530] {processor.py:183} INFO - Processing /Users/aswin/Documents/data-engineering-practice/ETL_Airflow_DBT/airflow/airflow_env/lib/python3.11/site-packages/airflow/example_dags/example_branch_python_dop_operator_3.py took 0.056 seconds
[2026-02-24T05:37:53.902+0530] {processor.py:161} INFO - Started process (PID=47582) to work on /Users/aswin/Documents/data-engineering-practice/ETL_Airflow_DBT/airflow/airflow_env/lib/python3.11/site-packages/airflow/example_dags/example_branch_python_dop_operator_3.py
[2026-02-24T05:37:53.903+0530] {processor.py:830} INFO - Processing file /Users/aswin/Documents/data-engineering-practice/ETL_Airflow_DBT/airflow/airflow_env/lib/python3.11/site-packages/airflow/example_dags/example_branch_python_dop_operator_3.py for tasks to queue
[2026-02-24T05:37:53.904+0530] {logging_mixin.py:188} INFO - [2026-02-24T05:37:53.903+0530] {dagbag.py:540} INFO - Filling up the DagBag from /Users/aswin/Documents/data-engineering-practice/ETL_Airflow_DBT/airflow/airflow_env/lib/python3.11/site-packages/airflow/example_dags/example_branch_python_dop_operator_3.py
[2026-02-24T05:37:53.917+0530] {processor.py:840} INFO - DAG(s) 'example_branch_dop_operator_v3' retrieved from /Users/aswin/Documents/data-engineering-practice/ETL_Airflow_DBT/airflow/airflow_env/lib/python3.11/site-packages/airflow/example_dags/example_branch_python_dop_operator_3.py
[2026-02-24T05:37:53.946+0530] {logging_mixin.py:188} INFO - [2026-02-24T05:37:53.946+0530] {dag.py:3096} INFO - Sync 1 DAGs
[2026-02-24T05:37:53.952+0530] {logging_mixin.py:188} INFO - [2026-02-24T05:37:53.952+0530] {dag.py:3954} INFO - Setting next_dagrun for example_branch_dop_operator_v3 to 2026-02-24 00:06:00+00:00, run_after=2026-02-24 00:07:00+00:00
[2026-02-24T05:37:53.958+0530] {processor.py:183} INFO - Processing /Users/aswin/Documents/data-engineering-practice/ETL_Airflow_DBT/airflow/airflow_env/lib/python3.11/site-packages/airflow/example_dags/example_branch_python_dop_operator_3.py took 0.057 seconds
[2026-02-24T05:39:23.642+0530] {processor.py:161} INFO - Started process (PID=47657) to work on /Users/aswin/Documents/data-engineering-practice/ETL_Airflow_DBT/airflow/airflow_env/lib/python3.11/site-packages/airflow/example_dags/example_branch_python_dop_operator_3.py
[2026-02-24T05:39:23.643+0530] {processor.py:830} INFO - Processing file /Users/aswin/Documents/data-engineering-practice/ETL_Airflow_DBT/airflow/airflow_env/lib/python3.11/site-packages/airflow/example_dags/example_branch_python_dop_operator_3.py for tasks to queue
[2026-02-24T05:39:23.643+0530] {logging_mixin.py:188} INFO - [2026-02-24T05:39:23.643+0530] {dagbag.py:540} INFO - Filling up the DagBag from /Users/aswin/Documents/data-engineering-practice/ETL_Airflow_DBT/airflow/airflow_env/lib/python3.11/site-packages/airflow/example_dags/example_branch_python_dop_operator_3.py
[2026-02-24T05:39:23.657+0530] {processor.py:840} INFO - DAG(s) 'example_branch_dop_operator_v3' retrieved from /Users/aswin/Documents/data-engineering-practice/ETL_Airflow_DBT/airflow/airflow_env/lib/python3.11/site-packages/airflow/example_dags/example_branch_python_dop_operator_3.py
[2026-02-24T05:39:23.685+0530] {logging_mixin.py:188} INFO - [2026-02-24T05:39:23.685+0530] {dag.py:3096} INFO - Sync 1 DAGs
[2026-02-24T05:39:23.691+0530] {logging_mixin.py:188} INFO - [2026-02-24T05:39:23.691+0530] {dag.py:3954} INFO - Setting next_dagrun for example_branch_dop_operator_v3 to 2026-02-24 00:08:00+00:00, run_after=2026-02-24 00:09:00+00:00
[2026-02-24T05:39:23.697+0530] {processor.py:183} INFO - Processing /Users/aswin/Documents/data-engineering-practice/ETL_Airflow_DBT/airflow/airflow_env/lib/python3.11/site-packages/airflow/example_dags/example_branch_python_dop_operator_3.py took 0.056 seconds
[2026-02-24T05:41:05.751+0530] {processor.py:161} INFO - Started process (PID=47758) to work on /Users/aswin/Documents/data-engineering-practice/ETL_Airflow_DBT/airflow/airflow_env/lib/python3.11/site-packages/airflow/example_dags/example_branch_python_dop_operator_3.py
[2026-02-24T05:41:05.752+0530] {processor.py:830} INFO - Processing file /Users/aswin/Documents/data-engineering-practice/ETL_Airflow_DBT/airflow/airflow_env/lib/python3.11/site-packages/airflow/example_dags/example_branch_python_dop_operator_3.py for tasks to queue
[2026-02-24T05:41:05.752+0530] {logging_mixin.py:188} INFO - [2026-02-24T05:41:05.752+0530] {dagbag.py:540} INFO - Filling up the DagBag from /Users/aswin/Documents/data-engineering-practice/ETL_Airflow_DBT/airflow/airflow_env/lib/python3.11/site-packages/airflow/example_dags/example_branch_python_dop_operator_3.py
[2026-02-24T05:41:05.766+0530] {processor.py:840} INFO - DAG(s) 'example_branch_dop_operator_v3' retrieved from /Users/aswin/Documents/data-engineering-practice/ETL_Airflow_DBT/airflow/airflow_env/lib/python3.11/site-packages/airflow/example_dags/example_branch_python_dop_operator_3.py
[2026-02-24T05:41:05.794+0530] {logging_mixin.py:188} INFO - [2026-02-24T05:41:05.794+0530] {dag.py:3096} INFO - Sync 1 DAGs
[2026-02-24T05:41:05.801+0530] {logging_mixin.py:188} INFO - [2026-02-24T05:41:05.801+0530] {dag.py:3954} INFO - Setting next_dagrun for example_branch_dop_operator_v3 to 2026-02-24 00:10:00+00:00, run_after=2026-02-24 00:11:00+00:00
[2026-02-24T05:41:05.806+0530] {processor.py:183} INFO - Processing /Users/aswin/Documents/data-engineering-practice/ETL_Airflow_DBT/airflow/airflow_env/lib/python3.11/site-packages/airflow/example_dags/example_branch_python_dop_operator_3.py took 0.056 seconds
[2026-02-24T05:42:36.208+0530] {processor.py:161} INFO - Started process (PID=47827) to work on /Users/aswin/Documents/data-engineering-practice/ETL_Airflow_DBT/airflow/airflow_env/lib/python3.11/site-packages/airflow/example_dags/example_branch_python_dop_operator_3.py
[2026-02-24T05:42:36.209+0530] {processor.py:830} INFO - Processing file /Users/aswin/Documents/data-engineering-practice/ETL_Airflow_DBT/airflow/airflow_env/lib/python3.11/site-packages/airflow/example_dags/example_branch_python_dop_operator_3.py for tasks to queue
[2026-02-24T05:42:36.209+0530] {logging_mixin.py:188} INFO - [2026-02-24T05:42:36.209+0530] {dagbag.py:540} INFO - Filling up the DagBag from /Users/aswin/Documents/data-engineering-practice/ETL_Airflow_DBT/airflow/airflow_env/lib/python3.11/site-packages/airflow/example_dags/example_branch_python_dop_operator_3.py
[2026-02-24T05:42:36.223+0530] {processor.py:840} INFO - DAG(s) 'example_branch_dop_operator_v3' retrieved from /Users/aswin/Documents/data-engineering-practice/ETL_Airflow_DBT/airflow/airflow_env/lib/python3.11/site-packages/airflow/example_dags/example_branch_python_dop_operator_3.py
[2026-02-24T05:42:36.251+0530] {logging_mixin.py:188} INFO - [2026-02-24T05:42:36.251+0530] {dag.py:3096} INFO - Sync 1 DAGs
[2026-02-24T05:42:36.257+0530] {logging_mixin.py:188} INFO - [2026-02-24T05:42:36.257+0530] {dag.py:3954} INFO - Setting next_dagrun for example_branch_dop_operator_v3 to 2026-02-24 00:11:00+00:00, run_after=2026-02-24 00:12:00+00:00
[2026-02-24T05:42:36.263+0530] {processor.py:183} INFO - Processing /Users/aswin/Documents/data-engineering-practice/ETL_Airflow_DBT/airflow/airflow_env/lib/python3.11/site-packages/airflow/example_dags/example_branch_python_dop_operator_3.py took 0.056 seconds
[2026-02-24T05:44:07.773+0530] {processor.py:161} INFO - Started process (PID=47907) to work on /Users/aswin/Documents/data-engineering-practice/ETL_Airflow_DBT/airflow/airflow_env/lib/python3.11/site-packages/airflow/example_dags/example_branch_python_dop_operator_3.py
[2026-02-24T05:44:07.774+0530] {processor.py:830} INFO - Processing file /Users/aswin/Documents/data-engineering-practice/ETL_Airflow_DBT/airflow/airflow_env/lib/python3.11/site-packages/airflow/example_dags/example_branch_python_dop_operator_3.py for tasks to queue
[2026-02-24T05:44:07.774+0530] {logging_mixin.py:188} INFO - [2026-02-24T05:44:07.774+0530] {dagbag.py:540} INFO - Filling up the DagBag from /Users/aswin/Documents/data-engineering-practice/ETL_Airflow_DBT/airflow/airflow_env/lib/python3.11/site-packages/airflow/example_dags/example_branch_python_dop_operator_3.py
[2026-02-24T05:44:07.789+0530] {processor.py:840} INFO - DAG(s) 'example_branch_dop_operator_v3' retrieved from /Users/aswin/Documents/data-engineering-practice/ETL_Airflow_DBT/airflow/airflow_env/lib/python3.11/site-packages/airflow/example_dags/example_branch_python_dop_operator_3.py
[2026-02-24T05:44:07.817+0530] {logging_mixin.py:188} INFO - [2026-02-24T05:44:07.817+0530] {dag.py:3096} INFO - Sync 1 DAGs
[2026-02-24T05:44:07.823+0530] {logging_mixin.py:188} INFO - [2026-02-24T05:44:07.823+0530] {dag.py:3954} INFO - Setting next_dagrun for example_branch_dop_operator_v3 to 2026-02-24 00:13:00+00:00, run_after=2026-02-24 00:14:00+00:00
[2026-02-24T05:44:07.829+0530] {processor.py:183} INFO - Processing /Users/aswin/Documents/data-engineering-practice/ETL_Airflow_DBT/airflow/airflow_env/lib/python3.11/site-packages/airflow/example_dags/example_branch_python_dop_operator_3.py took 0.057 seconds
[2026-02-24T05:45:41.213+0530] {processor.py:161} INFO - Started process (PID=47987) to work on /Users/aswin/Documents/data-engineering-practice/ETL_Airflow_DBT/airflow/airflow_env/lib/python3.11/site-packages/airflow/example_dags/example_branch_python_dop_operator_3.py
[2026-02-24T05:45:41.214+0530] {processor.py:830} INFO - Processing file /Users/aswin/Documents/data-engineering-practice/ETL_Airflow_DBT/airflow/airflow_env/lib/python3.11/site-packages/airflow/example_dags/example_branch_python_dop_operator_3.py for tasks to queue
[2026-02-24T05:45:41.214+0530] {logging_mixin.py:188} INFO - [2026-02-24T05:45:41.214+0530] {dagbag.py:540} INFO - Filling up the DagBag from /Users/aswin/Documents/data-engineering-practice/ETL_Airflow_DBT/airflow/airflow_env/lib/python3.11/site-packages/airflow/example_dags/example_branch_python_dop_operator_3.py
[2026-02-24T05:45:41.228+0530] {processor.py:840} INFO - DAG(s) 'example_branch_dop_operator_v3' retrieved from /Users/aswin/Documents/data-engineering-practice/ETL_Airflow_DBT/airflow/airflow_env/lib/python3.11/site-packages/airflow/example_dags/example_branch_python_dop_operator_3.py
[2026-02-24T05:45:41.256+0530] {logging_mixin.py:188} INFO - [2026-02-24T05:45:41.256+0530] {dag.py:3096} INFO - Sync 1 DAGs
[2026-02-24T05:45:41.263+0530] {logging_mixin.py:188} INFO - [2026-02-24T05:45:41.263+0530] {dag.py:3954} INFO - Setting next_dagrun for example_branch_dop_operator_v3 to 2026-02-24 00:14:00+00:00, run_after=2026-02-24 00:15:00+00:00
[2026-02-24T05:45:41.268+0530] {processor.py:183} INFO - Processing /Users/aswin/Documents/data-engineering-practice/ETL_Airflow_DBT/airflow/airflow_env/lib/python3.11/site-packages/airflow/example_dags/example_branch_python_dop_operator_3.py took 0.056 seconds
[2026-02-24T05:47:11.296+0530] {processor.py:161} INFO - Started process (PID=48095) to work on /Users/aswin/Documents/data-engineering-practice/ETL_Airflow_DBT/airflow/airflow_env/lib/python3.11/site-packages/airflow/example_dags/example_branch_python_dop_operator_3.py
[2026-02-24T05:47:11.297+0530] {processor.py:830} INFO - Processing file /Users/aswin/Documents/data-engineering-practice/ETL_Airflow_DBT/airflow/airflow_env/lib/python3.11/site-packages/airflow/example_dags/example_branch_python_dop_operator_3.py for tasks to queue
[2026-02-24T05:47:11.297+0530] {logging_mixin.py:188} INFO - [2026-02-24T05:47:11.297+0530] {dagbag.py:540} INFO - Filling up the DagBag from /Users/aswin/Documents/data-engineering-practice/ETL_Airflow_DBT/airflow/airflow_env/lib/python3.11/site-packages/airflow/example_dags/example_branch_python_dop_operator_3.py
[2026-02-24T05:47:11.311+0530] {processor.py:840} INFO - DAG(s) 'example_branch_dop_operator_v3' retrieved from /Users/aswin/Documents/data-engineering-practice/ETL_Airflow_DBT/airflow/airflow_env/lib/python3.11/site-packages/airflow/example_dags/example_branch_python_dop_operator_3.py
[2026-02-24T05:47:11.339+0530] {logging_mixin.py:188} INFO - [2026-02-24T05:47:11.339+0530] {dag.py:3096} INFO - Sync 1 DAGs
[2026-02-24T05:47:11.345+0530] {logging_mixin.py:188} INFO - [2026-02-24T05:47:11.345+0530] {dag.py:3954} INFO - Setting next_dagrun for example_branch_dop_operator_v3 to 2026-02-24 00:16:00+00:00, run_after=2026-02-24 00:17:00+00:00
[2026-02-24T05:47:11.351+0530] {processor.py:183} INFO - Processing /Users/aswin/Documents/data-engineering-practice/ETL_Airflow_DBT/airflow/airflow_env/lib/python3.11/site-packages/airflow/example_dags/example_branch_python_dop_operator_3.py took 0.056 seconds
[2026-02-24T05:48:39.215+0530] {processor.py:161} INFO - Started process (PID=48173) to work on /Users/aswin/Documents/data-engineering-practice/ETL_Airflow_DBT/airflow/airflow_env/lib/python3.11/site-packages/airflow/example_dags/example_branch_python_dop_operator_3.py
[2026-02-24T05:48:39.216+0530] {processor.py:830} INFO - Processing file /Users/aswin/Documents/data-engineering-practice/ETL_Airflow_DBT/airflow/airflow_env/lib/python3.11/site-packages/airflow/example_dags/example_branch_python_dop_operator_3.py for tasks to queue
[2026-02-24T05:48:39.216+0530] {logging_mixin.py:188} INFO - [2026-02-24T05:48:39.216+0530] {dagbag.py:540} INFO - Filling up the DagBag from /Users/aswin/Documents/data-engineering-practice/ETL_Airflow_DBT/airflow/airflow_env/lib/python3.11/site-packages/airflow/example_dags/example_branch_python_dop_operator_3.py
[2026-02-24T05:48:39.230+0530] {processor.py:840} INFO - DAG(s) 'example_branch_dop_operator_v3' retrieved from /Users/aswin/Documents/data-engineering-practice/ETL_Airflow_DBT/airflow/airflow_env/lib/python3.11/site-packages/airflow/example_dags/example_branch_python_dop_operator_3.py
[2026-02-24T05:48:39.258+0530] {logging_mixin.py:188} INFO - [2026-02-24T05:48:39.258+0530] {dag.py:3096} INFO - Sync 1 DAGs
[2026-02-24T05:48:39.264+0530] {logging_mixin.py:188} INFO - [2026-02-24T05:48:39.264+0530] {dag.py:3954} INFO - Setting next_dagrun for example_branch_dop_operator_v3 to 2026-02-24 00:17:00+00:00, run_after=2026-02-24 00:18:00+00:00
[2026-02-24T05:48:39.272+0530] {processor.py:183} INFO - Processing /Users/aswin/Documents/data-engineering-practice/ETL_Airflow_DBT/airflow/airflow_env/lib/python3.11/site-packages/airflow/example_dags/example_branch_python_dop_operator_3.py took 0.058 seconds
[2026-02-24T05:50:11.607+0530] {processor.py:161} INFO - Started process (PID=48288) to work on /Users/aswin/Documents/data-engineering-practice/ETL_Airflow_DBT/airflow/airflow_env/lib/python3.11/site-packages/airflow/example_dags/example_branch_python_dop_operator_3.py
[2026-02-24T05:50:11.607+0530] {processor.py:830} INFO - Processing file /Users/aswin/Documents/data-engineering-practice/ETL_Airflow_DBT/airflow/airflow_env/lib/python3.11/site-packages/airflow/example_dags/example_branch_python_dop_operator_3.py for tasks to queue
[2026-02-24T05:50:11.607+0530] {logging_mixin.py:188} INFO - [2026-02-24T05:50:11.607+0530] {dagbag.py:540} INFO - Filling up the DagBag from /Users/aswin/Documents/data-engineering-practice/ETL_Airflow_DBT/airflow/airflow_env/lib/python3.11/site-packages/airflow/example_dags/example_branch_python_dop_operator_3.py
[2026-02-24T05:50:11.621+0530] {processor.py:840} INFO - DAG(s) 'example_branch_dop_operator_v3' retrieved from /Users/aswin/Documents/data-engineering-practice/ETL_Airflow_DBT/airflow/airflow_env/lib/python3.11/site-packages/airflow/example_dags/example_branch_python_dop_operator_3.py
[2026-02-24T05:50:11.650+0530] {logging_mixin.py:188} INFO - [2026-02-24T05:50:11.650+0530] {dag.py:3096} INFO - Sync 1 DAGs
[2026-02-24T05:50:11.656+0530] {logging_mixin.py:188} INFO - [2026-02-24T05:50:11.656+0530] {dag.py:3954} INFO - Setting next_dagrun for example_branch_dop_operator_v3 to 2026-02-24 00:19:00+00:00, run_after=2026-02-24 00:20:00+00:00
[2026-02-24T05:50:11.662+0530] {processor.py:183} INFO - Processing /Users/aswin/Documents/data-engineering-practice/ETL_Airflow_DBT/airflow/airflow_env/lib/python3.11/site-packages/airflow/example_dags/example_branch_python_dop_operator_3.py took 0.056 seconds
[2026-02-24T05:51:40.605+0530] {processor.py:161} INFO - Started process (PID=48374) to work on /Users/aswin/Documents/data-engineering-practice/ETL_Airflow_DBT/airflow/airflow_env/lib/python3.11/site-packages/airflow/example_dags/example_branch_python_dop_operator_3.py
[2026-02-24T05:51:40.605+0530] {processor.py:830} INFO - Processing file /Users/aswin/Documents/data-engineering-practice/ETL_Airflow_DBT/airflow/airflow_env/lib/python3.11/site-packages/airflow/example_dags/example_branch_python_dop_operator_3.py for tasks to queue
[2026-02-24T05:51:40.605+0530] {logging_mixin.py:188} INFO - [2026-02-24T05:51:40.605+0530] {dagbag.py:540} INFO - Filling up the DagBag from /Users/aswin/Documents/data-engineering-practice/ETL_Airflow_DBT/airflow/airflow_env/lib/python3.11/site-packages/airflow/example_dags/example_branch_python_dop_operator_3.py
[2026-02-24T05:51:40.619+0530] {processor.py:840} INFO - DAG(s) 'example_branch_dop_operator_v3' retrieved from /Users/aswin/Documents/data-engineering-practice/ETL_Airflow_DBT/airflow/airflow_env/lib/python3.11/site-packages/airflow/example_dags/example_branch_python_dop_operator_3.py
[2026-02-24T05:51:40.648+0530] {logging_mixin.py:188} INFO - [2026-02-24T05:51:40.648+0530] {dag.py:3096} INFO - Sync 1 DAGs
[2026-02-24T05:51:40.654+0530] {logging_mixin.py:188} INFO - [2026-02-24T05:51:40.654+0530] {dag.py:3954} INFO - Setting next_dagrun for example_branch_dop_operator_v3 to 2026-02-24 00:20:00+00:00, run_after=2026-02-24 00:21:00+00:00
[2026-02-24T05:51:40.660+0530] {processor.py:183} INFO - Processing /Users/aswin/Documents/data-engineering-practice/ETL_Airflow_DBT/airflow/airflow_env/lib/python3.11/site-packages/airflow/example_dags/example_branch_python_dop_operator_3.py took 0.056 seconds
[2026-02-24T05:53:17.115+0530] {processor.py:161} INFO - Started process (PID=48451) to work on /Users/aswin/Documents/data-engineering-practice/ETL_Airflow_DBT/airflow/airflow_env/lib/python3.11/site-packages/airflow/example_dags/example_branch_python_dop_operator_3.py
[2026-02-24T05:53:17.116+0530] {processor.py:830} INFO - Processing file /Users/aswin/Documents/data-engineering-practice/ETL_Airflow_DBT/airflow/airflow_env/lib/python3.11/site-packages/airflow/example_dags/example_branch_python_dop_operator_3.py for tasks to queue
[2026-02-24T05:53:17.116+0530] {logging_mixin.py:188} INFO - [2026-02-24T05:53:17.116+0530] {dagbag.py:540} INFO - Filling up the DagBag from /Users/aswin/Documents/data-engineering-practice/ETL_Airflow_DBT/airflow/airflow_env/lib/python3.11/site-packages/airflow/example_dags/example_branch_python_dop_operator_3.py
[2026-02-24T05:53:17.130+0530] {processor.py:840} INFO - DAG(s) 'example_branch_dop_operator_v3' retrieved from /Users/aswin/Documents/data-engineering-practice/ETL_Airflow_DBT/airflow/airflow_env/lib/python3.11/site-packages/airflow/example_dags/example_branch_python_dop_operator_3.py
[2026-02-24T05:53:17.158+0530] {logging_mixin.py:188} INFO - [2026-02-24T05:53:17.158+0530] {dag.py:3096} INFO - Sync 1 DAGs
[2026-02-24T05:53:17.165+0530] {logging_mixin.py:188} INFO - [2026-02-24T05:53:17.165+0530] {dag.py:3954} INFO - Setting next_dagrun for example_branch_dop_operator_v3 to 2026-02-24 00:22:00+00:00, run_after=2026-02-24 00:23:00+00:00
[2026-02-24T05:53:17.170+0530] {processor.py:183} INFO - Processing /Users/aswin/Documents/data-engineering-practice/ETL_Airflow_DBT/airflow/airflow_env/lib/python3.11/site-packages/airflow/example_dags/example_branch_python_dop_operator_3.py took 0.056 seconds
[2026-02-24T05:54:50.977+0530] {processor.py:161} INFO - Started process (PID=48577) to work on /Users/aswin/Documents/data-engineering-practice/ETL_Airflow_DBT/airflow/airflow_env/lib/python3.11/site-packages/airflow/example_dags/example_branch_python_dop_operator_3.py
[2026-02-24T05:54:50.978+0530] {processor.py:830} INFO - Processing file /Users/aswin/Documents/data-engineering-practice/ETL_Airflow_DBT/airflow/airflow_env/lib/python3.11/site-packages/airflow/example_dags/example_branch_python_dop_operator_3.py for tasks to queue
[2026-02-24T05:54:50.978+0530] {logging_mixin.py:188} INFO - [2026-02-24T05:54:50.978+0530] {dagbag.py:540} INFO - Filling up the DagBag from /Users/aswin/Documents/data-engineering-practice/ETL_Airflow_DBT/airflow/airflow_env/lib/python3.11/site-packages/airflow/example_dags/example_branch_python_dop_operator_3.py
[2026-02-24T05:54:50.993+0530] {processor.py:840} INFO - DAG(s) 'example_branch_dop_operator_v3' retrieved from /Users/aswin/Documents/data-engineering-practice/ETL_Airflow_DBT/airflow/airflow_env/lib/python3.11/site-packages/airflow/example_dags/example_branch_python_dop_operator_3.py
[2026-02-24T05:54:51.021+0530] {logging_mixin.py:188} INFO - [2026-02-24T05:54:51.021+0530] {dag.py:3096} INFO - Sync 1 DAGs
[2026-02-24T05:54:51.027+0530] {logging_mixin.py:188} INFO - [2026-02-24T05:54:51.027+0530] {dag.py:3954} INFO - Setting next_dagrun for example_branch_dop_operator_v3 to 2026-02-24 00:23:00+00:00, run_after=2026-02-24 00:24:00+00:00
[2026-02-24T05:54:51.033+0530] {processor.py:183} INFO - Processing /Users/aswin/Documents/data-engineering-practice/ETL_Airflow_DBT/airflow/airflow_env/lib/python3.11/site-packages/airflow/example_dags/example_branch_python_dop_operator_3.py took 0.057 seconds
[2026-02-24T05:56:23.944+0530] {processor.py:161} INFO - Started process (PID=48666) to work on /Users/aswin/Documents/data-engineering-practice/ETL_Airflow_DBT/airflow/airflow_env/lib/python3.11/site-packages/airflow/example_dags/example_branch_python_dop_operator_3.py
[2026-02-24T05:56:23.945+0530] {processor.py:830} INFO - Processing file /Users/aswin/Documents/data-engineering-practice/ETL_Airflow_DBT/airflow/airflow_env/lib/python3.11/site-packages/airflow/example_dags/example_branch_python_dop_operator_3.py for tasks to queue
[2026-02-24T05:56:23.945+0530] {logging_mixin.py:188} INFO - [2026-02-24T05:56:23.945+0530] {dagbag.py:540} INFO - Filling up the DagBag from /Users/aswin/Documents/data-engineering-practice/ETL_Airflow_DBT/airflow/airflow_env/lib/python3.11/site-packages/airflow/example_dags/example_branch_python_dop_operator_3.py
[2026-02-24T05:56:23.959+0530] {processor.py:840} INFO - DAG(s) 'example_branch_dop_operator_v3' retrieved from /Users/aswin/Documents/data-engineering-practice/ETL_Airflow_DBT/airflow/airflow_env/lib/python3.11/site-packages/airflow/example_dags/example_branch_python_dop_operator_3.py
[2026-02-24T05:56:23.987+0530] {logging_mixin.py:188} INFO - [2026-02-24T05:56:23.987+0530] {dag.py:3096} INFO - Sync 1 DAGs
[2026-02-24T05:56:23.994+0530] {logging_mixin.py:188} INFO - [2026-02-24T05:56:23.994+0530] {dag.py:3954} INFO - Setting next_dagrun for example_branch_dop_operator_v3 to 2026-02-24 00:25:00+00:00, run_after=2026-02-24 00:26:00+00:00
[2026-02-24T05:56:23.999+0530] {processor.py:183} INFO - Processing /Users/aswin/Documents/data-engineering-practice/ETL_Airflow_DBT/airflow/airflow_env/lib/python3.11/site-packages/airflow/example_dags/example_branch_python_dop_operator_3.py took 0.056 seconds
[2026-02-24T05:57:56.479+0530] {processor.py:161} INFO - Started process (PID=48744) to work on /Users/aswin/Documents/data-engineering-practice/ETL_Airflow_DBT/airflow/airflow_env/lib/python3.11/site-packages/airflow/example_dags/example_branch_python_dop_operator_3.py
[2026-02-24T05:57:56.480+0530] {processor.py:830} INFO - Processing file /Users/aswin/Documents/data-engineering-practice/ETL_Airflow_DBT/airflow/airflow_env/lib/python3.11/site-packages/airflow/example_dags/example_branch_python_dop_operator_3.py for tasks to queue
[2026-02-24T05:57:56.480+0530] {logging_mixin.py:188} INFO - [2026-02-24T05:57:56.480+0530] {dagbag.py:540} INFO - Filling up the DagBag from /Users/aswin/Documents/data-engineering-practice/ETL_Airflow_DBT/airflow/airflow_env/lib/python3.11/site-packages/airflow/example_dags/example_branch_python_dop_operator_3.py
[2026-02-24T05:57:56.494+0530] {processor.py:840} INFO - DAG(s) 'example_branch_dop_operator_v3' retrieved from /Users/aswin/Documents/data-engineering-practice/ETL_Airflow_DBT/airflow/airflow_env/lib/python3.11/site-packages/airflow/example_dags/example_branch_python_dop_operator_3.py
[2026-02-24T05:57:56.523+0530] {logging_mixin.py:188} INFO - [2026-02-24T05:57:56.523+0530] {dag.py:3096} INFO - Sync 1 DAGs
[2026-02-24T05:57:56.529+0530] {logging_mixin.py:188} INFO - [2026-02-24T05:57:56.529+0530] {dag.py:3954} INFO - Setting next_dagrun for example_branch_dop_operator_v3 to 2026-02-24 00:26:00+00:00, run_after=2026-02-24 00:27:00+00:00
[2026-02-24T05:57:56.535+0530] {processor.py:183} INFO - Processing /Users/aswin/Documents/data-engineering-practice/ETL_Airflow_DBT/airflow/airflow_env/lib/python3.11/site-packages/airflow/example_dags/example_branch_python_dop_operator_3.py took 0.057 seconds
[2026-02-24T05:59:31.005+0530] {processor.py:161} INFO - Started process (PID=48841) to work on /Users/aswin/Documents/data-engineering-practice/ETL_Airflow_DBT/airflow/airflow_env/lib/python3.11/site-packages/airflow/example_dags/example_branch_python_dop_operator_3.py
[2026-02-24T05:59:31.005+0530] {processor.py:830} INFO - Processing file /Users/aswin/Documents/data-engineering-practice/ETL_Airflow_DBT/airflow/airflow_env/lib/python3.11/site-packages/airflow/example_dags/example_branch_python_dop_operator_3.py for tasks to queue
[2026-02-24T05:59:31.006+0530] {logging_mixin.py:188} INFO - [2026-02-24T05:59:31.006+0530] {dagbag.py:540} INFO - Filling up the DagBag from /Users/aswin/Documents/data-engineering-practice/ETL_Airflow_DBT/airflow/airflow_env/lib/python3.11/site-packages/airflow/example_dags/example_branch_python_dop_operator_3.py
[2026-02-24T05:59:31.020+0530] {processor.py:840} INFO - DAG(s) 'example_branch_dop_operator_v3' retrieved from /Users/aswin/Documents/data-engineering-practice/ETL_Airflow_DBT/airflow/airflow_env/lib/python3.11/site-packages/airflow/example_dags/example_branch_python_dop_operator_3.py
[2026-02-24T05:59:31.048+0530] {logging_mixin.py:188} INFO - [2026-02-24T05:59:31.048+0530] {dag.py:3096} INFO - Sync 1 DAGs
[2026-02-24T05:59:31.054+0530] {logging_mixin.py:188} INFO - [2026-02-24T05:59:31.054+0530] {dag.py:3954} INFO - Setting next_dagrun for example_branch_dop_operator_v3 to 2026-02-24 00:28:00+00:00, run_after=2026-02-24 00:29:00+00:00
[2026-02-24T05:59:31.060+0530] {processor.py:183} INFO - Processing /Users/aswin/Documents/data-engineering-practice/ETL_Airflow_DBT/airflow/airflow_env/lib/python3.11/site-packages/airflow/example_dags/example_branch_python_dop_operator_3.py took 0.056 seconds
[2026-02-24T06:01:07.358+0530] {processor.py:161} INFO - Started process (PID=48956) to work on /Users/aswin/Documents/data-engineering-practice/ETL_Airflow_DBT/airflow/airflow_env/lib/python3.11/site-packages/airflow/example_dags/example_branch_python_dop_operator_3.py
[2026-02-24T06:01:07.359+0530] {processor.py:830} INFO - Processing file /Users/aswin/Documents/data-engineering-practice/ETL_Airflow_DBT/airflow/airflow_env/lib/python3.11/site-packages/airflow/example_dags/example_branch_python_dop_operator_3.py for tasks to queue
[2026-02-24T06:01:07.359+0530] {logging_mixin.py:188} INFO - [2026-02-24T06:01:07.359+0530] {dagbag.py:540} INFO - Filling up the DagBag from /Users/aswin/Documents/data-engineering-practice/ETL_Airflow_DBT/airflow/airflow_env/lib/python3.11/site-packages/airflow/example_dags/example_branch_python_dop_operator_3.py
[2026-02-24T06:01:07.374+0530] {processor.py:840} INFO - DAG(s) 'example_branch_dop_operator_v3' retrieved from /Users/aswin/Documents/data-engineering-practice/ETL_Airflow_DBT/airflow/airflow_env/lib/python3.11/site-packages/airflow/example_dags/example_branch_python_dop_operator_3.py
[2026-02-24T06:01:07.403+0530] {logging_mixin.py:188} INFO - [2026-02-24T06:01:07.403+0530] {dag.py:3096} INFO - Sync 1 DAGs
[2026-02-24T06:01:07.410+0530] {logging_mixin.py:188} INFO - [2026-02-24T06:01:07.410+0530] {dag.py:3954} INFO - Setting next_dagrun for example_branch_dop_operator_v3 to 2026-02-24 00:30:00+00:00, run_after=2026-02-24 00:31:00+00:00
[2026-02-24T06:01:07.416+0530] {processor.py:183} INFO - Processing /Users/aswin/Documents/data-engineering-practice/ETL_Airflow_DBT/airflow/airflow_env/lib/python3.11/site-packages/airflow/example_dags/example_branch_python_dop_operator_3.py took 0.058 seconds
[2026-02-24T06:02:38.504+0530] {processor.py:161} INFO - Started process (PID=49097) to work on /Users/aswin/Documents/data-engineering-practice/ETL_Airflow_DBT/airflow/airflow_env/lib/python3.11/site-packages/airflow/example_dags/example_branch_python_dop_operator_3.py
[2026-02-24T06:02:38.505+0530] {processor.py:830} INFO - Processing file /Users/aswin/Documents/data-engineering-practice/ETL_Airflow_DBT/airflow/airflow_env/lib/python3.11/site-packages/airflow/example_dags/example_branch_python_dop_operator_3.py for tasks to queue
[2026-02-24T06:02:38.505+0530] {logging_mixin.py:188} INFO - [2026-02-24T06:02:38.505+0530] {dagbag.py:540} INFO - Filling up the DagBag from /Users/aswin/Documents/data-engineering-practice/ETL_Airflow_DBT/airflow/airflow_env/lib/python3.11/site-packages/airflow/example_dags/example_branch_python_dop_operator_3.py
[2026-02-24T06:02:38.520+0530] {processor.py:840} INFO - DAG(s) 'example_branch_dop_operator_v3' retrieved from /Users/aswin/Documents/data-engineering-practice/ETL_Airflow_DBT/airflow/airflow_env/lib/python3.11/site-packages/airflow/example_dags/example_branch_python_dop_operator_3.py
[2026-02-24T06:02:38.548+0530] {logging_mixin.py:188} INFO - [2026-02-24T06:02:38.548+0530] {dag.py:3096} INFO - Sync 1 DAGs
[2026-02-24T06:02:38.554+0530] {logging_mixin.py:188} INFO - [2026-02-24T06:02:38.554+0530] {dag.py:3954} INFO - Setting next_dagrun for example_branch_dop_operator_v3 to 2026-02-24 00:31:00+00:00, run_after=2026-02-24 00:32:00+00:00
[2026-02-24T06:02:38.560+0530] {processor.py:183} INFO - Processing /Users/aswin/Documents/data-engineering-practice/ETL_Airflow_DBT/airflow/airflow_env/lib/python3.11/site-packages/airflow/example_dags/example_branch_python_dop_operator_3.py took 0.057 seconds
[2026-02-24T06:04:10.667+0530] {processor.py:161} INFO - Started process (PID=49237) to work on /Users/aswin/Documents/data-engineering-practice/ETL_Airflow_DBT/airflow/airflow_env/lib/python3.11/site-packages/airflow/example_dags/example_branch_python_dop_operator_3.py
[2026-02-24T06:04:10.668+0530] {processor.py:830} INFO - Processing file /Users/aswin/Documents/data-engineering-practice/ETL_Airflow_DBT/airflow/airflow_env/lib/python3.11/site-packages/airflow/example_dags/example_branch_python_dop_operator_3.py for tasks to queue
[2026-02-24T06:04:10.668+0530] {logging_mixin.py:188} INFO - [2026-02-24T06:04:10.668+0530] {dagbag.py:540} INFO - Filling up the DagBag from /Users/aswin/Documents/data-engineering-practice/ETL_Airflow_DBT/airflow/airflow_env/lib/python3.11/site-packages/airflow/example_dags/example_branch_python_dop_operator_3.py
[2026-02-24T06:04:10.683+0530] {processor.py:840} INFO - DAG(s) 'example_branch_dop_operator_v3' retrieved from /Users/aswin/Documents/data-engineering-practice/ETL_Airflow_DBT/airflow/airflow_env/lib/python3.11/site-packages/airflow/example_dags/example_branch_python_dop_operator_3.py
[2026-02-24T06:04:10.711+0530] {logging_mixin.py:188} INFO - [2026-02-24T06:04:10.711+0530] {dag.py:3096} INFO - Sync 1 DAGs
[2026-02-24T06:04:10.717+0530] {logging_mixin.py:188} INFO - [2026-02-24T06:04:10.717+0530] {dag.py:3954} INFO - Setting next_dagrun for example_branch_dop_operator_v3 to 2026-02-24 00:33:00+00:00, run_after=2026-02-24 00:34:00+00:00
[2026-02-24T06:04:10.723+0530] {processor.py:183} INFO - Processing /Users/aswin/Documents/data-engineering-practice/ETL_Airflow_DBT/airflow/airflow_env/lib/python3.11/site-packages/airflow/example_dags/example_branch_python_dop_operator_3.py took 0.056 seconds
[2026-02-24T06:05:51.186+0530] {processor.py:161} INFO - Started process (PID=49393) to work on /Users/aswin/Documents/data-engineering-practice/ETL_Airflow_DBT/airflow/airflow_env/lib/python3.11/site-packages/airflow/example_dags/example_branch_python_dop_operator_3.py
[2026-02-24T06:05:51.187+0530] {processor.py:830} INFO - Processing file /Users/aswin/Documents/data-engineering-practice/ETL_Airflow_DBT/airflow/airflow_env/lib/python3.11/site-packages/airflow/example_dags/example_branch_python_dop_operator_3.py for tasks to queue
[2026-02-24T06:05:51.187+0530] {logging_mixin.py:188} INFO - [2026-02-24T06:05:51.187+0530] {dagbag.py:540} INFO - Filling up the DagBag from /Users/aswin/Documents/data-engineering-practice/ETL_Airflow_DBT/airflow/airflow_env/lib/python3.11/site-packages/airflow/example_dags/example_branch_python_dop_operator_3.py
[2026-02-24T06:05:51.202+0530] {processor.py:840} INFO - DAG(s) 'example_branch_dop_operator_v3' retrieved from /Users/aswin/Documents/data-engineering-practice/ETL_Airflow_DBT/airflow/airflow_env/lib/python3.11/site-packages/airflow/example_dags/example_branch_python_dop_operator_3.py
[2026-02-24T06:05:51.232+0530] {logging_mixin.py:188} INFO - [2026-02-24T06:05:51.232+0530] {dag.py:3096} INFO - Sync 1 DAGs
[2026-02-24T06:05:51.239+0530] {logging_mixin.py:188} INFO - [2026-02-24T06:05:51.239+0530] {dag.py:3954} INFO - Setting next_dagrun for example_branch_dop_operator_v3 to 2026-02-24 00:34:00+00:00, run_after=2026-02-24 00:35:00+00:00
[2026-02-24T06:05:51.246+0530] {processor.py:183} INFO - Processing /Users/aswin/Documents/data-engineering-practice/ETL_Airflow_DBT/airflow/airflow_env/lib/python3.11/site-packages/airflow/example_dags/example_branch_python_dop_operator_3.py took 0.061 seconds
[2026-02-24T06:07:30.240+0530] {processor.py:161} INFO - Started process (PID=49474) to work on /Users/aswin/Documents/data-engineering-practice/ETL_Airflow_DBT/airflow/airflow_env/lib/python3.11/site-packages/airflow/example_dags/example_branch_python_dop_operator_3.py
[2026-02-24T06:07:30.241+0530] {processor.py:830} INFO - Processing file /Users/aswin/Documents/data-engineering-practice/ETL_Airflow_DBT/airflow/airflow_env/lib/python3.11/site-packages/airflow/example_dags/example_branch_python_dop_operator_3.py for tasks to queue
[2026-02-24T06:07:30.241+0530] {logging_mixin.py:188} INFO - [2026-02-24T06:07:30.241+0530] {dagbag.py:540} INFO - Filling up the DagBag from /Users/aswin/Documents/data-engineering-practice/ETL_Airflow_DBT/airflow/airflow_env/lib/python3.11/site-packages/airflow/example_dags/example_branch_python_dop_operator_3.py
[2026-02-24T06:07:30.255+0530] {processor.py:840} INFO - DAG(s) 'example_branch_dop_operator_v3' retrieved from /Users/aswin/Documents/data-engineering-practice/ETL_Airflow_DBT/airflow/airflow_env/lib/python3.11/site-packages/airflow/example_dags/example_branch_python_dop_operator_3.py
[2026-02-24T06:07:30.284+0530] {logging_mixin.py:188} INFO - [2026-02-24T06:07:30.284+0530] {dag.py:3096} INFO - Sync 1 DAGs
[2026-02-24T06:07:30.290+0530] {logging_mixin.py:188} INFO - [2026-02-24T06:07:30.290+0530] {dag.py:3954} INFO - Setting next_dagrun for example_branch_dop_operator_v3 to 2026-02-24 00:36:00+00:00, run_after=2026-02-24 00:37:00+00:00
[2026-02-24T06:07:30.296+0530] {processor.py:183} INFO - Processing /Users/aswin/Documents/data-engineering-practice/ETL_Airflow_DBT/airflow/airflow_env/lib/python3.11/site-packages/airflow/example_dags/example_branch_python_dop_operator_3.py took 0.057 seconds
[2026-02-24T06:09:05.113+0530] {processor.py:161} INFO - Started process (PID=49555) to work on /Users/aswin/Documents/data-engineering-practice/ETL_Airflow_DBT/airflow/airflow_env/lib/python3.11/site-packages/airflow/example_dags/example_branch_python_dop_operator_3.py
[2026-02-24T06:09:05.114+0530] {processor.py:830} INFO - Processing file /Users/aswin/Documents/data-engineering-practice/ETL_Airflow_DBT/airflow/airflow_env/lib/python3.11/site-packages/airflow/example_dags/example_branch_python_dop_operator_3.py for tasks to queue
[2026-02-24T06:09:05.114+0530] {logging_mixin.py:188} INFO - [2026-02-24T06:09:05.114+0530] {dagbag.py:540} INFO - Filling up the DagBag from /Users/aswin/Documents/data-engineering-practice/ETL_Airflow_DBT/airflow/airflow_env/lib/python3.11/site-packages/airflow/example_dags/example_branch_python_dop_operator_3.py
[2026-02-24T06:09:05.128+0530] {processor.py:840} INFO - DAG(s) 'example_branch_dop_operator_v3' retrieved from /Users/aswin/Documents/data-engineering-practice/ETL_Airflow_DBT/airflow/airflow_env/lib/python3.11/site-packages/airflow/example_dags/example_branch_python_dop_operator_3.py
[2026-02-24T06:09:05.156+0530] {logging_mixin.py:188} INFO - [2026-02-24T06:09:05.156+0530] {dag.py:3096} INFO - Sync 1 DAGs
[2026-02-24T06:09:05.163+0530] {logging_mixin.py:188} INFO - [2026-02-24T06:09:05.163+0530] {dag.py:3954} INFO - Setting next_dagrun for example_branch_dop_operator_v3 to 2026-02-24 00:38:00+00:00, run_after=2026-02-24 00:39:00+00:00
[2026-02-24T06:09:05.168+0530] {processor.py:183} INFO - Processing /Users/aswin/Documents/data-engineering-practice/ETL_Airflow_DBT/airflow/airflow_env/lib/python3.11/site-packages/airflow/example_dags/example_branch_python_dop_operator_3.py took 0.056 seconds
[2026-02-24T06:10:32.077+0530] {processor.py:161} INFO - Started process (PID=49623) to work on /Users/aswin/Documents/data-engineering-practice/ETL_Airflow_DBT/airflow/airflow_env/lib/python3.11/site-packages/airflow/example_dags/example_branch_python_dop_operator_3.py
[2026-02-24T06:10:32.078+0530] {processor.py:830} INFO - Processing file /Users/aswin/Documents/data-engineering-practice/ETL_Airflow_DBT/airflow/airflow_env/lib/python3.11/site-packages/airflow/example_dags/example_branch_python_dop_operator_3.py for tasks to queue
[2026-02-24T06:10:32.078+0530] {logging_mixin.py:188} INFO - [2026-02-24T06:10:32.078+0530] {dagbag.py:540} INFO - Filling up the DagBag from /Users/aswin/Documents/data-engineering-practice/ETL_Airflow_DBT/airflow/airflow_env/lib/python3.11/site-packages/airflow/example_dags/example_branch_python_dop_operator_3.py
[2026-02-24T06:10:32.092+0530] {processor.py:840} INFO - DAG(s) 'example_branch_dop_operator_v3' retrieved from /Users/aswin/Documents/data-engineering-practice/ETL_Airflow_DBT/airflow/airflow_env/lib/python3.11/site-packages/airflow/example_dags/example_branch_python_dop_operator_3.py
[2026-02-24T06:10:32.120+0530] {logging_mixin.py:188} INFO - [2026-02-24T06:10:32.120+0530] {dag.py:3096} INFO - Sync 1 DAGs
[2026-02-24T06:10:32.126+0530] {logging_mixin.py:188} INFO - [2026-02-24T06:10:32.126+0530] {dag.py:3954} INFO - Setting next_dagrun for example_branch_dop_operator_v3 to 2026-02-24 00:39:00+00:00, run_after=2026-02-24 00:40:00+00:00
[2026-02-24T06:10:32.132+0530] {processor.py:183} INFO - Processing /Users/aswin/Documents/data-engineering-practice/ETL_Airflow_DBT/airflow/airflow_env/lib/python3.11/site-packages/airflow/example_dags/example_branch_python_dop_operator_3.py took 0.056 seconds
[2026-02-24T06:11:58.489+0530] {processor.py:161} INFO - Started process (PID=49716) to work on /Users/aswin/Documents/data-engineering-practice/ETL_Airflow_DBT/airflow/airflow_env/lib/python3.11/site-packages/airflow/example_dags/example_branch_python_dop_operator_3.py
[2026-02-24T06:11:58.490+0530] {processor.py:830} INFO - Processing file /Users/aswin/Documents/data-engineering-practice/ETL_Airflow_DBT/airflow/airflow_env/lib/python3.11/site-packages/airflow/example_dags/example_branch_python_dop_operator_3.py for tasks to queue
[2026-02-24T06:11:58.490+0530] {logging_mixin.py:188} INFO - [2026-02-24T06:11:58.490+0530] {dagbag.py:540} INFO - Filling up the DagBag from /Users/aswin/Documents/data-engineering-practice/ETL_Airflow_DBT/airflow/airflow_env/lib/python3.11/site-packages/airflow/example_dags/example_branch_python_dop_operator_3.py
[2026-02-24T06:11:58.504+0530] {processor.py:840} INFO - DAG(s) 'example_branch_dop_operator_v3' retrieved from /Users/aswin/Documents/data-engineering-practice/ETL_Airflow_DBT/airflow/airflow_env/lib/python3.11/site-packages/airflow/example_dags/example_branch_python_dop_operator_3.py
[2026-02-24T06:11:58.532+0530] {logging_mixin.py:188} INFO - [2026-02-24T06:11:58.532+0530] {dag.py:3096} INFO - Sync 1 DAGs
[2026-02-24T06:11:58.539+0530] {logging_mixin.py:188} INFO - [2026-02-24T06:11:58.538+0530] {dag.py:3954} INFO - Setting next_dagrun for example_branch_dop_operator_v3 to 2026-02-24 00:40:00+00:00, run_after=2026-02-24 00:41:00+00:00
[2026-02-24T06:11:58.544+0530] {processor.py:183} INFO - Processing /Users/aswin/Documents/data-engineering-practice/ETL_Airflow_DBT/airflow/airflow_env/lib/python3.11/site-packages/airflow/example_dags/example_branch_python_dop_operator_3.py took 0.056 seconds
[2026-02-24T06:13:37.987+0530] {processor.py:161} INFO - Started process (PID=49789) to work on /Users/aswin/Documents/data-engineering-practice/ETL_Airflow_DBT/airflow/airflow_env/lib/python3.11/site-packages/airflow/example_dags/example_branch_python_dop_operator_3.py
[2026-02-24T06:13:37.988+0530] {processor.py:830} INFO - Processing file /Users/aswin/Documents/data-engineering-practice/ETL_Airflow_DBT/airflow/airflow_env/lib/python3.11/site-packages/airflow/example_dags/example_branch_python_dop_operator_3.py for tasks to queue
[2026-02-24T06:13:37.988+0530] {logging_mixin.py:188} INFO - [2026-02-24T06:13:37.988+0530] {dagbag.py:540} INFO - Filling up the DagBag from /Users/aswin/Documents/data-engineering-practice/ETL_Airflow_DBT/airflow/airflow_env/lib/python3.11/site-packages/airflow/example_dags/example_branch_python_dop_operator_3.py
[2026-02-24T06:13:38.004+0530] {processor.py:840} INFO - DAG(s) 'example_branch_dop_operator_v3' retrieved from /Users/aswin/Documents/data-engineering-practice/ETL_Airflow_DBT/airflow/airflow_env/lib/python3.11/site-packages/airflow/example_dags/example_branch_python_dop_operator_3.py
[2026-02-24T06:13:38.033+0530] {logging_mixin.py:188} INFO - [2026-02-24T06:13:38.033+0530] {dag.py:3096} INFO - Sync 1 DAGs
[2026-02-24T06:13:38.040+0530] {logging_mixin.py:188} INFO - [2026-02-24T06:13:38.040+0530] {dag.py:3954} INFO - Setting next_dagrun for example_branch_dop_operator_v3 to 2026-02-24 00:42:00+00:00, run_after=2026-02-24 00:43:00+00:00
[2026-02-24T06:13:38.046+0530] {processor.py:183} INFO - Processing /Users/aswin/Documents/data-engineering-practice/ETL_Airflow_DBT/airflow/airflow_env/lib/python3.11/site-packages/airflow/example_dags/example_branch_python_dop_operator_3.py took 0.060 seconds
[2026-02-24T06:15:13.461+0530] {processor.py:161} INFO - Started process (PID=49862) to work on /Users/aswin/Documents/data-engineering-practice/ETL_Airflow_DBT/airflow/airflow_env/lib/python3.11/site-packages/airflow/example_dags/example_branch_python_dop_operator_3.py
[2026-02-24T06:15:13.462+0530] {processor.py:830} INFO - Processing file /Users/aswin/Documents/data-engineering-practice/ETL_Airflow_DBT/airflow/airflow_env/lib/python3.11/site-packages/airflow/example_dags/example_branch_python_dop_operator_3.py for tasks to queue
[2026-02-24T06:15:13.462+0530] {logging_mixin.py:188} INFO - [2026-02-24T06:15:13.462+0530] {dagbag.py:540} INFO - Filling up the DagBag from /Users/aswin/Documents/data-engineering-practice/ETL_Airflow_DBT/airflow/airflow_env/lib/python3.11/site-packages/airflow/example_dags/example_branch_python_dop_operator_3.py
[2026-02-24T06:15:13.476+0530] {processor.py:840} INFO - DAG(s) 'example_branch_dop_operator_v3' retrieved from /Users/aswin/Documents/data-engineering-practice/ETL_Airflow_DBT/airflow/airflow_env/lib/python3.11/site-packages/airflow/example_dags/example_branch_python_dop_operator_3.py
[2026-02-24T06:15:13.505+0530] {logging_mixin.py:188} INFO - [2026-02-24T06:15:13.505+0530] {dag.py:3096} INFO - Sync 1 DAGs
[2026-02-24T06:15:13.511+0530] {logging_mixin.py:188} INFO - [2026-02-24T06:15:13.511+0530] {dag.py:3954} INFO - Setting next_dagrun for example_branch_dop_operator_v3 to 2026-02-24 00:44:00+00:00, run_after=2026-02-24 00:45:00+00:00
[2026-02-24T06:15:13.517+0530] {processor.py:183} INFO - Processing /Users/aswin/Documents/data-engineering-practice/ETL_Airflow_DBT/airflow/airflow_env/lib/python3.11/site-packages/airflow/example_dags/example_branch_python_dop_operator_3.py took 0.057 seconds
[2026-02-24T06:16:47.778+0530] {processor.py:161} INFO - Started process (PID=49965) to work on /Users/aswin/Documents/data-engineering-practice/ETL_Airflow_DBT/airflow/airflow_env/lib/python3.11/site-packages/airflow/example_dags/example_branch_python_dop_operator_3.py
[2026-02-24T06:16:47.780+0530] {processor.py:830} INFO - Processing file /Users/aswin/Documents/data-engineering-practice/ETL_Airflow_DBT/airflow/airflow_env/lib/python3.11/site-packages/airflow/example_dags/example_branch_python_dop_operator_3.py for tasks to queue
[2026-02-24T06:16:47.780+0530] {logging_mixin.py:188} INFO - [2026-02-24T06:16:47.780+0530] {dagbag.py:540} INFO - Filling up the DagBag from /Users/aswin/Documents/data-engineering-practice/ETL_Airflow_DBT/airflow/airflow_env/lib/python3.11/site-packages/airflow/example_dags/example_branch_python_dop_operator_3.py
[2026-02-24T06:16:47.794+0530] {processor.py:840} INFO - DAG(s) 'example_branch_dop_operator_v3' retrieved from /Users/aswin/Documents/data-engineering-practice/ETL_Airflow_DBT/airflow/airflow_env/lib/python3.11/site-packages/airflow/example_dags/example_branch_python_dop_operator_3.py
[2026-02-24T06:16:47.822+0530] {logging_mixin.py:188} INFO - [2026-02-24T06:16:47.822+0530] {dag.py:3096} INFO - Sync 1 DAGs
[2026-02-24T06:16:47.829+0530] {logging_mixin.py:188} INFO - [2026-02-24T06:16:47.829+0530] {dag.py:3954} INFO - Setting next_dagrun for example_branch_dop_operator_v3 to 2026-02-24 00:45:00+00:00, run_after=2026-02-24 00:46:00+00:00
[2026-02-24T06:16:47.835+0530] {processor.py:183} INFO - Processing /Users/aswin/Documents/data-engineering-practice/ETL_Airflow_DBT/airflow/airflow_env/lib/python3.11/site-packages/airflow/example_dags/example_branch_python_dop_operator_3.py took 0.057 seconds
