[2026-02-24T05:30:46.688+0530] {processor.py:161} INFO - Started process (PID=47108) to work on /Users/aswin/Documents/data-engineering-practice/ETL_Airflow_DBT/airflow/airflow_env/lib/python3.11/site-packages/airflow/example_dags/example_params_trigger_ui.py
[2026-02-24T05:30:46.688+0530] {processor.py:830} INFO - Processing file /Users/aswin/Documents/data-engineering-practice/ETL_Airflow_DBT/airflow/airflow_env/lib/python3.11/site-packages/airflow/example_dags/example_params_trigger_ui.py for tasks to queue
[2026-02-24T05:30:46.689+0530] {logging_mixin.py:188} INFO - [2026-02-24T05:30:46.689+0530] {dagbag.py:540} INFO - Filling up the DagBag from /Users/aswin/Documents/data-engineering-practice/ETL_Airflow_DBT/airflow/airflow_env/lib/python3.11/site-packages/airflow/example_dags/example_params_trigger_ui.py
[2026-02-24T05:30:46.704+0530] {processor.py:840} INFO - DAG(s) 'example_params_trigger_ui' retrieved from /Users/aswin/Documents/data-engineering-practice/ETL_Airflow_DBT/airflow/airflow_env/lib/python3.11/site-packages/airflow/example_dags/example_params_trigger_ui.py
[2026-02-24T05:30:46.738+0530] {logging_mixin.py:188} INFO - [2026-02-24T05:30:46.738+0530] {dag.py:3096} INFO - Sync 1 DAGs
[2026-02-24T05:30:46.741+0530] {logging_mixin.py:188} INFO - [2026-02-24T05:30:46.741+0530] {dag.py:3954} INFO - Setting next_dagrun for example_params_trigger_ui to None, run_after=None
[2026-02-24T05:30:46.747+0530] {processor.py:183} INFO - Processing /Users/aswin/Documents/data-engineering-practice/ETL_Airflow_DBT/airflow/airflow_env/lib/python3.11/site-packages/airflow/example_dags/example_params_trigger_ui.py took 0.060 seconds
[2026-02-24T05:32:15.253+0530] {processor.py:161} INFO - Started process (PID=47205) to work on /Users/aswin/Documents/data-engineering-practice/ETL_Airflow_DBT/airflow/airflow_env/lib/python3.11/site-packages/airflow/example_dags/example_params_trigger_ui.py
[2026-02-24T05:32:15.254+0530] {processor.py:830} INFO - Processing file /Users/aswin/Documents/data-engineering-practice/ETL_Airflow_DBT/airflow/airflow_env/lib/python3.11/site-packages/airflow/example_dags/example_params_trigger_ui.py for tasks to queue
[2026-02-24T05:32:15.254+0530] {logging_mixin.py:188} INFO - [2026-02-24T05:32:15.254+0530] {dagbag.py:540} INFO - Filling up the DagBag from /Users/aswin/Documents/data-engineering-practice/ETL_Airflow_DBT/airflow/airflow_env/lib/python3.11/site-packages/airflow/example_dags/example_params_trigger_ui.py
[2026-02-24T05:32:15.269+0530] {processor.py:840} INFO - DAG(s) 'example_params_trigger_ui' retrieved from /Users/aswin/Documents/data-engineering-practice/ETL_Airflow_DBT/airflow/airflow_env/lib/python3.11/site-packages/airflow/example_dags/example_params_trigger_ui.py
[2026-02-24T05:32:15.305+0530] {logging_mixin.py:188} INFO - [2026-02-24T05:32:15.304+0530] {dag.py:3096} INFO - Sync 1 DAGs
[2026-02-24T05:32:15.308+0530] {logging_mixin.py:188} INFO - [2026-02-24T05:32:15.308+0530] {dag.py:3954} INFO - Setting next_dagrun for example_params_trigger_ui to None, run_after=None
[2026-02-24T05:32:15.314+0530] {processor.py:183} INFO - Processing /Users/aswin/Documents/data-engineering-practice/ETL_Airflow_DBT/airflow/airflow_env/lib/python3.11/site-packages/airflow/example_dags/example_params_trigger_ui.py took 0.062 seconds
[2026-02-24T05:33:50.011+0530] {processor.py:161} INFO - Started process (PID=47317) to work on /Users/aswin/Documents/data-engineering-practice/ETL_Airflow_DBT/airflow/airflow_env/lib/python3.11/site-packages/airflow/example_dags/example_params_trigger_ui.py
[2026-02-24T05:33:50.011+0530] {processor.py:830} INFO - Processing file /Users/aswin/Documents/data-engineering-practice/ETL_Airflow_DBT/airflow/airflow_env/lib/python3.11/site-packages/airflow/example_dags/example_params_trigger_ui.py for tasks to queue
[2026-02-24T05:33:50.012+0530] {logging_mixin.py:188} INFO - [2026-02-24T05:33:50.012+0530] {dagbag.py:540} INFO - Filling up the DagBag from /Users/aswin/Documents/data-engineering-practice/ETL_Airflow_DBT/airflow/airflow_env/lib/python3.11/site-packages/airflow/example_dags/example_params_trigger_ui.py
[2026-02-24T05:33:50.026+0530] {processor.py:840} INFO - DAG(s) 'example_params_trigger_ui' retrieved from /Users/aswin/Documents/data-engineering-practice/ETL_Airflow_DBT/airflow/airflow_env/lib/python3.11/site-packages/airflow/example_dags/example_params_trigger_ui.py
[2026-02-24T05:33:50.062+0530] {logging_mixin.py:188} INFO - [2026-02-24T05:33:50.061+0530] {dag.py:3096} INFO - Sync 1 DAGs
[2026-02-24T05:33:50.064+0530] {logging_mixin.py:188} INFO - [2026-02-24T05:33:50.064+0530] {dag.py:3954} INFO - Setting next_dagrun for example_params_trigger_ui to None, run_after=None
[2026-02-24T05:33:50.070+0530] {processor.py:183} INFO - Processing /Users/aswin/Documents/data-engineering-practice/ETL_Airflow_DBT/airflow/airflow_env/lib/python3.11/site-packages/airflow/example_dags/example_params_trigger_ui.py took 0.060 seconds
[2026-02-24T05:35:26.291+0530] {processor.py:161} INFO - Started process (PID=47414) to work on /Users/aswin/Documents/data-engineering-practice/ETL_Airflow_DBT/airflow/airflow_env/lib/python3.11/site-packages/airflow/example_dags/example_params_trigger_ui.py
[2026-02-24T05:35:26.292+0530] {processor.py:830} INFO - Processing file /Users/aswin/Documents/data-engineering-practice/ETL_Airflow_DBT/airflow/airflow_env/lib/python3.11/site-packages/airflow/example_dags/example_params_trigger_ui.py for tasks to queue
[2026-02-24T05:35:26.293+0530] {logging_mixin.py:188} INFO - [2026-02-24T05:35:26.293+0530] {dagbag.py:540} INFO - Filling up the DagBag from /Users/aswin/Documents/data-engineering-practice/ETL_Airflow_DBT/airflow/airflow_env/lib/python3.11/site-packages/airflow/example_dags/example_params_trigger_ui.py
[2026-02-24T05:35:26.307+0530] {processor.py:840} INFO - DAG(s) 'example_params_trigger_ui' retrieved from /Users/aswin/Documents/data-engineering-practice/ETL_Airflow_DBT/airflow/airflow_env/lib/python3.11/site-packages/airflow/example_dags/example_params_trigger_ui.py
[2026-02-24T05:35:26.342+0530] {logging_mixin.py:188} INFO - [2026-02-24T05:35:26.342+0530] {dag.py:3096} INFO - Sync 1 DAGs
[2026-02-24T05:35:26.345+0530] {logging_mixin.py:188} INFO - [2026-02-24T05:35:26.345+0530] {dag.py:3954} INFO - Setting next_dagrun for example_params_trigger_ui to None, run_after=None
[2026-02-24T05:35:26.351+0530] {processor.py:183} INFO - Processing /Users/aswin/Documents/data-engineering-practice/ETL_Airflow_DBT/airflow/airflow_env/lib/python3.11/site-packages/airflow/example_dags/example_params_trigger_ui.py took 0.061 seconds
[2026-02-24T05:37:05.557+0530] {processor.py:161} INFO - Started process (PID=47540) to work on /Users/aswin/Documents/data-engineering-practice/ETL_Airflow_DBT/airflow/airflow_env/lib/python3.11/site-packages/airflow/example_dags/example_params_trigger_ui.py
[2026-02-24T05:37:05.558+0530] {processor.py:830} INFO - Processing file /Users/aswin/Documents/data-engineering-practice/ETL_Airflow_DBT/airflow/airflow_env/lib/python3.11/site-packages/airflow/example_dags/example_params_trigger_ui.py for tasks to queue
[2026-02-24T05:37:05.558+0530] {logging_mixin.py:188} INFO - [2026-02-24T05:37:05.558+0530] {dagbag.py:540} INFO - Filling up the DagBag from /Users/aswin/Documents/data-engineering-practice/ETL_Airflow_DBT/airflow/airflow_env/lib/python3.11/site-packages/airflow/example_dags/example_params_trigger_ui.py
[2026-02-24T05:37:05.573+0530] {processor.py:840} INFO - DAG(s) 'example_params_trigger_ui' retrieved from /Users/aswin/Documents/data-engineering-practice/ETL_Airflow_DBT/airflow/airflow_env/lib/python3.11/site-packages/airflow/example_dags/example_params_trigger_ui.py
[2026-02-24T05:37:05.608+0530] {logging_mixin.py:188} INFO - [2026-02-24T05:37:05.608+0530] {dag.py:3096} INFO - Sync 1 DAGs
[2026-02-24T05:37:05.611+0530] {logging_mixin.py:188} INFO - [2026-02-24T05:37:05.611+0530] {dag.py:3954} INFO - Setting next_dagrun for example_params_trigger_ui to None, run_after=None
[2026-02-24T05:37:05.617+0530] {processor.py:183} INFO - Processing /Users/aswin/Documents/data-engineering-practice/ETL_Airflow_DBT/airflow/airflow_env/lib/python3.11/site-packages/airflow/example_dags/example_params_trigger_ui.py took 0.061 seconds
[2026-02-24T05:38:45.591+0530] {processor.py:161} INFO - Started process (PID=47625) to work on /Users/aswin/Documents/data-engineering-practice/ETL_Airflow_DBT/airflow/airflow_env/lib/python3.11/site-packages/airflow/example_dags/example_params_trigger_ui.py
[2026-02-24T05:38:45.592+0530] {processor.py:830} INFO - Processing file /Users/aswin/Documents/data-engineering-practice/ETL_Airflow_DBT/airflow/airflow_env/lib/python3.11/site-packages/airflow/example_dags/example_params_trigger_ui.py for tasks to queue
[2026-02-24T05:38:45.592+0530] {logging_mixin.py:188} INFO - [2026-02-24T05:38:45.592+0530] {dagbag.py:540} INFO - Filling up the DagBag from /Users/aswin/Documents/data-engineering-practice/ETL_Airflow_DBT/airflow/airflow_env/lib/python3.11/site-packages/airflow/example_dags/example_params_trigger_ui.py
[2026-02-24T05:38:45.606+0530] {processor.py:840} INFO - DAG(s) 'example_params_trigger_ui' retrieved from /Users/aswin/Documents/data-engineering-practice/ETL_Airflow_DBT/airflow/airflow_env/lib/python3.11/site-packages/airflow/example_dags/example_params_trigger_ui.py
[2026-02-24T05:38:45.641+0530] {logging_mixin.py:188} INFO - [2026-02-24T05:38:45.641+0530] {dag.py:3096} INFO - Sync 1 DAGs
[2026-02-24T05:38:45.644+0530] {logging_mixin.py:188} INFO - [2026-02-24T05:38:45.644+0530] {dag.py:3954} INFO - Setting next_dagrun for example_params_trigger_ui to None, run_after=None
[2026-02-24T05:38:45.650+0530] {processor.py:183} INFO - Processing /Users/aswin/Documents/data-engineering-practice/ETL_Airflow_DBT/airflow/airflow_env/lib/python3.11/site-packages/airflow/example_dags/example_params_trigger_ui.py took 0.060 seconds
[2026-02-24T05:40:17.907+0530] {processor.py:161} INFO - Started process (PID=47707) to work on /Users/aswin/Documents/data-engineering-practice/ETL_Airflow_DBT/airflow/airflow_env/lib/python3.11/site-packages/airflow/example_dags/example_params_trigger_ui.py
[2026-02-24T05:40:17.908+0530] {processor.py:830} INFO - Processing file /Users/aswin/Documents/data-engineering-practice/ETL_Airflow_DBT/airflow/airflow_env/lib/python3.11/site-packages/airflow/example_dags/example_params_trigger_ui.py for tasks to queue
[2026-02-24T05:40:17.908+0530] {logging_mixin.py:188} INFO - [2026-02-24T05:40:17.908+0530] {dagbag.py:540} INFO - Filling up the DagBag from /Users/aswin/Documents/data-engineering-practice/ETL_Airflow_DBT/airflow/airflow_env/lib/python3.11/site-packages/airflow/example_dags/example_params_trigger_ui.py
[2026-02-24T05:40:17.923+0530] {processor.py:840} INFO - DAG(s) 'example_params_trigger_ui' retrieved from /Users/aswin/Documents/data-engineering-practice/ETL_Airflow_DBT/airflow/airflow_env/lib/python3.11/site-packages/airflow/example_dags/example_params_trigger_ui.py
[2026-02-24T05:40:17.957+0530] {logging_mixin.py:188} INFO - [2026-02-24T05:40:17.957+0530] {dag.py:3096} INFO - Sync 1 DAGs
[2026-02-24T05:40:17.960+0530] {logging_mixin.py:188} INFO - [2026-02-24T05:40:17.960+0530] {dag.py:3954} INFO - Setting next_dagrun for example_params_trigger_ui to None, run_after=None
[2026-02-24T05:40:17.966+0530] {processor.py:183} INFO - Processing /Users/aswin/Documents/data-engineering-practice/ETL_Airflow_DBT/airflow/airflow_env/lib/python3.11/site-packages/airflow/example_dags/example_params_trigger_ui.py took 0.060 seconds
[2026-02-24T05:41:59.606+0530] {processor.py:161} INFO - Started process (PID=47799) to work on /Users/aswin/Documents/data-engineering-practice/ETL_Airflow_DBT/airflow/airflow_env/lib/python3.11/site-packages/airflow/example_dags/example_params_trigger_ui.py
[2026-02-24T05:41:59.607+0530] {processor.py:830} INFO - Processing file /Users/aswin/Documents/data-engineering-practice/ETL_Airflow_DBT/airflow/airflow_env/lib/python3.11/site-packages/airflow/example_dags/example_params_trigger_ui.py for tasks to queue
[2026-02-24T05:41:59.607+0530] {logging_mixin.py:188} INFO - [2026-02-24T05:41:59.607+0530] {dagbag.py:540} INFO - Filling up the DagBag from /Users/aswin/Documents/data-engineering-practice/ETL_Airflow_DBT/airflow/airflow_env/lib/python3.11/site-packages/airflow/example_dags/example_params_trigger_ui.py
[2026-02-24T05:41:59.622+0530] {processor.py:840} INFO - DAG(s) 'example_params_trigger_ui' retrieved from /Users/aswin/Documents/data-engineering-practice/ETL_Airflow_DBT/airflow/airflow_env/lib/python3.11/site-packages/airflow/example_dags/example_params_trigger_ui.py
[2026-02-24T05:41:59.656+0530] {logging_mixin.py:188} INFO - [2026-02-24T05:41:59.656+0530] {dag.py:3096} INFO - Sync 1 DAGs
[2026-02-24T05:41:59.659+0530] {logging_mixin.py:188} INFO - [2026-02-24T05:41:59.659+0530] {dag.py:3954} INFO - Setting next_dagrun for example_params_trigger_ui to None, run_after=None
[2026-02-24T05:41:59.665+0530] {processor.py:183} INFO - Processing /Users/aswin/Documents/data-engineering-practice/ETL_Airflow_DBT/airflow/airflow_env/lib/python3.11/site-packages/airflow/example_dags/example_params_trigger_ui.py took 0.060 seconds
[2026-02-24T05:43:28.330+0530] {processor.py:161} INFO - Started process (PID=47867) to work on /Users/aswin/Documents/data-engineering-practice/ETL_Airflow_DBT/airflow/airflow_env/lib/python3.11/site-packages/airflow/example_dags/example_params_trigger_ui.py
[2026-02-24T05:43:28.331+0530] {processor.py:830} INFO - Processing file /Users/aswin/Documents/data-engineering-practice/ETL_Airflow_DBT/airflow/airflow_env/lib/python3.11/site-packages/airflow/example_dags/example_params_trigger_ui.py for tasks to queue
[2026-02-24T05:43:28.331+0530] {logging_mixin.py:188} INFO - [2026-02-24T05:43:28.331+0530] {dagbag.py:540} INFO - Filling up the DagBag from /Users/aswin/Documents/data-engineering-practice/ETL_Airflow_DBT/airflow/airflow_env/lib/python3.11/site-packages/airflow/example_dags/example_params_trigger_ui.py
[2026-02-24T05:43:28.346+0530] {processor.py:840} INFO - DAG(s) 'example_params_trigger_ui' retrieved from /Users/aswin/Documents/data-engineering-practice/ETL_Airflow_DBT/airflow/airflow_env/lib/python3.11/site-packages/airflow/example_dags/example_params_trigger_ui.py
[2026-02-24T05:43:28.382+0530] {logging_mixin.py:188} INFO - [2026-02-24T05:43:28.382+0530] {dag.py:3096} INFO - Sync 1 DAGs
[2026-02-24T05:43:28.385+0530] {logging_mixin.py:188} INFO - [2026-02-24T05:43:28.385+0530] {dag.py:3954} INFO - Setting next_dagrun for example_params_trigger_ui to None, run_after=None
[2026-02-24T05:43:28.390+0530] {processor.py:183} INFO - Processing /Users/aswin/Documents/data-engineering-practice/ETL_Airflow_DBT/airflow/airflow_env/lib/python3.11/site-packages/airflow/example_dags/example_params_trigger_ui.py took 0.061 seconds
[2026-02-24T05:45:03.265+0530] {processor.py:161} INFO - Started process (PID=47957) to work on /Users/aswin/Documents/data-engineering-practice/ETL_Airflow_DBT/airflow/airflow_env/lib/python3.11/site-packages/airflow/example_dags/example_params_trigger_ui.py
[2026-02-24T05:45:03.266+0530] {processor.py:830} INFO - Processing file /Users/aswin/Documents/data-engineering-practice/ETL_Airflow_DBT/airflow/airflow_env/lib/python3.11/site-packages/airflow/example_dags/example_params_trigger_ui.py for tasks to queue
[2026-02-24T05:45:03.266+0530] {logging_mixin.py:188} INFO - [2026-02-24T05:45:03.266+0530] {dagbag.py:540} INFO - Filling up the DagBag from /Users/aswin/Documents/data-engineering-practice/ETL_Airflow_DBT/airflow/airflow_env/lib/python3.11/site-packages/airflow/example_dags/example_params_trigger_ui.py
[2026-02-24T05:45:03.280+0530] {processor.py:840} INFO - DAG(s) 'example_params_trigger_ui' retrieved from /Users/aswin/Documents/data-engineering-practice/ETL_Airflow_DBT/airflow/airflow_env/lib/python3.11/site-packages/airflow/example_dags/example_params_trigger_ui.py
[2026-02-24T05:45:03.315+0530] {logging_mixin.py:188} INFO - [2026-02-24T05:45:03.315+0530] {dag.py:3096} INFO - Sync 1 DAGs
[2026-02-24T05:45:03.318+0530] {logging_mixin.py:188} INFO - [2026-02-24T05:45:03.318+0530] {dag.py:3954} INFO - Setting next_dagrun for example_params_trigger_ui to None, run_after=None
[2026-02-24T05:45:03.327+0530] {processor.py:183} INFO - Processing /Users/aswin/Documents/data-engineering-practice/ETL_Airflow_DBT/airflow/airflow_env/lib/python3.11/site-packages/airflow/example_dags/example_params_trigger_ui.py took 0.063 seconds
[2026-02-24T05:46:34.668+0530] {processor.py:161} INFO - Started process (PID=48029) to work on /Users/aswin/Documents/data-engineering-practice/ETL_Airflow_DBT/airflow/airflow_env/lib/python3.11/site-packages/airflow/example_dags/example_params_trigger_ui.py
[2026-02-24T05:46:34.669+0530] {processor.py:830} INFO - Processing file /Users/aswin/Documents/data-engineering-practice/ETL_Airflow_DBT/airflow/airflow_env/lib/python3.11/site-packages/airflow/example_dags/example_params_trigger_ui.py for tasks to queue
[2026-02-24T05:46:34.669+0530] {logging_mixin.py:188} INFO - [2026-02-24T05:46:34.669+0530] {dagbag.py:540} INFO - Filling up the DagBag from /Users/aswin/Documents/data-engineering-practice/ETL_Airflow_DBT/airflow/airflow_env/lib/python3.11/site-packages/airflow/example_dags/example_params_trigger_ui.py
[2026-02-24T05:46:34.684+0530] {processor.py:840} INFO - DAG(s) 'example_params_trigger_ui' retrieved from /Users/aswin/Documents/data-engineering-practice/ETL_Airflow_DBT/airflow/airflow_env/lib/python3.11/site-packages/airflow/example_dags/example_params_trigger_ui.py
[2026-02-24T05:46:34.718+0530] {logging_mixin.py:188} INFO - [2026-02-24T05:46:34.718+0530] {dag.py:3096} INFO - Sync 1 DAGs
[2026-02-24T05:46:34.721+0530] {logging_mixin.py:188} INFO - [2026-02-24T05:46:34.721+0530] {dag.py:3954} INFO - Setting next_dagrun for example_params_trigger_ui to None, run_after=None
[2026-02-24T05:46:34.727+0530] {processor.py:183} INFO - Processing /Users/aswin/Documents/data-engineering-practice/ETL_Airflow_DBT/airflow/airflow_env/lib/python3.11/site-packages/airflow/example_dags/example_params_trigger_ui.py took 0.060 seconds
[2026-02-24T05:48:03.654+0530] {processor.py:161} INFO - Started process (PID=48140) to work on /Users/aswin/Documents/data-engineering-practice/ETL_Airflow_DBT/airflow/airflow_env/lib/python3.11/site-packages/airflow/example_dags/example_params_trigger_ui.py
[2026-02-24T05:48:03.654+0530] {processor.py:830} INFO - Processing file /Users/aswin/Documents/data-engineering-practice/ETL_Airflow_DBT/airflow/airflow_env/lib/python3.11/site-packages/airflow/example_dags/example_params_trigger_ui.py for tasks to queue
[2026-02-24T05:48:03.654+0530] {logging_mixin.py:188} INFO - [2026-02-24T05:48:03.654+0530] {dagbag.py:540} INFO - Filling up the DagBag from /Users/aswin/Documents/data-engineering-practice/ETL_Airflow_DBT/airflow/airflow_env/lib/python3.11/site-packages/airflow/example_dags/example_params_trigger_ui.py
[2026-02-24T05:48:03.669+0530] {processor.py:840} INFO - DAG(s) 'example_params_trigger_ui' retrieved from /Users/aswin/Documents/data-engineering-practice/ETL_Airflow_DBT/airflow/airflow_env/lib/python3.11/site-packages/airflow/example_dags/example_params_trigger_ui.py
[2026-02-24T05:48:03.705+0530] {logging_mixin.py:188} INFO - [2026-02-24T05:48:03.705+0530] {dag.py:3096} INFO - Sync 1 DAGs
[2026-02-24T05:48:03.708+0530] {logging_mixin.py:188} INFO - [2026-02-24T05:48:03.708+0530] {dag.py:3954} INFO - Setting next_dagrun for example_params_trigger_ui to None, run_after=None
[2026-02-24T05:48:03.714+0530] {processor.py:183} INFO - Processing /Users/aswin/Documents/data-engineering-practice/ETL_Airflow_DBT/airflow/airflow_env/lib/python3.11/site-packages/airflow/example_dags/example_params_trigger_ui.py took 0.062 seconds
[2026-02-24T05:49:32.319+0530] {processor.py:161} INFO - Started process (PID=48256) to work on /Users/aswin/Documents/data-engineering-practice/ETL_Airflow_DBT/airflow/airflow_env/lib/python3.11/site-packages/airflow/example_dags/example_params_trigger_ui.py
[2026-02-24T05:49:32.321+0530] {processor.py:830} INFO - Processing file /Users/aswin/Documents/data-engineering-practice/ETL_Airflow_DBT/airflow/airflow_env/lib/python3.11/site-packages/airflow/example_dags/example_params_trigger_ui.py for tasks to queue
[2026-02-24T05:49:32.321+0530] {logging_mixin.py:188} INFO - [2026-02-24T05:49:32.321+0530] {dagbag.py:540} INFO - Filling up the DagBag from /Users/aswin/Documents/data-engineering-practice/ETL_Airflow_DBT/airflow/airflow_env/lib/python3.11/site-packages/airflow/example_dags/example_params_trigger_ui.py
[2026-02-24T05:49:32.335+0530] {processor.py:840} INFO - DAG(s) 'example_params_trigger_ui' retrieved from /Users/aswin/Documents/data-engineering-practice/ETL_Airflow_DBT/airflow/airflow_env/lib/python3.11/site-packages/airflow/example_dags/example_params_trigger_ui.py
[2026-02-24T05:49:32.370+0530] {logging_mixin.py:188} INFO - [2026-02-24T05:49:32.370+0530] {dag.py:3096} INFO - Sync 1 DAGs
[2026-02-24T05:49:32.373+0530] {logging_mixin.py:188} INFO - [2026-02-24T05:49:32.373+0530] {dag.py:3954} INFO - Setting next_dagrun for example_params_trigger_ui to None, run_after=None
[2026-02-24T05:49:32.381+0530] {processor.py:183} INFO - Processing /Users/aswin/Documents/data-engineering-practice/ETL_Airflow_DBT/airflow/airflow_env/lib/python3.11/site-packages/airflow/example_dags/example_params_trigger_ui.py took 0.063 seconds
[2026-02-24T05:51:02.883+0530] {processor.py:161} INFO - Started process (PID=48337) to work on /Users/aswin/Documents/data-engineering-practice/ETL_Airflow_DBT/airflow/airflow_env/lib/python3.11/site-packages/airflow/example_dags/example_params_trigger_ui.py
[2026-02-24T05:51:02.884+0530] {processor.py:830} INFO - Processing file /Users/aswin/Documents/data-engineering-practice/ETL_Airflow_DBT/airflow/airflow_env/lib/python3.11/site-packages/airflow/example_dags/example_params_trigger_ui.py for tasks to queue
[2026-02-24T05:51:02.884+0530] {logging_mixin.py:188} INFO - [2026-02-24T05:51:02.884+0530] {dagbag.py:540} INFO - Filling up the DagBag from /Users/aswin/Documents/data-engineering-practice/ETL_Airflow_DBT/airflow/airflow_env/lib/python3.11/site-packages/airflow/example_dags/example_params_trigger_ui.py
[2026-02-24T05:51:02.899+0530] {processor.py:840} INFO - DAG(s) 'example_params_trigger_ui' retrieved from /Users/aswin/Documents/data-engineering-practice/ETL_Airflow_DBT/airflow/airflow_env/lib/python3.11/site-packages/airflow/example_dags/example_params_trigger_ui.py
[2026-02-24T05:51:02.934+0530] {logging_mixin.py:188} INFO - [2026-02-24T05:51:02.933+0530] {dag.py:3096} INFO - Sync 1 DAGs
[2026-02-24T05:51:02.936+0530] {logging_mixin.py:188} INFO - [2026-02-24T05:51:02.936+0530] {dag.py:3954} INFO - Setting next_dagrun for example_params_trigger_ui to None, run_after=None
[2026-02-24T05:51:02.942+0530] {processor.py:183} INFO - Processing /Users/aswin/Documents/data-engineering-practice/ETL_Airflow_DBT/airflow/airflow_env/lib/python3.11/site-packages/airflow/example_dags/example_params_trigger_ui.py took 0.060 seconds
[2026-02-24T05:52:36.819+0530] {processor.py:161} INFO - Started process (PID=48418) to work on /Users/aswin/Documents/data-engineering-practice/ETL_Airflow_DBT/airflow/airflow_env/lib/python3.11/site-packages/airflow/example_dags/example_params_trigger_ui.py
[2026-02-24T05:52:36.819+0530] {processor.py:830} INFO - Processing file /Users/aswin/Documents/data-engineering-practice/ETL_Airflow_DBT/airflow/airflow_env/lib/python3.11/site-packages/airflow/example_dags/example_params_trigger_ui.py for tasks to queue
[2026-02-24T05:52:36.820+0530] {logging_mixin.py:188} INFO - [2026-02-24T05:52:36.820+0530] {dagbag.py:540} INFO - Filling up the DagBag from /Users/aswin/Documents/data-engineering-practice/ETL_Airflow_DBT/airflow/airflow_env/lib/python3.11/site-packages/airflow/example_dags/example_params_trigger_ui.py
[2026-02-24T05:52:36.834+0530] {processor.py:840} INFO - DAG(s) 'example_params_trigger_ui' retrieved from /Users/aswin/Documents/data-engineering-practice/ETL_Airflow_DBT/airflow/airflow_env/lib/python3.11/site-packages/airflow/example_dags/example_params_trigger_ui.py
[2026-02-24T05:52:36.869+0530] {logging_mixin.py:188} INFO - [2026-02-24T05:52:36.869+0530] {dag.py:3096} INFO - Sync 1 DAGs
[2026-02-24T05:52:36.872+0530] {logging_mixin.py:188} INFO - [2026-02-24T05:52:36.872+0530] {dag.py:3954} INFO - Setting next_dagrun for example_params_trigger_ui to None, run_after=None
[2026-02-24T05:52:36.878+0530] {processor.py:183} INFO - Processing /Users/aswin/Documents/data-engineering-practice/ETL_Airflow_DBT/airflow/airflow_env/lib/python3.11/site-packages/airflow/example_dags/example_params_trigger_ui.py took 0.060 seconds
[2026-02-24T05:54:11.061+0530] {processor.py:161} INFO - Started process (PID=48526) to work on /Users/aswin/Documents/data-engineering-practice/ETL_Airflow_DBT/airflow/airflow_env/lib/python3.11/site-packages/airflow/example_dags/example_params_trigger_ui.py
[2026-02-24T05:54:11.062+0530] {processor.py:830} INFO - Processing file /Users/aswin/Documents/data-engineering-practice/ETL_Airflow_DBT/airflow/airflow_env/lib/python3.11/site-packages/airflow/example_dags/example_params_trigger_ui.py for tasks to queue
[2026-02-24T05:54:11.062+0530] {logging_mixin.py:188} INFO - [2026-02-24T05:54:11.062+0530] {dagbag.py:540} INFO - Filling up the DagBag from /Users/aswin/Documents/data-engineering-practice/ETL_Airflow_DBT/airflow/airflow_env/lib/python3.11/site-packages/airflow/example_dags/example_params_trigger_ui.py
[2026-02-24T05:54:11.077+0530] {processor.py:840} INFO - DAG(s) 'example_params_trigger_ui' retrieved from /Users/aswin/Documents/data-engineering-practice/ETL_Airflow_DBT/airflow/airflow_env/lib/python3.11/site-packages/airflow/example_dags/example_params_trigger_ui.py
[2026-02-24T05:54:11.111+0530] {logging_mixin.py:188} INFO - [2026-02-24T05:54:11.111+0530] {dag.py:3096} INFO - Sync 1 DAGs
[2026-02-24T05:54:11.114+0530] {logging_mixin.py:188} INFO - [2026-02-24T05:54:11.114+0530] {dag.py:3954} INFO - Setting next_dagrun for example_params_trigger_ui to None, run_after=None
[2026-02-24T05:54:11.119+0530] {processor.py:183} INFO - Processing /Users/aswin/Documents/data-engineering-practice/ETL_Airflow_DBT/airflow/airflow_env/lib/python3.11/site-packages/airflow/example_dags/example_params_trigger_ui.py took 0.059 seconds
[2026-02-24T05:55:45.358+0530] {processor.py:161} INFO - Started process (PID=48632) to work on /Users/aswin/Documents/data-engineering-practice/ETL_Airflow_DBT/airflow/airflow_env/lib/python3.11/site-packages/airflow/example_dags/example_params_trigger_ui.py
[2026-02-24T05:55:45.360+0530] {processor.py:830} INFO - Processing file /Users/aswin/Documents/data-engineering-practice/ETL_Airflow_DBT/airflow/airflow_env/lib/python3.11/site-packages/airflow/example_dags/example_params_trigger_ui.py for tasks to queue
[2026-02-24T05:55:45.360+0530] {logging_mixin.py:188} INFO - [2026-02-24T05:55:45.360+0530] {dagbag.py:540} INFO - Filling up the DagBag from /Users/aswin/Documents/data-engineering-practice/ETL_Airflow_DBT/airflow/airflow_env/lib/python3.11/site-packages/airflow/example_dags/example_params_trigger_ui.py
[2026-02-24T05:55:45.374+0530] {processor.py:840} INFO - DAG(s) 'example_params_trigger_ui' retrieved from /Users/aswin/Documents/data-engineering-practice/ETL_Airflow_DBT/airflow/airflow_env/lib/python3.11/site-packages/airflow/example_dags/example_params_trigger_ui.py
[2026-02-24T05:55:45.409+0530] {logging_mixin.py:188} INFO - [2026-02-24T05:55:45.409+0530] {dag.py:3096} INFO - Sync 1 DAGs
[2026-02-24T05:55:45.412+0530] {logging_mixin.py:188} INFO - [2026-02-24T05:55:45.412+0530] {dag.py:3954} INFO - Setting next_dagrun for example_params_trigger_ui to None, run_after=None
[2026-02-24T05:55:45.417+0530] {processor.py:183} INFO - Processing /Users/aswin/Documents/data-engineering-practice/ETL_Airflow_DBT/airflow/airflow_env/lib/python3.11/site-packages/airflow/example_dags/example_params_trigger_ui.py took 0.060 seconds
[2026-02-24T05:57:17.425+0530] {processor.py:161} INFO - Started process (PID=48711) to work on /Users/aswin/Documents/data-engineering-practice/ETL_Airflow_DBT/airflow/airflow_env/lib/python3.11/site-packages/airflow/example_dags/example_params_trigger_ui.py
[2026-02-24T05:57:17.426+0530] {processor.py:830} INFO - Processing file /Users/aswin/Documents/data-engineering-practice/ETL_Airflow_DBT/airflow/airflow_env/lib/python3.11/site-packages/airflow/example_dags/example_params_trigger_ui.py for tasks to queue
[2026-02-24T05:57:17.427+0530] {logging_mixin.py:188} INFO - [2026-02-24T05:57:17.427+0530] {dagbag.py:540} INFO - Filling up the DagBag from /Users/aswin/Documents/data-engineering-practice/ETL_Airflow_DBT/airflow/airflow_env/lib/python3.11/site-packages/airflow/example_dags/example_params_trigger_ui.py
[2026-02-24T05:57:17.441+0530] {processor.py:840} INFO - DAG(s) 'example_params_trigger_ui' retrieved from /Users/aswin/Documents/data-engineering-practice/ETL_Airflow_DBT/airflow/airflow_env/lib/python3.11/site-packages/airflow/example_dags/example_params_trigger_ui.py
[2026-02-24T05:57:17.476+0530] {logging_mixin.py:188} INFO - [2026-02-24T05:57:17.476+0530] {dag.py:3096} INFO - Sync 1 DAGs
[2026-02-24T05:57:17.479+0530] {logging_mixin.py:188} INFO - [2026-02-24T05:57:17.479+0530] {dag.py:3954} INFO - Setting next_dagrun for example_params_trigger_ui to None, run_after=None
[2026-02-24T05:57:17.485+0530] {processor.py:183} INFO - Processing /Users/aswin/Documents/data-engineering-practice/ETL_Airflow_DBT/airflow/airflow_env/lib/python3.11/site-packages/airflow/example_dags/example_params_trigger_ui.py took 0.060 seconds
[2026-02-24T05:58:52.374+0530] {processor.py:161} INFO - Started process (PID=48800) to work on /Users/aswin/Documents/data-engineering-practice/ETL_Airflow_DBT/airflow/airflow_env/lib/python3.11/site-packages/airflow/example_dags/example_params_trigger_ui.py
[2026-02-24T05:58:52.374+0530] {processor.py:830} INFO - Processing file /Users/aswin/Documents/data-engineering-practice/ETL_Airflow_DBT/airflow/airflow_env/lib/python3.11/site-packages/airflow/example_dags/example_params_trigger_ui.py for tasks to queue
[2026-02-24T05:58:52.374+0530] {logging_mixin.py:188} INFO - [2026-02-24T05:58:52.374+0530] {dagbag.py:540} INFO - Filling up the DagBag from /Users/aswin/Documents/data-engineering-practice/ETL_Airflow_DBT/airflow/airflow_env/lib/python3.11/site-packages/airflow/example_dags/example_params_trigger_ui.py
[2026-02-24T05:58:52.389+0530] {processor.py:840} INFO - DAG(s) 'example_params_trigger_ui' retrieved from /Users/aswin/Documents/data-engineering-practice/ETL_Airflow_DBT/airflow/airflow_env/lib/python3.11/site-packages/airflow/example_dags/example_params_trigger_ui.py
[2026-02-24T05:58:52.423+0530] {logging_mixin.py:188} INFO - [2026-02-24T05:58:52.423+0530] {dag.py:3096} INFO - Sync 1 DAGs
[2026-02-24T05:58:52.426+0530] {logging_mixin.py:188} INFO - [2026-02-24T05:58:52.426+0530] {dag.py:3954} INFO - Setting next_dagrun for example_params_trigger_ui to None, run_after=None
[2026-02-24T05:58:52.432+0530] {processor.py:183} INFO - Processing /Users/aswin/Documents/data-engineering-practice/ETL_Airflow_DBT/airflow/airflow_env/lib/python3.11/site-packages/airflow/example_dags/example_params_trigger_ui.py took 0.059 seconds
[2026-02-24T06:00:24.470+0530] {processor.py:161} INFO - Started process (PID=48899) to work on /Users/aswin/Documents/data-engineering-practice/ETL_Airflow_DBT/airflow/airflow_env/lib/python3.11/site-packages/airflow/example_dags/example_params_trigger_ui.py
[2026-02-24T06:00:24.471+0530] {processor.py:830} INFO - Processing file /Users/aswin/Documents/data-engineering-practice/ETL_Airflow_DBT/airflow/airflow_env/lib/python3.11/site-packages/airflow/example_dags/example_params_trigger_ui.py for tasks to queue
[2026-02-24T06:00:24.471+0530] {logging_mixin.py:188} INFO - [2026-02-24T06:00:24.471+0530] {dagbag.py:540} INFO - Filling up the DagBag from /Users/aswin/Documents/data-engineering-practice/ETL_Airflow_DBT/airflow/airflow_env/lib/python3.11/site-packages/airflow/example_dags/example_params_trigger_ui.py
[2026-02-24T06:00:24.486+0530] {processor.py:840} INFO - DAG(s) 'example_params_trigger_ui' retrieved from /Users/aswin/Documents/data-engineering-practice/ETL_Airflow_DBT/airflow/airflow_env/lib/python3.11/site-packages/airflow/example_dags/example_params_trigger_ui.py
[2026-02-24T06:00:24.520+0530] {logging_mixin.py:188} INFO - [2026-02-24T06:00:24.520+0530] {dag.py:3096} INFO - Sync 1 DAGs
[2026-02-24T06:00:24.523+0530] {logging_mixin.py:188} INFO - [2026-02-24T06:00:24.523+0530] {dag.py:3954} INFO - Setting next_dagrun for example_params_trigger_ui to None, run_after=None
[2026-02-24T06:00:24.529+0530] {processor.py:183} INFO - Processing /Users/aswin/Documents/data-engineering-practice/ETL_Airflow_DBT/airflow/airflow_env/lib/python3.11/site-packages/airflow/example_dags/example_params_trigger_ui.py took 0.060 seconds
[2026-02-24T06:02:00.684+0530] {processor.py:161} INFO - Started process (PID=49050) to work on /Users/aswin/Documents/data-engineering-practice/ETL_Airflow_DBT/airflow/airflow_env/lib/python3.11/site-packages/airflow/example_dags/example_params_trigger_ui.py
[2026-02-24T06:02:00.685+0530] {processor.py:830} INFO - Processing file /Users/aswin/Documents/data-engineering-practice/ETL_Airflow_DBT/airflow/airflow_env/lib/python3.11/site-packages/airflow/example_dags/example_params_trigger_ui.py for tasks to queue
[2026-02-24T06:02:00.685+0530] {logging_mixin.py:188} INFO - [2026-02-24T06:02:00.685+0530] {dagbag.py:540} INFO - Filling up the DagBag from /Users/aswin/Documents/data-engineering-practice/ETL_Airflow_DBT/airflow/airflow_env/lib/python3.11/site-packages/airflow/example_dags/example_params_trigger_ui.py
[2026-02-24T06:02:00.700+0530] {processor.py:840} INFO - DAG(s) 'example_params_trigger_ui' retrieved from /Users/aswin/Documents/data-engineering-practice/ETL_Airflow_DBT/airflow/airflow_env/lib/python3.11/site-packages/airflow/example_dags/example_params_trigger_ui.py
[2026-02-24T06:02:00.735+0530] {logging_mixin.py:188} INFO - [2026-02-24T06:02:00.735+0530] {dag.py:3096} INFO - Sync 1 DAGs
[2026-02-24T06:02:00.738+0530] {logging_mixin.py:188} INFO - [2026-02-24T06:02:00.738+0530] {dag.py:3954} INFO - Setting next_dagrun for example_params_trigger_ui to None, run_after=None
[2026-02-24T06:02:00.744+0530] {processor.py:183} INFO - Processing /Users/aswin/Documents/data-engineering-practice/ETL_Airflow_DBT/airflow/airflow_env/lib/python3.11/site-packages/airflow/example_dags/example_params_trigger_ui.py took 0.060 seconds
[2026-02-24T06:03:30.785+0530] {processor.py:161} INFO - Started process (PID=49192) to work on /Users/aswin/Documents/data-engineering-practice/ETL_Airflow_DBT/airflow/airflow_env/lib/python3.11/site-packages/airflow/example_dags/example_params_trigger_ui.py
[2026-02-24T06:03:30.786+0530] {processor.py:830} INFO - Processing file /Users/aswin/Documents/data-engineering-practice/ETL_Airflow_DBT/airflow/airflow_env/lib/python3.11/site-packages/airflow/example_dags/example_params_trigger_ui.py for tasks to queue
[2026-02-24T06:03:30.786+0530] {logging_mixin.py:188} INFO - [2026-02-24T06:03:30.786+0530] {dagbag.py:540} INFO - Filling up the DagBag from /Users/aswin/Documents/data-engineering-practice/ETL_Airflow_DBT/airflow/airflow_env/lib/python3.11/site-packages/airflow/example_dags/example_params_trigger_ui.py
[2026-02-24T06:03:30.800+0530] {processor.py:840} INFO - DAG(s) 'example_params_trigger_ui' retrieved from /Users/aswin/Documents/data-engineering-practice/ETL_Airflow_DBT/airflow/airflow_env/lib/python3.11/site-packages/airflow/example_dags/example_params_trigger_ui.py
[2026-02-24T06:03:30.835+0530] {logging_mixin.py:188} INFO - [2026-02-24T06:03:30.835+0530] {dag.py:3096} INFO - Sync 1 DAGs
[2026-02-24T06:03:30.838+0530] {logging_mixin.py:188} INFO - [2026-02-24T06:03:30.838+0530] {dag.py:3954} INFO - Setting next_dagrun for example_params_trigger_ui to None, run_after=None
[2026-02-24T06:03:30.844+0530] {processor.py:183} INFO - Processing /Users/aswin/Documents/data-engineering-practice/ETL_Airflow_DBT/airflow/airflow_env/lib/python3.11/site-packages/airflow/example_dags/example_params_trigger_ui.py took 0.060 seconds
[2026-02-24T06:05:09.635+0530] {processor.py:161} INFO - Started process (PID=49344) to work on /Users/aswin/Documents/data-engineering-practice/ETL_Airflow_DBT/airflow/airflow_env/lib/python3.11/site-packages/airflow/example_dags/example_params_trigger_ui.py
[2026-02-24T06:05:09.636+0530] {processor.py:830} INFO - Processing file /Users/aswin/Documents/data-engineering-practice/ETL_Airflow_DBT/airflow/airflow_env/lib/python3.11/site-packages/airflow/example_dags/example_params_trigger_ui.py for tasks to queue
[2026-02-24T06:05:09.637+0530] {logging_mixin.py:188} INFO - [2026-02-24T06:05:09.636+0530] {dagbag.py:540} INFO - Filling up the DagBag from /Users/aswin/Documents/data-engineering-practice/ETL_Airflow_DBT/airflow/airflow_env/lib/python3.11/site-packages/airflow/example_dags/example_params_trigger_ui.py
[2026-02-24T06:05:09.651+0530] {processor.py:840} INFO - DAG(s) 'example_params_trigger_ui' retrieved from /Users/aswin/Documents/data-engineering-practice/ETL_Airflow_DBT/airflow/airflow_env/lib/python3.11/site-packages/airflow/example_dags/example_params_trigger_ui.py
[2026-02-24T06:05:09.686+0530] {logging_mixin.py:188} INFO - [2026-02-24T06:05:09.686+0530] {dag.py:3096} INFO - Sync 1 DAGs
[2026-02-24T06:05:09.689+0530] {logging_mixin.py:188} INFO - [2026-02-24T06:05:09.689+0530] {dag.py:3954} INFO - Setting next_dagrun for example_params_trigger_ui to None, run_after=None
[2026-02-24T06:05:09.695+0530] {processor.py:183} INFO - Processing /Users/aswin/Documents/data-engineering-practice/ETL_Airflow_DBT/airflow/airflow_env/lib/python3.11/site-packages/airflow/example_dags/example_params_trigger_ui.py took 0.061 seconds
[2026-02-24T06:06:52.313+0530] {processor.py:161} INFO - Started process (PID=49444) to work on /Users/aswin/Documents/data-engineering-practice/ETL_Airflow_DBT/airflow/airflow_env/lib/python3.11/site-packages/airflow/example_dags/example_params_trigger_ui.py
[2026-02-24T06:06:52.314+0530] {processor.py:830} INFO - Processing file /Users/aswin/Documents/data-engineering-practice/ETL_Airflow_DBT/airflow/airflow_env/lib/python3.11/site-packages/airflow/example_dags/example_params_trigger_ui.py for tasks to queue
[2026-02-24T06:06:52.314+0530] {logging_mixin.py:188} INFO - [2026-02-24T06:06:52.314+0530] {dagbag.py:540} INFO - Filling up the DagBag from /Users/aswin/Documents/data-engineering-practice/ETL_Airflow_DBT/airflow/airflow_env/lib/python3.11/site-packages/airflow/example_dags/example_params_trigger_ui.py
[2026-02-24T06:06:52.329+0530] {processor.py:840} INFO - DAG(s) 'example_params_trigger_ui' retrieved from /Users/aswin/Documents/data-engineering-practice/ETL_Airflow_DBT/airflow/airflow_env/lib/python3.11/site-packages/airflow/example_dags/example_params_trigger_ui.py
[2026-02-24T06:06:52.364+0530] {logging_mixin.py:188} INFO - [2026-02-24T06:06:52.364+0530] {dag.py:3096} INFO - Sync 1 DAGs
[2026-02-24T06:06:52.367+0530] {logging_mixin.py:188} INFO - [2026-02-24T06:06:52.367+0530] {dag.py:3954} INFO - Setting next_dagrun for example_params_trigger_ui to None, run_after=None
[2026-02-24T06:06:52.373+0530] {processor.py:183} INFO - Processing /Users/aswin/Documents/data-engineering-practice/ETL_Airflow_DBT/airflow/airflow_env/lib/python3.11/site-packages/airflow/example_dags/example_params_trigger_ui.py took 0.061 seconds
[2026-02-24T06:08:24.344+0530] {processor.py:161} INFO - Started process (PID=49522) to work on /Users/aswin/Documents/data-engineering-practice/ETL_Airflow_DBT/airflow/airflow_env/lib/python3.11/site-packages/airflow/example_dags/example_params_trigger_ui.py
[2026-02-24T06:08:24.345+0530] {processor.py:830} INFO - Processing file /Users/aswin/Documents/data-engineering-practice/ETL_Airflow_DBT/airflow/airflow_env/lib/python3.11/site-packages/airflow/example_dags/example_params_trigger_ui.py for tasks to queue
[2026-02-24T06:08:24.345+0530] {logging_mixin.py:188} INFO - [2026-02-24T06:08:24.345+0530] {dagbag.py:540} INFO - Filling up the DagBag from /Users/aswin/Documents/data-engineering-practice/ETL_Airflow_DBT/airflow/airflow_env/lib/python3.11/site-packages/airflow/example_dags/example_params_trigger_ui.py
[2026-02-24T06:08:24.360+0530] {processor.py:840} INFO - DAG(s) 'example_params_trigger_ui' retrieved from /Users/aswin/Documents/data-engineering-practice/ETL_Airflow_DBT/airflow/airflow_env/lib/python3.11/site-packages/airflow/example_dags/example_params_trigger_ui.py
[2026-02-24T06:08:24.395+0530] {logging_mixin.py:188} INFO - [2026-02-24T06:08:24.395+0530] {dag.py:3096} INFO - Sync 1 DAGs
[2026-02-24T06:08:24.398+0530] {logging_mixin.py:188} INFO - [2026-02-24T06:08:24.398+0530] {dag.py:3954} INFO - Setting next_dagrun for example_params_trigger_ui to None, run_after=None
[2026-02-24T06:08:24.404+0530] {processor.py:183} INFO - Processing /Users/aswin/Documents/data-engineering-practice/ETL_Airflow_DBT/airflow/airflow_env/lib/python3.11/site-packages/airflow/example_dags/example_params_trigger_ui.py took 0.061 seconds
[2026-02-24T06:09:56.513+0530] {processor.py:161} INFO - Started process (PID=49595) to work on /Users/aswin/Documents/data-engineering-practice/ETL_Airflow_DBT/airflow/airflow_env/lib/python3.11/site-packages/airflow/example_dags/example_params_trigger_ui.py
[2026-02-24T06:09:56.513+0530] {processor.py:830} INFO - Processing file /Users/aswin/Documents/data-engineering-practice/ETL_Airflow_DBT/airflow/airflow_env/lib/python3.11/site-packages/airflow/example_dags/example_params_trigger_ui.py for tasks to queue
[2026-02-24T06:09:56.513+0530] {logging_mixin.py:188} INFO - [2026-02-24T06:09:56.513+0530] {dagbag.py:540} INFO - Filling up the DagBag from /Users/aswin/Documents/data-engineering-practice/ETL_Airflow_DBT/airflow/airflow_env/lib/python3.11/site-packages/airflow/example_dags/example_params_trigger_ui.py
[2026-02-24T06:09:56.528+0530] {processor.py:840} INFO - DAG(s) 'example_params_trigger_ui' retrieved from /Users/aswin/Documents/data-engineering-practice/ETL_Airflow_DBT/airflow/airflow_env/lib/python3.11/site-packages/airflow/example_dags/example_params_trigger_ui.py
[2026-02-24T06:09:56.563+0530] {logging_mixin.py:188} INFO - [2026-02-24T06:09:56.563+0530] {dag.py:3096} INFO - Sync 1 DAGs
[2026-02-24T06:09:56.566+0530] {logging_mixin.py:188} INFO - [2026-02-24T06:09:56.566+0530] {dag.py:3954} INFO - Setting next_dagrun for example_params_trigger_ui to None, run_after=None
[2026-02-24T06:09:56.571+0530] {processor.py:183} INFO - Processing /Users/aswin/Documents/data-engineering-practice/ETL_Airflow_DBT/airflow/airflow_env/lib/python3.11/site-packages/airflow/example_dags/example_params_trigger_ui.py took 0.060 seconds
[2026-02-24T06:11:19.796+0530] {processor.py:161} INFO - Started process (PID=49686) to work on /Users/aswin/Documents/data-engineering-practice/ETL_Airflow_DBT/airflow/airflow_env/lib/python3.11/site-packages/airflow/example_dags/example_params_trigger_ui.py
[2026-02-24T06:11:19.797+0530] {processor.py:830} INFO - Processing file /Users/aswin/Documents/data-engineering-practice/ETL_Airflow_DBT/airflow/airflow_env/lib/python3.11/site-packages/airflow/example_dags/example_params_trigger_ui.py for tasks to queue
[2026-02-24T06:11:19.797+0530] {logging_mixin.py:188} INFO - [2026-02-24T06:11:19.797+0530] {dagbag.py:540} INFO - Filling up the DagBag from /Users/aswin/Documents/data-engineering-practice/ETL_Airflow_DBT/airflow/airflow_env/lib/python3.11/site-packages/airflow/example_dags/example_params_trigger_ui.py
[2026-02-24T06:11:19.812+0530] {processor.py:840} INFO - DAG(s) 'example_params_trigger_ui' retrieved from /Users/aswin/Documents/data-engineering-practice/ETL_Airflow_DBT/airflow/airflow_env/lib/python3.11/site-packages/airflow/example_dags/example_params_trigger_ui.py
[2026-02-24T06:11:19.847+0530] {logging_mixin.py:188} INFO - [2026-02-24T06:11:19.847+0530] {dag.py:3096} INFO - Sync 1 DAGs
[2026-02-24T06:11:19.850+0530] {logging_mixin.py:188} INFO - [2026-02-24T06:11:19.850+0530] {dag.py:3954} INFO - Setting next_dagrun for example_params_trigger_ui to None, run_after=None
[2026-02-24T06:11:19.856+0530] {processor.py:183} INFO - Processing /Users/aswin/Documents/data-engineering-practice/ETL_Airflow_DBT/airflow/airflow_env/lib/python3.11/site-packages/airflow/example_dags/example_params_trigger_ui.py took 0.061 seconds
[2026-02-24T06:12:53.867+0530] {processor.py:161} INFO - Started process (PID=49755) to work on /Users/aswin/Documents/data-engineering-practice/ETL_Airflow_DBT/airflow/airflow_env/lib/python3.11/site-packages/airflow/example_dags/example_params_trigger_ui.py
[2026-02-24T06:12:53.868+0530] {processor.py:830} INFO - Processing file /Users/aswin/Documents/data-engineering-practice/ETL_Airflow_DBT/airflow/airflow_env/lib/python3.11/site-packages/airflow/example_dags/example_params_trigger_ui.py for tasks to queue
[2026-02-24T06:12:53.868+0530] {logging_mixin.py:188} INFO - [2026-02-24T06:12:53.868+0530] {dagbag.py:540} INFO - Filling up the DagBag from /Users/aswin/Documents/data-engineering-practice/ETL_Airflow_DBT/airflow/airflow_env/lib/python3.11/site-packages/airflow/example_dags/example_params_trigger_ui.py
[2026-02-24T06:12:53.883+0530] {processor.py:840} INFO - DAG(s) 'example_params_trigger_ui' retrieved from /Users/aswin/Documents/data-engineering-practice/ETL_Airflow_DBT/airflow/airflow_env/lib/python3.11/site-packages/airflow/example_dags/example_params_trigger_ui.py
[2026-02-24T06:12:53.918+0530] {logging_mixin.py:188} INFO - [2026-02-24T06:12:53.917+0530] {dag.py:3096} INFO - Sync 1 DAGs
[2026-02-24T06:12:53.920+0530] {logging_mixin.py:188} INFO - [2026-02-24T06:12:53.920+0530] {dag.py:3954} INFO - Setting next_dagrun for example_params_trigger_ui to None, run_after=None
[2026-02-24T06:12:53.926+0530] {processor.py:183} INFO - Processing /Users/aswin/Documents/data-engineering-practice/ETL_Airflow_DBT/airflow/airflow_env/lib/python3.11/site-packages/airflow/example_dags/example_params_trigger_ui.py took 0.060 seconds
[2026-02-24T06:14:32.898+0530] {processor.py:161} INFO - Started process (PID=49830) to work on /Users/aswin/Documents/data-engineering-practice/ETL_Airflow_DBT/airflow/airflow_env/lib/python3.11/site-packages/airflow/example_dags/example_params_trigger_ui.py
[2026-02-24T06:14:32.898+0530] {processor.py:830} INFO - Processing file /Users/aswin/Documents/data-engineering-practice/ETL_Airflow_DBT/airflow/airflow_env/lib/python3.11/site-packages/airflow/example_dags/example_params_trigger_ui.py for tasks to queue
[2026-02-24T06:14:32.899+0530] {logging_mixin.py:188} INFO - [2026-02-24T06:14:32.899+0530] {dagbag.py:540} INFO - Filling up the DagBag from /Users/aswin/Documents/data-engineering-practice/ETL_Airflow_DBT/airflow/airflow_env/lib/python3.11/site-packages/airflow/example_dags/example_params_trigger_ui.py
[2026-02-24T06:14:32.913+0530] {processor.py:840} INFO - DAG(s) 'example_params_trigger_ui' retrieved from /Users/aswin/Documents/data-engineering-practice/ETL_Airflow_DBT/airflow/airflow_env/lib/python3.11/site-packages/airflow/example_dags/example_params_trigger_ui.py
[2026-02-24T06:14:32.948+0530] {logging_mixin.py:188} INFO - [2026-02-24T06:14:32.948+0530] {dag.py:3096} INFO - Sync 1 DAGs
[2026-02-24T06:14:32.951+0530] {logging_mixin.py:188} INFO - [2026-02-24T06:14:32.951+0530] {dag.py:3954} INFO - Setting next_dagrun for example_params_trigger_ui to None, run_after=None
[2026-02-24T06:14:32.957+0530] {processor.py:183} INFO - Processing /Users/aswin/Documents/data-engineering-practice/ETL_Airflow_DBT/airflow/airflow_env/lib/python3.11/site-packages/airflow/example_dags/example_params_trigger_ui.py took 0.060 seconds
[2026-02-24T06:16:07.291+0530] {processor.py:161} INFO - Started process (PID=49917) to work on /Users/aswin/Documents/data-engineering-practice/ETL_Airflow_DBT/airflow/airflow_env/lib/python3.11/site-packages/airflow/example_dags/example_params_trigger_ui.py
[2026-02-24T06:16:07.292+0530] {processor.py:830} INFO - Processing file /Users/aswin/Documents/data-engineering-practice/ETL_Airflow_DBT/airflow/airflow_env/lib/python3.11/site-packages/airflow/example_dags/example_params_trigger_ui.py for tasks to queue
[2026-02-24T06:16:07.293+0530] {logging_mixin.py:188} INFO - [2026-02-24T06:16:07.293+0530] {dagbag.py:540} INFO - Filling up the DagBag from /Users/aswin/Documents/data-engineering-practice/ETL_Airflow_DBT/airflow/airflow_env/lib/python3.11/site-packages/airflow/example_dags/example_params_trigger_ui.py
[2026-02-24T06:16:07.307+0530] {processor.py:840} INFO - DAG(s) 'example_params_trigger_ui' retrieved from /Users/aswin/Documents/data-engineering-practice/ETL_Airflow_DBT/airflow/airflow_env/lib/python3.11/site-packages/airflow/example_dags/example_params_trigger_ui.py
[2026-02-24T06:16:07.342+0530] {logging_mixin.py:188} INFO - [2026-02-24T06:16:07.342+0530] {dag.py:3096} INFO - Sync 1 DAGs
[2026-02-24T06:16:07.345+0530] {logging_mixin.py:188} INFO - [2026-02-24T06:16:07.345+0530] {dag.py:3954} INFO - Setting next_dagrun for example_params_trigger_ui to None, run_after=None
[2026-02-24T06:16:07.351+0530] {processor.py:183} INFO - Processing /Users/aswin/Documents/data-engineering-practice/ETL_Airflow_DBT/airflow/airflow_env/lib/python3.11/site-packages/airflow/example_dags/example_params_trigger_ui.py took 0.060 seconds
[2026-02-24T06:17:40.671+0530] {processor.py:161} INFO - Started process (PID=50018) to work on /Users/aswin/Documents/data-engineering-practice/ETL_Airflow_DBT/airflow/airflow_env/lib/python3.11/site-packages/airflow/example_dags/example_params_trigger_ui.py
[2026-02-24T06:17:40.672+0530] {processor.py:830} INFO - Processing file /Users/aswin/Documents/data-engineering-practice/ETL_Airflow_DBT/airflow/airflow_env/lib/python3.11/site-packages/airflow/example_dags/example_params_trigger_ui.py for tasks to queue
[2026-02-24T06:17:40.673+0530] {logging_mixin.py:188} INFO - [2026-02-24T06:17:40.672+0530] {dagbag.py:540} INFO - Filling up the DagBag from /Users/aswin/Documents/data-engineering-practice/ETL_Airflow_DBT/airflow/airflow_env/lib/python3.11/site-packages/airflow/example_dags/example_params_trigger_ui.py
[2026-02-24T06:17:40.689+0530] {processor.py:840} INFO - DAG(s) 'example_params_trigger_ui' retrieved from /Users/aswin/Documents/data-engineering-practice/ETL_Airflow_DBT/airflow/airflow_env/lib/python3.11/site-packages/airflow/example_dags/example_params_trigger_ui.py
[2026-02-24T06:17:40.727+0530] {logging_mixin.py:188} INFO - [2026-02-24T06:17:40.727+0530] {dag.py:3096} INFO - Sync 1 DAGs
[2026-02-24T06:17:40.730+0530] {logging_mixin.py:188} INFO - [2026-02-24T06:17:40.730+0530] {dag.py:3954} INFO - Setting next_dagrun for example_params_trigger_ui to None, run_after=None
[2026-02-24T06:17:40.737+0530] {processor.py:183} INFO - Processing /Users/aswin/Documents/data-engineering-practice/ETL_Airflow_DBT/airflow/airflow_env/lib/python3.11/site-packages/airflow/example_dags/example_params_trigger_ui.py took 0.067 seconds
