[2026-02-24T05:30:27.563+0530] {processor.py:161} INFO - Started process (PID=47093) to work on /Users/aswin/Documents/data-engineering-practice/ETL_Airflow_DBT/airflow/airflow_env/lib/python3.11/site-packages/airflow/example_dags/example_subdag_operator.py
[2026-02-24T05:30:27.563+0530] {processor.py:830} INFO - Processing file /Users/aswin/Documents/data-engineering-practice/ETL_Airflow_DBT/airflow/airflow_env/lib/python3.11/site-packages/airflow/example_dags/example_subdag_operator.py for tasks to queue
[2026-02-24T05:30:27.563+0530] {logging_mixin.py:188} INFO - [2026-02-24T05:30:27.563+0530] {dagbag.py:540} INFO - Filling up the DagBag from /Users/aswin/Documents/data-engineering-practice/ETL_Airflow_DBT/airflow/airflow_env/lib/python3.11/site-packages/airflow/example_dags/example_subdag_operator.py
[2026-02-24T05:30:27.592+0530] {processor.py:840} INFO - DAG(s) 'example_subdag_operator.section-1', 'example_subdag_operator.section-2', 'example_subdag_operator' retrieved from /Users/aswin/Documents/data-engineering-practice/ETL_Airflow_DBT/airflow/airflow_env/lib/python3.11/site-packages/airflow/example_dags/example_subdag_operator.py
[2026-02-24T05:30:27.602+0530] {logging_mixin.py:188} INFO - [2026-02-24T05:30:27.602+0530] {dag.py:3096} INFO - Sync 3 DAGs
[2026-02-24T05:30:27.607+0530] {logging_mixin.py:188} INFO - [2026-02-24T05:30:27.607+0530] {dag.py:3954} INFO - Setting next_dagrun for example_subdag_operator to 2022-01-01 00:00:00+00:00, run_after=2022-01-01 00:00:00+00:00
[2026-02-24T05:30:27.608+0530] {logging_mixin.py:188} INFO - [2026-02-24T05:30:27.608+0530] {dag.py:3954} INFO - Setting next_dagrun for example_subdag_operator.section-1 to None, run_after=None
[2026-02-24T05:30:27.608+0530] {logging_mixin.py:188} INFO - [2026-02-24T05:30:27.608+0530] {dag.py:3954} INFO - Setting next_dagrun for example_subdag_operator.section-2 to None, run_after=None
[2026-02-24T05:30:27.610+0530] {logging_mixin.py:188} INFO - [2026-02-24T05:30:27.610+0530] {dag.py:3096} INFO - Sync 2 DAGs
[2026-02-24T05:30:27.611+0530] {logging_mixin.py:188} INFO - [2026-02-24T05:30:27.611+0530] {dag.py:3954} INFO - Setting next_dagrun for example_subdag_operator.section-1 to None, run_after=None
[2026-02-24T05:30:27.611+0530] {logging_mixin.py:188} INFO - [2026-02-24T05:30:27.611+0530] {dag.py:3954} INFO - Setting next_dagrun for example_subdag_operator.section-2 to None, run_after=None
[2026-02-24T05:30:27.615+0530] {processor.py:183} INFO - Processing /Users/aswin/Documents/data-engineering-practice/ETL_Airflow_DBT/airflow/airflow_env/lib/python3.11/site-packages/airflow/example_dags/example_subdag_operator.py took 0.053 seconds
[2026-02-24T05:31:54.549+0530] {processor.py:161} INFO - Started process (PID=47177) to work on /Users/aswin/Documents/data-engineering-practice/ETL_Airflow_DBT/airflow/airflow_env/lib/python3.11/site-packages/airflow/example_dags/example_subdag_operator.py
[2026-02-24T05:31:54.550+0530] {processor.py:830} INFO - Processing file /Users/aswin/Documents/data-engineering-practice/ETL_Airflow_DBT/airflow/airflow_env/lib/python3.11/site-packages/airflow/example_dags/example_subdag_operator.py for tasks to queue
[2026-02-24T05:31:54.550+0530] {logging_mixin.py:188} INFO - [2026-02-24T05:31:54.550+0530] {dagbag.py:540} INFO - Filling up the DagBag from /Users/aswin/Documents/data-engineering-practice/ETL_Airflow_DBT/airflow/airflow_env/lib/python3.11/site-packages/airflow/example_dags/example_subdag_operator.py
[2026-02-24T05:31:54.579+0530] {processor.py:840} INFO - DAG(s) 'example_subdag_operator.section-1', 'example_subdag_operator.section-2', 'example_subdag_operator' retrieved from /Users/aswin/Documents/data-engineering-practice/ETL_Airflow_DBT/airflow/airflow_env/lib/python3.11/site-packages/airflow/example_dags/example_subdag_operator.py
[2026-02-24T05:31:54.590+0530] {logging_mixin.py:188} INFO - [2026-02-24T05:31:54.590+0530] {dag.py:3096} INFO - Sync 3 DAGs
[2026-02-24T05:31:54.595+0530] {logging_mixin.py:188} INFO - [2026-02-24T05:31:54.595+0530] {dag.py:3954} INFO - Setting next_dagrun for example_subdag_operator to 2022-01-01 00:00:00+00:00, run_after=2022-01-01 00:00:00+00:00
[2026-02-24T05:31:54.596+0530] {logging_mixin.py:188} INFO - [2026-02-24T05:31:54.596+0530] {dag.py:3954} INFO - Setting next_dagrun for example_subdag_operator.section-1 to None, run_after=None
[2026-02-24T05:31:54.596+0530] {logging_mixin.py:188} INFO - [2026-02-24T05:31:54.596+0530] {dag.py:3954} INFO - Setting next_dagrun for example_subdag_operator.section-2 to None, run_after=None
[2026-02-24T05:31:54.599+0530] {logging_mixin.py:188} INFO - [2026-02-24T05:31:54.598+0530] {dag.py:3096} INFO - Sync 2 DAGs
[2026-02-24T05:31:54.600+0530] {logging_mixin.py:188} INFO - [2026-02-24T05:31:54.600+0530] {dag.py:3954} INFO - Setting next_dagrun for example_subdag_operator.section-1 to None, run_after=None
[2026-02-24T05:31:54.600+0530] {logging_mixin.py:188} INFO - [2026-02-24T05:31:54.600+0530] {dag.py:3954} INFO - Setting next_dagrun for example_subdag_operator.section-2 to None, run_after=None
[2026-02-24T05:31:54.604+0530] {processor.py:183} INFO - Processing /Users/aswin/Documents/data-engineering-practice/ETL_Airflow_DBT/airflow/airflow_env/lib/python3.11/site-packages/airflow/example_dags/example_subdag_operator.py took 0.056 seconds
[2026-02-24T05:33:30.229+0530] {processor.py:161} INFO - Started process (PID=47298) to work on /Users/aswin/Documents/data-engineering-practice/ETL_Airflow_DBT/airflow/airflow_env/lib/python3.11/site-packages/airflow/example_dags/example_subdag_operator.py
[2026-02-24T05:33:30.229+0530] {processor.py:830} INFO - Processing file /Users/aswin/Documents/data-engineering-practice/ETL_Airflow_DBT/airflow/airflow_env/lib/python3.11/site-packages/airflow/example_dags/example_subdag_operator.py for tasks to queue
[2026-02-24T05:33:30.230+0530] {logging_mixin.py:188} INFO - [2026-02-24T05:33:30.230+0530] {dagbag.py:540} INFO - Filling up the DagBag from /Users/aswin/Documents/data-engineering-practice/ETL_Airflow_DBT/airflow/airflow_env/lib/python3.11/site-packages/airflow/example_dags/example_subdag_operator.py
[2026-02-24T05:33:30.260+0530] {processor.py:840} INFO - DAG(s) 'example_subdag_operator.section-1', 'example_subdag_operator.section-2', 'example_subdag_operator' retrieved from /Users/aswin/Documents/data-engineering-practice/ETL_Airflow_DBT/airflow/airflow_env/lib/python3.11/site-packages/airflow/example_dags/example_subdag_operator.py
[2026-02-24T05:33:30.271+0530] {logging_mixin.py:188} INFO - [2026-02-24T05:33:30.271+0530] {dag.py:3096} INFO - Sync 3 DAGs
[2026-02-24T05:33:30.276+0530] {logging_mixin.py:188} INFO - [2026-02-24T05:33:30.276+0530] {dag.py:3954} INFO - Setting next_dagrun for example_subdag_operator to 2022-01-01 00:00:00+00:00, run_after=2022-01-01 00:00:00+00:00
[2026-02-24T05:33:30.277+0530] {logging_mixin.py:188} INFO - [2026-02-24T05:33:30.277+0530] {dag.py:3954} INFO - Setting next_dagrun for example_subdag_operator.section-1 to None, run_after=None
[2026-02-24T05:33:30.278+0530] {logging_mixin.py:188} INFO - [2026-02-24T05:33:30.278+0530] {dag.py:3954} INFO - Setting next_dagrun for example_subdag_operator.section-2 to None, run_after=None
[2026-02-24T05:33:30.280+0530] {logging_mixin.py:188} INFO - [2026-02-24T05:33:30.280+0530] {dag.py:3096} INFO - Sync 2 DAGs
[2026-02-24T05:33:30.281+0530] {logging_mixin.py:188} INFO - [2026-02-24T05:33:30.281+0530] {dag.py:3954} INFO - Setting next_dagrun for example_subdag_operator.section-1 to None, run_after=None
[2026-02-24T05:33:30.281+0530] {logging_mixin.py:188} INFO - [2026-02-24T05:33:30.281+0530] {dag.py:3954} INFO - Setting next_dagrun for example_subdag_operator.section-2 to None, run_after=None
[2026-02-24T05:33:30.285+0530] {processor.py:183} INFO - Processing /Users/aswin/Documents/data-engineering-practice/ETL_Airflow_DBT/airflow/airflow_env/lib/python3.11/site-packages/airflow/example_dags/example_subdag_operator.py took 0.057 seconds
[2026-02-24T05:35:07.597+0530] {processor.py:161} INFO - Started process (PID=47400) to work on /Users/aswin/Documents/data-engineering-practice/ETL_Airflow_DBT/airflow/airflow_env/lib/python3.11/site-packages/airflow/example_dags/example_subdag_operator.py
[2026-02-24T05:35:07.599+0530] {processor.py:830} INFO - Processing file /Users/aswin/Documents/data-engineering-practice/ETL_Airflow_DBT/airflow/airflow_env/lib/python3.11/site-packages/airflow/example_dags/example_subdag_operator.py for tasks to queue
[2026-02-24T05:35:07.599+0530] {logging_mixin.py:188} INFO - [2026-02-24T05:35:07.599+0530] {dagbag.py:540} INFO - Filling up the DagBag from /Users/aswin/Documents/data-engineering-practice/ETL_Airflow_DBT/airflow/airflow_env/lib/python3.11/site-packages/airflow/example_dags/example_subdag_operator.py
[2026-02-24T05:35:07.627+0530] {processor.py:840} INFO - DAG(s) 'example_subdag_operator.section-1', 'example_subdag_operator.section-2', 'example_subdag_operator' retrieved from /Users/aswin/Documents/data-engineering-practice/ETL_Airflow_DBT/airflow/airflow_env/lib/python3.11/site-packages/airflow/example_dags/example_subdag_operator.py
[2026-02-24T05:35:07.637+0530] {logging_mixin.py:188} INFO - [2026-02-24T05:35:07.637+0530] {dag.py:3096} INFO - Sync 3 DAGs
[2026-02-24T05:35:07.642+0530] {logging_mixin.py:188} INFO - [2026-02-24T05:35:07.642+0530] {dag.py:3954} INFO - Setting next_dagrun for example_subdag_operator to 2022-01-01 00:00:00+00:00, run_after=2022-01-01 00:00:00+00:00
[2026-02-24T05:35:07.643+0530] {logging_mixin.py:188} INFO - [2026-02-24T05:35:07.643+0530] {dag.py:3954} INFO - Setting next_dagrun for example_subdag_operator.section-1 to None, run_after=None
[2026-02-24T05:35:07.643+0530] {logging_mixin.py:188} INFO - [2026-02-24T05:35:07.643+0530] {dag.py:3954} INFO - Setting next_dagrun for example_subdag_operator.section-2 to None, run_after=None
[2026-02-24T05:35:07.646+0530] {logging_mixin.py:188} INFO - [2026-02-24T05:35:07.646+0530] {dag.py:3096} INFO - Sync 2 DAGs
[2026-02-24T05:35:07.647+0530] {logging_mixin.py:188} INFO - [2026-02-24T05:35:07.647+0530] {dag.py:3954} INFO - Setting next_dagrun for example_subdag_operator.section-1 to None, run_after=None
[2026-02-24T05:35:07.647+0530] {logging_mixin.py:188} INFO - [2026-02-24T05:35:07.647+0530] {dag.py:3954} INFO - Setting next_dagrun for example_subdag_operator.section-2 to None, run_after=None
[2026-02-24T05:35:07.650+0530] {processor.py:183} INFO - Processing /Users/aswin/Documents/data-engineering-practice/ETL_Airflow_DBT/airflow/airflow_env/lib/python3.11/site-packages/airflow/example_dags/example_subdag_operator.py took 0.054 seconds
[2026-02-24T05:36:43.084+0530] {processor.py:161} INFO - Started process (PID=47520) to work on /Users/aswin/Documents/data-engineering-practice/ETL_Airflow_DBT/airflow/airflow_env/lib/python3.11/site-packages/airflow/example_dags/example_subdag_operator.py
[2026-02-24T05:36:43.085+0530] {processor.py:830} INFO - Processing file /Users/aswin/Documents/data-engineering-practice/ETL_Airflow_DBT/airflow/airflow_env/lib/python3.11/site-packages/airflow/example_dags/example_subdag_operator.py for tasks to queue
[2026-02-24T05:36:43.085+0530] {logging_mixin.py:188} INFO - [2026-02-24T05:36:43.085+0530] {dagbag.py:540} INFO - Filling up the DagBag from /Users/aswin/Documents/data-engineering-practice/ETL_Airflow_DBT/airflow/airflow_env/lib/python3.11/site-packages/airflow/example_dags/example_subdag_operator.py
[2026-02-24T05:36:43.115+0530] {processor.py:840} INFO - DAG(s) 'example_subdag_operator.section-1', 'example_subdag_operator.section-2', 'example_subdag_operator' retrieved from /Users/aswin/Documents/data-engineering-practice/ETL_Airflow_DBT/airflow/airflow_env/lib/python3.11/site-packages/airflow/example_dags/example_subdag_operator.py
[2026-02-24T05:36:43.125+0530] {logging_mixin.py:188} INFO - [2026-02-24T05:36:43.125+0530] {dag.py:3096} INFO - Sync 3 DAGs
[2026-02-24T05:36:43.130+0530] {logging_mixin.py:188} INFO - [2026-02-24T05:36:43.130+0530] {dag.py:3954} INFO - Setting next_dagrun for example_subdag_operator to 2022-01-01 00:00:00+00:00, run_after=2022-01-01 00:00:00+00:00
[2026-02-24T05:36:43.131+0530] {logging_mixin.py:188} INFO - [2026-02-24T05:36:43.131+0530] {dag.py:3954} INFO - Setting next_dagrun for example_subdag_operator.section-1 to None, run_after=None
[2026-02-24T05:36:43.131+0530] {logging_mixin.py:188} INFO - [2026-02-24T05:36:43.131+0530] {dag.py:3954} INFO - Setting next_dagrun for example_subdag_operator.section-2 to None, run_after=None
[2026-02-24T05:36:43.134+0530] {logging_mixin.py:188} INFO - [2026-02-24T05:36:43.133+0530] {dag.py:3096} INFO - Sync 2 DAGs
[2026-02-24T05:36:43.135+0530] {logging_mixin.py:188} INFO - [2026-02-24T05:36:43.135+0530] {dag.py:3954} INFO - Setting next_dagrun for example_subdag_operator.section-1 to None, run_after=None
[2026-02-24T05:36:43.135+0530] {logging_mixin.py:188} INFO - [2026-02-24T05:36:43.135+0530] {dag.py:3954} INFO - Setting next_dagrun for example_subdag_operator.section-2 to None, run_after=None
[2026-02-24T05:36:43.138+0530] {processor.py:183} INFO - Processing /Users/aswin/Documents/data-engineering-practice/ETL_Airflow_DBT/airflow/airflow_env/lib/python3.11/site-packages/airflow/example_dags/example_subdag_operator.py took 0.055 seconds
[2026-02-24T05:38:27.661+0530] {processor.py:161} INFO - Started process (PID=47609) to work on /Users/aswin/Documents/data-engineering-practice/ETL_Airflow_DBT/airflow/airflow_env/lib/python3.11/site-packages/airflow/example_dags/example_subdag_operator.py
[2026-02-24T05:38:27.662+0530] {processor.py:830} INFO - Processing file /Users/aswin/Documents/data-engineering-practice/ETL_Airflow_DBT/airflow/airflow_env/lib/python3.11/site-packages/airflow/example_dags/example_subdag_operator.py for tasks to queue
[2026-02-24T05:38:27.663+0530] {logging_mixin.py:188} INFO - [2026-02-24T05:38:27.662+0530] {dagbag.py:540} INFO - Filling up the DagBag from /Users/aswin/Documents/data-engineering-practice/ETL_Airflow_DBT/airflow/airflow_env/lib/python3.11/site-packages/airflow/example_dags/example_subdag_operator.py
[2026-02-24T05:38:27.693+0530] {processor.py:840} INFO - DAG(s) 'example_subdag_operator.section-1', 'example_subdag_operator.section-2', 'example_subdag_operator' retrieved from /Users/aswin/Documents/data-engineering-practice/ETL_Airflow_DBT/airflow/airflow_env/lib/python3.11/site-packages/airflow/example_dags/example_subdag_operator.py
[2026-02-24T05:38:27.704+0530] {logging_mixin.py:188} INFO - [2026-02-24T05:38:27.704+0530] {dag.py:3096} INFO - Sync 3 DAGs
[2026-02-24T05:38:27.710+0530] {logging_mixin.py:188} INFO - [2026-02-24T05:38:27.710+0530] {dag.py:3954} INFO - Setting next_dagrun for example_subdag_operator to 2022-01-01 00:00:00+00:00, run_after=2022-01-01 00:00:00+00:00
[2026-02-24T05:38:27.711+0530] {logging_mixin.py:188} INFO - [2026-02-24T05:38:27.711+0530] {dag.py:3954} INFO - Setting next_dagrun for example_subdag_operator.section-1 to None, run_after=None
[2026-02-24T05:38:27.711+0530] {logging_mixin.py:188} INFO - [2026-02-24T05:38:27.711+0530] {dag.py:3954} INFO - Setting next_dagrun for example_subdag_operator.section-2 to None, run_after=None
[2026-02-24T05:38:27.714+0530] {logging_mixin.py:188} INFO - [2026-02-24T05:38:27.714+0530] {dag.py:3096} INFO - Sync 2 DAGs
[2026-02-24T05:38:27.715+0530] {logging_mixin.py:188} INFO - [2026-02-24T05:38:27.715+0530] {dag.py:3954} INFO - Setting next_dagrun for example_subdag_operator.section-1 to None, run_after=None
[2026-02-24T05:38:27.715+0530] {logging_mixin.py:188} INFO - [2026-02-24T05:38:27.715+0530] {dag.py:3954} INFO - Setting next_dagrun for example_subdag_operator.section-2 to None, run_after=None
[2026-02-24T05:38:27.719+0530] {processor.py:183} INFO - Processing /Users/aswin/Documents/data-engineering-practice/ETL_Airflow_DBT/airflow/airflow_env/lib/python3.11/site-packages/airflow/example_dags/example_subdag_operator.py took 0.059 seconds
[2026-02-24T05:39:56.585+0530] {processor.py:161} INFO - Started process (PID=47685) to work on /Users/aswin/Documents/data-engineering-practice/ETL_Airflow_DBT/airflow/airflow_env/lib/python3.11/site-packages/airflow/example_dags/example_subdag_operator.py
[2026-02-24T05:39:56.587+0530] {processor.py:830} INFO - Processing file /Users/aswin/Documents/data-engineering-practice/ETL_Airflow_DBT/airflow/airflow_env/lib/python3.11/site-packages/airflow/example_dags/example_subdag_operator.py for tasks to queue
[2026-02-24T05:39:56.587+0530] {logging_mixin.py:188} INFO - [2026-02-24T05:39:56.587+0530] {dagbag.py:540} INFO - Filling up the DagBag from /Users/aswin/Documents/data-engineering-practice/ETL_Airflow_DBT/airflow/airflow_env/lib/python3.11/site-packages/airflow/example_dags/example_subdag_operator.py
[2026-02-24T05:39:56.615+0530] {processor.py:840} INFO - DAG(s) 'example_subdag_operator.section-1', 'example_subdag_operator.section-2', 'example_subdag_operator' retrieved from /Users/aswin/Documents/data-engineering-practice/ETL_Airflow_DBT/airflow/airflow_env/lib/python3.11/site-packages/airflow/example_dags/example_subdag_operator.py
[2026-02-24T05:39:56.625+0530] {logging_mixin.py:188} INFO - [2026-02-24T05:39:56.625+0530] {dag.py:3096} INFO - Sync 3 DAGs
[2026-02-24T05:39:56.630+0530] {logging_mixin.py:188} INFO - [2026-02-24T05:39:56.630+0530] {dag.py:3954} INFO - Setting next_dagrun for example_subdag_operator to 2022-01-01 00:00:00+00:00, run_after=2022-01-01 00:00:00+00:00
[2026-02-24T05:39:56.631+0530] {logging_mixin.py:188} INFO - [2026-02-24T05:39:56.631+0530] {dag.py:3954} INFO - Setting next_dagrun for example_subdag_operator.section-1 to None, run_after=None
[2026-02-24T05:39:56.631+0530] {logging_mixin.py:188} INFO - [2026-02-24T05:39:56.631+0530] {dag.py:3954} INFO - Setting next_dagrun for example_subdag_operator.section-2 to None, run_after=None
[2026-02-24T05:39:56.633+0530] {logging_mixin.py:188} INFO - [2026-02-24T05:39:56.633+0530] {dag.py:3096} INFO - Sync 2 DAGs
[2026-02-24T05:39:56.634+0530] {logging_mixin.py:188} INFO - [2026-02-24T05:39:56.634+0530] {dag.py:3954} INFO - Setting next_dagrun for example_subdag_operator.section-1 to None, run_after=None
[2026-02-24T05:39:56.635+0530] {logging_mixin.py:188} INFO - [2026-02-24T05:39:56.635+0530] {dag.py:3954} INFO - Setting next_dagrun for example_subdag_operator.section-2 to None, run_after=None
[2026-02-24T05:39:56.638+0530] {processor.py:183} INFO - Processing /Users/aswin/Documents/data-engineering-practice/ETL_Airflow_DBT/airflow/airflow_env/lib/python3.11/site-packages/airflow/example_dags/example_subdag_operator.py took 0.054 seconds
[2026-02-24T05:41:41.393+0530] {processor.py:161} INFO - Started process (PID=47785) to work on /Users/aswin/Documents/data-engineering-practice/ETL_Airflow_DBT/airflow/airflow_env/lib/python3.11/site-packages/airflow/example_dags/example_subdag_operator.py
[2026-02-24T05:41:41.394+0530] {processor.py:830} INFO - Processing file /Users/aswin/Documents/data-engineering-practice/ETL_Airflow_DBT/airflow/airflow_env/lib/python3.11/site-packages/airflow/example_dags/example_subdag_operator.py for tasks to queue
[2026-02-24T05:41:41.394+0530] {logging_mixin.py:188} INFO - [2026-02-24T05:41:41.394+0530] {dagbag.py:540} INFO - Filling up the DagBag from /Users/aswin/Documents/data-engineering-practice/ETL_Airflow_DBT/airflow/airflow_env/lib/python3.11/site-packages/airflow/example_dags/example_subdag_operator.py
[2026-02-24T05:41:41.424+0530] {processor.py:840} INFO - DAG(s) 'example_subdag_operator.section-1', 'example_subdag_operator.section-2', 'example_subdag_operator' retrieved from /Users/aswin/Documents/data-engineering-practice/ETL_Airflow_DBT/airflow/airflow_env/lib/python3.11/site-packages/airflow/example_dags/example_subdag_operator.py
[2026-02-24T05:41:41.434+0530] {logging_mixin.py:188} INFO - [2026-02-24T05:41:41.434+0530] {dag.py:3096} INFO - Sync 3 DAGs
[2026-02-24T05:41:41.439+0530] {logging_mixin.py:188} INFO - [2026-02-24T05:41:41.439+0530] {dag.py:3954} INFO - Setting next_dagrun for example_subdag_operator to 2022-01-01 00:00:00+00:00, run_after=2022-01-01 00:00:00+00:00
[2026-02-24T05:41:41.440+0530] {logging_mixin.py:188} INFO - [2026-02-24T05:41:41.440+0530] {dag.py:3954} INFO - Setting next_dagrun for example_subdag_operator.section-1 to None, run_after=None
[2026-02-24T05:41:41.440+0530] {logging_mixin.py:188} INFO - [2026-02-24T05:41:41.440+0530] {dag.py:3954} INFO - Setting next_dagrun for example_subdag_operator.section-2 to None, run_after=None
[2026-02-24T05:41:41.443+0530] {logging_mixin.py:188} INFO - [2026-02-24T05:41:41.443+0530] {dag.py:3096} INFO - Sync 2 DAGs
[2026-02-24T05:41:41.444+0530] {logging_mixin.py:188} INFO - [2026-02-24T05:41:41.444+0530] {dag.py:3954} INFO - Setting next_dagrun for example_subdag_operator.section-1 to None, run_after=None
[2026-02-24T05:41:41.444+0530] {logging_mixin.py:188} INFO - [2026-02-24T05:41:41.444+0530] {dag.py:3954} INFO - Setting next_dagrun for example_subdag_operator.section-2 to None, run_after=None
[2026-02-24T05:41:41.447+0530] {processor.py:183} INFO - Processing /Users/aswin/Documents/data-engineering-practice/ETL_Airflow_DBT/airflow/airflow_env/lib/python3.11/site-packages/airflow/example_dags/example_subdag_operator.py took 0.056 seconds
[2026-02-24T05:43:09.365+0530] {processor.py:161} INFO - Started process (PID=47852) to work on /Users/aswin/Documents/data-engineering-practice/ETL_Airflow_DBT/airflow/airflow_env/lib/python3.11/site-packages/airflow/example_dags/example_subdag_operator.py
[2026-02-24T05:43:09.366+0530] {processor.py:830} INFO - Processing file /Users/aswin/Documents/data-engineering-practice/ETL_Airflow_DBT/airflow/airflow_env/lib/python3.11/site-packages/airflow/example_dags/example_subdag_operator.py for tasks to queue
[2026-02-24T05:43:09.366+0530] {logging_mixin.py:188} INFO - [2026-02-24T05:43:09.366+0530] {dagbag.py:540} INFO - Filling up the DagBag from /Users/aswin/Documents/data-engineering-practice/ETL_Airflow_DBT/airflow/airflow_env/lib/python3.11/site-packages/airflow/example_dags/example_subdag_operator.py
[2026-02-24T05:43:09.396+0530] {processor.py:840} INFO - DAG(s) 'example_subdag_operator.section-1', 'example_subdag_operator.section-2', 'example_subdag_operator' retrieved from /Users/aswin/Documents/data-engineering-practice/ETL_Airflow_DBT/airflow/airflow_env/lib/python3.11/site-packages/airflow/example_dags/example_subdag_operator.py
[2026-02-24T05:43:09.407+0530] {logging_mixin.py:188} INFO - [2026-02-24T05:43:09.407+0530] {dag.py:3096} INFO - Sync 3 DAGs
[2026-02-24T05:43:09.412+0530] {logging_mixin.py:188} INFO - [2026-02-24T05:43:09.412+0530] {dag.py:3954} INFO - Setting next_dagrun for example_subdag_operator to 2022-01-01 00:00:00+00:00, run_after=2022-01-01 00:00:00+00:00
[2026-02-24T05:43:09.412+0530] {logging_mixin.py:188} INFO - [2026-02-24T05:43:09.412+0530] {dag.py:3954} INFO - Setting next_dagrun for example_subdag_operator.section-1 to None, run_after=None
[2026-02-24T05:43:09.413+0530] {logging_mixin.py:188} INFO - [2026-02-24T05:43:09.413+0530] {dag.py:3954} INFO - Setting next_dagrun for example_subdag_operator.section-2 to None, run_after=None
[2026-02-24T05:43:09.415+0530] {logging_mixin.py:188} INFO - [2026-02-24T05:43:09.415+0530] {dag.py:3096} INFO - Sync 2 DAGs
[2026-02-24T05:43:09.416+0530] {logging_mixin.py:188} INFO - [2026-02-24T05:43:09.416+0530] {dag.py:3954} INFO - Setting next_dagrun for example_subdag_operator.section-1 to None, run_after=None
[2026-02-24T05:43:09.416+0530] {logging_mixin.py:188} INFO - [2026-02-24T05:43:09.416+0530] {dag.py:3954} INFO - Setting next_dagrun for example_subdag_operator.section-2 to None, run_after=None
[2026-02-24T05:43:09.420+0530] {processor.py:183} INFO - Processing /Users/aswin/Documents/data-engineering-practice/ETL_Airflow_DBT/airflow/airflow_env/lib/python3.11/site-packages/airflow/example_dags/example_subdag_operator.py took 0.055 seconds
[2026-02-24T05:44:45.127+0530] {processor.py:161} INFO - Started process (PID=47941) to work on /Users/aswin/Documents/data-engineering-practice/ETL_Airflow_DBT/airflow/airflow_env/lib/python3.11/site-packages/airflow/example_dags/example_subdag_operator.py
[2026-02-24T05:44:45.128+0530] {processor.py:830} INFO - Processing file /Users/aswin/Documents/data-engineering-practice/ETL_Airflow_DBT/airflow/airflow_env/lib/python3.11/site-packages/airflow/example_dags/example_subdag_operator.py for tasks to queue
[2026-02-24T05:44:45.129+0530] {logging_mixin.py:188} INFO - [2026-02-24T05:44:45.129+0530] {dagbag.py:540} INFO - Filling up the DagBag from /Users/aswin/Documents/data-engineering-practice/ETL_Airflow_DBT/airflow/airflow_env/lib/python3.11/site-packages/airflow/example_dags/example_subdag_operator.py
[2026-02-24T05:44:45.157+0530] {processor.py:840} INFO - DAG(s) 'example_subdag_operator.section-1', 'example_subdag_operator.section-2', 'example_subdag_operator' retrieved from /Users/aswin/Documents/data-engineering-practice/ETL_Airflow_DBT/airflow/airflow_env/lib/python3.11/site-packages/airflow/example_dags/example_subdag_operator.py
[2026-02-24T05:44:45.167+0530] {logging_mixin.py:188} INFO - [2026-02-24T05:44:45.167+0530] {dag.py:3096} INFO - Sync 3 DAGs
[2026-02-24T05:44:45.172+0530] {logging_mixin.py:188} INFO - [2026-02-24T05:44:45.172+0530] {dag.py:3954} INFO - Setting next_dagrun for example_subdag_operator to 2022-01-01 00:00:00+00:00, run_after=2022-01-01 00:00:00+00:00
[2026-02-24T05:44:45.173+0530] {logging_mixin.py:188} INFO - [2026-02-24T05:44:45.173+0530] {dag.py:3954} INFO - Setting next_dagrun for example_subdag_operator.section-1 to None, run_after=None
[2026-02-24T05:44:45.173+0530] {logging_mixin.py:188} INFO - [2026-02-24T05:44:45.173+0530] {dag.py:3954} INFO - Setting next_dagrun for example_subdag_operator.section-2 to None, run_after=None
[2026-02-24T05:44:45.176+0530] {logging_mixin.py:188} INFO - [2026-02-24T05:44:45.176+0530] {dag.py:3096} INFO - Sync 2 DAGs
[2026-02-24T05:44:45.177+0530] {logging_mixin.py:188} INFO - [2026-02-24T05:44:45.177+0530] {dag.py:3954} INFO - Setting next_dagrun for example_subdag_operator.section-1 to None, run_after=None
[2026-02-24T05:44:45.177+0530] {logging_mixin.py:188} INFO - [2026-02-24T05:44:45.177+0530] {dag.py:3954} INFO - Setting next_dagrun for example_subdag_operator.section-2 to None, run_after=None
[2026-02-24T05:44:45.180+0530] {processor.py:183} INFO - Processing /Users/aswin/Documents/data-engineering-practice/ETL_Airflow_DBT/airflow/airflow_env/lib/python3.11/site-packages/airflow/example_dags/example_subdag_operator.py took 0.054 seconds
[2026-02-24T05:46:16.081+0530] {processor.py:161} INFO - Started process (PID=48015) to work on /Users/aswin/Documents/data-engineering-practice/ETL_Airflow_DBT/airflow/airflow_env/lib/python3.11/site-packages/airflow/example_dags/example_subdag_operator.py
[2026-02-24T05:46:16.082+0530] {processor.py:830} INFO - Processing file /Users/aswin/Documents/data-engineering-practice/ETL_Airflow_DBT/airflow/airflow_env/lib/python3.11/site-packages/airflow/example_dags/example_subdag_operator.py for tasks to queue
[2026-02-24T05:46:16.083+0530] {logging_mixin.py:188} INFO - [2026-02-24T05:46:16.083+0530] {dagbag.py:540} INFO - Filling up the DagBag from /Users/aswin/Documents/data-engineering-practice/ETL_Airflow_DBT/airflow/airflow_env/lib/python3.11/site-packages/airflow/example_dags/example_subdag_operator.py
[2026-02-24T05:46:16.112+0530] {processor.py:840} INFO - DAG(s) 'example_subdag_operator.section-1', 'example_subdag_operator.section-2', 'example_subdag_operator' retrieved from /Users/aswin/Documents/data-engineering-practice/ETL_Airflow_DBT/airflow/airflow_env/lib/python3.11/site-packages/airflow/example_dags/example_subdag_operator.py
[2026-02-24T05:46:16.122+0530] {logging_mixin.py:188} INFO - [2026-02-24T05:46:16.122+0530] {dag.py:3096} INFO - Sync 3 DAGs
[2026-02-24T05:46:16.127+0530] {logging_mixin.py:188} INFO - [2026-02-24T05:46:16.126+0530] {dag.py:3954} INFO - Setting next_dagrun for example_subdag_operator to 2022-01-01 00:00:00+00:00, run_after=2022-01-01 00:00:00+00:00
[2026-02-24T05:46:16.127+0530] {logging_mixin.py:188} INFO - [2026-02-24T05:46:16.127+0530] {dag.py:3954} INFO - Setting next_dagrun for example_subdag_operator.section-1 to None, run_after=None
[2026-02-24T05:46:16.128+0530] {logging_mixin.py:188} INFO - [2026-02-24T05:46:16.128+0530] {dag.py:3954} INFO - Setting next_dagrun for example_subdag_operator.section-2 to None, run_after=None
[2026-02-24T05:46:16.130+0530] {logging_mixin.py:188} INFO - [2026-02-24T05:46:16.130+0530] {dag.py:3096} INFO - Sync 2 DAGs
[2026-02-24T05:46:16.131+0530] {logging_mixin.py:188} INFO - [2026-02-24T05:46:16.131+0530] {dag.py:3954} INFO - Setting next_dagrun for example_subdag_operator.section-1 to None, run_after=None
[2026-02-24T05:46:16.131+0530] {logging_mixin.py:188} INFO - [2026-02-24T05:46:16.131+0530] {dag.py:3954} INFO - Setting next_dagrun for example_subdag_operator.section-2 to None, run_after=None
[2026-02-24T05:46:16.135+0530] {processor.py:183} INFO - Processing /Users/aswin/Documents/data-engineering-practice/ETL_Airflow_DBT/airflow/airflow_env/lib/python3.11/site-packages/airflow/example_dags/example_subdag_operator.py took 0.054 seconds
[2026-02-24T05:47:45.044+0530] {processor.py:161} INFO - Started process (PID=48123) to work on /Users/aswin/Documents/data-engineering-practice/ETL_Airflow_DBT/airflow/airflow_env/lib/python3.11/site-packages/airflow/example_dags/example_subdag_operator.py
[2026-02-24T05:47:45.044+0530] {processor.py:830} INFO - Processing file /Users/aswin/Documents/data-engineering-practice/ETL_Airflow_DBT/airflow/airflow_env/lib/python3.11/site-packages/airflow/example_dags/example_subdag_operator.py for tasks to queue
[2026-02-24T05:47:45.044+0530] {logging_mixin.py:188} INFO - [2026-02-24T05:47:45.044+0530] {dagbag.py:540} INFO - Filling up the DagBag from /Users/aswin/Documents/data-engineering-practice/ETL_Airflow_DBT/airflow/airflow_env/lib/python3.11/site-packages/airflow/example_dags/example_subdag_operator.py
[2026-02-24T05:47:45.076+0530] {processor.py:840} INFO - DAG(s) 'example_subdag_operator.section-1', 'example_subdag_operator.section-2', 'example_subdag_operator' retrieved from /Users/aswin/Documents/data-engineering-practice/ETL_Airflow_DBT/airflow/airflow_env/lib/python3.11/site-packages/airflow/example_dags/example_subdag_operator.py
[2026-02-24T05:47:45.086+0530] {logging_mixin.py:188} INFO - [2026-02-24T05:47:45.086+0530] {dag.py:3096} INFO - Sync 3 DAGs
[2026-02-24T05:47:45.091+0530] {logging_mixin.py:188} INFO - [2026-02-24T05:47:45.091+0530] {dag.py:3954} INFO - Setting next_dagrun for example_subdag_operator to 2022-01-01 00:00:00+00:00, run_after=2022-01-01 00:00:00+00:00
[2026-02-24T05:47:45.092+0530] {logging_mixin.py:188} INFO - [2026-02-24T05:47:45.092+0530] {dag.py:3954} INFO - Setting next_dagrun for example_subdag_operator.section-1 to None, run_after=None
[2026-02-24T05:47:45.092+0530] {logging_mixin.py:188} INFO - [2026-02-24T05:47:45.092+0530] {dag.py:3954} INFO - Setting next_dagrun for example_subdag_operator.section-2 to None, run_after=None
[2026-02-24T05:47:45.094+0530] {logging_mixin.py:188} INFO - [2026-02-24T05:47:45.094+0530] {dag.py:3096} INFO - Sync 2 DAGs
[2026-02-24T05:47:45.095+0530] {logging_mixin.py:188} INFO - [2026-02-24T05:47:45.095+0530] {dag.py:3954} INFO - Setting next_dagrun for example_subdag_operator.section-1 to None, run_after=None
[2026-02-24T05:47:45.096+0530] {logging_mixin.py:188} INFO - [2026-02-24T05:47:45.096+0530] {dag.py:3954} INFO - Setting next_dagrun for example_subdag_operator.section-2 to None, run_after=None
[2026-02-24T05:47:45.099+0530] {processor.py:183} INFO - Processing /Users/aswin/Documents/data-engineering-practice/ETL_Airflow_DBT/airflow/airflow_env/lib/python3.11/site-packages/airflow/example_dags/example_subdag_operator.py took 0.057 seconds
[2026-02-24T05:49:12.558+0530] {processor.py:161} INFO - Started process (PID=48241) to work on /Users/aswin/Documents/data-engineering-practice/ETL_Airflow_DBT/airflow/airflow_env/lib/python3.11/site-packages/airflow/example_dags/example_subdag_operator.py
[2026-02-24T05:49:12.558+0530] {processor.py:830} INFO - Processing file /Users/aswin/Documents/data-engineering-practice/ETL_Airflow_DBT/airflow/airflow_env/lib/python3.11/site-packages/airflow/example_dags/example_subdag_operator.py for tasks to queue
[2026-02-24T05:49:12.559+0530] {logging_mixin.py:188} INFO - [2026-02-24T05:49:12.558+0530] {dagbag.py:540} INFO - Filling up the DagBag from /Users/aswin/Documents/data-engineering-practice/ETL_Airflow_DBT/airflow/airflow_env/lib/python3.11/site-packages/airflow/example_dags/example_subdag_operator.py
[2026-02-24T05:49:12.588+0530] {processor.py:840} INFO - DAG(s) 'example_subdag_operator.section-1', 'example_subdag_operator.section-2', 'example_subdag_operator' retrieved from /Users/aswin/Documents/data-engineering-practice/ETL_Airflow_DBT/airflow/airflow_env/lib/python3.11/site-packages/airflow/example_dags/example_subdag_operator.py
[2026-02-24T05:49:12.598+0530] {logging_mixin.py:188} INFO - [2026-02-24T05:49:12.598+0530] {dag.py:3096} INFO - Sync 3 DAGs
[2026-02-24T05:49:12.603+0530] {logging_mixin.py:188} INFO - [2026-02-24T05:49:12.603+0530] {dag.py:3954} INFO - Setting next_dagrun for example_subdag_operator to 2022-01-01 00:00:00+00:00, run_after=2022-01-01 00:00:00+00:00
[2026-02-24T05:49:12.604+0530] {logging_mixin.py:188} INFO - [2026-02-24T05:49:12.604+0530] {dag.py:3954} INFO - Setting next_dagrun for example_subdag_operator.section-1 to None, run_after=None
[2026-02-24T05:49:12.604+0530] {logging_mixin.py:188} INFO - [2026-02-24T05:49:12.604+0530] {dag.py:3954} INFO - Setting next_dagrun for example_subdag_operator.section-2 to None, run_after=None
[2026-02-24T05:49:12.606+0530] {logging_mixin.py:188} INFO - [2026-02-24T05:49:12.606+0530] {dag.py:3096} INFO - Sync 2 DAGs
[2026-02-24T05:49:12.607+0530] {logging_mixin.py:188} INFO - [2026-02-24T05:49:12.607+0530] {dag.py:3954} INFO - Setting next_dagrun for example_subdag_operator.section-1 to None, run_after=None
[2026-02-24T05:49:12.607+0530] {logging_mixin.py:188} INFO - [2026-02-24T05:49:12.607+0530] {dag.py:3954} INFO - Setting next_dagrun for example_subdag_operator.section-2 to None, run_after=None
[2026-02-24T05:49:12.611+0530] {processor.py:183} INFO - Processing /Users/aswin/Documents/data-engineering-practice/ETL_Airflow_DBT/airflow/airflow_env/lib/python3.11/site-packages/airflow/example_dags/example_subdag_operator.py took 0.054 seconds
[2026-02-24T05:50:45.262+0530] {processor.py:161} INFO - Started process (PID=48323) to work on /Users/aswin/Documents/data-engineering-practice/ETL_Airflow_DBT/airflow/airflow_env/lib/python3.11/site-packages/airflow/example_dags/example_subdag_operator.py
[2026-02-24T05:50:45.263+0530] {processor.py:830} INFO - Processing file /Users/aswin/Documents/data-engineering-practice/ETL_Airflow_DBT/airflow/airflow_env/lib/python3.11/site-packages/airflow/example_dags/example_subdag_operator.py for tasks to queue
[2026-02-24T05:50:45.263+0530] {logging_mixin.py:188} INFO - [2026-02-24T05:50:45.263+0530] {dagbag.py:540} INFO - Filling up the DagBag from /Users/aswin/Documents/data-engineering-practice/ETL_Airflow_DBT/airflow/airflow_env/lib/python3.11/site-packages/airflow/example_dags/example_subdag_operator.py
[2026-02-24T05:50:45.292+0530] {processor.py:840} INFO - DAG(s) 'example_subdag_operator.section-1', 'example_subdag_operator.section-2', 'example_subdag_operator' retrieved from /Users/aswin/Documents/data-engineering-practice/ETL_Airflow_DBT/airflow/airflow_env/lib/python3.11/site-packages/airflow/example_dags/example_subdag_operator.py
[2026-02-24T05:50:45.302+0530] {logging_mixin.py:188} INFO - [2026-02-24T05:50:45.302+0530] {dag.py:3096} INFO - Sync 3 DAGs
[2026-02-24T05:50:45.307+0530] {logging_mixin.py:188} INFO - [2026-02-24T05:50:45.307+0530] {dag.py:3954} INFO - Setting next_dagrun for example_subdag_operator to 2022-01-01 00:00:00+00:00, run_after=2022-01-01 00:00:00+00:00
[2026-02-24T05:50:45.308+0530] {logging_mixin.py:188} INFO - [2026-02-24T05:50:45.308+0530] {dag.py:3954} INFO - Setting next_dagrun for example_subdag_operator.section-1 to None, run_after=None
[2026-02-24T05:50:45.308+0530] {logging_mixin.py:188} INFO - [2026-02-24T05:50:45.308+0530] {dag.py:3954} INFO - Setting next_dagrun for example_subdag_operator.section-2 to None, run_after=None
[2026-02-24T05:50:45.310+0530] {logging_mixin.py:188} INFO - [2026-02-24T05:50:45.310+0530] {dag.py:3096} INFO - Sync 2 DAGs
[2026-02-24T05:50:45.311+0530] {logging_mixin.py:188} INFO - [2026-02-24T05:50:45.311+0530] {dag.py:3954} INFO - Setting next_dagrun for example_subdag_operator.section-1 to None, run_after=None
[2026-02-24T05:50:45.311+0530] {logging_mixin.py:188} INFO - [2026-02-24T05:50:45.311+0530] {dag.py:3954} INFO - Setting next_dagrun for example_subdag_operator.section-2 to None, run_after=None
[2026-02-24T05:50:45.315+0530] {processor.py:183} INFO - Processing /Users/aswin/Documents/data-engineering-practice/ETL_Airflow_DBT/airflow/airflow_env/lib/python3.11/site-packages/airflow/example_dags/example_subdag_operator.py took 0.054 seconds
[2026-02-24T05:52:17.616+0530] {processor.py:161} INFO - Started process (PID=48403) to work on /Users/aswin/Documents/data-engineering-practice/ETL_Airflow_DBT/airflow/airflow_env/lib/python3.11/site-packages/airflow/example_dags/example_subdag_operator.py
[2026-02-24T05:52:17.616+0530] {processor.py:830} INFO - Processing file /Users/aswin/Documents/data-engineering-practice/ETL_Airflow_DBT/airflow/airflow_env/lib/python3.11/site-packages/airflow/example_dags/example_subdag_operator.py for tasks to queue
[2026-02-24T05:52:17.617+0530] {logging_mixin.py:188} INFO - [2026-02-24T05:52:17.617+0530] {dagbag.py:540} INFO - Filling up the DagBag from /Users/aswin/Documents/data-engineering-practice/ETL_Airflow_DBT/airflow/airflow_env/lib/python3.11/site-packages/airflow/example_dags/example_subdag_operator.py
[2026-02-24T05:52:17.646+0530] {processor.py:840} INFO - DAG(s) 'example_subdag_operator.section-1', 'example_subdag_operator.section-2', 'example_subdag_operator' retrieved from /Users/aswin/Documents/data-engineering-practice/ETL_Airflow_DBT/airflow/airflow_env/lib/python3.11/site-packages/airflow/example_dags/example_subdag_operator.py
[2026-02-24T05:52:17.656+0530] {logging_mixin.py:188} INFO - [2026-02-24T05:52:17.656+0530] {dag.py:3096} INFO - Sync 3 DAGs
[2026-02-24T05:52:17.661+0530] {logging_mixin.py:188} INFO - [2026-02-24T05:52:17.661+0530] {dag.py:3954} INFO - Setting next_dagrun for example_subdag_operator to 2022-01-01 00:00:00+00:00, run_after=2022-01-01 00:00:00+00:00
[2026-02-24T05:52:17.662+0530] {logging_mixin.py:188} INFO - [2026-02-24T05:52:17.662+0530] {dag.py:3954} INFO - Setting next_dagrun for example_subdag_operator.section-1 to None, run_after=None
[2026-02-24T05:52:17.662+0530] {logging_mixin.py:188} INFO - [2026-02-24T05:52:17.662+0530] {dag.py:3954} INFO - Setting next_dagrun for example_subdag_operator.section-2 to None, run_after=None
[2026-02-24T05:52:17.664+0530] {logging_mixin.py:188} INFO - [2026-02-24T05:52:17.664+0530] {dag.py:3096} INFO - Sync 2 DAGs
[2026-02-24T05:52:17.665+0530] {logging_mixin.py:188} INFO - [2026-02-24T05:52:17.665+0530] {dag.py:3954} INFO - Setting next_dagrun for example_subdag_operator.section-1 to None, run_after=None
[2026-02-24T05:52:17.665+0530] {logging_mixin.py:188} INFO - [2026-02-24T05:52:17.665+0530] {dag.py:3954} INFO - Setting next_dagrun for example_subdag_operator.section-2 to None, run_after=None
[2026-02-24T05:52:17.669+0530] {processor.py:183} INFO - Processing /Users/aswin/Documents/data-engineering-practice/ETL_Airflow_DBT/airflow/airflow_env/lib/python3.11/site-packages/airflow/example_dags/example_subdag_operator.py took 0.054 seconds
[2026-02-24T05:53:51.986+0530] {processor.py:161} INFO - Started process (PID=48492) to work on /Users/aswin/Documents/data-engineering-practice/ETL_Airflow_DBT/airflow/airflow_env/lib/python3.11/site-packages/airflow/example_dags/example_subdag_operator.py
[2026-02-24T05:53:51.986+0530] {processor.py:830} INFO - Processing file /Users/aswin/Documents/data-engineering-practice/ETL_Airflow_DBT/airflow/airflow_env/lib/python3.11/site-packages/airflow/example_dags/example_subdag_operator.py for tasks to queue
[2026-02-24T05:53:51.987+0530] {logging_mixin.py:188} INFO - [2026-02-24T05:53:51.986+0530] {dagbag.py:540} INFO - Filling up the DagBag from /Users/aswin/Documents/data-engineering-practice/ETL_Airflow_DBT/airflow/airflow_env/lib/python3.11/site-packages/airflow/example_dags/example_subdag_operator.py
[2026-02-24T05:53:52.016+0530] {processor.py:840} INFO - DAG(s) 'example_subdag_operator.section-1', 'example_subdag_operator.section-2', 'example_subdag_operator' retrieved from /Users/aswin/Documents/data-engineering-practice/ETL_Airflow_DBT/airflow/airflow_env/lib/python3.11/site-packages/airflow/example_dags/example_subdag_operator.py
[2026-02-24T05:53:52.027+0530] {logging_mixin.py:188} INFO - [2026-02-24T05:53:52.027+0530] {dag.py:3096} INFO - Sync 3 DAGs
[2026-02-24T05:53:52.032+0530] {logging_mixin.py:188} INFO - [2026-02-24T05:53:52.032+0530] {dag.py:3954} INFO - Setting next_dagrun for example_subdag_operator to 2022-01-01 00:00:00+00:00, run_after=2022-01-01 00:00:00+00:00
[2026-02-24T05:53:52.033+0530] {logging_mixin.py:188} INFO - [2026-02-24T05:53:52.033+0530] {dag.py:3954} INFO - Setting next_dagrun for example_subdag_operator.section-1 to None, run_after=None
[2026-02-24T05:53:52.033+0530] {logging_mixin.py:188} INFO - [2026-02-24T05:53:52.033+0530] {dag.py:3954} INFO - Setting next_dagrun for example_subdag_operator.section-2 to None, run_after=None
[2026-02-24T05:53:52.035+0530] {logging_mixin.py:188} INFO - [2026-02-24T05:53:52.035+0530] {dag.py:3096} INFO - Sync 2 DAGs
[2026-02-24T05:53:52.036+0530] {logging_mixin.py:188} INFO - [2026-02-24T05:53:52.036+0530] {dag.py:3954} INFO - Setting next_dagrun for example_subdag_operator.section-1 to None, run_after=None
[2026-02-24T05:53:52.037+0530] {logging_mixin.py:188} INFO - [2026-02-24T05:53:52.037+0530] {dag.py:3954} INFO - Setting next_dagrun for example_subdag_operator.section-2 to None, run_after=None
[2026-02-24T05:53:52.040+0530] {processor.py:183} INFO - Processing /Users/aswin/Documents/data-engineering-practice/ETL_Airflow_DBT/airflow/airflow_env/lib/python3.11/site-packages/airflow/example_dags/example_subdag_operator.py took 0.055 seconds
[2026-02-24T05:55:25.259+0530] {processor.py:161} INFO - Started process (PID=48605) to work on /Users/aswin/Documents/data-engineering-practice/ETL_Airflow_DBT/airflow/airflow_env/lib/python3.11/site-packages/airflow/example_dags/example_subdag_operator.py
[2026-02-24T05:55:25.260+0530] {processor.py:830} INFO - Processing file /Users/aswin/Documents/data-engineering-practice/ETL_Airflow_DBT/airflow/airflow_env/lib/python3.11/site-packages/airflow/example_dags/example_subdag_operator.py for tasks to queue
[2026-02-24T05:55:25.260+0530] {logging_mixin.py:188} INFO - [2026-02-24T05:55:25.260+0530] {dagbag.py:540} INFO - Filling up the DagBag from /Users/aswin/Documents/data-engineering-practice/ETL_Airflow_DBT/airflow/airflow_env/lib/python3.11/site-packages/airflow/example_dags/example_subdag_operator.py
[2026-02-24T05:55:25.289+0530] {processor.py:840} INFO - DAG(s) 'example_subdag_operator.section-1', 'example_subdag_operator.section-2', 'example_subdag_operator' retrieved from /Users/aswin/Documents/data-engineering-practice/ETL_Airflow_DBT/airflow/airflow_env/lib/python3.11/site-packages/airflow/example_dags/example_subdag_operator.py
[2026-02-24T05:55:25.298+0530] {logging_mixin.py:188} INFO - [2026-02-24T05:55:25.298+0530] {dag.py:3096} INFO - Sync 3 DAGs
[2026-02-24T05:55:25.303+0530] {logging_mixin.py:188} INFO - [2026-02-24T05:55:25.303+0530] {dag.py:3954} INFO - Setting next_dagrun for example_subdag_operator to 2022-01-01 00:00:00+00:00, run_after=2022-01-01 00:00:00+00:00
[2026-02-24T05:55:25.304+0530] {logging_mixin.py:188} INFO - [2026-02-24T05:55:25.304+0530] {dag.py:3954} INFO - Setting next_dagrun for example_subdag_operator.section-1 to None, run_after=None
[2026-02-24T05:55:25.304+0530] {logging_mixin.py:188} INFO - [2026-02-24T05:55:25.304+0530] {dag.py:3954} INFO - Setting next_dagrun for example_subdag_operator.section-2 to None, run_after=None
[2026-02-24T05:55:25.306+0530] {logging_mixin.py:188} INFO - [2026-02-24T05:55:25.306+0530] {dag.py:3096} INFO - Sync 2 DAGs
[2026-02-24T05:55:25.307+0530] {logging_mixin.py:188} INFO - [2026-02-24T05:55:25.307+0530] {dag.py:3954} INFO - Setting next_dagrun for example_subdag_operator.section-1 to None, run_after=None
[2026-02-24T05:55:25.308+0530] {logging_mixin.py:188} INFO - [2026-02-24T05:55:25.308+0530] {dag.py:3954} INFO - Setting next_dagrun for example_subdag_operator.section-2 to None, run_after=None
[2026-02-24T05:55:25.311+0530] {processor.py:183} INFO - Processing /Users/aswin/Documents/data-engineering-practice/ETL_Airflow_DBT/airflow/airflow_env/lib/python3.11/site-packages/airflow/example_dags/example_subdag_operator.py took 0.053 seconds
[2026-02-24T05:56:58.790+0530] {processor.py:161} INFO - Started process (PID=48692) to work on /Users/aswin/Documents/data-engineering-practice/ETL_Airflow_DBT/airflow/airflow_env/lib/python3.11/site-packages/airflow/example_dags/example_subdag_operator.py
[2026-02-24T05:56:58.791+0530] {processor.py:830} INFO - Processing file /Users/aswin/Documents/data-engineering-practice/ETL_Airflow_DBT/airflow/airflow_env/lib/python3.11/site-packages/airflow/example_dags/example_subdag_operator.py for tasks to queue
[2026-02-24T05:56:58.792+0530] {logging_mixin.py:188} INFO - [2026-02-24T05:56:58.792+0530] {dagbag.py:540} INFO - Filling up the DagBag from /Users/aswin/Documents/data-engineering-practice/ETL_Airflow_DBT/airflow/airflow_env/lib/python3.11/site-packages/airflow/example_dags/example_subdag_operator.py
[2026-02-24T05:56:58.820+0530] {processor.py:840} INFO - DAG(s) 'example_subdag_operator.section-1', 'example_subdag_operator.section-2', 'example_subdag_operator' retrieved from /Users/aswin/Documents/data-engineering-practice/ETL_Airflow_DBT/airflow/airflow_env/lib/python3.11/site-packages/airflow/example_dags/example_subdag_operator.py
[2026-02-24T05:56:58.830+0530] {logging_mixin.py:188} INFO - [2026-02-24T05:56:58.830+0530] {dag.py:3096} INFO - Sync 3 DAGs
[2026-02-24T05:56:58.835+0530] {logging_mixin.py:188} INFO - [2026-02-24T05:56:58.835+0530] {dag.py:3954} INFO - Setting next_dagrun for example_subdag_operator to 2022-01-01 00:00:00+00:00, run_after=2022-01-01 00:00:00+00:00
[2026-02-24T05:56:58.836+0530] {logging_mixin.py:188} INFO - [2026-02-24T05:56:58.836+0530] {dag.py:3954} INFO - Setting next_dagrun for example_subdag_operator.section-1 to None, run_after=None
[2026-02-24T05:56:58.836+0530] {logging_mixin.py:188} INFO - [2026-02-24T05:56:58.836+0530] {dag.py:3954} INFO - Setting next_dagrun for example_subdag_operator.section-2 to None, run_after=None
[2026-02-24T05:56:58.838+0530] {logging_mixin.py:188} INFO - [2026-02-24T05:56:58.838+0530] {dag.py:3096} INFO - Sync 2 DAGs
[2026-02-24T05:56:58.839+0530] {logging_mixin.py:188} INFO - [2026-02-24T05:56:58.839+0530] {dag.py:3954} INFO - Setting next_dagrun for example_subdag_operator.section-1 to None, run_after=None
[2026-02-24T05:56:58.839+0530] {logging_mixin.py:188} INFO - [2026-02-24T05:56:58.839+0530] {dag.py:3954} INFO - Setting next_dagrun for example_subdag_operator.section-2 to None, run_after=None
[2026-02-24T05:56:58.843+0530] {processor.py:183} INFO - Processing /Users/aswin/Documents/data-engineering-practice/ETL_Airflow_DBT/airflow/airflow_env/lib/python3.11/site-packages/airflow/example_dags/example_subdag_operator.py took 0.054 seconds
[2026-02-24T05:58:33.299+0530] {processor.py:161} INFO - Started process (PID=48781) to work on /Users/aswin/Documents/data-engineering-practice/ETL_Airflow_DBT/airflow/airflow_env/lib/python3.11/site-packages/airflow/example_dags/example_subdag_operator.py
[2026-02-24T05:58:33.300+0530] {processor.py:830} INFO - Processing file /Users/aswin/Documents/data-engineering-practice/ETL_Airflow_DBT/airflow/airflow_env/lib/python3.11/site-packages/airflow/example_dags/example_subdag_operator.py for tasks to queue
[2026-02-24T05:58:33.300+0530] {logging_mixin.py:188} INFO - [2026-02-24T05:58:33.300+0530] {dagbag.py:540} INFO - Filling up the DagBag from /Users/aswin/Documents/data-engineering-practice/ETL_Airflow_DBT/airflow/airflow_env/lib/python3.11/site-packages/airflow/example_dags/example_subdag_operator.py
[2026-02-24T05:58:33.329+0530] {processor.py:840} INFO - DAG(s) 'example_subdag_operator.section-1', 'example_subdag_operator.section-2', 'example_subdag_operator' retrieved from /Users/aswin/Documents/data-engineering-practice/ETL_Airflow_DBT/airflow/airflow_env/lib/python3.11/site-packages/airflow/example_dags/example_subdag_operator.py
[2026-02-24T05:58:33.339+0530] {logging_mixin.py:188} INFO - [2026-02-24T05:58:33.339+0530] {dag.py:3096} INFO - Sync 3 DAGs
[2026-02-24T05:58:33.344+0530] {logging_mixin.py:188} INFO - [2026-02-24T05:58:33.344+0530] {dag.py:3954} INFO - Setting next_dagrun for example_subdag_operator to 2022-01-01 00:00:00+00:00, run_after=2022-01-01 00:00:00+00:00
[2026-02-24T05:58:33.345+0530] {logging_mixin.py:188} INFO - [2026-02-24T05:58:33.345+0530] {dag.py:3954} INFO - Setting next_dagrun for example_subdag_operator.section-1 to None, run_after=None
[2026-02-24T05:58:33.345+0530] {logging_mixin.py:188} INFO - [2026-02-24T05:58:33.345+0530] {dag.py:3954} INFO - Setting next_dagrun for example_subdag_operator.section-2 to None, run_after=None
[2026-02-24T05:58:33.348+0530] {logging_mixin.py:188} INFO - [2026-02-24T05:58:33.348+0530] {dag.py:3096} INFO - Sync 2 DAGs
[2026-02-24T05:58:33.349+0530] {logging_mixin.py:188} INFO - [2026-02-24T05:58:33.349+0530] {dag.py:3954} INFO - Setting next_dagrun for example_subdag_operator.section-1 to None, run_after=None
[2026-02-24T05:58:33.349+0530] {logging_mixin.py:188} INFO - [2026-02-24T05:58:33.349+0530] {dag.py:3954} INFO - Setting next_dagrun for example_subdag_operator.section-2 to None, run_after=None
[2026-02-24T05:58:33.352+0530] {processor.py:183} INFO - Processing /Users/aswin/Documents/data-engineering-practice/ETL_Airflow_DBT/airflow/airflow_env/lib/python3.11/site-packages/airflow/example_dags/example_subdag_operator.py took 0.055 seconds
[2026-02-24T06:00:04.811+0530] {processor.py:161} INFO - Started process (PID=48875) to work on /Users/aswin/Documents/data-engineering-practice/ETL_Airflow_DBT/airflow/airflow_env/lib/python3.11/site-packages/airflow/example_dags/example_subdag_operator.py
[2026-02-24T06:00:04.812+0530] {processor.py:830} INFO - Processing file /Users/aswin/Documents/data-engineering-practice/ETL_Airflow_DBT/airflow/airflow_env/lib/python3.11/site-packages/airflow/example_dags/example_subdag_operator.py for tasks to queue
[2026-02-24T06:00:04.812+0530] {logging_mixin.py:188} INFO - [2026-02-24T06:00:04.812+0530] {dagbag.py:540} INFO - Filling up the DagBag from /Users/aswin/Documents/data-engineering-practice/ETL_Airflow_DBT/airflow/airflow_env/lib/python3.11/site-packages/airflow/example_dags/example_subdag_operator.py
[2026-02-24T06:00:04.842+0530] {processor.py:840} INFO - DAG(s) 'example_subdag_operator.section-1', 'example_subdag_operator.section-2', 'example_subdag_operator' retrieved from /Users/aswin/Documents/data-engineering-practice/ETL_Airflow_DBT/airflow/airflow_env/lib/python3.11/site-packages/airflow/example_dags/example_subdag_operator.py
[2026-02-24T06:00:04.853+0530] {logging_mixin.py:188} INFO - [2026-02-24T06:00:04.853+0530] {dag.py:3096} INFO - Sync 3 DAGs
[2026-02-24T06:00:04.858+0530] {logging_mixin.py:188} INFO - [2026-02-24T06:00:04.858+0530] {dag.py:3954} INFO - Setting next_dagrun for example_subdag_operator to 2022-01-01 00:00:00+00:00, run_after=2022-01-01 00:00:00+00:00
[2026-02-24T06:00:04.859+0530] {logging_mixin.py:188} INFO - [2026-02-24T06:00:04.859+0530] {dag.py:3954} INFO - Setting next_dagrun for example_subdag_operator.section-1 to None, run_after=None
[2026-02-24T06:00:04.859+0530] {logging_mixin.py:188} INFO - [2026-02-24T06:00:04.859+0530] {dag.py:3954} INFO - Setting next_dagrun for example_subdag_operator.section-2 to None, run_after=None
[2026-02-24T06:00:04.861+0530] {logging_mixin.py:188} INFO - [2026-02-24T06:00:04.861+0530] {dag.py:3096} INFO - Sync 2 DAGs
[2026-02-24T06:00:04.862+0530] {logging_mixin.py:188} INFO - [2026-02-24T06:00:04.862+0530] {dag.py:3954} INFO - Setting next_dagrun for example_subdag_operator.section-1 to None, run_after=None
[2026-02-24T06:00:04.863+0530] {logging_mixin.py:188} INFO - [2026-02-24T06:00:04.863+0530] {dag.py:3954} INFO - Setting next_dagrun for example_subdag_operator.section-2 to None, run_after=None
[2026-02-24T06:00:04.866+0530] {processor.py:183} INFO - Processing /Users/aswin/Documents/data-engineering-practice/ETL_Airflow_DBT/airflow/airflow_env/lib/python3.11/site-packages/airflow/example_dags/example_subdag_operator.py took 0.056 seconds
[2026-02-24T06:01:40.926+0530] {processor.py:161} INFO - Started process (PID=49010) to work on /Users/aswin/Documents/data-engineering-practice/ETL_Airflow_DBT/airflow/airflow_env/lib/python3.11/site-packages/airflow/example_dags/example_subdag_operator.py
[2026-02-24T06:01:40.927+0530] {processor.py:830} INFO - Processing file /Users/aswin/Documents/data-engineering-practice/ETL_Airflow_DBT/airflow/airflow_env/lib/python3.11/site-packages/airflow/example_dags/example_subdag_operator.py for tasks to queue
[2026-02-24T06:01:40.927+0530] {logging_mixin.py:188} INFO - [2026-02-24T06:01:40.927+0530] {dagbag.py:540} INFO - Filling up the DagBag from /Users/aswin/Documents/data-engineering-practice/ETL_Airflow_DBT/airflow/airflow_env/lib/python3.11/site-packages/airflow/example_dags/example_subdag_operator.py
[2026-02-24T06:01:40.955+0530] {processor.py:840} INFO - DAG(s) 'example_subdag_operator.section-1', 'example_subdag_operator.section-2', 'example_subdag_operator' retrieved from /Users/aswin/Documents/data-engineering-practice/ETL_Airflow_DBT/airflow/airflow_env/lib/python3.11/site-packages/airflow/example_dags/example_subdag_operator.py
[2026-02-24T06:01:40.965+0530] {logging_mixin.py:188} INFO - [2026-02-24T06:01:40.965+0530] {dag.py:3096} INFO - Sync 3 DAGs
[2026-02-24T06:01:40.971+0530] {logging_mixin.py:188} INFO - [2026-02-24T06:01:40.970+0530] {dag.py:3954} INFO - Setting next_dagrun for example_subdag_operator to 2022-01-01 00:00:00+00:00, run_after=2022-01-01 00:00:00+00:00
[2026-02-24T06:01:40.971+0530] {logging_mixin.py:188} INFO - [2026-02-24T06:01:40.971+0530] {dag.py:3954} INFO - Setting next_dagrun for example_subdag_operator.section-1 to None, run_after=None
[2026-02-24T06:01:40.972+0530] {logging_mixin.py:188} INFO - [2026-02-24T06:01:40.972+0530] {dag.py:3954} INFO - Setting next_dagrun for example_subdag_operator.section-2 to None, run_after=None
[2026-02-24T06:01:40.974+0530] {logging_mixin.py:188} INFO - [2026-02-24T06:01:40.974+0530] {dag.py:3096} INFO - Sync 2 DAGs
[2026-02-24T06:01:40.975+0530] {logging_mixin.py:188} INFO - [2026-02-24T06:01:40.975+0530] {dag.py:3954} INFO - Setting next_dagrun for example_subdag_operator.section-1 to None, run_after=None
[2026-02-24T06:01:40.975+0530] {logging_mixin.py:188} INFO - [2026-02-24T06:01:40.975+0530] {dag.py:3954} INFO - Setting next_dagrun for example_subdag_operator.section-2 to None, run_after=None
[2026-02-24T06:01:40.979+0530] {processor.py:183} INFO - Processing /Users/aswin/Documents/data-engineering-practice/ETL_Airflow_DBT/airflow/airflow_env/lib/python3.11/site-packages/airflow/example_dags/example_subdag_operator.py took 0.054 seconds
[2026-02-24T06:03:10.277+0530] {processor.py:161} INFO - Started process (PID=49170) to work on /Users/aswin/Documents/data-engineering-practice/ETL_Airflow_DBT/airflow/airflow_env/lib/python3.11/site-packages/airflow/example_dags/example_subdag_operator.py
[2026-02-24T06:03:10.278+0530] {processor.py:830} INFO - Processing file /Users/aswin/Documents/data-engineering-practice/ETL_Airflow_DBT/airflow/airflow_env/lib/python3.11/site-packages/airflow/example_dags/example_subdag_operator.py for tasks to queue
[2026-02-24T06:03:10.278+0530] {logging_mixin.py:188} INFO - [2026-02-24T06:03:10.278+0530] {dagbag.py:540} INFO - Filling up the DagBag from /Users/aswin/Documents/data-engineering-practice/ETL_Airflow_DBT/airflow/airflow_env/lib/python3.11/site-packages/airflow/example_dags/example_subdag_operator.py
[2026-02-24T06:03:10.307+0530] {processor.py:840} INFO - DAG(s) 'example_subdag_operator.section-1', 'example_subdag_operator.section-2', 'example_subdag_operator' retrieved from /Users/aswin/Documents/data-engineering-practice/ETL_Airflow_DBT/airflow/airflow_env/lib/python3.11/site-packages/airflow/example_dags/example_subdag_operator.py
[2026-02-24T06:03:10.317+0530] {logging_mixin.py:188} INFO - [2026-02-24T06:03:10.317+0530] {dag.py:3096} INFO - Sync 3 DAGs
[2026-02-24T06:03:10.322+0530] {logging_mixin.py:188} INFO - [2026-02-24T06:03:10.322+0530] {dag.py:3954} INFO - Setting next_dagrun for example_subdag_operator to 2022-01-01 00:00:00+00:00, run_after=2022-01-01 00:00:00+00:00
[2026-02-24T06:03:10.322+0530] {logging_mixin.py:188} INFO - [2026-02-24T06:03:10.322+0530] {dag.py:3954} INFO - Setting next_dagrun for example_subdag_operator.section-1 to None, run_after=None
[2026-02-24T06:03:10.323+0530] {logging_mixin.py:188} INFO - [2026-02-24T06:03:10.323+0530] {dag.py:3954} INFO - Setting next_dagrun for example_subdag_operator.section-2 to None, run_after=None
[2026-02-24T06:03:10.325+0530] {logging_mixin.py:188} INFO - [2026-02-24T06:03:10.325+0530] {dag.py:3096} INFO - Sync 2 DAGs
[2026-02-24T06:03:10.326+0530] {logging_mixin.py:188} INFO - [2026-02-24T06:03:10.326+0530] {dag.py:3954} INFO - Setting next_dagrun for example_subdag_operator.section-1 to None, run_after=None
[2026-02-24T06:03:10.326+0530] {logging_mixin.py:188} INFO - [2026-02-24T06:03:10.326+0530] {dag.py:3954} INFO - Setting next_dagrun for example_subdag_operator.section-2 to None, run_after=None
[2026-02-24T06:03:10.330+0530] {processor.py:183} INFO - Processing /Users/aswin/Documents/data-engineering-practice/ETL_Airflow_DBT/airflow/airflow_env/lib/python3.11/site-packages/airflow/example_dags/example_subdag_operator.py took 0.053 seconds
[2026-02-24T06:04:51.366+0530] {processor.py:161} INFO - Started process (PID=49329) to work on /Users/aswin/Documents/data-engineering-practice/ETL_Airflow_DBT/airflow/airflow_env/lib/python3.11/site-packages/airflow/example_dags/example_subdag_operator.py
[2026-02-24T06:04:51.367+0530] {processor.py:830} INFO - Processing file /Users/aswin/Documents/data-engineering-practice/ETL_Airflow_DBT/airflow/airflow_env/lib/python3.11/site-packages/airflow/example_dags/example_subdag_operator.py for tasks to queue
[2026-02-24T06:04:51.367+0530] {logging_mixin.py:188} INFO - [2026-02-24T06:04:51.367+0530] {dagbag.py:540} INFO - Filling up the DagBag from /Users/aswin/Documents/data-engineering-practice/ETL_Airflow_DBT/airflow/airflow_env/lib/python3.11/site-packages/airflow/example_dags/example_subdag_operator.py
[2026-02-24T06:04:51.396+0530] {processor.py:840} INFO - DAG(s) 'example_subdag_operator.section-1', 'example_subdag_operator.section-2', 'example_subdag_operator' retrieved from /Users/aswin/Documents/data-engineering-practice/ETL_Airflow_DBT/airflow/airflow_env/lib/python3.11/site-packages/airflow/example_dags/example_subdag_operator.py
[2026-02-24T06:04:51.406+0530] {logging_mixin.py:188} INFO - [2026-02-24T06:04:51.406+0530] {dag.py:3096} INFO - Sync 3 DAGs
[2026-02-24T06:04:51.411+0530] {logging_mixin.py:188} INFO - [2026-02-24T06:04:51.411+0530] {dag.py:3954} INFO - Setting next_dagrun for example_subdag_operator to 2022-01-01 00:00:00+00:00, run_after=2022-01-01 00:00:00+00:00
[2026-02-24T06:04:51.412+0530] {logging_mixin.py:188} INFO - [2026-02-24T06:04:51.412+0530] {dag.py:3954} INFO - Setting next_dagrun for example_subdag_operator.section-1 to None, run_after=None
[2026-02-24T06:04:51.412+0530] {logging_mixin.py:188} INFO - [2026-02-24T06:04:51.412+0530] {dag.py:3954} INFO - Setting next_dagrun for example_subdag_operator.section-2 to None, run_after=None
[2026-02-24T06:04:51.414+0530] {logging_mixin.py:188} INFO - [2026-02-24T06:04:51.414+0530] {dag.py:3096} INFO - Sync 2 DAGs
[2026-02-24T06:04:51.415+0530] {logging_mixin.py:188} INFO - [2026-02-24T06:04:51.415+0530] {dag.py:3954} INFO - Setting next_dagrun for example_subdag_operator.section-1 to None, run_after=None
[2026-02-24T06:04:51.415+0530] {logging_mixin.py:188} INFO - [2026-02-24T06:04:51.415+0530] {dag.py:3954} INFO - Setting next_dagrun for example_subdag_operator.section-2 to None, run_after=None
[2026-02-24T06:04:51.419+0530] {processor.py:183} INFO - Processing /Users/aswin/Documents/data-engineering-practice/ETL_Airflow_DBT/airflow/airflow_env/lib/python3.11/site-packages/airflow/example_dags/example_subdag_operator.py took 0.054 seconds
[2026-02-24T06:06:33.818+0530] {processor.py:161} INFO - Started process (PID=49429) to work on /Users/aswin/Documents/data-engineering-practice/ETL_Airflow_DBT/airflow/airflow_env/lib/python3.11/site-packages/airflow/example_dags/example_subdag_operator.py
[2026-02-24T06:06:33.819+0530] {processor.py:830} INFO - Processing file /Users/aswin/Documents/data-engineering-practice/ETL_Airflow_DBT/airflow/airflow_env/lib/python3.11/site-packages/airflow/example_dags/example_subdag_operator.py for tasks to queue
[2026-02-24T06:06:33.820+0530] {logging_mixin.py:188} INFO - [2026-02-24T06:06:33.820+0530] {dagbag.py:540} INFO - Filling up the DagBag from /Users/aswin/Documents/data-engineering-practice/ETL_Airflow_DBT/airflow/airflow_env/lib/python3.11/site-packages/airflow/example_dags/example_subdag_operator.py
[2026-02-24T06:06:33.852+0530] {processor.py:840} INFO - DAG(s) 'example_subdag_operator.section-1', 'example_subdag_operator.section-2', 'example_subdag_operator' retrieved from /Users/aswin/Documents/data-engineering-practice/ETL_Airflow_DBT/airflow/airflow_env/lib/python3.11/site-packages/airflow/example_dags/example_subdag_operator.py
[2026-02-24T06:06:33.862+0530] {logging_mixin.py:188} INFO - [2026-02-24T06:06:33.862+0530] {dag.py:3096} INFO - Sync 3 DAGs
[2026-02-24T06:06:33.868+0530] {logging_mixin.py:188} INFO - [2026-02-24T06:06:33.867+0530] {dag.py:3954} INFO - Setting next_dagrun for example_subdag_operator to 2022-01-01 00:00:00+00:00, run_after=2022-01-01 00:00:00+00:00
[2026-02-24T06:06:33.868+0530] {logging_mixin.py:188} INFO - [2026-02-24T06:06:33.868+0530] {dag.py:3954} INFO - Setting next_dagrun for example_subdag_operator.section-1 to None, run_after=None
[2026-02-24T06:06:33.869+0530] {logging_mixin.py:188} INFO - [2026-02-24T06:06:33.869+0530] {dag.py:3954} INFO - Setting next_dagrun for example_subdag_operator.section-2 to None, run_after=None
[2026-02-24T06:06:33.871+0530] {logging_mixin.py:188} INFO - [2026-02-24T06:06:33.871+0530] {dag.py:3096} INFO - Sync 2 DAGs
[2026-02-24T06:06:33.872+0530] {logging_mixin.py:188} INFO - [2026-02-24T06:06:33.872+0530] {dag.py:3954} INFO - Setting next_dagrun for example_subdag_operator.section-1 to None, run_after=None
[2026-02-24T06:06:33.872+0530] {logging_mixin.py:188} INFO - [2026-02-24T06:06:33.872+0530] {dag.py:3954} INFO - Setting next_dagrun for example_subdag_operator.section-2 to None, run_after=None
[2026-02-24T06:06:33.876+0530] {processor.py:183} INFO - Processing /Users/aswin/Documents/data-engineering-practice/ETL_Airflow_DBT/airflow/airflow_env/lib/python3.11/site-packages/airflow/example_dags/example_subdag_operator.py took 0.059 seconds
[2026-02-24T06:08:05.357+0530] {processor.py:161} INFO - Started process (PID=49508) to work on /Users/aswin/Documents/data-engineering-practice/ETL_Airflow_DBT/airflow/airflow_env/lib/python3.11/site-packages/airflow/example_dags/example_subdag_operator.py
[2026-02-24T06:08:05.357+0530] {processor.py:830} INFO - Processing file /Users/aswin/Documents/data-engineering-practice/ETL_Airflow_DBT/airflow/airflow_env/lib/python3.11/site-packages/airflow/example_dags/example_subdag_operator.py for tasks to queue
[2026-02-24T06:08:05.358+0530] {logging_mixin.py:188} INFO - [2026-02-24T06:08:05.358+0530] {dagbag.py:540} INFO - Filling up the DagBag from /Users/aswin/Documents/data-engineering-practice/ETL_Airflow_DBT/airflow/airflow_env/lib/python3.11/site-packages/airflow/example_dags/example_subdag_operator.py
[2026-02-24T06:08:05.386+0530] {processor.py:840} INFO - DAG(s) 'example_subdag_operator.section-1', 'example_subdag_operator.section-2', 'example_subdag_operator' retrieved from /Users/aswin/Documents/data-engineering-practice/ETL_Airflow_DBT/airflow/airflow_env/lib/python3.11/site-packages/airflow/example_dags/example_subdag_operator.py
[2026-02-24T06:08:05.396+0530] {logging_mixin.py:188} INFO - [2026-02-24T06:08:05.396+0530] {dag.py:3096} INFO - Sync 3 DAGs
[2026-02-24T06:08:05.401+0530] {logging_mixin.py:188} INFO - [2026-02-24T06:08:05.401+0530] {dag.py:3954} INFO - Setting next_dagrun for example_subdag_operator to 2022-01-01 00:00:00+00:00, run_after=2022-01-01 00:00:00+00:00
[2026-02-24T06:08:05.402+0530] {logging_mixin.py:188} INFO - [2026-02-24T06:08:05.402+0530] {dag.py:3954} INFO - Setting next_dagrun for example_subdag_operator.section-1 to None, run_after=None
[2026-02-24T06:08:05.402+0530] {logging_mixin.py:188} INFO - [2026-02-24T06:08:05.402+0530] {dag.py:3954} INFO - Setting next_dagrun for example_subdag_operator.section-2 to None, run_after=None
[2026-02-24T06:08:05.404+0530] {logging_mixin.py:188} INFO - [2026-02-24T06:08:05.404+0530] {dag.py:3096} INFO - Sync 2 DAGs
[2026-02-24T06:08:05.405+0530] {logging_mixin.py:188} INFO - [2026-02-24T06:08:05.405+0530] {dag.py:3954} INFO - Setting next_dagrun for example_subdag_operator.section-1 to None, run_after=None
[2026-02-24T06:08:05.406+0530] {logging_mixin.py:188} INFO - [2026-02-24T06:08:05.405+0530] {dag.py:3954} INFO - Setting next_dagrun for example_subdag_operator.section-2 to None, run_after=None
[2026-02-24T06:08:05.409+0530] {processor.py:183} INFO - Processing /Users/aswin/Documents/data-engineering-practice/ETL_Airflow_DBT/airflow/airflow_env/lib/python3.11/site-packages/airflow/example_dags/example_subdag_operator.py took 0.053 seconds
[2026-02-24T06:09:38.278+0530] {processor.py:161} INFO - Started process (PID=49581) to work on /Users/aswin/Documents/data-engineering-practice/ETL_Airflow_DBT/airflow/airflow_env/lib/python3.11/site-packages/airflow/example_dags/example_subdag_operator.py
[2026-02-24T06:09:38.279+0530] {processor.py:830} INFO - Processing file /Users/aswin/Documents/data-engineering-practice/ETL_Airflow_DBT/airflow/airflow_env/lib/python3.11/site-packages/airflow/example_dags/example_subdag_operator.py for tasks to queue
[2026-02-24T06:09:38.279+0530] {logging_mixin.py:188} INFO - [2026-02-24T06:09:38.279+0530] {dagbag.py:540} INFO - Filling up the DagBag from /Users/aswin/Documents/data-engineering-practice/ETL_Airflow_DBT/airflow/airflow_env/lib/python3.11/site-packages/airflow/example_dags/example_subdag_operator.py
[2026-02-24T06:09:38.308+0530] {processor.py:840} INFO - DAG(s) 'example_subdag_operator.section-1', 'example_subdag_operator.section-2', 'example_subdag_operator' retrieved from /Users/aswin/Documents/data-engineering-practice/ETL_Airflow_DBT/airflow/airflow_env/lib/python3.11/site-packages/airflow/example_dags/example_subdag_operator.py
[2026-02-24T06:09:38.318+0530] {logging_mixin.py:188} INFO - [2026-02-24T06:09:38.318+0530] {dag.py:3096} INFO - Sync 3 DAGs
[2026-02-24T06:09:38.323+0530] {logging_mixin.py:188} INFO - [2026-02-24T06:09:38.322+0530] {dag.py:3954} INFO - Setting next_dagrun for example_subdag_operator to 2022-01-01 00:00:00+00:00, run_after=2022-01-01 00:00:00+00:00
[2026-02-24T06:09:38.323+0530] {logging_mixin.py:188} INFO - [2026-02-24T06:09:38.323+0530] {dag.py:3954} INFO - Setting next_dagrun for example_subdag_operator.section-1 to None, run_after=None
[2026-02-24T06:09:38.324+0530] {logging_mixin.py:188} INFO - [2026-02-24T06:09:38.324+0530] {dag.py:3954} INFO - Setting next_dagrun for example_subdag_operator.section-2 to None, run_after=None
[2026-02-24T06:09:38.326+0530] {logging_mixin.py:188} INFO - [2026-02-24T06:09:38.326+0530] {dag.py:3096} INFO - Sync 2 DAGs
[2026-02-24T06:09:38.327+0530] {logging_mixin.py:188} INFO - [2026-02-24T06:09:38.327+0530] {dag.py:3954} INFO - Setting next_dagrun for example_subdag_operator.section-1 to None, run_after=None
[2026-02-24T06:09:38.327+0530] {logging_mixin.py:188} INFO - [2026-02-24T06:09:38.327+0530] {dag.py:3954} INFO - Setting next_dagrun for example_subdag_operator.section-2 to None, run_after=None
[2026-02-24T06:09:38.331+0530] {processor.py:183} INFO - Processing /Users/aswin/Documents/data-engineering-practice/ETL_Airflow_DBT/airflow/airflow_env/lib/python3.11/site-packages/airflow/example_dags/example_subdag_operator.py took 0.054 seconds
[2026-02-24T06:11:00.577+0530] {processor.py:161} INFO - Started process (PID=49670) to work on /Users/aswin/Documents/data-engineering-practice/ETL_Airflow_DBT/airflow/airflow_env/lib/python3.11/site-packages/airflow/example_dags/example_subdag_operator.py
[2026-02-24T06:11:00.578+0530] {processor.py:830} INFO - Processing file /Users/aswin/Documents/data-engineering-practice/ETL_Airflow_DBT/airflow/airflow_env/lib/python3.11/site-packages/airflow/example_dags/example_subdag_operator.py for tasks to queue
[2026-02-24T06:11:00.578+0530] {logging_mixin.py:188} INFO - [2026-02-24T06:11:00.578+0530] {dagbag.py:540} INFO - Filling up the DagBag from /Users/aswin/Documents/data-engineering-practice/ETL_Airflow_DBT/airflow/airflow_env/lib/python3.11/site-packages/airflow/example_dags/example_subdag_operator.py
[2026-02-24T06:11:00.607+0530] {processor.py:840} INFO - DAG(s) 'example_subdag_operator.section-1', 'example_subdag_operator.section-2', 'example_subdag_operator' retrieved from /Users/aswin/Documents/data-engineering-practice/ETL_Airflow_DBT/airflow/airflow_env/lib/python3.11/site-packages/airflow/example_dags/example_subdag_operator.py
[2026-02-24T06:11:00.618+0530] {logging_mixin.py:188} INFO - [2026-02-24T06:11:00.618+0530] {dag.py:3096} INFO - Sync 3 DAGs
[2026-02-24T06:11:00.623+0530] {logging_mixin.py:188} INFO - [2026-02-24T06:11:00.623+0530] {dag.py:3954} INFO - Setting next_dagrun for example_subdag_operator to 2022-01-01 00:00:00+00:00, run_after=2022-01-01 00:00:00+00:00
[2026-02-24T06:11:00.624+0530] {logging_mixin.py:188} INFO - [2026-02-24T06:11:00.624+0530] {dag.py:3954} INFO - Setting next_dagrun for example_subdag_operator.section-1 to None, run_after=None
[2026-02-24T06:11:00.624+0530] {logging_mixin.py:188} INFO - [2026-02-24T06:11:00.624+0530] {dag.py:3954} INFO - Setting next_dagrun for example_subdag_operator.section-2 to None, run_after=None
[2026-02-24T06:11:00.626+0530] {logging_mixin.py:188} INFO - [2026-02-24T06:11:00.626+0530] {dag.py:3096} INFO - Sync 2 DAGs
[2026-02-24T06:11:00.627+0530] {logging_mixin.py:188} INFO - [2026-02-24T06:11:00.627+0530] {dag.py:3954} INFO - Setting next_dagrun for example_subdag_operator.section-1 to None, run_after=None
[2026-02-24T06:11:00.627+0530] {logging_mixin.py:188} INFO - [2026-02-24T06:11:00.627+0530] {dag.py:3954} INFO - Setting next_dagrun for example_subdag_operator.section-2 to None, run_after=None
[2026-02-24T06:11:00.631+0530] {processor.py:183} INFO - Processing /Users/aswin/Documents/data-engineering-practice/ETL_Airflow_DBT/airflow/airflow_env/lib/python3.11/site-packages/airflow/example_dags/example_subdag_operator.py took 0.055 seconds
[2026-02-24T06:12:31.642+0530] {processor.py:161} INFO - Started process (PID=49741) to work on /Users/aswin/Documents/data-engineering-practice/ETL_Airflow_DBT/airflow/airflow_env/lib/python3.11/site-packages/airflow/example_dags/example_subdag_operator.py
[2026-02-24T06:12:31.643+0530] {processor.py:830} INFO - Processing file /Users/aswin/Documents/data-engineering-practice/ETL_Airflow_DBT/airflow/airflow_env/lib/python3.11/site-packages/airflow/example_dags/example_subdag_operator.py for tasks to queue
[2026-02-24T06:12:31.643+0530] {logging_mixin.py:188} INFO - [2026-02-24T06:12:31.643+0530] {dagbag.py:540} INFO - Filling up the DagBag from /Users/aswin/Documents/data-engineering-practice/ETL_Airflow_DBT/airflow/airflow_env/lib/python3.11/site-packages/airflow/example_dags/example_subdag_operator.py
[2026-02-24T06:12:31.672+0530] {processor.py:840} INFO - DAG(s) 'example_subdag_operator.section-1', 'example_subdag_operator.section-2', 'example_subdag_operator' retrieved from /Users/aswin/Documents/data-engineering-practice/ETL_Airflow_DBT/airflow/airflow_env/lib/python3.11/site-packages/airflow/example_dags/example_subdag_operator.py
[2026-02-24T06:12:31.682+0530] {logging_mixin.py:188} INFO - [2026-02-24T06:12:31.682+0530] {dag.py:3096} INFO - Sync 3 DAGs
[2026-02-24T06:12:31.687+0530] {logging_mixin.py:188} INFO - [2026-02-24T06:12:31.687+0530] {dag.py:3954} INFO - Setting next_dagrun for example_subdag_operator to 2022-01-01 00:00:00+00:00, run_after=2022-01-01 00:00:00+00:00
[2026-02-24T06:12:31.688+0530] {logging_mixin.py:188} INFO - [2026-02-24T06:12:31.688+0530] {dag.py:3954} INFO - Setting next_dagrun for example_subdag_operator.section-1 to None, run_after=None
[2026-02-24T06:12:31.688+0530] {logging_mixin.py:188} INFO - [2026-02-24T06:12:31.688+0530] {dag.py:3954} INFO - Setting next_dagrun for example_subdag_operator.section-2 to None, run_after=None
[2026-02-24T06:12:31.691+0530] {logging_mixin.py:188} INFO - [2026-02-24T06:12:31.691+0530] {dag.py:3096} INFO - Sync 2 DAGs
[2026-02-24T06:12:31.692+0530] {logging_mixin.py:188} INFO - [2026-02-24T06:12:31.692+0530] {dag.py:3954} INFO - Setting next_dagrun for example_subdag_operator.section-1 to None, run_after=None
[2026-02-24T06:12:31.692+0530] {logging_mixin.py:188} INFO - [2026-02-24T06:12:31.692+0530] {dag.py:3954} INFO - Setting next_dagrun for example_subdag_operator.section-2 to None, run_after=None
[2026-02-24T06:12:31.695+0530] {processor.py:183} INFO - Processing /Users/aswin/Documents/data-engineering-practice/ETL_Airflow_DBT/airflow/airflow_env/lib/python3.11/site-packages/airflow/example_dags/example_subdag_operator.py took 0.055 seconds
[2026-02-24T06:14:13.551+0530] {processor.py:161} INFO - Started process (PID=49816) to work on /Users/aswin/Documents/data-engineering-practice/ETL_Airflow_DBT/airflow/airflow_env/lib/python3.11/site-packages/airflow/example_dags/example_subdag_operator.py
[2026-02-24T06:14:13.552+0530] {processor.py:830} INFO - Processing file /Users/aswin/Documents/data-engineering-practice/ETL_Airflow_DBT/airflow/airflow_env/lib/python3.11/site-packages/airflow/example_dags/example_subdag_operator.py for tasks to queue
[2026-02-24T06:14:13.552+0530] {logging_mixin.py:188} INFO - [2026-02-24T06:14:13.552+0530] {dagbag.py:540} INFO - Filling up the DagBag from /Users/aswin/Documents/data-engineering-practice/ETL_Airflow_DBT/airflow/airflow_env/lib/python3.11/site-packages/airflow/example_dags/example_subdag_operator.py
[2026-02-24T06:14:13.581+0530] {processor.py:840} INFO - DAG(s) 'example_subdag_operator.section-1', 'example_subdag_operator.section-2', 'example_subdag_operator' retrieved from /Users/aswin/Documents/data-engineering-practice/ETL_Airflow_DBT/airflow/airflow_env/lib/python3.11/site-packages/airflow/example_dags/example_subdag_operator.py
[2026-02-24T06:14:13.591+0530] {logging_mixin.py:188} INFO - [2026-02-24T06:14:13.591+0530] {dag.py:3096} INFO - Sync 3 DAGs
[2026-02-24T06:14:13.596+0530] {logging_mixin.py:188} INFO - [2026-02-24T06:14:13.596+0530] {dag.py:3954} INFO - Setting next_dagrun for example_subdag_operator to 2022-01-01 00:00:00+00:00, run_after=2022-01-01 00:00:00+00:00
[2026-02-24T06:14:13.597+0530] {logging_mixin.py:188} INFO - [2026-02-24T06:14:13.597+0530] {dag.py:3954} INFO - Setting next_dagrun for example_subdag_operator.section-1 to None, run_after=None
[2026-02-24T06:14:13.597+0530] {logging_mixin.py:188} INFO - [2026-02-24T06:14:13.597+0530] {dag.py:3954} INFO - Setting next_dagrun for example_subdag_operator.section-2 to None, run_after=None
[2026-02-24T06:14:13.599+0530] {logging_mixin.py:188} INFO - [2026-02-24T06:14:13.599+0530] {dag.py:3096} INFO - Sync 2 DAGs
[2026-02-24T06:14:13.600+0530] {logging_mixin.py:188} INFO - [2026-02-24T06:14:13.600+0530] {dag.py:3954} INFO - Setting next_dagrun for example_subdag_operator.section-1 to None, run_after=None
[2026-02-24T06:14:13.600+0530] {logging_mixin.py:188} INFO - [2026-02-24T06:14:13.600+0530] {dag.py:3954} INFO - Setting next_dagrun for example_subdag_operator.section-2 to None, run_after=None
[2026-02-24T06:14:13.604+0530] {processor.py:183} INFO - Processing /Users/aswin/Documents/data-engineering-practice/ETL_Airflow_DBT/airflow/airflow_env/lib/python3.11/site-packages/airflow/example_dags/example_subdag_operator.py took 0.054 seconds
[2026-02-24T06:15:46.611+0530] {processor.py:161} INFO - Started process (PID=49887) to work on /Users/aswin/Documents/data-engineering-practice/ETL_Airflow_DBT/airflow/airflow_env/lib/python3.11/site-packages/airflow/example_dags/example_subdag_operator.py
[2026-02-24T06:15:46.612+0530] {processor.py:830} INFO - Processing file /Users/aswin/Documents/data-engineering-practice/ETL_Airflow_DBT/airflow/airflow_env/lib/python3.11/site-packages/airflow/example_dags/example_subdag_operator.py for tasks to queue
[2026-02-24T06:15:46.612+0530] {logging_mixin.py:188} INFO - [2026-02-24T06:15:46.612+0530] {dagbag.py:540} INFO - Filling up the DagBag from /Users/aswin/Documents/data-engineering-practice/ETL_Airflow_DBT/airflow/airflow_env/lib/python3.11/site-packages/airflow/example_dags/example_subdag_operator.py
[2026-02-24T06:15:46.641+0530] {processor.py:840} INFO - DAG(s) 'example_subdag_operator.section-1', 'example_subdag_operator.section-2', 'example_subdag_operator' retrieved from /Users/aswin/Documents/data-engineering-practice/ETL_Airflow_DBT/airflow/airflow_env/lib/python3.11/site-packages/airflow/example_dags/example_subdag_operator.py
[2026-02-24T06:15:46.651+0530] {logging_mixin.py:188} INFO - [2026-02-24T06:15:46.651+0530] {dag.py:3096} INFO - Sync 3 DAGs
[2026-02-24T06:15:46.656+0530] {logging_mixin.py:188} INFO - [2026-02-24T06:15:46.656+0530] {dag.py:3954} INFO - Setting next_dagrun for example_subdag_operator to 2022-01-01 00:00:00+00:00, run_after=2022-01-01 00:00:00+00:00
[2026-02-24T06:15:46.657+0530] {logging_mixin.py:188} INFO - [2026-02-24T06:15:46.657+0530] {dag.py:3954} INFO - Setting next_dagrun for example_subdag_operator.section-1 to None, run_after=None
[2026-02-24T06:15:46.657+0530] {logging_mixin.py:188} INFO - [2026-02-24T06:15:46.657+0530] {dag.py:3954} INFO - Setting next_dagrun for example_subdag_operator.section-2 to None, run_after=None
[2026-02-24T06:15:46.659+0530] {logging_mixin.py:188} INFO - [2026-02-24T06:15:46.659+0530] {dag.py:3096} INFO - Sync 2 DAGs
[2026-02-24T06:15:46.660+0530] {logging_mixin.py:188} INFO - [2026-02-24T06:15:46.660+0530] {dag.py:3954} INFO - Setting next_dagrun for example_subdag_operator.section-1 to None, run_after=None
[2026-02-24T06:15:46.660+0530] {logging_mixin.py:188} INFO - [2026-02-24T06:15:46.660+0530] {dag.py:3954} INFO - Setting next_dagrun for example_subdag_operator.section-2 to None, run_after=None
[2026-02-24T06:15:46.664+0530] {processor.py:183} INFO - Processing /Users/aswin/Documents/data-engineering-practice/ETL_Airflow_DBT/airflow/airflow_env/lib/python3.11/site-packages/airflow/example_dags/example_subdag_operator.py took 0.054 seconds
[2026-02-24T06:17:19.551+0530] {processor.py:161} INFO - Started process (PID=49992) to work on /Users/aswin/Documents/data-engineering-practice/ETL_Airflow_DBT/airflow/airflow_env/lib/python3.11/site-packages/airflow/example_dags/example_subdag_operator.py
[2026-02-24T06:17:19.552+0530] {processor.py:830} INFO - Processing file /Users/aswin/Documents/data-engineering-practice/ETL_Airflow_DBT/airflow/airflow_env/lib/python3.11/site-packages/airflow/example_dags/example_subdag_operator.py for tasks to queue
[2026-02-24T06:17:19.552+0530] {logging_mixin.py:188} INFO - [2026-02-24T06:17:19.552+0530] {dagbag.py:540} INFO - Filling up the DagBag from /Users/aswin/Documents/data-engineering-practice/ETL_Airflow_DBT/airflow/airflow_env/lib/python3.11/site-packages/airflow/example_dags/example_subdag_operator.py
[2026-02-24T06:17:19.581+0530] {processor.py:840} INFO - DAG(s) 'example_subdag_operator.section-1', 'example_subdag_operator.section-2', 'example_subdag_operator' retrieved from /Users/aswin/Documents/data-engineering-practice/ETL_Airflow_DBT/airflow/airflow_env/lib/python3.11/site-packages/airflow/example_dags/example_subdag_operator.py
[2026-02-24T06:17:19.591+0530] {logging_mixin.py:188} INFO - [2026-02-24T06:17:19.591+0530] {dag.py:3096} INFO - Sync 3 DAGs
[2026-02-24T06:17:19.596+0530] {logging_mixin.py:188} INFO - [2026-02-24T06:17:19.596+0530] {dag.py:3954} INFO - Setting next_dagrun for example_subdag_operator to 2022-01-01 00:00:00+00:00, run_after=2022-01-01 00:00:00+00:00
[2026-02-24T06:17:19.597+0530] {logging_mixin.py:188} INFO - [2026-02-24T06:17:19.597+0530] {dag.py:3954} INFO - Setting next_dagrun for example_subdag_operator.section-1 to None, run_after=None
[2026-02-24T06:17:19.598+0530] {logging_mixin.py:188} INFO - [2026-02-24T06:17:19.598+0530] {dag.py:3954} INFO - Setting next_dagrun for example_subdag_operator.section-2 to None, run_after=None
[2026-02-24T06:17:19.600+0530] {logging_mixin.py:188} INFO - [2026-02-24T06:17:19.600+0530] {dag.py:3096} INFO - Sync 2 DAGs
[2026-02-24T06:17:19.601+0530] {logging_mixin.py:188} INFO - [2026-02-24T06:17:19.601+0530] {dag.py:3954} INFO - Setting next_dagrun for example_subdag_operator.section-1 to None, run_after=None
[2026-02-24T06:17:19.601+0530] {logging_mixin.py:188} INFO - [2026-02-24T06:17:19.601+0530] {dag.py:3954} INFO - Setting next_dagrun for example_subdag_operator.section-2 to None, run_after=None
[2026-02-24T06:17:19.605+0530] {processor.py:183} INFO - Processing /Users/aswin/Documents/data-engineering-practice/ETL_Airflow_DBT/airflow/airflow_env/lib/python3.11/site-packages/airflow/example_dags/example_subdag_operator.py took 0.055 seconds
