[2026-02-24T05:30:02.223+0530] {processor.py:161} INFO - Started process (PID=47064) to work on /Users/aswin/Documents/data-engineering-practice/ETL_Airflow_DBT/airflow/airflow_env/lib/python3.11/site-packages/airflow/example_dags/example_bash_operator.py
[2026-02-24T05:30:02.223+0530] {processor.py:830} INFO - Processing file /Users/aswin/Documents/data-engineering-practice/ETL_Airflow_DBT/airflow/airflow_env/lib/python3.11/site-packages/airflow/example_dags/example_bash_operator.py for tasks to queue
[2026-02-24T05:30:02.224+0530] {logging_mixin.py:188} INFO - [2026-02-24T05:30:02.224+0530] {dagbag.py:540} INFO - Filling up the DagBag from /Users/aswin/Documents/data-engineering-practice/ETL_Airflow_DBT/airflow/airflow_env/lib/python3.11/site-packages/airflow/example_dags/example_bash_operator.py
[2026-02-24T05:30:02.228+0530] {processor.py:840} INFO - DAG(s) 'example_bash_operator' retrieved from /Users/aswin/Documents/data-engineering-practice/ETL_Airflow_DBT/airflow/airflow_env/lib/python3.11/site-packages/airflow/example_dags/example_bash_operator.py
[2026-02-24T05:30:02.259+0530] {logging_mixin.py:188} INFO - [2026-02-24T05:30:02.259+0530] {dag.py:3096} INFO - Sync 1 DAGs
[2026-02-24T05:30:02.265+0530] {logging_mixin.py:188} INFO - [2026-02-24T05:30:02.264+0530] {dag.py:3954} INFO - Setting next_dagrun for example_bash_operator to 2026-02-23 00:00:00+00:00, run_after=2026-02-24 00:00:00+00:00
[2026-02-24T05:30:02.271+0530] {processor.py:183} INFO - Processing /Users/aswin/Documents/data-engineering-practice/ETL_Airflow_DBT/airflow/airflow_env/lib/python3.11/site-packages/airflow/example_dags/example_bash_operator.py took 0.048 seconds
[2026-02-24T05:31:30.391+0530] {processor.py:161} INFO - Started process (PID=47145) to work on /Users/aswin/Documents/data-engineering-practice/ETL_Airflow_DBT/airflow/airflow_env/lib/python3.11/site-packages/airflow/example_dags/example_bash_operator.py
[2026-02-24T05:31:30.392+0530] {processor.py:830} INFO - Processing file /Users/aswin/Documents/data-engineering-practice/ETL_Airflow_DBT/airflow/airflow_env/lib/python3.11/site-packages/airflow/example_dags/example_bash_operator.py for tasks to queue
[2026-02-24T05:31:30.393+0530] {logging_mixin.py:188} INFO - [2026-02-24T05:31:30.393+0530] {dagbag.py:540} INFO - Filling up the DagBag from /Users/aswin/Documents/data-engineering-practice/ETL_Airflow_DBT/airflow/airflow_env/lib/python3.11/site-packages/airflow/example_dags/example_bash_operator.py
[2026-02-24T05:31:30.397+0530] {processor.py:840} INFO - DAG(s) 'example_bash_operator' retrieved from /Users/aswin/Documents/data-engineering-practice/ETL_Airflow_DBT/airflow/airflow_env/lib/python3.11/site-packages/airflow/example_dags/example_bash_operator.py
[2026-02-24T05:31:30.428+0530] {logging_mixin.py:188} INFO - [2026-02-24T05:31:30.428+0530] {dag.py:3096} INFO - Sync 1 DAGs
[2026-02-24T05:31:30.433+0530] {logging_mixin.py:188} INFO - [2026-02-24T05:31:30.433+0530] {dag.py:3954} INFO - Setting next_dagrun for example_bash_operator to 2026-02-23 00:00:00+00:00, run_after=2026-02-24 00:00:00+00:00
[2026-02-24T05:31:30.439+0530] {processor.py:183} INFO - Processing /Users/aswin/Documents/data-engineering-practice/ETL_Airflow_DBT/airflow/airflow_env/lib/python3.11/site-packages/airflow/example_dags/example_bash_operator.py took 0.049 seconds
[2026-02-24T05:33:05.215+0530] {processor.py:161} INFO - Started process (PID=47265) to work on /Users/aswin/Documents/data-engineering-practice/ETL_Airflow_DBT/airflow/airflow_env/lib/python3.11/site-packages/airflow/example_dags/example_bash_operator.py
[2026-02-24T05:33:05.216+0530] {processor.py:830} INFO - Processing file /Users/aswin/Documents/data-engineering-practice/ETL_Airflow_DBT/airflow/airflow_env/lib/python3.11/site-packages/airflow/example_dags/example_bash_operator.py for tasks to queue
[2026-02-24T05:33:05.217+0530] {logging_mixin.py:188} INFO - [2026-02-24T05:33:05.217+0530] {dagbag.py:540} INFO - Filling up the DagBag from /Users/aswin/Documents/data-engineering-practice/ETL_Airflow_DBT/airflow/airflow_env/lib/python3.11/site-packages/airflow/example_dags/example_bash_operator.py
[2026-02-24T05:33:05.221+0530] {processor.py:840} INFO - DAG(s) 'example_bash_operator' retrieved from /Users/aswin/Documents/data-engineering-practice/ETL_Airflow_DBT/airflow/airflow_env/lib/python3.11/site-packages/airflow/example_dags/example_bash_operator.py
[2026-02-24T05:33:05.252+0530] {logging_mixin.py:188} INFO - [2026-02-24T05:33:05.252+0530] {dag.py:3096} INFO - Sync 1 DAGs
[2026-02-24T05:33:05.257+0530] {logging_mixin.py:188} INFO - [2026-02-24T05:33:05.257+0530] {dag.py:3954} INFO - Setting next_dagrun for example_bash_operator to 2026-02-23 00:00:00+00:00, run_after=2026-02-24 00:00:00+00:00
[2026-02-24T05:33:05.263+0530] {processor.py:183} INFO - Processing /Users/aswin/Documents/data-engineering-practice/ETL_Airflow_DBT/airflow/airflow_env/lib/python3.11/site-packages/airflow/example_dags/example_bash_operator.py took 0.048 seconds
[2026-02-24T05:34:41.139+0530] {processor.py:161} INFO - Started process (PID=47379) to work on /Users/aswin/Documents/data-engineering-practice/ETL_Airflow_DBT/airflow/airflow_env/lib/python3.11/site-packages/airflow/example_dags/example_bash_operator.py
[2026-02-24T05:34:41.140+0530] {processor.py:830} INFO - Processing file /Users/aswin/Documents/data-engineering-practice/ETL_Airflow_DBT/airflow/airflow_env/lib/python3.11/site-packages/airflow/example_dags/example_bash_operator.py for tasks to queue
[2026-02-24T05:34:41.140+0530] {logging_mixin.py:188} INFO - [2026-02-24T05:34:41.140+0530] {dagbag.py:540} INFO - Filling up the DagBag from /Users/aswin/Documents/data-engineering-practice/ETL_Airflow_DBT/airflow/airflow_env/lib/python3.11/site-packages/airflow/example_dags/example_bash_operator.py
[2026-02-24T05:34:41.144+0530] {processor.py:840} INFO - DAG(s) 'example_bash_operator' retrieved from /Users/aswin/Documents/data-engineering-practice/ETL_Airflow_DBT/airflow/airflow_env/lib/python3.11/site-packages/airflow/example_dags/example_bash_operator.py
[2026-02-24T05:34:41.175+0530] {logging_mixin.py:188} INFO - [2026-02-24T05:34:41.175+0530] {dag.py:3096} INFO - Sync 1 DAGs
[2026-02-24T05:34:41.181+0530] {logging_mixin.py:188} INFO - [2026-02-24T05:34:41.180+0530] {dag.py:3954} INFO - Setting next_dagrun for example_bash_operator to 2026-02-23 00:00:00+00:00, run_after=2026-02-24 00:00:00+00:00
[2026-02-24T05:34:41.187+0530] {processor.py:183} INFO - Processing /Users/aswin/Documents/data-engineering-practice/ETL_Airflow_DBT/airflow/airflow_env/lib/python3.11/site-packages/airflow/example_dags/example_bash_operator.py took 0.049 seconds
[2026-02-24T05:36:13.936+0530] {processor.py:161} INFO - Started process (PID=47481) to work on /Users/aswin/Documents/data-engineering-practice/ETL_Airflow_DBT/airflow/airflow_env/lib/python3.11/site-packages/airflow/example_dags/example_bash_operator.py
[2026-02-24T05:36:13.937+0530] {processor.py:830} INFO - Processing file /Users/aswin/Documents/data-engineering-practice/ETL_Airflow_DBT/airflow/airflow_env/lib/python3.11/site-packages/airflow/example_dags/example_bash_operator.py for tasks to queue
[2026-02-24T05:36:13.937+0530] {logging_mixin.py:188} INFO - [2026-02-24T05:36:13.937+0530] {dagbag.py:540} INFO - Filling up the DagBag from /Users/aswin/Documents/data-engineering-practice/ETL_Airflow_DBT/airflow/airflow_env/lib/python3.11/site-packages/airflow/example_dags/example_bash_operator.py
[2026-02-24T05:36:13.941+0530] {processor.py:840} INFO - DAG(s) 'example_bash_operator' retrieved from /Users/aswin/Documents/data-engineering-practice/ETL_Airflow_DBT/airflow/airflow_env/lib/python3.11/site-packages/airflow/example_dags/example_bash_operator.py
[2026-02-24T05:36:13.972+0530] {logging_mixin.py:188} INFO - [2026-02-24T05:36:13.972+0530] {dag.py:3096} INFO - Sync 1 DAGs
[2026-02-24T05:36:13.977+0530] {logging_mixin.py:188} INFO - [2026-02-24T05:36:13.977+0530] {dag.py:3954} INFO - Setting next_dagrun for example_bash_operator to 2026-02-23 00:00:00+00:00, run_after=2026-02-24 00:00:00+00:00
[2026-02-24T05:36:13.983+0530] {processor.py:183} INFO - Processing /Users/aswin/Documents/data-engineering-practice/ETL_Airflow_DBT/airflow/airflow_env/lib/python3.11/site-packages/airflow/example_dags/example_bash_operator.py took 0.048 seconds
[2026-02-24T05:38:02.092+0530] {processor.py:161} INFO - Started process (PID=47588) to work on /Users/aswin/Documents/data-engineering-practice/ETL_Airflow_DBT/airflow/airflow_env/lib/python3.11/site-packages/airflow/example_dags/example_bash_operator.py
[2026-02-24T05:38:02.093+0530] {processor.py:830} INFO - Processing file /Users/aswin/Documents/data-engineering-practice/ETL_Airflow_DBT/airflow/airflow_env/lib/python3.11/site-packages/airflow/example_dags/example_bash_operator.py for tasks to queue
[2026-02-24T05:38:02.093+0530] {logging_mixin.py:188} INFO - [2026-02-24T05:38:02.093+0530] {dagbag.py:540} INFO - Filling up the DagBag from /Users/aswin/Documents/data-engineering-practice/ETL_Airflow_DBT/airflow/airflow_env/lib/python3.11/site-packages/airflow/example_dags/example_bash_operator.py
[2026-02-24T05:38:02.097+0530] {processor.py:840} INFO - DAG(s) 'example_bash_operator' retrieved from /Users/aswin/Documents/data-engineering-practice/ETL_Airflow_DBT/airflow/airflow_env/lib/python3.11/site-packages/airflow/example_dags/example_bash_operator.py
[2026-02-24T05:38:02.128+0530] {logging_mixin.py:188} INFO - [2026-02-24T05:38:02.128+0530] {dag.py:3096} INFO - Sync 1 DAGs
[2026-02-24T05:38:02.133+0530] {logging_mixin.py:188} INFO - [2026-02-24T05:38:02.133+0530] {dag.py:3954} INFO - Setting next_dagrun for example_bash_operator to 2026-02-23 00:00:00+00:00, run_after=2026-02-24 00:00:00+00:00
[2026-02-24T05:38:02.139+0530] {processor.py:183} INFO - Processing /Users/aswin/Documents/data-engineering-practice/ETL_Airflow_DBT/airflow/airflow_env/lib/python3.11/site-packages/airflow/example_dags/example_bash_operator.py took 0.048 seconds
[2026-02-24T05:39:31.776+0530] {processor.py:161} INFO - Started process (PID=47667) to work on /Users/aswin/Documents/data-engineering-practice/ETL_Airflow_DBT/airflow/airflow_env/lib/python3.11/site-packages/airflow/example_dags/example_bash_operator.py
[2026-02-24T05:39:31.777+0530] {processor.py:830} INFO - Processing file /Users/aswin/Documents/data-engineering-practice/ETL_Airflow_DBT/airflow/airflow_env/lib/python3.11/site-packages/airflow/example_dags/example_bash_operator.py for tasks to queue
[2026-02-24T05:39:31.777+0530] {logging_mixin.py:188} INFO - [2026-02-24T05:39:31.777+0530] {dagbag.py:540} INFO - Filling up the DagBag from /Users/aswin/Documents/data-engineering-practice/ETL_Airflow_DBT/airflow/airflow_env/lib/python3.11/site-packages/airflow/example_dags/example_bash_operator.py
[2026-02-24T05:39:31.781+0530] {processor.py:840} INFO - DAG(s) 'example_bash_operator' retrieved from /Users/aswin/Documents/data-engineering-practice/ETL_Airflow_DBT/airflow/airflow_env/lib/python3.11/site-packages/airflow/example_dags/example_bash_operator.py
[2026-02-24T05:39:31.815+0530] {logging_mixin.py:188} INFO - [2026-02-24T05:39:31.814+0530] {dag.py:3096} INFO - Sync 1 DAGs
[2026-02-24T05:39:31.820+0530] {logging_mixin.py:188} INFO - [2026-02-24T05:39:31.820+0530] {dag.py:3954} INFO - Setting next_dagrun for example_bash_operator to 2026-02-23 00:00:00+00:00, run_after=2026-02-24 00:00:00+00:00
[2026-02-24T05:39:31.826+0530] {processor.py:183} INFO - Processing /Users/aswin/Documents/data-engineering-practice/ETL_Airflow_DBT/airflow/airflow_env/lib/python3.11/site-packages/airflow/example_dags/example_bash_operator.py took 0.051 seconds
[2026-02-24T05:41:14.607+0530] {processor.py:161} INFO - Started process (PID=47765) to work on /Users/aswin/Documents/data-engineering-practice/ETL_Airflow_DBT/airflow/airflow_env/lib/python3.11/site-packages/airflow/example_dags/example_bash_operator.py
[2026-02-24T05:41:14.608+0530] {processor.py:830} INFO - Processing file /Users/aswin/Documents/data-engineering-practice/ETL_Airflow_DBT/airflow/airflow_env/lib/python3.11/site-packages/airflow/example_dags/example_bash_operator.py for tasks to queue
[2026-02-24T05:41:14.608+0530] {logging_mixin.py:188} INFO - [2026-02-24T05:41:14.608+0530] {dagbag.py:540} INFO - Filling up the DagBag from /Users/aswin/Documents/data-engineering-practice/ETL_Airflow_DBT/airflow/airflow_env/lib/python3.11/site-packages/airflow/example_dags/example_bash_operator.py
[2026-02-24T05:41:14.612+0530] {processor.py:840} INFO - DAG(s) 'example_bash_operator' retrieved from /Users/aswin/Documents/data-engineering-practice/ETL_Airflow_DBT/airflow/airflow_env/lib/python3.11/site-packages/airflow/example_dags/example_bash_operator.py
[2026-02-24T05:41:14.643+0530] {logging_mixin.py:188} INFO - [2026-02-24T05:41:14.643+0530] {dag.py:3096} INFO - Sync 1 DAGs
[2026-02-24T05:41:14.648+0530] {logging_mixin.py:188} INFO - [2026-02-24T05:41:14.648+0530] {dag.py:3954} INFO - Setting next_dagrun for example_bash_operator to 2026-02-23 00:00:00+00:00, run_after=2026-02-24 00:00:00+00:00
[2026-02-24T05:41:14.654+0530] {processor.py:183} INFO - Processing /Users/aswin/Documents/data-engineering-practice/ETL_Airflow_DBT/airflow/airflow_env/lib/python3.11/site-packages/airflow/example_dags/example_bash_operator.py took 0.048 seconds
[2026-02-24T05:42:45.156+0530] {processor.py:161} INFO - Started process (PID=47833) to work on /Users/aswin/Documents/data-engineering-practice/ETL_Airflow_DBT/airflow/airflow_env/lib/python3.11/site-packages/airflow/example_dags/example_bash_operator.py
[2026-02-24T05:42:45.156+0530] {processor.py:830} INFO - Processing file /Users/aswin/Documents/data-engineering-practice/ETL_Airflow_DBT/airflow/airflow_env/lib/python3.11/site-packages/airflow/example_dags/example_bash_operator.py for tasks to queue
[2026-02-24T05:42:45.157+0530] {logging_mixin.py:188} INFO - [2026-02-24T05:42:45.157+0530] {dagbag.py:540} INFO - Filling up the DagBag from /Users/aswin/Documents/data-engineering-practice/ETL_Airflow_DBT/airflow/airflow_env/lib/python3.11/site-packages/airflow/example_dags/example_bash_operator.py
[2026-02-24T05:42:45.160+0530] {processor.py:840} INFO - DAG(s) 'example_bash_operator' retrieved from /Users/aswin/Documents/data-engineering-practice/ETL_Airflow_DBT/airflow/airflow_env/lib/python3.11/site-packages/airflow/example_dags/example_bash_operator.py
[2026-02-24T05:42:45.192+0530] {logging_mixin.py:188} INFO - [2026-02-24T05:42:45.192+0530] {dag.py:3096} INFO - Sync 1 DAGs
[2026-02-24T05:42:45.197+0530] {logging_mixin.py:188} INFO - [2026-02-24T05:42:45.197+0530] {dag.py:3954} INFO - Setting next_dagrun for example_bash_operator to 2026-02-23 00:00:00+00:00, run_after=2026-02-24 00:00:00+00:00
[2026-02-24T05:42:45.203+0530] {processor.py:183} INFO - Processing /Users/aswin/Documents/data-engineering-practice/ETL_Airflow_DBT/airflow/airflow_env/lib/python3.11/site-packages/airflow/example_dags/example_bash_operator.py took 0.048 seconds
[2026-02-24T05:44:16.802+0530] {processor.py:161} INFO - Started process (PID=47919) to work on /Users/aswin/Documents/data-engineering-practice/ETL_Airflow_DBT/airflow/airflow_env/lib/python3.11/site-packages/airflow/example_dags/example_bash_operator.py
[2026-02-24T05:44:16.803+0530] {processor.py:830} INFO - Processing file /Users/aswin/Documents/data-engineering-practice/ETL_Airflow_DBT/airflow/airflow_env/lib/python3.11/site-packages/airflow/example_dags/example_bash_operator.py for tasks to queue
[2026-02-24T05:44:16.803+0530] {logging_mixin.py:188} INFO - [2026-02-24T05:44:16.803+0530] {dagbag.py:540} INFO - Filling up the DagBag from /Users/aswin/Documents/data-engineering-practice/ETL_Airflow_DBT/airflow/airflow_env/lib/python3.11/site-packages/airflow/example_dags/example_bash_operator.py
[2026-02-24T05:44:16.807+0530] {processor.py:840} INFO - DAG(s) 'example_bash_operator' retrieved from /Users/aswin/Documents/data-engineering-practice/ETL_Airflow_DBT/airflow/airflow_env/lib/python3.11/site-packages/airflow/example_dags/example_bash_operator.py
[2026-02-24T05:44:16.839+0530] {logging_mixin.py:188} INFO - [2026-02-24T05:44:16.839+0530] {dag.py:3096} INFO - Sync 1 DAGs
[2026-02-24T05:44:16.844+0530] {logging_mixin.py:188} INFO - [2026-02-24T05:44:16.844+0530] {dag.py:3954} INFO - Setting next_dagrun for example_bash_operator to 2026-02-23 00:00:00+00:00, run_after=2026-02-24 00:00:00+00:00
[2026-02-24T05:44:16.851+0530] {processor.py:183} INFO - Processing /Users/aswin/Documents/data-engineering-practice/ETL_Airflow_DBT/airflow/airflow_env/lib/python3.11/site-packages/airflow/example_dags/example_bash_operator.py took 0.050 seconds
[2026-02-24T05:45:50.171+0530] {processor.py:161} INFO - Started process (PID=47994) to work on /Users/aswin/Documents/data-engineering-practice/ETL_Airflow_DBT/airflow/airflow_env/lib/python3.11/site-packages/airflow/example_dags/example_bash_operator.py
[2026-02-24T05:45:50.172+0530] {processor.py:830} INFO - Processing file /Users/aswin/Documents/data-engineering-practice/ETL_Airflow_DBT/airflow/airflow_env/lib/python3.11/site-packages/airflow/example_dags/example_bash_operator.py for tasks to queue
[2026-02-24T05:45:50.172+0530] {logging_mixin.py:188} INFO - [2026-02-24T05:45:50.172+0530] {dagbag.py:540} INFO - Filling up the DagBag from /Users/aswin/Documents/data-engineering-practice/ETL_Airflow_DBT/airflow/airflow_env/lib/python3.11/site-packages/airflow/example_dags/example_bash_operator.py
[2026-02-24T05:45:50.176+0530] {processor.py:840} INFO - DAG(s) 'example_bash_operator' retrieved from /Users/aswin/Documents/data-engineering-practice/ETL_Airflow_DBT/airflow/airflow_env/lib/python3.11/site-packages/airflow/example_dags/example_bash_operator.py
[2026-02-24T05:45:50.207+0530] {logging_mixin.py:188} INFO - [2026-02-24T05:45:50.207+0530] {dag.py:3096} INFO - Sync 1 DAGs
[2026-02-24T05:45:50.212+0530] {logging_mixin.py:188} INFO - [2026-02-24T05:45:50.212+0530] {dag.py:3954} INFO - Setting next_dagrun for example_bash_operator to 2026-02-23 00:00:00+00:00, run_after=2026-02-24 00:00:00+00:00
[2026-02-24T05:45:50.220+0530] {processor.py:183} INFO - Processing /Users/aswin/Documents/data-engineering-practice/ETL_Airflow_DBT/airflow/airflow_env/lib/python3.11/site-packages/airflow/example_dags/example_bash_operator.py took 0.050 seconds
[2026-02-24T05:47:20.221+0530] {processor.py:161} INFO - Started process (PID=48104) to work on /Users/aswin/Documents/data-engineering-practice/ETL_Airflow_DBT/airflow/airflow_env/lib/python3.11/site-packages/airflow/example_dags/example_bash_operator.py
[2026-02-24T05:47:20.222+0530] {processor.py:830} INFO - Processing file /Users/aswin/Documents/data-engineering-practice/ETL_Airflow_DBT/airflow/airflow_env/lib/python3.11/site-packages/airflow/example_dags/example_bash_operator.py for tasks to queue
[2026-02-24T05:47:20.222+0530] {logging_mixin.py:188} INFO - [2026-02-24T05:47:20.222+0530] {dagbag.py:540} INFO - Filling up the DagBag from /Users/aswin/Documents/data-engineering-practice/ETL_Airflow_DBT/airflow/airflow_env/lib/python3.11/site-packages/airflow/example_dags/example_bash_operator.py
[2026-02-24T05:47:20.226+0530] {processor.py:840} INFO - DAG(s) 'example_bash_operator' retrieved from /Users/aswin/Documents/data-engineering-practice/ETL_Airflow_DBT/airflow/airflow_env/lib/python3.11/site-packages/airflow/example_dags/example_bash_operator.py
[2026-02-24T05:47:20.257+0530] {logging_mixin.py:188} INFO - [2026-02-24T05:47:20.257+0530] {dag.py:3096} INFO - Sync 1 DAGs
[2026-02-24T05:47:20.262+0530] {logging_mixin.py:188} INFO - [2026-02-24T05:47:20.262+0530] {dag.py:3954} INFO - Setting next_dagrun for example_bash_operator to 2026-02-23 00:00:00+00:00, run_after=2026-02-24 00:00:00+00:00
[2026-02-24T05:47:20.268+0530] {processor.py:183} INFO - Processing /Users/aswin/Documents/data-engineering-practice/ETL_Airflow_DBT/airflow/airflow_env/lib/python3.11/site-packages/airflow/example_dags/example_bash_operator.py took 0.049 seconds
[2026-02-24T05:48:48.075+0530] {processor.py:161} INFO - Started process (PID=48180) to work on /Users/aswin/Documents/data-engineering-practice/ETL_Airflow_DBT/airflow/airflow_env/lib/python3.11/site-packages/airflow/example_dags/example_bash_operator.py
[2026-02-24T05:48:48.076+0530] {processor.py:830} INFO - Processing file /Users/aswin/Documents/data-engineering-practice/ETL_Airflow_DBT/airflow/airflow_env/lib/python3.11/site-packages/airflow/example_dags/example_bash_operator.py for tasks to queue
[2026-02-24T05:48:48.076+0530] {logging_mixin.py:188} INFO - [2026-02-24T05:48:48.076+0530] {dagbag.py:540} INFO - Filling up the DagBag from /Users/aswin/Documents/data-engineering-practice/ETL_Airflow_DBT/airflow/airflow_env/lib/python3.11/site-packages/airflow/example_dags/example_bash_operator.py
[2026-02-24T05:48:48.080+0530] {processor.py:840} INFO - DAG(s) 'example_bash_operator' retrieved from /Users/aswin/Documents/data-engineering-practice/ETL_Airflow_DBT/airflow/airflow_env/lib/python3.11/site-packages/airflow/example_dags/example_bash_operator.py
[2026-02-24T05:48:48.111+0530] {logging_mixin.py:188} INFO - [2026-02-24T05:48:48.111+0530] {dag.py:3096} INFO - Sync 1 DAGs
[2026-02-24T05:48:48.116+0530] {logging_mixin.py:188} INFO - [2026-02-24T05:48:48.116+0530] {dag.py:3954} INFO - Setting next_dagrun for example_bash_operator to 2026-02-23 00:00:00+00:00, run_after=2026-02-24 00:00:00+00:00
[2026-02-24T05:48:48.122+0530] {processor.py:183} INFO - Processing /Users/aswin/Documents/data-engineering-practice/ETL_Airflow_DBT/airflow/airflow_env/lib/python3.11/site-packages/airflow/example_dags/example_bash_operator.py took 0.048 seconds
[2026-02-24T05:50:20.097+0530] {processor.py:161} INFO - Started process (PID=48297) to work on /Users/aswin/Documents/data-engineering-practice/ETL_Airflow_DBT/airflow/airflow_env/lib/python3.11/site-packages/airflow/example_dags/example_bash_operator.py
[2026-02-24T05:50:20.098+0530] {processor.py:830} INFO - Processing file /Users/aswin/Documents/data-engineering-practice/ETL_Airflow_DBT/airflow/airflow_env/lib/python3.11/site-packages/airflow/example_dags/example_bash_operator.py for tasks to queue
[2026-02-24T05:50:20.098+0530] {logging_mixin.py:188} INFO - [2026-02-24T05:50:20.098+0530] {dagbag.py:540} INFO - Filling up the DagBag from /Users/aswin/Documents/data-engineering-practice/ETL_Airflow_DBT/airflow/airflow_env/lib/python3.11/site-packages/airflow/example_dags/example_bash_operator.py
[2026-02-24T05:50:20.102+0530] {processor.py:840} INFO - DAG(s) 'example_bash_operator' retrieved from /Users/aswin/Documents/data-engineering-practice/ETL_Airflow_DBT/airflow/airflow_env/lib/python3.11/site-packages/airflow/example_dags/example_bash_operator.py
[2026-02-24T05:50:20.133+0530] {logging_mixin.py:188} INFO - [2026-02-24T05:50:20.133+0530] {dag.py:3096} INFO - Sync 1 DAGs
[2026-02-24T05:50:20.139+0530] {logging_mixin.py:188} INFO - [2026-02-24T05:50:20.139+0530] {dag.py:3954} INFO - Setting next_dagrun for example_bash_operator to 2026-02-23 00:00:00+00:00, run_after=2026-02-24 00:00:00+00:00
[2026-02-24T05:50:20.145+0530] {processor.py:183} INFO - Processing /Users/aswin/Documents/data-engineering-practice/ETL_Airflow_DBT/airflow/airflow_env/lib/python3.11/site-packages/airflow/example_dags/example_bash_operator.py took 0.049 seconds
[2026-02-24T05:51:49.548+0530] {processor.py:161} INFO - Started process (PID=48381) to work on /Users/aswin/Documents/data-engineering-practice/ETL_Airflow_DBT/airflow/airflow_env/lib/python3.11/site-packages/airflow/example_dags/example_bash_operator.py
[2026-02-24T05:51:49.548+0530] {processor.py:830} INFO - Processing file /Users/aswin/Documents/data-engineering-practice/ETL_Airflow_DBT/airflow/airflow_env/lib/python3.11/site-packages/airflow/example_dags/example_bash_operator.py for tasks to queue
[2026-02-24T05:51:49.549+0530] {logging_mixin.py:188} INFO - [2026-02-24T05:51:49.549+0530] {dagbag.py:540} INFO - Filling up the DagBag from /Users/aswin/Documents/data-engineering-practice/ETL_Airflow_DBT/airflow/airflow_env/lib/python3.11/site-packages/airflow/example_dags/example_bash_operator.py
[2026-02-24T05:51:49.553+0530] {processor.py:840} INFO - DAG(s) 'example_bash_operator' retrieved from /Users/aswin/Documents/data-engineering-practice/ETL_Airflow_DBT/airflow/airflow_env/lib/python3.11/site-packages/airflow/example_dags/example_bash_operator.py
[2026-02-24T05:51:49.584+0530] {logging_mixin.py:188} INFO - [2026-02-24T05:51:49.584+0530] {dag.py:3096} INFO - Sync 1 DAGs
[2026-02-24T05:51:49.590+0530] {logging_mixin.py:188} INFO - [2026-02-24T05:51:49.590+0530] {dag.py:3954} INFO - Setting next_dagrun for example_bash_operator to 2026-02-23 00:00:00+00:00, run_after=2026-02-24 00:00:00+00:00
[2026-02-24T05:51:49.596+0530] {processor.py:183} INFO - Processing /Users/aswin/Documents/data-engineering-practice/ETL_Airflow_DBT/airflow/airflow_env/lib/python3.11/site-packages/airflow/example_dags/example_bash_operator.py took 0.049 seconds
[2026-02-24T05:53:25.029+0530] {processor.py:161} INFO - Started process (PID=48471) to work on /Users/aswin/Documents/data-engineering-practice/ETL_Airflow_DBT/airflow/airflow_env/lib/python3.11/site-packages/airflow/example_dags/example_bash_operator.py
[2026-02-24T05:53:25.030+0530] {processor.py:830} INFO - Processing file /Users/aswin/Documents/data-engineering-practice/ETL_Airflow_DBT/airflow/airflow_env/lib/python3.11/site-packages/airflow/example_dags/example_bash_operator.py for tasks to queue
[2026-02-24T05:53:25.030+0530] {logging_mixin.py:188} INFO - [2026-02-24T05:53:25.030+0530] {dagbag.py:540} INFO - Filling up the DagBag from /Users/aswin/Documents/data-engineering-practice/ETL_Airflow_DBT/airflow/airflow_env/lib/python3.11/site-packages/airflow/example_dags/example_bash_operator.py
[2026-02-24T05:53:25.034+0530] {processor.py:840} INFO - DAG(s) 'example_bash_operator' retrieved from /Users/aswin/Documents/data-engineering-practice/ETL_Airflow_DBT/airflow/airflow_env/lib/python3.11/site-packages/airflow/example_dags/example_bash_operator.py
[2026-02-24T05:53:25.065+0530] {logging_mixin.py:188} INFO - [2026-02-24T05:53:25.065+0530] {dag.py:3096} INFO - Sync 1 DAGs
[2026-02-24T05:53:25.070+0530] {logging_mixin.py:188} INFO - [2026-02-24T05:53:25.070+0530] {dag.py:3954} INFO - Setting next_dagrun for example_bash_operator to 2026-02-23 00:00:00+00:00, run_after=2026-02-24 00:00:00+00:00
[2026-02-24T05:53:25.076+0530] {processor.py:183} INFO - Processing /Users/aswin/Documents/data-engineering-practice/ETL_Airflow_DBT/airflow/airflow_env/lib/python3.11/site-packages/airflow/example_dags/example_bash_operator.py took 0.048 seconds
[2026-02-24T05:54:59.568+0530] {processor.py:161} INFO - Started process (PID=48584) to work on /Users/aswin/Documents/data-engineering-practice/ETL_Airflow_DBT/airflow/airflow_env/lib/python3.11/site-packages/airflow/example_dags/example_bash_operator.py
[2026-02-24T05:54:59.570+0530] {processor.py:830} INFO - Processing file /Users/aswin/Documents/data-engineering-practice/ETL_Airflow_DBT/airflow/airflow_env/lib/python3.11/site-packages/airflow/example_dags/example_bash_operator.py for tasks to queue
[2026-02-24T05:54:59.570+0530] {logging_mixin.py:188} INFO - [2026-02-24T05:54:59.570+0530] {dagbag.py:540} INFO - Filling up the DagBag from /Users/aswin/Documents/data-engineering-practice/ETL_Airflow_DBT/airflow/airflow_env/lib/python3.11/site-packages/airflow/example_dags/example_bash_operator.py
[2026-02-24T05:54:59.574+0530] {processor.py:840} INFO - DAG(s) 'example_bash_operator' retrieved from /Users/aswin/Documents/data-engineering-practice/ETL_Airflow_DBT/airflow/airflow_env/lib/python3.11/site-packages/airflow/example_dags/example_bash_operator.py
[2026-02-24T05:54:59.605+0530] {logging_mixin.py:188} INFO - [2026-02-24T05:54:59.605+0530] {dag.py:3096} INFO - Sync 1 DAGs
[2026-02-24T05:54:59.610+0530] {logging_mixin.py:188} INFO - [2026-02-24T05:54:59.610+0530] {dag.py:3954} INFO - Setting next_dagrun for example_bash_operator to 2026-02-23 00:00:00+00:00, run_after=2026-02-24 00:00:00+00:00
[2026-02-24T05:54:59.616+0530] {processor.py:183} INFO - Processing /Users/aswin/Documents/data-engineering-practice/ETL_Airflow_DBT/airflow/airflow_env/lib/python3.11/site-packages/airflow/example_dags/example_bash_operator.py took 0.048 seconds
[2026-02-24T05:56:31.908+0530] {processor.py:161} INFO - Started process (PID=48673) to work on /Users/aswin/Documents/data-engineering-practice/ETL_Airflow_DBT/airflow/airflow_env/lib/python3.11/site-packages/airflow/example_dags/example_bash_operator.py
[2026-02-24T05:56:31.909+0530] {processor.py:830} INFO - Processing file /Users/aswin/Documents/data-engineering-practice/ETL_Airflow_DBT/airflow/airflow_env/lib/python3.11/site-packages/airflow/example_dags/example_bash_operator.py for tasks to queue
[2026-02-24T05:56:31.909+0530] {logging_mixin.py:188} INFO - [2026-02-24T05:56:31.909+0530] {dagbag.py:540} INFO - Filling up the DagBag from /Users/aswin/Documents/data-engineering-practice/ETL_Airflow_DBT/airflow/airflow_env/lib/python3.11/site-packages/airflow/example_dags/example_bash_operator.py
[2026-02-24T05:56:31.913+0530] {processor.py:840} INFO - DAG(s) 'example_bash_operator' retrieved from /Users/aswin/Documents/data-engineering-practice/ETL_Airflow_DBT/airflow/airflow_env/lib/python3.11/site-packages/airflow/example_dags/example_bash_operator.py
[2026-02-24T05:56:31.944+0530] {logging_mixin.py:188} INFO - [2026-02-24T05:56:31.944+0530] {dag.py:3096} INFO - Sync 1 DAGs
[2026-02-24T05:56:31.949+0530] {logging_mixin.py:188} INFO - [2026-02-24T05:56:31.949+0530] {dag.py:3954} INFO - Setting next_dagrun for example_bash_operator to 2026-02-23 00:00:00+00:00, run_after=2026-02-24 00:00:00+00:00
[2026-02-24T05:56:31.955+0530] {processor.py:183} INFO - Processing /Users/aswin/Documents/data-engineering-practice/ETL_Airflow_DBT/airflow/airflow_env/lib/python3.11/site-packages/airflow/example_dags/example_bash_operator.py took 0.048 seconds
[2026-02-24T05:58:05.724+0530] {processor.py:161} INFO - Started process (PID=48754) to work on /Users/aswin/Documents/data-engineering-practice/ETL_Airflow_DBT/airflow/airflow_env/lib/python3.11/site-packages/airflow/example_dags/example_bash_operator.py
[2026-02-24T05:58:05.725+0530] {processor.py:830} INFO - Processing file /Users/aswin/Documents/data-engineering-practice/ETL_Airflow_DBT/airflow/airflow_env/lib/python3.11/site-packages/airflow/example_dags/example_bash_operator.py for tasks to queue
[2026-02-24T05:58:05.725+0530] {logging_mixin.py:188} INFO - [2026-02-24T05:58:05.725+0530] {dagbag.py:540} INFO - Filling up the DagBag from /Users/aswin/Documents/data-engineering-practice/ETL_Airflow_DBT/airflow/airflow_env/lib/python3.11/site-packages/airflow/example_dags/example_bash_operator.py
[2026-02-24T05:58:05.729+0530] {processor.py:840} INFO - DAG(s) 'example_bash_operator' retrieved from /Users/aswin/Documents/data-engineering-practice/ETL_Airflow_DBT/airflow/airflow_env/lib/python3.11/site-packages/airflow/example_dags/example_bash_operator.py
[2026-02-24T05:58:05.760+0530] {logging_mixin.py:188} INFO - [2026-02-24T05:58:05.760+0530] {dag.py:3096} INFO - Sync 1 DAGs
[2026-02-24T05:58:05.765+0530] {logging_mixin.py:188} INFO - [2026-02-24T05:58:05.765+0530] {dag.py:3954} INFO - Setting next_dagrun for example_bash_operator to 2026-02-23 00:00:00+00:00, run_after=2026-02-24 00:00:00+00:00
[2026-02-24T05:58:05.771+0530] {processor.py:183} INFO - Processing /Users/aswin/Documents/data-engineering-practice/ETL_Airflow_DBT/airflow/airflow_env/lib/python3.11/site-packages/airflow/example_dags/example_bash_operator.py took 0.048 seconds
[2026-02-24T05:59:38.972+0530] {processor.py:161} INFO - Started process (PID=48848) to work on /Users/aswin/Documents/data-engineering-practice/ETL_Airflow_DBT/airflow/airflow_env/lib/python3.11/site-packages/airflow/example_dags/example_bash_operator.py
[2026-02-24T05:59:38.972+0530] {processor.py:830} INFO - Processing file /Users/aswin/Documents/data-engineering-practice/ETL_Airflow_DBT/airflow/airflow_env/lib/python3.11/site-packages/airflow/example_dags/example_bash_operator.py for tasks to queue
[2026-02-24T05:59:38.972+0530] {logging_mixin.py:188} INFO - [2026-02-24T05:59:38.972+0530] {dagbag.py:540} INFO - Filling up the DagBag from /Users/aswin/Documents/data-engineering-practice/ETL_Airflow_DBT/airflow/airflow_env/lib/python3.11/site-packages/airflow/example_dags/example_bash_operator.py
[2026-02-24T05:59:38.976+0530] {processor.py:840} INFO - DAG(s) 'example_bash_operator' retrieved from /Users/aswin/Documents/data-engineering-practice/ETL_Airflow_DBT/airflow/airflow_env/lib/python3.11/site-packages/airflow/example_dags/example_bash_operator.py
[2026-02-24T05:59:39.008+0530] {logging_mixin.py:188} INFO - [2026-02-24T05:59:39.007+0530] {dag.py:3096} INFO - Sync 1 DAGs
[2026-02-24T05:59:39.013+0530] {logging_mixin.py:188} INFO - [2026-02-24T05:59:39.013+0530] {dag.py:3954} INFO - Setting next_dagrun for example_bash_operator to 2026-02-23 00:00:00+00:00, run_after=2026-02-24 00:00:00+00:00
[2026-02-24T05:59:39.019+0530] {processor.py:183} INFO - Processing /Users/aswin/Documents/data-engineering-practice/ETL_Airflow_DBT/airflow/airflow_env/lib/python3.11/site-packages/airflow/example_dags/example_bash_operator.py took 0.048 seconds
[2026-02-24T06:01:15.331+0530] {processor.py:161} INFO - Started process (PID=48973) to work on /Users/aswin/Documents/data-engineering-practice/ETL_Airflow_DBT/airflow/airflow_env/lib/python3.11/site-packages/airflow/example_dags/example_bash_operator.py
[2026-02-24T06:01:15.331+0530] {processor.py:830} INFO - Processing file /Users/aswin/Documents/data-engineering-practice/ETL_Airflow_DBT/airflow/airflow_env/lib/python3.11/site-packages/airflow/example_dags/example_bash_operator.py for tasks to queue
[2026-02-24T06:01:15.331+0530] {logging_mixin.py:188} INFO - [2026-02-24T06:01:15.331+0530] {dagbag.py:540} INFO - Filling up the DagBag from /Users/aswin/Documents/data-engineering-practice/ETL_Airflow_DBT/airflow/airflow_env/lib/python3.11/site-packages/airflow/example_dags/example_bash_operator.py
[2026-02-24T06:01:15.335+0530] {processor.py:840} INFO - DAG(s) 'example_bash_operator' retrieved from /Users/aswin/Documents/data-engineering-practice/ETL_Airflow_DBT/airflow/airflow_env/lib/python3.11/site-packages/airflow/example_dags/example_bash_operator.py
[2026-02-24T06:01:15.366+0530] {logging_mixin.py:188} INFO - [2026-02-24T06:01:15.366+0530] {dag.py:3096} INFO - Sync 1 DAGs
[2026-02-24T06:01:15.372+0530] {logging_mixin.py:188} INFO - [2026-02-24T06:01:15.371+0530] {dag.py:3954} INFO - Setting next_dagrun for example_bash_operator to 2026-02-23 00:00:00+00:00, run_after=2026-02-24 00:00:00+00:00
[2026-02-24T06:01:15.378+0530] {processor.py:183} INFO - Processing /Users/aswin/Documents/data-engineering-practice/ETL_Airflow_DBT/airflow/airflow_env/lib/python3.11/site-packages/airflow/example_dags/example_bash_operator.py took 0.048 seconds
[2026-02-24T06:02:47.213+0530] {processor.py:161} INFO - Started process (PID=49108) to work on /Users/aswin/Documents/data-engineering-practice/ETL_Airflow_DBT/airflow/airflow_env/lib/python3.11/site-packages/airflow/example_dags/example_bash_operator.py
[2026-02-24T06:02:47.214+0530] {processor.py:830} INFO - Processing file /Users/aswin/Documents/data-engineering-practice/ETL_Airflow_DBT/airflow/airflow_env/lib/python3.11/site-packages/airflow/example_dags/example_bash_operator.py for tasks to queue
[2026-02-24T06:02:47.214+0530] {logging_mixin.py:188} INFO - [2026-02-24T06:02:47.214+0530] {dagbag.py:540} INFO - Filling up the DagBag from /Users/aswin/Documents/data-engineering-practice/ETL_Airflow_DBT/airflow/airflow_env/lib/python3.11/site-packages/airflow/example_dags/example_bash_operator.py
[2026-02-24T06:02:47.218+0530] {processor.py:840} INFO - DAG(s) 'example_bash_operator' retrieved from /Users/aswin/Documents/data-engineering-practice/ETL_Airflow_DBT/airflow/airflow_env/lib/python3.11/site-packages/airflow/example_dags/example_bash_operator.py
[2026-02-24T06:02:47.249+0530] {logging_mixin.py:188} INFO - [2026-02-24T06:02:47.249+0530] {dag.py:3096} INFO - Sync 1 DAGs
[2026-02-24T06:02:47.254+0530] {logging_mixin.py:188} INFO - [2026-02-24T06:02:47.254+0530] {dag.py:3954} INFO - Setting next_dagrun for example_bash_operator to 2026-02-23 00:00:00+00:00, run_after=2026-02-24 00:00:00+00:00
[2026-02-24T06:02:47.260+0530] {processor.py:183} INFO - Processing /Users/aswin/Documents/data-engineering-practice/ETL_Airflow_DBT/airflow/airflow_env/lib/python3.11/site-packages/airflow/example_dags/example_bash_operator.py took 0.048 seconds
[2026-02-24T06:04:19.137+0530] {processor.py:161} INFO - Started process (PID=49251) to work on /Users/aswin/Documents/data-engineering-practice/ETL_Airflow_DBT/airflow/airflow_env/lib/python3.11/site-packages/airflow/example_dags/example_bash_operator.py
[2026-02-24T06:04:19.138+0530] {processor.py:830} INFO - Processing file /Users/aswin/Documents/data-engineering-practice/ETL_Airflow_DBT/airflow/airflow_env/lib/python3.11/site-packages/airflow/example_dags/example_bash_operator.py for tasks to queue
[2026-02-24T06:04:19.138+0530] {logging_mixin.py:188} INFO - [2026-02-24T06:04:19.138+0530] {dagbag.py:540} INFO - Filling up the DagBag from /Users/aswin/Documents/data-engineering-practice/ETL_Airflow_DBT/airflow/airflow_env/lib/python3.11/site-packages/airflow/example_dags/example_bash_operator.py
[2026-02-24T06:04:19.142+0530] {processor.py:840} INFO - DAG(s) 'example_bash_operator' retrieved from /Users/aswin/Documents/data-engineering-practice/ETL_Airflow_DBT/airflow/airflow_env/lib/python3.11/site-packages/airflow/example_dags/example_bash_operator.py
[2026-02-24T06:04:19.173+0530] {logging_mixin.py:188} INFO - [2026-02-24T06:04:19.173+0530] {dag.py:3096} INFO - Sync 1 DAGs
[2026-02-24T06:04:19.178+0530] {logging_mixin.py:188} INFO - [2026-02-24T06:04:19.178+0530] {dag.py:3954} INFO - Setting next_dagrun for example_bash_operator to 2026-02-23 00:00:00+00:00, run_after=2026-02-24 00:00:00+00:00
[2026-02-24T06:04:19.184+0530] {processor.py:183} INFO - Processing /Users/aswin/Documents/data-engineering-practice/ETL_Airflow_DBT/airflow/airflow_env/lib/python3.11/site-packages/airflow/example_dags/example_bash_operator.py took 0.047 seconds
[2026-02-24T06:06:01.523+0530] {processor.py:161} INFO - Started process (PID=49399) to work on /Users/aswin/Documents/data-engineering-practice/ETL_Airflow_DBT/airflow/airflow_env/lib/python3.11/site-packages/airflow/example_dags/example_bash_operator.py
[2026-02-24T06:06:01.524+0530] {processor.py:830} INFO - Processing file /Users/aswin/Documents/data-engineering-practice/ETL_Airflow_DBT/airflow/airflow_env/lib/python3.11/site-packages/airflow/example_dags/example_bash_operator.py for tasks to queue
[2026-02-24T06:06:01.525+0530] {logging_mixin.py:188} INFO - [2026-02-24T06:06:01.525+0530] {dagbag.py:540} INFO - Filling up the DagBag from /Users/aswin/Documents/data-engineering-practice/ETL_Airflow_DBT/airflow/airflow_env/lib/python3.11/site-packages/airflow/example_dags/example_bash_operator.py
[2026-02-24T06:06:01.529+0530] {processor.py:840} INFO - DAG(s) 'example_bash_operator' retrieved from /Users/aswin/Documents/data-engineering-practice/ETL_Airflow_DBT/airflow/airflow_env/lib/python3.11/site-packages/airflow/example_dags/example_bash_operator.py
[2026-02-24T06:06:01.563+0530] {logging_mixin.py:188} INFO - [2026-02-24T06:06:01.563+0530] {dag.py:3096} INFO - Sync 1 DAGs
[2026-02-24T06:06:01.568+0530] {logging_mixin.py:188} INFO - [2026-02-24T06:06:01.568+0530] {dag.py:3954} INFO - Setting next_dagrun for example_bash_operator to 2026-02-23 00:00:00+00:00, run_after=2026-02-24 00:00:00+00:00
[2026-02-24T06:06:01.575+0530] {processor.py:183} INFO - Processing /Users/aswin/Documents/data-engineering-practice/ETL_Airflow_DBT/airflow/airflow_env/lib/python3.11/site-packages/airflow/example_dags/example_bash_operator.py took 0.053 seconds
[2026-02-24T06:07:40.186+0530] {processor.py:161} INFO - Started process (PID=49480) to work on /Users/aswin/Documents/data-engineering-practice/ETL_Airflow_DBT/airflow/airflow_env/lib/python3.11/site-packages/airflow/example_dags/example_bash_operator.py
[2026-02-24T06:07:40.187+0530] {processor.py:830} INFO - Processing file /Users/aswin/Documents/data-engineering-practice/ETL_Airflow_DBT/airflow/airflow_env/lib/python3.11/site-packages/airflow/example_dags/example_bash_operator.py for tasks to queue
[2026-02-24T06:07:40.187+0530] {logging_mixin.py:188} INFO - [2026-02-24T06:07:40.187+0530] {dagbag.py:540} INFO - Filling up the DagBag from /Users/aswin/Documents/data-engineering-practice/ETL_Airflow_DBT/airflow/airflow_env/lib/python3.11/site-packages/airflow/example_dags/example_bash_operator.py
[2026-02-24T06:07:40.191+0530] {processor.py:840} INFO - DAG(s) 'example_bash_operator' retrieved from /Users/aswin/Documents/data-engineering-practice/ETL_Airflow_DBT/airflow/airflow_env/lib/python3.11/site-packages/airflow/example_dags/example_bash_operator.py
[2026-02-24T06:07:40.226+0530] {logging_mixin.py:188} INFO - [2026-02-24T06:07:40.226+0530] {dag.py:3096} INFO - Sync 1 DAGs
[2026-02-24T06:07:40.232+0530] {logging_mixin.py:188} INFO - [2026-02-24T06:07:40.232+0530] {dag.py:3954} INFO - Setting next_dagrun for example_bash_operator to 2026-02-23 00:00:00+00:00, run_after=2026-02-24 00:00:00+00:00
[2026-02-24T06:07:40.239+0530] {processor.py:183} INFO - Processing /Users/aswin/Documents/data-engineering-practice/ETL_Airflow_DBT/airflow/airflow_env/lib/python3.11/site-packages/airflow/example_dags/example_bash_operator.py took 0.054 seconds
[2026-02-24T06:09:13.724+0530] {processor.py:161} INFO - Started process (PID=49563) to work on /Users/aswin/Documents/data-engineering-practice/ETL_Airflow_DBT/airflow/airflow_env/lib/python3.11/site-packages/airflow/example_dags/example_bash_operator.py
[2026-02-24T06:09:13.725+0530] {processor.py:830} INFO - Processing file /Users/aswin/Documents/data-engineering-practice/ETL_Airflow_DBT/airflow/airflow_env/lib/python3.11/site-packages/airflow/example_dags/example_bash_operator.py for tasks to queue
[2026-02-24T06:09:13.725+0530] {logging_mixin.py:188} INFO - [2026-02-24T06:09:13.725+0530] {dagbag.py:540} INFO - Filling up the DagBag from /Users/aswin/Documents/data-engineering-practice/ETL_Airflow_DBT/airflow/airflow_env/lib/python3.11/site-packages/airflow/example_dags/example_bash_operator.py
[2026-02-24T06:09:13.729+0530] {processor.py:840} INFO - DAG(s) 'example_bash_operator' retrieved from /Users/aswin/Documents/data-engineering-practice/ETL_Airflow_DBT/airflow/airflow_env/lib/python3.11/site-packages/airflow/example_dags/example_bash_operator.py
[2026-02-24T06:09:13.760+0530] {logging_mixin.py:188} INFO - [2026-02-24T06:09:13.760+0530] {dag.py:3096} INFO - Sync 1 DAGs
[2026-02-24T06:09:13.765+0530] {logging_mixin.py:188} INFO - [2026-02-24T06:09:13.765+0530] {dag.py:3954} INFO - Setting next_dagrun for example_bash_operator to 2026-02-23 00:00:00+00:00, run_after=2026-02-24 00:00:00+00:00
[2026-02-24T06:09:13.772+0530] {processor.py:183} INFO - Processing /Users/aswin/Documents/data-engineering-practice/ETL_Airflow_DBT/airflow/airflow_env/lib/python3.11/site-packages/airflow/example_dags/example_bash_operator.py took 0.048 seconds
[2026-02-24T06:10:40.974+0530] {processor.py:161} INFO - Started process (PID=49646) to work on /Users/aswin/Documents/data-engineering-practice/ETL_Airflow_DBT/airflow/airflow_env/lib/python3.11/site-packages/airflow/example_dags/example_bash_operator.py
[2026-02-24T06:10:40.975+0530] {processor.py:830} INFO - Processing file /Users/aswin/Documents/data-engineering-practice/ETL_Airflow_DBT/airflow/airflow_env/lib/python3.11/site-packages/airflow/example_dags/example_bash_operator.py for tasks to queue
[2026-02-24T06:10:40.975+0530] {logging_mixin.py:188} INFO - [2026-02-24T06:10:40.975+0530] {dagbag.py:540} INFO - Filling up the DagBag from /Users/aswin/Documents/data-engineering-practice/ETL_Airflow_DBT/airflow/airflow_env/lib/python3.11/site-packages/airflow/example_dags/example_bash_operator.py
[2026-02-24T06:10:40.979+0530] {processor.py:840} INFO - DAG(s) 'example_bash_operator' retrieved from /Users/aswin/Documents/data-engineering-practice/ETL_Airflow_DBT/airflow/airflow_env/lib/python3.11/site-packages/airflow/example_dags/example_bash_operator.py
[2026-02-24T06:10:41.010+0530] {logging_mixin.py:188} INFO - [2026-02-24T06:10:41.010+0530] {dag.py:3096} INFO - Sync 1 DAGs
[2026-02-24T06:10:41.016+0530] {logging_mixin.py:188} INFO - [2026-02-24T06:10:41.015+0530] {dag.py:3954} INFO - Setting next_dagrun for example_bash_operator to 2026-02-23 00:00:00+00:00, run_after=2026-02-24 00:00:00+00:00
[2026-02-24T06:10:41.022+0530] {processor.py:183} INFO - Processing /Users/aswin/Documents/data-engineering-practice/ETL_Airflow_DBT/airflow/airflow_env/lib/python3.11/site-packages/airflow/example_dags/example_bash_operator.py took 0.049 seconds
[2026-02-24T06:12:07.416+0530] {processor.py:161} INFO - Started process (PID=49722) to work on /Users/aswin/Documents/data-engineering-practice/ETL_Airflow_DBT/airflow/airflow_env/lib/python3.11/site-packages/airflow/example_dags/example_bash_operator.py
[2026-02-24T06:12:07.417+0530] {processor.py:830} INFO - Processing file /Users/aswin/Documents/data-engineering-practice/ETL_Airflow_DBT/airflow/airflow_env/lib/python3.11/site-packages/airflow/example_dags/example_bash_operator.py for tasks to queue
[2026-02-24T06:12:07.417+0530] {logging_mixin.py:188} INFO - [2026-02-24T06:12:07.417+0530] {dagbag.py:540} INFO - Filling up the DagBag from /Users/aswin/Documents/data-engineering-practice/ETL_Airflow_DBT/airflow/airflow_env/lib/python3.11/site-packages/airflow/example_dags/example_bash_operator.py
[2026-02-24T06:12:07.421+0530] {processor.py:840} INFO - DAG(s) 'example_bash_operator' retrieved from /Users/aswin/Documents/data-engineering-practice/ETL_Airflow_DBT/airflow/airflow_env/lib/python3.11/site-packages/airflow/example_dags/example_bash_operator.py
[2026-02-24T06:12:07.453+0530] {logging_mixin.py:188} INFO - [2026-02-24T06:12:07.453+0530] {dag.py:3096} INFO - Sync 1 DAGs
[2026-02-24T06:12:07.458+0530] {logging_mixin.py:188} INFO - [2026-02-24T06:12:07.458+0530] {dag.py:3954} INFO - Setting next_dagrun for example_bash_operator to 2026-02-23 00:00:00+00:00, run_after=2026-02-24 00:00:00+00:00
[2026-02-24T06:12:07.464+0530] {processor.py:183} INFO - Processing /Users/aswin/Documents/data-engineering-practice/ETL_Airflow_DBT/airflow/airflow_env/lib/python3.11/site-packages/airflow/example_dags/example_bash_operator.py took 0.049 seconds
[2026-02-24T06:13:47.017+0530] {processor.py:161} INFO - Started process (PID=49795) to work on /Users/aswin/Documents/data-engineering-practice/ETL_Airflow_DBT/airflow/airflow_env/lib/python3.11/site-packages/airflow/example_dags/example_bash_operator.py
[2026-02-24T06:13:47.018+0530] {processor.py:830} INFO - Processing file /Users/aswin/Documents/data-engineering-practice/ETL_Airflow_DBT/airflow/airflow_env/lib/python3.11/site-packages/airflow/example_dags/example_bash_operator.py for tasks to queue
[2026-02-24T06:13:47.018+0530] {logging_mixin.py:188} INFO - [2026-02-24T06:13:47.018+0530] {dagbag.py:540} INFO - Filling up the DagBag from /Users/aswin/Documents/data-engineering-practice/ETL_Airflow_DBT/airflow/airflow_env/lib/python3.11/site-packages/airflow/example_dags/example_bash_operator.py
[2026-02-24T06:13:47.022+0530] {processor.py:840} INFO - DAG(s) 'example_bash_operator' retrieved from /Users/aswin/Documents/data-engineering-practice/ETL_Airflow_DBT/airflow/airflow_env/lib/python3.11/site-packages/airflow/example_dags/example_bash_operator.py
[2026-02-24T06:13:47.053+0530] {logging_mixin.py:188} INFO - [2026-02-24T06:13:47.053+0530] {dag.py:3096} INFO - Sync 1 DAGs
[2026-02-24T06:13:47.058+0530] {logging_mixin.py:188} INFO - [2026-02-24T06:13:47.058+0530] {dag.py:3954} INFO - Setting next_dagrun for example_bash_operator to 2026-02-23 00:00:00+00:00, run_after=2026-02-24 00:00:00+00:00
[2026-02-24T06:13:47.064+0530] {processor.py:183} INFO - Processing /Users/aswin/Documents/data-engineering-practice/ETL_Airflow_DBT/airflow/airflow_env/lib/python3.11/site-packages/airflow/example_dags/example_bash_operator.py took 0.048 seconds
[2026-02-24T06:15:22.363+0530] {processor.py:161} INFO - Started process (PID=49869) to work on /Users/aswin/Documents/data-engineering-practice/ETL_Airflow_DBT/airflow/airflow_env/lib/python3.11/site-packages/airflow/example_dags/example_bash_operator.py
[2026-02-24T06:15:22.364+0530] {processor.py:830} INFO - Processing file /Users/aswin/Documents/data-engineering-practice/ETL_Airflow_DBT/airflow/airflow_env/lib/python3.11/site-packages/airflow/example_dags/example_bash_operator.py for tasks to queue
[2026-02-24T06:15:22.364+0530] {logging_mixin.py:188} INFO - [2026-02-24T06:15:22.364+0530] {dagbag.py:540} INFO - Filling up the DagBag from /Users/aswin/Documents/data-engineering-practice/ETL_Airflow_DBT/airflow/airflow_env/lib/python3.11/site-packages/airflow/example_dags/example_bash_operator.py
[2026-02-24T06:15:22.368+0530] {processor.py:840} INFO - DAG(s) 'example_bash_operator' retrieved from /Users/aswin/Documents/data-engineering-practice/ETL_Airflow_DBT/airflow/airflow_env/lib/python3.11/site-packages/airflow/example_dags/example_bash_operator.py
[2026-02-24T06:15:22.400+0530] {logging_mixin.py:188} INFO - [2026-02-24T06:15:22.400+0530] {dag.py:3096} INFO - Sync 1 DAGs
[2026-02-24T06:15:22.405+0530] {logging_mixin.py:188} INFO - [2026-02-24T06:15:22.405+0530] {dag.py:3954} INFO - Setting next_dagrun for example_bash_operator to 2026-02-23 00:00:00+00:00, run_after=2026-02-24 00:00:00+00:00
[2026-02-24T06:15:22.411+0530] {processor.py:183} INFO - Processing /Users/aswin/Documents/data-engineering-practice/ETL_Airflow_DBT/airflow/airflow_env/lib/python3.11/site-packages/airflow/example_dags/example_bash_operator.py took 0.049 seconds
[2026-02-24T06:16:56.429+0530] {processor.py:161} INFO - Started process (PID=49974) to work on /Users/aswin/Documents/data-engineering-practice/ETL_Airflow_DBT/airflow/airflow_env/lib/python3.11/site-packages/airflow/example_dags/example_bash_operator.py
[2026-02-24T06:16:56.430+0530] {processor.py:830} INFO - Processing file /Users/aswin/Documents/data-engineering-practice/ETL_Airflow_DBT/airflow/airflow_env/lib/python3.11/site-packages/airflow/example_dags/example_bash_operator.py for tasks to queue
[2026-02-24T06:16:56.431+0530] {logging_mixin.py:188} INFO - [2026-02-24T06:16:56.431+0530] {dagbag.py:540} INFO - Filling up the DagBag from /Users/aswin/Documents/data-engineering-practice/ETL_Airflow_DBT/airflow/airflow_env/lib/python3.11/site-packages/airflow/example_dags/example_bash_operator.py
[2026-02-24T06:16:56.435+0530] {processor.py:840} INFO - DAG(s) 'example_bash_operator' retrieved from /Users/aswin/Documents/data-engineering-practice/ETL_Airflow_DBT/airflow/airflow_env/lib/python3.11/site-packages/airflow/example_dags/example_bash_operator.py
[2026-02-24T06:16:56.466+0530] {logging_mixin.py:188} INFO - [2026-02-24T06:16:56.466+0530] {dag.py:3096} INFO - Sync 1 DAGs
[2026-02-24T06:16:56.471+0530] {logging_mixin.py:188} INFO - [2026-02-24T06:16:56.471+0530] {dag.py:3954} INFO - Setting next_dagrun for example_bash_operator to 2026-02-23 00:00:00+00:00, run_after=2026-02-24 00:00:00+00:00
[2026-02-24T06:16:56.477+0530] {processor.py:183} INFO - Processing /Users/aswin/Documents/data-engineering-practice/ETL_Airflow_DBT/airflow/airflow_env/lib/python3.11/site-packages/airflow/example_dags/example_bash_operator.py took 0.049 seconds
