[2026-02-24T05:31:20.599+0530] {processor.py:161} INFO - Started process (PID=47137) to work on /Users/aswin/Documents/data-engineering-practice/ETL_Airflow_DBT/airflow/airflow_env/lib/python3.11/site-packages/airflow/example_dags/example_complex.py
[2026-02-24T05:31:20.599+0530] {processor.py:830} INFO - Processing file /Users/aswin/Documents/data-engineering-practice/ETL_Airflow_DBT/airflow/airflow_env/lib/python3.11/site-packages/airflow/example_dags/example_complex.py for tasks to queue
[2026-02-24T05:31:20.599+0530] {logging_mixin.py:188} INFO - [2026-02-24T05:31:20.599+0530] {dagbag.py:540} INFO - Filling up the DagBag from /Users/aswin/Documents/data-engineering-practice/ETL_Airflow_DBT/airflow/airflow_env/lib/python3.11/site-packages/airflow/example_dags/example_complex.py
[2026-02-24T05:31:20.604+0530] {processor.py:840} INFO - DAG(s) 'example_complex' retrieved from /Users/aswin/Documents/data-engineering-practice/ETL_Airflow_DBT/airflow/airflow_env/lib/python3.11/site-packages/airflow/example_dags/example_complex.py
[2026-02-24T05:31:20.637+0530] {logging_mixin.py:188} INFO - [2026-02-24T05:31:20.637+0530] {dag.py:3096} INFO - Sync 1 DAGs
[2026-02-24T05:31:20.640+0530] {logging_mixin.py:188} INFO - [2026-02-24T05:31:20.640+0530] {dag.py:3954} INFO - Setting next_dagrun for example_complex to None, run_after=None
[2026-02-24T05:31:20.645+0530] {processor.py:183} INFO - Processing /Users/aswin/Documents/data-engineering-practice/ETL_Airflow_DBT/airflow/airflow_env/lib/python3.11/site-packages/airflow/example_dags/example_complex.py took 0.047 seconds
[2026-02-24T05:32:55.305+0530] {processor.py:161} INFO - Started process (PID=47258) to work on /Users/aswin/Documents/data-engineering-practice/ETL_Airflow_DBT/airflow/airflow_env/lib/python3.11/site-packages/airflow/example_dags/example_complex.py
[2026-02-24T05:32:55.306+0530] {processor.py:830} INFO - Processing file /Users/aswin/Documents/data-engineering-practice/ETL_Airflow_DBT/airflow/airflow_env/lib/python3.11/site-packages/airflow/example_dags/example_complex.py for tasks to queue
[2026-02-24T05:32:55.307+0530] {logging_mixin.py:188} INFO - [2026-02-24T05:32:55.307+0530] {dagbag.py:540} INFO - Filling up the DagBag from /Users/aswin/Documents/data-engineering-practice/ETL_Airflow_DBT/airflow/airflow_env/lib/python3.11/site-packages/airflow/example_dags/example_complex.py
[2026-02-24T05:32:55.311+0530] {processor.py:840} INFO - DAG(s) 'example_complex' retrieved from /Users/aswin/Documents/data-engineering-practice/ETL_Airflow_DBT/airflow/airflow_env/lib/python3.11/site-packages/airflow/example_dags/example_complex.py
[2026-02-24T05:32:55.344+0530] {logging_mixin.py:188} INFO - [2026-02-24T05:32:55.344+0530] {dag.py:3096} INFO - Sync 1 DAGs
[2026-02-24T05:32:55.347+0530] {logging_mixin.py:188} INFO - [2026-02-24T05:32:55.347+0530] {dag.py:3954} INFO - Setting next_dagrun for example_complex to None, run_after=None
[2026-02-24T05:32:55.353+0530] {processor.py:183} INFO - Processing /Users/aswin/Documents/data-engineering-practice/ETL_Airflow_DBT/airflow/airflow_env/lib/python3.11/site-packages/airflow/example_dags/example_complex.py took 0.048 seconds
[2026-02-24T05:34:30.355+0530] {processor.py:161} INFO - Started process (PID=47369) to work on /Users/aswin/Documents/data-engineering-practice/ETL_Airflow_DBT/airflow/airflow_env/lib/python3.11/site-packages/airflow/example_dags/example_complex.py
[2026-02-24T05:34:30.356+0530] {processor.py:830} INFO - Processing file /Users/aswin/Documents/data-engineering-practice/ETL_Airflow_DBT/airflow/airflow_env/lib/python3.11/site-packages/airflow/example_dags/example_complex.py for tasks to queue
[2026-02-24T05:34:30.356+0530] {logging_mixin.py:188} INFO - [2026-02-24T05:34:30.356+0530] {dagbag.py:540} INFO - Filling up the DagBag from /Users/aswin/Documents/data-engineering-practice/ETL_Airflow_DBT/airflow/airflow_env/lib/python3.11/site-packages/airflow/example_dags/example_complex.py
[2026-02-24T05:34:30.360+0530] {processor.py:840} INFO - DAG(s) 'example_complex' retrieved from /Users/aswin/Documents/data-engineering-practice/ETL_Airflow_DBT/airflow/airflow_env/lib/python3.11/site-packages/airflow/example_dags/example_complex.py
[2026-02-24T05:34:30.393+0530] {logging_mixin.py:188} INFO - [2026-02-24T05:34:30.393+0530] {dag.py:3096} INFO - Sync 1 DAGs
[2026-02-24T05:34:30.396+0530] {logging_mixin.py:188} INFO - [2026-02-24T05:34:30.396+0530] {dag.py:3954} INFO - Setting next_dagrun for example_complex to None, run_after=None
[2026-02-24T05:34:30.402+0530] {processor.py:183} INFO - Processing /Users/aswin/Documents/data-engineering-practice/ETL_Airflow_DBT/airflow/airflow_env/lib/python3.11/site-packages/airflow/example_dags/example_complex.py took 0.048 seconds
[2026-02-24T05:36:03.279+0530] {processor.py:161} INFO - Started process (PID=47461) to work on /Users/aswin/Documents/data-engineering-practice/ETL_Airflow_DBT/airflow/airflow_env/lib/python3.11/site-packages/airflow/example_dags/example_complex.py
[2026-02-24T05:36:03.280+0530] {processor.py:830} INFO - Processing file /Users/aswin/Documents/data-engineering-practice/ETL_Airflow_DBT/airflow/airflow_env/lib/python3.11/site-packages/airflow/example_dags/example_complex.py for tasks to queue
[2026-02-24T05:36:03.280+0530] {logging_mixin.py:188} INFO - [2026-02-24T05:36:03.280+0530] {dagbag.py:540} INFO - Filling up the DagBag from /Users/aswin/Documents/data-engineering-practice/ETL_Airflow_DBT/airflow/airflow_env/lib/python3.11/site-packages/airflow/example_dags/example_complex.py
[2026-02-24T05:36:03.285+0530] {processor.py:840} INFO - DAG(s) 'example_complex' retrieved from /Users/aswin/Documents/data-engineering-practice/ETL_Airflow_DBT/airflow/airflow_env/lib/python3.11/site-packages/airflow/example_dags/example_complex.py
[2026-02-24T05:36:03.318+0530] {logging_mixin.py:188} INFO - [2026-02-24T05:36:03.318+0530] {dag.py:3096} INFO - Sync 1 DAGs
[2026-02-24T05:36:03.321+0530] {logging_mixin.py:188} INFO - [2026-02-24T05:36:03.321+0530] {dag.py:3954} INFO - Setting next_dagrun for example_complex to None, run_after=None
[2026-02-24T05:36:03.327+0530] {processor.py:183} INFO - Processing /Users/aswin/Documents/data-engineering-practice/ETL_Airflow_DBT/airflow/airflow_env/lib/python3.11/site-packages/airflow/example_dags/example_complex.py took 0.049 seconds
[2026-02-24T05:37:52.257+0530] {processor.py:161} INFO - Started process (PID=47581) to work on /Users/aswin/Documents/data-engineering-practice/ETL_Airflow_DBT/airflow/airflow_env/lib/python3.11/site-packages/airflow/example_dags/example_complex.py
[2026-02-24T05:37:52.259+0530] {processor.py:830} INFO - Processing file /Users/aswin/Documents/data-engineering-practice/ETL_Airflow_DBT/airflow/airflow_env/lib/python3.11/site-packages/airflow/example_dags/example_complex.py for tasks to queue
[2026-02-24T05:37:52.259+0530] {logging_mixin.py:188} INFO - [2026-02-24T05:37:52.259+0530] {dagbag.py:540} INFO - Filling up the DagBag from /Users/aswin/Documents/data-engineering-practice/ETL_Airflow_DBT/airflow/airflow_env/lib/python3.11/site-packages/airflow/example_dags/example_complex.py
[2026-02-24T05:37:52.263+0530] {processor.py:840} INFO - DAG(s) 'example_complex' retrieved from /Users/aswin/Documents/data-engineering-practice/ETL_Airflow_DBT/airflow/airflow_env/lib/python3.11/site-packages/airflow/example_dags/example_complex.py
[2026-02-24T05:37:52.296+0530] {logging_mixin.py:188} INFO - [2026-02-24T05:37:52.296+0530] {dag.py:3096} INFO - Sync 1 DAGs
[2026-02-24T05:37:52.299+0530] {logging_mixin.py:188} INFO - [2026-02-24T05:37:52.299+0530] {dag.py:3954} INFO - Setting next_dagrun for example_complex to None, run_after=None
[2026-02-24T05:37:52.304+0530] {processor.py:183} INFO - Processing /Users/aswin/Documents/data-engineering-practice/ETL_Airflow_DBT/airflow/airflow_env/lib/python3.11/site-packages/airflow/example_dags/example_complex.py took 0.048 seconds
[2026-02-24T05:39:21.935+0530] {processor.py:161} INFO - Started process (PID=47654) to work on /Users/aswin/Documents/data-engineering-practice/ETL_Airflow_DBT/airflow/airflow_env/lib/python3.11/site-packages/airflow/example_dags/example_complex.py
[2026-02-24T05:39:21.936+0530] {processor.py:830} INFO - Processing file /Users/aswin/Documents/data-engineering-practice/ETL_Airflow_DBT/airflow/airflow_env/lib/python3.11/site-packages/airflow/example_dags/example_complex.py for tasks to queue
[2026-02-24T05:39:21.936+0530] {logging_mixin.py:188} INFO - [2026-02-24T05:39:21.936+0530] {dagbag.py:540} INFO - Filling up the DagBag from /Users/aswin/Documents/data-engineering-practice/ETL_Airflow_DBT/airflow/airflow_env/lib/python3.11/site-packages/airflow/example_dags/example_complex.py
[2026-02-24T05:39:21.941+0530] {processor.py:840} INFO - DAG(s) 'example_complex' retrieved from /Users/aswin/Documents/data-engineering-practice/ETL_Airflow_DBT/airflow/airflow_env/lib/python3.11/site-packages/airflow/example_dags/example_complex.py
[2026-02-24T05:39:21.974+0530] {logging_mixin.py:188} INFO - [2026-02-24T05:39:21.974+0530] {dag.py:3096} INFO - Sync 1 DAGs
[2026-02-24T05:39:21.977+0530] {logging_mixin.py:188} INFO - [2026-02-24T05:39:21.977+0530] {dag.py:3954} INFO - Setting next_dagrun for example_complex to None, run_after=None
[2026-02-24T05:39:21.982+0530] {processor.py:183} INFO - Processing /Users/aswin/Documents/data-engineering-practice/ETL_Airflow_DBT/airflow/airflow_env/lib/python3.11/site-packages/airflow/example_dags/example_complex.py took 0.048 seconds
[2026-02-24T05:41:04.090+0530] {processor.py:161} INFO - Started process (PID=47757) to work on /Users/aswin/Documents/data-engineering-practice/ETL_Airflow_DBT/airflow/airflow_env/lib/python3.11/site-packages/airflow/example_dags/example_complex.py
[2026-02-24T05:41:04.091+0530] {processor.py:830} INFO - Processing file /Users/aswin/Documents/data-engineering-practice/ETL_Airflow_DBT/airflow/airflow_env/lib/python3.11/site-packages/airflow/example_dags/example_complex.py for tasks to queue
[2026-02-24T05:41:04.091+0530] {logging_mixin.py:188} INFO - [2026-02-24T05:41:04.091+0530] {dagbag.py:540} INFO - Filling up the DagBag from /Users/aswin/Documents/data-engineering-practice/ETL_Airflow_DBT/airflow/airflow_env/lib/python3.11/site-packages/airflow/example_dags/example_complex.py
[2026-02-24T05:41:04.095+0530] {processor.py:840} INFO - DAG(s) 'example_complex' retrieved from /Users/aswin/Documents/data-engineering-practice/ETL_Airflow_DBT/airflow/airflow_env/lib/python3.11/site-packages/airflow/example_dags/example_complex.py
[2026-02-24T05:41:04.129+0530] {logging_mixin.py:188} INFO - [2026-02-24T05:41:04.128+0530] {dag.py:3096} INFO - Sync 1 DAGs
[2026-02-24T05:41:04.131+0530] {logging_mixin.py:188} INFO - [2026-02-24T05:41:04.131+0530] {dag.py:3954} INFO - Setting next_dagrun for example_complex to None, run_after=None
[2026-02-24T05:41:04.137+0530] {processor.py:183} INFO - Processing /Users/aswin/Documents/data-engineering-practice/ETL_Airflow_DBT/airflow/airflow_env/lib/python3.11/site-packages/airflow/example_dags/example_complex.py took 0.048 seconds
[2026-02-24T05:42:35.471+0530] {processor.py:161} INFO - Started process (PID=47826) to work on /Users/aswin/Documents/data-engineering-practice/ETL_Airflow_DBT/airflow/airflow_env/lib/python3.11/site-packages/airflow/example_dags/example_complex.py
[2026-02-24T05:42:35.472+0530] {processor.py:830} INFO - Processing file /Users/aswin/Documents/data-engineering-practice/ETL_Airflow_DBT/airflow/airflow_env/lib/python3.11/site-packages/airflow/example_dags/example_complex.py for tasks to queue
[2026-02-24T05:42:35.473+0530] {logging_mixin.py:188} INFO - [2026-02-24T05:42:35.473+0530] {dagbag.py:540} INFO - Filling up the DagBag from /Users/aswin/Documents/data-engineering-practice/ETL_Airflow_DBT/airflow/airflow_env/lib/python3.11/site-packages/airflow/example_dags/example_complex.py
[2026-02-24T05:42:35.477+0530] {processor.py:840} INFO - DAG(s) 'example_complex' retrieved from /Users/aswin/Documents/data-engineering-practice/ETL_Airflow_DBT/airflow/airflow_env/lib/python3.11/site-packages/airflow/example_dags/example_complex.py
[2026-02-24T05:42:35.510+0530] {logging_mixin.py:188} INFO - [2026-02-24T05:42:35.510+0530] {dag.py:3096} INFO - Sync 1 DAGs
[2026-02-24T05:42:35.513+0530] {logging_mixin.py:188} INFO - [2026-02-24T05:42:35.513+0530] {dag.py:3954} INFO - Setting next_dagrun for example_complex to None, run_after=None
[2026-02-24T05:42:35.518+0530] {processor.py:183} INFO - Processing /Users/aswin/Documents/data-engineering-practice/ETL_Airflow_DBT/airflow/airflow_env/lib/python3.11/site-packages/airflow/example_dags/example_complex.py took 0.048 seconds
[2026-02-24T05:44:06.066+0530] {processor.py:161} INFO - Started process (PID=47903) to work on /Users/aswin/Documents/data-engineering-practice/ETL_Airflow_DBT/airflow/airflow_env/lib/python3.11/site-packages/airflow/example_dags/example_complex.py
[2026-02-24T05:44:06.067+0530] {processor.py:830} INFO - Processing file /Users/aswin/Documents/data-engineering-practice/ETL_Airflow_DBT/airflow/airflow_env/lib/python3.11/site-packages/airflow/example_dags/example_complex.py for tasks to queue
[2026-02-24T05:44:06.067+0530] {logging_mixin.py:188} INFO - [2026-02-24T05:44:06.067+0530] {dagbag.py:540} INFO - Filling up the DagBag from /Users/aswin/Documents/data-engineering-practice/ETL_Airflow_DBT/airflow/airflow_env/lib/python3.11/site-packages/airflow/example_dags/example_complex.py
[2026-02-24T05:44:06.072+0530] {processor.py:840} INFO - DAG(s) 'example_complex' retrieved from /Users/aswin/Documents/data-engineering-practice/ETL_Airflow_DBT/airflow/airflow_env/lib/python3.11/site-packages/airflow/example_dags/example_complex.py
[2026-02-24T05:44:06.108+0530] {logging_mixin.py:188} INFO - [2026-02-24T05:44:06.108+0530] {dag.py:3096} INFO - Sync 1 DAGs
[2026-02-24T05:44:06.111+0530] {logging_mixin.py:188} INFO - [2026-02-24T05:44:06.111+0530] {dag.py:3954} INFO - Setting next_dagrun for example_complex to None, run_after=None
[2026-02-24T05:44:06.117+0530] {processor.py:183} INFO - Processing /Users/aswin/Documents/data-engineering-practice/ETL_Airflow_DBT/airflow/airflow_env/lib/python3.11/site-packages/airflow/example_dags/example_complex.py took 0.051 seconds
[2026-02-24T05:45:39.567+0530] {processor.py:161} INFO - Started process (PID=47986) to work on /Users/aswin/Documents/data-engineering-practice/ETL_Airflow_DBT/airflow/airflow_env/lib/python3.11/site-packages/airflow/example_dags/example_complex.py
[2026-02-24T05:45:39.568+0530] {processor.py:830} INFO - Processing file /Users/aswin/Documents/data-engineering-practice/ETL_Airflow_DBT/airflow/airflow_env/lib/python3.11/site-packages/airflow/example_dags/example_complex.py for tasks to queue
[2026-02-24T05:45:39.568+0530] {logging_mixin.py:188} INFO - [2026-02-24T05:45:39.568+0530] {dagbag.py:540} INFO - Filling up the DagBag from /Users/aswin/Documents/data-engineering-practice/ETL_Airflow_DBT/airflow/airflow_env/lib/python3.11/site-packages/airflow/example_dags/example_complex.py
[2026-02-24T05:45:39.572+0530] {processor.py:840} INFO - DAG(s) 'example_complex' retrieved from /Users/aswin/Documents/data-engineering-practice/ETL_Airflow_DBT/airflow/airflow_env/lib/python3.11/site-packages/airflow/example_dags/example_complex.py
[2026-02-24T05:45:39.605+0530] {logging_mixin.py:188} INFO - [2026-02-24T05:45:39.605+0530] {dag.py:3096} INFO - Sync 1 DAGs
[2026-02-24T05:45:39.608+0530] {logging_mixin.py:188} INFO - [2026-02-24T05:45:39.608+0530] {dag.py:3954} INFO - Setting next_dagrun for example_complex to None, run_after=None
[2026-02-24T05:45:39.613+0530] {processor.py:183} INFO - Processing /Users/aswin/Documents/data-engineering-practice/ETL_Airflow_DBT/airflow/airflow_env/lib/python3.11/site-packages/airflow/example_dags/example_complex.py took 0.047 seconds
[2026-02-24T05:47:09.625+0530] {processor.py:161} INFO - Started process (PID=48094) to work on /Users/aswin/Documents/data-engineering-practice/ETL_Airflow_DBT/airflow/airflow_env/lib/python3.11/site-packages/airflow/example_dags/example_complex.py
[2026-02-24T05:47:09.626+0530] {processor.py:830} INFO - Processing file /Users/aswin/Documents/data-engineering-practice/ETL_Airflow_DBT/airflow/airflow_env/lib/python3.11/site-packages/airflow/example_dags/example_complex.py for tasks to queue
[2026-02-24T05:47:09.626+0530] {logging_mixin.py:188} INFO - [2026-02-24T05:47:09.626+0530] {dagbag.py:540} INFO - Filling up the DagBag from /Users/aswin/Documents/data-engineering-practice/ETL_Airflow_DBT/airflow/airflow_env/lib/python3.11/site-packages/airflow/example_dags/example_complex.py
[2026-02-24T05:47:09.631+0530] {processor.py:840} INFO - DAG(s) 'example_complex' retrieved from /Users/aswin/Documents/data-engineering-practice/ETL_Airflow_DBT/airflow/airflow_env/lib/python3.11/site-packages/airflow/example_dags/example_complex.py
[2026-02-24T05:47:09.664+0530] {logging_mixin.py:188} INFO - [2026-02-24T05:47:09.664+0530] {dag.py:3096} INFO - Sync 1 DAGs
[2026-02-24T05:47:09.667+0530] {logging_mixin.py:188} INFO - [2026-02-24T05:47:09.667+0530] {dag.py:3954} INFO - Setting next_dagrun for example_complex to None, run_after=None
[2026-02-24T05:47:09.673+0530] {processor.py:183} INFO - Processing /Users/aswin/Documents/data-engineering-practice/ETL_Airflow_DBT/airflow/airflow_env/lib/python3.11/site-packages/airflow/example_dags/example_complex.py took 0.049 seconds
[2026-02-24T05:48:37.571+0530] {processor.py:161} INFO - Started process (PID=48172) to work on /Users/aswin/Documents/data-engineering-practice/ETL_Airflow_DBT/airflow/airflow_env/lib/python3.11/site-packages/airflow/example_dags/example_complex.py
[2026-02-24T05:48:37.572+0530] {processor.py:830} INFO - Processing file /Users/aswin/Documents/data-engineering-practice/ETL_Airflow_DBT/airflow/airflow_env/lib/python3.11/site-packages/airflow/example_dags/example_complex.py for tasks to queue
[2026-02-24T05:48:37.572+0530] {logging_mixin.py:188} INFO - [2026-02-24T05:48:37.572+0530] {dagbag.py:540} INFO - Filling up the DagBag from /Users/aswin/Documents/data-engineering-practice/ETL_Airflow_DBT/airflow/airflow_env/lib/python3.11/site-packages/airflow/example_dags/example_complex.py
[2026-02-24T05:48:37.576+0530] {processor.py:840} INFO - DAG(s) 'example_complex' retrieved from /Users/aswin/Documents/data-engineering-practice/ETL_Airflow_DBT/airflow/airflow_env/lib/python3.11/site-packages/airflow/example_dags/example_complex.py
[2026-02-24T05:48:37.609+0530] {logging_mixin.py:188} INFO - [2026-02-24T05:48:37.609+0530] {dag.py:3096} INFO - Sync 1 DAGs
[2026-02-24T05:48:37.612+0530] {logging_mixin.py:188} INFO - [2026-02-24T05:48:37.612+0530] {dag.py:3954} INFO - Setting next_dagrun for example_complex to None, run_after=None
[2026-02-24T05:48:37.617+0530] {processor.py:183} INFO - Processing /Users/aswin/Documents/data-engineering-practice/ETL_Airflow_DBT/airflow/airflow_env/lib/python3.11/site-packages/airflow/example_dags/example_complex.py took 0.048 seconds
[2026-02-24T05:50:09.946+0530] {processor.py:161} INFO - Started process (PID=48287) to work on /Users/aswin/Documents/data-engineering-practice/ETL_Airflow_DBT/airflow/airflow_env/lib/python3.11/site-packages/airflow/example_dags/example_complex.py
[2026-02-24T05:50:09.947+0530] {processor.py:830} INFO - Processing file /Users/aswin/Documents/data-engineering-practice/ETL_Airflow_DBT/airflow/airflow_env/lib/python3.11/site-packages/airflow/example_dags/example_complex.py for tasks to queue
[2026-02-24T05:50:09.947+0530] {logging_mixin.py:188} INFO - [2026-02-24T05:50:09.947+0530] {dagbag.py:540} INFO - Filling up the DagBag from /Users/aswin/Documents/data-engineering-practice/ETL_Airflow_DBT/airflow/airflow_env/lib/python3.11/site-packages/airflow/example_dags/example_complex.py
[2026-02-24T05:50:09.951+0530] {processor.py:840} INFO - DAG(s) 'example_complex' retrieved from /Users/aswin/Documents/data-engineering-practice/ETL_Airflow_DBT/airflow/airflow_env/lib/python3.11/site-packages/airflow/example_dags/example_complex.py
[2026-02-24T05:50:09.985+0530] {logging_mixin.py:188} INFO - [2026-02-24T05:50:09.985+0530] {dag.py:3096} INFO - Sync 1 DAGs
[2026-02-24T05:50:09.988+0530] {logging_mixin.py:188} INFO - [2026-02-24T05:50:09.988+0530] {dag.py:3954} INFO - Setting next_dagrun for example_complex to None, run_after=None
[2026-02-24T05:50:09.993+0530] {processor.py:183} INFO - Processing /Users/aswin/Documents/data-engineering-practice/ETL_Airflow_DBT/airflow/airflow_env/lib/python3.11/site-packages/airflow/example_dags/example_complex.py took 0.049 seconds
[2026-02-24T05:51:38.946+0530] {processor.py:161} INFO - Started process (PID=48373) to work on /Users/aswin/Documents/data-engineering-practice/ETL_Airflow_DBT/airflow/airflow_env/lib/python3.11/site-packages/airflow/example_dags/example_complex.py
[2026-02-24T05:51:38.947+0530] {processor.py:830} INFO - Processing file /Users/aswin/Documents/data-engineering-practice/ETL_Airflow_DBT/airflow/airflow_env/lib/python3.11/site-packages/airflow/example_dags/example_complex.py for tasks to queue
[2026-02-24T05:51:38.947+0530] {logging_mixin.py:188} INFO - [2026-02-24T05:51:38.947+0530] {dagbag.py:540} INFO - Filling up the DagBag from /Users/aswin/Documents/data-engineering-practice/ETL_Airflow_DBT/airflow/airflow_env/lib/python3.11/site-packages/airflow/example_dags/example_complex.py
[2026-02-24T05:51:38.952+0530] {processor.py:840} INFO - DAG(s) 'example_complex' retrieved from /Users/aswin/Documents/data-engineering-practice/ETL_Airflow_DBT/airflow/airflow_env/lib/python3.11/site-packages/airflow/example_dags/example_complex.py
[2026-02-24T05:51:38.986+0530] {logging_mixin.py:188} INFO - [2026-02-24T05:51:38.986+0530] {dag.py:3096} INFO - Sync 1 DAGs
[2026-02-24T05:51:38.989+0530] {logging_mixin.py:188} INFO - [2026-02-24T05:51:38.988+0530] {dag.py:3954} INFO - Setting next_dagrun for example_complex to None, run_after=None
[2026-02-24T05:51:38.994+0530] {processor.py:183} INFO - Processing /Users/aswin/Documents/data-engineering-practice/ETL_Airflow_DBT/airflow/airflow_env/lib/python3.11/site-packages/airflow/example_dags/example_complex.py took 0.049 seconds
[2026-02-24T05:53:15.456+0530] {processor.py:161} INFO - Started process (PID=48449) to work on /Users/aswin/Documents/data-engineering-practice/ETL_Airflow_DBT/airflow/airflow_env/lib/python3.11/site-packages/airflow/example_dags/example_complex.py
[2026-02-24T05:53:15.457+0530] {processor.py:830} INFO - Processing file /Users/aswin/Documents/data-engineering-practice/ETL_Airflow_DBT/airflow/airflow_env/lib/python3.11/site-packages/airflow/example_dags/example_complex.py for tasks to queue
[2026-02-24T05:53:15.458+0530] {logging_mixin.py:188} INFO - [2026-02-24T05:53:15.458+0530] {dagbag.py:540} INFO - Filling up the DagBag from /Users/aswin/Documents/data-engineering-practice/ETL_Airflow_DBT/airflow/airflow_env/lib/python3.11/site-packages/airflow/example_dags/example_complex.py
[2026-02-24T05:53:15.462+0530] {processor.py:840} INFO - DAG(s) 'example_complex' retrieved from /Users/aswin/Documents/data-engineering-practice/ETL_Airflow_DBT/airflow/airflow_env/lib/python3.11/site-packages/airflow/example_dags/example_complex.py
[2026-02-24T05:53:15.495+0530] {logging_mixin.py:188} INFO - [2026-02-24T05:53:15.495+0530] {dag.py:3096} INFO - Sync 1 DAGs
[2026-02-24T05:53:15.498+0530] {logging_mixin.py:188} INFO - [2026-02-24T05:53:15.498+0530] {dag.py:3954} INFO - Setting next_dagrun for example_complex to None, run_after=None
[2026-02-24T05:53:15.504+0530] {processor.py:183} INFO - Processing /Users/aswin/Documents/data-engineering-practice/ETL_Airflow_DBT/airflow/airflow_env/lib/python3.11/site-packages/airflow/example_dags/example_complex.py took 0.049 seconds
[2026-02-24T05:54:50.137+0530] {processor.py:161} INFO - Started process (PID=48576) to work on /Users/aswin/Documents/data-engineering-practice/ETL_Airflow_DBT/airflow/airflow_env/lib/python3.11/site-packages/airflow/example_dags/example_complex.py
[2026-02-24T05:54:50.139+0530] {processor.py:830} INFO - Processing file /Users/aswin/Documents/data-engineering-practice/ETL_Airflow_DBT/airflow/airflow_env/lib/python3.11/site-packages/airflow/example_dags/example_complex.py for tasks to queue
[2026-02-24T05:54:50.139+0530] {logging_mixin.py:188} INFO - [2026-02-24T05:54:50.139+0530] {dagbag.py:540} INFO - Filling up the DagBag from /Users/aswin/Documents/data-engineering-practice/ETL_Airflow_DBT/airflow/airflow_env/lib/python3.11/site-packages/airflow/example_dags/example_complex.py
[2026-02-24T05:54:50.143+0530] {processor.py:840} INFO - DAG(s) 'example_complex' retrieved from /Users/aswin/Documents/data-engineering-practice/ETL_Airflow_DBT/airflow/airflow_env/lib/python3.11/site-packages/airflow/example_dags/example_complex.py
[2026-02-24T05:54:50.176+0530] {logging_mixin.py:188} INFO - [2026-02-24T05:54:50.176+0530] {dag.py:3096} INFO - Sync 1 DAGs
[2026-02-24T05:54:50.178+0530] {logging_mixin.py:188} INFO - [2026-02-24T05:54:50.178+0530] {dag.py:3954} INFO - Setting next_dagrun for example_complex to None, run_after=None
[2026-02-24T05:54:50.184+0530] {processor.py:183} INFO - Processing /Users/aswin/Documents/data-engineering-practice/ETL_Airflow_DBT/airflow/airflow_env/lib/python3.11/site-packages/airflow/example_dags/example_complex.py took 0.047 seconds
[2026-02-24T05:56:22.304+0530] {processor.py:161} INFO - Started process (PID=48665) to work on /Users/aswin/Documents/data-engineering-practice/ETL_Airflow_DBT/airflow/airflow_env/lib/python3.11/site-packages/airflow/example_dags/example_complex.py
[2026-02-24T05:56:22.304+0530] {processor.py:830} INFO - Processing file /Users/aswin/Documents/data-engineering-practice/ETL_Airflow_DBT/airflow/airflow_env/lib/python3.11/site-packages/airflow/example_dags/example_complex.py for tasks to queue
[2026-02-24T05:56:22.305+0530] {logging_mixin.py:188} INFO - [2026-02-24T05:56:22.305+0530] {dagbag.py:540} INFO - Filling up the DagBag from /Users/aswin/Documents/data-engineering-practice/ETL_Airflow_DBT/airflow/airflow_env/lib/python3.11/site-packages/airflow/example_dags/example_complex.py
[2026-02-24T05:56:22.309+0530] {processor.py:840} INFO - DAG(s) 'example_complex' retrieved from /Users/aswin/Documents/data-engineering-practice/ETL_Airflow_DBT/airflow/airflow_env/lib/python3.11/site-packages/airflow/example_dags/example_complex.py
[2026-02-24T05:56:22.341+0530] {logging_mixin.py:188} INFO - [2026-02-24T05:56:22.341+0530] {dag.py:3096} INFO - Sync 1 DAGs
[2026-02-24T05:56:22.344+0530] {logging_mixin.py:188} INFO - [2026-02-24T05:56:22.344+0530] {dag.py:3954} INFO - Setting next_dagrun for example_complex to None, run_after=None
[2026-02-24T05:56:22.350+0530] {processor.py:183} INFO - Processing /Users/aswin/Documents/data-engineering-practice/ETL_Airflow_DBT/airflow/airflow_env/lib/python3.11/site-packages/airflow/example_dags/example_complex.py took 0.047 seconds
[2026-02-24T05:57:54.790+0530] {processor.py:161} INFO - Started process (PID=48742) to work on /Users/aswin/Documents/data-engineering-practice/ETL_Airflow_DBT/airflow/airflow_env/lib/python3.11/site-packages/airflow/example_dags/example_complex.py
[2026-02-24T05:57:54.790+0530] {processor.py:830} INFO - Processing file /Users/aswin/Documents/data-engineering-practice/ETL_Airflow_DBT/airflow/airflow_env/lib/python3.11/site-packages/airflow/example_dags/example_complex.py for tasks to queue
[2026-02-24T05:57:54.791+0530] {logging_mixin.py:188} INFO - [2026-02-24T05:57:54.791+0530] {dagbag.py:540} INFO - Filling up the DagBag from /Users/aswin/Documents/data-engineering-practice/ETL_Airflow_DBT/airflow/airflow_env/lib/python3.11/site-packages/airflow/example_dags/example_complex.py
[2026-02-24T05:57:54.795+0530] {processor.py:840} INFO - DAG(s) 'example_complex' retrieved from /Users/aswin/Documents/data-engineering-practice/ETL_Airflow_DBT/airflow/airflow_env/lib/python3.11/site-packages/airflow/example_dags/example_complex.py
[2026-02-24T05:57:54.828+0530] {logging_mixin.py:188} INFO - [2026-02-24T05:57:54.828+0530] {dag.py:3096} INFO - Sync 1 DAGs
[2026-02-24T05:57:54.831+0530] {logging_mixin.py:188} INFO - [2026-02-24T05:57:54.831+0530] {dag.py:3954} INFO - Setting next_dagrun for example_complex to None, run_after=None
[2026-02-24T05:57:54.836+0530] {processor.py:183} INFO - Processing /Users/aswin/Documents/data-engineering-practice/ETL_Airflow_DBT/airflow/airflow_env/lib/python3.11/site-packages/airflow/example_dags/example_complex.py took 0.047 seconds
[2026-02-24T05:59:29.341+0530] {processor.py:161} INFO - Started process (PID=48840) to work on /Users/aswin/Documents/data-engineering-practice/ETL_Airflow_DBT/airflow/airflow_env/lib/python3.11/site-packages/airflow/example_dags/example_complex.py
[2026-02-24T05:59:29.342+0530] {processor.py:830} INFO - Processing file /Users/aswin/Documents/data-engineering-practice/ETL_Airflow_DBT/airflow/airflow_env/lib/python3.11/site-packages/airflow/example_dags/example_complex.py for tasks to queue
[2026-02-24T05:59:29.342+0530] {logging_mixin.py:188} INFO - [2026-02-24T05:59:29.342+0530] {dagbag.py:540} INFO - Filling up the DagBag from /Users/aswin/Documents/data-engineering-practice/ETL_Airflow_DBT/airflow/airflow_env/lib/python3.11/site-packages/airflow/example_dags/example_complex.py
[2026-02-24T05:59:29.346+0530] {processor.py:840} INFO - DAG(s) 'example_complex' retrieved from /Users/aswin/Documents/data-engineering-practice/ETL_Airflow_DBT/airflow/airflow_env/lib/python3.11/site-packages/airflow/example_dags/example_complex.py
[2026-02-24T05:59:29.379+0530] {logging_mixin.py:188} INFO - [2026-02-24T05:59:29.379+0530] {dag.py:3096} INFO - Sync 1 DAGs
[2026-02-24T05:59:29.382+0530] {logging_mixin.py:188} INFO - [2026-02-24T05:59:29.382+0530] {dag.py:3954} INFO - Setting next_dagrun for example_complex to None, run_after=None
[2026-02-24T05:59:29.388+0530] {processor.py:183} INFO - Processing /Users/aswin/Documents/data-engineering-practice/ETL_Airflow_DBT/airflow/airflow_env/lib/python3.11/site-packages/airflow/example_dags/example_complex.py took 0.048 seconds
[2026-02-24T06:01:05.704+0530] {processor.py:161} INFO - Started process (PID=48954) to work on /Users/aswin/Documents/data-engineering-practice/ETL_Airflow_DBT/airflow/airflow_env/lib/python3.11/site-packages/airflow/example_dags/example_complex.py
[2026-02-24T06:01:05.705+0530] {processor.py:830} INFO - Processing file /Users/aswin/Documents/data-engineering-practice/ETL_Airflow_DBT/airflow/airflow_env/lib/python3.11/site-packages/airflow/example_dags/example_complex.py for tasks to queue
[2026-02-24T06:01:05.705+0530] {logging_mixin.py:188} INFO - [2026-02-24T06:01:05.705+0530] {dagbag.py:540} INFO - Filling up the DagBag from /Users/aswin/Documents/data-engineering-practice/ETL_Airflow_DBT/airflow/airflow_env/lib/python3.11/site-packages/airflow/example_dags/example_complex.py
[2026-02-24T06:01:05.709+0530] {processor.py:840} INFO - DAG(s) 'example_complex' retrieved from /Users/aswin/Documents/data-engineering-practice/ETL_Airflow_DBT/airflow/airflow_env/lib/python3.11/site-packages/airflow/example_dags/example_complex.py
[2026-02-24T06:01:05.742+0530] {logging_mixin.py:188} INFO - [2026-02-24T06:01:05.742+0530] {dag.py:3096} INFO - Sync 1 DAGs
[2026-02-24T06:01:05.744+0530] {logging_mixin.py:188} INFO - [2026-02-24T06:01:05.744+0530] {dag.py:3954} INFO - Setting next_dagrun for example_complex to None, run_after=None
[2026-02-24T06:01:05.750+0530] {processor.py:183} INFO - Processing /Users/aswin/Documents/data-engineering-practice/ETL_Airflow_DBT/airflow/airflow_env/lib/python3.11/site-packages/airflow/example_dags/example_complex.py took 0.047 seconds
[2026-02-24T06:02:37.345+0530] {processor.py:161} INFO - Started process (PID=49096) to work on /Users/aswin/Documents/data-engineering-practice/ETL_Airflow_DBT/airflow/airflow_env/lib/python3.11/site-packages/airflow/example_dags/example_complex.py
[2026-02-24T06:02:37.346+0530] {processor.py:830} INFO - Processing file /Users/aswin/Documents/data-engineering-practice/ETL_Airflow_DBT/airflow/airflow_env/lib/python3.11/site-packages/airflow/example_dags/example_complex.py for tasks to queue
[2026-02-24T06:02:37.346+0530] {logging_mixin.py:188} INFO - [2026-02-24T06:02:37.346+0530] {dagbag.py:540} INFO - Filling up the DagBag from /Users/aswin/Documents/data-engineering-practice/ETL_Airflow_DBT/airflow/airflow_env/lib/python3.11/site-packages/airflow/example_dags/example_complex.py
[2026-02-24T06:02:37.350+0530] {processor.py:840} INFO - DAG(s) 'example_complex' retrieved from /Users/aswin/Documents/data-engineering-practice/ETL_Airflow_DBT/airflow/airflow_env/lib/python3.11/site-packages/airflow/example_dags/example_complex.py
[2026-02-24T06:02:37.384+0530] {logging_mixin.py:188} INFO - [2026-02-24T06:02:37.384+0530] {dag.py:3096} INFO - Sync 1 DAGs
[2026-02-24T06:02:37.387+0530] {logging_mixin.py:188} INFO - [2026-02-24T06:02:37.387+0530] {dag.py:3954} INFO - Setting next_dagrun for example_complex to None, run_after=None
[2026-02-24T06:02:37.393+0530] {processor.py:183} INFO - Processing /Users/aswin/Documents/data-engineering-practice/ETL_Airflow_DBT/airflow/airflow_env/lib/python3.11/site-packages/airflow/example_dags/example_complex.py took 0.050 seconds
[2026-02-24T06:04:09.248+0530] {processor.py:161} INFO - Started process (PID=49236) to work on /Users/aswin/Documents/data-engineering-practice/ETL_Airflow_DBT/airflow/airflow_env/lib/python3.11/site-packages/airflow/example_dags/example_complex.py
[2026-02-24T06:04:09.248+0530] {processor.py:830} INFO - Processing file /Users/aswin/Documents/data-engineering-practice/ETL_Airflow_DBT/airflow/airflow_env/lib/python3.11/site-packages/airflow/example_dags/example_complex.py for tasks to queue
[2026-02-24T06:04:09.248+0530] {logging_mixin.py:188} INFO - [2026-02-24T06:04:09.248+0530] {dagbag.py:540} INFO - Filling up the DagBag from /Users/aswin/Documents/data-engineering-practice/ETL_Airflow_DBT/airflow/airflow_env/lib/python3.11/site-packages/airflow/example_dags/example_complex.py
[2026-02-24T06:04:09.253+0530] {processor.py:840} INFO - DAG(s) 'example_complex' retrieved from /Users/aswin/Documents/data-engineering-practice/ETL_Airflow_DBT/airflow/airflow_env/lib/python3.11/site-packages/airflow/example_dags/example_complex.py
[2026-02-24T06:04:09.289+0530] {logging_mixin.py:188} INFO - [2026-02-24T06:04:09.289+0530] {dag.py:3096} INFO - Sync 1 DAGs
[2026-02-24T06:04:09.292+0530] {logging_mixin.py:188} INFO - [2026-02-24T06:04:09.292+0530] {dag.py:3954} INFO - Setting next_dagrun for example_complex to None, run_after=None
[2026-02-24T06:04:09.298+0530] {processor.py:183} INFO - Processing /Users/aswin/Documents/data-engineering-practice/ETL_Airflow_DBT/airflow/airflow_env/lib/python3.11/site-packages/airflow/example_dags/example_complex.py took 0.051 seconds
[2026-02-24T06:05:49.491+0530] {processor.py:161} INFO - Started process (PID=49389) to work on /Users/aswin/Documents/data-engineering-practice/ETL_Airflow_DBT/airflow/airflow_env/lib/python3.11/site-packages/airflow/example_dags/example_complex.py
[2026-02-24T06:05:49.492+0530] {processor.py:830} INFO - Processing file /Users/aswin/Documents/data-engineering-practice/ETL_Airflow_DBT/airflow/airflow_env/lib/python3.11/site-packages/airflow/example_dags/example_complex.py for tasks to queue
[2026-02-24T06:05:49.492+0530] {logging_mixin.py:188} INFO - [2026-02-24T06:05:49.492+0530] {dagbag.py:540} INFO - Filling up the DagBag from /Users/aswin/Documents/data-engineering-practice/ETL_Airflow_DBT/airflow/airflow_env/lib/python3.11/site-packages/airflow/example_dags/example_complex.py
[2026-02-24T06:05:49.496+0530] {processor.py:840} INFO - DAG(s) 'example_complex' retrieved from /Users/aswin/Documents/data-engineering-practice/ETL_Airflow_DBT/airflow/airflow_env/lib/python3.11/site-packages/airflow/example_dags/example_complex.py
[2026-02-24T06:05:49.531+0530] {logging_mixin.py:188} INFO - [2026-02-24T06:05:49.531+0530] {dag.py:3096} INFO - Sync 1 DAGs
[2026-02-24T06:05:49.534+0530] {logging_mixin.py:188} INFO - [2026-02-24T06:05:49.534+0530] {dag.py:3954} INFO - Setting next_dagrun for example_complex to None, run_after=None
[2026-02-24T06:05:49.540+0530] {processor.py:183} INFO - Processing /Users/aswin/Documents/data-engineering-practice/ETL_Airflow_DBT/airflow/airflow_env/lib/python3.11/site-packages/airflow/example_dags/example_complex.py took 0.050 seconds
[2026-02-24T06:07:29.461+0530] {processor.py:161} INFO - Started process (PID=49472) to work on /Users/aswin/Documents/data-engineering-practice/ETL_Airflow_DBT/airflow/airflow_env/lib/python3.11/site-packages/airflow/example_dags/example_complex.py
[2026-02-24T06:07:29.462+0530] {processor.py:830} INFO - Processing file /Users/aswin/Documents/data-engineering-practice/ETL_Airflow_DBT/airflow/airflow_env/lib/python3.11/site-packages/airflow/example_dags/example_complex.py for tasks to queue
[2026-02-24T06:07:29.462+0530] {logging_mixin.py:188} INFO - [2026-02-24T06:07:29.462+0530] {dagbag.py:540} INFO - Filling up the DagBag from /Users/aswin/Documents/data-engineering-practice/ETL_Airflow_DBT/airflow/airflow_env/lib/python3.11/site-packages/airflow/example_dags/example_complex.py
[2026-02-24T06:07:29.466+0530] {processor.py:840} INFO - DAG(s) 'example_complex' retrieved from /Users/aswin/Documents/data-engineering-practice/ETL_Airflow_DBT/airflow/airflow_env/lib/python3.11/site-packages/airflow/example_dags/example_complex.py
[2026-02-24T06:07:29.499+0530] {logging_mixin.py:188} INFO - [2026-02-24T06:07:29.499+0530] {dag.py:3096} INFO - Sync 1 DAGs
[2026-02-24T06:07:29.502+0530] {logging_mixin.py:188} INFO - [2026-02-24T06:07:29.502+0530] {dag.py:3954} INFO - Setting next_dagrun for example_complex to None, run_after=None
[2026-02-24T06:07:29.508+0530] {processor.py:183} INFO - Processing /Users/aswin/Documents/data-engineering-practice/ETL_Airflow_DBT/airflow/airflow_env/lib/python3.11/site-packages/airflow/example_dags/example_complex.py took 0.048 seconds
[2026-02-24T06:09:03.518+0530] {processor.py:161} INFO - Started process (PID=49554) to work on /Users/aswin/Documents/data-engineering-practice/ETL_Airflow_DBT/airflow/airflow_env/lib/python3.11/site-packages/airflow/example_dags/example_complex.py
[2026-02-24T06:09:03.519+0530] {processor.py:830} INFO - Processing file /Users/aswin/Documents/data-engineering-practice/ETL_Airflow_DBT/airflow/airflow_env/lib/python3.11/site-packages/airflow/example_dags/example_complex.py for tasks to queue
[2026-02-24T06:09:03.519+0530] {logging_mixin.py:188} INFO - [2026-02-24T06:09:03.519+0530] {dagbag.py:540} INFO - Filling up the DagBag from /Users/aswin/Documents/data-engineering-practice/ETL_Airflow_DBT/airflow/airflow_env/lib/python3.11/site-packages/airflow/example_dags/example_complex.py
[2026-02-24T06:09:03.523+0530] {processor.py:840} INFO - DAG(s) 'example_complex' retrieved from /Users/aswin/Documents/data-engineering-practice/ETL_Airflow_DBT/airflow/airflow_env/lib/python3.11/site-packages/airflow/example_dags/example_complex.py
[2026-02-24T06:09:03.556+0530] {logging_mixin.py:188} INFO - [2026-02-24T06:09:03.556+0530] {dag.py:3096} INFO - Sync 1 DAGs
[2026-02-24T06:09:03.559+0530] {logging_mixin.py:188} INFO - [2026-02-24T06:09:03.559+0530] {dag.py:3954} INFO - Setting next_dagrun for example_complex to None, run_after=None
[2026-02-24T06:09:03.565+0530] {processor.py:183} INFO - Processing /Users/aswin/Documents/data-engineering-practice/ETL_Airflow_DBT/airflow/airflow_env/lib/python3.11/site-packages/airflow/example_dags/example_complex.py took 0.047 seconds
[2026-02-24T06:10:30.406+0530] {processor.py:161} INFO - Started process (PID=49622) to work on /Users/aswin/Documents/data-engineering-practice/ETL_Airflow_DBT/airflow/airflow_env/lib/python3.11/site-packages/airflow/example_dags/example_complex.py
[2026-02-24T06:10:30.407+0530] {processor.py:830} INFO - Processing file /Users/aswin/Documents/data-engineering-practice/ETL_Airflow_DBT/airflow/airflow_env/lib/python3.11/site-packages/airflow/example_dags/example_complex.py for tasks to queue
[2026-02-24T06:10:30.407+0530] {logging_mixin.py:188} INFO - [2026-02-24T06:10:30.407+0530] {dagbag.py:540} INFO - Filling up the DagBag from /Users/aswin/Documents/data-engineering-practice/ETL_Airflow_DBT/airflow/airflow_env/lib/python3.11/site-packages/airflow/example_dags/example_complex.py
[2026-02-24T06:10:30.411+0530] {processor.py:840} INFO - DAG(s) 'example_complex' retrieved from /Users/aswin/Documents/data-engineering-practice/ETL_Airflow_DBT/airflow/airflow_env/lib/python3.11/site-packages/airflow/example_dags/example_complex.py
[2026-02-24T06:10:30.444+0530] {logging_mixin.py:188} INFO - [2026-02-24T06:10:30.444+0530] {dag.py:3096} INFO - Sync 1 DAGs
[2026-02-24T06:10:30.447+0530] {logging_mixin.py:188} INFO - [2026-02-24T06:10:30.447+0530] {dag.py:3954} INFO - Setting next_dagrun for example_complex to None, run_after=None
[2026-02-24T06:10:30.453+0530] {processor.py:183} INFO - Processing /Users/aswin/Documents/data-engineering-practice/ETL_Airflow_DBT/airflow/airflow_env/lib/python3.11/site-packages/airflow/example_dags/example_complex.py took 0.047 seconds
[2026-02-24T06:11:56.841+0530] {processor.py:161} INFO - Started process (PID=49715) to work on /Users/aswin/Documents/data-engineering-practice/ETL_Airflow_DBT/airflow/airflow_env/lib/python3.11/site-packages/airflow/example_dags/example_complex.py
[2026-02-24T06:11:56.842+0530] {processor.py:830} INFO - Processing file /Users/aswin/Documents/data-engineering-practice/ETL_Airflow_DBT/airflow/airflow_env/lib/python3.11/site-packages/airflow/example_dags/example_complex.py for tasks to queue
[2026-02-24T06:11:56.842+0530] {logging_mixin.py:188} INFO - [2026-02-24T06:11:56.842+0530] {dagbag.py:540} INFO - Filling up the DagBag from /Users/aswin/Documents/data-engineering-practice/ETL_Airflow_DBT/airflow/airflow_env/lib/python3.11/site-packages/airflow/example_dags/example_complex.py
[2026-02-24T06:11:56.846+0530] {processor.py:840} INFO - DAG(s) 'example_complex' retrieved from /Users/aswin/Documents/data-engineering-practice/ETL_Airflow_DBT/airflow/airflow_env/lib/python3.11/site-packages/airflow/example_dags/example_complex.py
[2026-02-24T06:11:56.879+0530] {logging_mixin.py:188} INFO - [2026-02-24T06:11:56.879+0530] {dag.py:3096} INFO - Sync 1 DAGs
[2026-02-24T06:11:56.882+0530] {logging_mixin.py:188} INFO - [2026-02-24T06:11:56.882+0530] {dag.py:3954} INFO - Setting next_dagrun for example_complex to None, run_after=None
[2026-02-24T06:11:56.887+0530] {processor.py:183} INFO - Processing /Users/aswin/Documents/data-engineering-practice/ETL_Airflow_DBT/airflow/airflow_env/lib/python3.11/site-packages/airflow/example_dags/example_complex.py took 0.048 seconds
[2026-02-24T06:13:36.225+0530] {processor.py:161} INFO - Started process (PID=49788) to work on /Users/aswin/Documents/data-engineering-practice/ETL_Airflow_DBT/airflow/airflow_env/lib/python3.11/site-packages/airflow/example_dags/example_complex.py
[2026-02-24T06:13:36.226+0530] {processor.py:830} INFO - Processing file /Users/aswin/Documents/data-engineering-practice/ETL_Airflow_DBT/airflow/airflow_env/lib/python3.11/site-packages/airflow/example_dags/example_complex.py for tasks to queue
[2026-02-24T06:13:36.226+0530] {logging_mixin.py:188} INFO - [2026-02-24T06:13:36.226+0530] {dagbag.py:540} INFO - Filling up the DagBag from /Users/aswin/Documents/data-engineering-practice/ETL_Airflow_DBT/airflow/airflow_env/lib/python3.11/site-packages/airflow/example_dags/example_complex.py
[2026-02-24T06:13:36.230+0530] {processor.py:840} INFO - DAG(s) 'example_complex' retrieved from /Users/aswin/Documents/data-engineering-practice/ETL_Airflow_DBT/airflow/airflow_env/lib/python3.11/site-packages/airflow/example_dags/example_complex.py
[2026-02-24T06:13:36.264+0530] {logging_mixin.py:188} INFO - [2026-02-24T06:13:36.264+0530] {dag.py:3096} INFO - Sync 1 DAGs
[2026-02-24T06:13:36.268+0530] {logging_mixin.py:188} INFO - [2026-02-24T06:13:36.268+0530] {dag.py:3954} INFO - Setting next_dagrun for example_complex to None, run_after=None
[2026-02-24T06:13:36.275+0530] {processor.py:183} INFO - Processing /Users/aswin/Documents/data-engineering-practice/ETL_Airflow_DBT/airflow/airflow_env/lib/python3.11/site-packages/airflow/example_dags/example_complex.py took 0.051 seconds
[2026-02-24T06:15:11.931+0530] {processor.py:161} INFO - Started process (PID=49861) to work on /Users/aswin/Documents/data-engineering-practice/ETL_Airflow_DBT/airflow/airflow_env/lib/python3.11/site-packages/airflow/example_dags/example_complex.py
[2026-02-24T06:15:11.932+0530] {processor.py:830} INFO - Processing file /Users/aswin/Documents/data-engineering-practice/ETL_Airflow_DBT/airflow/airflow_env/lib/python3.11/site-packages/airflow/example_dags/example_complex.py for tasks to queue
[2026-02-24T06:15:11.932+0530] {logging_mixin.py:188} INFO - [2026-02-24T06:15:11.932+0530] {dagbag.py:540} INFO - Filling up the DagBag from /Users/aswin/Documents/data-engineering-practice/ETL_Airflow_DBT/airflow/airflow_env/lib/python3.11/site-packages/airflow/example_dags/example_complex.py
[2026-02-24T06:15:11.937+0530] {processor.py:840} INFO - DAG(s) 'example_complex' retrieved from /Users/aswin/Documents/data-engineering-practice/ETL_Airflow_DBT/airflow/airflow_env/lib/python3.11/site-packages/airflow/example_dags/example_complex.py
[2026-02-24T06:15:11.970+0530] {logging_mixin.py:188} INFO - [2026-02-24T06:15:11.970+0530] {dag.py:3096} INFO - Sync 1 DAGs
[2026-02-24T06:15:11.973+0530] {logging_mixin.py:188} INFO - [2026-02-24T06:15:11.973+0530] {dag.py:3954} INFO - Setting next_dagrun for example_complex to None, run_after=None
[2026-02-24T06:15:11.979+0530] {processor.py:183} INFO - Processing /Users/aswin/Documents/data-engineering-practice/ETL_Airflow_DBT/airflow/airflow_env/lib/python3.11/site-packages/airflow/example_dags/example_complex.py took 0.049 seconds
[2026-02-24T06:16:46.287+0530] {processor.py:161} INFO - Started process (PID=49964) to work on /Users/aswin/Documents/data-engineering-practice/ETL_Airflow_DBT/airflow/airflow_env/lib/python3.11/site-packages/airflow/example_dags/example_complex.py
[2026-02-24T06:16:46.288+0530] {processor.py:830} INFO - Processing file /Users/aswin/Documents/data-engineering-practice/ETL_Airflow_DBT/airflow/airflow_env/lib/python3.11/site-packages/airflow/example_dags/example_complex.py for tasks to queue
[2026-02-24T06:16:46.288+0530] {logging_mixin.py:188} INFO - [2026-02-24T06:16:46.288+0530] {dagbag.py:540} INFO - Filling up the DagBag from /Users/aswin/Documents/data-engineering-practice/ETL_Airflow_DBT/airflow/airflow_env/lib/python3.11/site-packages/airflow/example_dags/example_complex.py
[2026-02-24T06:16:46.292+0530] {processor.py:840} INFO - DAG(s) 'example_complex' retrieved from /Users/aswin/Documents/data-engineering-practice/ETL_Airflow_DBT/airflow/airflow_env/lib/python3.11/site-packages/airflow/example_dags/example_complex.py
[2026-02-24T06:16:46.325+0530] {logging_mixin.py:188} INFO - [2026-02-24T06:16:46.325+0530] {dag.py:3096} INFO - Sync 1 DAGs
[2026-02-24T06:16:46.328+0530] {logging_mixin.py:188} INFO - [2026-02-24T06:16:46.328+0530] {dag.py:3954} INFO - Setting next_dagrun for example_complex to None, run_after=None
[2026-02-24T06:16:46.334+0530] {processor.py:183} INFO - Processing /Users/aswin/Documents/data-engineering-practice/ETL_Airflow_DBT/airflow/airflow_env/lib/python3.11/site-packages/airflow/example_dags/example_complex.py took 0.048 seconds
