[2026-02-24T05:30:32.116+0530] {processor.py:161} INFO - Started process (PID=47096) to work on /Users/aswin/Documents/data-engineering-practice/ETL_Airflow_DBT/airflow/airflow_env/lib/python3.11/site-packages/airflow/example_dags/example_short_circuit_operator.py
[2026-02-24T05:30:32.116+0530] {processor.py:830} INFO - Processing file /Users/aswin/Documents/data-engineering-practice/ETL_Airflow_DBT/airflow/airflow_env/lib/python3.11/site-packages/airflow/example_dags/example_short_circuit_operator.py for tasks to queue
[2026-02-24T05:30:32.117+0530] {logging_mixin.py:188} INFO - [2026-02-24T05:30:32.117+0530] {dagbag.py:540} INFO - Filling up the DagBag from /Users/aswin/Documents/data-engineering-practice/ETL_Airflow_DBT/airflow/airflow_env/lib/python3.11/site-packages/airflow/example_dags/example_short_circuit_operator.py
[2026-02-24T05:30:32.127+0530] {processor.py:840} INFO - DAG(s) 'example_short_circuit_operator' retrieved from /Users/aswin/Documents/data-engineering-practice/ETL_Airflow_DBT/airflow/airflow_env/lib/python3.11/site-packages/airflow/example_dags/example_short_circuit_operator.py
[2026-02-24T05:30:32.156+0530] {logging_mixin.py:188} INFO - [2026-02-24T05:30:32.156+0530] {dag.py:3096} INFO - Sync 1 DAGs
[2026-02-24T05:30:32.162+0530] {logging_mixin.py:188} INFO - [2026-02-24T05:30:32.162+0530] {dag.py:3954} INFO - Setting next_dagrun for example_short_circuit_operator to 2026-02-23 00:00:00+00:00, run_after=2026-02-24 00:00:00+00:00
[2026-02-24T05:30:32.167+0530] {processor.py:183} INFO - Processing /Users/aswin/Documents/data-engineering-practice/ETL_Airflow_DBT/airflow/airflow_env/lib/python3.11/site-packages/airflow/example_dags/example_short_circuit_operator.py took 0.052 seconds
[2026-02-24T05:31:59.553+0530] {processor.py:161} INFO - Started process (PID=47189) to work on /Users/aswin/Documents/data-engineering-practice/ETL_Airflow_DBT/airflow/airflow_env/lib/python3.11/site-packages/airflow/example_dags/example_short_circuit_operator.py
[2026-02-24T05:31:59.554+0530] {processor.py:830} INFO - Processing file /Users/aswin/Documents/data-engineering-practice/ETL_Airflow_DBT/airflow/airflow_env/lib/python3.11/site-packages/airflow/example_dags/example_short_circuit_operator.py for tasks to queue
[2026-02-24T05:31:59.554+0530] {logging_mixin.py:188} INFO - [2026-02-24T05:31:59.554+0530] {dagbag.py:540} INFO - Filling up the DagBag from /Users/aswin/Documents/data-engineering-practice/ETL_Airflow_DBT/airflow/airflow_env/lib/python3.11/site-packages/airflow/example_dags/example_short_circuit_operator.py
[2026-02-24T05:31:59.565+0530] {processor.py:840} INFO - DAG(s) 'example_short_circuit_operator' retrieved from /Users/aswin/Documents/data-engineering-practice/ETL_Airflow_DBT/airflow/airflow_env/lib/python3.11/site-packages/airflow/example_dags/example_short_circuit_operator.py
[2026-02-24T05:31:59.594+0530] {logging_mixin.py:188} INFO - [2026-02-24T05:31:59.593+0530] {dag.py:3096} INFO - Sync 1 DAGs
[2026-02-24T05:31:59.599+0530] {logging_mixin.py:188} INFO - [2026-02-24T05:31:59.599+0530] {dag.py:3954} INFO - Setting next_dagrun for example_short_circuit_operator to 2026-02-23 00:00:00+00:00, run_after=2026-02-24 00:00:00+00:00
[2026-02-24T05:31:59.604+0530] {processor.py:183} INFO - Processing /Users/aswin/Documents/data-engineering-practice/ETL_Airflow_DBT/airflow/airflow_env/lib/python3.11/site-packages/airflow/example_dags/example_short_circuit_operator.py took 0.052 seconds
[2026-02-24T05:33:34.315+0530] {processor.py:161} INFO - Started process (PID=47302) to work on /Users/aswin/Documents/data-engineering-practice/ETL_Airflow_DBT/airflow/airflow_env/lib/python3.11/site-packages/airflow/example_dags/example_short_circuit_operator.py
[2026-02-24T05:33:34.316+0530] {processor.py:830} INFO - Processing file /Users/aswin/Documents/data-engineering-practice/ETL_Airflow_DBT/airflow/airflow_env/lib/python3.11/site-packages/airflow/example_dags/example_short_circuit_operator.py for tasks to queue
[2026-02-24T05:33:34.316+0530] {logging_mixin.py:188} INFO - [2026-02-24T05:33:34.316+0530] {dagbag.py:540} INFO - Filling up the DagBag from /Users/aswin/Documents/data-engineering-practice/ETL_Airflow_DBT/airflow/airflow_env/lib/python3.11/site-packages/airflow/example_dags/example_short_circuit_operator.py
[2026-02-24T05:33:34.326+0530] {processor.py:840} INFO - DAG(s) 'example_short_circuit_operator' retrieved from /Users/aswin/Documents/data-engineering-practice/ETL_Airflow_DBT/airflow/airflow_env/lib/python3.11/site-packages/airflow/example_dags/example_short_circuit_operator.py
[2026-02-24T05:33:34.356+0530] {logging_mixin.py:188} INFO - [2026-02-24T05:33:34.356+0530] {dag.py:3096} INFO - Sync 1 DAGs
[2026-02-24T05:33:34.361+0530] {logging_mixin.py:188} INFO - [2026-02-24T05:33:34.361+0530] {dag.py:3954} INFO - Setting next_dagrun for example_short_circuit_operator to 2026-02-23 00:00:00+00:00, run_after=2026-02-24 00:00:00+00:00
[2026-02-24T05:33:34.367+0530] {processor.py:183} INFO - Processing /Users/aswin/Documents/data-engineering-practice/ETL_Airflow_DBT/airflow/airflow_env/lib/python3.11/site-packages/airflow/example_dags/example_short_circuit_operator.py took 0.053 seconds
[2026-02-24T05:35:12.596+0530] {processor.py:161} INFO - Started process (PID=47404) to work on /Users/aswin/Documents/data-engineering-practice/ETL_Airflow_DBT/airflow/airflow_env/lib/python3.11/site-packages/airflow/example_dags/example_short_circuit_operator.py
[2026-02-24T05:35:12.597+0530] {processor.py:830} INFO - Processing file /Users/aswin/Documents/data-engineering-practice/ETL_Airflow_DBT/airflow/airflow_env/lib/python3.11/site-packages/airflow/example_dags/example_short_circuit_operator.py for tasks to queue
[2026-02-24T05:35:12.598+0530] {logging_mixin.py:188} INFO - [2026-02-24T05:35:12.598+0530] {dagbag.py:540} INFO - Filling up the DagBag from /Users/aswin/Documents/data-engineering-practice/ETL_Airflow_DBT/airflow/airflow_env/lib/python3.11/site-packages/airflow/example_dags/example_short_circuit_operator.py
[2026-02-24T05:35:12.608+0530] {processor.py:840} INFO - DAG(s) 'example_short_circuit_operator' retrieved from /Users/aswin/Documents/data-engineering-practice/ETL_Airflow_DBT/airflow/airflow_env/lib/python3.11/site-packages/airflow/example_dags/example_short_circuit_operator.py
[2026-02-24T05:35:12.637+0530] {logging_mixin.py:188} INFO - [2026-02-24T05:35:12.637+0530] {dag.py:3096} INFO - Sync 1 DAGs
[2026-02-24T05:35:12.642+0530] {logging_mixin.py:188} INFO - [2026-02-24T05:35:12.642+0530] {dag.py:3954} INFO - Setting next_dagrun for example_short_circuit_operator to 2026-02-23 00:00:00+00:00, run_after=2026-02-24 00:00:00+00:00
[2026-02-24T05:35:12.648+0530] {processor.py:183} INFO - Processing /Users/aswin/Documents/data-engineering-practice/ETL_Airflow_DBT/airflow/airflow_env/lib/python3.11/site-packages/airflow/example_dags/example_short_circuit_operator.py took 0.052 seconds
[2026-02-24T05:36:48.162+0530] {processor.py:161} INFO - Started process (PID=47524) to work on /Users/aswin/Documents/data-engineering-practice/ETL_Airflow_DBT/airflow/airflow_env/lib/python3.11/site-packages/airflow/example_dags/example_short_circuit_operator.py
[2026-02-24T05:36:48.162+0530] {processor.py:830} INFO - Processing file /Users/aswin/Documents/data-engineering-practice/ETL_Airflow_DBT/airflow/airflow_env/lib/python3.11/site-packages/airflow/example_dags/example_short_circuit_operator.py for tasks to queue
[2026-02-24T05:36:48.163+0530] {logging_mixin.py:188} INFO - [2026-02-24T05:36:48.163+0530] {dagbag.py:540} INFO - Filling up the DagBag from /Users/aswin/Documents/data-engineering-practice/ETL_Airflow_DBT/airflow/airflow_env/lib/python3.11/site-packages/airflow/example_dags/example_short_circuit_operator.py
[2026-02-24T05:36:48.173+0530] {processor.py:840} INFO - DAG(s) 'example_short_circuit_operator' retrieved from /Users/aswin/Documents/data-engineering-practice/ETL_Airflow_DBT/airflow/airflow_env/lib/python3.11/site-packages/airflow/example_dags/example_short_circuit_operator.py
[2026-02-24T05:36:48.203+0530] {logging_mixin.py:188} INFO - [2026-02-24T05:36:48.203+0530] {dag.py:3096} INFO - Sync 1 DAGs
[2026-02-24T05:36:48.209+0530] {logging_mixin.py:188} INFO - [2026-02-24T05:36:48.209+0530] {dag.py:3954} INFO - Setting next_dagrun for example_short_circuit_operator to 2026-02-23 00:00:00+00:00, run_after=2026-02-24 00:00:00+00:00
[2026-02-24T05:36:48.214+0530] {processor.py:183} INFO - Processing /Users/aswin/Documents/data-engineering-practice/ETL_Airflow_DBT/airflow/airflow_env/lib/python3.11/site-packages/airflow/example_dags/example_short_circuit_operator.py took 0.053 seconds
[2026-02-24T05:38:31.992+0530] {processor.py:161} INFO - Started process (PID=47613) to work on /Users/aswin/Documents/data-engineering-practice/ETL_Airflow_DBT/airflow/airflow_env/lib/python3.11/site-packages/airflow/example_dags/example_short_circuit_operator.py
[2026-02-24T05:38:31.993+0530] {processor.py:830} INFO - Processing file /Users/aswin/Documents/data-engineering-practice/ETL_Airflow_DBT/airflow/airflow_env/lib/python3.11/site-packages/airflow/example_dags/example_short_circuit_operator.py for tasks to queue
[2026-02-24T05:38:31.993+0530] {logging_mixin.py:188} INFO - [2026-02-24T05:38:31.993+0530] {dagbag.py:540} INFO - Filling up the DagBag from /Users/aswin/Documents/data-engineering-practice/ETL_Airflow_DBT/airflow/airflow_env/lib/python3.11/site-packages/airflow/example_dags/example_short_circuit_operator.py
[2026-02-24T05:38:32.004+0530] {processor.py:840} INFO - DAG(s) 'example_short_circuit_operator' retrieved from /Users/aswin/Documents/data-engineering-practice/ETL_Airflow_DBT/airflow/airflow_env/lib/python3.11/site-packages/airflow/example_dags/example_short_circuit_operator.py
[2026-02-24T05:38:32.033+0530] {logging_mixin.py:188} INFO - [2026-02-24T05:38:32.033+0530] {dag.py:3096} INFO - Sync 1 DAGs
[2026-02-24T05:38:32.038+0530] {logging_mixin.py:188} INFO - [2026-02-24T05:38:32.038+0530] {dag.py:3954} INFO - Setting next_dagrun for example_short_circuit_operator to 2026-02-23 00:00:00+00:00, run_after=2026-02-24 00:00:00+00:00
[2026-02-24T05:38:32.044+0530] {processor.py:183} INFO - Processing /Users/aswin/Documents/data-engineering-practice/ETL_Airflow_DBT/airflow/airflow_env/lib/python3.11/site-packages/airflow/example_dags/example_short_circuit_operator.py took 0.053 seconds
[2026-02-24T05:40:00.924+0530] {processor.py:161} INFO - Started process (PID=47688) to work on /Users/aswin/Documents/data-engineering-practice/ETL_Airflow_DBT/airflow/airflow_env/lib/python3.11/site-packages/airflow/example_dags/example_short_circuit_operator.py
[2026-02-24T05:40:00.924+0530] {processor.py:830} INFO - Processing file /Users/aswin/Documents/data-engineering-practice/ETL_Airflow_DBT/airflow/airflow_env/lib/python3.11/site-packages/airflow/example_dags/example_short_circuit_operator.py for tasks to queue
[2026-02-24T05:40:00.924+0530] {logging_mixin.py:188} INFO - [2026-02-24T05:40:00.924+0530] {dagbag.py:540} INFO - Filling up the DagBag from /Users/aswin/Documents/data-engineering-practice/ETL_Airflow_DBT/airflow/airflow_env/lib/python3.11/site-packages/airflow/example_dags/example_short_circuit_operator.py
[2026-02-24T05:40:00.935+0530] {processor.py:840} INFO - DAG(s) 'example_short_circuit_operator' retrieved from /Users/aswin/Documents/data-engineering-practice/ETL_Airflow_DBT/airflow/airflow_env/lib/python3.11/site-packages/airflow/example_dags/example_short_circuit_operator.py
[2026-02-24T05:40:00.965+0530] {logging_mixin.py:188} INFO - [2026-02-24T05:40:00.964+0530] {dag.py:3096} INFO - Sync 1 DAGs
[2026-02-24T05:40:00.970+0530] {logging_mixin.py:188} INFO - [2026-02-24T05:40:00.970+0530] {dag.py:3954} INFO - Setting next_dagrun for example_short_circuit_operator to 2026-02-23 00:00:00+00:00, run_after=2026-02-24 00:00:00+00:00
[2026-02-24T05:40:00.976+0530] {processor.py:183} INFO - Processing /Users/aswin/Documents/data-engineering-practice/ETL_Airflow_DBT/airflow/airflow_env/lib/python3.11/site-packages/airflow/example_dags/example_short_circuit_operator.py took 0.053 seconds
[2026-02-24T05:41:45.329+0530] {processor.py:161} INFO - Started process (PID=47788) to work on /Users/aswin/Documents/data-engineering-practice/ETL_Airflow_DBT/airflow/airflow_env/lib/python3.11/site-packages/airflow/example_dags/example_short_circuit_operator.py
[2026-02-24T05:41:45.331+0530] {processor.py:830} INFO - Processing file /Users/aswin/Documents/data-engineering-practice/ETL_Airflow_DBT/airflow/airflow_env/lib/python3.11/site-packages/airflow/example_dags/example_short_circuit_operator.py for tasks to queue
[2026-02-24T05:41:45.331+0530] {logging_mixin.py:188} INFO - [2026-02-24T05:41:45.331+0530] {dagbag.py:540} INFO - Filling up the DagBag from /Users/aswin/Documents/data-engineering-practice/ETL_Airflow_DBT/airflow/airflow_env/lib/python3.11/site-packages/airflow/example_dags/example_short_circuit_operator.py
[2026-02-24T05:41:45.341+0530] {processor.py:840} INFO - DAG(s) 'example_short_circuit_operator' retrieved from /Users/aswin/Documents/data-engineering-practice/ETL_Airflow_DBT/airflow/airflow_env/lib/python3.11/site-packages/airflow/example_dags/example_short_circuit_operator.py
[2026-02-24T05:41:45.371+0530] {logging_mixin.py:188} INFO - [2026-02-24T05:41:45.370+0530] {dag.py:3096} INFO - Sync 1 DAGs
[2026-02-24T05:41:45.376+0530] {logging_mixin.py:188} INFO - [2026-02-24T05:41:45.376+0530] {dag.py:3954} INFO - Setting next_dagrun for example_short_circuit_operator to 2026-02-23 00:00:00+00:00, run_after=2026-02-24 00:00:00+00:00
[2026-02-24T05:41:45.382+0530] {processor.py:183} INFO - Processing /Users/aswin/Documents/data-engineering-practice/ETL_Airflow_DBT/airflow/airflow_env/lib/python3.11/site-packages/airflow/example_dags/example_short_circuit_operator.py took 0.054 seconds
[2026-02-24T05:43:14.352+0530] {processor.py:161} INFO - Started process (PID=47855) to work on /Users/aswin/Documents/data-engineering-practice/ETL_Airflow_DBT/airflow/airflow_env/lib/python3.11/site-packages/airflow/example_dags/example_short_circuit_operator.py
[2026-02-24T05:43:14.353+0530] {processor.py:830} INFO - Processing file /Users/aswin/Documents/data-engineering-practice/ETL_Airflow_DBT/airflow/airflow_env/lib/python3.11/site-packages/airflow/example_dags/example_short_circuit_operator.py for tasks to queue
[2026-02-24T05:43:14.353+0530] {logging_mixin.py:188} INFO - [2026-02-24T05:43:14.353+0530] {dagbag.py:540} INFO - Filling up the DagBag from /Users/aswin/Documents/data-engineering-practice/ETL_Airflow_DBT/airflow/airflow_env/lib/python3.11/site-packages/airflow/example_dags/example_short_circuit_operator.py
[2026-02-24T05:43:14.364+0530] {processor.py:840} INFO - DAG(s) 'example_short_circuit_operator' retrieved from /Users/aswin/Documents/data-engineering-practice/ETL_Airflow_DBT/airflow/airflow_env/lib/python3.11/site-packages/airflow/example_dags/example_short_circuit_operator.py
[2026-02-24T05:43:14.393+0530] {logging_mixin.py:188} INFO - [2026-02-24T05:43:14.393+0530] {dag.py:3096} INFO - Sync 1 DAGs
[2026-02-24T05:43:14.398+0530] {logging_mixin.py:188} INFO - [2026-02-24T05:43:14.398+0530] {dag.py:3954} INFO - Setting next_dagrun for example_short_circuit_operator to 2026-02-23 00:00:00+00:00, run_after=2026-02-24 00:00:00+00:00
[2026-02-24T05:43:14.404+0530] {processor.py:183} INFO - Processing /Users/aswin/Documents/data-engineering-practice/ETL_Airflow_DBT/airflow/airflow_env/lib/python3.11/site-packages/airflow/example_dags/example_short_circuit_operator.py took 0.053 seconds
[2026-02-24T05:44:49.264+0530] {processor.py:161} INFO - Started process (PID=47947) to work on /Users/aswin/Documents/data-engineering-practice/ETL_Airflow_DBT/airflow/airflow_env/lib/python3.11/site-packages/airflow/example_dags/example_short_circuit_operator.py
[2026-02-24T05:44:49.265+0530] {processor.py:830} INFO - Processing file /Users/aswin/Documents/data-engineering-practice/ETL_Airflow_DBT/airflow/airflow_env/lib/python3.11/site-packages/airflow/example_dags/example_short_circuit_operator.py for tasks to queue
[2026-02-24T05:44:49.265+0530] {logging_mixin.py:188} INFO - [2026-02-24T05:44:49.265+0530] {dagbag.py:540} INFO - Filling up the DagBag from /Users/aswin/Documents/data-engineering-practice/ETL_Airflow_DBT/airflow/airflow_env/lib/python3.11/site-packages/airflow/example_dags/example_short_circuit_operator.py
[2026-02-24T05:44:49.275+0530] {processor.py:840} INFO - DAG(s) 'example_short_circuit_operator' retrieved from /Users/aswin/Documents/data-engineering-practice/ETL_Airflow_DBT/airflow/airflow_env/lib/python3.11/site-packages/airflow/example_dags/example_short_circuit_operator.py
[2026-02-24T05:44:49.304+0530] {logging_mixin.py:188} INFO - [2026-02-24T05:44:49.304+0530] {dag.py:3096} INFO - Sync 1 DAGs
[2026-02-24T05:44:49.310+0530] {logging_mixin.py:188} INFO - [2026-02-24T05:44:49.309+0530] {dag.py:3954} INFO - Setting next_dagrun for example_short_circuit_operator to 2026-02-23 00:00:00+00:00, run_after=2026-02-24 00:00:00+00:00
[2026-02-24T05:44:49.315+0530] {processor.py:183} INFO - Processing /Users/aswin/Documents/data-engineering-practice/ETL_Airflow_DBT/airflow/airflow_env/lib/python3.11/site-packages/airflow/example_dags/example_short_circuit_operator.py took 0.051 seconds
[2026-02-24T05:46:20.088+0530] {processor.py:161} INFO - Started process (PID=48018) to work on /Users/aswin/Documents/data-engineering-practice/ETL_Airflow_DBT/airflow/airflow_env/lib/python3.11/site-packages/airflow/example_dags/example_short_circuit_operator.py
[2026-02-24T05:46:20.089+0530] {processor.py:830} INFO - Processing file /Users/aswin/Documents/data-engineering-practice/ETL_Airflow_DBT/airflow/airflow_env/lib/python3.11/site-packages/airflow/example_dags/example_short_circuit_operator.py for tasks to queue
[2026-02-24T05:46:20.089+0530] {logging_mixin.py:188} INFO - [2026-02-24T05:46:20.089+0530] {dagbag.py:540} INFO - Filling up the DagBag from /Users/aswin/Documents/data-engineering-practice/ETL_Airflow_DBT/airflow/airflow_env/lib/python3.11/site-packages/airflow/example_dags/example_short_circuit_operator.py
[2026-02-24T05:46:20.099+0530] {processor.py:840} INFO - DAG(s) 'example_short_circuit_operator' retrieved from /Users/aswin/Documents/data-engineering-practice/ETL_Airflow_DBT/airflow/airflow_env/lib/python3.11/site-packages/airflow/example_dags/example_short_circuit_operator.py
[2026-02-24T05:46:20.128+0530] {logging_mixin.py:188} INFO - [2026-02-24T05:46:20.128+0530] {dag.py:3096} INFO - Sync 1 DAGs
[2026-02-24T05:46:20.134+0530] {logging_mixin.py:188} INFO - [2026-02-24T05:46:20.133+0530] {dag.py:3954} INFO - Setting next_dagrun for example_short_circuit_operator to 2026-02-23 00:00:00+00:00, run_after=2026-02-24 00:00:00+00:00
[2026-02-24T05:46:20.139+0530] {processor.py:183} INFO - Processing /Users/aswin/Documents/data-engineering-practice/ETL_Airflow_DBT/airflow/airflow_env/lib/python3.11/site-packages/airflow/example_dags/example_short_circuit_operator.py took 0.052 seconds
[2026-02-24T05:47:49.046+0530] {processor.py:161} INFO - Started process (PID=48128) to work on /Users/aswin/Documents/data-engineering-practice/ETL_Airflow_DBT/airflow/airflow_env/lib/python3.11/site-packages/airflow/example_dags/example_short_circuit_operator.py
[2026-02-24T05:47:49.046+0530] {processor.py:830} INFO - Processing file /Users/aswin/Documents/data-engineering-practice/ETL_Airflow_DBT/airflow/airflow_env/lib/python3.11/site-packages/airflow/example_dags/example_short_circuit_operator.py for tasks to queue
[2026-02-24T05:47:49.046+0530] {logging_mixin.py:188} INFO - [2026-02-24T05:47:49.046+0530] {dagbag.py:540} INFO - Filling up the DagBag from /Users/aswin/Documents/data-engineering-practice/ETL_Airflow_DBT/airflow/airflow_env/lib/python3.11/site-packages/airflow/example_dags/example_short_circuit_operator.py
[2026-02-24T05:47:49.057+0530] {processor.py:840} INFO - DAG(s) 'example_short_circuit_operator' retrieved from /Users/aswin/Documents/data-engineering-practice/ETL_Airflow_DBT/airflow/airflow_env/lib/python3.11/site-packages/airflow/example_dags/example_short_circuit_operator.py
[2026-02-24T05:47:49.086+0530] {logging_mixin.py:188} INFO - [2026-02-24T05:47:49.085+0530] {dag.py:3096} INFO - Sync 1 DAGs
[2026-02-24T05:47:49.091+0530] {logging_mixin.py:188} INFO - [2026-02-24T05:47:49.091+0530] {dag.py:3954} INFO - Setting next_dagrun for example_short_circuit_operator to 2026-02-23 00:00:00+00:00, run_after=2026-02-24 00:00:00+00:00
[2026-02-24T05:47:49.096+0530] {processor.py:183} INFO - Processing /Users/aswin/Documents/data-engineering-practice/ETL_Airflow_DBT/airflow/airflow_env/lib/python3.11/site-packages/airflow/example_dags/example_short_circuit_operator.py took 0.052 seconds
[2026-02-24T05:49:16.777+0530] {processor.py:161} INFO - Started process (PID=48244) to work on /Users/aswin/Documents/data-engineering-practice/ETL_Airflow_DBT/airflow/airflow_env/lib/python3.11/site-packages/airflow/example_dags/example_short_circuit_operator.py
[2026-02-24T05:49:16.778+0530] {processor.py:830} INFO - Processing file /Users/aswin/Documents/data-engineering-practice/ETL_Airflow_DBT/airflow/airflow_env/lib/python3.11/site-packages/airflow/example_dags/example_short_circuit_operator.py for tasks to queue
[2026-02-24T05:49:16.778+0530] {logging_mixin.py:188} INFO - [2026-02-24T05:49:16.778+0530] {dagbag.py:540} INFO - Filling up the DagBag from /Users/aswin/Documents/data-engineering-practice/ETL_Airflow_DBT/airflow/airflow_env/lib/python3.11/site-packages/airflow/example_dags/example_short_circuit_operator.py
[2026-02-24T05:49:16.789+0530] {processor.py:840} INFO - DAG(s) 'example_short_circuit_operator' retrieved from /Users/aswin/Documents/data-engineering-practice/ETL_Airflow_DBT/airflow/airflow_env/lib/python3.11/site-packages/airflow/example_dags/example_short_circuit_operator.py
[2026-02-24T05:49:16.818+0530] {logging_mixin.py:188} INFO - [2026-02-24T05:49:16.818+0530] {dag.py:3096} INFO - Sync 1 DAGs
[2026-02-24T05:49:16.823+0530] {logging_mixin.py:188} INFO - [2026-02-24T05:49:16.823+0530] {dag.py:3954} INFO - Setting next_dagrun for example_short_circuit_operator to 2026-02-23 00:00:00+00:00, run_after=2026-02-24 00:00:00+00:00
[2026-02-24T05:49:16.829+0530] {processor.py:183} INFO - Processing /Users/aswin/Documents/data-engineering-practice/ETL_Airflow_DBT/airflow/airflow_env/lib/python3.11/site-packages/airflow/example_dags/example_short_circuit_operator.py took 0.053 seconds
[2026-02-24T05:50:48.778+0530] {processor.py:161} INFO - Started process (PID=48327) to work on /Users/aswin/Documents/data-engineering-practice/ETL_Airflow_DBT/airflow/airflow_env/lib/python3.11/site-packages/airflow/example_dags/example_short_circuit_operator.py
[2026-02-24T05:50:48.779+0530] {processor.py:830} INFO - Processing file /Users/aswin/Documents/data-engineering-practice/ETL_Airflow_DBT/airflow/airflow_env/lib/python3.11/site-packages/airflow/example_dags/example_short_circuit_operator.py for tasks to queue
[2026-02-24T05:50:48.779+0530] {logging_mixin.py:188} INFO - [2026-02-24T05:50:48.779+0530] {dagbag.py:540} INFO - Filling up the DagBag from /Users/aswin/Documents/data-engineering-practice/ETL_Airflow_DBT/airflow/airflow_env/lib/python3.11/site-packages/airflow/example_dags/example_short_circuit_operator.py
[2026-02-24T05:50:48.791+0530] {processor.py:840} INFO - DAG(s) 'example_short_circuit_operator' retrieved from /Users/aswin/Documents/data-engineering-practice/ETL_Airflow_DBT/airflow/airflow_env/lib/python3.11/site-packages/airflow/example_dags/example_short_circuit_operator.py
[2026-02-24T05:50:48.821+0530] {logging_mixin.py:188} INFO - [2026-02-24T05:50:48.821+0530] {dag.py:3096} INFO - Sync 1 DAGs
[2026-02-24T05:50:48.826+0530] {logging_mixin.py:188} INFO - [2026-02-24T05:50:48.826+0530] {dag.py:3954} INFO - Setting next_dagrun for example_short_circuit_operator to 2026-02-23 00:00:00+00:00, run_after=2026-02-24 00:00:00+00:00
[2026-02-24T05:50:48.832+0530] {processor.py:183} INFO - Processing /Users/aswin/Documents/data-engineering-practice/ETL_Airflow_DBT/airflow/airflow_env/lib/python3.11/site-packages/airflow/example_dags/example_short_circuit_operator.py took 0.055 seconds
[2026-02-24T05:52:22.140+0530] {processor.py:161} INFO - Started process (PID=48406) to work on /Users/aswin/Documents/data-engineering-practice/ETL_Airflow_DBT/airflow/airflow_env/lib/python3.11/site-packages/airflow/example_dags/example_short_circuit_operator.py
[2026-02-24T05:52:22.141+0530] {processor.py:830} INFO - Processing file /Users/aswin/Documents/data-engineering-practice/ETL_Airflow_DBT/airflow/airflow_env/lib/python3.11/site-packages/airflow/example_dags/example_short_circuit_operator.py for tasks to queue
[2026-02-24T05:52:22.141+0530] {logging_mixin.py:188} INFO - [2026-02-24T05:52:22.141+0530] {dagbag.py:540} INFO - Filling up the DagBag from /Users/aswin/Documents/data-engineering-practice/ETL_Airflow_DBT/airflow/airflow_env/lib/python3.11/site-packages/airflow/example_dags/example_short_circuit_operator.py
[2026-02-24T05:52:22.151+0530] {processor.py:840} INFO - DAG(s) 'example_short_circuit_operator' retrieved from /Users/aswin/Documents/data-engineering-practice/ETL_Airflow_DBT/airflow/airflow_env/lib/python3.11/site-packages/airflow/example_dags/example_short_circuit_operator.py
[2026-02-24T05:52:22.181+0530] {logging_mixin.py:188} INFO - [2026-02-24T05:52:22.181+0530] {dag.py:3096} INFO - Sync 1 DAGs
[2026-02-24T05:52:22.187+0530] {logging_mixin.py:188} INFO - [2026-02-24T05:52:22.186+0530] {dag.py:3954} INFO - Setting next_dagrun for example_short_circuit_operator to 2026-02-23 00:00:00+00:00, run_after=2026-02-24 00:00:00+00:00
[2026-02-24T05:52:22.192+0530] {processor.py:183} INFO - Processing /Users/aswin/Documents/data-engineering-practice/ETL_Airflow_DBT/airflow/airflow_env/lib/python3.11/site-packages/airflow/example_dags/example_short_circuit_operator.py took 0.053 seconds
[2026-02-24T05:53:57.043+0530] {processor.py:161} INFO - Started process (PID=48499) to work on /Users/aswin/Documents/data-engineering-practice/ETL_Airflow_DBT/airflow/airflow_env/lib/python3.11/site-packages/airflow/example_dags/example_short_circuit_operator.py
[2026-02-24T05:53:57.044+0530] {processor.py:830} INFO - Processing file /Users/aswin/Documents/data-engineering-practice/ETL_Airflow_DBT/airflow/airflow_env/lib/python3.11/site-packages/airflow/example_dags/example_short_circuit_operator.py for tasks to queue
[2026-02-24T05:53:57.044+0530] {logging_mixin.py:188} INFO - [2026-02-24T05:53:57.044+0530] {dagbag.py:540} INFO - Filling up the DagBag from /Users/aswin/Documents/data-engineering-practice/ETL_Airflow_DBT/airflow/airflow_env/lib/python3.11/site-packages/airflow/example_dags/example_short_circuit_operator.py
[2026-02-24T05:53:57.054+0530] {processor.py:840} INFO - DAG(s) 'example_short_circuit_operator' retrieved from /Users/aswin/Documents/data-engineering-practice/ETL_Airflow_DBT/airflow/airflow_env/lib/python3.11/site-packages/airflow/example_dags/example_short_circuit_operator.py
[2026-02-24T05:53:57.083+0530] {logging_mixin.py:188} INFO - [2026-02-24T05:53:57.083+0530] {dag.py:3096} INFO - Sync 1 DAGs
[2026-02-24T05:53:57.088+0530] {logging_mixin.py:188} INFO - [2026-02-24T05:53:57.088+0530] {dag.py:3954} INFO - Setting next_dagrun for example_short_circuit_operator to 2026-02-23 00:00:00+00:00, run_after=2026-02-24 00:00:00+00:00
[2026-02-24T05:53:57.094+0530] {processor.py:183} INFO - Processing /Users/aswin/Documents/data-engineering-practice/ETL_Airflow_DBT/airflow/airflow_env/lib/python3.11/site-packages/airflow/example_dags/example_short_circuit_operator.py took 0.052 seconds
[2026-02-24T05:55:30.330+0530] {processor.py:161} INFO - Started process (PID=48613) to work on /Users/aswin/Documents/data-engineering-practice/ETL_Airflow_DBT/airflow/airflow_env/lib/python3.11/site-packages/airflow/example_dags/example_short_circuit_operator.py
[2026-02-24T05:55:30.331+0530] {processor.py:830} INFO - Processing file /Users/aswin/Documents/data-engineering-practice/ETL_Airflow_DBT/airflow/airflow_env/lib/python3.11/site-packages/airflow/example_dags/example_short_circuit_operator.py for tasks to queue
[2026-02-24T05:55:30.331+0530] {logging_mixin.py:188} INFO - [2026-02-24T05:55:30.331+0530] {dagbag.py:540} INFO - Filling up the DagBag from /Users/aswin/Documents/data-engineering-practice/ETL_Airflow_DBT/airflow/airflow_env/lib/python3.11/site-packages/airflow/example_dags/example_short_circuit_operator.py
[2026-02-24T05:55:30.341+0530] {processor.py:840} INFO - DAG(s) 'example_short_circuit_operator' retrieved from /Users/aswin/Documents/data-engineering-practice/ETL_Airflow_DBT/airflow/airflow_env/lib/python3.11/site-packages/airflow/example_dags/example_short_circuit_operator.py
[2026-02-24T05:55:30.370+0530] {logging_mixin.py:188} INFO - [2026-02-24T05:55:30.370+0530] {dag.py:3096} INFO - Sync 1 DAGs
[2026-02-24T05:55:30.376+0530] {logging_mixin.py:188} INFO - [2026-02-24T05:55:30.376+0530] {dag.py:3954} INFO - Setting next_dagrun for example_short_circuit_operator to 2026-02-23 00:00:00+00:00, run_after=2026-02-24 00:00:00+00:00
[2026-02-24T05:55:30.381+0530] {processor.py:183} INFO - Processing /Users/aswin/Documents/data-engineering-practice/ETL_Airflow_DBT/airflow/airflow_env/lib/python3.11/site-packages/airflow/example_dags/example_short_circuit_operator.py took 0.052 seconds
[2026-02-24T05:57:02.737+0530] {processor.py:161} INFO - Started process (PID=48695) to work on /Users/aswin/Documents/data-engineering-practice/ETL_Airflow_DBT/airflow/airflow_env/lib/python3.11/site-packages/airflow/example_dags/example_short_circuit_operator.py
[2026-02-24T05:57:02.737+0530] {processor.py:830} INFO - Processing file /Users/aswin/Documents/data-engineering-practice/ETL_Airflow_DBT/airflow/airflow_env/lib/python3.11/site-packages/airflow/example_dags/example_short_circuit_operator.py for tasks to queue
[2026-02-24T05:57:02.737+0530] {logging_mixin.py:188} INFO - [2026-02-24T05:57:02.737+0530] {dagbag.py:540} INFO - Filling up the DagBag from /Users/aswin/Documents/data-engineering-practice/ETL_Airflow_DBT/airflow/airflow_env/lib/python3.11/site-packages/airflow/example_dags/example_short_circuit_operator.py
[2026-02-24T05:57:02.748+0530] {processor.py:840} INFO - DAG(s) 'example_short_circuit_operator' retrieved from /Users/aswin/Documents/data-engineering-practice/ETL_Airflow_DBT/airflow/airflow_env/lib/python3.11/site-packages/airflow/example_dags/example_short_circuit_operator.py
[2026-02-24T05:57:02.776+0530] {logging_mixin.py:188} INFO - [2026-02-24T05:57:02.776+0530] {dag.py:3096} INFO - Sync 1 DAGs
[2026-02-24T05:57:02.782+0530] {logging_mixin.py:188} INFO - [2026-02-24T05:57:02.781+0530] {dag.py:3954} INFO - Setting next_dagrun for example_short_circuit_operator to 2026-02-23 00:00:00+00:00, run_after=2026-02-24 00:00:00+00:00
[2026-02-24T05:57:02.787+0530] {processor.py:183} INFO - Processing /Users/aswin/Documents/data-engineering-practice/ETL_Airflow_DBT/airflow/airflow_env/lib/python3.11/site-packages/airflow/example_dags/example_short_circuit_operator.py took 0.051 seconds
[2026-02-24T05:58:37.301+0530] {processor.py:161} INFO - Started process (PID=48784) to work on /Users/aswin/Documents/data-engineering-practice/ETL_Airflow_DBT/airflow/airflow_env/lib/python3.11/site-packages/airflow/example_dags/example_short_circuit_operator.py
[2026-02-24T05:58:37.302+0530] {processor.py:830} INFO - Processing file /Users/aswin/Documents/data-engineering-practice/ETL_Airflow_DBT/airflow/airflow_env/lib/python3.11/site-packages/airflow/example_dags/example_short_circuit_operator.py for tasks to queue
[2026-02-24T05:58:37.302+0530] {logging_mixin.py:188} INFO - [2026-02-24T05:58:37.302+0530] {dagbag.py:540} INFO - Filling up the DagBag from /Users/aswin/Documents/data-engineering-practice/ETL_Airflow_DBT/airflow/airflow_env/lib/python3.11/site-packages/airflow/example_dags/example_short_circuit_operator.py
[2026-02-24T05:58:37.312+0530] {processor.py:840} INFO - DAG(s) 'example_short_circuit_operator' retrieved from /Users/aswin/Documents/data-engineering-practice/ETL_Airflow_DBT/airflow/airflow_env/lib/python3.11/site-packages/airflow/example_dags/example_short_circuit_operator.py
[2026-02-24T05:58:37.341+0530] {logging_mixin.py:188} INFO - [2026-02-24T05:58:37.341+0530] {dag.py:3096} INFO - Sync 1 DAGs
[2026-02-24T05:58:37.346+0530] {logging_mixin.py:188} INFO - [2026-02-24T05:58:37.346+0530] {dag.py:3954} INFO - Setting next_dagrun for example_short_circuit_operator to 2026-02-23 00:00:00+00:00, run_after=2026-02-24 00:00:00+00:00
[2026-02-24T05:58:37.352+0530] {processor.py:183} INFO - Processing /Users/aswin/Documents/data-engineering-practice/ETL_Airflow_DBT/airflow/airflow_env/lib/python3.11/site-packages/airflow/example_dags/example_short_circuit_operator.py took 0.052 seconds
[2026-02-24T06:00:08.735+0530] {processor.py:161} INFO - Started process (PID=48887) to work on /Users/aswin/Documents/data-engineering-practice/ETL_Airflow_DBT/airflow/airflow_env/lib/python3.11/site-packages/airflow/example_dags/example_short_circuit_operator.py
[2026-02-24T06:00:08.736+0530] {processor.py:830} INFO - Processing file /Users/aswin/Documents/data-engineering-practice/ETL_Airflow_DBT/airflow/airflow_env/lib/python3.11/site-packages/airflow/example_dags/example_short_circuit_operator.py for tasks to queue
[2026-02-24T06:00:08.736+0530] {logging_mixin.py:188} INFO - [2026-02-24T06:00:08.736+0530] {dagbag.py:540} INFO - Filling up the DagBag from /Users/aswin/Documents/data-engineering-practice/ETL_Airflow_DBT/airflow/airflow_env/lib/python3.11/site-packages/airflow/example_dags/example_short_circuit_operator.py
[2026-02-24T06:00:08.746+0530] {processor.py:840} INFO - DAG(s) 'example_short_circuit_operator' retrieved from /Users/aswin/Documents/data-engineering-practice/ETL_Airflow_DBT/airflow/airflow_env/lib/python3.11/site-packages/airflow/example_dags/example_short_circuit_operator.py
[2026-02-24T06:00:08.775+0530] {logging_mixin.py:188} INFO - [2026-02-24T06:00:08.775+0530] {dag.py:3096} INFO - Sync 1 DAGs
[2026-02-24T06:00:08.781+0530] {logging_mixin.py:188} INFO - [2026-02-24T06:00:08.780+0530] {dag.py:3954} INFO - Setting next_dagrun for example_short_circuit_operator to 2026-02-23 00:00:00+00:00, run_after=2026-02-24 00:00:00+00:00
[2026-02-24T06:00:08.786+0530] {processor.py:183} INFO - Processing /Users/aswin/Documents/data-engineering-practice/ETL_Airflow_DBT/airflow/airflow_env/lib/python3.11/site-packages/airflow/example_dags/example_short_circuit_operator.py took 0.052 seconds
[2026-02-24T06:01:45.254+0530] {processor.py:161} INFO - Started process (PID=49015) to work on /Users/aswin/Documents/data-engineering-practice/ETL_Airflow_DBT/airflow/airflow_env/lib/python3.11/site-packages/airflow/example_dags/example_short_circuit_operator.py
[2026-02-24T06:01:45.255+0530] {processor.py:830} INFO - Processing file /Users/aswin/Documents/data-engineering-practice/ETL_Airflow_DBT/airflow/airflow_env/lib/python3.11/site-packages/airflow/example_dags/example_short_circuit_operator.py for tasks to queue
[2026-02-24T06:01:45.255+0530] {logging_mixin.py:188} INFO - [2026-02-24T06:01:45.255+0530] {dagbag.py:540} INFO - Filling up the DagBag from /Users/aswin/Documents/data-engineering-practice/ETL_Airflow_DBT/airflow/airflow_env/lib/python3.11/site-packages/airflow/example_dags/example_short_circuit_operator.py
[2026-02-24T06:01:45.266+0530] {processor.py:840} INFO - DAG(s) 'example_short_circuit_operator' retrieved from /Users/aswin/Documents/data-engineering-practice/ETL_Airflow_DBT/airflow/airflow_env/lib/python3.11/site-packages/airflow/example_dags/example_short_circuit_operator.py
[2026-02-24T06:01:45.297+0530] {logging_mixin.py:188} INFO - [2026-02-24T06:01:45.297+0530] {dag.py:3096} INFO - Sync 1 DAGs
[2026-02-24T06:01:45.303+0530] {logging_mixin.py:188} INFO - [2026-02-24T06:01:45.303+0530] {dag.py:3954} INFO - Setting next_dagrun for example_short_circuit_operator to 2026-02-23 00:00:00+00:00, run_after=2026-02-24 00:00:00+00:00
[2026-02-24T06:01:45.309+0530] {processor.py:183} INFO - Processing /Users/aswin/Documents/data-engineering-practice/ETL_Airflow_DBT/airflow/airflow_env/lib/python3.11/site-packages/airflow/example_dags/example_short_circuit_operator.py took 0.056 seconds
[2026-02-24T06:03:15.112+0530] {processor.py:161} INFO - Started process (PID=49177) to work on /Users/aswin/Documents/data-engineering-practice/ETL_Airflow_DBT/airflow/airflow_env/lib/python3.11/site-packages/airflow/example_dags/example_short_circuit_operator.py
[2026-02-24T06:03:15.112+0530] {processor.py:830} INFO - Processing file /Users/aswin/Documents/data-engineering-practice/ETL_Airflow_DBT/airflow/airflow_env/lib/python3.11/site-packages/airflow/example_dags/example_short_circuit_operator.py for tasks to queue
[2026-02-24T06:03:15.113+0530] {logging_mixin.py:188} INFO - [2026-02-24T06:03:15.112+0530] {dagbag.py:540} INFO - Filling up the DagBag from /Users/aswin/Documents/data-engineering-practice/ETL_Airflow_DBT/airflow/airflow_env/lib/python3.11/site-packages/airflow/example_dags/example_short_circuit_operator.py
[2026-02-24T06:03:15.123+0530] {processor.py:840} INFO - DAG(s) 'example_short_circuit_operator' retrieved from /Users/aswin/Documents/data-engineering-practice/ETL_Airflow_DBT/airflow/airflow_env/lib/python3.11/site-packages/airflow/example_dags/example_short_circuit_operator.py
[2026-02-24T06:03:15.152+0530] {logging_mixin.py:188} INFO - [2026-02-24T06:03:15.152+0530] {dag.py:3096} INFO - Sync 1 DAGs
[2026-02-24T06:03:15.157+0530] {logging_mixin.py:188} INFO - [2026-02-24T06:03:15.157+0530] {dag.py:3954} INFO - Setting next_dagrun for example_short_circuit_operator to 2026-02-23 00:00:00+00:00, run_after=2026-02-24 00:00:00+00:00
[2026-02-24T06:03:15.163+0530] {processor.py:183} INFO - Processing /Users/aswin/Documents/data-engineering-practice/ETL_Airflow_DBT/airflow/airflow_env/lib/python3.11/site-packages/airflow/example_dags/example_short_circuit_operator.py took 0.052 seconds
[2026-02-24T06:04:55.655+0530] {processor.py:161} INFO - Started process (PID=49333) to work on /Users/aswin/Documents/data-engineering-practice/ETL_Airflow_DBT/airflow/airflow_env/lib/python3.11/site-packages/airflow/example_dags/example_short_circuit_operator.py
[2026-02-24T06:04:55.656+0530] {processor.py:830} INFO - Processing file /Users/aswin/Documents/data-engineering-practice/ETL_Airflow_DBT/airflow/airflow_env/lib/python3.11/site-packages/airflow/example_dags/example_short_circuit_operator.py for tasks to queue
[2026-02-24T06:04:55.656+0530] {logging_mixin.py:188} INFO - [2026-02-24T06:04:55.656+0530] {dagbag.py:540} INFO - Filling up the DagBag from /Users/aswin/Documents/data-engineering-practice/ETL_Airflow_DBT/airflow/airflow_env/lib/python3.11/site-packages/airflow/example_dags/example_short_circuit_operator.py
[2026-02-24T06:04:55.667+0530] {processor.py:840} INFO - DAG(s) 'example_short_circuit_operator' retrieved from /Users/aswin/Documents/data-engineering-practice/ETL_Airflow_DBT/airflow/airflow_env/lib/python3.11/site-packages/airflow/example_dags/example_short_circuit_operator.py
[2026-02-24T06:04:55.696+0530] {logging_mixin.py:188} INFO - [2026-02-24T06:04:55.696+0530] {dag.py:3096} INFO - Sync 1 DAGs
[2026-02-24T06:04:55.702+0530] {logging_mixin.py:188} INFO - [2026-02-24T06:04:55.702+0530] {dag.py:3954} INFO - Setting next_dagrun for example_short_circuit_operator to 2026-02-23 00:00:00+00:00, run_after=2026-02-24 00:00:00+00:00
[2026-02-24T06:04:55.707+0530] {processor.py:183} INFO - Processing /Users/aswin/Documents/data-engineering-practice/ETL_Airflow_DBT/airflow/airflow_env/lib/python3.11/site-packages/airflow/example_dags/example_short_circuit_operator.py took 0.053 seconds
[2026-02-24T06:06:37.731+0530] {processor.py:161} INFO - Started process (PID=49432) to work on /Users/aswin/Documents/data-engineering-practice/ETL_Airflow_DBT/airflow/airflow_env/lib/python3.11/site-packages/airflow/example_dags/example_short_circuit_operator.py
[2026-02-24T06:06:37.732+0530] {processor.py:830} INFO - Processing file /Users/aswin/Documents/data-engineering-practice/ETL_Airflow_DBT/airflow/airflow_env/lib/python3.11/site-packages/airflow/example_dags/example_short_circuit_operator.py for tasks to queue
[2026-02-24T06:06:37.732+0530] {logging_mixin.py:188} INFO - [2026-02-24T06:06:37.732+0530] {dagbag.py:540} INFO - Filling up the DagBag from /Users/aswin/Documents/data-engineering-practice/ETL_Airflow_DBT/airflow/airflow_env/lib/python3.11/site-packages/airflow/example_dags/example_short_circuit_operator.py
[2026-02-24T06:06:37.742+0530] {processor.py:840} INFO - DAG(s) 'example_short_circuit_operator' retrieved from /Users/aswin/Documents/data-engineering-practice/ETL_Airflow_DBT/airflow/airflow_env/lib/python3.11/site-packages/airflow/example_dags/example_short_circuit_operator.py
[2026-02-24T06:06:37.771+0530] {logging_mixin.py:188} INFO - [2026-02-24T06:06:37.771+0530] {dag.py:3096} INFO - Sync 1 DAGs
[2026-02-24T06:06:37.776+0530] {logging_mixin.py:188} INFO - [2026-02-24T06:06:37.776+0530] {dag.py:3954} INFO - Setting next_dagrun for example_short_circuit_operator to 2026-02-23 00:00:00+00:00, run_after=2026-02-24 00:00:00+00:00
[2026-02-24T06:06:37.782+0530] {processor.py:183} INFO - Processing /Users/aswin/Documents/data-engineering-practice/ETL_Airflow_DBT/airflow/airflow_env/lib/python3.11/site-packages/airflow/example_dags/example_short_circuit_operator.py took 0.052 seconds
[2026-02-24T06:08:10.315+0530] {processor.py:161} INFO - Started process (PID=49512) to work on /Users/aswin/Documents/data-engineering-practice/ETL_Airflow_DBT/airflow/airflow_env/lib/python3.11/site-packages/airflow/example_dags/example_short_circuit_operator.py
[2026-02-24T06:08:10.316+0530] {processor.py:830} INFO - Processing file /Users/aswin/Documents/data-engineering-practice/ETL_Airflow_DBT/airflow/airflow_env/lib/python3.11/site-packages/airflow/example_dags/example_short_circuit_operator.py for tasks to queue
[2026-02-24T06:08:10.316+0530] {logging_mixin.py:188} INFO - [2026-02-24T06:08:10.316+0530] {dagbag.py:540} INFO - Filling up the DagBag from /Users/aswin/Documents/data-engineering-practice/ETL_Airflow_DBT/airflow/airflow_env/lib/python3.11/site-packages/airflow/example_dags/example_short_circuit_operator.py
[2026-02-24T06:08:10.326+0530] {processor.py:840} INFO - DAG(s) 'example_short_circuit_operator' retrieved from /Users/aswin/Documents/data-engineering-practice/ETL_Airflow_DBT/airflow/airflow_env/lib/python3.11/site-packages/airflow/example_dags/example_short_circuit_operator.py
[2026-02-24T06:08:10.355+0530] {logging_mixin.py:188} INFO - [2026-02-24T06:08:10.355+0530] {dag.py:3096} INFO - Sync 1 DAGs
[2026-02-24T06:08:10.361+0530] {logging_mixin.py:188} INFO - [2026-02-24T06:08:10.360+0530] {dag.py:3954} INFO - Setting next_dagrun for example_short_circuit_operator to 2026-02-23 00:00:00+00:00, run_after=2026-02-24 00:00:00+00:00
[2026-02-24T06:08:10.366+0530] {processor.py:183} INFO - Processing /Users/aswin/Documents/data-engineering-practice/ETL_Airflow_DBT/airflow/airflow_env/lib/python3.11/site-packages/airflow/example_dags/example_short_circuit_operator.py took 0.052 seconds
[2026-02-24T06:09:42.930+0530] {processor.py:161} INFO - Started process (PID=49584) to work on /Users/aswin/Documents/data-engineering-practice/ETL_Airflow_DBT/airflow/airflow_env/lib/python3.11/site-packages/airflow/example_dags/example_short_circuit_operator.py
[2026-02-24T06:09:42.931+0530] {processor.py:830} INFO - Processing file /Users/aswin/Documents/data-engineering-practice/ETL_Airflow_DBT/airflow/airflow_env/lib/python3.11/site-packages/airflow/example_dags/example_short_circuit_operator.py for tasks to queue
[2026-02-24T06:09:42.932+0530] {logging_mixin.py:188} INFO - [2026-02-24T06:09:42.932+0530] {dagbag.py:540} INFO - Filling up the DagBag from /Users/aswin/Documents/data-engineering-practice/ETL_Airflow_DBT/airflow/airflow_env/lib/python3.11/site-packages/airflow/example_dags/example_short_circuit_operator.py
[2026-02-24T06:09:42.942+0530] {processor.py:840} INFO - DAG(s) 'example_short_circuit_operator' retrieved from /Users/aswin/Documents/data-engineering-practice/ETL_Airflow_DBT/airflow/airflow_env/lib/python3.11/site-packages/airflow/example_dags/example_short_circuit_operator.py
[2026-02-24T06:09:42.971+0530] {logging_mixin.py:188} INFO - [2026-02-24T06:09:42.971+0530] {dag.py:3096} INFO - Sync 1 DAGs
[2026-02-24T06:09:42.976+0530] {logging_mixin.py:188} INFO - [2026-02-24T06:09:42.976+0530] {dag.py:3954} INFO - Setting next_dagrun for example_short_circuit_operator to 2026-02-23 00:00:00+00:00, run_after=2026-02-24 00:00:00+00:00
[2026-02-24T06:09:42.982+0530] {processor.py:183} INFO - Processing /Users/aswin/Documents/data-engineering-practice/ETL_Airflow_DBT/airflow/airflow_env/lib/python3.11/site-packages/airflow/example_dags/example_short_circuit_operator.py took 0.052 seconds
[2026-02-24T06:11:05.234+0530] {processor.py:161} INFO - Started process (PID=49673) to work on /Users/aswin/Documents/data-engineering-practice/ETL_Airflow_DBT/airflow/airflow_env/lib/python3.11/site-packages/airflow/example_dags/example_short_circuit_operator.py
[2026-02-24T06:11:05.235+0530] {processor.py:830} INFO - Processing file /Users/aswin/Documents/data-engineering-practice/ETL_Airflow_DBT/airflow/airflow_env/lib/python3.11/site-packages/airflow/example_dags/example_short_circuit_operator.py for tasks to queue
[2026-02-24T06:11:05.235+0530] {logging_mixin.py:188} INFO - [2026-02-24T06:11:05.235+0530] {dagbag.py:540} INFO - Filling up the DagBag from /Users/aswin/Documents/data-engineering-practice/ETL_Airflow_DBT/airflow/airflow_env/lib/python3.11/site-packages/airflow/example_dags/example_short_circuit_operator.py
[2026-02-24T06:11:05.246+0530] {processor.py:840} INFO - DAG(s) 'example_short_circuit_operator' retrieved from /Users/aswin/Documents/data-engineering-practice/ETL_Airflow_DBT/airflow/airflow_env/lib/python3.11/site-packages/airflow/example_dags/example_short_circuit_operator.py
[2026-02-24T06:11:05.276+0530] {logging_mixin.py:188} INFO - [2026-02-24T06:11:05.276+0530] {dag.py:3096} INFO - Sync 1 DAGs
[2026-02-24T06:11:05.282+0530] {logging_mixin.py:188} INFO - [2026-02-24T06:11:05.282+0530] {dag.py:3954} INFO - Setting next_dagrun for example_short_circuit_operator to 2026-02-23 00:00:00+00:00, run_after=2026-02-24 00:00:00+00:00
[2026-02-24T06:11:05.288+0530] {processor.py:183} INFO - Processing /Users/aswin/Documents/data-engineering-practice/ETL_Airflow_DBT/airflow/airflow_env/lib/python3.11/site-packages/airflow/example_dags/example_short_circuit_operator.py took 0.055 seconds
[2026-02-24T06:12:36.705+0530] {processor.py:161} INFO - Started process (PID=49744) to work on /Users/aswin/Documents/data-engineering-practice/ETL_Airflow_DBT/airflow/airflow_env/lib/python3.11/site-packages/airflow/example_dags/example_short_circuit_operator.py
[2026-02-24T06:12:36.706+0530] {processor.py:830} INFO - Processing file /Users/aswin/Documents/data-engineering-practice/ETL_Airflow_DBT/airflow/airflow_env/lib/python3.11/site-packages/airflow/example_dags/example_short_circuit_operator.py for tasks to queue
[2026-02-24T06:12:36.706+0530] {logging_mixin.py:188} INFO - [2026-02-24T06:12:36.706+0530] {dagbag.py:540} INFO - Filling up the DagBag from /Users/aswin/Documents/data-engineering-practice/ETL_Airflow_DBT/airflow/airflow_env/lib/python3.11/site-packages/airflow/example_dags/example_short_circuit_operator.py
[2026-02-24T06:12:36.717+0530] {processor.py:840} INFO - DAG(s) 'example_short_circuit_operator' retrieved from /Users/aswin/Documents/data-engineering-practice/ETL_Airflow_DBT/airflow/airflow_env/lib/python3.11/site-packages/airflow/example_dags/example_short_circuit_operator.py
[2026-02-24T06:12:36.746+0530] {logging_mixin.py:188} INFO - [2026-02-24T06:12:36.746+0530] {dag.py:3096} INFO - Sync 1 DAGs
[2026-02-24T06:12:36.751+0530] {logging_mixin.py:188} INFO - [2026-02-24T06:12:36.751+0530] {dag.py:3954} INFO - Setting next_dagrun for example_short_circuit_operator to 2026-02-23 00:00:00+00:00, run_after=2026-02-24 00:00:00+00:00
[2026-02-24T06:12:36.757+0530] {processor.py:183} INFO - Processing /Users/aswin/Documents/data-engineering-practice/ETL_Airflow_DBT/airflow/airflow_env/lib/python3.11/site-packages/airflow/example_dags/example_short_circuit_operator.py took 0.052 seconds
[2026-02-24T06:14:18.229+0530] {processor.py:161} INFO - Started process (PID=49819) to work on /Users/aswin/Documents/data-engineering-practice/ETL_Airflow_DBT/airflow/airflow_env/lib/python3.11/site-packages/airflow/example_dags/example_short_circuit_operator.py
[2026-02-24T06:14:18.230+0530] {processor.py:830} INFO - Processing file /Users/aswin/Documents/data-engineering-practice/ETL_Airflow_DBT/airflow/airflow_env/lib/python3.11/site-packages/airflow/example_dags/example_short_circuit_operator.py for tasks to queue
[2026-02-24T06:14:18.231+0530] {logging_mixin.py:188} INFO - [2026-02-24T06:14:18.231+0530] {dagbag.py:540} INFO - Filling up the DagBag from /Users/aswin/Documents/data-engineering-practice/ETL_Airflow_DBT/airflow/airflow_env/lib/python3.11/site-packages/airflow/example_dags/example_short_circuit_operator.py
[2026-02-24T06:14:18.241+0530] {processor.py:840} INFO - DAG(s) 'example_short_circuit_operator' retrieved from /Users/aswin/Documents/data-engineering-practice/ETL_Airflow_DBT/airflow/airflow_env/lib/python3.11/site-packages/airflow/example_dags/example_short_circuit_operator.py
[2026-02-24T06:14:18.272+0530] {logging_mixin.py:188} INFO - [2026-02-24T06:14:18.272+0530] {dag.py:3096} INFO - Sync 1 DAGs
[2026-02-24T06:14:18.278+0530] {logging_mixin.py:188} INFO - [2026-02-24T06:14:18.278+0530] {dag.py:3954} INFO - Setting next_dagrun for example_short_circuit_operator to 2026-02-23 00:00:00+00:00, run_after=2026-02-24 00:00:00+00:00
[2026-02-24T06:14:18.284+0530] {processor.py:183} INFO - Processing /Users/aswin/Documents/data-engineering-practice/ETL_Airflow_DBT/airflow/airflow_env/lib/python3.11/site-packages/airflow/example_dags/example_short_circuit_operator.py took 0.055 seconds
[2026-02-24T06:15:51.562+0530] {processor.py:161} INFO - Started process (PID=49891) to work on /Users/aswin/Documents/data-engineering-practice/ETL_Airflow_DBT/airflow/airflow_env/lib/python3.11/site-packages/airflow/example_dags/example_short_circuit_operator.py
[2026-02-24T06:15:51.563+0530] {processor.py:830} INFO - Processing file /Users/aswin/Documents/data-engineering-practice/ETL_Airflow_DBT/airflow/airflow_env/lib/python3.11/site-packages/airflow/example_dags/example_short_circuit_operator.py for tasks to queue
[2026-02-24T06:15:51.563+0530] {logging_mixin.py:188} INFO - [2026-02-24T06:15:51.563+0530] {dagbag.py:540} INFO - Filling up the DagBag from /Users/aswin/Documents/data-engineering-practice/ETL_Airflow_DBT/airflow/airflow_env/lib/python3.11/site-packages/airflow/example_dags/example_short_circuit_operator.py
[2026-02-24T06:15:51.573+0530] {processor.py:840} INFO - DAG(s) 'example_short_circuit_operator' retrieved from /Users/aswin/Documents/data-engineering-practice/ETL_Airflow_DBT/airflow/airflow_env/lib/python3.11/site-packages/airflow/example_dags/example_short_circuit_operator.py
[2026-02-24T06:15:51.602+0530] {logging_mixin.py:188} INFO - [2026-02-24T06:15:51.602+0530] {dag.py:3096} INFO - Sync 1 DAGs
[2026-02-24T06:15:51.608+0530] {logging_mixin.py:188} INFO - [2026-02-24T06:15:51.608+0530] {dag.py:3954} INFO - Setting next_dagrun for example_short_circuit_operator to 2026-02-23 00:00:00+00:00, run_after=2026-02-24 00:00:00+00:00
[2026-02-24T06:15:51.613+0530] {processor.py:183} INFO - Processing /Users/aswin/Documents/data-engineering-practice/ETL_Airflow_DBT/airflow/airflow_env/lib/python3.11/site-packages/airflow/example_dags/example_short_circuit_operator.py took 0.052 seconds
[2026-02-24T06:17:24.674+0530] {processor.py:161} INFO - Started process (PID=49996) to work on /Users/aswin/Documents/data-engineering-practice/ETL_Airflow_DBT/airflow/airflow_env/lib/python3.11/site-packages/airflow/example_dags/example_short_circuit_operator.py
[2026-02-24T06:17:24.675+0530] {processor.py:830} INFO - Processing file /Users/aswin/Documents/data-engineering-practice/ETL_Airflow_DBT/airflow/airflow_env/lib/python3.11/site-packages/airflow/example_dags/example_short_circuit_operator.py for tasks to queue
[2026-02-24T06:17:24.676+0530] {logging_mixin.py:188} INFO - [2026-02-24T06:17:24.676+0530] {dagbag.py:540} INFO - Filling up the DagBag from /Users/aswin/Documents/data-engineering-practice/ETL_Airflow_DBT/airflow/airflow_env/lib/python3.11/site-packages/airflow/example_dags/example_short_circuit_operator.py
[2026-02-24T06:17:24.687+0530] {processor.py:840} INFO - DAG(s) 'example_short_circuit_operator' retrieved from /Users/aswin/Documents/data-engineering-practice/ETL_Airflow_DBT/airflow/airflow_env/lib/python3.11/site-packages/airflow/example_dags/example_short_circuit_operator.py
[2026-02-24T06:17:24.716+0530] {logging_mixin.py:188} INFO - [2026-02-24T06:17:24.716+0530] {dag.py:3096} INFO - Sync 1 DAGs
[2026-02-24T06:17:24.722+0530] {logging_mixin.py:188} INFO - [2026-02-24T06:17:24.722+0530] {dag.py:3954} INFO - Setting next_dagrun for example_short_circuit_operator to 2026-02-23 00:00:00+00:00, run_after=2026-02-24 00:00:00+00:00
[2026-02-24T06:17:24.727+0530] {processor.py:183} INFO - Processing /Users/aswin/Documents/data-engineering-practice/ETL_Airflow_DBT/airflow/airflow_env/lib/python3.11/site-packages/airflow/example_dags/example_short_circuit_operator.py took 0.054 seconds
