[2026-02-24T05:30:23.509+0530] {processor.py:161} INFO - Started process (PID=47087) to work on /Users/aswin/Documents/data-engineering-practice/ETL_Airflow_DBT/airflow/airflow_env/lib/python3.11/site-packages/airflow/example_dags/example_trigger_target_dag.py
[2026-02-24T05:30:23.509+0530] {processor.py:830} INFO - Processing file /Users/aswin/Documents/data-engineering-practice/ETL_Airflow_DBT/airflow/airflow_env/lib/python3.11/site-packages/airflow/example_dags/example_trigger_target_dag.py for tasks to queue
[2026-02-24T05:30:23.510+0530] {logging_mixin.py:188} INFO - [2026-02-24T05:30:23.510+0530] {dagbag.py:540} INFO - Filling up the DagBag from /Users/aswin/Documents/data-engineering-practice/ETL_Airflow_DBT/airflow/airflow_env/lib/python3.11/site-packages/airflow/example_dags/example_trigger_target_dag.py
[2026-02-24T05:30:23.523+0530] {processor.py:840} INFO - DAG(s) 'example_trigger_target_dag' retrieved from /Users/aswin/Documents/data-engineering-practice/ETL_Airflow_DBT/airflow/airflow_env/lib/python3.11/site-packages/airflow/example_dags/example_trigger_target_dag.py
[2026-02-24T05:30:23.551+0530] {logging_mixin.py:188} INFO - [2026-02-24T05:30:23.551+0530] {dag.py:3096} INFO - Sync 1 DAGs
[2026-02-24T05:30:23.554+0530] {logging_mixin.py:188} INFO - [2026-02-24T05:30:23.554+0530] {dag.py:3954} INFO - Setting next_dagrun for example_trigger_target_dag to None, run_after=None
[2026-02-24T05:30:23.560+0530] {processor.py:183} INFO - Processing /Users/aswin/Documents/data-engineering-practice/ETL_Airflow_DBT/airflow/airflow_env/lib/python3.11/site-packages/airflow/example_dags/example_trigger_target_dag.py took 0.051 seconds
[2026-02-24T05:31:50.459+0530] {processor.py:161} INFO - Started process (PID=47169) to work on /Users/aswin/Documents/data-engineering-practice/ETL_Airflow_DBT/airflow/airflow_env/lib/python3.11/site-packages/airflow/example_dags/example_trigger_target_dag.py
[2026-02-24T05:31:50.459+0530] {processor.py:830} INFO - Processing file /Users/aswin/Documents/data-engineering-practice/ETL_Airflow_DBT/airflow/airflow_env/lib/python3.11/site-packages/airflow/example_dags/example_trigger_target_dag.py for tasks to queue
[2026-02-24T05:31:50.459+0530] {logging_mixin.py:188} INFO - [2026-02-24T05:31:50.459+0530] {dagbag.py:540} INFO - Filling up the DagBag from /Users/aswin/Documents/data-engineering-practice/ETL_Airflow_DBT/airflow/airflow_env/lib/python3.11/site-packages/airflow/example_dags/example_trigger_target_dag.py
[2026-02-24T05:31:50.473+0530] {processor.py:840} INFO - DAG(s) 'example_trigger_target_dag' retrieved from /Users/aswin/Documents/data-engineering-practice/ETL_Airflow_DBT/airflow/airflow_env/lib/python3.11/site-packages/airflow/example_dags/example_trigger_target_dag.py
[2026-02-24T05:31:50.502+0530] {logging_mixin.py:188} INFO - [2026-02-24T05:31:50.502+0530] {dag.py:3096} INFO - Sync 1 DAGs
[2026-02-24T05:31:50.505+0530] {logging_mixin.py:188} INFO - [2026-02-24T05:31:50.505+0530] {dag.py:3954} INFO - Setting next_dagrun for example_trigger_target_dag to None, run_after=None
[2026-02-24T05:31:50.510+0530] {processor.py:183} INFO - Processing /Users/aswin/Documents/data-engineering-practice/ETL_Airflow_DBT/airflow/airflow_env/lib/python3.11/site-packages/airflow/example_dags/example_trigger_target_dag.py took 0.053 seconds
[2026-02-24T05:33:25.155+0530] {processor.py:161} INFO - Started process (PID=47282) to work on /Users/aswin/Documents/data-engineering-practice/ETL_Airflow_DBT/airflow/airflow_env/lib/python3.11/site-packages/airflow/example_dags/example_trigger_target_dag.py
[2026-02-24T05:33:25.156+0530] {processor.py:830} INFO - Processing file /Users/aswin/Documents/data-engineering-practice/ETL_Airflow_DBT/airflow/airflow_env/lib/python3.11/site-packages/airflow/example_dags/example_trigger_target_dag.py for tasks to queue
[2026-02-24T05:33:25.156+0530] {logging_mixin.py:188} INFO - [2026-02-24T05:33:25.156+0530] {dagbag.py:540} INFO - Filling up the DagBag from /Users/aswin/Documents/data-engineering-practice/ETL_Airflow_DBT/airflow/airflow_env/lib/python3.11/site-packages/airflow/example_dags/example_trigger_target_dag.py
[2026-02-24T05:33:25.170+0530] {processor.py:840} INFO - DAG(s) 'example_trigger_target_dag' retrieved from /Users/aswin/Documents/data-engineering-practice/ETL_Airflow_DBT/airflow/airflow_env/lib/python3.11/site-packages/airflow/example_dags/example_trigger_target_dag.py
[2026-02-24T05:33:25.198+0530] {logging_mixin.py:188} INFO - [2026-02-24T05:33:25.198+0530] {dag.py:3096} INFO - Sync 1 DAGs
[2026-02-24T05:33:25.201+0530] {logging_mixin.py:188} INFO - [2026-02-24T05:33:25.201+0530] {dag.py:3954} INFO - Setting next_dagrun for example_trigger_target_dag to None, run_after=None
[2026-02-24T05:33:25.206+0530] {processor.py:183} INFO - Processing /Users/aswin/Documents/data-engineering-practice/ETL_Airflow_DBT/airflow/airflow_env/lib/python3.11/site-packages/airflow/example_dags/example_trigger_target_dag.py took 0.052 seconds
[2026-02-24T05:35:01.946+0530] {processor.py:161} INFO - Started process (PID=47395) to work on /Users/aswin/Documents/data-engineering-practice/ETL_Airflow_DBT/airflow/airflow_env/lib/python3.11/site-packages/airflow/example_dags/example_trigger_target_dag.py
[2026-02-24T05:35:01.947+0530] {processor.py:830} INFO - Processing file /Users/aswin/Documents/data-engineering-practice/ETL_Airflow_DBT/airflow/airflow_env/lib/python3.11/site-packages/airflow/example_dags/example_trigger_target_dag.py for tasks to queue
[2026-02-24T05:35:01.947+0530] {logging_mixin.py:188} INFO - [2026-02-24T05:35:01.947+0530] {dagbag.py:540} INFO - Filling up the DagBag from /Users/aswin/Documents/data-engineering-practice/ETL_Airflow_DBT/airflow/airflow_env/lib/python3.11/site-packages/airflow/example_dags/example_trigger_target_dag.py
[2026-02-24T05:35:01.960+0530] {processor.py:840} INFO - DAG(s) 'example_trigger_target_dag' retrieved from /Users/aswin/Documents/data-engineering-practice/ETL_Airflow_DBT/airflow/airflow_env/lib/python3.11/site-packages/airflow/example_dags/example_trigger_target_dag.py
[2026-02-24T05:35:01.988+0530] {logging_mixin.py:188} INFO - [2026-02-24T05:35:01.988+0530] {dag.py:3096} INFO - Sync 1 DAGs
[2026-02-24T05:35:01.991+0530] {logging_mixin.py:188} INFO - [2026-02-24T05:35:01.991+0530] {dag.py:3954} INFO - Setting next_dagrun for example_trigger_target_dag to None, run_after=None
[2026-02-24T05:35:01.996+0530] {processor.py:183} INFO - Processing /Users/aswin/Documents/data-engineering-practice/ETL_Airflow_DBT/airflow/airflow_env/lib/python3.11/site-packages/airflow/example_dags/example_trigger_target_dag.py took 0.051 seconds
[2026-02-24T05:36:36.289+0530] {processor.py:161} INFO - Started process (PID=47516) to work on /Users/aswin/Documents/data-engineering-practice/ETL_Airflow_DBT/airflow/airflow_env/lib/python3.11/site-packages/airflow/example_dags/example_trigger_target_dag.py
[2026-02-24T05:36:36.290+0530] {processor.py:830} INFO - Processing file /Users/aswin/Documents/data-engineering-practice/ETL_Airflow_DBT/airflow/airflow_env/lib/python3.11/site-packages/airflow/example_dags/example_trigger_target_dag.py for tasks to queue
[2026-02-24T05:36:36.290+0530] {logging_mixin.py:188} INFO - [2026-02-24T05:36:36.290+0530] {dagbag.py:540} INFO - Filling up the DagBag from /Users/aswin/Documents/data-engineering-practice/ETL_Airflow_DBT/airflow/airflow_env/lib/python3.11/site-packages/airflow/example_dags/example_trigger_target_dag.py
[2026-02-24T05:36:36.304+0530] {processor.py:840} INFO - DAG(s) 'example_trigger_target_dag' retrieved from /Users/aswin/Documents/data-engineering-practice/ETL_Airflow_DBT/airflow/airflow_env/lib/python3.11/site-packages/airflow/example_dags/example_trigger_target_dag.py
[2026-02-24T05:36:36.337+0530] {logging_mixin.py:188} INFO - [2026-02-24T05:36:36.337+0530] {dag.py:3096} INFO - Sync 1 DAGs
[2026-02-24T05:36:36.340+0530] {logging_mixin.py:188} INFO - [2026-02-24T05:36:36.340+0530] {dag.py:3954} INFO - Setting next_dagrun for example_trigger_target_dag to None, run_after=None
[2026-02-24T05:36:36.347+0530] {processor.py:183} INFO - Processing /Users/aswin/Documents/data-engineering-practice/ETL_Airflow_DBT/airflow/airflow_env/lib/python3.11/site-packages/airflow/example_dags/example_trigger_target_dag.py took 0.059 seconds
[2026-02-24T05:37:31.455+0530] {processor.py:161} INFO - Started process (PID=47559) to work on /Users/aswin/Documents/data-engineering-practice/ETL_Airflow_DBT/airflow/airflow_env/lib/python3.11/site-packages/airflow/example_dags/example_trigger_target_dag.py
[2026-02-24T05:37:31.456+0530] {processor.py:830} INFO - Processing file /Users/aswin/Documents/data-engineering-practice/ETL_Airflow_DBT/airflow/airflow_env/lib/python3.11/site-packages/airflow/example_dags/example_trigger_target_dag.py for tasks to queue
[2026-02-24T05:37:31.457+0530] {logging_mixin.py:188} INFO - [2026-02-24T05:37:31.456+0530] {dagbag.py:540} INFO - Filling up the DagBag from /Users/aswin/Documents/data-engineering-practice/ETL_Airflow_DBT/airflow/airflow_env/lib/python3.11/site-packages/airflow/example_dags/example_trigger_target_dag.py
[2026-02-24T05:37:31.471+0530] {processor.py:840} INFO - DAG(s) 'example_trigger_target_dag' retrieved from /Users/aswin/Documents/data-engineering-practice/ETL_Airflow_DBT/airflow/airflow_env/lib/python3.11/site-packages/airflow/example_dags/example_trigger_target_dag.py
[2026-02-24T05:37:31.502+0530] {logging_mixin.py:188} INFO - [2026-02-24T05:37:31.502+0530] {dag.py:3096} INFO - Sync 1 DAGs
[2026-02-24T05:37:31.505+0530] {logging_mixin.py:188} INFO - [2026-02-24T05:37:31.505+0530] {dag.py:3954} INFO - Setting next_dagrun for example_trigger_target_dag to None, run_after=None
[2026-02-24T05:37:31.511+0530] {processor.py:183} INFO - Processing /Users/aswin/Documents/data-engineering-practice/ETL_Airflow_DBT/airflow/airflow_env/lib/python3.11/site-packages/airflow/example_dags/example_trigger_target_dag.py took 0.057 seconds
[2026-02-24T05:38:22.628+0530] {processor.py:161} INFO - Started process (PID=47604) to work on /Users/aswin/Documents/data-engineering-practice/ETL_Airflow_DBT/airflow/airflow_env/lib/python3.11/site-packages/airflow/example_dags/example_trigger_target_dag.py
[2026-02-24T05:38:22.629+0530] {processor.py:830} INFO - Processing file /Users/aswin/Documents/data-engineering-practice/ETL_Airflow_DBT/airflow/airflow_env/lib/python3.11/site-packages/airflow/example_dags/example_trigger_target_dag.py for tasks to queue
[2026-02-24T05:38:22.629+0530] {logging_mixin.py:188} INFO - [2026-02-24T05:38:22.629+0530] {dagbag.py:540} INFO - Filling up the DagBag from /Users/aswin/Documents/data-engineering-practice/ETL_Airflow_DBT/airflow/airflow_env/lib/python3.11/site-packages/airflow/example_dags/example_trigger_target_dag.py
[2026-02-24T05:38:22.642+0530] {processor.py:840} INFO - DAG(s) 'example_trigger_target_dag' retrieved from /Users/aswin/Documents/data-engineering-practice/ETL_Airflow_DBT/airflow/airflow_env/lib/python3.11/site-packages/airflow/example_dags/example_trigger_target_dag.py
[2026-02-24T05:38:22.670+0530] {logging_mixin.py:188} INFO - [2026-02-24T05:38:22.670+0530] {dag.py:3096} INFO - Sync 1 DAGs
[2026-02-24T05:38:22.673+0530] {logging_mixin.py:188} INFO - [2026-02-24T05:38:22.673+0530] {dag.py:3954} INFO - Setting next_dagrun for example_trigger_target_dag to None, run_after=None
[2026-02-24T05:38:22.678+0530] {processor.py:183} INFO - Processing /Users/aswin/Documents/data-engineering-practice/ETL_Airflow_DBT/airflow/airflow_env/lib/python3.11/site-packages/airflow/example_dags/example_trigger_target_dag.py took 0.051 seconds
[2026-02-24T05:39:51.890+0530] {processor.py:161} INFO - Started process (PID=47682) to work on /Users/aswin/Documents/data-engineering-practice/ETL_Airflow_DBT/airflow/airflow_env/lib/python3.11/site-packages/airflow/example_dags/example_trigger_target_dag.py
[2026-02-24T05:39:51.891+0530] {processor.py:830} INFO - Processing file /Users/aswin/Documents/data-engineering-practice/ETL_Airflow_DBT/airflow/airflow_env/lib/python3.11/site-packages/airflow/example_dags/example_trigger_target_dag.py for tasks to queue
[2026-02-24T05:39:51.891+0530] {logging_mixin.py:188} INFO - [2026-02-24T05:39:51.891+0530] {dagbag.py:540} INFO - Filling up the DagBag from /Users/aswin/Documents/data-engineering-practice/ETL_Airflow_DBT/airflow/airflow_env/lib/python3.11/site-packages/airflow/example_dags/example_trigger_target_dag.py
[2026-02-24T05:39:51.904+0530] {processor.py:840} INFO - DAG(s) 'example_trigger_target_dag' retrieved from /Users/aswin/Documents/data-engineering-practice/ETL_Airflow_DBT/airflow/airflow_env/lib/python3.11/site-packages/airflow/example_dags/example_trigger_target_dag.py
[2026-02-24T05:39:51.932+0530] {logging_mixin.py:188} INFO - [2026-02-24T05:39:51.932+0530] {dag.py:3096} INFO - Sync 1 DAGs
[2026-02-24T05:39:51.935+0530] {logging_mixin.py:188} INFO - [2026-02-24T05:39:51.935+0530] {dag.py:3954} INFO - Setting next_dagrun for example_trigger_target_dag to None, run_after=None
[2026-02-24T05:39:51.940+0530] {processor.py:183} INFO - Processing /Users/aswin/Documents/data-engineering-practice/ETL_Airflow_DBT/airflow/airflow_env/lib/python3.11/site-packages/airflow/example_dags/example_trigger_target_dag.py took 0.051 seconds
[2026-02-24T05:40:44.440+0530] {processor.py:161} INFO - Started process (PID=47740) to work on /Users/aswin/Documents/data-engineering-practice/ETL_Airflow_DBT/airflow/airflow_env/lib/python3.11/site-packages/airflow/example_dags/example_trigger_target_dag.py
[2026-02-24T05:40:44.441+0530] {processor.py:830} INFO - Processing file /Users/aswin/Documents/data-engineering-practice/ETL_Airflow_DBT/airflow/airflow_env/lib/python3.11/site-packages/airflow/example_dags/example_trigger_target_dag.py for tasks to queue
[2026-02-24T05:40:44.441+0530] {logging_mixin.py:188} INFO - [2026-02-24T05:40:44.441+0530] {dagbag.py:540} INFO - Filling up the DagBag from /Users/aswin/Documents/data-engineering-practice/ETL_Airflow_DBT/airflow/airflow_env/lib/python3.11/site-packages/airflow/example_dags/example_trigger_target_dag.py
[2026-02-24T05:40:44.454+0530] {processor.py:840} INFO - DAG(s) 'example_trigger_target_dag' retrieved from /Users/aswin/Documents/data-engineering-practice/ETL_Airflow_DBT/airflow/airflow_env/lib/python3.11/site-packages/airflow/example_dags/example_trigger_target_dag.py
[2026-02-24T05:40:44.483+0530] {logging_mixin.py:188} INFO - [2026-02-24T05:40:44.483+0530] {dag.py:3096} INFO - Sync 1 DAGs
[2026-02-24T05:40:44.486+0530] {logging_mixin.py:188} INFO - [2026-02-24T05:40:44.486+0530] {dag.py:3954} INFO - Setting next_dagrun for example_trigger_target_dag to None, run_after=None
[2026-02-24T05:40:44.492+0530] {processor.py:183} INFO - Processing /Users/aswin/Documents/data-engineering-practice/ETL_Airflow_DBT/airflow/airflow_env/lib/python3.11/site-packages/airflow/example_dags/example_trigger_target_dag.py took 0.053 seconds
[2026-02-24T05:41:35.360+0530] {processor.py:161} INFO - Started process (PID=47781) to work on /Users/aswin/Documents/data-engineering-practice/ETL_Airflow_DBT/airflow/airflow_env/lib/python3.11/site-packages/airflow/example_dags/example_trigger_target_dag.py
[2026-02-24T05:41:35.361+0530] {processor.py:830} INFO - Processing file /Users/aswin/Documents/data-engineering-practice/ETL_Airflow_DBT/airflow/airflow_env/lib/python3.11/site-packages/airflow/example_dags/example_trigger_target_dag.py for tasks to queue
[2026-02-24T05:41:35.361+0530] {logging_mixin.py:188} INFO - [2026-02-24T05:41:35.361+0530] {dagbag.py:540} INFO - Filling up the DagBag from /Users/aswin/Documents/data-engineering-practice/ETL_Airflow_DBT/airflow/airflow_env/lib/python3.11/site-packages/airflow/example_dags/example_trigger_target_dag.py
[2026-02-24T05:41:35.374+0530] {processor.py:840} INFO - DAG(s) 'example_trigger_target_dag' retrieved from /Users/aswin/Documents/data-engineering-practice/ETL_Airflow_DBT/airflow/airflow_env/lib/python3.11/site-packages/airflow/example_dags/example_trigger_target_dag.py
[2026-02-24T05:41:35.402+0530] {logging_mixin.py:188} INFO - [2026-02-24T05:41:35.402+0530] {dag.py:3096} INFO - Sync 1 DAGs
[2026-02-24T05:41:35.405+0530] {logging_mixin.py:188} INFO - [2026-02-24T05:41:35.405+0530] {dag.py:3954} INFO - Setting next_dagrun for example_trigger_target_dag to None, run_after=None
[2026-02-24T05:41:35.411+0530] {processor.py:183} INFO - Processing /Users/aswin/Documents/data-engineering-practice/ETL_Airflow_DBT/airflow/airflow_env/lib/python3.11/site-packages/airflow/example_dags/example_trigger_target_dag.py took 0.051 seconds
[2026-02-24T05:43:03.700+0530] {processor.py:161} INFO - Started process (PID=47847) to work on /Users/aswin/Documents/data-engineering-practice/ETL_Airflow_DBT/airflow/airflow_env/lib/python3.11/site-packages/airflow/example_dags/example_trigger_target_dag.py
[2026-02-24T05:43:03.701+0530] {processor.py:830} INFO - Processing file /Users/aswin/Documents/data-engineering-practice/ETL_Airflow_DBT/airflow/airflow_env/lib/python3.11/site-packages/airflow/example_dags/example_trigger_target_dag.py for tasks to queue
[2026-02-24T05:43:03.701+0530] {logging_mixin.py:188} INFO - [2026-02-24T05:43:03.701+0530] {dagbag.py:540} INFO - Filling up the DagBag from /Users/aswin/Documents/data-engineering-practice/ETL_Airflow_DBT/airflow/airflow_env/lib/python3.11/site-packages/airflow/example_dags/example_trigger_target_dag.py
[2026-02-24T05:43:03.714+0530] {processor.py:840} INFO - DAG(s) 'example_trigger_target_dag' retrieved from /Users/aswin/Documents/data-engineering-practice/ETL_Airflow_DBT/airflow/airflow_env/lib/python3.11/site-packages/airflow/example_dags/example_trigger_target_dag.py
[2026-02-24T05:43:03.743+0530] {logging_mixin.py:188} INFO - [2026-02-24T05:43:03.743+0530] {dag.py:3096} INFO - Sync 1 DAGs
[2026-02-24T05:43:03.745+0530] {logging_mixin.py:188} INFO - [2026-02-24T05:43:03.745+0530] {dag.py:3954} INFO - Setting next_dagrun for example_trigger_target_dag to None, run_after=None
[2026-02-24T05:43:03.751+0530] {processor.py:183} INFO - Processing /Users/aswin/Documents/data-engineering-practice/ETL_Airflow_DBT/airflow/airflow_env/lib/python3.11/site-packages/airflow/example_dags/example_trigger_target_dag.py took 0.052 seconds
[2026-02-24T05:44:39.684+0530] {processor.py:161} INFO - Started process (PID=47937) to work on /Users/aswin/Documents/data-engineering-practice/ETL_Airflow_DBT/airflow/airflow_env/lib/python3.11/site-packages/airflow/example_dags/example_trigger_target_dag.py
[2026-02-24T05:44:39.685+0530] {processor.py:830} INFO - Processing file /Users/aswin/Documents/data-engineering-practice/ETL_Airflow_DBT/airflow/airflow_env/lib/python3.11/site-packages/airflow/example_dags/example_trigger_target_dag.py for tasks to queue
[2026-02-24T05:44:39.685+0530] {logging_mixin.py:188} INFO - [2026-02-24T05:44:39.685+0530] {dagbag.py:540} INFO - Filling up the DagBag from /Users/aswin/Documents/data-engineering-practice/ETL_Airflow_DBT/airflow/airflow_env/lib/python3.11/site-packages/airflow/example_dags/example_trigger_target_dag.py
[2026-02-24T05:44:39.698+0530] {processor.py:840} INFO - DAG(s) 'example_trigger_target_dag' retrieved from /Users/aswin/Documents/data-engineering-practice/ETL_Airflow_DBT/airflow/airflow_env/lib/python3.11/site-packages/airflow/example_dags/example_trigger_target_dag.py
[2026-02-24T05:44:39.726+0530] {logging_mixin.py:188} INFO - [2026-02-24T05:44:39.726+0530] {dag.py:3096} INFO - Sync 1 DAGs
[2026-02-24T05:44:39.729+0530] {logging_mixin.py:188} INFO - [2026-02-24T05:44:39.729+0530] {dag.py:3954} INFO - Setting next_dagrun for example_trigger_target_dag to None, run_after=None
[2026-02-24T05:44:39.735+0530] {processor.py:183} INFO - Processing /Users/aswin/Documents/data-engineering-practice/ETL_Airflow_DBT/airflow/airflow_env/lib/python3.11/site-packages/airflow/example_dags/example_trigger_target_dag.py took 0.052 seconds
[2026-02-24T05:46:10.472+0530] {processor.py:161} INFO - Started process (PID=48011) to work on /Users/aswin/Documents/data-engineering-practice/ETL_Airflow_DBT/airflow/airflow_env/lib/python3.11/site-packages/airflow/example_dags/example_trigger_target_dag.py
[2026-02-24T05:46:10.472+0530] {processor.py:830} INFO - Processing file /Users/aswin/Documents/data-engineering-practice/ETL_Airflow_DBT/airflow/airflow_env/lib/python3.11/site-packages/airflow/example_dags/example_trigger_target_dag.py for tasks to queue
[2026-02-24T05:46:10.473+0530] {logging_mixin.py:188} INFO - [2026-02-24T05:46:10.473+0530] {dagbag.py:540} INFO - Filling up the DagBag from /Users/aswin/Documents/data-engineering-practice/ETL_Airflow_DBT/airflow/airflow_env/lib/python3.11/site-packages/airflow/example_dags/example_trigger_target_dag.py
[2026-02-24T05:46:10.486+0530] {processor.py:840} INFO - DAG(s) 'example_trigger_target_dag' retrieved from /Users/aswin/Documents/data-engineering-practice/ETL_Airflow_DBT/airflow/airflow_env/lib/python3.11/site-packages/airflow/example_dags/example_trigger_target_dag.py
[2026-02-24T05:46:10.515+0530] {logging_mixin.py:188} INFO - [2026-02-24T05:46:10.515+0530] {dag.py:3096} INFO - Sync 1 DAGs
[2026-02-24T05:46:10.518+0530] {logging_mixin.py:188} INFO - [2026-02-24T05:46:10.518+0530] {dag.py:3954} INFO - Setting next_dagrun for example_trigger_target_dag to None, run_after=None
[2026-02-24T05:46:10.524+0530] {processor.py:183} INFO - Processing /Users/aswin/Documents/data-engineering-practice/ETL_Airflow_DBT/airflow/airflow_env/lib/python3.11/site-packages/airflow/example_dags/example_trigger_target_dag.py took 0.053 seconds
[2026-02-24T05:47:39.423+0530] {processor.py:161} INFO - Started process (PID=48119) to work on /Users/aswin/Documents/data-engineering-practice/ETL_Airflow_DBT/airflow/airflow_env/lib/python3.11/site-packages/airflow/example_dags/example_trigger_target_dag.py
[2026-02-24T05:47:39.424+0530] {processor.py:830} INFO - Processing file /Users/aswin/Documents/data-engineering-practice/ETL_Airflow_DBT/airflow/airflow_env/lib/python3.11/site-packages/airflow/example_dags/example_trigger_target_dag.py for tasks to queue
[2026-02-24T05:47:39.425+0530] {logging_mixin.py:188} INFO - [2026-02-24T05:47:39.425+0530] {dagbag.py:540} INFO - Filling up the DagBag from /Users/aswin/Documents/data-engineering-practice/ETL_Airflow_DBT/airflow/airflow_env/lib/python3.11/site-packages/airflow/example_dags/example_trigger_target_dag.py
[2026-02-24T05:47:39.438+0530] {processor.py:840} INFO - DAG(s) 'example_trigger_target_dag' retrieved from /Users/aswin/Documents/data-engineering-practice/ETL_Airflow_DBT/airflow/airflow_env/lib/python3.11/site-packages/airflow/example_dags/example_trigger_target_dag.py
[2026-02-24T05:47:39.467+0530] {logging_mixin.py:188} INFO - [2026-02-24T05:47:39.467+0530] {dag.py:3096} INFO - Sync 1 DAGs
[2026-02-24T05:47:39.469+0530] {logging_mixin.py:188} INFO - [2026-02-24T05:47:39.469+0530] {dag.py:3954} INFO - Setting next_dagrun for example_trigger_target_dag to None, run_after=None
[2026-02-24T05:47:39.475+0530] {processor.py:183} INFO - Processing /Users/aswin/Documents/data-engineering-practice/ETL_Airflow_DBT/airflow/airflow_env/lib/python3.11/site-packages/airflow/example_dags/example_trigger_target_dag.py took 0.053 seconds
[2026-02-24T05:49:06.159+0530] {processor.py:161} INFO - Started process (PID=48197) to work on /Users/aswin/Documents/data-engineering-practice/ETL_Airflow_DBT/airflow/airflow_env/lib/python3.11/site-packages/airflow/example_dags/example_trigger_target_dag.py
[2026-02-24T05:49:06.159+0530] {processor.py:830} INFO - Processing file /Users/aswin/Documents/data-engineering-practice/ETL_Airflow_DBT/airflow/airflow_env/lib/python3.11/site-packages/airflow/example_dags/example_trigger_target_dag.py for tasks to queue
[2026-02-24T05:49:06.160+0530] {logging_mixin.py:188} INFO - [2026-02-24T05:49:06.160+0530] {dagbag.py:540} INFO - Filling up the DagBag from /Users/aswin/Documents/data-engineering-practice/ETL_Airflow_DBT/airflow/airflow_env/lib/python3.11/site-packages/airflow/example_dags/example_trigger_target_dag.py
[2026-02-24T05:49:06.176+0530] {processor.py:840} INFO - DAG(s) 'example_trigger_target_dag' retrieved from /Users/aswin/Documents/data-engineering-practice/ETL_Airflow_DBT/airflow/airflow_env/lib/python3.11/site-packages/airflow/example_dags/example_trigger_target_dag.py
[2026-02-24T05:49:06.206+0530] {logging_mixin.py:188} INFO - [2026-02-24T05:49:06.206+0530] {dag.py:3096} INFO - Sync 1 DAGs
[2026-02-24T05:49:06.209+0530] {logging_mixin.py:188} INFO - [2026-02-24T05:49:06.209+0530] {dag.py:3954} INFO - Setting next_dagrun for example_trigger_target_dag to None, run_after=None
[2026-02-24T05:49:06.215+0530] {processor.py:183} INFO - Processing /Users/aswin/Documents/data-engineering-practice/ETL_Airflow_DBT/airflow/airflow_env/lib/python3.11/site-packages/airflow/example_dags/example_trigger_target_dag.py took 0.057 seconds
[2026-02-24T05:50:39.606+0530] {processor.py:161} INFO - Started process (PID=48318) to work on /Users/aswin/Documents/data-engineering-practice/ETL_Airflow_DBT/airflow/airflow_env/lib/python3.11/site-packages/airflow/example_dags/example_trigger_target_dag.py
[2026-02-24T05:50:39.607+0530] {processor.py:830} INFO - Processing file /Users/aswin/Documents/data-engineering-practice/ETL_Airflow_DBT/airflow/airflow_env/lib/python3.11/site-packages/airflow/example_dags/example_trigger_target_dag.py for tasks to queue
[2026-02-24T05:50:39.607+0530] {logging_mixin.py:188} INFO - [2026-02-24T05:50:39.607+0530] {dagbag.py:540} INFO - Filling up the DagBag from /Users/aswin/Documents/data-engineering-practice/ETL_Airflow_DBT/airflow/airflow_env/lib/python3.11/site-packages/airflow/example_dags/example_trigger_target_dag.py
[2026-02-24T05:50:39.620+0530] {processor.py:840} INFO - DAG(s) 'example_trigger_target_dag' retrieved from /Users/aswin/Documents/data-engineering-practice/ETL_Airflow_DBT/airflow/airflow_env/lib/python3.11/site-packages/airflow/example_dags/example_trigger_target_dag.py
[2026-02-24T05:50:39.649+0530] {logging_mixin.py:188} INFO - [2026-02-24T05:50:39.649+0530] {dag.py:3096} INFO - Sync 1 DAGs
[2026-02-24T05:50:39.652+0530] {logging_mixin.py:188} INFO - [2026-02-24T05:50:39.652+0530] {dag.py:3954} INFO - Setting next_dagrun for example_trigger_target_dag to None, run_after=None
[2026-02-24T05:50:39.658+0530] {processor.py:183} INFO - Processing /Users/aswin/Documents/data-engineering-practice/ETL_Airflow_DBT/airflow/airflow_env/lib/python3.11/site-packages/airflow/example_dags/example_trigger_target_dag.py took 0.053 seconds
[2026-02-24T05:52:11.491+0530] {processor.py:161} INFO - Started process (PID=48398) to work on /Users/aswin/Documents/data-engineering-practice/ETL_Airflow_DBT/airflow/airflow_env/lib/python3.11/site-packages/airflow/example_dags/example_trigger_target_dag.py
[2026-02-24T05:52:11.492+0530] {processor.py:830} INFO - Processing file /Users/aswin/Documents/data-engineering-practice/ETL_Airflow_DBT/airflow/airflow_env/lib/python3.11/site-packages/airflow/example_dags/example_trigger_target_dag.py for tasks to queue
[2026-02-24T05:52:11.493+0530] {logging_mixin.py:188} INFO - [2026-02-24T05:52:11.492+0530] {dagbag.py:540} INFO - Filling up the DagBag from /Users/aswin/Documents/data-engineering-practice/ETL_Airflow_DBT/airflow/airflow_env/lib/python3.11/site-packages/airflow/example_dags/example_trigger_target_dag.py
[2026-02-24T05:52:11.506+0530] {processor.py:840} INFO - DAG(s) 'example_trigger_target_dag' retrieved from /Users/aswin/Documents/data-engineering-practice/ETL_Airflow_DBT/airflow/airflow_env/lib/python3.11/site-packages/airflow/example_dags/example_trigger_target_dag.py
[2026-02-24T05:52:11.535+0530] {logging_mixin.py:188} INFO - [2026-02-24T05:52:11.535+0530] {dag.py:3096} INFO - Sync 1 DAGs
[2026-02-24T05:52:11.538+0530] {logging_mixin.py:188} INFO - [2026-02-24T05:52:11.538+0530] {dag.py:3954} INFO - Setting next_dagrun for example_trigger_target_dag to None, run_after=None
[2026-02-24T05:52:11.543+0530] {processor.py:183} INFO - Processing /Users/aswin/Documents/data-engineering-practice/ETL_Airflow_DBT/airflow/airflow_env/lib/python3.11/site-packages/airflow/example_dags/example_trigger_target_dag.py took 0.053 seconds
[2026-02-24T05:53:46.356+0530] {processor.py:161} INFO - Started process (PID=48487) to work on /Users/aswin/Documents/data-engineering-practice/ETL_Airflow_DBT/airflow/airflow_env/lib/python3.11/site-packages/airflow/example_dags/example_trigger_target_dag.py
[2026-02-24T05:53:46.357+0530] {processor.py:830} INFO - Processing file /Users/aswin/Documents/data-engineering-practice/ETL_Airflow_DBT/airflow/airflow_env/lib/python3.11/site-packages/airflow/example_dags/example_trigger_target_dag.py for tasks to queue
[2026-02-24T05:53:46.357+0530] {logging_mixin.py:188} INFO - [2026-02-24T05:53:46.357+0530] {dagbag.py:540} INFO - Filling up the DagBag from /Users/aswin/Documents/data-engineering-practice/ETL_Airflow_DBT/airflow/airflow_env/lib/python3.11/site-packages/airflow/example_dags/example_trigger_target_dag.py
[2026-02-24T05:53:46.370+0530] {processor.py:840} INFO - DAG(s) 'example_trigger_target_dag' retrieved from /Users/aswin/Documents/data-engineering-practice/ETL_Airflow_DBT/airflow/airflow_env/lib/python3.11/site-packages/airflow/example_dags/example_trigger_target_dag.py
[2026-02-24T05:53:46.398+0530] {logging_mixin.py:188} INFO - [2026-02-24T05:53:46.398+0530] {dag.py:3096} INFO - Sync 1 DAGs
[2026-02-24T05:53:46.401+0530] {logging_mixin.py:188} INFO - [2026-02-24T05:53:46.401+0530] {dag.py:3954} INFO - Setting next_dagrun for example_trigger_target_dag to None, run_after=None
[2026-02-24T05:53:46.406+0530] {processor.py:183} INFO - Processing /Users/aswin/Documents/data-engineering-practice/ETL_Airflow_DBT/airflow/airflow_env/lib/python3.11/site-packages/airflow/example_dags/example_trigger_target_dag.py took 0.051 seconds
[2026-02-24T05:55:19.639+0530] {processor.py:161} INFO - Started process (PID=48600) to work on /Users/aswin/Documents/data-engineering-practice/ETL_Airflow_DBT/airflow/airflow_env/lib/python3.11/site-packages/airflow/example_dags/example_trigger_target_dag.py
[2026-02-24T05:55:19.640+0530] {processor.py:830} INFO - Processing file /Users/aswin/Documents/data-engineering-practice/ETL_Airflow_DBT/airflow/airflow_env/lib/python3.11/site-packages/airflow/example_dags/example_trigger_target_dag.py for tasks to queue
[2026-02-24T05:55:19.640+0530] {logging_mixin.py:188} INFO - [2026-02-24T05:55:19.640+0530] {dagbag.py:540} INFO - Filling up the DagBag from /Users/aswin/Documents/data-engineering-practice/ETL_Airflow_DBT/airflow/airflow_env/lib/python3.11/site-packages/airflow/example_dags/example_trigger_target_dag.py
[2026-02-24T05:55:19.653+0530] {processor.py:840} INFO - DAG(s) 'example_trigger_target_dag' retrieved from /Users/aswin/Documents/data-engineering-practice/ETL_Airflow_DBT/airflow/airflow_env/lib/python3.11/site-packages/airflow/example_dags/example_trigger_target_dag.py
[2026-02-24T05:55:19.682+0530] {logging_mixin.py:188} INFO - [2026-02-24T05:55:19.682+0530] {dag.py:3096} INFO - Sync 1 DAGs
[2026-02-24T05:55:19.684+0530] {logging_mixin.py:188} INFO - [2026-02-24T05:55:19.684+0530] {dag.py:3954} INFO - Setting next_dagrun for example_trigger_target_dag to None, run_after=None
[2026-02-24T05:55:19.690+0530] {processor.py:183} INFO - Processing /Users/aswin/Documents/data-engineering-practice/ETL_Airflow_DBT/airflow/airflow_env/lib/python3.11/site-packages/airflow/example_dags/example_trigger_target_dag.py took 0.052 seconds
[2026-02-24T05:56:52.429+0530] {processor.py:161} INFO - Started process (PID=48688) to work on /Users/aswin/Documents/data-engineering-practice/ETL_Airflow_DBT/airflow/airflow_env/lib/python3.11/site-packages/airflow/example_dags/example_trigger_target_dag.py
[2026-02-24T05:56:52.431+0530] {processor.py:830} INFO - Processing file /Users/aswin/Documents/data-engineering-practice/ETL_Airflow_DBT/airflow/airflow_env/lib/python3.11/site-packages/airflow/example_dags/example_trigger_target_dag.py for tasks to queue
[2026-02-24T05:56:52.431+0530] {logging_mixin.py:188} INFO - [2026-02-24T05:56:52.431+0530] {dagbag.py:540} INFO - Filling up the DagBag from /Users/aswin/Documents/data-engineering-practice/ETL_Airflow_DBT/airflow/airflow_env/lib/python3.11/site-packages/airflow/example_dags/example_trigger_target_dag.py
[2026-02-24T05:56:52.444+0530] {processor.py:840} INFO - DAG(s) 'example_trigger_target_dag' retrieved from /Users/aswin/Documents/data-engineering-practice/ETL_Airflow_DBT/airflow/airflow_env/lib/python3.11/site-packages/airflow/example_dags/example_trigger_target_dag.py
[2026-02-24T05:56:52.472+0530] {logging_mixin.py:188} INFO - [2026-02-24T05:56:52.472+0530] {dag.py:3096} INFO - Sync 1 DAGs
[2026-02-24T05:56:52.475+0530] {logging_mixin.py:188} INFO - [2026-02-24T05:56:52.475+0530] {dag.py:3954} INFO - Setting next_dagrun for example_trigger_target_dag to None, run_after=None
[2026-02-24T05:56:52.481+0530] {processor.py:183} INFO - Processing /Users/aswin/Documents/data-engineering-practice/ETL_Airflow_DBT/airflow/airflow_env/lib/python3.11/site-packages/airflow/example_dags/example_trigger_target_dag.py took 0.052 seconds
[2026-02-24T05:58:27.686+0530] {processor.py:161} INFO - Started process (PID=48777) to work on /Users/aswin/Documents/data-engineering-practice/ETL_Airflow_DBT/airflow/airflow_env/lib/python3.11/site-packages/airflow/example_dags/example_trigger_target_dag.py
[2026-02-24T05:58:27.687+0530] {processor.py:830} INFO - Processing file /Users/aswin/Documents/data-engineering-practice/ETL_Airflow_DBT/airflow/airflow_env/lib/python3.11/site-packages/airflow/example_dags/example_trigger_target_dag.py for tasks to queue
[2026-02-24T05:58:27.687+0530] {logging_mixin.py:188} INFO - [2026-02-24T05:58:27.687+0530] {dagbag.py:540} INFO - Filling up the DagBag from /Users/aswin/Documents/data-engineering-practice/ETL_Airflow_DBT/airflow/airflow_env/lib/python3.11/site-packages/airflow/example_dags/example_trigger_target_dag.py
[2026-02-24T05:58:27.700+0530] {processor.py:840} INFO - DAG(s) 'example_trigger_target_dag' retrieved from /Users/aswin/Documents/data-engineering-practice/ETL_Airflow_DBT/airflow/airflow_env/lib/python3.11/site-packages/airflow/example_dags/example_trigger_target_dag.py
[2026-02-24T05:58:27.728+0530] {logging_mixin.py:188} INFO - [2026-02-24T05:58:27.728+0530] {dag.py:3096} INFO - Sync 1 DAGs
[2026-02-24T05:58:27.731+0530] {logging_mixin.py:188} INFO - [2026-02-24T05:58:27.731+0530] {dag.py:3954} INFO - Setting next_dagrun for example_trigger_target_dag to None, run_after=None
[2026-02-24T05:58:27.737+0530] {processor.py:183} INFO - Processing /Users/aswin/Documents/data-engineering-practice/ETL_Airflow_DBT/airflow/airflow_env/lib/python3.11/site-packages/airflow/example_dags/example_trigger_target_dag.py took 0.052 seconds
[2026-02-24T05:59:58.086+0530] {processor.py:161} INFO - Started process (PID=48869) to work on /Users/aswin/Documents/data-engineering-practice/ETL_Airflow_DBT/airflow/airflow_env/lib/python3.11/site-packages/airflow/example_dags/example_trigger_target_dag.py
[2026-02-24T05:59:58.087+0530] {processor.py:830} INFO - Processing file /Users/aswin/Documents/data-engineering-practice/ETL_Airflow_DBT/airflow/airflow_env/lib/python3.11/site-packages/airflow/example_dags/example_trigger_target_dag.py for tasks to queue
[2026-02-24T05:59:58.087+0530] {logging_mixin.py:188} INFO - [2026-02-24T05:59:58.087+0530] {dagbag.py:540} INFO - Filling up the DagBag from /Users/aswin/Documents/data-engineering-practice/ETL_Airflow_DBT/airflow/airflow_env/lib/python3.11/site-packages/airflow/example_dags/example_trigger_target_dag.py
[2026-02-24T05:59:58.102+0530] {processor.py:840} INFO - DAG(s) 'example_trigger_target_dag' retrieved from /Users/aswin/Documents/data-engineering-practice/ETL_Airflow_DBT/airflow/airflow_env/lib/python3.11/site-packages/airflow/example_dags/example_trigger_target_dag.py
[2026-02-24T05:59:58.131+0530] {logging_mixin.py:188} INFO - [2026-02-24T05:59:58.131+0530] {dag.py:3096} INFO - Sync 1 DAGs
[2026-02-24T05:59:58.134+0530] {logging_mixin.py:188} INFO - [2026-02-24T05:59:58.134+0530] {dag.py:3954} INFO - Setting next_dagrun for example_trigger_target_dag to None, run_after=None
[2026-02-24T05:59:58.139+0530] {processor.py:183} INFO - Processing /Users/aswin/Documents/data-engineering-practice/ETL_Airflow_DBT/airflow/airflow_env/lib/python3.11/site-packages/airflow/example_dags/example_trigger_target_dag.py took 0.054 seconds
[2026-02-24T06:00:48.813+0530] {processor.py:161} INFO - Started process (PID=48938) to work on /Users/aswin/Documents/data-engineering-practice/ETL_Airflow_DBT/airflow/airflow_env/lib/python3.11/site-packages/airflow/example_dags/example_trigger_target_dag.py
[2026-02-24T06:00:48.814+0530] {processor.py:830} INFO - Processing file /Users/aswin/Documents/data-engineering-practice/ETL_Airflow_DBT/airflow/airflow_env/lib/python3.11/site-packages/airflow/example_dags/example_trigger_target_dag.py for tasks to queue
[2026-02-24T06:00:48.814+0530] {logging_mixin.py:188} INFO - [2026-02-24T06:00:48.814+0530] {dagbag.py:540} INFO - Filling up the DagBag from /Users/aswin/Documents/data-engineering-practice/ETL_Airflow_DBT/airflow/airflow_env/lib/python3.11/site-packages/airflow/example_dags/example_trigger_target_dag.py
[2026-02-24T06:00:48.827+0530] {processor.py:840} INFO - DAG(s) 'example_trigger_target_dag' retrieved from /Users/aswin/Documents/data-engineering-practice/ETL_Airflow_DBT/airflow/airflow_env/lib/python3.11/site-packages/airflow/example_dags/example_trigger_target_dag.py
[2026-02-24T06:00:48.855+0530] {logging_mixin.py:188} INFO - [2026-02-24T06:00:48.855+0530] {dag.py:3096} INFO - Sync 1 DAGs
[2026-02-24T06:00:48.858+0530] {logging_mixin.py:188} INFO - [2026-02-24T06:00:48.858+0530] {dag.py:3954} INFO - Setting next_dagrun for example_trigger_target_dag to None, run_after=None
[2026-02-24T06:00:48.863+0530] {processor.py:183} INFO - Processing /Users/aswin/Documents/data-engineering-practice/ETL_Airflow_DBT/airflow/airflow_env/lib/python3.11/site-packages/airflow/example_dags/example_trigger_target_dag.py took 0.051 seconds
[2026-02-24T06:02:21.505+0530] {processor.py:161} INFO - Started process (PID=49075) to work on /Users/aswin/Documents/data-engineering-practice/ETL_Airflow_DBT/airflow/airflow_env/lib/python3.11/site-packages/airflow/example_dags/example_trigger_target_dag.py
[2026-02-24T06:02:21.505+0530] {processor.py:830} INFO - Processing file /Users/aswin/Documents/data-engineering-practice/ETL_Airflow_DBT/airflow/airflow_env/lib/python3.11/site-packages/airflow/example_dags/example_trigger_target_dag.py for tasks to queue
[2026-02-24T06:02:21.505+0530] {logging_mixin.py:188} INFO - [2026-02-24T06:02:21.505+0530] {dagbag.py:540} INFO - Filling up the DagBag from /Users/aswin/Documents/data-engineering-practice/ETL_Airflow_DBT/airflow/airflow_env/lib/python3.11/site-packages/airflow/example_dags/example_trigger_target_dag.py
[2026-02-24T06:02:21.519+0530] {processor.py:840} INFO - DAG(s) 'example_trigger_target_dag' retrieved from /Users/aswin/Documents/data-engineering-practice/ETL_Airflow_DBT/airflow/airflow_env/lib/python3.11/site-packages/airflow/example_dags/example_trigger_target_dag.py
[2026-02-24T06:02:21.546+0530] {logging_mixin.py:188} INFO - [2026-02-24T06:02:21.546+0530] {dag.py:3096} INFO - Sync 1 DAGs
[2026-02-24T06:02:21.549+0530] {logging_mixin.py:188} INFO - [2026-02-24T06:02:21.549+0530] {dag.py:3954} INFO - Setting next_dagrun for example_trigger_target_dag to None, run_after=None
[2026-02-24T06:02:21.555+0530] {processor.py:183} INFO - Processing /Users/aswin/Documents/data-engineering-practice/ETL_Airflow_DBT/airflow/airflow_env/lib/python3.11/site-packages/airflow/example_dags/example_trigger_target_dag.py took 0.051 seconds
[2026-02-24T06:03:53.077+0530] {processor.py:161} INFO - Started process (PID=49223) to work on /Users/aswin/Documents/data-engineering-practice/ETL_Airflow_DBT/airflow/airflow_env/lib/python3.11/site-packages/airflow/example_dags/example_trigger_target_dag.py
[2026-02-24T06:03:53.077+0530] {processor.py:830} INFO - Processing file /Users/aswin/Documents/data-engineering-practice/ETL_Airflow_DBT/airflow/airflow_env/lib/python3.11/site-packages/airflow/example_dags/example_trigger_target_dag.py for tasks to queue
[2026-02-24T06:03:53.078+0530] {logging_mixin.py:188} INFO - [2026-02-24T06:03:53.078+0530] {dagbag.py:540} INFO - Filling up the DagBag from /Users/aswin/Documents/data-engineering-practice/ETL_Airflow_DBT/airflow/airflow_env/lib/python3.11/site-packages/airflow/example_dags/example_trigger_target_dag.py
[2026-02-24T06:03:53.091+0530] {processor.py:840} INFO - DAG(s) 'example_trigger_target_dag' retrieved from /Users/aswin/Documents/data-engineering-practice/ETL_Airflow_DBT/airflow/airflow_env/lib/python3.11/site-packages/airflow/example_dags/example_trigger_target_dag.py
[2026-02-24T06:03:53.120+0530] {logging_mixin.py:188} INFO - [2026-02-24T06:03:53.120+0530] {dag.py:3096} INFO - Sync 1 DAGs
[2026-02-24T06:03:53.122+0530] {logging_mixin.py:188} INFO - [2026-02-24T06:03:53.122+0530] {dag.py:3954} INFO - Setting next_dagrun for example_trigger_target_dag to None, run_after=None
[2026-02-24T06:03:53.128+0530] {processor.py:183} INFO - Processing /Users/aswin/Documents/data-engineering-practice/ETL_Airflow_DBT/airflow/airflow_env/lib/python3.11/site-packages/airflow/example_dags/example_trigger_target_dag.py took 0.052 seconds
[2026-02-24T06:05:30.333+0530] {processor.py:161} INFO - Started process (PID=49363) to work on /Users/aswin/Documents/data-engineering-practice/ETL_Airflow_DBT/airflow/airflow_env/lib/python3.11/site-packages/airflow/example_dags/example_trigger_target_dag.py
[2026-02-24T06:05:30.333+0530] {processor.py:830} INFO - Processing file /Users/aswin/Documents/data-engineering-practice/ETL_Airflow_DBT/airflow/airflow_env/lib/python3.11/site-packages/airflow/example_dags/example_trigger_target_dag.py for tasks to queue
[2026-02-24T06:05:30.333+0530] {logging_mixin.py:188} INFO - [2026-02-24T06:05:30.333+0530] {dagbag.py:540} INFO - Filling up the DagBag from /Users/aswin/Documents/data-engineering-practice/ETL_Airflow_DBT/airflow/airflow_env/lib/python3.11/site-packages/airflow/example_dags/example_trigger_target_dag.py
[2026-02-24T06:05:30.347+0530] {processor.py:840} INFO - DAG(s) 'example_trigger_target_dag' retrieved from /Users/aswin/Documents/data-engineering-practice/ETL_Airflow_DBT/airflow/airflow_env/lib/python3.11/site-packages/airflow/example_dags/example_trigger_target_dag.py
[2026-02-24T06:05:30.379+0530] {logging_mixin.py:188} INFO - [2026-02-24T06:05:30.379+0530] {dag.py:3096} INFO - Sync 1 DAGs
[2026-02-24T06:05:30.382+0530] {logging_mixin.py:188} INFO - [2026-02-24T06:05:30.382+0530] {dag.py:3954} INFO - Setting next_dagrun for example_trigger_target_dag to None, run_after=None
[2026-02-24T06:05:30.389+0530] {processor.py:183} INFO - Processing /Users/aswin/Documents/data-engineering-practice/ETL_Airflow_DBT/airflow/airflow_env/lib/python3.11/site-packages/airflow/example_dags/example_trigger_target_dag.py took 0.057 seconds
[2026-02-24T06:06:26.369+0530] {processor.py:161} INFO - Started process (PID=49423) to work on /Users/aswin/Documents/data-engineering-practice/ETL_Airflow_DBT/airflow/airflow_env/lib/python3.11/site-packages/airflow/example_dags/example_trigger_target_dag.py
[2026-02-24T06:06:26.370+0530] {processor.py:830} INFO - Processing file /Users/aswin/Documents/data-engineering-practice/ETL_Airflow_DBT/airflow/airflow_env/lib/python3.11/site-packages/airflow/example_dags/example_trigger_target_dag.py for tasks to queue
[2026-02-24T06:06:26.370+0530] {logging_mixin.py:188} INFO - [2026-02-24T06:06:26.370+0530] {dagbag.py:540} INFO - Filling up the DagBag from /Users/aswin/Documents/data-engineering-practice/ETL_Airflow_DBT/airflow/airflow_env/lib/python3.11/site-packages/airflow/example_dags/example_trigger_target_dag.py
[2026-02-24T06:06:26.385+0530] {processor.py:840} INFO - DAG(s) 'example_trigger_target_dag' retrieved from /Users/aswin/Documents/data-engineering-practice/ETL_Airflow_DBT/airflow/airflow_env/lib/python3.11/site-packages/airflow/example_dags/example_trigger_target_dag.py
[2026-02-24T06:06:26.416+0530] {logging_mixin.py:188} INFO - [2026-02-24T06:06:26.415+0530] {dag.py:3096} INFO - Sync 1 DAGs
[2026-02-24T06:06:26.419+0530] {logging_mixin.py:188} INFO - [2026-02-24T06:06:26.419+0530] {dag.py:3954} INFO - Setting next_dagrun for example_trigger_target_dag to None, run_after=None
[2026-02-24T06:06:26.425+0530] {processor.py:183} INFO - Processing /Users/aswin/Documents/data-engineering-practice/ETL_Airflow_DBT/airflow/airflow_env/lib/python3.11/site-packages/airflow/example_dags/example_trigger_target_dag.py took 0.057 seconds
[2026-02-24T06:07:16.284+0530] {processor.py:161} INFO - Started process (PID=49463) to work on /Users/aswin/Documents/data-engineering-practice/ETL_Airflow_DBT/airflow/airflow_env/lib/python3.11/site-packages/airflow/example_dags/example_trigger_target_dag.py
[2026-02-24T06:07:16.284+0530] {processor.py:830} INFO - Processing file /Users/aswin/Documents/data-engineering-practice/ETL_Airflow_DBT/airflow/airflow_env/lib/python3.11/site-packages/airflow/example_dags/example_trigger_target_dag.py for tasks to queue
[2026-02-24T06:07:16.285+0530] {logging_mixin.py:188} INFO - [2026-02-24T06:07:16.285+0530] {dagbag.py:540} INFO - Filling up the DagBag from /Users/aswin/Documents/data-engineering-practice/ETL_Airflow_DBT/airflow/airflow_env/lib/python3.11/site-packages/airflow/example_dags/example_trigger_target_dag.py
[2026-02-24T06:07:16.298+0530] {processor.py:840} INFO - DAG(s) 'example_trigger_target_dag' retrieved from /Users/aswin/Documents/data-engineering-practice/ETL_Airflow_DBT/airflow/airflow_env/lib/python3.11/site-packages/airflow/example_dags/example_trigger_target_dag.py
[2026-02-24T06:07:16.326+0530] {logging_mixin.py:188} INFO - [2026-02-24T06:07:16.326+0530] {dag.py:3096} INFO - Sync 1 DAGs
[2026-02-24T06:07:16.329+0530] {logging_mixin.py:188} INFO - [2026-02-24T06:07:16.329+0530] {dag.py:3954} INFO - Setting next_dagrun for example_trigger_target_dag to None, run_after=None
[2026-02-24T06:07:16.335+0530] {processor.py:183} INFO - Processing /Users/aswin/Documents/data-engineering-practice/ETL_Airflow_DBT/airflow/airflow_env/lib/python3.11/site-packages/airflow/example_dags/example_trigger_target_dag.py took 0.052 seconds
[2026-02-24T06:08:49.522+0530] {processor.py:161} INFO - Started process (PID=49541) to work on /Users/aswin/Documents/data-engineering-practice/ETL_Airflow_DBT/airflow/airflow_env/lib/python3.11/site-packages/airflow/example_dags/example_trigger_target_dag.py
[2026-02-24T06:08:49.523+0530] {processor.py:830} INFO - Processing file /Users/aswin/Documents/data-engineering-practice/ETL_Airflow_DBT/airflow/airflow_env/lib/python3.11/site-packages/airflow/example_dags/example_trigger_target_dag.py for tasks to queue
[2026-02-24T06:08:49.524+0530] {logging_mixin.py:188} INFO - [2026-02-24T06:08:49.524+0530] {dagbag.py:540} INFO - Filling up the DagBag from /Users/aswin/Documents/data-engineering-practice/ETL_Airflow_DBT/airflow/airflow_env/lib/python3.11/site-packages/airflow/example_dags/example_trigger_target_dag.py
[2026-02-24T06:08:49.537+0530] {processor.py:840} INFO - DAG(s) 'example_trigger_target_dag' retrieved from /Users/aswin/Documents/data-engineering-practice/ETL_Airflow_DBT/airflow/airflow_env/lib/python3.11/site-packages/airflow/example_dags/example_trigger_target_dag.py
[2026-02-24T06:08:49.565+0530] {logging_mixin.py:188} INFO - [2026-02-24T06:08:49.565+0530] {dag.py:3096} INFO - Sync 1 DAGs
[2026-02-24T06:08:49.567+0530] {logging_mixin.py:188} INFO - [2026-02-24T06:08:49.567+0530] {dag.py:3954} INFO - Setting next_dagrun for example_trigger_target_dag to None, run_after=None
[2026-02-24T06:08:49.573+0530] {processor.py:183} INFO - Processing /Users/aswin/Documents/data-engineering-practice/ETL_Airflow_DBT/airflow/airflow_env/lib/python3.11/site-packages/airflow/example_dags/example_trigger_target_dag.py took 0.052 seconds
[2026-02-24T06:10:17.724+0530] {processor.py:161} INFO - Started process (PID=49611) to work on /Users/aswin/Documents/data-engineering-practice/ETL_Airflow_DBT/airflow/airflow_env/lib/python3.11/site-packages/airflow/example_dags/example_trigger_target_dag.py
[2026-02-24T06:10:17.724+0530] {processor.py:830} INFO - Processing file /Users/aswin/Documents/data-engineering-practice/ETL_Airflow_DBT/airflow/airflow_env/lib/python3.11/site-packages/airflow/example_dags/example_trigger_target_dag.py for tasks to queue
[2026-02-24T06:10:17.724+0530] {logging_mixin.py:188} INFO - [2026-02-24T06:10:17.724+0530] {dagbag.py:540} INFO - Filling up the DagBag from /Users/aswin/Documents/data-engineering-practice/ETL_Airflow_DBT/airflow/airflow_env/lib/python3.11/site-packages/airflow/example_dags/example_trigger_target_dag.py
[2026-02-24T06:10:17.737+0530] {processor.py:840} INFO - DAG(s) 'example_trigger_target_dag' retrieved from /Users/aswin/Documents/data-engineering-practice/ETL_Airflow_DBT/airflow/airflow_env/lib/python3.11/site-packages/airflow/example_dags/example_trigger_target_dag.py
[2026-02-24T06:10:17.766+0530] {logging_mixin.py:188} INFO - [2026-02-24T06:10:17.766+0530] {dag.py:3096} INFO - Sync 1 DAGs
[2026-02-24T06:10:17.769+0530] {logging_mixin.py:188} INFO - [2026-02-24T06:10:17.768+0530] {dag.py:3954} INFO - Setting next_dagrun for example_trigger_target_dag to None, run_after=None
[2026-02-24T06:10:17.774+0530] {processor.py:183} INFO - Processing /Users/aswin/Documents/data-engineering-practice/ETL_Airflow_DBT/airflow/airflow_env/lib/python3.11/site-packages/airflow/example_dags/example_trigger_target_dag.py took 0.051 seconds
[2026-02-24T06:11:41.522+0530] {processor.py:161} INFO - Started process (PID=49703) to work on /Users/aswin/Documents/data-engineering-practice/ETL_Airflow_DBT/airflow/airflow_env/lib/python3.11/site-packages/airflow/example_dags/example_trigger_target_dag.py
[2026-02-24T06:11:41.523+0530] {processor.py:830} INFO - Processing file /Users/aswin/Documents/data-engineering-practice/ETL_Airflow_DBT/airflow/airflow_env/lib/python3.11/site-packages/airflow/example_dags/example_trigger_target_dag.py for tasks to queue
[2026-02-24T06:11:41.524+0530] {logging_mixin.py:188} INFO - [2026-02-24T06:11:41.524+0530] {dagbag.py:540} INFO - Filling up the DagBag from /Users/aswin/Documents/data-engineering-practice/ETL_Airflow_DBT/airflow/airflow_env/lib/python3.11/site-packages/airflow/example_dags/example_trigger_target_dag.py
[2026-02-24T06:11:41.536+0530] {processor.py:840} INFO - DAG(s) 'example_trigger_target_dag' retrieved from /Users/aswin/Documents/data-engineering-practice/ETL_Airflow_DBT/airflow/airflow_env/lib/python3.11/site-packages/airflow/example_dags/example_trigger_target_dag.py
[2026-02-24T06:11:41.565+0530] {logging_mixin.py:188} INFO - [2026-02-24T06:11:41.565+0530] {dag.py:3096} INFO - Sync 1 DAGs
[2026-02-24T06:11:41.568+0530] {logging_mixin.py:188} INFO - [2026-02-24T06:11:41.568+0530] {dag.py:3954} INFO - Setting next_dagrun for example_trigger_target_dag to None, run_after=None
[2026-02-24T06:11:41.574+0530] {processor.py:183} INFO - Processing /Users/aswin/Documents/data-engineering-practice/ETL_Airflow_DBT/airflow/airflow_env/lib/python3.11/site-packages/airflow/example_dags/example_trigger_target_dag.py took 0.053 seconds
[2026-02-24T06:13:18.690+0530] {processor.py:161} INFO - Started process (PID=49776) to work on /Users/aswin/Documents/data-engineering-practice/ETL_Airflow_DBT/airflow/airflow_env/lib/python3.11/site-packages/airflow/example_dags/example_trigger_target_dag.py
[2026-02-24T06:13:18.691+0530] {processor.py:830} INFO - Processing file /Users/aswin/Documents/data-engineering-practice/ETL_Airflow_DBT/airflow/airflow_env/lib/python3.11/site-packages/airflow/example_dags/example_trigger_target_dag.py for tasks to queue
[2026-02-24T06:13:18.691+0530] {logging_mixin.py:188} INFO - [2026-02-24T06:13:18.691+0530] {dagbag.py:540} INFO - Filling up the DagBag from /Users/aswin/Documents/data-engineering-practice/ETL_Airflow_DBT/airflow/airflow_env/lib/python3.11/site-packages/airflow/example_dags/example_trigger_target_dag.py
[2026-02-24T06:13:18.705+0530] {processor.py:840} INFO - DAG(s) 'example_trigger_target_dag' retrieved from /Users/aswin/Documents/data-engineering-practice/ETL_Airflow_DBT/airflow/airflow_env/lib/python3.11/site-packages/airflow/example_dags/example_trigger_target_dag.py
[2026-02-24T06:13:18.735+0530] {logging_mixin.py:188} INFO - [2026-02-24T06:13:18.735+0530] {dag.py:3096} INFO - Sync 1 DAGs
[2026-02-24T06:13:18.738+0530] {logging_mixin.py:188} INFO - [2026-02-24T06:13:18.737+0530] {dag.py:3954} INFO - Setting next_dagrun for example_trigger_target_dag to None, run_after=None
[2026-02-24T06:13:18.743+0530] {processor.py:183} INFO - Processing /Users/aswin/Documents/data-engineering-practice/ETL_Airflow_DBT/airflow/airflow_env/lib/python3.11/site-packages/airflow/example_dags/example_trigger_target_dag.py took 0.054 seconds
[2026-02-24T06:14:10.152+0530] {processor.py:161} INFO - Started process (PID=49813) to work on /Users/aswin/Documents/data-engineering-practice/ETL_Airflow_DBT/airflow/airflow_env/lib/python3.11/site-packages/airflow/example_dags/example_trigger_target_dag.py
[2026-02-24T06:14:10.153+0530] {processor.py:830} INFO - Processing file /Users/aswin/Documents/data-engineering-practice/ETL_Airflow_DBT/airflow/airflow_env/lib/python3.11/site-packages/airflow/example_dags/example_trigger_target_dag.py for tasks to queue
[2026-02-24T06:14:10.153+0530] {logging_mixin.py:188} INFO - [2026-02-24T06:14:10.153+0530] {dagbag.py:540} INFO - Filling up the DagBag from /Users/aswin/Documents/data-engineering-practice/ETL_Airflow_DBT/airflow/airflow_env/lib/python3.11/site-packages/airflow/example_dags/example_trigger_target_dag.py
[2026-02-24T06:14:10.166+0530] {processor.py:840} INFO - DAG(s) 'example_trigger_target_dag' retrieved from /Users/aswin/Documents/data-engineering-practice/ETL_Airflow_DBT/airflow/airflow_env/lib/python3.11/site-packages/airflow/example_dags/example_trigger_target_dag.py
[2026-02-24T06:14:10.194+0530] {logging_mixin.py:188} INFO - [2026-02-24T06:14:10.194+0530] {dag.py:3096} INFO - Sync 1 DAGs
[2026-02-24T06:14:10.197+0530] {logging_mixin.py:188} INFO - [2026-02-24T06:14:10.197+0530] {dag.py:3954} INFO - Setting next_dagrun for example_trigger_target_dag to None, run_after=None
[2026-02-24T06:14:10.203+0530] {processor.py:183} INFO - Processing /Users/aswin/Documents/data-engineering-practice/ETL_Airflow_DBT/airflow/airflow_env/lib/python3.11/site-packages/airflow/example_dags/example_trigger_target_dag.py took 0.052 seconds
[2026-02-24T06:15:42.652+0530] {processor.py:161} INFO - Started process (PID=49884) to work on /Users/aswin/Documents/data-engineering-practice/ETL_Airflow_DBT/airflow/airflow_env/lib/python3.11/site-packages/airflow/example_dags/example_trigger_target_dag.py
[2026-02-24T06:15:42.653+0530] {processor.py:830} INFO - Processing file /Users/aswin/Documents/data-engineering-practice/ETL_Airflow_DBT/airflow/airflow_env/lib/python3.11/site-packages/airflow/example_dags/example_trigger_target_dag.py for tasks to queue
[2026-02-24T06:15:42.654+0530] {logging_mixin.py:188} INFO - [2026-02-24T06:15:42.653+0530] {dagbag.py:540} INFO - Filling up the DagBag from /Users/aswin/Documents/data-engineering-practice/ETL_Airflow_DBT/airflow/airflow_env/lib/python3.11/site-packages/airflow/example_dags/example_trigger_target_dag.py
[2026-02-24T06:15:42.667+0530] {processor.py:840} INFO - DAG(s) 'example_trigger_target_dag' retrieved from /Users/aswin/Documents/data-engineering-practice/ETL_Airflow_DBT/airflow/airflow_env/lib/python3.11/site-packages/airflow/example_dags/example_trigger_target_dag.py
[2026-02-24T06:15:42.697+0530] {logging_mixin.py:188} INFO - [2026-02-24T06:15:42.697+0530] {dag.py:3096} INFO - Sync 1 DAGs
[2026-02-24T06:15:42.700+0530] {logging_mixin.py:188} INFO - [2026-02-24T06:15:42.700+0530] {dag.py:3954} INFO - Setting next_dagrun for example_trigger_target_dag to None, run_after=None
[2026-02-24T06:15:42.706+0530] {processor.py:183} INFO - Processing /Users/aswin/Documents/data-engineering-practice/ETL_Airflow_DBT/airflow/airflow_env/lib/python3.11/site-packages/airflow/example_dags/example_trigger_target_dag.py took 0.055 seconds
[2026-02-24T06:17:15.621+0530] {processor.py:161} INFO - Started process (PID=49988) to work on /Users/aswin/Documents/data-engineering-practice/ETL_Airflow_DBT/airflow/airflow_env/lib/python3.11/site-packages/airflow/example_dags/example_trigger_target_dag.py
[2026-02-24T06:17:15.622+0530] {processor.py:830} INFO - Processing file /Users/aswin/Documents/data-engineering-practice/ETL_Airflow_DBT/airflow/airflow_env/lib/python3.11/site-packages/airflow/example_dags/example_trigger_target_dag.py for tasks to queue
[2026-02-24T06:17:15.622+0530] {logging_mixin.py:188} INFO - [2026-02-24T06:17:15.622+0530] {dagbag.py:540} INFO - Filling up the DagBag from /Users/aswin/Documents/data-engineering-practice/ETL_Airflow_DBT/airflow/airflow_env/lib/python3.11/site-packages/airflow/example_dags/example_trigger_target_dag.py
[2026-02-24T06:17:15.635+0530] {processor.py:840} INFO - DAG(s) 'example_trigger_target_dag' retrieved from /Users/aswin/Documents/data-engineering-practice/ETL_Airflow_DBT/airflow/airflow_env/lib/python3.11/site-packages/airflow/example_dags/example_trigger_target_dag.py
[2026-02-24T06:17:15.663+0530] {logging_mixin.py:188} INFO - [2026-02-24T06:17:15.663+0530] {dag.py:3096} INFO - Sync 1 DAGs
[2026-02-24T06:17:15.666+0530] {logging_mixin.py:188} INFO - [2026-02-24T06:17:15.666+0530] {dag.py:3954} INFO - Setting next_dagrun for example_trigger_target_dag to None, run_after=None
[2026-02-24T06:17:15.672+0530] {processor.py:183} INFO - Processing /Users/aswin/Documents/data-engineering-practice/ETL_Airflow_DBT/airflow/airflow_env/lib/python3.11/site-packages/airflow/example_dags/example_trigger_target_dag.py took 0.052 seconds
[2026-02-24T06:18:07.306+0530] {processor.py:161} INFO - Started process (PID=50040) to work on /Users/aswin/Documents/data-engineering-practice/ETL_Airflow_DBT/airflow/airflow_env/lib/python3.11/site-packages/airflow/example_dags/example_trigger_target_dag.py
[2026-02-24T06:18:07.307+0530] {processor.py:830} INFO - Processing file /Users/aswin/Documents/data-engineering-practice/ETL_Airflow_DBT/airflow/airflow_env/lib/python3.11/site-packages/airflow/example_dags/example_trigger_target_dag.py for tasks to queue
[2026-02-24T06:18:07.307+0530] {logging_mixin.py:188} INFO - [2026-02-24T06:18:07.307+0530] {dagbag.py:540} INFO - Filling up the DagBag from /Users/aswin/Documents/data-engineering-practice/ETL_Airflow_DBT/airflow/airflow_env/lib/python3.11/site-packages/airflow/example_dags/example_trigger_target_dag.py
[2026-02-24T06:18:07.322+0530] {processor.py:840} INFO - DAG(s) 'example_trigger_target_dag' retrieved from /Users/aswin/Documents/data-engineering-practice/ETL_Airflow_DBT/airflow/airflow_env/lib/python3.11/site-packages/airflow/example_dags/example_trigger_target_dag.py
[2026-02-24T06:18:07.352+0530] {logging_mixin.py:188} INFO - [2026-02-24T06:18:07.352+0530] {dag.py:3096} INFO - Sync 1 DAGs
[2026-02-24T06:18:07.355+0530] {logging_mixin.py:188} INFO - [2026-02-24T06:18:07.355+0530] {dag.py:3954} INFO - Setting next_dagrun for example_trigger_target_dag to None, run_after=None
[2026-02-24T06:18:07.361+0530] {processor.py:183} INFO - Processing /Users/aswin/Documents/data-engineering-practice/ETL_Airflow_DBT/airflow/airflow_env/lib/python3.11/site-packages/airflow/example_dags/example_trigger_target_dag.py took 0.057 seconds
