[2026-02-24T05:30:20.802+0530] {processor.py:161} INFO - Started process (PID=47085) to work on /Users/aswin/Documents/data-engineering-practice/ETL_Airflow_DBT/airflow/airflow_env/lib/python3.11/site-packages/airflow/example_dags/example_xcomargs.py
[2026-02-24T05:30:20.802+0530] {processor.py:830} INFO - Processing file /Users/aswin/Documents/data-engineering-practice/ETL_Airflow_DBT/airflow/airflow_env/lib/python3.11/site-packages/airflow/example_dags/example_xcomargs.py for tasks to queue
[2026-02-24T05:30:20.802+0530] {logging_mixin.py:188} INFO - [2026-02-24T05:30:20.802+0530] {dagbag.py:540} INFO - Filling up the DagBag from /Users/aswin/Documents/data-engineering-practice/ETL_Airflow_DBT/airflow/airflow_env/lib/python3.11/site-packages/airflow/example_dags/example_xcomargs.py
[2026-02-24T05:30:20.816+0530] {processor.py:840} INFO - DAG(s) 'example_xcom_args', 'example_xcom_args_with_operators' retrieved from /Users/aswin/Documents/data-engineering-practice/ETL_Airflow_DBT/airflow/airflow_env/lib/python3.11/site-packages/airflow/example_dags/example_xcomargs.py
[2026-02-24T05:30:20.845+0530] {logging_mixin.py:188} INFO - [2026-02-24T05:30:20.845+0530] {dag.py:3096} INFO - Sync 2 DAGs
[2026-02-24T05:30:20.848+0530] {logging_mixin.py:188} INFO - [2026-02-24T05:30:20.848+0530] {dag.py:3954} INFO - Setting next_dagrun for example_xcom_args to None, run_after=None
[2026-02-24T05:30:20.849+0530] {logging_mixin.py:188} INFO - [2026-02-24T05:30:20.849+0530] {dag.py:3954} INFO - Setting next_dagrun for example_xcom_args_with_operators to None, run_after=None
[2026-02-24T05:30:20.854+0530] {processor.py:183} INFO - Processing /Users/aswin/Documents/data-engineering-practice/ETL_Airflow_DBT/airflow/airflow_env/lib/python3.11/site-packages/airflow/example_dags/example_xcomargs.py took 0.053 seconds
[2026-02-24T05:31:47.519+0530] {processor.py:161} INFO - Started process (PID=47166) to work on /Users/aswin/Documents/data-engineering-practice/ETL_Airflow_DBT/airflow/airflow_env/lib/python3.11/site-packages/airflow/example_dags/example_xcomargs.py
[2026-02-24T05:31:47.520+0530] {processor.py:830} INFO - Processing file /Users/aswin/Documents/data-engineering-practice/ETL_Airflow_DBT/airflow/airflow_env/lib/python3.11/site-packages/airflow/example_dags/example_xcomargs.py for tasks to queue
[2026-02-24T05:31:47.520+0530] {logging_mixin.py:188} INFO - [2026-02-24T05:31:47.520+0530] {dagbag.py:540} INFO - Filling up the DagBag from /Users/aswin/Documents/data-engineering-practice/ETL_Airflow_DBT/airflow/airflow_env/lib/python3.11/site-packages/airflow/example_dags/example_xcomargs.py
[2026-02-24T05:31:47.534+0530] {processor.py:840} INFO - DAG(s) 'example_xcom_args', 'example_xcom_args_with_operators' retrieved from /Users/aswin/Documents/data-engineering-practice/ETL_Airflow_DBT/airflow/airflow_env/lib/python3.11/site-packages/airflow/example_dags/example_xcomargs.py
[2026-02-24T05:31:47.563+0530] {logging_mixin.py:188} INFO - [2026-02-24T05:31:47.563+0530] {dag.py:3096} INFO - Sync 2 DAGs
[2026-02-24T05:31:47.566+0530] {logging_mixin.py:188} INFO - [2026-02-24T05:31:47.566+0530] {dag.py:3954} INFO - Setting next_dagrun for example_xcom_args to None, run_after=None
[2026-02-24T05:31:47.567+0530] {logging_mixin.py:188} INFO - [2026-02-24T05:31:47.567+0530] {dag.py:3954} INFO - Setting next_dagrun for example_xcom_args_with_operators to None, run_after=None
[2026-02-24T05:31:47.572+0530] {processor.py:183} INFO - Processing /Users/aswin/Documents/data-engineering-practice/ETL_Airflow_DBT/airflow/airflow_env/lib/python3.11/site-packages/airflow/example_dags/example_xcomargs.py took 0.054 seconds
[2026-02-24T05:32:36.682+0530] {processor.py:161} INFO - Started process (PID=47242) to work on /Users/aswin/Documents/data-engineering-practice/ETL_Airflow_DBT/airflow/airflow_env/lib/python3.11/site-packages/airflow/example_dags/example_xcomargs.py
[2026-02-24T05:32:36.683+0530] {processor.py:830} INFO - Processing file /Users/aswin/Documents/data-engineering-practice/ETL_Airflow_DBT/airflow/airflow_env/lib/python3.11/site-packages/airflow/example_dags/example_xcomargs.py for tasks to queue
[2026-02-24T05:32:36.683+0530] {logging_mixin.py:188} INFO - [2026-02-24T05:32:36.683+0530] {dagbag.py:540} INFO - Filling up the DagBag from /Users/aswin/Documents/data-engineering-practice/ETL_Airflow_DBT/airflow/airflow_env/lib/python3.11/site-packages/airflow/example_dags/example_xcomargs.py
[2026-02-24T05:32:36.697+0530] {processor.py:840} INFO - DAG(s) 'example_xcom_args', 'example_xcom_args_with_operators' retrieved from /Users/aswin/Documents/data-engineering-practice/ETL_Airflow_DBT/airflow/airflow_env/lib/python3.11/site-packages/airflow/example_dags/example_xcomargs.py
[2026-02-24T05:32:36.727+0530] {logging_mixin.py:188} INFO - [2026-02-24T05:32:36.727+0530] {dag.py:3096} INFO - Sync 2 DAGs
[2026-02-24T05:32:36.730+0530] {logging_mixin.py:188} INFO - [2026-02-24T05:32:36.730+0530] {dag.py:3954} INFO - Setting next_dagrun for example_xcom_args to None, run_after=None
[2026-02-24T05:32:36.731+0530] {logging_mixin.py:188} INFO - [2026-02-24T05:32:36.731+0530] {dag.py:3954} INFO - Setting next_dagrun for example_xcom_args_with_operators to None, run_after=None
[2026-02-24T05:32:36.736+0530] {processor.py:183} INFO - Processing /Users/aswin/Documents/data-engineering-practice/ETL_Airflow_DBT/airflow/airflow_env/lib/python3.11/site-packages/airflow/example_dags/example_xcomargs.py took 0.056 seconds
[2026-02-24T05:33:23.485+0530] {processor.py:161} INFO - Started process (PID=47281) to work on /Users/aswin/Documents/data-engineering-practice/ETL_Airflow_DBT/airflow/airflow_env/lib/python3.11/site-packages/airflow/example_dags/example_xcomargs.py
[2026-02-24T05:33:23.485+0530] {processor.py:830} INFO - Processing file /Users/aswin/Documents/data-engineering-practice/ETL_Airflow_DBT/airflow/airflow_env/lib/python3.11/site-packages/airflow/example_dags/example_xcomargs.py for tasks to queue
[2026-02-24T05:33:23.485+0530] {logging_mixin.py:188} INFO - [2026-02-24T05:33:23.485+0530] {dagbag.py:540} INFO - Filling up the DagBag from /Users/aswin/Documents/data-engineering-practice/ETL_Airflow_DBT/airflow/airflow_env/lib/python3.11/site-packages/airflow/example_dags/example_xcomargs.py
[2026-02-24T05:33:23.499+0530] {processor.py:840} INFO - DAG(s) 'example_xcom_args', 'example_xcom_args_with_operators' retrieved from /Users/aswin/Documents/data-engineering-practice/ETL_Airflow_DBT/airflow/airflow_env/lib/python3.11/site-packages/airflow/example_dags/example_xcomargs.py
[2026-02-24T05:33:23.530+0530] {logging_mixin.py:188} INFO - [2026-02-24T05:33:23.529+0530] {dag.py:3096} INFO - Sync 2 DAGs
[2026-02-24T05:33:23.533+0530] {logging_mixin.py:188} INFO - [2026-02-24T05:33:23.532+0530] {dag.py:3954} INFO - Setting next_dagrun for example_xcom_args to None, run_after=None
[2026-02-24T05:33:23.533+0530] {logging_mixin.py:188} INFO - [2026-02-24T05:33:23.533+0530] {dag.py:3954} INFO - Setting next_dagrun for example_xcom_args_with_operators to None, run_after=None
[2026-02-24T05:33:23.539+0530] {processor.py:183} INFO - Processing /Users/aswin/Documents/data-engineering-practice/ETL_Airflow_DBT/airflow/airflow_env/lib/python3.11/site-packages/airflow/example_dags/example_xcomargs.py took 0.055 seconds
[2026-02-24T05:34:10.300+0530] {processor.py:161} INFO - Started process (PID=47347) to work on /Users/aswin/Documents/data-engineering-practice/ETL_Airflow_DBT/airflow/airflow_env/lib/python3.11/site-packages/airflow/example_dags/example_xcomargs.py
[2026-02-24T05:34:10.300+0530] {processor.py:830} INFO - Processing file /Users/aswin/Documents/data-engineering-practice/ETL_Airflow_DBT/airflow/airflow_env/lib/python3.11/site-packages/airflow/example_dags/example_xcomargs.py for tasks to queue
[2026-02-24T05:34:10.300+0530] {logging_mixin.py:188} INFO - [2026-02-24T05:34:10.300+0530] {dagbag.py:540} INFO - Filling up the DagBag from /Users/aswin/Documents/data-engineering-practice/ETL_Airflow_DBT/airflow/airflow_env/lib/python3.11/site-packages/airflow/example_dags/example_xcomargs.py
[2026-02-24T05:34:10.315+0530] {processor.py:840} INFO - DAG(s) 'example_xcom_args', 'example_xcom_args_with_operators' retrieved from /Users/aswin/Documents/data-engineering-practice/ETL_Airflow_DBT/airflow/airflow_env/lib/python3.11/site-packages/airflow/example_dags/example_xcomargs.py
[2026-02-24T05:34:10.344+0530] {logging_mixin.py:188} INFO - [2026-02-24T05:34:10.344+0530] {dag.py:3096} INFO - Sync 2 DAGs
[2026-02-24T05:34:10.347+0530] {logging_mixin.py:188} INFO - [2026-02-24T05:34:10.347+0530] {dag.py:3954} INFO - Setting next_dagrun for example_xcom_args to None, run_after=None
[2026-02-24T05:34:10.348+0530] {logging_mixin.py:188} INFO - [2026-02-24T05:34:10.348+0530] {dag.py:3954} INFO - Setting next_dagrun for example_xcom_args_with_operators to None, run_after=None
[2026-02-24T05:34:10.353+0530] {processor.py:183} INFO - Processing /Users/aswin/Documents/data-engineering-practice/ETL_Airflow_DBT/airflow/airflow_env/lib/python3.11/site-packages/airflow/example_dags/example_xcomargs.py took 0.055 seconds
[2026-02-24T05:34:59.648+0530] {processor.py:161} INFO - Started process (PID=47393) to work on /Users/aswin/Documents/data-engineering-practice/ETL_Airflow_DBT/airflow/airflow_env/lib/python3.11/site-packages/airflow/example_dags/example_xcomargs.py
[2026-02-24T05:34:59.649+0530] {processor.py:830} INFO - Processing file /Users/aswin/Documents/data-engineering-practice/ETL_Airflow_DBT/airflow/airflow_env/lib/python3.11/site-packages/airflow/example_dags/example_xcomargs.py for tasks to queue
[2026-02-24T05:34:59.649+0530] {logging_mixin.py:188} INFO - [2026-02-24T05:34:59.649+0530] {dagbag.py:540} INFO - Filling up the DagBag from /Users/aswin/Documents/data-engineering-practice/ETL_Airflow_DBT/airflow/airflow_env/lib/python3.11/site-packages/airflow/example_dags/example_xcomargs.py
[2026-02-24T05:34:59.663+0530] {processor.py:840} INFO - DAG(s) 'example_xcom_args', 'example_xcom_args_with_operators' retrieved from /Users/aswin/Documents/data-engineering-practice/ETL_Airflow_DBT/airflow/airflow_env/lib/python3.11/site-packages/airflow/example_dags/example_xcomargs.py
[2026-02-24T05:34:59.692+0530] {logging_mixin.py:188} INFO - [2026-02-24T05:34:59.692+0530] {dag.py:3096} INFO - Sync 2 DAGs
[2026-02-24T05:34:59.695+0530] {logging_mixin.py:188} INFO - [2026-02-24T05:34:59.695+0530] {dag.py:3954} INFO - Setting next_dagrun for example_xcom_args to None, run_after=None
[2026-02-24T05:34:59.696+0530] {logging_mixin.py:188} INFO - [2026-02-24T05:34:59.695+0530] {dag.py:3954} INFO - Setting next_dagrun for example_xcom_args_with_operators to None, run_after=None
[2026-02-24T05:34:59.700+0530] {processor.py:183} INFO - Processing /Users/aswin/Documents/data-engineering-practice/ETL_Airflow_DBT/airflow/airflow_env/lib/python3.11/site-packages/airflow/example_dags/example_xcomargs.py took 0.053 seconds
[2026-02-24T05:35:46.603+0530] {processor.py:161} INFO - Started process (PID=47441) to work on /Users/aswin/Documents/data-engineering-practice/ETL_Airflow_DBT/airflow/airflow_env/lib/python3.11/site-packages/airflow/example_dags/example_xcomargs.py
[2026-02-24T05:35:46.604+0530] {processor.py:830} INFO - Processing file /Users/aswin/Documents/data-engineering-practice/ETL_Airflow_DBT/airflow/airflow_env/lib/python3.11/site-packages/airflow/example_dags/example_xcomargs.py for tasks to queue
[2026-02-24T05:35:46.604+0530] {logging_mixin.py:188} INFO - [2026-02-24T05:35:46.604+0530] {dagbag.py:540} INFO - Filling up the DagBag from /Users/aswin/Documents/data-engineering-practice/ETL_Airflow_DBT/airflow/airflow_env/lib/python3.11/site-packages/airflow/example_dags/example_xcomargs.py
[2026-02-24T05:35:46.618+0530] {processor.py:840} INFO - DAG(s) 'example_xcom_args', 'example_xcom_args_with_operators' retrieved from /Users/aswin/Documents/data-engineering-practice/ETL_Airflow_DBT/airflow/airflow_env/lib/python3.11/site-packages/airflow/example_dags/example_xcomargs.py
[2026-02-24T05:35:46.647+0530] {logging_mixin.py:188} INFO - [2026-02-24T05:35:46.647+0530] {dag.py:3096} INFO - Sync 2 DAGs
[2026-02-24T05:35:46.650+0530] {logging_mixin.py:188} INFO - [2026-02-24T05:35:46.650+0530] {dag.py:3954} INFO - Setting next_dagrun for example_xcom_args to None, run_after=None
[2026-02-24T05:35:46.651+0530] {logging_mixin.py:188} INFO - [2026-02-24T05:35:46.651+0530] {dag.py:3954} INFO - Setting next_dagrun for example_xcom_args_with_operators to None, run_after=None
[2026-02-24T05:35:46.656+0530] {processor.py:183} INFO - Processing /Users/aswin/Documents/data-engineering-practice/ETL_Airflow_DBT/airflow/airflow_env/lib/python3.11/site-packages/airflow/example_dags/example_xcomargs.py took 0.054 seconds
[2026-02-24T05:36:32.786+0530] {processor.py:161} INFO - Started process (PID=47509) to work on /Users/aswin/Documents/data-engineering-practice/ETL_Airflow_DBT/airflow/airflow_env/lib/python3.11/site-packages/airflow/example_dags/example_xcomargs.py
[2026-02-24T05:36:32.786+0530] {processor.py:830} INFO - Processing file /Users/aswin/Documents/data-engineering-practice/ETL_Airflow_DBT/airflow/airflow_env/lib/python3.11/site-packages/airflow/example_dags/example_xcomargs.py for tasks to queue
[2026-02-24T05:36:32.787+0530] {logging_mixin.py:188} INFO - [2026-02-24T05:36:32.787+0530] {dagbag.py:540} INFO - Filling up the DagBag from /Users/aswin/Documents/data-engineering-practice/ETL_Airflow_DBT/airflow/airflow_env/lib/python3.11/site-packages/airflow/example_dags/example_xcomargs.py
[2026-02-24T05:36:32.804+0530] {processor.py:840} INFO - DAG(s) 'example_xcom_args', 'example_xcom_args_with_operators' retrieved from /Users/aswin/Documents/data-engineering-practice/ETL_Airflow_DBT/airflow/airflow_env/lib/python3.11/site-packages/airflow/example_dags/example_xcomargs.py
[2026-02-24T05:36:32.841+0530] {logging_mixin.py:188} INFO - [2026-02-24T05:36:32.841+0530] {dag.py:3096} INFO - Sync 2 DAGs
[2026-02-24T05:36:32.844+0530] {logging_mixin.py:188} INFO - [2026-02-24T05:36:32.844+0530] {dag.py:3954} INFO - Setting next_dagrun for example_xcom_args to None, run_after=None
[2026-02-24T05:36:32.846+0530] {logging_mixin.py:188} INFO - [2026-02-24T05:36:32.845+0530] {dag.py:3954} INFO - Setting next_dagrun for example_xcom_args_with_operators to None, run_after=None
[2026-02-24T05:36:32.852+0530] {processor.py:183} INFO - Processing /Users/aswin/Documents/data-engineering-practice/ETL_Airflow_DBT/airflow/airflow_env/lib/python3.11/site-packages/airflow/example_dags/example_xcomargs.py took 0.067 seconds
[2026-02-24T05:37:28.080+0530] {processor.py:161} INFO - Started process (PID=47556) to work on /Users/aswin/Documents/data-engineering-practice/ETL_Airflow_DBT/airflow/airflow_env/lib/python3.11/site-packages/airflow/example_dags/example_xcomargs.py
[2026-02-24T05:37:28.080+0530] {processor.py:830} INFO - Processing file /Users/aswin/Documents/data-engineering-practice/ETL_Airflow_DBT/airflow/airflow_env/lib/python3.11/site-packages/airflow/example_dags/example_xcomargs.py for tasks to queue
[2026-02-24T05:37:28.081+0530] {logging_mixin.py:188} INFO - [2026-02-24T05:37:28.081+0530] {dagbag.py:540} INFO - Filling up the DagBag from /Users/aswin/Documents/data-engineering-practice/ETL_Airflow_DBT/airflow/airflow_env/lib/python3.11/site-packages/airflow/example_dags/example_xcomargs.py
[2026-02-24T05:37:28.096+0530] {processor.py:840} INFO - DAG(s) 'example_xcom_args_with_operators', 'example_xcom_args' retrieved from /Users/aswin/Documents/data-engineering-practice/ETL_Airflow_DBT/airflow/airflow_env/lib/python3.11/site-packages/airflow/example_dags/example_xcomargs.py
[2026-02-24T05:37:28.129+0530] {logging_mixin.py:188} INFO - [2026-02-24T05:37:28.129+0530] {dag.py:3096} INFO - Sync 2 DAGs
[2026-02-24T05:37:28.133+0530] {logging_mixin.py:188} INFO - [2026-02-24T05:37:28.133+0530] {dag.py:3954} INFO - Setting next_dagrun for example_xcom_args to None, run_after=None
[2026-02-24T05:37:28.134+0530] {logging_mixin.py:188} INFO - [2026-02-24T05:37:28.134+0530] {dag.py:3954} INFO - Setting next_dagrun for example_xcom_args_with_operators to None, run_after=None
[2026-02-24T05:37:28.140+0530] {processor.py:183} INFO - Processing /Users/aswin/Documents/data-engineering-practice/ETL_Airflow_DBT/airflow/airflow_env/lib/python3.11/site-packages/airflow/example_dags/example_xcomargs.py took 0.061 seconds
[2026-02-24T05:38:20.312+0530] {processor.py:161} INFO - Started process (PID=47602) to work on /Users/aswin/Documents/data-engineering-practice/ETL_Airflow_DBT/airflow/airflow_env/lib/python3.11/site-packages/airflow/example_dags/example_xcomargs.py
[2026-02-24T05:38:20.313+0530] {processor.py:830} INFO - Processing file /Users/aswin/Documents/data-engineering-practice/ETL_Airflow_DBT/airflow/airflow_env/lib/python3.11/site-packages/airflow/example_dags/example_xcomargs.py for tasks to queue
[2026-02-24T05:38:20.313+0530] {logging_mixin.py:188} INFO - [2026-02-24T05:38:20.313+0530] {dagbag.py:540} INFO - Filling up the DagBag from /Users/aswin/Documents/data-engineering-practice/ETL_Airflow_DBT/airflow/airflow_env/lib/python3.11/site-packages/airflow/example_dags/example_xcomargs.py
[2026-02-24T05:38:20.327+0530] {processor.py:840} INFO - DAG(s) 'example_xcom_args_with_operators', 'example_xcom_args' retrieved from /Users/aswin/Documents/data-engineering-practice/ETL_Airflow_DBT/airflow/airflow_env/lib/python3.11/site-packages/airflow/example_dags/example_xcomargs.py
[2026-02-24T05:38:20.356+0530] {logging_mixin.py:188} INFO - [2026-02-24T05:38:20.356+0530] {dag.py:3096} INFO - Sync 2 DAGs
[2026-02-24T05:38:20.359+0530] {logging_mixin.py:188} INFO - [2026-02-24T05:38:20.359+0530] {dag.py:3954} INFO - Setting next_dagrun for example_xcom_args to None, run_after=None
[2026-02-24T05:38:20.359+0530] {logging_mixin.py:188} INFO - [2026-02-24T05:38:20.359+0530] {dag.py:3954} INFO - Setting next_dagrun for example_xcom_args_with_operators to None, run_after=None
[2026-02-24T05:38:20.364+0530] {processor.py:183} INFO - Processing /Users/aswin/Documents/data-engineering-practice/ETL_Airflow_DBT/airflow/airflow_env/lib/python3.11/site-packages/airflow/example_dags/example_xcomargs.py took 0.054 seconds
[2026-02-24T05:39:48.881+0530] {processor.py:161} INFO - Started process (PID=47680) to work on /Users/aswin/Documents/data-engineering-practice/ETL_Airflow_DBT/airflow/airflow_env/lib/python3.11/site-packages/airflow/example_dags/example_xcomargs.py
[2026-02-24T05:39:48.882+0530] {processor.py:830} INFO - Processing file /Users/aswin/Documents/data-engineering-practice/ETL_Airflow_DBT/airflow/airflow_env/lib/python3.11/site-packages/airflow/example_dags/example_xcomargs.py for tasks to queue
[2026-02-24T05:39:48.882+0530] {logging_mixin.py:188} INFO - [2026-02-24T05:39:48.882+0530] {dagbag.py:540} INFO - Filling up the DagBag from /Users/aswin/Documents/data-engineering-practice/ETL_Airflow_DBT/airflow/airflow_env/lib/python3.11/site-packages/airflow/example_dags/example_xcomargs.py
[2026-02-24T05:39:48.896+0530] {processor.py:840} INFO - DAG(s) 'example_xcom_args_with_operators', 'example_xcom_args' retrieved from /Users/aswin/Documents/data-engineering-practice/ETL_Airflow_DBT/airflow/airflow_env/lib/python3.11/site-packages/airflow/example_dags/example_xcomargs.py
[2026-02-24T05:39:48.925+0530] {logging_mixin.py:188} INFO - [2026-02-24T05:39:48.925+0530] {dag.py:3096} INFO - Sync 2 DAGs
[2026-02-24T05:39:48.928+0530] {logging_mixin.py:188} INFO - [2026-02-24T05:39:48.928+0530] {dag.py:3954} INFO - Setting next_dagrun for example_xcom_args to None, run_after=None
[2026-02-24T05:39:48.929+0530] {logging_mixin.py:188} INFO - [2026-02-24T05:39:48.929+0530] {dag.py:3954} INFO - Setting next_dagrun for example_xcom_args_with_operators to None, run_after=None
[2026-02-24T05:39:48.934+0530] {processor.py:183} INFO - Processing /Users/aswin/Documents/data-engineering-practice/ETL_Airflow_DBT/airflow/airflow_env/lib/python3.11/site-packages/airflow/example_dags/example_xcomargs.py took 0.054 seconds
[2026-02-24T05:40:41.608+0530] {processor.py:161} INFO - Started process (PID=47738) to work on /Users/aswin/Documents/data-engineering-practice/ETL_Airflow_DBT/airflow/airflow_env/lib/python3.11/site-packages/airflow/example_dags/example_xcomargs.py
[2026-02-24T05:40:41.609+0530] {processor.py:830} INFO - Processing file /Users/aswin/Documents/data-engineering-practice/ETL_Airflow_DBT/airflow/airflow_env/lib/python3.11/site-packages/airflow/example_dags/example_xcomargs.py for tasks to queue
[2026-02-24T05:40:41.609+0530] {logging_mixin.py:188} INFO - [2026-02-24T05:40:41.609+0530] {dagbag.py:540} INFO - Filling up the DagBag from /Users/aswin/Documents/data-engineering-practice/ETL_Airflow_DBT/airflow/airflow_env/lib/python3.11/site-packages/airflow/example_dags/example_xcomargs.py
[2026-02-24T05:40:41.622+0530] {processor.py:840} INFO - DAG(s) 'example_xcom_args_with_operators', 'example_xcom_args' retrieved from /Users/aswin/Documents/data-engineering-practice/ETL_Airflow_DBT/airflow/airflow_env/lib/python3.11/site-packages/airflow/example_dags/example_xcomargs.py
[2026-02-24T05:40:41.652+0530] {logging_mixin.py:188} INFO - [2026-02-24T05:40:41.652+0530] {dag.py:3096} INFO - Sync 2 DAGs
[2026-02-24T05:40:41.655+0530] {logging_mixin.py:188} INFO - [2026-02-24T05:40:41.655+0530] {dag.py:3954} INFO - Setting next_dagrun for example_xcom_args to None, run_after=None
[2026-02-24T05:40:41.656+0530] {logging_mixin.py:188} INFO - [2026-02-24T05:40:41.656+0530] {dag.py:3954} INFO - Setting next_dagrun for example_xcom_args_with_operators to None, run_after=None
[2026-02-24T05:40:41.661+0530] {processor.py:183} INFO - Processing /Users/aswin/Documents/data-engineering-practice/ETL_Airflow_DBT/airflow/airflow_env/lib/python3.11/site-packages/airflow/example_dags/example_xcomargs.py took 0.054 seconds
[2026-02-24T05:41:32.374+0530] {processor.py:161} INFO - Started process (PID=47779) to work on /Users/aswin/Documents/data-engineering-practice/ETL_Airflow_DBT/airflow/airflow_env/lib/python3.11/site-packages/airflow/example_dags/example_xcomargs.py
[2026-02-24T05:41:32.375+0530] {processor.py:830} INFO - Processing file /Users/aswin/Documents/data-engineering-practice/ETL_Airflow_DBT/airflow/airflow_env/lib/python3.11/site-packages/airflow/example_dags/example_xcomargs.py for tasks to queue
[2026-02-24T05:41:32.375+0530] {logging_mixin.py:188} INFO - [2026-02-24T05:41:32.375+0530] {dagbag.py:540} INFO - Filling up the DagBag from /Users/aswin/Documents/data-engineering-practice/ETL_Airflow_DBT/airflow/airflow_env/lib/python3.11/site-packages/airflow/example_dags/example_xcomargs.py
[2026-02-24T05:41:32.388+0530] {processor.py:840} INFO - DAG(s) 'example_xcom_args', 'example_xcom_args_with_operators' retrieved from /Users/aswin/Documents/data-engineering-practice/ETL_Airflow_DBT/airflow/airflow_env/lib/python3.11/site-packages/airflow/example_dags/example_xcomargs.py
[2026-02-24T05:41:32.417+0530] {logging_mixin.py:188} INFO - [2026-02-24T05:41:32.417+0530] {dag.py:3096} INFO - Sync 2 DAGs
[2026-02-24T05:41:32.420+0530] {logging_mixin.py:188} INFO - [2026-02-24T05:41:32.420+0530] {dag.py:3954} INFO - Setting next_dagrun for example_xcom_args to None, run_after=None
[2026-02-24T05:41:32.421+0530] {logging_mixin.py:188} INFO - [2026-02-24T05:41:32.421+0530] {dag.py:3954} INFO - Setting next_dagrun for example_xcom_args_with_operators to None, run_after=None
[2026-02-24T05:41:32.426+0530] {processor.py:183} INFO - Processing /Users/aswin/Documents/data-engineering-practice/ETL_Airflow_DBT/airflow/airflow_env/lib/python3.11/site-packages/airflow/example_dags/example_xcomargs.py took 0.053 seconds
[2026-02-24T05:42:19.172+0530] {processor.py:161} INFO - Started process (PID=47814) to work on /Users/aswin/Documents/data-engineering-practice/ETL_Airflow_DBT/airflow/airflow_env/lib/python3.11/site-packages/airflow/example_dags/example_xcomargs.py
[2026-02-24T05:42:19.173+0530] {processor.py:830} INFO - Processing file /Users/aswin/Documents/data-engineering-practice/ETL_Airflow_DBT/airflow/airflow_env/lib/python3.11/site-packages/airflow/example_dags/example_xcomargs.py for tasks to queue
[2026-02-24T05:42:19.173+0530] {logging_mixin.py:188} INFO - [2026-02-24T05:42:19.173+0530] {dagbag.py:540} INFO - Filling up the DagBag from /Users/aswin/Documents/data-engineering-practice/ETL_Airflow_DBT/airflow/airflow_env/lib/python3.11/site-packages/airflow/example_dags/example_xcomargs.py
[2026-02-24T05:42:19.187+0530] {processor.py:840} INFO - DAG(s) 'example_xcom_args_with_operators', 'example_xcom_args' retrieved from /Users/aswin/Documents/data-engineering-practice/ETL_Airflow_DBT/airflow/airflow_env/lib/python3.11/site-packages/airflow/example_dags/example_xcomargs.py
[2026-02-24T05:42:19.216+0530] {logging_mixin.py:188} INFO - [2026-02-24T05:42:19.216+0530] {dag.py:3096} INFO - Sync 2 DAGs
[2026-02-24T05:42:19.219+0530] {logging_mixin.py:188} INFO - [2026-02-24T05:42:19.219+0530] {dag.py:3954} INFO - Setting next_dagrun for example_xcom_args to None, run_after=None
[2026-02-24T05:42:19.220+0530] {logging_mixin.py:188} INFO - [2026-02-24T05:42:19.220+0530] {dag.py:3954} INFO - Setting next_dagrun for example_xcom_args_with_operators to None, run_after=None
[2026-02-24T05:42:19.225+0530] {processor.py:183} INFO - Processing /Users/aswin/Documents/data-engineering-practice/ETL_Airflow_DBT/airflow/airflow_env/lib/python3.11/site-packages/airflow/example_dags/example_xcomargs.py took 0.054 seconds
[2026-02-24T05:43:49.069+0530] {processor.py:161} INFO - Started process (PID=47886) to work on /Users/aswin/Documents/data-engineering-practice/ETL_Airflow_DBT/airflow/airflow_env/lib/python3.11/site-packages/airflow/example_dags/example_xcomargs.py
[2026-02-24T05:43:49.070+0530] {processor.py:830} INFO - Processing file /Users/aswin/Documents/data-engineering-practice/ETL_Airflow_DBT/airflow/airflow_env/lib/python3.11/site-packages/airflow/example_dags/example_xcomargs.py for tasks to queue
[2026-02-24T05:43:49.070+0530] {logging_mixin.py:188} INFO - [2026-02-24T05:43:49.070+0530] {dagbag.py:540} INFO - Filling up the DagBag from /Users/aswin/Documents/data-engineering-practice/ETL_Airflow_DBT/airflow/airflow_env/lib/python3.11/site-packages/airflow/example_dags/example_xcomargs.py
[2026-02-24T05:43:49.085+0530] {processor.py:840} INFO - DAG(s) 'example_xcom_args_with_operators', 'example_xcom_args' retrieved from /Users/aswin/Documents/data-engineering-practice/ETL_Airflow_DBT/airflow/airflow_env/lib/python3.11/site-packages/airflow/example_dags/example_xcomargs.py
[2026-02-24T05:43:49.114+0530] {logging_mixin.py:188} INFO - [2026-02-24T05:43:49.114+0530] {dag.py:3096} INFO - Sync 2 DAGs
[2026-02-24T05:43:49.117+0530] {logging_mixin.py:188} INFO - [2026-02-24T05:43:49.117+0530] {dag.py:3954} INFO - Setting next_dagrun for example_xcom_args to None, run_after=None
[2026-02-24T05:43:49.118+0530] {logging_mixin.py:188} INFO - [2026-02-24T05:43:49.118+0530] {dag.py:3954} INFO - Setting next_dagrun for example_xcom_args_with_operators to None, run_after=None
[2026-02-24T05:43:49.124+0530] {processor.py:183} INFO - Processing /Users/aswin/Documents/data-engineering-practice/ETL_Airflow_DBT/airflow/airflow_env/lib/python3.11/site-packages/airflow/example_dags/example_xcomargs.py took 0.056 seconds
[2026-02-24T05:44:36.369+0530] {processor.py:161} INFO - Started process (PID=47935) to work on /Users/aswin/Documents/data-engineering-practice/ETL_Airflow_DBT/airflow/airflow_env/lib/python3.11/site-packages/airflow/example_dags/example_xcomargs.py
[2026-02-24T05:44:36.371+0530] {processor.py:830} INFO - Processing file /Users/aswin/Documents/data-engineering-practice/ETL_Airflow_DBT/airflow/airflow_env/lib/python3.11/site-packages/airflow/example_dags/example_xcomargs.py for tasks to queue
[2026-02-24T05:44:36.371+0530] {logging_mixin.py:188} INFO - [2026-02-24T05:44:36.371+0530] {dagbag.py:540} INFO - Filling up the DagBag from /Users/aswin/Documents/data-engineering-practice/ETL_Airflow_DBT/airflow/airflow_env/lib/python3.11/site-packages/airflow/example_dags/example_xcomargs.py
[2026-02-24T05:44:36.385+0530] {processor.py:840} INFO - DAG(s) 'example_xcom_args', 'example_xcom_args_with_operators' retrieved from /Users/aswin/Documents/data-engineering-practice/ETL_Airflow_DBT/airflow/airflow_env/lib/python3.11/site-packages/airflow/example_dags/example_xcomargs.py
[2026-02-24T05:44:36.416+0530] {logging_mixin.py:188} INFO - [2026-02-24T05:44:36.416+0530] {dag.py:3096} INFO - Sync 2 DAGs
[2026-02-24T05:44:36.420+0530] {logging_mixin.py:188} INFO - [2026-02-24T05:44:36.420+0530] {dag.py:3954} INFO - Setting next_dagrun for example_xcom_args to None, run_after=None
[2026-02-24T05:44:36.421+0530] {logging_mixin.py:188} INFO - [2026-02-24T05:44:36.421+0530] {dag.py:3954} INFO - Setting next_dagrun for example_xcom_args_with_operators to None, run_after=None
[2026-02-24T05:44:36.427+0530] {processor.py:183} INFO - Processing /Users/aswin/Documents/data-engineering-practice/ETL_Airflow_DBT/airflow/airflow_env/lib/python3.11/site-packages/airflow/example_dags/example_xcomargs.py took 0.059 seconds
[2026-02-24T05:45:24.155+0530] {processor.py:161} INFO - Started process (PID=47972) to work on /Users/aswin/Documents/data-engineering-practice/ETL_Airflow_DBT/airflow/airflow_env/lib/python3.11/site-packages/airflow/example_dags/example_xcomargs.py
[2026-02-24T05:45:24.156+0530] {processor.py:830} INFO - Processing file /Users/aswin/Documents/data-engineering-practice/ETL_Airflow_DBT/airflow/airflow_env/lib/python3.11/site-packages/airflow/example_dags/example_xcomargs.py for tasks to queue
[2026-02-24T05:45:24.156+0530] {logging_mixin.py:188} INFO - [2026-02-24T05:45:24.156+0530] {dagbag.py:540} INFO - Filling up the DagBag from /Users/aswin/Documents/data-engineering-practice/ETL_Airflow_DBT/airflow/airflow_env/lib/python3.11/site-packages/airflow/example_dags/example_xcomargs.py
[2026-02-24T05:45:24.170+0530] {processor.py:840} INFO - DAG(s) 'example_xcom_args_with_operators', 'example_xcom_args' retrieved from /Users/aswin/Documents/data-engineering-practice/ETL_Airflow_DBT/airflow/airflow_env/lib/python3.11/site-packages/airflow/example_dags/example_xcomargs.py
[2026-02-24T05:45:24.199+0530] {logging_mixin.py:188} INFO - [2026-02-24T05:45:24.199+0530] {dag.py:3096} INFO - Sync 2 DAGs
[2026-02-24T05:45:24.202+0530] {logging_mixin.py:188} INFO - [2026-02-24T05:45:24.202+0530] {dag.py:3954} INFO - Setting next_dagrun for example_xcom_args to None, run_after=None
[2026-02-24T05:45:24.203+0530] {logging_mixin.py:188} INFO - [2026-02-24T05:45:24.203+0530] {dag.py:3954} INFO - Setting next_dagrun for example_xcom_args_with_operators to None, run_after=None
[2026-02-24T05:45:24.208+0530] {processor.py:183} INFO - Processing /Users/aswin/Documents/data-engineering-practice/ETL_Airflow_DBT/airflow/airflow_env/lib/python3.11/site-packages/airflow/example_dags/example_xcomargs.py took 0.054 seconds
[2026-02-24T05:46:53.285+0530] {processor.py:161} INFO - Started process (PID=48070) to work on /Users/aswin/Documents/data-engineering-practice/ETL_Airflow_DBT/airflow/airflow_env/lib/python3.11/site-packages/airflow/example_dags/example_xcomargs.py
[2026-02-24T05:46:53.286+0530] {processor.py:830} INFO - Processing file /Users/aswin/Documents/data-engineering-practice/ETL_Airflow_DBT/airflow/airflow_env/lib/python3.11/site-packages/airflow/example_dags/example_xcomargs.py for tasks to queue
[2026-02-24T05:46:53.287+0530] {logging_mixin.py:188} INFO - [2026-02-24T05:46:53.286+0530] {dagbag.py:540} INFO - Filling up the DagBag from /Users/aswin/Documents/data-engineering-practice/ETL_Airflow_DBT/airflow/airflow_env/lib/python3.11/site-packages/airflow/example_dags/example_xcomargs.py
[2026-02-24T05:46:53.300+0530] {processor.py:840} INFO - DAG(s) 'example_xcom_args', 'example_xcom_args_with_operators' retrieved from /Users/aswin/Documents/data-engineering-practice/ETL_Airflow_DBT/airflow/airflow_env/lib/python3.11/site-packages/airflow/example_dags/example_xcomargs.py
[2026-02-24T05:46:53.329+0530] {logging_mixin.py:188} INFO - [2026-02-24T05:46:53.329+0530] {dag.py:3096} INFO - Sync 2 DAGs
[2026-02-24T05:46:53.332+0530] {logging_mixin.py:188} INFO - [2026-02-24T05:46:53.332+0530] {dag.py:3954} INFO - Setting next_dagrun for example_xcom_args to None, run_after=None
[2026-02-24T05:46:53.333+0530] {logging_mixin.py:188} INFO - [2026-02-24T05:46:53.333+0530] {dag.py:3954} INFO - Setting next_dagrun for example_xcom_args_with_operators to None, run_after=None
[2026-02-24T05:46:53.338+0530] {processor.py:183} INFO - Processing /Users/aswin/Documents/data-engineering-practice/ETL_Airflow_DBT/airflow/airflow_env/lib/python3.11/site-packages/airflow/example_dags/example_xcomargs.py took 0.054 seconds
[2026-02-24T05:48:22.132+0530] {processor.py:161} INFO - Started process (PID=48160) to work on /Users/aswin/Documents/data-engineering-practice/ETL_Airflow_DBT/airflow/airflow_env/lib/python3.11/site-packages/airflow/example_dags/example_xcomargs.py
[2026-02-24T05:48:22.133+0530] {processor.py:830} INFO - Processing file /Users/aswin/Documents/data-engineering-practice/ETL_Airflow_DBT/airflow/airflow_env/lib/python3.11/site-packages/airflow/example_dags/example_xcomargs.py for tasks to queue
[2026-02-24T05:48:22.133+0530] {logging_mixin.py:188} INFO - [2026-02-24T05:48:22.133+0530] {dagbag.py:540} INFO - Filling up the DagBag from /Users/aswin/Documents/data-engineering-practice/ETL_Airflow_DBT/airflow/airflow_env/lib/python3.11/site-packages/airflow/example_dags/example_xcomargs.py
[2026-02-24T05:48:22.146+0530] {processor.py:840} INFO - DAG(s) 'example_xcom_args', 'example_xcom_args_with_operators' retrieved from /Users/aswin/Documents/data-engineering-practice/ETL_Airflow_DBT/airflow/airflow_env/lib/python3.11/site-packages/airflow/example_dags/example_xcomargs.py
[2026-02-24T05:48:22.176+0530] {logging_mixin.py:188} INFO - [2026-02-24T05:48:22.176+0530] {dag.py:3096} INFO - Sync 2 DAGs
[2026-02-24T05:48:22.179+0530] {logging_mixin.py:188} INFO - [2026-02-24T05:48:22.179+0530] {dag.py:3954} INFO - Setting next_dagrun for example_xcom_args to None, run_after=None
[2026-02-24T05:48:22.180+0530] {logging_mixin.py:188} INFO - [2026-02-24T05:48:22.180+0530] {dag.py:3954} INFO - Setting next_dagrun for example_xcom_args_with_operators to None, run_after=None
[2026-02-24T05:48:22.185+0530] {processor.py:183} INFO - Processing /Users/aswin/Documents/data-engineering-practice/ETL_Airflow_DBT/airflow/airflow_env/lib/python3.11/site-packages/airflow/example_dags/example_xcomargs.py took 0.054 seconds
[2026-02-24T05:49:52.472+0530] {processor.py:161} INFO - Started process (PID=48271) to work on /Users/aswin/Documents/data-engineering-practice/ETL_Airflow_DBT/airflow/airflow_env/lib/python3.11/site-packages/airflow/example_dags/example_xcomargs.py
[2026-02-24T05:49:52.473+0530] {processor.py:830} INFO - Processing file /Users/aswin/Documents/data-engineering-practice/ETL_Airflow_DBT/airflow/airflow_env/lib/python3.11/site-packages/airflow/example_dags/example_xcomargs.py for tasks to queue
[2026-02-24T05:49:52.474+0530] {logging_mixin.py:188} INFO - [2026-02-24T05:49:52.474+0530] {dagbag.py:540} INFO - Filling up the DagBag from /Users/aswin/Documents/data-engineering-practice/ETL_Airflow_DBT/airflow/airflow_env/lib/python3.11/site-packages/airflow/example_dags/example_xcomargs.py
[2026-02-24T05:49:52.487+0530] {processor.py:840} INFO - DAG(s) 'example_xcom_args', 'example_xcom_args_with_operators' retrieved from /Users/aswin/Documents/data-engineering-practice/ETL_Airflow_DBT/airflow/airflow_env/lib/python3.11/site-packages/airflow/example_dags/example_xcomargs.py
[2026-02-24T05:49:52.516+0530] {logging_mixin.py:188} INFO - [2026-02-24T05:49:52.516+0530] {dag.py:3096} INFO - Sync 2 DAGs
[2026-02-24T05:49:52.519+0530] {logging_mixin.py:188} INFO - [2026-02-24T05:49:52.519+0530] {dag.py:3954} INFO - Setting next_dagrun for example_xcom_args to None, run_after=None
[2026-02-24T05:49:52.520+0530] {logging_mixin.py:188} INFO - [2026-02-24T05:49:52.520+0530] {dag.py:3954} INFO - Setting next_dagrun for example_xcom_args_with_operators to None, run_after=None
[2026-02-24T05:49:52.525+0530] {processor.py:183} INFO - Processing /Users/aswin/Documents/data-engineering-practice/ETL_Airflow_DBT/airflow/airflow_env/lib/python3.11/site-packages/airflow/example_dags/example_xcomargs.py took 0.054 seconds
[2026-02-24T05:50:38.916+0530] {processor.py:161} INFO - Started process (PID=48317) to work on /Users/aswin/Documents/data-engineering-practice/ETL_Airflow_DBT/airflow/airflow_env/lib/python3.11/site-packages/airflow/example_dags/example_xcomargs.py
[2026-02-24T05:50:38.917+0530] {processor.py:830} INFO - Processing file /Users/aswin/Documents/data-engineering-practice/ETL_Airflow_DBT/airflow/airflow_env/lib/python3.11/site-packages/airflow/example_dags/example_xcomargs.py for tasks to queue
[2026-02-24T05:50:38.917+0530] {logging_mixin.py:188} INFO - [2026-02-24T05:50:38.917+0530] {dagbag.py:540} INFO - Filling up the DagBag from /Users/aswin/Documents/data-engineering-practice/ETL_Airflow_DBT/airflow/airflow_env/lib/python3.11/site-packages/airflow/example_dags/example_xcomargs.py
[2026-02-24T05:50:38.931+0530] {processor.py:840} INFO - DAG(s) 'example_xcom_args', 'example_xcom_args_with_operators' retrieved from /Users/aswin/Documents/data-engineering-practice/ETL_Airflow_DBT/airflow/airflow_env/lib/python3.11/site-packages/airflow/example_dags/example_xcomargs.py
[2026-02-24T05:50:38.960+0530] {logging_mixin.py:188} INFO - [2026-02-24T05:50:38.960+0530] {dag.py:3096} INFO - Sync 2 DAGs
[2026-02-24T05:50:38.963+0530] {logging_mixin.py:188} INFO - [2026-02-24T05:50:38.963+0530] {dag.py:3954} INFO - Setting next_dagrun for example_xcom_args to None, run_after=None
[2026-02-24T05:50:38.964+0530] {logging_mixin.py:188} INFO - [2026-02-24T05:50:38.964+0530] {dag.py:3954} INFO - Setting next_dagrun for example_xcom_args_with_operators to None, run_after=None
[2026-02-24T05:50:38.969+0530] {processor.py:183} INFO - Processing /Users/aswin/Documents/data-engineering-practice/ETL_Airflow_DBT/airflow/airflow_env/lib/python3.11/site-packages/airflow/example_dags/example_xcomargs.py took 0.054 seconds
[2026-02-24T05:52:08.146+0530] {processor.py:161} INFO - Started process (PID=48396) to work on /Users/aswin/Documents/data-engineering-practice/ETL_Airflow_DBT/airflow/airflow_env/lib/python3.11/site-packages/airflow/example_dags/example_xcomargs.py
[2026-02-24T05:52:08.147+0530] {processor.py:830} INFO - Processing file /Users/aswin/Documents/data-engineering-practice/ETL_Airflow_DBT/airflow/airflow_env/lib/python3.11/site-packages/airflow/example_dags/example_xcomargs.py for tasks to queue
[2026-02-24T05:52:08.147+0530] {logging_mixin.py:188} INFO - [2026-02-24T05:52:08.147+0530] {dagbag.py:540} INFO - Filling up the DagBag from /Users/aswin/Documents/data-engineering-practice/ETL_Airflow_DBT/airflow/airflow_env/lib/python3.11/site-packages/airflow/example_dags/example_xcomargs.py
[2026-02-24T05:52:08.161+0530] {processor.py:840} INFO - DAG(s) 'example_xcom_args', 'example_xcom_args_with_operators' retrieved from /Users/aswin/Documents/data-engineering-practice/ETL_Airflow_DBT/airflow/airflow_env/lib/python3.11/site-packages/airflow/example_dags/example_xcomargs.py
[2026-02-24T05:52:08.191+0530] {logging_mixin.py:188} INFO - [2026-02-24T05:52:08.191+0530] {dag.py:3096} INFO - Sync 2 DAGs
[2026-02-24T05:52:08.194+0530] {logging_mixin.py:188} INFO - [2026-02-24T05:52:08.194+0530] {dag.py:3954} INFO - Setting next_dagrun for example_xcom_args to None, run_after=None
[2026-02-24T05:52:08.195+0530] {logging_mixin.py:188} INFO - [2026-02-24T05:52:08.195+0530] {dag.py:3954} INFO - Setting next_dagrun for example_xcom_args_with_operators to None, run_after=None
[2026-02-24T05:52:08.200+0530] {processor.py:183} INFO - Processing /Users/aswin/Documents/data-engineering-practice/ETL_Airflow_DBT/airflow/airflow_env/lib/python3.11/site-packages/airflow/example_dags/example_xcomargs.py took 0.056 seconds
[2026-02-24T05:52:56.360+0530] {processor.py:161} INFO - Started process (PID=48433) to work on /Users/aswin/Documents/data-engineering-practice/ETL_Airflow_DBT/airflow/airflow_env/lib/python3.11/site-packages/airflow/example_dags/example_xcomargs.py
[2026-02-24T05:52:56.361+0530] {processor.py:830} INFO - Processing file /Users/aswin/Documents/data-engineering-practice/ETL_Airflow_DBT/airflow/airflow_env/lib/python3.11/site-packages/airflow/example_dags/example_xcomargs.py for tasks to queue
[2026-02-24T05:52:56.361+0530] {logging_mixin.py:188} INFO - [2026-02-24T05:52:56.361+0530] {dagbag.py:540} INFO - Filling up the DagBag from /Users/aswin/Documents/data-engineering-practice/ETL_Airflow_DBT/airflow/airflow_env/lib/python3.11/site-packages/airflow/example_dags/example_xcomargs.py
[2026-02-24T05:52:56.376+0530] {processor.py:840} INFO - DAG(s) 'example_xcom_args', 'example_xcom_args_with_operators' retrieved from /Users/aswin/Documents/data-engineering-practice/ETL_Airflow_DBT/airflow/airflow_env/lib/python3.11/site-packages/airflow/example_dags/example_xcomargs.py
[2026-02-24T05:52:56.405+0530] {logging_mixin.py:188} INFO - [2026-02-24T05:52:56.405+0530] {dag.py:3096} INFO - Sync 2 DAGs
[2026-02-24T05:52:56.408+0530] {logging_mixin.py:188} INFO - [2026-02-24T05:52:56.408+0530] {dag.py:3954} INFO - Setting next_dagrun for example_xcom_args to None, run_after=None
[2026-02-24T05:52:56.409+0530] {logging_mixin.py:188} INFO - [2026-02-24T05:52:56.409+0530] {dag.py:3954} INFO - Setting next_dagrun for example_xcom_args_with_operators to None, run_after=None
[2026-02-24T05:52:56.414+0530] {processor.py:183} INFO - Processing /Users/aswin/Documents/data-engineering-practice/ETL_Airflow_DBT/airflow/airflow_env/lib/python3.11/site-packages/airflow/example_dags/example_xcomargs.py took 0.055 seconds
[2026-02-24T05:53:44.684+0530] {processor.py:161} INFO - Started process (PID=48486) to work on /Users/aswin/Documents/data-engineering-practice/ETL_Airflow_DBT/airflow/airflow_env/lib/python3.11/site-packages/airflow/example_dags/example_xcomargs.py
[2026-02-24T05:53:44.685+0530] {processor.py:830} INFO - Processing file /Users/aswin/Documents/data-engineering-practice/ETL_Airflow_DBT/airflow/airflow_env/lib/python3.11/site-packages/airflow/example_dags/example_xcomargs.py for tasks to queue
[2026-02-24T05:53:44.685+0530] {logging_mixin.py:188} INFO - [2026-02-24T05:53:44.685+0530] {dagbag.py:540} INFO - Filling up the DagBag from /Users/aswin/Documents/data-engineering-practice/ETL_Airflow_DBT/airflow/airflow_env/lib/python3.11/site-packages/airflow/example_dags/example_xcomargs.py
[2026-02-24T05:53:44.699+0530] {processor.py:840} INFO - DAG(s) 'example_xcom_args_with_operators', 'example_xcom_args' retrieved from /Users/aswin/Documents/data-engineering-practice/ETL_Airflow_DBT/airflow/airflow_env/lib/python3.11/site-packages/airflow/example_dags/example_xcomargs.py
[2026-02-24T05:53:44.728+0530] {logging_mixin.py:188} INFO - [2026-02-24T05:53:44.728+0530] {dag.py:3096} INFO - Sync 2 DAGs
[2026-02-24T05:53:44.731+0530] {logging_mixin.py:188} INFO - [2026-02-24T05:53:44.731+0530] {dag.py:3954} INFO - Setting next_dagrun for example_xcom_args to None, run_after=None
[2026-02-24T05:53:44.732+0530] {logging_mixin.py:188} INFO - [2026-02-24T05:53:44.732+0530] {dag.py:3954} INFO - Setting next_dagrun for example_xcom_args_with_operators to None, run_after=None
[2026-02-24T05:53:44.737+0530] {processor.py:183} INFO - Processing /Users/aswin/Documents/data-engineering-practice/ETL_Airflow_DBT/airflow/airflow_env/lib/python3.11/site-packages/airflow/example_dags/example_xcomargs.py took 0.054 seconds
[2026-02-24T05:54:30.940+0530] {processor.py:161} INFO - Started process (PID=48550) to work on /Users/aswin/Documents/data-engineering-practice/ETL_Airflow_DBT/airflow/airflow_env/lib/python3.11/site-packages/airflow/example_dags/example_xcomargs.py
[2026-02-24T05:54:30.941+0530] {processor.py:830} INFO - Processing file /Users/aswin/Documents/data-engineering-practice/ETL_Airflow_DBT/airflow/airflow_env/lib/python3.11/site-packages/airflow/example_dags/example_xcomargs.py for tasks to queue
[2026-02-24T05:54:30.941+0530] {logging_mixin.py:188} INFO - [2026-02-24T05:54:30.941+0530] {dagbag.py:540} INFO - Filling up the DagBag from /Users/aswin/Documents/data-engineering-practice/ETL_Airflow_DBT/airflow/airflow_env/lib/python3.11/site-packages/airflow/example_dags/example_xcomargs.py
[2026-02-24T05:54:30.954+0530] {processor.py:840} INFO - DAG(s) 'example_xcom_args_with_operators', 'example_xcom_args' retrieved from /Users/aswin/Documents/data-engineering-practice/ETL_Airflow_DBT/airflow/airflow_env/lib/python3.11/site-packages/airflow/example_dags/example_xcomargs.py
[2026-02-24T05:54:30.984+0530] {logging_mixin.py:188} INFO - [2026-02-24T05:54:30.984+0530] {dag.py:3096} INFO - Sync 2 DAGs
[2026-02-24T05:54:30.987+0530] {logging_mixin.py:188} INFO - [2026-02-24T05:54:30.987+0530] {dag.py:3954} INFO - Setting next_dagrun for example_xcom_args to None, run_after=None
[2026-02-24T05:54:30.988+0530] {logging_mixin.py:188} INFO - [2026-02-24T05:54:30.988+0530] {dag.py:3954} INFO - Setting next_dagrun for example_xcom_args_with_operators to None, run_after=None
[2026-02-24T05:54:30.993+0530] {processor.py:183} INFO - Processing /Users/aswin/Documents/data-engineering-practice/ETL_Airflow_DBT/airflow/airflow_env/lib/python3.11/site-packages/airflow/example_dags/example_xcomargs.py took 0.054 seconds
[2026-02-24T05:55:19.010+0530] {processor.py:161} INFO - Started process (PID=48599) to work on /Users/aswin/Documents/data-engineering-practice/ETL_Airflow_DBT/airflow/airflow_env/lib/python3.11/site-packages/airflow/example_dags/example_xcomargs.py
[2026-02-24T05:55:19.011+0530] {processor.py:830} INFO - Processing file /Users/aswin/Documents/data-engineering-practice/ETL_Airflow_DBT/airflow/airflow_env/lib/python3.11/site-packages/airflow/example_dags/example_xcomargs.py for tasks to queue
[2026-02-24T05:55:19.011+0530] {logging_mixin.py:188} INFO - [2026-02-24T05:55:19.011+0530] {dagbag.py:540} INFO - Filling up the DagBag from /Users/aswin/Documents/data-engineering-practice/ETL_Airflow_DBT/airflow/airflow_env/lib/python3.11/site-packages/airflow/example_dags/example_xcomargs.py
[2026-02-24T05:55:19.025+0530] {processor.py:840} INFO - DAG(s) 'example_xcom_args', 'example_xcom_args_with_operators' retrieved from /Users/aswin/Documents/data-engineering-practice/ETL_Airflow_DBT/airflow/airflow_env/lib/python3.11/site-packages/airflow/example_dags/example_xcomargs.py
[2026-02-24T05:55:19.054+0530] {logging_mixin.py:188} INFO - [2026-02-24T05:55:19.054+0530] {dag.py:3096} INFO - Sync 2 DAGs
[2026-02-24T05:55:19.057+0530] {logging_mixin.py:188} INFO - [2026-02-24T05:55:19.057+0530] {dag.py:3954} INFO - Setting next_dagrun for example_xcom_args to None, run_after=None
[2026-02-24T05:55:19.058+0530] {logging_mixin.py:188} INFO - [2026-02-24T05:55:19.058+0530] {dag.py:3954} INFO - Setting next_dagrun for example_xcom_args_with_operators to None, run_after=None
[2026-02-24T05:55:19.063+0530] {processor.py:183} INFO - Processing /Users/aswin/Documents/data-engineering-practice/ETL_Airflow_DBT/airflow/airflow_env/lib/python3.11/site-packages/airflow/example_dags/example_xcomargs.py took 0.054 seconds
[2026-02-24T05:56:04.596+0530] {processor.py:161} INFO - Started process (PID=48652) to work on /Users/aswin/Documents/data-engineering-practice/ETL_Airflow_DBT/airflow/airflow_env/lib/python3.11/site-packages/airflow/example_dags/example_xcomargs.py
[2026-02-24T05:56:04.597+0530] {processor.py:830} INFO - Processing file /Users/aswin/Documents/data-engineering-practice/ETL_Airflow_DBT/airflow/airflow_env/lib/python3.11/site-packages/airflow/example_dags/example_xcomargs.py for tasks to queue
[2026-02-24T05:56:04.598+0530] {logging_mixin.py:188} INFO - [2026-02-24T05:56:04.597+0530] {dagbag.py:540} INFO - Filling up the DagBag from /Users/aswin/Documents/data-engineering-practice/ETL_Airflow_DBT/airflow/airflow_env/lib/python3.11/site-packages/airflow/example_dags/example_xcomargs.py
[2026-02-24T05:56:04.611+0530] {processor.py:840} INFO - DAG(s) 'example_xcom_args', 'example_xcom_args_with_operators' retrieved from /Users/aswin/Documents/data-engineering-practice/ETL_Airflow_DBT/airflow/airflow_env/lib/python3.11/site-packages/airflow/example_dags/example_xcomargs.py
[2026-02-24T05:56:04.640+0530] {logging_mixin.py:188} INFO - [2026-02-24T05:56:04.640+0530] {dag.py:3096} INFO - Sync 2 DAGs
[2026-02-24T05:56:04.643+0530] {logging_mixin.py:188} INFO - [2026-02-24T05:56:04.643+0530] {dag.py:3954} INFO - Setting next_dagrun for example_xcom_args to None, run_after=None
[2026-02-24T05:56:04.644+0530] {logging_mixin.py:188} INFO - [2026-02-24T05:56:04.644+0530] {dag.py:3954} INFO - Setting next_dagrun for example_xcom_args_with_operators to None, run_after=None
[2026-02-24T05:56:04.649+0530] {processor.py:183} INFO - Processing /Users/aswin/Documents/data-engineering-practice/ETL_Airflow_DBT/airflow/airflow_env/lib/python3.11/site-packages/airflow/example_dags/example_xcomargs.py took 0.054 seconds
[2026-02-24T05:56:50.772+0530] {processor.py:161} INFO - Started process (PID=48687) to work on /Users/aswin/Documents/data-engineering-practice/ETL_Airflow_DBT/airflow/airflow_env/lib/python3.11/site-packages/airflow/example_dags/example_xcomargs.py
[2026-02-24T05:56:50.773+0530] {processor.py:830} INFO - Processing file /Users/aswin/Documents/data-engineering-practice/ETL_Airflow_DBT/airflow/airflow_env/lib/python3.11/site-packages/airflow/example_dags/example_xcomargs.py for tasks to queue
[2026-02-24T05:56:50.773+0530] {logging_mixin.py:188} INFO - [2026-02-24T05:56:50.773+0530] {dagbag.py:540} INFO - Filling up the DagBag from /Users/aswin/Documents/data-engineering-practice/ETL_Airflow_DBT/airflow/airflow_env/lib/python3.11/site-packages/airflow/example_dags/example_xcomargs.py
[2026-02-24T05:56:50.787+0530] {processor.py:840} INFO - DAG(s) 'example_xcom_args_with_operators', 'example_xcom_args' retrieved from /Users/aswin/Documents/data-engineering-practice/ETL_Airflow_DBT/airflow/airflow_env/lib/python3.11/site-packages/airflow/example_dags/example_xcomargs.py
[2026-02-24T05:56:50.816+0530] {logging_mixin.py:188} INFO - [2026-02-24T05:56:50.816+0530] {dag.py:3096} INFO - Sync 2 DAGs
[2026-02-24T05:56:50.819+0530] {logging_mixin.py:188} INFO - [2026-02-24T05:56:50.819+0530] {dag.py:3954} INFO - Setting next_dagrun for example_xcom_args to None, run_after=None
[2026-02-24T05:56:50.820+0530] {logging_mixin.py:188} INFO - [2026-02-24T05:56:50.820+0530] {dag.py:3954} INFO - Setting next_dagrun for example_xcom_args_with_operators to None, run_after=None
[2026-02-24T05:56:50.825+0530] {processor.py:183} INFO - Processing /Users/aswin/Documents/data-engineering-practice/ETL_Airflow_DBT/airflow/airflow_env/lib/python3.11/site-packages/airflow/example_dags/example_xcomargs.py took 0.054 seconds
[2026-02-24T05:57:37.376+0530] {processor.py:161} INFO - Started process (PID=48726) to work on /Users/aswin/Documents/data-engineering-practice/ETL_Airflow_DBT/airflow/airflow_env/lib/python3.11/site-packages/airflow/example_dags/example_xcomargs.py
[2026-02-24T05:57:37.376+0530] {processor.py:830} INFO - Processing file /Users/aswin/Documents/data-engineering-practice/ETL_Airflow_DBT/airflow/airflow_env/lib/python3.11/site-packages/airflow/example_dags/example_xcomargs.py for tasks to queue
[2026-02-24T05:57:37.376+0530] {logging_mixin.py:188} INFO - [2026-02-24T05:57:37.376+0530] {dagbag.py:540} INFO - Filling up the DagBag from /Users/aswin/Documents/data-engineering-practice/ETL_Airflow_DBT/airflow/airflow_env/lib/python3.11/site-packages/airflow/example_dags/example_xcomargs.py
[2026-02-24T05:57:37.391+0530] {processor.py:840} INFO - DAG(s) 'example_xcom_args', 'example_xcom_args_with_operators' retrieved from /Users/aswin/Documents/data-engineering-practice/ETL_Airflow_DBT/airflow/airflow_env/lib/python3.11/site-packages/airflow/example_dags/example_xcomargs.py
[2026-02-24T05:57:37.420+0530] {logging_mixin.py:188} INFO - [2026-02-24T05:57:37.420+0530] {dag.py:3096} INFO - Sync 2 DAGs
[2026-02-24T05:57:37.423+0530] {logging_mixin.py:188} INFO - [2026-02-24T05:57:37.423+0530] {dag.py:3954} INFO - Setting next_dagrun for example_xcom_args to None, run_after=None
[2026-02-24T05:57:37.424+0530] {logging_mixin.py:188} INFO - [2026-02-24T05:57:37.424+0530] {dag.py:3954} INFO - Setting next_dagrun for example_xcom_args_with_operators to None, run_after=None
[2026-02-24T05:57:37.429+0530] {processor.py:183} INFO - Processing /Users/aswin/Documents/data-engineering-practice/ETL_Airflow_DBT/airflow/airflow_env/lib/python3.11/site-packages/airflow/example_dags/example_xcomargs.py took 0.054 seconds
[2026-02-24T05:58:26.012+0530] {processor.py:161} INFO - Started process (PID=48775) to work on /Users/aswin/Documents/data-engineering-practice/ETL_Airflow_DBT/airflow/airflow_env/lib/python3.11/site-packages/airflow/example_dags/example_xcomargs.py
[2026-02-24T05:58:26.013+0530] {processor.py:830} INFO - Processing file /Users/aswin/Documents/data-engineering-practice/ETL_Airflow_DBT/airflow/airflow_env/lib/python3.11/site-packages/airflow/example_dags/example_xcomargs.py for tasks to queue
[2026-02-24T05:58:26.013+0530] {logging_mixin.py:188} INFO - [2026-02-24T05:58:26.013+0530] {dagbag.py:540} INFO - Filling up the DagBag from /Users/aswin/Documents/data-engineering-practice/ETL_Airflow_DBT/airflow/airflow_env/lib/python3.11/site-packages/airflow/example_dags/example_xcomargs.py
[2026-02-24T05:58:26.027+0530] {processor.py:840} INFO - DAG(s) 'example_xcom_args', 'example_xcom_args_with_operators' retrieved from /Users/aswin/Documents/data-engineering-practice/ETL_Airflow_DBT/airflow/airflow_env/lib/python3.11/site-packages/airflow/example_dags/example_xcomargs.py
[2026-02-24T05:58:26.057+0530] {logging_mixin.py:188} INFO - [2026-02-24T05:58:26.057+0530] {dag.py:3096} INFO - Sync 2 DAGs
[2026-02-24T05:58:26.060+0530] {logging_mixin.py:188} INFO - [2026-02-24T05:58:26.060+0530] {dag.py:3954} INFO - Setting next_dagrun for example_xcom_args to None, run_after=None
[2026-02-24T05:58:26.060+0530] {logging_mixin.py:188} INFO - [2026-02-24T05:58:26.060+0530] {dag.py:3954} INFO - Setting next_dagrun for example_xcom_args_with_operators to None, run_after=None
[2026-02-24T05:58:26.066+0530] {processor.py:183} INFO - Processing /Users/aswin/Documents/data-engineering-practice/ETL_Airflow_DBT/airflow/airflow_env/lib/python3.11/site-packages/airflow/example_dags/example_xcomargs.py took 0.055 seconds
[2026-02-24T05:59:12.221+0530] {processor.py:161} INFO - Started process (PID=48824) to work on /Users/aswin/Documents/data-engineering-practice/ETL_Airflow_DBT/airflow/airflow_env/lib/python3.11/site-packages/airflow/example_dags/example_xcomargs.py
[2026-02-24T05:59:12.221+0530] {processor.py:830} INFO - Processing file /Users/aswin/Documents/data-engineering-practice/ETL_Airflow_DBT/airflow/airflow_env/lib/python3.11/site-packages/airflow/example_dags/example_xcomargs.py for tasks to queue
[2026-02-24T05:59:12.222+0530] {logging_mixin.py:188} INFO - [2026-02-24T05:59:12.222+0530] {dagbag.py:540} INFO - Filling up the DagBag from /Users/aswin/Documents/data-engineering-practice/ETL_Airflow_DBT/airflow/airflow_env/lib/python3.11/site-packages/airflow/example_dags/example_xcomargs.py
[2026-02-24T05:59:12.236+0530] {processor.py:840} INFO - DAG(s) 'example_xcom_args_with_operators', 'example_xcom_args' retrieved from /Users/aswin/Documents/data-engineering-practice/ETL_Airflow_DBT/airflow/airflow_env/lib/python3.11/site-packages/airflow/example_dags/example_xcomargs.py
[2026-02-24T05:59:12.266+0530] {logging_mixin.py:188} INFO - [2026-02-24T05:59:12.266+0530] {dag.py:3096} INFO - Sync 2 DAGs
[2026-02-24T05:59:12.269+0530] {logging_mixin.py:188} INFO - [2026-02-24T05:59:12.269+0530] {dag.py:3954} INFO - Setting next_dagrun for example_xcom_args to None, run_after=None
[2026-02-24T05:59:12.269+0530] {logging_mixin.py:188} INFO - [2026-02-24T05:59:12.269+0530] {dag.py:3954} INFO - Setting next_dagrun for example_xcom_args_with_operators to None, run_after=None
[2026-02-24T05:59:12.275+0530] {processor.py:183} INFO - Processing /Users/aswin/Documents/data-engineering-practice/ETL_Airflow_DBT/airflow/airflow_env/lib/python3.11/site-packages/airflow/example_dags/example_xcomargs.py took 0.055 seconds
[2026-02-24T06:00:45.927+0530] {processor.py:161} INFO - Started process (PID=48935) to work on /Users/aswin/Documents/data-engineering-practice/ETL_Airflow_DBT/airflow/airflow_env/lib/python3.11/site-packages/airflow/example_dags/example_xcomargs.py
[2026-02-24T06:00:45.928+0530] {processor.py:830} INFO - Processing file /Users/aswin/Documents/data-engineering-practice/ETL_Airflow_DBT/airflow/airflow_env/lib/python3.11/site-packages/airflow/example_dags/example_xcomargs.py for tasks to queue
[2026-02-24T06:00:45.928+0530] {logging_mixin.py:188} INFO - [2026-02-24T06:00:45.928+0530] {dagbag.py:540} INFO - Filling up the DagBag from /Users/aswin/Documents/data-engineering-practice/ETL_Airflow_DBT/airflow/airflow_env/lib/python3.11/site-packages/airflow/example_dags/example_xcomargs.py
[2026-02-24T06:00:45.942+0530] {processor.py:840} INFO - DAG(s) 'example_xcom_args', 'example_xcom_args_with_operators' retrieved from /Users/aswin/Documents/data-engineering-practice/ETL_Airflow_DBT/airflow/airflow_env/lib/python3.11/site-packages/airflow/example_dags/example_xcomargs.py
[2026-02-24T06:00:45.972+0530] {logging_mixin.py:188} INFO - [2026-02-24T06:00:45.972+0530] {dag.py:3096} INFO - Sync 2 DAGs
[2026-02-24T06:00:45.974+0530] {logging_mixin.py:188} INFO - [2026-02-24T06:00:45.974+0530] {dag.py:3954} INFO - Setting next_dagrun for example_xcom_args to None, run_after=None
[2026-02-24T06:00:45.975+0530] {logging_mixin.py:188} INFO - [2026-02-24T06:00:45.975+0530] {dag.py:3954} INFO - Setting next_dagrun for example_xcom_args_with_operators to None, run_after=None
[2026-02-24T06:00:45.981+0530] {processor.py:183} INFO - Processing /Users/aswin/Documents/data-engineering-practice/ETL_Airflow_DBT/airflow/airflow_env/lib/python3.11/site-packages/airflow/example_dags/example_xcomargs.py took 0.054 seconds
[2026-02-24T06:01:33.628+0530] {processor.py:161} INFO - Started process (PID=48995) to work on /Users/aswin/Documents/data-engineering-practice/ETL_Airflow_DBT/airflow/airflow_env/lib/python3.11/site-packages/airflow/example_dags/example_xcomargs.py
[2026-02-24T06:01:33.629+0530] {processor.py:830} INFO - Processing file /Users/aswin/Documents/data-engineering-practice/ETL_Airflow_DBT/airflow/airflow_env/lib/python3.11/site-packages/airflow/example_dags/example_xcomargs.py for tasks to queue
[2026-02-24T06:01:33.629+0530] {logging_mixin.py:188} INFO - [2026-02-24T06:01:33.629+0530] {dagbag.py:540} INFO - Filling up the DagBag from /Users/aswin/Documents/data-engineering-practice/ETL_Airflow_DBT/airflow/airflow_env/lib/python3.11/site-packages/airflow/example_dags/example_xcomargs.py
[2026-02-24T06:01:33.643+0530] {processor.py:840} INFO - DAG(s) 'example_xcom_args', 'example_xcom_args_with_operators' retrieved from /Users/aswin/Documents/data-engineering-practice/ETL_Airflow_DBT/airflow/airflow_env/lib/python3.11/site-packages/airflow/example_dags/example_xcomargs.py
[2026-02-24T06:01:33.672+0530] {logging_mixin.py:188} INFO - [2026-02-24T06:01:33.671+0530] {dag.py:3096} INFO - Sync 2 DAGs
[2026-02-24T06:01:33.674+0530] {logging_mixin.py:188} INFO - [2026-02-24T06:01:33.674+0530] {dag.py:3954} INFO - Setting next_dagrun for example_xcom_args to None, run_after=None
[2026-02-24T06:01:33.675+0530] {logging_mixin.py:188} INFO - [2026-02-24T06:01:33.675+0530] {dag.py:3954} INFO - Setting next_dagrun for example_xcom_args_with_operators to None, run_after=None
[2026-02-24T06:01:33.680+0530] {processor.py:183} INFO - Processing /Users/aswin/Documents/data-engineering-practice/ETL_Airflow_DBT/airflow/airflow_env/lib/python3.11/site-packages/airflow/example_dags/example_xcomargs.py took 0.053 seconds
[2026-02-24T06:02:20.858+0530] {processor.py:161} INFO - Started process (PID=49074) to work on /Users/aswin/Documents/data-engineering-practice/ETL_Airflow_DBT/airflow/airflow_env/lib/python3.11/site-packages/airflow/example_dags/example_xcomargs.py
[2026-02-24T06:02:20.859+0530] {processor.py:830} INFO - Processing file /Users/aswin/Documents/data-engineering-practice/ETL_Airflow_DBT/airflow/airflow_env/lib/python3.11/site-packages/airflow/example_dags/example_xcomargs.py for tasks to queue
[2026-02-24T06:02:20.859+0530] {logging_mixin.py:188} INFO - [2026-02-24T06:02:20.859+0530] {dagbag.py:540} INFO - Filling up the DagBag from /Users/aswin/Documents/data-engineering-practice/ETL_Airflow_DBT/airflow/airflow_env/lib/python3.11/site-packages/airflow/example_dags/example_xcomargs.py
[2026-02-24T06:02:20.873+0530] {processor.py:840} INFO - DAG(s) 'example_xcom_args_with_operators', 'example_xcom_args' retrieved from /Users/aswin/Documents/data-engineering-practice/ETL_Airflow_DBT/airflow/airflow_env/lib/python3.11/site-packages/airflow/example_dags/example_xcomargs.py
[2026-02-24T06:02:20.902+0530] {logging_mixin.py:188} INFO - [2026-02-24T06:02:20.902+0530] {dag.py:3096} INFO - Sync 2 DAGs
[2026-02-24T06:02:20.905+0530] {logging_mixin.py:188} INFO - [2026-02-24T06:02:20.905+0530] {dag.py:3954} INFO - Setting next_dagrun for example_xcom_args to None, run_after=None
[2026-02-24T06:02:20.906+0530] {logging_mixin.py:188} INFO - [2026-02-24T06:02:20.906+0530] {dag.py:3954} INFO - Setting next_dagrun for example_xcom_args_with_operators to None, run_after=None
[2026-02-24T06:02:20.911+0530] {processor.py:183} INFO - Processing /Users/aswin/Documents/data-engineering-practice/ETL_Airflow_DBT/airflow/airflow_env/lib/python3.11/site-packages/airflow/example_dags/example_xcomargs.py took 0.054 seconds
[2026-02-24T06:03:51.418+0530] {processor.py:161} INFO - Started process (PID=49221) to work on /Users/aswin/Documents/data-engineering-practice/ETL_Airflow_DBT/airflow/airflow_env/lib/python3.11/site-packages/airflow/example_dags/example_xcomargs.py
[2026-02-24T06:03:51.419+0530] {processor.py:830} INFO - Processing file /Users/aswin/Documents/data-engineering-practice/ETL_Airflow_DBT/airflow/airflow_env/lib/python3.11/site-packages/airflow/example_dags/example_xcomargs.py for tasks to queue
[2026-02-24T06:03:51.419+0530] {logging_mixin.py:188} INFO - [2026-02-24T06:03:51.419+0530] {dagbag.py:540} INFO - Filling up the DagBag from /Users/aswin/Documents/data-engineering-practice/ETL_Airflow_DBT/airflow/airflow_env/lib/python3.11/site-packages/airflow/example_dags/example_xcomargs.py
[2026-02-24T06:03:51.434+0530] {processor.py:840} INFO - DAG(s) 'example_xcom_args', 'example_xcom_args_with_operators' retrieved from /Users/aswin/Documents/data-engineering-practice/ETL_Airflow_DBT/airflow/airflow_env/lib/python3.11/site-packages/airflow/example_dags/example_xcomargs.py
[2026-02-24T06:03:51.464+0530] {logging_mixin.py:188} INFO - [2026-02-24T06:03:51.464+0530] {dag.py:3096} INFO - Sync 2 DAGs
[2026-02-24T06:03:51.467+0530] {logging_mixin.py:188} INFO - [2026-02-24T06:03:51.467+0530] {dag.py:3954} INFO - Setting next_dagrun for example_xcom_args to None, run_after=None
[2026-02-24T06:03:51.467+0530] {logging_mixin.py:188} INFO - [2026-02-24T06:03:51.467+0530] {dag.py:3954} INFO - Setting next_dagrun for example_xcom_args_with_operators to None, run_after=None
[2026-02-24T06:03:51.473+0530] {processor.py:183} INFO - Processing /Users/aswin/Documents/data-engineering-practice/ETL_Airflow_DBT/airflow/airflow_env/lib/python3.11/site-packages/airflow/example_dags/example_xcomargs.py took 0.055 seconds
[2026-02-24T06:04:45.129+0530] {processor.py:161} INFO - Started process (PID=49323) to work on /Users/aswin/Documents/data-engineering-practice/ETL_Airflow_DBT/airflow/airflow_env/lib/python3.11/site-packages/airflow/example_dags/example_xcomargs.py
[2026-02-24T06:04:45.130+0530] {processor.py:830} INFO - Processing file /Users/aswin/Documents/data-engineering-practice/ETL_Airflow_DBT/airflow/airflow_env/lib/python3.11/site-packages/airflow/example_dags/example_xcomargs.py for tasks to queue
[2026-02-24T06:04:45.130+0530] {logging_mixin.py:188} INFO - [2026-02-24T06:04:45.130+0530] {dagbag.py:540} INFO - Filling up the DagBag from /Users/aswin/Documents/data-engineering-practice/ETL_Airflow_DBT/airflow/airflow_env/lib/python3.11/site-packages/airflow/example_dags/example_xcomargs.py
[2026-02-24T06:04:45.144+0530] {processor.py:840} INFO - DAG(s) 'example_xcom_args_with_operators', 'example_xcom_args' retrieved from /Users/aswin/Documents/data-engineering-practice/ETL_Airflow_DBT/airflow/airflow_env/lib/python3.11/site-packages/airflow/example_dags/example_xcomargs.py
[2026-02-24T06:04:45.174+0530] {logging_mixin.py:188} INFO - [2026-02-24T06:04:45.174+0530] {dag.py:3096} INFO - Sync 2 DAGs
[2026-02-24T06:04:45.176+0530] {logging_mixin.py:188} INFO - [2026-02-24T06:04:45.176+0530] {dag.py:3954} INFO - Setting next_dagrun for example_xcom_args to None, run_after=None
[2026-02-24T06:04:45.177+0530] {logging_mixin.py:188} INFO - [2026-02-24T06:04:45.177+0530] {dag.py:3954} INFO - Setting next_dagrun for example_xcom_args_with_operators to None, run_after=None
[2026-02-24T06:04:45.182+0530] {processor.py:183} INFO - Processing /Users/aswin/Documents/data-engineering-practice/ETL_Airflow_DBT/airflow/airflow_env/lib/python3.11/site-packages/airflow/example_dags/example_xcomargs.py took 0.054 seconds
[2026-02-24T06:06:22.886+0530] {processor.py:161} INFO - Started process (PID=49421) to work on /Users/aswin/Documents/data-engineering-practice/ETL_Airflow_DBT/airflow/airflow_env/lib/python3.11/site-packages/airflow/example_dags/example_xcomargs.py
[2026-02-24T06:06:22.886+0530] {processor.py:830} INFO - Processing file /Users/aswin/Documents/data-engineering-practice/ETL_Airflow_DBT/airflow/airflow_env/lib/python3.11/site-packages/airflow/example_dags/example_xcomargs.py for tasks to queue
[2026-02-24T06:06:22.886+0530] {logging_mixin.py:188} INFO - [2026-02-24T06:06:22.886+0530] {dagbag.py:540} INFO - Filling up the DagBag from /Users/aswin/Documents/data-engineering-practice/ETL_Airflow_DBT/airflow/airflow_env/lib/python3.11/site-packages/airflow/example_dags/example_xcomargs.py
[2026-02-24T06:06:22.901+0530] {processor.py:840} INFO - DAG(s) 'example_xcom_args', 'example_xcom_args_with_operators' retrieved from /Users/aswin/Documents/data-engineering-practice/ETL_Airflow_DBT/airflow/airflow_env/lib/python3.11/site-packages/airflow/example_dags/example_xcomargs.py
[2026-02-24T06:06:22.932+0530] {logging_mixin.py:188} INFO - [2026-02-24T06:06:22.932+0530] {dag.py:3096} INFO - Sync 2 DAGs
[2026-02-24T06:06:22.935+0530] {logging_mixin.py:188} INFO - [2026-02-24T06:06:22.935+0530] {dag.py:3954} INFO - Setting next_dagrun for example_xcom_args to None, run_after=None
[2026-02-24T06:06:22.936+0530] {logging_mixin.py:188} INFO - [2026-02-24T06:06:22.936+0530] {dag.py:3954} INFO - Setting next_dagrun for example_xcom_args_with_operators to None, run_after=None
[2026-02-24T06:06:22.942+0530] {processor.py:183} INFO - Processing /Users/aswin/Documents/data-engineering-practice/ETL_Airflow_DBT/airflow/airflow_env/lib/python3.11/site-packages/airflow/example_dags/example_xcomargs.py took 0.057 seconds
[2026-02-24T06:07:13.194+0530] {processor.py:161} INFO - Started process (PID=49461) to work on /Users/aswin/Documents/data-engineering-practice/ETL_Airflow_DBT/airflow/airflow_env/lib/python3.11/site-packages/airflow/example_dags/example_xcomargs.py
[2026-02-24T06:07:13.195+0530] {processor.py:830} INFO - Processing file /Users/aswin/Documents/data-engineering-practice/ETL_Airflow_DBT/airflow/airflow_env/lib/python3.11/site-packages/airflow/example_dags/example_xcomargs.py for tasks to queue
[2026-02-24T06:07:13.195+0530] {logging_mixin.py:188} INFO - [2026-02-24T06:07:13.195+0530] {dagbag.py:540} INFO - Filling up the DagBag from /Users/aswin/Documents/data-engineering-practice/ETL_Airflow_DBT/airflow/airflow_env/lib/python3.11/site-packages/airflow/example_dags/example_xcomargs.py
[2026-02-24T06:07:13.210+0530] {processor.py:840} INFO - DAG(s) 'example_xcom_args', 'example_xcom_args_with_operators' retrieved from /Users/aswin/Documents/data-engineering-practice/ETL_Airflow_DBT/airflow/airflow_env/lib/python3.11/site-packages/airflow/example_dags/example_xcomargs.py
[2026-02-24T06:07:13.240+0530] {logging_mixin.py:188} INFO - [2026-02-24T06:07:13.240+0530] {dag.py:3096} INFO - Sync 2 DAGs
[2026-02-24T06:07:13.242+0530] {logging_mixin.py:188} INFO - [2026-02-24T06:07:13.242+0530] {dag.py:3954} INFO - Setting next_dagrun for example_xcom_args to None, run_after=None
[2026-02-24T06:07:13.243+0530] {logging_mixin.py:188} INFO - [2026-02-24T06:07:13.243+0530] {dag.py:3954} INFO - Setting next_dagrun for example_xcom_args_with_operators to None, run_after=None
[2026-02-24T06:07:13.248+0530] {processor.py:183} INFO - Processing /Users/aswin/Documents/data-engineering-practice/ETL_Airflow_DBT/airflow/airflow_env/lib/python3.11/site-packages/airflow/example_dags/example_xcomargs.py took 0.055 seconds
[2026-02-24T06:08:46.198+0530] {processor.py:161} INFO - Started process (PID=49538) to work on /Users/aswin/Documents/data-engineering-practice/ETL_Airflow_DBT/airflow/airflow_env/lib/python3.11/site-packages/airflow/example_dags/example_xcomargs.py
[2026-02-24T06:08:46.199+0530] {processor.py:830} INFO - Processing file /Users/aswin/Documents/data-engineering-practice/ETL_Airflow_DBT/airflow/airflow_env/lib/python3.11/site-packages/airflow/example_dags/example_xcomargs.py for tasks to queue
[2026-02-24T06:08:46.199+0530] {logging_mixin.py:188} INFO - [2026-02-24T06:08:46.199+0530] {dagbag.py:540} INFO - Filling up the DagBag from /Users/aswin/Documents/data-engineering-practice/ETL_Airflow_DBT/airflow/airflow_env/lib/python3.11/site-packages/airflow/example_dags/example_xcomargs.py
[2026-02-24T06:08:46.215+0530] {processor.py:840} INFO - DAG(s) 'example_xcom_args', 'example_xcom_args_with_operators' retrieved from /Users/aswin/Documents/data-engineering-practice/ETL_Airflow_DBT/airflow/airflow_env/lib/python3.11/site-packages/airflow/example_dags/example_xcomargs.py
[2026-02-24T06:08:46.247+0530] {logging_mixin.py:188} INFO - [2026-02-24T06:08:46.247+0530] {dag.py:3096} INFO - Sync 2 DAGs
[2026-02-24T06:08:46.250+0530] {logging_mixin.py:188} INFO - [2026-02-24T06:08:46.250+0530] {dag.py:3954} INFO - Setting next_dagrun for example_xcom_args to None, run_after=None
[2026-02-24T06:08:46.251+0530] {logging_mixin.py:188} INFO - [2026-02-24T06:08:46.251+0530] {dag.py:3954} INFO - Setting next_dagrun for example_xcom_args_with_operators to None, run_after=None
[2026-02-24T06:08:46.256+0530] {processor.py:183} INFO - Processing /Users/aswin/Documents/data-engineering-practice/ETL_Airflow_DBT/airflow/airflow_env/lib/python3.11/site-packages/airflow/example_dags/example_xcomargs.py took 0.059 seconds
[2026-02-24T06:09:33.276+0530] {processor.py:161} INFO - Started process (PID=49577) to work on /Users/aswin/Documents/data-engineering-practice/ETL_Airflow_DBT/airflow/airflow_env/lib/python3.11/site-packages/airflow/example_dags/example_xcomargs.py
[2026-02-24T06:09:33.277+0530] {processor.py:830} INFO - Processing file /Users/aswin/Documents/data-engineering-practice/ETL_Airflow_DBT/airflow/airflow_env/lib/python3.11/site-packages/airflow/example_dags/example_xcomargs.py for tasks to queue
[2026-02-24T06:09:33.277+0530] {logging_mixin.py:188} INFO - [2026-02-24T06:09:33.277+0530] {dagbag.py:540} INFO - Filling up the DagBag from /Users/aswin/Documents/data-engineering-practice/ETL_Airflow_DBT/airflow/airflow_env/lib/python3.11/site-packages/airflow/example_dags/example_xcomargs.py
[2026-02-24T06:09:33.291+0530] {processor.py:840} INFO - DAG(s) 'example_xcom_args_with_operators', 'example_xcom_args' retrieved from /Users/aswin/Documents/data-engineering-practice/ETL_Airflow_DBT/airflow/airflow_env/lib/python3.11/site-packages/airflow/example_dags/example_xcomargs.py
[2026-02-24T06:09:33.320+0530] {logging_mixin.py:188} INFO - [2026-02-24T06:09:33.320+0530] {dag.py:3096} INFO - Sync 2 DAGs
[2026-02-24T06:09:33.323+0530] {logging_mixin.py:188} INFO - [2026-02-24T06:09:33.323+0530] {dag.py:3954} INFO - Setting next_dagrun for example_xcom_args to None, run_after=None
[2026-02-24T06:09:33.324+0530] {logging_mixin.py:188} INFO - [2026-02-24T06:09:33.324+0530] {dag.py:3954} INFO - Setting next_dagrun for example_xcom_args_with_operators to None, run_after=None
[2026-02-24T06:09:33.329+0530] {processor.py:183} INFO - Processing /Users/aswin/Documents/data-engineering-practice/ETL_Airflow_DBT/airflow/airflow_env/lib/python3.11/site-packages/airflow/example_dags/example_xcomargs.py took 0.053 seconds
[2026-02-24T06:10:54.583+0530] {processor.py:161} INFO - Started process (PID=49665) to work on /Users/aswin/Documents/data-engineering-practice/ETL_Airflow_DBT/airflow/airflow_env/lib/python3.11/site-packages/airflow/example_dags/example_xcomargs.py
[2026-02-24T06:10:54.584+0530] {processor.py:830} INFO - Processing file /Users/aswin/Documents/data-engineering-practice/ETL_Airflow_DBT/airflow/airflow_env/lib/python3.11/site-packages/airflow/example_dags/example_xcomargs.py for tasks to queue
[2026-02-24T06:10:54.584+0530] {logging_mixin.py:188} INFO - [2026-02-24T06:10:54.584+0530] {dagbag.py:540} INFO - Filling up the DagBag from /Users/aswin/Documents/data-engineering-practice/ETL_Airflow_DBT/airflow/airflow_env/lib/python3.11/site-packages/airflow/example_dags/example_xcomargs.py
[2026-02-24T06:10:54.598+0530] {processor.py:840} INFO - DAG(s) 'example_xcom_args', 'example_xcom_args_with_operators' retrieved from /Users/aswin/Documents/data-engineering-practice/ETL_Airflow_DBT/airflow/airflow_env/lib/python3.11/site-packages/airflow/example_dags/example_xcomargs.py
[2026-02-24T06:10:54.627+0530] {logging_mixin.py:188} INFO - [2026-02-24T06:10:54.627+0530] {dag.py:3096} INFO - Sync 2 DAGs
[2026-02-24T06:10:54.630+0530] {logging_mixin.py:188} INFO - [2026-02-24T06:10:54.630+0530] {dag.py:3954} INFO - Setting next_dagrun for example_xcom_args to None, run_after=None
[2026-02-24T06:10:54.631+0530] {logging_mixin.py:188} INFO - [2026-02-24T06:10:54.631+0530] {dag.py:3954} INFO - Setting next_dagrun for example_xcom_args_with_operators to None, run_after=None
[2026-02-24T06:10:54.636+0530] {processor.py:183} INFO - Processing /Users/aswin/Documents/data-engineering-practice/ETL_Airflow_DBT/airflow/airflow_env/lib/python3.11/site-packages/airflow/example_dags/example_xcomargs.py took 0.054 seconds
[2026-02-24T06:12:26.021+0530] {processor.py:161} INFO - Started process (PID=49736) to work on /Users/aswin/Documents/data-engineering-practice/ETL_Airflow_DBT/airflow/airflow_env/lib/python3.11/site-packages/airflow/example_dags/example_xcomargs.py
[2026-02-24T06:12:26.022+0530] {processor.py:830} INFO - Processing file /Users/aswin/Documents/data-engineering-practice/ETL_Airflow_DBT/airflow/airflow_env/lib/python3.11/site-packages/airflow/example_dags/example_xcomargs.py for tasks to queue
[2026-02-24T06:12:26.022+0530] {logging_mixin.py:188} INFO - [2026-02-24T06:12:26.022+0530] {dagbag.py:540} INFO - Filling up the DagBag from /Users/aswin/Documents/data-engineering-practice/ETL_Airflow_DBT/airflow/airflow_env/lib/python3.11/site-packages/airflow/example_dags/example_xcomargs.py
[2026-02-24T06:12:26.036+0530] {processor.py:840} INFO - DAG(s) 'example_xcom_args_with_operators', 'example_xcom_args' retrieved from /Users/aswin/Documents/data-engineering-practice/ETL_Airflow_DBT/airflow/airflow_env/lib/python3.11/site-packages/airflow/example_dags/example_xcomargs.py
[2026-02-24T06:12:26.065+0530] {logging_mixin.py:188} INFO - [2026-02-24T06:12:26.065+0530] {dag.py:3096} INFO - Sync 2 DAGs
[2026-02-24T06:12:26.068+0530] {logging_mixin.py:188} INFO - [2026-02-24T06:12:26.068+0530] {dag.py:3954} INFO - Setting next_dagrun for example_xcom_args to None, run_after=None
[2026-02-24T06:12:26.069+0530] {logging_mixin.py:188} INFO - [2026-02-24T06:12:26.069+0530] {dag.py:3954} INFO - Setting next_dagrun for example_xcom_args_with_operators to None, run_after=None
[2026-02-24T06:12:26.074+0530] {processor.py:183} INFO - Processing /Users/aswin/Documents/data-engineering-practice/ETL_Airflow_DBT/airflow/airflow_env/lib/python3.11/site-packages/airflow/example_dags/example_xcomargs.py took 0.054 seconds
[2026-02-24T06:13:16.049+0530] {processor.py:161} INFO - Started process (PID=49774) to work on /Users/aswin/Documents/data-engineering-practice/ETL_Airflow_DBT/airflow/airflow_env/lib/python3.11/site-packages/airflow/example_dags/example_xcomargs.py
[2026-02-24T06:13:16.051+0530] {processor.py:830} INFO - Processing file /Users/aswin/Documents/data-engineering-practice/ETL_Airflow_DBT/airflow/airflow_env/lib/python3.11/site-packages/airflow/example_dags/example_xcomargs.py for tasks to queue
[2026-02-24T06:13:16.051+0530] {logging_mixin.py:188} INFO - [2026-02-24T06:13:16.051+0530] {dagbag.py:540} INFO - Filling up the DagBag from /Users/aswin/Documents/data-engineering-practice/ETL_Airflow_DBT/airflow/airflow_env/lib/python3.11/site-packages/airflow/example_dags/example_xcomargs.py
[2026-02-24T06:13:16.065+0530] {processor.py:840} INFO - DAG(s) 'example_xcom_args', 'example_xcom_args_with_operators' retrieved from /Users/aswin/Documents/data-engineering-practice/ETL_Airflow_DBT/airflow/airflow_env/lib/python3.11/site-packages/airflow/example_dags/example_xcomargs.py
[2026-02-24T06:13:16.098+0530] {logging_mixin.py:188} INFO - [2026-02-24T06:13:16.098+0530] {dag.py:3096} INFO - Sync 2 DAGs
[2026-02-24T06:13:16.101+0530] {logging_mixin.py:188} INFO - [2026-02-24T06:13:16.101+0530] {dag.py:3954} INFO - Setting next_dagrun for example_xcom_args to None, run_after=None
[2026-02-24T06:13:16.102+0530] {logging_mixin.py:188} INFO - [2026-02-24T06:13:16.102+0530] {dag.py:3954} INFO - Setting next_dagrun for example_xcom_args_with_operators to None, run_after=None
[2026-02-24T06:13:16.108+0530] {processor.py:183} INFO - Processing /Users/aswin/Documents/data-engineering-practice/ETL_Airflow_DBT/airflow/airflow_env/lib/python3.11/site-packages/airflow/example_dags/example_xcomargs.py took 0.059 seconds
[2026-02-24T06:14:06.876+0530] {processor.py:161} INFO - Started process (PID=49810) to work on /Users/aswin/Documents/data-engineering-practice/ETL_Airflow_DBT/airflow/airflow_env/lib/python3.11/site-packages/airflow/example_dags/example_xcomargs.py
[2026-02-24T06:14:06.877+0530] {processor.py:830} INFO - Processing file /Users/aswin/Documents/data-engineering-practice/ETL_Airflow_DBT/airflow/airflow_env/lib/python3.11/site-packages/airflow/example_dags/example_xcomargs.py for tasks to queue
[2026-02-24T06:14:06.878+0530] {logging_mixin.py:188} INFO - [2026-02-24T06:14:06.878+0530] {dagbag.py:540} INFO - Filling up the DagBag from /Users/aswin/Documents/data-engineering-practice/ETL_Airflow_DBT/airflow/airflow_env/lib/python3.11/site-packages/airflow/example_dags/example_xcomargs.py
[2026-02-24T06:14:06.891+0530] {processor.py:840} INFO - DAG(s) 'example_xcom_args', 'example_xcom_args_with_operators' retrieved from /Users/aswin/Documents/data-engineering-practice/ETL_Airflow_DBT/airflow/airflow_env/lib/python3.11/site-packages/airflow/example_dags/example_xcomargs.py
[2026-02-24T06:14:06.921+0530] {logging_mixin.py:188} INFO - [2026-02-24T06:14:06.920+0530] {dag.py:3096} INFO - Sync 2 DAGs
[2026-02-24T06:14:06.923+0530] {logging_mixin.py:188} INFO - [2026-02-24T06:14:06.923+0530] {dag.py:3954} INFO - Setting next_dagrun for example_xcom_args to None, run_after=None
[2026-02-24T06:14:06.924+0530] {logging_mixin.py:188} INFO - [2026-02-24T06:14:06.924+0530] {dag.py:3954} INFO - Setting next_dagrun for example_xcom_args_with_operators to None, run_after=None
[2026-02-24T06:14:06.929+0530] {processor.py:183} INFO - Processing /Users/aswin/Documents/data-engineering-practice/ETL_Airflow_DBT/airflow/airflow_env/lib/python3.11/site-packages/airflow/example_dags/example_xcomargs.py took 0.054 seconds
[2026-02-24T06:14:54.110+0530] {processor.py:161} INFO - Started process (PID=49848) to work on /Users/aswin/Documents/data-engineering-practice/ETL_Airflow_DBT/airflow/airflow_env/lib/python3.11/site-packages/airflow/example_dags/example_xcomargs.py
[2026-02-24T06:14:54.110+0530] {processor.py:830} INFO - Processing file /Users/aswin/Documents/data-engineering-practice/ETL_Airflow_DBT/airflow/airflow_env/lib/python3.11/site-packages/airflow/example_dags/example_xcomargs.py for tasks to queue
[2026-02-24T06:14:54.110+0530] {logging_mixin.py:188} INFO - [2026-02-24T06:14:54.110+0530] {dagbag.py:540} INFO - Filling up the DagBag from /Users/aswin/Documents/data-engineering-practice/ETL_Airflow_DBT/airflow/airflow_env/lib/python3.11/site-packages/airflow/example_dags/example_xcomargs.py
[2026-02-24T06:14:54.124+0530] {processor.py:840} INFO - DAG(s) 'example_xcom_args_with_operators', 'example_xcom_args' retrieved from /Users/aswin/Documents/data-engineering-practice/ETL_Airflow_DBT/airflow/airflow_env/lib/python3.11/site-packages/airflow/example_dags/example_xcomargs.py
[2026-02-24T06:14:54.153+0530] {logging_mixin.py:188} INFO - [2026-02-24T06:14:54.153+0530] {dag.py:3096} INFO - Sync 2 DAGs
[2026-02-24T06:14:54.156+0530] {logging_mixin.py:188} INFO - [2026-02-24T06:14:54.156+0530] {dag.py:3954} INFO - Setting next_dagrun for example_xcom_args to None, run_after=None
[2026-02-24T06:14:54.157+0530] {logging_mixin.py:188} INFO - [2026-02-24T06:14:54.157+0530] {dag.py:3954} INFO - Setting next_dagrun for example_xcom_args_with_operators to None, run_after=None
[2026-02-24T06:14:54.162+0530] {processor.py:183} INFO - Processing /Users/aswin/Documents/data-engineering-practice/ETL_Airflow_DBT/airflow/airflow_env/lib/python3.11/site-packages/airflow/example_dags/example_xcomargs.py took 0.053 seconds
[2026-02-24T06:15:40.946+0530] {processor.py:161} INFO - Started process (PID=49883) to work on /Users/aswin/Documents/data-engineering-practice/ETL_Airflow_DBT/airflow/airflow_env/lib/python3.11/site-packages/airflow/example_dags/example_xcomargs.py
[2026-02-24T06:15:40.947+0530] {processor.py:830} INFO - Processing file /Users/aswin/Documents/data-engineering-practice/ETL_Airflow_DBT/airflow/airflow_env/lib/python3.11/site-packages/airflow/example_dags/example_xcomargs.py for tasks to queue
[2026-02-24T06:15:40.947+0530] {logging_mixin.py:188} INFO - [2026-02-24T06:15:40.947+0530] {dagbag.py:540} INFO - Filling up the DagBag from /Users/aswin/Documents/data-engineering-practice/ETL_Airflow_DBT/airflow/airflow_env/lib/python3.11/site-packages/airflow/example_dags/example_xcomargs.py
[2026-02-24T06:15:40.961+0530] {processor.py:840} INFO - DAG(s) 'example_xcom_args', 'example_xcom_args_with_operators' retrieved from /Users/aswin/Documents/data-engineering-practice/ETL_Airflow_DBT/airflow/airflow_env/lib/python3.11/site-packages/airflow/example_dags/example_xcomargs.py
[2026-02-24T06:15:40.993+0530] {logging_mixin.py:188} INFO - [2026-02-24T06:15:40.993+0530] {dag.py:3096} INFO - Sync 2 DAGs
[2026-02-24T06:15:40.996+0530] {logging_mixin.py:188} INFO - [2026-02-24T06:15:40.996+0530] {dag.py:3954} INFO - Setting next_dagrun for example_xcom_args to None, run_after=None
[2026-02-24T06:15:40.997+0530] {logging_mixin.py:188} INFO - [2026-02-24T06:15:40.997+0530] {dag.py:3954} INFO - Setting next_dagrun for example_xcom_args_with_operators to None, run_after=None
[2026-02-24T06:15:41.003+0530] {processor.py:183} INFO - Processing /Users/aswin/Documents/data-engineering-practice/ETL_Airflow_DBT/airflow/airflow_env/lib/python3.11/site-packages/airflow/example_dags/example_xcomargs.py took 0.058 seconds
[2026-02-24T06:16:28.540+0530] {processor.py:161} INFO - Started process (PID=49934) to work on /Users/aswin/Documents/data-engineering-practice/ETL_Airflow_DBT/airflow/airflow_env/lib/python3.11/site-packages/airflow/example_dags/example_xcomargs.py
[2026-02-24T06:16:28.541+0530] {processor.py:830} INFO - Processing file /Users/aswin/Documents/data-engineering-practice/ETL_Airflow_DBT/airflow/airflow_env/lib/python3.11/site-packages/airflow/example_dags/example_xcomargs.py for tasks to queue
[2026-02-24T06:16:28.541+0530] {logging_mixin.py:188} INFO - [2026-02-24T06:16:28.541+0530] {dagbag.py:540} INFO - Filling up the DagBag from /Users/aswin/Documents/data-engineering-practice/ETL_Airflow_DBT/airflow/airflow_env/lib/python3.11/site-packages/airflow/example_dags/example_xcomargs.py
[2026-02-24T06:16:28.555+0530] {processor.py:840} INFO - DAG(s) 'example_xcom_args', 'example_xcom_args_with_operators' retrieved from /Users/aswin/Documents/data-engineering-practice/ETL_Airflow_DBT/airflow/airflow_env/lib/python3.11/site-packages/airflow/example_dags/example_xcomargs.py
[2026-02-24T06:16:28.584+0530] {logging_mixin.py:188} INFO - [2026-02-24T06:16:28.584+0530] {dag.py:3096} INFO - Sync 2 DAGs
[2026-02-24T06:16:28.587+0530] {logging_mixin.py:188} INFO - [2026-02-24T06:16:28.587+0530] {dag.py:3954} INFO - Setting next_dagrun for example_xcom_args to None, run_after=None
[2026-02-24T06:16:28.588+0530] {logging_mixin.py:188} INFO - [2026-02-24T06:16:28.588+0530] {dag.py:3954} INFO - Setting next_dagrun for example_xcom_args_with_operators to None, run_after=None
[2026-02-24T06:16:28.593+0530] {processor.py:183} INFO - Processing /Users/aswin/Documents/data-engineering-practice/ETL_Airflow_DBT/airflow/airflow_env/lib/python3.11/site-packages/airflow/example_dags/example_xcomargs.py took 0.054 seconds
[2026-02-24T06:18:05.023+0530] {processor.py:161} INFO - Started process (PID=50036) to work on /Users/aswin/Documents/data-engineering-practice/ETL_Airflow_DBT/airflow/airflow_env/lib/python3.11/site-packages/airflow/example_dags/example_xcomargs.py
[2026-02-24T06:18:05.024+0530] {processor.py:830} INFO - Processing file /Users/aswin/Documents/data-engineering-practice/ETL_Airflow_DBT/airflow/airflow_env/lib/python3.11/site-packages/airflow/example_dags/example_xcomargs.py for tasks to queue
[2026-02-24T06:18:05.024+0530] {logging_mixin.py:188} INFO - [2026-02-24T06:18:05.024+0530] {dagbag.py:540} INFO - Filling up the DagBag from /Users/aswin/Documents/data-engineering-practice/ETL_Airflow_DBT/airflow/airflow_env/lib/python3.11/site-packages/airflow/example_dags/example_xcomargs.py
[2026-02-24T06:18:05.039+0530] {processor.py:840} INFO - DAG(s) 'example_xcom_args', 'example_xcom_args_with_operators' retrieved from /Users/aswin/Documents/data-engineering-practice/ETL_Airflow_DBT/airflow/airflow_env/lib/python3.11/site-packages/airflow/example_dags/example_xcomargs.py
[2026-02-24T06:18:05.070+0530] {logging_mixin.py:188} INFO - [2026-02-24T06:18:05.069+0530] {dag.py:3096} INFO - Sync 2 DAGs
[2026-02-24T06:18:05.072+0530] {logging_mixin.py:188} INFO - [2026-02-24T06:18:05.072+0530] {dag.py:3954} INFO - Setting next_dagrun for example_xcom_args to None, run_after=None
[2026-02-24T06:18:05.073+0530] {logging_mixin.py:188} INFO - [2026-02-24T06:18:05.073+0530] {dag.py:3954} INFO - Setting next_dagrun for example_xcom_args_with_operators to None, run_after=None
[2026-02-24T06:18:05.078+0530] {processor.py:183} INFO - Processing /Users/aswin/Documents/data-engineering-practice/ETL_Airflow_DBT/airflow/airflow_env/lib/python3.11/site-packages/airflow/example_dags/example_xcomargs.py took 0.056 seconds
