[2026-02-24T05:31:11.449+0530] {processor.py:161} INFO - Started process (PID=47131) to work on /Users/aswin/Documents/data-engineering-practice/ETL_Airflow_DBT/airflow/airflow_env/lib/python3.11/site-packages/airflow/example_dags/example_external_task_marker_dag.py
[2026-02-24T05:31:11.450+0530] {processor.py:830} INFO - Processing file /Users/aswin/Documents/data-engineering-practice/ETL_Airflow_DBT/airflow/airflow_env/lib/python3.11/site-packages/airflow/example_dags/example_external_task_marker_dag.py for tasks to queue
[2026-02-24T05:31:11.450+0530] {logging_mixin.py:188} INFO - [2026-02-24T05:31:11.450+0530] {dagbag.py:540} INFO - Filling up the DagBag from /Users/aswin/Documents/data-engineering-practice/ETL_Airflow_DBT/airflow/airflow_env/lib/python3.11/site-packages/airflow/example_dags/example_external_task_marker_dag.py
[2026-02-24T05:31:11.454+0530] {processor.py:840} INFO - DAG(s) 'example_external_task_marker_parent', 'example_external_task_marker_child' retrieved from /Users/aswin/Documents/data-engineering-practice/ETL_Airflow_DBT/airflow/airflow_env/lib/python3.11/site-packages/airflow/example_dags/example_external_task_marker_dag.py
[2026-02-24T05:31:11.488+0530] {logging_mixin.py:188} INFO - [2026-02-24T05:31:11.487+0530] {dag.py:3096} INFO - Sync 2 DAGs
[2026-02-24T05:31:11.490+0530] {logging_mixin.py:188} INFO - [2026-02-24T05:31:11.490+0530] {dag.py:3954} INFO - Setting next_dagrun for example_external_task_marker_child to None, run_after=None
[2026-02-24T05:31:11.491+0530] {logging_mixin.py:188} INFO - [2026-02-24T05:31:11.491+0530] {dag.py:3954} INFO - Setting next_dagrun for example_external_task_marker_parent to None, run_after=None
[2026-02-24T05:31:11.496+0530] {processor.py:183} INFO - Processing /Users/aswin/Documents/data-engineering-practice/ETL_Airflow_DBT/airflow/airflow_env/lib/python3.11/site-packages/airflow/example_dags/example_external_task_marker_dag.py took 0.048 seconds
[2026-02-24T05:32:46.284+0530] {processor.py:161} INFO - Started process (PID=47251) to work on /Users/aswin/Documents/data-engineering-practice/ETL_Airflow_DBT/airflow/airflow_env/lib/python3.11/site-packages/airflow/example_dags/example_external_task_marker_dag.py
[2026-02-24T05:32:46.285+0530] {processor.py:830} INFO - Processing file /Users/aswin/Documents/data-engineering-practice/ETL_Airflow_DBT/airflow/airflow_env/lib/python3.11/site-packages/airflow/example_dags/example_external_task_marker_dag.py for tasks to queue
[2026-02-24T05:32:46.285+0530] {logging_mixin.py:188} INFO - [2026-02-24T05:32:46.285+0530] {dagbag.py:540} INFO - Filling up the DagBag from /Users/aswin/Documents/data-engineering-practice/ETL_Airflow_DBT/airflow/airflow_env/lib/python3.11/site-packages/airflow/example_dags/example_external_task_marker_dag.py
[2026-02-24T05:32:46.289+0530] {processor.py:840} INFO - DAG(s) 'example_external_task_marker_parent', 'example_external_task_marker_child' retrieved from /Users/aswin/Documents/data-engineering-practice/ETL_Airflow_DBT/airflow/airflow_env/lib/python3.11/site-packages/airflow/example_dags/example_external_task_marker_dag.py
[2026-02-24T05:32:46.321+0530] {logging_mixin.py:188} INFO - [2026-02-24T05:32:46.321+0530] {dag.py:3096} INFO - Sync 2 DAGs
[2026-02-24T05:32:46.324+0530] {logging_mixin.py:188} INFO - [2026-02-24T05:32:46.324+0530] {dag.py:3954} INFO - Setting next_dagrun for example_external_task_marker_child to None, run_after=None
[2026-02-24T05:32:46.325+0530] {logging_mixin.py:188} INFO - [2026-02-24T05:32:46.325+0530] {dag.py:3954} INFO - Setting next_dagrun for example_external_task_marker_parent to None, run_after=None
[2026-02-24T05:32:46.330+0530] {processor.py:183} INFO - Processing /Users/aswin/Documents/data-engineering-practice/ETL_Airflow_DBT/airflow/airflow_env/lib/python3.11/site-packages/airflow/example_dags/example_external_task_marker_dag.py took 0.047 seconds
[2026-02-24T05:34:21.143+0530] {processor.py:161} INFO - Started process (PID=47362) to work on /Users/aswin/Documents/data-engineering-practice/ETL_Airflow_DBT/airflow/airflow_env/lib/python3.11/site-packages/airflow/example_dags/example_external_task_marker_dag.py
[2026-02-24T05:34:21.144+0530] {processor.py:830} INFO - Processing file /Users/aswin/Documents/data-engineering-practice/ETL_Airflow_DBT/airflow/airflow_env/lib/python3.11/site-packages/airflow/example_dags/example_external_task_marker_dag.py for tasks to queue
[2026-02-24T05:34:21.144+0530] {logging_mixin.py:188} INFO - [2026-02-24T05:34:21.144+0530] {dagbag.py:540} INFO - Filling up the DagBag from /Users/aswin/Documents/data-engineering-practice/ETL_Airflow_DBT/airflow/airflow_env/lib/python3.11/site-packages/airflow/example_dags/example_external_task_marker_dag.py
[2026-02-24T05:34:21.149+0530] {processor.py:840} INFO - DAG(s) 'example_external_task_marker_child', 'example_external_task_marker_parent' retrieved from /Users/aswin/Documents/data-engineering-practice/ETL_Airflow_DBT/airflow/airflow_env/lib/python3.11/site-packages/airflow/example_dags/example_external_task_marker_dag.py
[2026-02-24T05:34:21.182+0530] {logging_mixin.py:188} INFO - [2026-02-24T05:34:21.182+0530] {dag.py:3096} INFO - Sync 2 DAGs
[2026-02-24T05:34:21.185+0530] {logging_mixin.py:188} INFO - [2026-02-24T05:34:21.185+0530] {dag.py:3954} INFO - Setting next_dagrun for example_external_task_marker_child to None, run_after=None
[2026-02-24T05:34:21.186+0530] {logging_mixin.py:188} INFO - [2026-02-24T05:34:21.186+0530] {dag.py:3954} INFO - Setting next_dagrun for example_external_task_marker_parent to None, run_after=None
[2026-02-24T05:34:21.191+0530] {processor.py:183} INFO - Processing /Users/aswin/Documents/data-engineering-practice/ETL_Airflow_DBT/airflow/airflow_env/lib/python3.11/site-packages/airflow/example_dags/example_external_task_marker_dag.py took 0.049 seconds
[2026-02-24T05:35:53.222+0530] {processor.py:161} INFO - Started process (PID=47449) to work on /Users/aswin/Documents/data-engineering-practice/ETL_Airflow_DBT/airflow/airflow_env/lib/python3.11/site-packages/airflow/example_dags/example_external_task_marker_dag.py
[2026-02-24T05:35:53.222+0530] {processor.py:830} INFO - Processing file /Users/aswin/Documents/data-engineering-practice/ETL_Airflow_DBT/airflow/airflow_env/lib/python3.11/site-packages/airflow/example_dags/example_external_task_marker_dag.py for tasks to queue
[2026-02-24T05:35:53.222+0530] {logging_mixin.py:188} INFO - [2026-02-24T05:35:53.222+0530] {dagbag.py:540} INFO - Filling up the DagBag from /Users/aswin/Documents/data-engineering-practice/ETL_Airflow_DBT/airflow/airflow_env/lib/python3.11/site-packages/airflow/example_dags/example_external_task_marker_dag.py
[2026-02-24T05:35:53.227+0530] {processor.py:840} INFO - DAG(s) 'example_external_task_marker_parent', 'example_external_task_marker_child' retrieved from /Users/aswin/Documents/data-engineering-practice/ETL_Airflow_DBT/airflow/airflow_env/lib/python3.11/site-packages/airflow/example_dags/example_external_task_marker_dag.py
[2026-02-24T05:35:53.259+0530] {logging_mixin.py:188} INFO - [2026-02-24T05:35:53.259+0530] {dag.py:3096} INFO - Sync 2 DAGs
[2026-02-24T05:35:53.262+0530] {logging_mixin.py:188} INFO - [2026-02-24T05:35:53.262+0530] {dag.py:3954} INFO - Setting next_dagrun for example_external_task_marker_child to None, run_after=None
[2026-02-24T05:35:53.263+0530] {logging_mixin.py:188} INFO - [2026-02-24T05:35:53.263+0530] {dag.py:3954} INFO - Setting next_dagrun for example_external_task_marker_parent to None, run_after=None
[2026-02-24T05:35:53.268+0530] {processor.py:183} INFO - Processing /Users/aswin/Documents/data-engineering-practice/ETL_Airflow_DBT/airflow/airflow_env/lib/python3.11/site-packages/airflow/example_dags/example_external_task_marker_dag.py took 0.048 seconds
[2026-02-24T05:37:43.393+0530] {processor.py:161} INFO - Started process (PID=47573) to work on /Users/aswin/Documents/data-engineering-practice/ETL_Airflow_DBT/airflow/airflow_env/lib/python3.11/site-packages/airflow/example_dags/example_external_task_marker_dag.py
[2026-02-24T05:37:43.394+0530] {processor.py:830} INFO - Processing file /Users/aswin/Documents/data-engineering-practice/ETL_Airflow_DBT/airflow/airflow_env/lib/python3.11/site-packages/airflow/example_dags/example_external_task_marker_dag.py for tasks to queue
[2026-02-24T05:37:43.394+0530] {logging_mixin.py:188} INFO - [2026-02-24T05:37:43.394+0530] {dagbag.py:540} INFO - Filling up the DagBag from /Users/aswin/Documents/data-engineering-practice/ETL_Airflow_DBT/airflow/airflow_env/lib/python3.11/site-packages/airflow/example_dags/example_external_task_marker_dag.py
[2026-02-24T05:37:43.399+0530] {processor.py:840} INFO - DAG(s) 'example_external_task_marker_parent', 'example_external_task_marker_child' retrieved from /Users/aswin/Documents/data-engineering-practice/ETL_Airflow_DBT/airflow/airflow_env/lib/python3.11/site-packages/airflow/example_dags/example_external_task_marker_dag.py
[2026-02-24T05:37:43.436+0530] {logging_mixin.py:188} INFO - [2026-02-24T05:37:43.435+0530] {dag.py:3096} INFO - Sync 2 DAGs
[2026-02-24T05:37:43.439+0530] {logging_mixin.py:188} INFO - [2026-02-24T05:37:43.439+0530] {dag.py:3954} INFO - Setting next_dagrun for example_external_task_marker_child to None, run_after=None
[2026-02-24T05:37:43.440+0530] {logging_mixin.py:188} INFO - [2026-02-24T05:37:43.440+0530] {dag.py:3954} INFO - Setting next_dagrun for example_external_task_marker_parent to None, run_after=None
[2026-02-24T05:37:43.447+0530] {processor.py:183} INFO - Processing /Users/aswin/Documents/data-engineering-practice/ETL_Airflow_DBT/airflow/airflow_env/lib/python3.11/site-packages/airflow/example_dags/example_external_task_marker_dag.py took 0.054 seconds
[2026-02-24T05:39:12.785+0530] {processor.py:161} INFO - Started process (PID=47646) to work on /Users/aswin/Documents/data-engineering-practice/ETL_Airflow_DBT/airflow/airflow_env/lib/python3.11/site-packages/airflow/example_dags/example_external_task_marker_dag.py
[2026-02-24T05:39:12.785+0530] {processor.py:830} INFO - Processing file /Users/aswin/Documents/data-engineering-practice/ETL_Airflow_DBT/airflow/airflow_env/lib/python3.11/site-packages/airflow/example_dags/example_external_task_marker_dag.py for tasks to queue
[2026-02-24T05:39:12.785+0530] {logging_mixin.py:188} INFO - [2026-02-24T05:39:12.785+0530] {dagbag.py:540} INFO - Filling up the DagBag from /Users/aswin/Documents/data-engineering-practice/ETL_Airflow_DBT/airflow/airflow_env/lib/python3.11/site-packages/airflow/example_dags/example_external_task_marker_dag.py
[2026-02-24T05:39:12.789+0530] {processor.py:840} INFO - DAG(s) 'example_external_task_marker_parent', 'example_external_task_marker_child' retrieved from /Users/aswin/Documents/data-engineering-practice/ETL_Airflow_DBT/airflow/airflow_env/lib/python3.11/site-packages/airflow/example_dags/example_external_task_marker_dag.py
[2026-02-24T05:39:12.822+0530] {logging_mixin.py:188} INFO - [2026-02-24T05:39:12.822+0530] {dag.py:3096} INFO - Sync 2 DAGs
[2026-02-24T05:39:12.825+0530] {logging_mixin.py:188} INFO - [2026-02-24T05:39:12.825+0530] {dag.py:3954} INFO - Setting next_dagrun for example_external_task_marker_child to None, run_after=None
[2026-02-24T05:39:12.826+0530] {logging_mixin.py:188} INFO - [2026-02-24T05:39:12.826+0530] {dag.py:3954} INFO - Setting next_dagrun for example_external_task_marker_parent to None, run_after=None
[2026-02-24T05:39:12.831+0530] {processor.py:183} INFO - Processing /Users/aswin/Documents/data-engineering-practice/ETL_Airflow_DBT/airflow/airflow_env/lib/python3.11/site-packages/airflow/example_dags/example_external_task_marker_dag.py took 0.047 seconds
[2026-02-24T05:40:53.943+0530] {processor.py:161} INFO - Started process (PID=47749) to work on /Users/aswin/Documents/data-engineering-practice/ETL_Airflow_DBT/airflow/airflow_env/lib/python3.11/site-packages/airflow/example_dags/example_external_task_marker_dag.py
[2026-02-24T05:40:53.944+0530] {processor.py:830} INFO - Processing file /Users/aswin/Documents/data-engineering-practice/ETL_Airflow_DBT/airflow/airflow_env/lib/python3.11/site-packages/airflow/example_dags/example_external_task_marker_dag.py for tasks to queue
[2026-02-24T05:40:53.944+0530] {logging_mixin.py:188} INFO - [2026-02-24T05:40:53.944+0530] {dagbag.py:540} INFO - Filling up the DagBag from /Users/aswin/Documents/data-engineering-practice/ETL_Airflow_DBT/airflow/airflow_env/lib/python3.11/site-packages/airflow/example_dags/example_external_task_marker_dag.py
[2026-02-24T05:40:53.948+0530] {processor.py:840} INFO - DAG(s) 'example_external_task_marker_parent', 'example_external_task_marker_child' retrieved from /Users/aswin/Documents/data-engineering-practice/ETL_Airflow_DBT/airflow/airflow_env/lib/python3.11/site-packages/airflow/example_dags/example_external_task_marker_dag.py
[2026-02-24T05:40:53.982+0530] {logging_mixin.py:188} INFO - [2026-02-24T05:40:53.982+0530] {dag.py:3096} INFO - Sync 2 DAGs
[2026-02-24T05:40:53.985+0530] {logging_mixin.py:188} INFO - [2026-02-24T05:40:53.984+0530] {dag.py:3954} INFO - Setting next_dagrun for example_external_task_marker_child to None, run_after=None
[2026-02-24T05:40:53.985+0530] {logging_mixin.py:188} INFO - [2026-02-24T05:40:53.985+0530] {dag.py:3954} INFO - Setting next_dagrun for example_external_task_marker_parent to None, run_after=None
[2026-02-24T05:40:53.991+0530] {processor.py:183} INFO - Processing /Users/aswin/Documents/data-engineering-practice/ETL_Airflow_DBT/airflow/airflow_env/lib/python3.11/site-packages/airflow/example_dags/example_external_task_marker_dag.py took 0.049 seconds
[2026-02-24T05:42:26.469+0530] {processor.py:161} INFO - Started process (PID=47819) to work on /Users/aswin/Documents/data-engineering-practice/ETL_Airflow_DBT/airflow/airflow_env/lib/python3.11/site-packages/airflow/example_dags/example_external_task_marker_dag.py
[2026-02-24T05:42:26.470+0530] {processor.py:830} INFO - Processing file /Users/aswin/Documents/data-engineering-practice/ETL_Airflow_DBT/airflow/airflow_env/lib/python3.11/site-packages/airflow/example_dags/example_external_task_marker_dag.py for tasks to queue
[2026-02-24T05:42:26.470+0530] {logging_mixin.py:188} INFO - [2026-02-24T05:42:26.470+0530] {dagbag.py:540} INFO - Filling up the DagBag from /Users/aswin/Documents/data-engineering-practice/ETL_Airflow_DBT/airflow/airflow_env/lib/python3.11/site-packages/airflow/example_dags/example_external_task_marker_dag.py
[2026-02-24T05:42:26.474+0530] {processor.py:840} INFO - DAG(s) 'example_external_task_marker_child', 'example_external_task_marker_parent' retrieved from /Users/aswin/Documents/data-engineering-practice/ETL_Airflow_DBT/airflow/airflow_env/lib/python3.11/site-packages/airflow/example_dags/example_external_task_marker_dag.py
[2026-02-24T05:42:26.507+0530] {logging_mixin.py:188} INFO - [2026-02-24T05:42:26.507+0530] {dag.py:3096} INFO - Sync 2 DAGs
[2026-02-24T05:42:26.510+0530] {logging_mixin.py:188} INFO - [2026-02-24T05:42:26.510+0530] {dag.py:3954} INFO - Setting next_dagrun for example_external_task_marker_child to None, run_after=None
[2026-02-24T05:42:26.511+0530] {logging_mixin.py:188} INFO - [2026-02-24T05:42:26.511+0530] {dag.py:3954} INFO - Setting next_dagrun for example_external_task_marker_parent to None, run_after=None
[2026-02-24T05:42:26.516+0530] {processor.py:183} INFO - Processing /Users/aswin/Documents/data-engineering-practice/ETL_Airflow_DBT/airflow/airflow_env/lib/python3.11/site-packages/airflow/example_dags/example_external_task_marker_dag.py took 0.048 seconds
[2026-02-24T05:43:56.886+0530] {processor.py:161} INFO - Started process (PID=47894) to work on /Users/aswin/Documents/data-engineering-practice/ETL_Airflow_DBT/airflow/airflow_env/lib/python3.11/site-packages/airflow/example_dags/example_external_task_marker_dag.py
[2026-02-24T05:43:56.887+0530] {processor.py:830} INFO - Processing file /Users/aswin/Documents/data-engineering-practice/ETL_Airflow_DBT/airflow/airflow_env/lib/python3.11/site-packages/airflow/example_dags/example_external_task_marker_dag.py for tasks to queue
[2026-02-24T05:43:56.887+0530] {logging_mixin.py:188} INFO - [2026-02-24T05:43:56.887+0530] {dagbag.py:540} INFO - Filling up the DagBag from /Users/aswin/Documents/data-engineering-practice/ETL_Airflow_DBT/airflow/airflow_env/lib/python3.11/site-packages/airflow/example_dags/example_external_task_marker_dag.py
[2026-02-24T05:43:56.892+0530] {processor.py:840} INFO - DAG(s) 'example_external_task_marker_parent', 'example_external_task_marker_child' retrieved from /Users/aswin/Documents/data-engineering-practice/ETL_Airflow_DBT/airflow/airflow_env/lib/python3.11/site-packages/airflow/example_dags/example_external_task_marker_dag.py
[2026-02-24T05:43:56.927+0530] {logging_mixin.py:188} INFO - [2026-02-24T05:43:56.927+0530] {dag.py:3096} INFO - Sync 2 DAGs
[2026-02-24T05:43:56.930+0530] {logging_mixin.py:188} INFO - [2026-02-24T05:43:56.930+0530] {dag.py:3954} INFO - Setting next_dagrun for example_external_task_marker_child to None, run_after=None
[2026-02-24T05:43:56.931+0530] {logging_mixin.py:188} INFO - [2026-02-24T05:43:56.931+0530] {dag.py:3954} INFO - Setting next_dagrun for example_external_task_marker_parent to None, run_after=None
[2026-02-24T05:43:56.937+0530] {processor.py:183} INFO - Processing /Users/aswin/Documents/data-engineering-practice/ETL_Airflow_DBT/airflow/airflow_env/lib/python3.11/site-packages/airflow/example_dags/example_external_task_marker_dag.py took 0.052 seconds
[2026-02-24T05:45:30.432+0530] {processor.py:161} INFO - Started process (PID=47978) to work on /Users/aswin/Documents/data-engineering-practice/ETL_Airflow_DBT/airflow/airflow_env/lib/python3.11/site-packages/airflow/example_dags/example_external_task_marker_dag.py
[2026-02-24T05:45:30.433+0530] {processor.py:830} INFO - Processing file /Users/aswin/Documents/data-engineering-practice/ETL_Airflow_DBT/airflow/airflow_env/lib/python3.11/site-packages/airflow/example_dags/example_external_task_marker_dag.py for tasks to queue
[2026-02-24T05:45:30.433+0530] {logging_mixin.py:188} INFO - [2026-02-24T05:45:30.433+0530] {dagbag.py:540} INFO - Filling up the DagBag from /Users/aswin/Documents/data-engineering-practice/ETL_Airflow_DBT/airflow/airflow_env/lib/python3.11/site-packages/airflow/example_dags/example_external_task_marker_dag.py
[2026-02-24T05:45:30.437+0530] {processor.py:840} INFO - DAG(s) 'example_external_task_marker_parent', 'example_external_task_marker_child' retrieved from /Users/aswin/Documents/data-engineering-practice/ETL_Airflow_DBT/airflow/airflow_env/lib/python3.11/site-packages/airflow/example_dags/example_external_task_marker_dag.py
[2026-02-24T05:45:30.471+0530] {logging_mixin.py:188} INFO - [2026-02-24T05:45:30.471+0530] {dag.py:3096} INFO - Sync 2 DAGs
[2026-02-24T05:45:30.474+0530] {logging_mixin.py:188} INFO - [2026-02-24T05:45:30.474+0530] {dag.py:3954} INFO - Setting next_dagrun for example_external_task_marker_child to None, run_after=None
[2026-02-24T05:45:30.475+0530] {logging_mixin.py:188} INFO - [2026-02-24T05:45:30.475+0530] {dag.py:3954} INFO - Setting next_dagrun for example_external_task_marker_parent to None, run_after=None
[2026-02-24T05:45:30.481+0530] {processor.py:183} INFO - Processing /Users/aswin/Documents/data-engineering-practice/ETL_Airflow_DBT/airflow/airflow_env/lib/python3.11/site-packages/airflow/example_dags/example_external_task_marker_dag.py took 0.050 seconds
[2026-02-24T05:46:59.833+0530] {processor.py:161} INFO - Started process (PID=48086) to work on /Users/aswin/Documents/data-engineering-practice/ETL_Airflow_DBT/airflow/airflow_env/lib/python3.11/site-packages/airflow/example_dags/example_external_task_marker_dag.py
[2026-02-24T05:46:59.833+0530] {processor.py:830} INFO - Processing file /Users/aswin/Documents/data-engineering-practice/ETL_Airflow_DBT/airflow/airflow_env/lib/python3.11/site-packages/airflow/example_dags/example_external_task_marker_dag.py for tasks to queue
[2026-02-24T05:46:59.833+0530] {logging_mixin.py:188} INFO - [2026-02-24T05:46:59.833+0530] {dagbag.py:540} INFO - Filling up the DagBag from /Users/aswin/Documents/data-engineering-practice/ETL_Airflow_DBT/airflow/airflow_env/lib/python3.11/site-packages/airflow/example_dags/example_external_task_marker_dag.py
[2026-02-24T05:46:59.838+0530] {processor.py:840} INFO - DAG(s) 'example_external_task_marker_child', 'example_external_task_marker_parent' retrieved from /Users/aswin/Documents/data-engineering-practice/ETL_Airflow_DBT/airflow/airflow_env/lib/python3.11/site-packages/airflow/example_dags/example_external_task_marker_dag.py
[2026-02-24T05:46:59.870+0530] {logging_mixin.py:188} INFO - [2026-02-24T05:46:59.870+0530] {dag.py:3096} INFO - Sync 2 DAGs
[2026-02-24T05:46:59.873+0530] {logging_mixin.py:188} INFO - [2026-02-24T05:46:59.873+0530] {dag.py:3954} INFO - Setting next_dagrun for example_external_task_marker_child to None, run_after=None
[2026-02-24T05:46:59.874+0530] {logging_mixin.py:188} INFO - [2026-02-24T05:46:59.874+0530] {dag.py:3954} INFO - Setting next_dagrun for example_external_task_marker_parent to None, run_after=None
[2026-02-24T05:46:59.880+0530] {processor.py:183} INFO - Processing /Users/aswin/Documents/data-engineering-practice/ETL_Airflow_DBT/airflow/airflow_env/lib/python3.11/site-packages/airflow/example_dags/example_external_task_marker_dag.py took 0.048 seconds
[2026-02-24T05:48:28.406+0530] {processor.py:161} INFO - Started process (PID=48166) to work on /Users/aswin/Documents/data-engineering-practice/ETL_Airflow_DBT/airflow/airflow_env/lib/python3.11/site-packages/airflow/example_dags/example_external_task_marker_dag.py
[2026-02-24T05:48:28.407+0530] {processor.py:830} INFO - Processing file /Users/aswin/Documents/data-engineering-practice/ETL_Airflow_DBT/airflow/airflow_env/lib/python3.11/site-packages/airflow/example_dags/example_external_task_marker_dag.py for tasks to queue
[2026-02-24T05:48:28.408+0530] {logging_mixin.py:188} INFO - [2026-02-24T05:48:28.408+0530] {dagbag.py:540} INFO - Filling up the DagBag from /Users/aswin/Documents/data-engineering-practice/ETL_Airflow_DBT/airflow/airflow_env/lib/python3.11/site-packages/airflow/example_dags/example_external_task_marker_dag.py
[2026-02-24T05:48:28.412+0530] {processor.py:840} INFO - DAG(s) 'example_external_task_marker_child', 'example_external_task_marker_parent' retrieved from /Users/aswin/Documents/data-engineering-practice/ETL_Airflow_DBT/airflow/airflow_env/lib/python3.11/site-packages/airflow/example_dags/example_external_task_marker_dag.py
[2026-02-24T05:48:28.445+0530] {logging_mixin.py:188} INFO - [2026-02-24T05:48:28.445+0530] {dag.py:3096} INFO - Sync 2 DAGs
[2026-02-24T05:48:28.448+0530] {logging_mixin.py:188} INFO - [2026-02-24T05:48:28.448+0530] {dag.py:3954} INFO - Setting next_dagrun for example_external_task_marker_child to None, run_after=None
[2026-02-24T05:48:28.449+0530] {logging_mixin.py:188} INFO - [2026-02-24T05:48:28.449+0530] {dag.py:3954} INFO - Setting next_dagrun for example_external_task_marker_parent to None, run_after=None
[2026-02-24T05:48:28.454+0530] {processor.py:183} INFO - Processing /Users/aswin/Documents/data-engineering-practice/ETL_Airflow_DBT/airflow/airflow_env/lib/python3.11/site-packages/airflow/example_dags/example_external_task_marker_dag.py took 0.049 seconds
[2026-02-24T05:50:01.442+0530] {processor.py:161} INFO - Started process (PID=48279) to work on /Users/aswin/Documents/data-engineering-practice/ETL_Airflow_DBT/airflow/airflow_env/lib/python3.11/site-packages/airflow/example_dags/example_external_task_marker_dag.py
[2026-02-24T05:50:01.443+0530] {processor.py:830} INFO - Processing file /Users/aswin/Documents/data-engineering-practice/ETL_Airflow_DBT/airflow/airflow_env/lib/python3.11/site-packages/airflow/example_dags/example_external_task_marker_dag.py for tasks to queue
[2026-02-24T05:50:01.443+0530] {logging_mixin.py:188} INFO - [2026-02-24T05:50:01.443+0530] {dagbag.py:540} INFO - Filling up the DagBag from /Users/aswin/Documents/data-engineering-practice/ETL_Airflow_DBT/airflow/airflow_env/lib/python3.11/site-packages/airflow/example_dags/example_external_task_marker_dag.py
[2026-02-24T05:50:01.447+0530] {processor.py:840} INFO - DAG(s) 'example_external_task_marker_parent', 'example_external_task_marker_child' retrieved from /Users/aswin/Documents/data-engineering-practice/ETL_Airflow_DBT/airflow/airflow_env/lib/python3.11/site-packages/airflow/example_dags/example_external_task_marker_dag.py
[2026-02-24T05:50:01.480+0530] {logging_mixin.py:188} INFO - [2026-02-24T05:50:01.480+0530] {dag.py:3096} INFO - Sync 2 DAGs
[2026-02-24T05:50:01.483+0530] {logging_mixin.py:188} INFO - [2026-02-24T05:50:01.483+0530] {dag.py:3954} INFO - Setting next_dagrun for example_external_task_marker_child to None, run_after=None
[2026-02-24T05:50:01.484+0530] {logging_mixin.py:188} INFO - [2026-02-24T05:50:01.484+0530] {dag.py:3954} INFO - Setting next_dagrun for example_external_task_marker_parent to None, run_after=None
[2026-02-24T05:50:01.489+0530] {processor.py:183} INFO - Processing /Users/aswin/Documents/data-engineering-practice/ETL_Airflow_DBT/airflow/airflow_env/lib/python3.11/site-packages/airflow/example_dags/example_external_task_marker_dag.py took 0.047 seconds
[2026-02-24T05:51:29.812+0530] {processor.py:161} INFO - Started process (PID=48366) to work on /Users/aswin/Documents/data-engineering-practice/ETL_Airflow_DBT/airflow/airflow_env/lib/python3.11/site-packages/airflow/example_dags/example_external_task_marker_dag.py
[2026-02-24T05:51:29.813+0530] {processor.py:830} INFO - Processing file /Users/aswin/Documents/data-engineering-practice/ETL_Airflow_DBT/airflow/airflow_env/lib/python3.11/site-packages/airflow/example_dags/example_external_task_marker_dag.py for tasks to queue
[2026-02-24T05:51:29.813+0530] {logging_mixin.py:188} INFO - [2026-02-24T05:51:29.813+0530] {dagbag.py:540} INFO - Filling up the DagBag from /Users/aswin/Documents/data-engineering-practice/ETL_Airflow_DBT/airflow/airflow_env/lib/python3.11/site-packages/airflow/example_dags/example_external_task_marker_dag.py
[2026-02-24T05:51:29.817+0530] {processor.py:840} INFO - DAG(s) 'example_external_task_marker_parent', 'example_external_task_marker_child' retrieved from /Users/aswin/Documents/data-engineering-practice/ETL_Airflow_DBT/airflow/airflow_env/lib/python3.11/site-packages/airflow/example_dags/example_external_task_marker_dag.py
[2026-02-24T05:51:29.850+0530] {logging_mixin.py:188} INFO - [2026-02-24T05:51:29.850+0530] {dag.py:3096} INFO - Sync 2 DAGs
[2026-02-24T05:51:29.853+0530] {logging_mixin.py:188} INFO - [2026-02-24T05:51:29.853+0530] {dag.py:3954} INFO - Setting next_dagrun for example_external_task_marker_child to None, run_after=None
[2026-02-24T05:51:29.854+0530] {logging_mixin.py:188} INFO - [2026-02-24T05:51:29.854+0530] {dag.py:3954} INFO - Setting next_dagrun for example_external_task_marker_parent to None, run_after=None
[2026-02-24T05:51:29.859+0530] {processor.py:183} INFO - Processing /Users/aswin/Documents/data-engineering-practice/ETL_Airflow_DBT/airflow/airflow_env/lib/python3.11/site-packages/airflow/example_dags/example_external_task_marker_dag.py took 0.048 seconds
[2026-02-24T05:53:06.133+0530] {processor.py:161} INFO - Started process (PID=48441) to work on /Users/aswin/Documents/data-engineering-practice/ETL_Airflow_DBT/airflow/airflow_env/lib/python3.11/site-packages/airflow/example_dags/example_external_task_marker_dag.py
[2026-02-24T05:53:06.134+0530] {processor.py:830} INFO - Processing file /Users/aswin/Documents/data-engineering-practice/ETL_Airflow_DBT/airflow/airflow_env/lib/python3.11/site-packages/airflow/example_dags/example_external_task_marker_dag.py for tasks to queue
[2026-02-24T05:53:06.134+0530] {logging_mixin.py:188} INFO - [2026-02-24T05:53:06.134+0530] {dagbag.py:540} INFO - Filling up the DagBag from /Users/aswin/Documents/data-engineering-practice/ETL_Airflow_DBT/airflow/airflow_env/lib/python3.11/site-packages/airflow/example_dags/example_external_task_marker_dag.py
[2026-02-24T05:53:06.138+0530] {processor.py:840} INFO - DAG(s) 'example_external_task_marker_parent', 'example_external_task_marker_child' retrieved from /Users/aswin/Documents/data-engineering-practice/ETL_Airflow_DBT/airflow/airflow_env/lib/python3.11/site-packages/airflow/example_dags/example_external_task_marker_dag.py
[2026-02-24T05:53:06.171+0530] {logging_mixin.py:188} INFO - [2026-02-24T05:53:06.171+0530] {dag.py:3096} INFO - Sync 2 DAGs
[2026-02-24T05:53:06.174+0530] {logging_mixin.py:188} INFO - [2026-02-24T05:53:06.173+0530] {dag.py:3954} INFO - Setting next_dagrun for example_external_task_marker_child to None, run_after=None
[2026-02-24T05:53:06.174+0530] {logging_mixin.py:188} INFO - [2026-02-24T05:53:06.174+0530] {dag.py:3954} INFO - Setting next_dagrun for example_external_task_marker_parent to None, run_after=None
[2026-02-24T05:53:06.180+0530] {processor.py:183} INFO - Processing /Users/aswin/Documents/data-engineering-practice/ETL_Airflow_DBT/airflow/airflow_env/lib/python3.11/site-packages/airflow/example_dags/example_external_task_marker_dag.py took 0.047 seconds
[2026-02-24T05:54:40.334+0530] {processor.py:161} INFO - Started process (PID=48564) to work on /Users/aswin/Documents/data-engineering-practice/ETL_Airflow_DBT/airflow/airflow_env/lib/python3.11/site-packages/airflow/example_dags/example_external_task_marker_dag.py
[2026-02-24T05:54:40.334+0530] {processor.py:830} INFO - Processing file /Users/aswin/Documents/data-engineering-practice/ETL_Airflow_DBT/airflow/airflow_env/lib/python3.11/site-packages/airflow/example_dags/example_external_task_marker_dag.py for tasks to queue
[2026-02-24T05:54:40.335+0530] {logging_mixin.py:188} INFO - [2026-02-24T05:54:40.334+0530] {dagbag.py:540} INFO - Filling up the DagBag from /Users/aswin/Documents/data-engineering-practice/ETL_Airflow_DBT/airflow/airflow_env/lib/python3.11/site-packages/airflow/example_dags/example_external_task_marker_dag.py
[2026-02-24T05:54:40.339+0530] {processor.py:840} INFO - DAG(s) 'example_external_task_marker_child', 'example_external_task_marker_parent' retrieved from /Users/aswin/Documents/data-engineering-practice/ETL_Airflow_DBT/airflow/airflow_env/lib/python3.11/site-packages/airflow/example_dags/example_external_task_marker_dag.py
[2026-02-24T05:54:40.371+0530] {logging_mixin.py:188} INFO - [2026-02-24T05:54:40.371+0530] {dag.py:3096} INFO - Sync 2 DAGs
[2026-02-24T05:54:40.374+0530] {logging_mixin.py:188} INFO - [2026-02-24T05:54:40.374+0530] {dag.py:3954} INFO - Setting next_dagrun for example_external_task_marker_child to None, run_after=None
[2026-02-24T05:54:40.375+0530] {logging_mixin.py:188} INFO - [2026-02-24T05:54:40.375+0530] {dag.py:3954} INFO - Setting next_dagrun for example_external_task_marker_parent to None, run_after=None
[2026-02-24T05:54:40.381+0530] {processor.py:183} INFO - Processing /Users/aswin/Documents/data-engineering-practice/ETL_Airflow_DBT/airflow/airflow_env/lib/python3.11/site-packages/airflow/example_dags/example_external_task_marker_dag.py took 0.048 seconds
[2026-02-24T05:56:14.254+0530] {processor.py:161} INFO - Started process (PID=48659) to work on /Users/aswin/Documents/data-engineering-practice/ETL_Airflow_DBT/airflow/airflow_env/lib/python3.11/site-packages/airflow/example_dags/example_external_task_marker_dag.py
[2026-02-24T05:56:14.255+0530] {processor.py:830} INFO - Processing file /Users/aswin/Documents/data-engineering-practice/ETL_Airflow_DBT/airflow/airflow_env/lib/python3.11/site-packages/airflow/example_dags/example_external_task_marker_dag.py for tasks to queue
[2026-02-24T05:56:14.256+0530] {logging_mixin.py:188} INFO - [2026-02-24T05:56:14.256+0530] {dagbag.py:540} INFO - Filling up the DagBag from /Users/aswin/Documents/data-engineering-practice/ETL_Airflow_DBT/airflow/airflow_env/lib/python3.11/site-packages/airflow/example_dags/example_external_task_marker_dag.py
[2026-02-24T05:56:14.260+0530] {processor.py:840} INFO - DAG(s) 'example_external_task_marker_child', 'example_external_task_marker_parent' retrieved from /Users/aswin/Documents/data-engineering-practice/ETL_Airflow_DBT/airflow/airflow_env/lib/python3.11/site-packages/airflow/example_dags/example_external_task_marker_dag.py
[2026-02-24T05:56:14.293+0530] {logging_mixin.py:188} INFO - [2026-02-24T05:56:14.293+0530] {dag.py:3096} INFO - Sync 2 DAGs
[2026-02-24T05:56:14.296+0530] {logging_mixin.py:188} INFO - [2026-02-24T05:56:14.296+0530] {dag.py:3954} INFO - Setting next_dagrun for example_external_task_marker_child to None, run_after=None
[2026-02-24T05:56:14.296+0530] {logging_mixin.py:188} INFO - [2026-02-24T05:56:14.296+0530] {dag.py:3954} INFO - Setting next_dagrun for example_external_task_marker_parent to None, run_after=None
[2026-02-24T05:56:14.302+0530] {processor.py:183} INFO - Processing /Users/aswin/Documents/data-engineering-practice/ETL_Airflow_DBT/airflow/airflow_env/lib/python3.11/site-packages/airflow/example_dags/example_external_task_marker_dag.py took 0.048 seconds
[2026-02-24T05:57:45.635+0530] {processor.py:161} INFO - Started process (PID=48735) to work on /Users/aswin/Documents/data-engineering-practice/ETL_Airflow_DBT/airflow/airflow_env/lib/python3.11/site-packages/airflow/example_dags/example_external_task_marker_dag.py
[2026-02-24T05:57:45.635+0530] {processor.py:830} INFO - Processing file /Users/aswin/Documents/data-engineering-practice/ETL_Airflow_DBT/airflow/airflow_env/lib/python3.11/site-packages/airflow/example_dags/example_external_task_marker_dag.py for tasks to queue
[2026-02-24T05:57:45.635+0530] {logging_mixin.py:188} INFO - [2026-02-24T05:57:45.635+0530] {dagbag.py:540} INFO - Filling up the DagBag from /Users/aswin/Documents/data-engineering-practice/ETL_Airflow_DBT/airflow/airflow_env/lib/python3.11/site-packages/airflow/example_dags/example_external_task_marker_dag.py
[2026-02-24T05:57:45.640+0530] {processor.py:840} INFO - DAG(s) 'example_external_task_marker_child', 'example_external_task_marker_parent' retrieved from /Users/aswin/Documents/data-engineering-practice/ETL_Airflow_DBT/airflow/airflow_env/lib/python3.11/site-packages/airflow/example_dags/example_external_task_marker_dag.py
[2026-02-24T05:57:45.673+0530] {logging_mixin.py:188} INFO - [2026-02-24T05:57:45.673+0530] {dag.py:3096} INFO - Sync 2 DAGs
[2026-02-24T05:57:45.676+0530] {logging_mixin.py:188} INFO - [2026-02-24T05:57:45.676+0530] {dag.py:3954} INFO - Setting next_dagrun for example_external_task_marker_child to None, run_after=None
[2026-02-24T05:57:45.676+0530] {logging_mixin.py:188} INFO - [2026-02-24T05:57:45.676+0530] {dag.py:3954} INFO - Setting next_dagrun for example_external_task_marker_parent to None, run_after=None
[2026-02-24T05:57:45.681+0530] {processor.py:183} INFO - Processing /Users/aswin/Documents/data-engineering-practice/ETL_Airflow_DBT/airflow/airflow_env/lib/python3.11/site-packages/airflow/example_dags/example_external_task_marker_dag.py took 0.048 seconds
[2026-02-24T05:59:21.210+0530] {processor.py:161} INFO - Started process (PID=48832) to work on /Users/aswin/Documents/data-engineering-practice/ETL_Airflow_DBT/airflow/airflow_env/lib/python3.11/site-packages/airflow/example_dags/example_external_task_marker_dag.py
[2026-02-24T05:59:21.211+0530] {processor.py:830} INFO - Processing file /Users/aswin/Documents/data-engineering-practice/ETL_Airflow_DBT/airflow/airflow_env/lib/python3.11/site-packages/airflow/example_dags/example_external_task_marker_dag.py for tasks to queue
[2026-02-24T05:59:21.211+0530] {logging_mixin.py:188} INFO - [2026-02-24T05:59:21.211+0530] {dagbag.py:540} INFO - Filling up the DagBag from /Users/aswin/Documents/data-engineering-practice/ETL_Airflow_DBT/airflow/airflow_env/lib/python3.11/site-packages/airflow/example_dags/example_external_task_marker_dag.py
[2026-02-24T05:59:21.215+0530] {processor.py:840} INFO - DAG(s) 'example_external_task_marker_child', 'example_external_task_marker_parent' retrieved from /Users/aswin/Documents/data-engineering-practice/ETL_Airflow_DBT/airflow/airflow_env/lib/python3.11/site-packages/airflow/example_dags/example_external_task_marker_dag.py
[2026-02-24T05:59:21.251+0530] {logging_mixin.py:188} INFO - [2026-02-24T05:59:21.251+0530] {dag.py:3096} INFO - Sync 2 DAGs
[2026-02-24T05:59:21.254+0530] {logging_mixin.py:188} INFO - [2026-02-24T05:59:21.254+0530] {dag.py:3954} INFO - Setting next_dagrun for example_external_task_marker_child to None, run_after=None
[2026-02-24T05:59:21.255+0530] {logging_mixin.py:188} INFO - [2026-02-24T05:59:21.255+0530] {dag.py:3954} INFO - Setting next_dagrun for example_external_task_marker_parent to None, run_after=None
[2026-02-24T05:59:21.261+0530] {processor.py:183} INFO - Processing /Users/aswin/Documents/data-engineering-practice/ETL_Airflow_DBT/airflow/airflow_env/lib/python3.11/site-packages/airflow/example_dags/example_external_task_marker_dag.py took 0.051 seconds
[2026-02-24T06:00:56.552+0530] {processor.py:161} INFO - Started process (PID=48943) to work on /Users/aswin/Documents/data-engineering-practice/ETL_Airflow_DBT/airflow/airflow_env/lib/python3.11/site-packages/airflow/example_dags/example_external_task_marker_dag.py
[2026-02-24T06:00:56.552+0530] {processor.py:830} INFO - Processing file /Users/aswin/Documents/data-engineering-practice/ETL_Airflow_DBT/airflow/airflow_env/lib/python3.11/site-packages/airflow/example_dags/example_external_task_marker_dag.py for tasks to queue
[2026-02-24T06:00:56.553+0530] {logging_mixin.py:188} INFO - [2026-02-24T06:00:56.552+0530] {dagbag.py:540} INFO - Filling up the DagBag from /Users/aswin/Documents/data-engineering-practice/ETL_Airflow_DBT/airflow/airflow_env/lib/python3.11/site-packages/airflow/example_dags/example_external_task_marker_dag.py
[2026-02-24T06:00:56.557+0530] {processor.py:840} INFO - DAG(s) 'example_external_task_marker_parent', 'example_external_task_marker_child' retrieved from /Users/aswin/Documents/data-engineering-practice/ETL_Airflow_DBT/airflow/airflow_env/lib/python3.11/site-packages/airflow/example_dags/example_external_task_marker_dag.py
[2026-02-24T06:00:56.590+0530] {logging_mixin.py:188} INFO - [2026-02-24T06:00:56.590+0530] {dag.py:3096} INFO - Sync 2 DAGs
[2026-02-24T06:00:56.593+0530] {logging_mixin.py:188} INFO - [2026-02-24T06:00:56.593+0530] {dag.py:3954} INFO - Setting next_dagrun for example_external_task_marker_child to None, run_after=None
[2026-02-24T06:00:56.594+0530] {logging_mixin.py:188} INFO - [2026-02-24T06:00:56.594+0530] {dag.py:3954} INFO - Setting next_dagrun for example_external_task_marker_parent to None, run_after=None
[2026-02-24T06:00:56.599+0530] {processor.py:183} INFO - Processing /Users/aswin/Documents/data-engineering-practice/ETL_Airflow_DBT/airflow/airflow_env/lib/python3.11/site-packages/airflow/example_dags/example_external_task_marker_dag.py took 0.048 seconds
[2026-02-24T06:02:28.772+0530] {processor.py:161} INFO - Started process (PID=49082) to work on /Users/aswin/Documents/data-engineering-practice/ETL_Airflow_DBT/airflow/airflow_env/lib/python3.11/site-packages/airflow/example_dags/example_external_task_marker_dag.py
[2026-02-24T06:02:28.773+0530] {processor.py:830} INFO - Processing file /Users/aswin/Documents/data-engineering-practice/ETL_Airflow_DBT/airflow/airflow_env/lib/python3.11/site-packages/airflow/example_dags/example_external_task_marker_dag.py for tasks to queue
[2026-02-24T06:02:28.773+0530] {logging_mixin.py:188} INFO - [2026-02-24T06:02:28.773+0530] {dagbag.py:540} INFO - Filling up the DagBag from /Users/aswin/Documents/data-engineering-practice/ETL_Airflow_DBT/airflow/airflow_env/lib/python3.11/site-packages/airflow/example_dags/example_external_task_marker_dag.py
[2026-02-24T06:02:28.777+0530] {processor.py:840} INFO - DAG(s) 'example_external_task_marker_parent', 'example_external_task_marker_child' retrieved from /Users/aswin/Documents/data-engineering-practice/ETL_Airflow_DBT/airflow/airflow_env/lib/python3.11/site-packages/airflow/example_dags/example_external_task_marker_dag.py
[2026-02-24T06:02:28.810+0530] {logging_mixin.py:188} INFO - [2026-02-24T06:02:28.810+0530] {dag.py:3096} INFO - Sync 2 DAGs
[2026-02-24T06:02:28.813+0530] {logging_mixin.py:188} INFO - [2026-02-24T06:02:28.813+0530] {dag.py:3954} INFO - Setting next_dagrun for example_external_task_marker_child to None, run_after=None
[2026-02-24T06:02:28.814+0530] {logging_mixin.py:188} INFO - [2026-02-24T06:02:28.814+0530] {dag.py:3954} INFO - Setting next_dagrun for example_external_task_marker_parent to None, run_after=None
[2026-02-24T06:02:28.819+0530] {processor.py:183} INFO - Processing /Users/aswin/Documents/data-engineering-practice/ETL_Airflow_DBT/airflow/airflow_env/lib/python3.11/site-packages/airflow/example_dags/example_external_task_marker_dag.py took 0.048 seconds
[2026-02-24T06:03:59.973+0530] {processor.py:161} INFO - Started process (PID=49229) to work on /Users/aswin/Documents/data-engineering-practice/ETL_Airflow_DBT/airflow/airflow_env/lib/python3.11/site-packages/airflow/example_dags/example_external_task_marker_dag.py
[2026-02-24T06:03:59.973+0530] {processor.py:830} INFO - Processing file /Users/aswin/Documents/data-engineering-practice/ETL_Airflow_DBT/airflow/airflow_env/lib/python3.11/site-packages/airflow/example_dags/example_external_task_marker_dag.py for tasks to queue
[2026-02-24T06:03:59.974+0530] {logging_mixin.py:188} INFO - [2026-02-24T06:03:59.974+0530] {dagbag.py:540} INFO - Filling up the DagBag from /Users/aswin/Documents/data-engineering-practice/ETL_Airflow_DBT/airflow/airflow_env/lib/python3.11/site-packages/airflow/example_dags/example_external_task_marker_dag.py
[2026-02-24T06:03:59.978+0530] {processor.py:840} INFO - DAG(s) 'example_external_task_marker_parent', 'example_external_task_marker_child' retrieved from /Users/aswin/Documents/data-engineering-practice/ETL_Airflow_DBT/airflow/airflow_env/lib/python3.11/site-packages/airflow/example_dags/example_external_task_marker_dag.py
[2026-02-24T06:04:00.010+0530] {logging_mixin.py:188} INFO - [2026-02-24T06:04:00.010+0530] {dag.py:3096} INFO - Sync 2 DAGs
[2026-02-24T06:04:00.013+0530] {logging_mixin.py:188} INFO - [2026-02-24T06:04:00.013+0530] {dag.py:3954} INFO - Setting next_dagrun for example_external_task_marker_child to None, run_after=None
[2026-02-24T06:04:00.014+0530] {logging_mixin.py:188} INFO - [2026-02-24T06:04:00.014+0530] {dag.py:3954} INFO - Setting next_dagrun for example_external_task_marker_parent to None, run_after=None
[2026-02-24T06:04:00.019+0530] {processor.py:183} INFO - Processing /Users/aswin/Documents/data-engineering-practice/ETL_Airflow_DBT/airflow/airflow_env/lib/python3.11/site-packages/airflow/example_dags/example_external_task_marker_dag.py took 0.047 seconds
[2026-02-24T06:05:39.009+0530] {processor.py:161} INFO - Started process (PID=49381) to work on /Users/aswin/Documents/data-engineering-practice/ETL_Airflow_DBT/airflow/airflow_env/lib/python3.11/site-packages/airflow/example_dags/example_external_task_marker_dag.py
[2026-02-24T06:05:39.010+0530] {processor.py:830} INFO - Processing file /Users/aswin/Documents/data-engineering-practice/ETL_Airflow_DBT/airflow/airflow_env/lib/python3.11/site-packages/airflow/example_dags/example_external_task_marker_dag.py for tasks to queue
[2026-02-24T06:05:39.010+0530] {logging_mixin.py:188} INFO - [2026-02-24T06:05:39.010+0530] {dagbag.py:540} INFO - Filling up the DagBag from /Users/aswin/Documents/data-engineering-practice/ETL_Airflow_DBT/airflow/airflow_env/lib/python3.11/site-packages/airflow/example_dags/example_external_task_marker_dag.py
[2026-02-24T06:05:39.015+0530] {processor.py:840} INFO - DAG(s) 'example_external_task_marker_parent', 'example_external_task_marker_child' retrieved from /Users/aswin/Documents/data-engineering-practice/ETL_Airflow_DBT/airflow/airflow_env/lib/python3.11/site-packages/airflow/example_dags/example_external_task_marker_dag.py
[2026-02-24T06:05:39.049+0530] {logging_mixin.py:188} INFO - [2026-02-24T06:05:39.049+0530] {dag.py:3096} INFO - Sync 2 DAGs
[2026-02-24T06:05:39.052+0530] {logging_mixin.py:188} INFO - [2026-02-24T06:05:39.052+0530] {dag.py:3954} INFO - Setting next_dagrun for example_external_task_marker_child to None, run_after=None
[2026-02-24T06:05:39.053+0530] {logging_mixin.py:188} INFO - [2026-02-24T06:05:39.052+0530] {dag.py:3954} INFO - Setting next_dagrun for example_external_task_marker_parent to None, run_after=None
[2026-02-24T06:05:39.058+0530] {processor.py:183} INFO - Processing /Users/aswin/Documents/data-engineering-practice/ETL_Airflow_DBT/airflow/airflow_env/lib/python3.11/site-packages/airflow/example_dags/example_external_task_marker_dag.py took 0.050 seconds
[2026-02-24T06:07:20.457+0530] {processor.py:161} INFO - Started process (PID=49466) to work on /Users/aswin/Documents/data-engineering-practice/ETL_Airflow_DBT/airflow/airflow_env/lib/python3.11/site-packages/airflow/example_dags/example_external_task_marker_dag.py
[2026-02-24T06:07:20.459+0530] {processor.py:830} INFO - Processing file /Users/aswin/Documents/data-engineering-practice/ETL_Airflow_DBT/airflow/airflow_env/lib/python3.11/site-packages/airflow/example_dags/example_external_task_marker_dag.py for tasks to queue
[2026-02-24T06:07:20.459+0530] {logging_mixin.py:188} INFO - [2026-02-24T06:07:20.459+0530] {dagbag.py:540} INFO - Filling up the DagBag from /Users/aswin/Documents/data-engineering-practice/ETL_Airflow_DBT/airflow/airflow_env/lib/python3.11/site-packages/airflow/example_dags/example_external_task_marker_dag.py
[2026-02-24T06:07:20.463+0530] {processor.py:840} INFO - DAG(s) 'example_external_task_marker_parent', 'example_external_task_marker_child' retrieved from /Users/aswin/Documents/data-engineering-practice/ETL_Airflow_DBT/airflow/airflow_env/lib/python3.11/site-packages/airflow/example_dags/example_external_task_marker_dag.py
[2026-02-24T06:07:20.497+0530] {logging_mixin.py:188} INFO - [2026-02-24T06:07:20.497+0530] {dag.py:3096} INFO - Sync 2 DAGs
[2026-02-24T06:07:20.500+0530] {logging_mixin.py:188} INFO - [2026-02-24T06:07:20.500+0530] {dag.py:3954} INFO - Setting next_dagrun for example_external_task_marker_child to None, run_after=None
[2026-02-24T06:07:20.501+0530] {logging_mixin.py:188} INFO - [2026-02-24T06:07:20.501+0530] {dag.py:3954} INFO - Setting next_dagrun for example_external_task_marker_parent to None, run_after=None
[2026-02-24T06:07:20.506+0530] {processor.py:183} INFO - Processing /Users/aswin/Documents/data-engineering-practice/ETL_Airflow_DBT/airflow/airflow_env/lib/python3.11/site-packages/airflow/example_dags/example_external_task_marker_dag.py took 0.049 seconds
[2026-02-24T06:08:55.159+0530] {processor.py:161} INFO - Started process (PID=49545) to work on /Users/aswin/Documents/data-engineering-practice/ETL_Airflow_DBT/airflow/airflow_env/lib/python3.11/site-packages/airflow/example_dags/example_external_task_marker_dag.py
[2026-02-24T06:08:55.160+0530] {processor.py:830} INFO - Processing file /Users/aswin/Documents/data-engineering-practice/ETL_Airflow_DBT/airflow/airflow_env/lib/python3.11/site-packages/airflow/example_dags/example_external_task_marker_dag.py for tasks to queue
[2026-02-24T06:08:55.161+0530] {logging_mixin.py:188} INFO - [2026-02-24T06:08:55.160+0530] {dagbag.py:540} INFO - Filling up the DagBag from /Users/aswin/Documents/data-engineering-practice/ETL_Airflow_DBT/airflow/airflow_env/lib/python3.11/site-packages/airflow/example_dags/example_external_task_marker_dag.py
[2026-02-24T06:08:55.165+0530] {processor.py:840} INFO - DAG(s) 'example_external_task_marker_child', 'example_external_task_marker_parent' retrieved from /Users/aswin/Documents/data-engineering-practice/ETL_Airflow_DBT/airflow/airflow_env/lib/python3.11/site-packages/airflow/example_dags/example_external_task_marker_dag.py
[2026-02-24T06:08:55.197+0530] {logging_mixin.py:188} INFO - [2026-02-24T06:08:55.197+0530] {dag.py:3096} INFO - Sync 2 DAGs
[2026-02-24T06:08:55.200+0530] {logging_mixin.py:188} INFO - [2026-02-24T06:08:55.200+0530] {dag.py:3954} INFO - Setting next_dagrun for example_external_task_marker_child to None, run_after=None
[2026-02-24T06:08:55.201+0530] {logging_mixin.py:188} INFO - [2026-02-24T06:08:55.201+0530] {dag.py:3954} INFO - Setting next_dagrun for example_external_task_marker_parent to None, run_after=None
[2026-02-24T06:08:55.206+0530] {processor.py:183} INFO - Processing /Users/aswin/Documents/data-engineering-practice/ETL_Airflow_DBT/airflow/airflow_env/lib/python3.11/site-packages/airflow/example_dags/example_external_task_marker_dag.py took 0.048 seconds
[2026-02-24T06:10:22.357+0530] {processor.py:161} INFO - Started process (PID=49615) to work on /Users/aswin/Documents/data-engineering-practice/ETL_Airflow_DBT/airflow/airflow_env/lib/python3.11/site-packages/airflow/example_dags/example_external_task_marker_dag.py
[2026-02-24T06:10:22.358+0530] {processor.py:830} INFO - Processing file /Users/aswin/Documents/data-engineering-practice/ETL_Airflow_DBT/airflow/airflow_env/lib/python3.11/site-packages/airflow/example_dags/example_external_task_marker_dag.py for tasks to queue
[2026-02-24T06:10:22.359+0530] {logging_mixin.py:188} INFO - [2026-02-24T06:10:22.358+0530] {dagbag.py:540} INFO - Filling up the DagBag from /Users/aswin/Documents/data-engineering-practice/ETL_Airflow_DBT/airflow/airflow_env/lib/python3.11/site-packages/airflow/example_dags/example_external_task_marker_dag.py
[2026-02-24T06:10:22.363+0530] {processor.py:840} INFO - DAG(s) 'example_external_task_marker_child', 'example_external_task_marker_parent' retrieved from /Users/aswin/Documents/data-engineering-practice/ETL_Airflow_DBT/airflow/airflow_env/lib/python3.11/site-packages/airflow/example_dags/example_external_task_marker_dag.py
[2026-02-24T06:10:22.395+0530] {logging_mixin.py:188} INFO - [2026-02-24T06:10:22.395+0530] {dag.py:3096} INFO - Sync 2 DAGs
[2026-02-24T06:10:22.398+0530] {logging_mixin.py:188} INFO - [2026-02-24T06:10:22.398+0530] {dag.py:3954} INFO - Setting next_dagrun for example_external_task_marker_child to None, run_after=None
[2026-02-24T06:10:22.399+0530] {logging_mixin.py:188} INFO - [2026-02-24T06:10:22.399+0530] {dag.py:3954} INFO - Setting next_dagrun for example_external_task_marker_parent to None, run_after=None
[2026-02-24T06:10:22.404+0530] {processor.py:183} INFO - Processing /Users/aswin/Documents/data-engineering-practice/ETL_Airflow_DBT/airflow/airflow_env/lib/python3.11/site-packages/airflow/example_dags/example_external_task_marker_dag.py took 0.048 seconds
[2026-02-24T06:11:47.727+0530] {processor.py:161} INFO - Started process (PID=49707) to work on /Users/aswin/Documents/data-engineering-practice/ETL_Airflow_DBT/airflow/airflow_env/lib/python3.11/site-packages/airflow/example_dags/example_external_task_marker_dag.py
[2026-02-24T06:11:47.727+0530] {processor.py:830} INFO - Processing file /Users/aswin/Documents/data-engineering-practice/ETL_Airflow_DBT/airflow/airflow_env/lib/python3.11/site-packages/airflow/example_dags/example_external_task_marker_dag.py for tasks to queue
[2026-02-24T06:11:47.727+0530] {logging_mixin.py:188} INFO - [2026-02-24T06:11:47.727+0530] {dagbag.py:540} INFO - Filling up the DagBag from /Users/aswin/Documents/data-engineering-practice/ETL_Airflow_DBT/airflow/airflow_env/lib/python3.11/site-packages/airflow/example_dags/example_external_task_marker_dag.py
[2026-02-24T06:11:47.732+0530] {processor.py:840} INFO - DAG(s) 'example_external_task_marker_child', 'example_external_task_marker_parent' retrieved from /Users/aswin/Documents/data-engineering-practice/ETL_Airflow_DBT/airflow/airflow_env/lib/python3.11/site-packages/airflow/example_dags/example_external_task_marker_dag.py
[2026-02-24T06:11:47.765+0530] {logging_mixin.py:188} INFO - [2026-02-24T06:11:47.765+0530] {dag.py:3096} INFO - Sync 2 DAGs
[2026-02-24T06:11:47.768+0530] {logging_mixin.py:188} INFO - [2026-02-24T06:11:47.768+0530] {dag.py:3954} INFO - Setting next_dagrun for example_external_task_marker_child to None, run_after=None
[2026-02-24T06:11:47.769+0530] {logging_mixin.py:188} INFO - [2026-02-24T06:11:47.769+0530] {dag.py:3954} INFO - Setting next_dagrun for example_external_task_marker_parent to None, run_after=None
[2026-02-24T06:11:47.774+0530] {processor.py:183} INFO - Processing /Users/aswin/Documents/data-engineering-practice/ETL_Airflow_DBT/airflow/airflow_env/lib/python3.11/site-packages/airflow/example_dags/example_external_task_marker_dag.py took 0.048 seconds
[2026-02-24T06:13:26.669+0530] {processor.py:161} INFO - Started process (PID=49781) to work on /Users/aswin/Documents/data-engineering-practice/ETL_Airflow_DBT/airflow/airflow_env/lib/python3.11/site-packages/airflow/example_dags/example_external_task_marker_dag.py
[2026-02-24T06:13:26.670+0530] {processor.py:830} INFO - Processing file /Users/aswin/Documents/data-engineering-practice/ETL_Airflow_DBT/airflow/airflow_env/lib/python3.11/site-packages/airflow/example_dags/example_external_task_marker_dag.py for tasks to queue
[2026-02-24T06:13:26.670+0530] {logging_mixin.py:188} INFO - [2026-02-24T06:13:26.670+0530] {dagbag.py:540} INFO - Filling up the DagBag from /Users/aswin/Documents/data-engineering-practice/ETL_Airflow_DBT/airflow/airflow_env/lib/python3.11/site-packages/airflow/example_dags/example_external_task_marker_dag.py
[2026-02-24T06:13:26.675+0530] {processor.py:840} INFO - DAG(s) 'example_external_task_marker_parent', 'example_external_task_marker_child' retrieved from /Users/aswin/Documents/data-engineering-practice/ETL_Airflow_DBT/airflow/airflow_env/lib/python3.11/site-packages/airflow/example_dags/example_external_task_marker_dag.py
[2026-02-24T06:13:26.709+0530] {logging_mixin.py:188} INFO - [2026-02-24T06:13:26.709+0530] {dag.py:3096} INFO - Sync 2 DAGs
[2026-02-24T06:13:26.712+0530] {logging_mixin.py:188} INFO - [2026-02-24T06:13:26.712+0530] {dag.py:3954} INFO - Setting next_dagrun for example_external_task_marker_child to None, run_after=None
[2026-02-24T06:13:26.713+0530] {logging_mixin.py:188} INFO - [2026-02-24T06:13:26.713+0530] {dag.py:3954} INFO - Setting next_dagrun for example_external_task_marker_parent to None, run_after=None
[2026-02-24T06:13:26.719+0530] {processor.py:183} INFO - Processing /Users/aswin/Documents/data-engineering-practice/ETL_Airflow_DBT/airflow/airflow_env/lib/python3.11/site-packages/airflow/example_dags/example_external_task_marker_dag.py took 0.051 seconds
[2026-02-24T06:15:02.791+0530] {processor.py:161} INFO - Started process (PID=49854) to work on /Users/aswin/Documents/data-engineering-practice/ETL_Airflow_DBT/airflow/airflow_env/lib/python3.11/site-packages/airflow/example_dags/example_external_task_marker_dag.py
[2026-02-24T06:15:02.791+0530] {processor.py:830} INFO - Processing file /Users/aswin/Documents/data-engineering-practice/ETL_Airflow_DBT/airflow/airflow_env/lib/python3.11/site-packages/airflow/example_dags/example_external_task_marker_dag.py for tasks to queue
[2026-02-24T06:15:02.792+0530] {logging_mixin.py:188} INFO - [2026-02-24T06:15:02.792+0530] {dagbag.py:540} INFO - Filling up the DagBag from /Users/aswin/Documents/data-engineering-practice/ETL_Airflow_DBT/airflow/airflow_env/lib/python3.11/site-packages/airflow/example_dags/example_external_task_marker_dag.py
[2026-02-24T06:15:02.796+0530] {processor.py:840} INFO - DAG(s) 'example_external_task_marker_parent', 'example_external_task_marker_child' retrieved from /Users/aswin/Documents/data-engineering-practice/ETL_Airflow_DBT/airflow/airflow_env/lib/python3.11/site-packages/airflow/example_dags/example_external_task_marker_dag.py
[2026-02-24T06:15:02.829+0530] {logging_mixin.py:188} INFO - [2026-02-24T06:15:02.829+0530] {dag.py:3096} INFO - Sync 2 DAGs
[2026-02-24T06:15:02.832+0530] {logging_mixin.py:188} INFO - [2026-02-24T06:15:02.832+0530] {dag.py:3954} INFO - Setting next_dagrun for example_external_task_marker_child to None, run_after=None
[2026-02-24T06:15:02.833+0530] {logging_mixin.py:188} INFO - [2026-02-24T06:15:02.833+0530] {dag.py:3954} INFO - Setting next_dagrun for example_external_task_marker_parent to None, run_after=None
[2026-02-24T06:15:02.839+0530] {processor.py:183} INFO - Processing /Users/aswin/Documents/data-engineering-practice/ETL_Airflow_DBT/airflow/airflow_env/lib/python3.11/site-packages/airflow/example_dags/example_external_task_marker_dag.py took 0.049 seconds
[2026-02-24T06:16:37.133+0530] {processor.py:161} INFO - Started process (PID=49958) to work on /Users/aswin/Documents/data-engineering-practice/ETL_Airflow_DBT/airflow/airflow_env/lib/python3.11/site-packages/airflow/example_dags/example_external_task_marker_dag.py
[2026-02-24T06:16:37.134+0530] {processor.py:830} INFO - Processing file /Users/aswin/Documents/data-engineering-practice/ETL_Airflow_DBT/airflow/airflow_env/lib/python3.11/site-packages/airflow/example_dags/example_external_task_marker_dag.py for tasks to queue
[2026-02-24T06:16:37.134+0530] {logging_mixin.py:188} INFO - [2026-02-24T06:16:37.134+0530] {dagbag.py:540} INFO - Filling up the DagBag from /Users/aswin/Documents/data-engineering-practice/ETL_Airflow_DBT/airflow/airflow_env/lib/python3.11/site-packages/airflow/example_dags/example_external_task_marker_dag.py
[2026-02-24T06:16:37.139+0530] {processor.py:840} INFO - DAG(s) 'example_external_task_marker_child', 'example_external_task_marker_parent' retrieved from /Users/aswin/Documents/data-engineering-practice/ETL_Airflow_DBT/airflow/airflow_env/lib/python3.11/site-packages/airflow/example_dags/example_external_task_marker_dag.py
[2026-02-24T06:16:37.171+0530] {logging_mixin.py:188} INFO - [2026-02-24T06:16:37.171+0530] {dag.py:3096} INFO - Sync 2 DAGs
[2026-02-24T06:16:37.174+0530] {logging_mixin.py:188} INFO - [2026-02-24T06:16:37.174+0530] {dag.py:3954} INFO - Setting next_dagrun for example_external_task_marker_child to None, run_after=None
[2026-02-24T06:16:37.175+0530] {logging_mixin.py:188} INFO - [2026-02-24T06:16:37.175+0530] {dag.py:3954} INFO - Setting next_dagrun for example_external_task_marker_parent to None, run_after=None
[2026-02-24T06:16:37.180+0530] {processor.py:183} INFO - Processing /Users/aswin/Documents/data-engineering-practice/ETL_Airflow_DBT/airflow/airflow_env/lib/python3.11/site-packages/airflow/example_dags/example_external_task_marker_dag.py took 0.048 seconds
